2026-02-02 17:02:19,169 INFO bench.orchestrators.dataset dataset.py:36: Dataset start: id=iris download=True cache_dir=None
2026-02-02 17:02:19,169 DEBUG bench.orchestrators.dataset dataset.py:42: Dataset options: []
2026-02-02 17:02:19,172 DEBUG modssc.data_loader.providers __init__.py:38: Creating provider: openml
2026-02-02 17:02:19,172 DEBUG modssc.data_loader.api api.py:316: Resolved dataset id=iris provider=openml canonical_uri=openml:61
2026-02-02 17:02:19,172 INFO modssc.data_loader.api api.py:117: Dataset load: id=iris provider=openml version=None fingerprint=ba055ddc9f9ca1b72ab8a14217263923c7ce2466a9ada1892118d69873fd8572 download=True force=False cache_dir=/nfs/home/mbarbaux/ModSSC/cache/datasets
2026-02-02 17:02:19,172 DEBUG modssc.data_loader.api api.py:127: Dataset resolved_kwargs: {'data_id': 61, 'name': None, 'version': None, 'as_frame': False, 'target_column': None, 'class_filter': None, 'max_samples': None, 'seed': None}
2026-02-02 17:02:19,174 DEBUG modssc.data_loader.api api.py:403: Loaded cached dataset: fingerprint=ba055ddc9f9ca1b72ab8a14217263923c7ce2466a9ada1892118d69873fd8572
2026-02-02 17:02:19,178 INFO modssc.data_loader.api api.py:133: Dataset cached: id=iris train=150 test=None n_classes=3 duration_s=0.009
2026-02-02 17:02:19,178 INFO bench.orchestrators.dataset dataset.py:54: Dataset loaded: train=150 test=None graph=False fingerprint=ba055ddc9f9ca1b72ab8a14217263923c7ce2466a9ada1892118d69873fd8572 provider=openml
2026-02-02 17:02:19,178 INFO bench.orchestrators.dataset dataset.py:62: Dataset stage done: duration_s=0.009
2026-02-02 17:02:19,200 INFO bench.orchestrators.sampling sampling.py:86: Sampling start: seed=1 dataset_id=iris
2026-02-02 17:02:19,200 DEBUG bench.orchestrators.sampling sampling.py:87: Sampling plan: split={'kind': 'holdout', 'test_fraction': 0.2, 'val_fraction': 0.1, 'stratify': True, 'shuffle': True} labeling={'mode': 'fraction', 'value': 0.2, 'per_class': False, 'min_per_class': 1, 'strategy': 'balanced', 'fixed_indices': None} imbalance={'kind': 'none', 'apply_to': 'train', 'max_per_class': None, 'alpha': None, 'min_per_class': 1} policy={'respect_official_test': True, 'use_official_graph_masks': True, 'allow_override_official': False}
2026-02-02 17:02:19,200 DEBUG bench.orchestrators.sampling sampling.py:98: Sampling dataset_fingerprint=ba055ddc9f9ca1b72ab8a14217263923c7ce2466a9ada1892118d69873fd8572
2026-02-02 17:02:19,201 INFO modssc.sampling.api api.py:99: Sampling start: dataset_id=iris dataset_fingerprint=ba055ddc9f9ca1b72ab8a14217263923c7ce2466a9ada1892118d69873fd8572 seed=1 graph=False split=holdout
2026-02-02 17:02:19,201 DEBUG modssc.sampling.api api.py:107: Sampling plan: {'split': {'kind': 'holdout', 'test_fraction': 0.2, 'val_fraction': 0.1, 'stratify': True, 'shuffle': True}, 'labeling': {'mode': 'fraction', 'value': 0.2, 'per_class': False, 'min_per_class': 1, 'strategy': 'balanced', 'fixed_indices': None}, 'imbalance': {'kind': 'none', 'apply_to': 'train', 'max_per_class': None, 'alpha': None, 'min_per_class': 1}, 'policy': {'respect_official_test': True, 'use_official_graph_masks': True, 'allow_override_official': False}}
2026-02-02 17:02:19,208 INFO modssc.sampling.api api.py:141: Sampling done: train=108 val=12 test=30 labeled=22 unlabeled=86 duration_s=0.007
2026-02-02 17:02:19,208 DEBUG modssc.sampling.api api.py:150: Sampling stats: {'policy': {'respect_official_test': True, 'has_official_test': False, 'test_ref': 'train'}, 'train': {'n': 108, 'classes': {'Iris-setosa': 36, 'Iris-versicolor': 36, 'Iris-virginica': 36}}, 'val': {'n': 12, 'classes': {'Iris-setosa': 4, 'Iris-versicolor': 4, 'Iris-virginica': 4}}, 'train_labeled': {'n': 22, 'classes': {'Iris-setosa': 8, 'Iris-versicolor': 7, 'Iris-virginica': 7}}, 'train_unlabeled': {'n': 86}, 'test': {'n': 30, 'classes': {'Iris-setosa': 10, 'Iris-versicolor': 10, 'Iris-virginica': 10}}}
2026-02-02 17:02:19,208 INFO bench.orchestrators.sampling sampling.py:123: Sampling result: train=108 val=12 test=30 labeled=22 unlabeled=86 graph=False
2026-02-02 17:02:19,208 DEBUG bench.orchestrators.sampling sampling.py:132: Sampling stats: {'policy': {'respect_official_test': True, 'has_official_test': False, 'test_ref': 'train'}, 'train': {'n': 108, 'classes': {'Iris-setosa': 36, 'Iris-versicolor': 36, 'Iris-virginica': 36}}, 'val': {'n': 12, 'classes': {'Iris-setosa': 4, 'Iris-versicolor': 4, 'Iris-virginica': 4}}, 'train_labeled': {'n': 22, 'classes': {'Iris-setosa': 8, 'Iris-versicolor': 7, 'Iris-virginica': 7}}, 'train_unlabeled': {'n': 86}, 'test': {'n': 30, 'classes': {'Iris-setosa': 10, 'Iris-versicolor': 10, 'Iris-virginica': 10}}}
2026-02-02 17:02:19,208 INFO bench.orchestrators.sampling sampling.py:133: Sampling stage done: duration_s=0.008
2026-02-02 17:02:19,208 INFO bench.orchestrators.preprocess preprocess.py:105: Preprocess start: seed=1 cache=True n_steps=4 fit_indices=22
2026-02-02 17:02:19,208 DEBUG bench.orchestrators.preprocess preprocess.py:112: Preprocess plan: output_key=features.X steps=['labels.encode', 'core.ensure_2d', 'core.pca', 'core.to_numpy']
2026-02-02 17:02:19,208 INFO modssc.preprocess.api api.py:490: Preprocess start: dataset_fp=ba055ddc9f9ca1b72ab8a14217263923c7ce2466a9ada1892118d69873fd8572 steps=['labels.encode', 'core.ensure_2d', 'core.pca', 'core.to_numpy'] output_key=features.X seed=1 cache=True
2026-02-02 17:02:19,208 DEBUG modssc.preprocess.api api.py:498: Preprocess input shapes: train_X=(150, 4) train_y=(150,) test_X=None test_y=None
2026-02-02 17:02:19,208 INFO modssc.preprocess.api api.py:505: Preprocess input size: train_data=5.9 KB test_data=n/a
2026-02-02 17:02:19,208 DEBUG modssc.preprocess.api api.py:521: Preprocess step start: id=labels.encode index=0 kind=transform params={}
2026-02-02 17:02:19,214 DEBUG modssc.preprocess.api api.py:605: Preprocess step train outputs: id=labels.encode keys=['labels.classes', 'labels.y'] duration_s=0.005
2026-02-02 17:02:19,214 INFO modssc.preprocess.api api.py:679: Preprocess step done: id=labels.encode index=0 duration_s=0.005 train_data=5.9 KB test_data=n/a
2026-02-02 17:02:19,214 DEBUG modssc.preprocess.api api.py:521: Preprocess step start: id=core.ensure_2d index=1 kind=transform params={}
2026-02-02 17:02:19,215 DEBUG modssc.preprocess.api api.py:605: Preprocess step train outputs: id=core.ensure_2d keys=['features.X'] duration_s=0.002
2026-02-02 17:02:19,215 INFO modssc.preprocess.api api.py:679: Preprocess step done: id=core.ensure_2d index=1 duration_s=0.002 train_data=5.9 KB test_data=n/a
2026-02-02 17:02:19,215 DEBUG modssc.preprocess.api api.py:521: Preprocess step start: id=core.pca index=2 kind=fittable params={'n_components': 30}
2026-02-02 17:02:19,217 DEBUG modssc.preprocess.api api.py:605: Preprocess step train outputs: id=core.pca keys=['features.X'] duration_s=0.002
2026-02-02 17:02:19,217 INFO modssc.preprocess.api api.py:679: Preprocess step done: id=core.pca index=2 duration_s=0.002 train_data=3.5 KB test_data=n/a
2026-02-02 17:02:19,217 DEBUG modssc.preprocess.api api.py:521: Preprocess step start: id=core.to_numpy index=3 kind=transform params={}
2026-02-02 17:02:19,218 DEBUG modssc.preprocess.api api.py:605: Preprocess step train outputs: id=core.to_numpy keys=['features.X'] duration_s=0.001
2026-02-02 17:02:19,218 INFO modssc.preprocess.api api.py:679: Preprocess step done: id=core.to_numpy index=3 duration_s=0.001 train_data=3.5 KB test_data=n/a
2026-02-02 17:02:19,218 INFO modssc.preprocess.api api.py:730: Preprocess done: dataset_fp=ba055ddc9f9ca1b72ab8a14217263923c7ce2466a9ada1892118d69873fd8572 duration_s=0.010 train_X=(150, 4) test_X=None
2026-02-02 17:02:19,218 INFO bench.orchestrators.preprocess preprocess.py:124: Preprocess result: fingerprint=preprocess:b6b1c4c39e1e6824211dff3e25a871abb8d6e7745886b9d24299e0c03848f43c plan_fingerprint=resolved_plan:482a0984f51742ea5d9dbcc35f660359eaee028ed4420e88d582a288bf1fe3f8 cache_dir=/nfs/home/mbarbaux/ModSSC/cache/preprocess/ba055ddc9f9ca1b72ab8a14217263923c7ce2466a9ada1892118d69873fd8572 skipped=[]
2026-02-02 17:02:19,218 DEBUG bench.orchestrators.preprocess preprocess.py:131: Preprocess output shapes: train_X=(150, 4) test_X=None
2026-02-02 17:02:19,218 INFO bench.orchestrators.preprocess preprocess.py:136: Preprocess stage done: duration_s=0.011
2026-02-02 17:02:19,219 INFO bench.orchestrators.graph graph.py:67: Graph start: include_test=False cache=True
2026-02-02 17:02:19,219 DEBUG bench.orchestrators.graph graph.py:72: Graph spec: scheme=knn metric=cosine k=15 radius=None backend=numpy feature_field=features.X seed=1
2026-02-02 17:02:19,219 DEBUG bench.orchestrators.graph graph.py:89: Graph features: shape=(150, 4)
2026-02-02 17:02:19,219 INFO modssc.graph.construction.api api.py:111: Graph cached: fingerprint=a124c2d4d4c0101985327d644ac010bd75f20387d283614db531cab021ab605d n_nodes=150 n_edges=1820 duration_s=0.001
2026-02-02 17:02:19,219 INFO bench.orchestrators.graph graph.py:100: Graph built: fingerprint=a124c2d4d4c0101985327d644ac010bd75f20387d283614db531cab021ab605d n_nodes=150 n_edges=1820 duration_s=0.001
2026-02-02 17:02:19,219 INFO bench.orchestrators.method_transductive method_transductive.py:139: Transductive method start: id=gat seed=398591604 device=auto resolved_device=cuda use_test=False
2026-02-02 17:02:19,220 DEBUG bench.orchestrators.method_transductive method_transductive.py:147: Transductive method params: {'head_dim': 8, 'heads': 8, 'dropout': 0.6, 'negative_slope': 0.2, 'lr': 0.005, 'weight_decay': 0.0005, 'max_epochs': 200, 'patience': 100, 'add_self_loops': True}
2026-02-02 17:02:19,220 INFO bench.orchestrators.method_transductive method_transductive.py:158: Transductive data: n_nodes=150 n_train=150 n_test=0
2026-02-02 17:02:19,220 INFO bench.orchestrators.method_transductive method_transductive.py:177: Transductive masks: labeled_count=22 train_count=108
2026-02-02 17:02:19,220 INFO modssc.transductive.methods.gnn.gat gat.py:202: Starting gat.fit
2026-02-02 17:02:19,220 DEBUG modssc.transductive.methods.gnn.gat gat.py:203: spec=GATSpec(head_dim=8, heads=8, dropout=0.6, negative_slope=0.2, lr=0.005, weight_decay=0.0005, max_epochs=200, patience=100, add_self_loops=True) device=cuda seed=398591604
2026-02-02 17:02:19,387 INFO modssc.transductive.methods.gnn.gat gat.py:216: GAT sizes: n_nodes=150 n_classes=3 train=22 val=12
2026-02-02 17:02:20,342 DEBUG modssc.transductive.methods.gnn.common common.py:373: train_fullbatch epoch=0 val_loss=1.0770 best updated
2026-02-02 17:02:20,347 DEBUG modssc.transductive.methods.gnn.common common.py:373: train_fullbatch epoch=1 val_loss=0.9783 best updated
2026-02-02 17:02:20,350 DEBUG modssc.transductive.methods.gnn.common common.py:373: train_fullbatch epoch=2 val_loss=0.8952 best updated
2026-02-02 17:02:20,353 DEBUG modssc.transductive.methods.gnn.common common.py:373: train_fullbatch epoch=3 val_loss=0.8326 best updated
2026-02-02 17:02:20,356 DEBUG modssc.transductive.methods.gnn.common common.py:373: train_fullbatch epoch=4 val_loss=0.7912 best updated
2026-02-02 17:02:20,360 DEBUG modssc.transductive.methods.gnn.common common.py:373: train_fullbatch epoch=5 val_loss=0.7636 best updated
2026-02-02 17:02:20,363 DEBUG modssc.transductive.methods.gnn.common common.py:373: train_fullbatch epoch=6 val_loss=0.7407 best updated
2026-02-02 17:02:20,366 DEBUG modssc.transductive.methods.gnn.common common.py:373: train_fullbatch epoch=7 val_loss=0.7185 best updated
2026-02-02 17:02:20,369 DEBUG modssc.transductive.methods.gnn.common common.py:373: train_fullbatch epoch=8 val_loss=0.6949 best updated
2026-02-02 17:02:20,373 DEBUG modssc.transductive.methods.gnn.common common.py:373: train_fullbatch epoch=9 val_loss=0.6754 best updated
2026-02-02 17:02:20,376 DEBUG modssc.transductive.methods.gnn.common common.py:373: train_fullbatch epoch=10 val_loss=0.6597 best updated
2026-02-02 17:02:20,379 DEBUG modssc.transductive.methods.gnn.common common.py:373: train_fullbatch epoch=11 val_loss=0.6423 best updated
2026-02-02 17:02:20,382 DEBUG modssc.transductive.methods.gnn.common common.py:373: train_fullbatch epoch=12 val_loss=0.6275 best updated
2026-02-02 17:02:20,385 DEBUG modssc.transductive.methods.gnn.common common.py:373: train_fullbatch epoch=13 val_loss=0.6187 best updated
2026-02-02 17:02:20,389 DEBUG modssc.transductive.methods.gnn.common common.py:373: train_fullbatch epoch=14 val_loss=0.6166 best updated
2026-02-02 17:02:20,392 DEBUG modssc.transductive.methods.gnn.common common.py:373: train_fullbatch epoch=15 val_loss=0.6101 best updated
2026-02-02 17:02:20,395 DEBUG modssc.transductive.methods.gnn.common common.py:373: train_fullbatch epoch=16 val_loss=0.6013 best updated
2026-02-02 17:02:20,398 DEBUG modssc.transductive.methods.gnn.common common.py:373: train_fullbatch epoch=17 val_loss=0.5917 best updated
2026-02-02 17:02:20,401 DEBUG modssc.transductive.methods.gnn.common common.py:373: train_fullbatch epoch=18 val_loss=0.5826 best updated
2026-02-02 17:02:20,404 DEBUG modssc.transductive.methods.gnn.common common.py:373: train_fullbatch epoch=19 val_loss=0.5734 best updated
2026-02-02 17:02:20,408 DEBUG modssc.transductive.methods.gnn.common common.py:373: train_fullbatch epoch=20 val_loss=0.5653 best updated
2026-02-02 17:02:20,411 DEBUG modssc.transductive.methods.gnn.common common.py:373: train_fullbatch epoch=21 val_loss=0.5608 best updated
2026-02-02 17:02:20,414 DEBUG modssc.transductive.methods.gnn.common common.py:373: train_fullbatch epoch=22 val_loss=0.5581 best updated
2026-02-02 17:02:20,417 DEBUG modssc.transductive.methods.gnn.common common.py:373: train_fullbatch epoch=23 val_loss=0.5546 best updated
2026-02-02 17:02:20,420 DEBUG modssc.transductive.methods.gnn.common common.py:380: train_fullbatch epoch=24 val_loss=0.5572 bad_epochs=1/100
2026-02-02 17:02:20,423 DEBUG modssc.transductive.methods.gnn.common common.py:380: train_fullbatch epoch=25 val_loss=0.5590 bad_epochs=2/100
2026-02-02 17:02:20,426 DEBUG modssc.transductive.methods.gnn.common common.py:380: train_fullbatch epoch=26 val_loss=0.5593 bad_epochs=3/100
2026-02-02 17:02:20,429 DEBUG modssc.transductive.methods.gnn.common common.py:380: train_fullbatch epoch=27 val_loss=0.5633 bad_epochs=4/100
2026-02-02 17:02:20,433 DEBUG modssc.transductive.methods.gnn.common common.py:380: train_fullbatch epoch=28 val_loss=0.5662 bad_epochs=5/100
2026-02-02 17:02:20,436 DEBUG modssc.transductive.methods.gnn.common common.py:380: train_fullbatch epoch=29 val_loss=0.5663 bad_epochs=6/100
2026-02-02 17:02:20,439 DEBUG modssc.transductive.methods.gnn.common common.py:380: train_fullbatch epoch=30 val_loss=0.5648 bad_epochs=7/100
2026-02-02 17:02:20,442 DEBUG modssc.transductive.methods.gnn.common common.py:380: train_fullbatch epoch=31 val_loss=0.5638 bad_epochs=8/100
2026-02-02 17:02:20,445 DEBUG modssc.transductive.methods.gnn.common common.py:380: train_fullbatch epoch=32 val_loss=0.5630 bad_epochs=9/100
2026-02-02 17:02:20,448 DEBUG modssc.transductive.methods.gnn.common common.py:380: train_fullbatch epoch=33 val_loss=0.5602 bad_epochs=10/100
2026-02-02 17:02:20,451 DEBUG modssc.transductive.methods.gnn.common common.py:373: train_fullbatch epoch=34 val_loss=0.5533 best updated
2026-02-02 17:02:20,454 DEBUG modssc.transductive.methods.gnn.common common.py:373: train_fullbatch epoch=35 val_loss=0.5466 best updated
2026-02-02 17:02:20,458 DEBUG modssc.transductive.methods.gnn.common common.py:373: train_fullbatch epoch=36 val_loss=0.5454 best updated
2026-02-02 17:02:20,461 DEBUG modssc.transductive.methods.gnn.common common.py:373: train_fullbatch epoch=37 val_loss=0.5451 best updated
2026-02-02 17:02:20,464 DEBUG modssc.transductive.methods.gnn.common common.py:373: train_fullbatch epoch=38 val_loss=0.5448 best updated
2026-02-02 17:02:20,467 DEBUG modssc.transductive.methods.gnn.common common.py:373: train_fullbatch epoch=39 val_loss=0.5445 best updated
2026-02-02 17:02:20,470 DEBUG modssc.transductive.methods.gnn.common common.py:373: train_fullbatch epoch=40 val_loss=0.5420 best updated
2026-02-02 17:02:20,473 DEBUG modssc.transductive.methods.gnn.common common.py:380: train_fullbatch epoch=41 val_loss=0.5422 bad_epochs=1/100
2026-02-02 17:02:20,476 DEBUG modssc.transductive.methods.gnn.common common.py:373: train_fullbatch epoch=42 val_loss=0.5373 best updated
2026-02-02 17:02:20,480 DEBUG modssc.transductive.methods.gnn.common common.py:373: train_fullbatch epoch=43 val_loss=0.5313 best updated
2026-02-02 17:02:20,483 DEBUG modssc.transductive.methods.gnn.common common.py:373: train_fullbatch epoch=44 val_loss=0.5239 best updated
2026-02-02 17:02:20,486 DEBUG modssc.transductive.methods.gnn.common common.py:373: train_fullbatch epoch=45 val_loss=0.5146 best updated
2026-02-02 17:02:20,489 DEBUG modssc.transductive.methods.gnn.common common.py:373: train_fullbatch epoch=46 val_loss=0.5065 best updated
2026-02-02 17:02:20,492 DEBUG modssc.transductive.methods.gnn.common common.py:373: train_fullbatch epoch=47 val_loss=0.4995 best updated
2026-02-02 17:02:20,496 DEBUG modssc.transductive.methods.gnn.common common.py:373: train_fullbatch epoch=48 val_loss=0.4935 best updated
2026-02-02 17:02:20,499 DEBUG modssc.transductive.methods.gnn.common common.py:373: train_fullbatch epoch=49 val_loss=0.4927 best updated
2026-02-02 17:02:20,502 DEBUG modssc.transductive.methods.gnn.common common.py:380: train_fullbatch epoch=50 val_loss=0.4937 bad_epochs=1/100
2026-02-02 17:02:20,505 DEBUG modssc.transductive.methods.gnn.common common.py:380: train_fullbatch epoch=51 val_loss=0.4947 bad_epochs=2/100
2026-02-02 17:02:20,508 DEBUG modssc.transductive.methods.gnn.common common.py:380: train_fullbatch epoch=52 val_loss=0.4947 bad_epochs=3/100
2026-02-02 17:02:20,511 DEBUG modssc.transductive.methods.gnn.common common.py:380: train_fullbatch epoch=53 val_loss=0.4961 bad_epochs=4/100
2026-02-02 17:02:20,514 DEBUG modssc.transductive.methods.gnn.common common.py:380: train_fullbatch epoch=54 val_loss=0.4974 bad_epochs=5/100
2026-02-02 17:02:20,517 DEBUG modssc.transductive.methods.gnn.common common.py:380: train_fullbatch epoch=55 val_loss=0.4996 bad_epochs=6/100
2026-02-02 17:02:20,520 DEBUG modssc.transductive.methods.gnn.common common.py:380: train_fullbatch epoch=56 val_loss=0.5008 bad_epochs=7/100
2026-02-02 17:02:20,523 DEBUG modssc.transductive.methods.gnn.common common.py:380: train_fullbatch epoch=57 val_loss=0.5005 bad_epochs=8/100
2026-02-02 17:02:20,526 DEBUG modssc.transductive.methods.gnn.common common.py:380: train_fullbatch epoch=58 val_loss=0.5006 bad_epochs=9/100
2026-02-02 17:02:20,530 DEBUG modssc.transductive.methods.gnn.common common.py:380: train_fullbatch epoch=59 val_loss=0.4976 bad_epochs=10/100
2026-02-02 17:02:20,533 DEBUG modssc.transductive.methods.gnn.common common.py:380: train_fullbatch epoch=60 val_loss=0.4982 bad_epochs=11/100
2026-02-02 17:02:20,536 DEBUG modssc.transductive.methods.gnn.common common.py:380: train_fullbatch epoch=61 val_loss=0.5024 bad_epochs=12/100
2026-02-02 17:02:20,539 DEBUG modssc.transductive.methods.gnn.common common.py:380: train_fullbatch epoch=62 val_loss=0.5046 bad_epochs=13/100
2026-02-02 17:02:20,542 DEBUG modssc.transductive.methods.gnn.common common.py:380: train_fullbatch epoch=63 val_loss=0.5042 bad_epochs=14/100
2026-02-02 17:02:20,545 DEBUG modssc.transductive.methods.gnn.common common.py:380: train_fullbatch epoch=64 val_loss=0.5016 bad_epochs=15/100
2026-02-02 17:02:20,548 DEBUG modssc.transductive.methods.gnn.common common.py:380: train_fullbatch epoch=65 val_loss=0.4995 bad_epochs=16/100
2026-02-02 17:02:20,551 DEBUG modssc.transductive.methods.gnn.common common.py:380: train_fullbatch epoch=66 val_loss=0.4964 bad_epochs=17/100
2026-02-02 17:02:20,554 DEBUG modssc.transductive.methods.gnn.common common.py:380: train_fullbatch epoch=67 val_loss=0.4969 bad_epochs=18/100
2026-02-02 17:02:20,557 DEBUG modssc.transductive.methods.gnn.common common.py:380: train_fullbatch epoch=68 val_loss=0.4938 bad_epochs=19/100
2026-02-02 17:02:20,560 DEBUG modssc.transductive.methods.gnn.common common.py:373: train_fullbatch epoch=69 val_loss=0.4875 best updated
2026-02-02 17:02:20,564 DEBUG modssc.transductive.methods.gnn.common common.py:373: train_fullbatch epoch=70 val_loss=0.4840 best updated
2026-02-02 17:02:20,567 DEBUG modssc.transductive.methods.gnn.common common.py:373: train_fullbatch epoch=71 val_loss=0.4827 best updated
2026-02-02 17:02:20,570 DEBUG modssc.transductive.methods.gnn.common common.py:373: train_fullbatch epoch=72 val_loss=0.4811 best updated
2026-02-02 17:02:20,573 DEBUG modssc.transductive.methods.gnn.common common.py:373: train_fullbatch epoch=73 val_loss=0.4799 best updated
2026-02-02 17:02:20,576 DEBUG modssc.transductive.methods.gnn.common common.py:373: train_fullbatch epoch=74 val_loss=0.4796 best updated
2026-02-02 17:02:20,579 DEBUG modssc.transductive.methods.gnn.common common.py:373: train_fullbatch epoch=75 val_loss=0.4759 best updated
2026-02-02 17:02:20,583 DEBUG modssc.transductive.methods.gnn.common common.py:373: train_fullbatch epoch=76 val_loss=0.4712 best updated
2026-02-02 17:02:20,586 DEBUG modssc.transductive.methods.gnn.common common.py:373: train_fullbatch epoch=77 val_loss=0.4667 best updated
2026-02-02 17:02:20,589 DEBUG modssc.transductive.methods.gnn.common common.py:373: train_fullbatch epoch=78 val_loss=0.4632 best updated
2026-02-02 17:02:20,592 DEBUG modssc.transductive.methods.gnn.common common.py:373: train_fullbatch epoch=79 val_loss=0.4593 best updated
2026-02-02 17:02:20,595 DEBUG modssc.transductive.methods.gnn.common common.py:380: train_fullbatch epoch=80 val_loss=0.4596 bad_epochs=1/100
2026-02-02 17:02:20,598 DEBUG modssc.transductive.methods.gnn.common common.py:373: train_fullbatch epoch=81 val_loss=0.4583 best updated
2026-02-02 17:02:20,602 DEBUG modssc.transductive.methods.gnn.common common.py:373: train_fullbatch epoch=82 val_loss=0.4572 best updated
2026-02-02 17:02:20,605 DEBUG modssc.transductive.methods.gnn.common common.py:373: train_fullbatch epoch=83 val_loss=0.4524 best updated
2026-02-02 17:02:20,608 DEBUG modssc.transductive.methods.gnn.common common.py:373: train_fullbatch epoch=84 val_loss=0.4484 best updated
2026-02-02 17:02:20,611 DEBUG modssc.transductive.methods.gnn.common common.py:373: train_fullbatch epoch=85 val_loss=0.4422 best updated
2026-02-02 17:02:20,614 DEBUG modssc.transductive.methods.gnn.common common.py:373: train_fullbatch epoch=86 val_loss=0.4370 best updated
2026-02-02 17:02:20,618 DEBUG modssc.transductive.methods.gnn.common common.py:373: train_fullbatch epoch=87 val_loss=0.4353 best updated
2026-02-02 17:02:20,621 DEBUG modssc.transductive.methods.gnn.common common.py:380: train_fullbatch epoch=88 val_loss=0.4362 bad_epochs=1/100
2026-02-02 17:02:20,624 DEBUG modssc.transductive.methods.gnn.common common.py:380: train_fullbatch epoch=89 val_loss=0.4420 bad_epochs=2/100
2026-02-02 17:02:20,627 DEBUG modssc.transductive.methods.gnn.common common.py:380: train_fullbatch epoch=90 val_loss=0.4517 bad_epochs=3/100
2026-02-02 17:02:20,630 DEBUG modssc.transductive.methods.gnn.common common.py:380: train_fullbatch epoch=91 val_loss=0.4620 bad_epochs=4/100
2026-02-02 17:02:20,633 DEBUG modssc.transductive.methods.gnn.common common.py:380: train_fullbatch epoch=92 val_loss=0.4692 bad_epochs=5/100
2026-02-02 17:02:20,636 DEBUG modssc.transductive.methods.gnn.common common.py:380: train_fullbatch epoch=93 val_loss=0.4765 bad_epochs=6/100
2026-02-02 17:02:20,639 DEBUG modssc.transductive.methods.gnn.common common.py:380: train_fullbatch epoch=94 val_loss=0.4803 bad_epochs=7/100
2026-02-02 17:02:20,642 DEBUG modssc.transductive.methods.gnn.common common.py:380: train_fullbatch epoch=95 val_loss=0.4823 bad_epochs=8/100
2026-02-02 17:02:20,645 DEBUG modssc.transductive.methods.gnn.common common.py:380: train_fullbatch epoch=96 val_loss=0.4811 bad_epochs=9/100
2026-02-02 17:02:20,648 DEBUG modssc.transductive.methods.gnn.common common.py:380: train_fullbatch epoch=97 val_loss=0.4801 bad_epochs=10/100
2026-02-02 17:02:20,651 DEBUG modssc.transductive.methods.gnn.common common.py:380: train_fullbatch epoch=98 val_loss=0.4756 bad_epochs=11/100
2026-02-02 17:02:20,654 DEBUG modssc.transductive.methods.gnn.common common.py:380: train_fullbatch epoch=99 val_loss=0.4686 bad_epochs=12/100
2026-02-02 17:02:20,658 DEBUG modssc.transductive.methods.gnn.common common.py:380: train_fullbatch epoch=100 val_loss=0.4618 bad_epochs=13/100
2026-02-02 17:02:20,661 DEBUG modssc.transductive.methods.gnn.common common.py:380: train_fullbatch epoch=101 val_loss=0.4535 bad_epochs=14/100
2026-02-02 17:02:20,664 DEBUG modssc.transductive.methods.gnn.common common.py:380: train_fullbatch epoch=102 val_loss=0.4419 bad_epochs=15/100
2026-02-02 17:02:20,667 DEBUG modssc.transductive.methods.gnn.common common.py:373: train_fullbatch epoch=103 val_loss=0.4297 best updated
2026-02-02 17:02:20,670 DEBUG modssc.transductive.methods.gnn.common common.py:373: train_fullbatch epoch=104 val_loss=0.4178 best updated
2026-02-02 17:02:20,673 DEBUG modssc.transductive.methods.gnn.common common.py:373: train_fullbatch epoch=105 val_loss=0.4073 best updated
2026-02-02 17:02:20,676 DEBUG modssc.transductive.methods.gnn.common common.py:373: train_fullbatch epoch=106 val_loss=0.4013 best updated
2026-02-02 17:02:20,680 DEBUG modssc.transductive.methods.gnn.common common.py:373: train_fullbatch epoch=107 val_loss=0.3948 best updated
2026-02-02 17:02:20,683 DEBUG modssc.transductive.methods.gnn.common common.py:373: train_fullbatch epoch=108 val_loss=0.3924 best updated
2026-02-02 17:02:20,686 DEBUG modssc.transductive.methods.gnn.common common.py:373: train_fullbatch epoch=109 val_loss=0.3908 best updated
2026-02-02 17:02:20,689 DEBUG modssc.transductive.methods.gnn.common common.py:380: train_fullbatch epoch=110 val_loss=0.3948 bad_epochs=1/100
2026-02-02 17:02:20,692 DEBUG modssc.transductive.methods.gnn.common common.py:380: train_fullbatch epoch=111 val_loss=0.3991 bad_epochs=2/100
2026-02-02 17:02:20,695 DEBUG modssc.transductive.methods.gnn.common common.py:380: train_fullbatch epoch=112 val_loss=0.4022 bad_epochs=3/100
2026-02-02 17:02:20,698 DEBUG modssc.transductive.methods.gnn.common common.py:380: train_fullbatch epoch=113 val_loss=0.4077 bad_epochs=4/100
2026-02-02 17:02:20,701 DEBUG modssc.transductive.methods.gnn.common common.py:380: train_fullbatch epoch=114 val_loss=0.4148 bad_epochs=5/100
2026-02-02 17:02:20,704 DEBUG modssc.transductive.methods.gnn.common common.py:380: train_fullbatch epoch=115 val_loss=0.4225 bad_epochs=6/100
2026-02-02 17:02:20,708 DEBUG modssc.transductive.methods.gnn.common common.py:380: train_fullbatch epoch=116 val_loss=0.4309 bad_epochs=7/100
2026-02-02 17:02:20,711 DEBUG modssc.transductive.methods.gnn.common common.py:380: train_fullbatch epoch=117 val_loss=0.4397 bad_epochs=8/100
2026-02-02 17:02:20,714 DEBUG modssc.transductive.methods.gnn.common common.py:380: train_fullbatch epoch=118 val_loss=0.4463 bad_epochs=9/100
2026-02-02 17:02:20,717 DEBUG modssc.transductive.methods.gnn.common common.py:380: train_fullbatch epoch=119 val_loss=0.4487 bad_epochs=10/100
2026-02-02 17:02:20,720 DEBUG modssc.transductive.methods.gnn.common common.py:380: train_fullbatch epoch=120 val_loss=0.4497 bad_epochs=11/100
2026-02-02 17:02:20,723 DEBUG modssc.transductive.methods.gnn.common common.py:380: train_fullbatch epoch=121 val_loss=0.4479 bad_epochs=12/100
2026-02-02 17:02:20,726 DEBUG modssc.transductive.methods.gnn.common common.py:380: train_fullbatch epoch=122 val_loss=0.4414 bad_epochs=13/100
2026-02-02 17:02:20,729 DEBUG modssc.transductive.methods.gnn.common common.py:380: train_fullbatch epoch=123 val_loss=0.4338 bad_epochs=14/100
2026-02-02 17:02:20,732 DEBUG modssc.transductive.methods.gnn.common common.py:380: train_fullbatch epoch=124 val_loss=0.4261 bad_epochs=15/100
2026-02-02 17:02:20,735 DEBUG modssc.transductive.methods.gnn.common common.py:380: train_fullbatch epoch=125 val_loss=0.4219 bad_epochs=16/100
2026-02-02 17:02:20,738 DEBUG modssc.transductive.methods.gnn.common common.py:380: train_fullbatch epoch=126 val_loss=0.4151 bad_epochs=17/100
2026-02-02 17:02:20,741 DEBUG modssc.transductive.methods.gnn.common common.py:380: train_fullbatch epoch=127 val_loss=0.4088 bad_epochs=18/100
2026-02-02 17:02:20,744 DEBUG modssc.transductive.methods.gnn.common common.py:380: train_fullbatch epoch=128 val_loss=0.4094 bad_epochs=19/100
2026-02-02 17:02:20,748 DEBUG modssc.transductive.methods.gnn.common common.py:380: train_fullbatch epoch=129 val_loss=0.4077 bad_epochs=20/100
2026-02-02 17:02:20,751 DEBUG modssc.transductive.methods.gnn.common common.py:380: train_fullbatch epoch=130 val_loss=0.4042 bad_epochs=21/100
2026-02-02 17:02:20,754 DEBUG modssc.transductive.methods.gnn.common common.py:380: train_fullbatch epoch=131 val_loss=0.3994 bad_epochs=22/100
2026-02-02 17:02:20,757 DEBUG modssc.transductive.methods.gnn.common common.py:380: train_fullbatch epoch=132 val_loss=0.3947 bad_epochs=23/100
2026-02-02 17:02:20,760 DEBUG modssc.transductive.methods.gnn.common common.py:380: train_fullbatch epoch=133 val_loss=0.3916 bad_epochs=24/100
2026-02-02 17:02:20,763 DEBUG modssc.transductive.methods.gnn.common common.py:373: train_fullbatch epoch=134 val_loss=0.3884 best updated
2026-02-02 17:02:20,766 DEBUG modssc.transductive.methods.gnn.common common.py:373: train_fullbatch epoch=135 val_loss=0.3847 best updated
2026-02-02 17:02:20,769 DEBUG modssc.transductive.methods.gnn.common common.py:373: train_fullbatch epoch=136 val_loss=0.3837 best updated
2026-02-02 17:02:20,773 DEBUG modssc.transductive.methods.gnn.common common.py:373: train_fullbatch epoch=137 val_loss=0.3826 best updated
2026-02-02 17:02:20,776 DEBUG modssc.transductive.methods.gnn.common common.py:373: train_fullbatch epoch=138 val_loss=0.3803 best updated
2026-02-02 17:02:20,779 DEBUG modssc.transductive.methods.gnn.common common.py:380: train_fullbatch epoch=139 val_loss=0.3831 bad_epochs=1/100
2026-02-02 17:02:20,782 DEBUG modssc.transductive.methods.gnn.common common.py:380: train_fullbatch epoch=140 val_loss=0.3835 bad_epochs=2/100
2026-02-02 17:02:20,785 DEBUG modssc.transductive.methods.gnn.common common.py:380: train_fullbatch epoch=141 val_loss=0.3836 bad_epochs=3/100
2026-02-02 17:02:20,788 DEBUG modssc.transductive.methods.gnn.common common.py:380: train_fullbatch epoch=142 val_loss=0.3833 bad_epochs=4/100
2026-02-02 17:02:20,791 DEBUG modssc.transductive.methods.gnn.common common.py:380: train_fullbatch epoch=143 val_loss=0.3847 bad_epochs=5/100
2026-02-02 17:02:20,794 DEBUG modssc.transductive.methods.gnn.common common.py:380: train_fullbatch epoch=144 val_loss=0.3882 bad_epochs=6/100
2026-02-02 17:02:20,797 DEBUG modssc.transductive.methods.gnn.common common.py:380: train_fullbatch epoch=145 val_loss=0.3896 bad_epochs=7/100
2026-02-02 17:02:20,800 DEBUG modssc.transductive.methods.gnn.common common.py:380: train_fullbatch epoch=146 val_loss=0.3917 bad_epochs=8/100
2026-02-02 17:02:20,804 DEBUG modssc.transductive.methods.gnn.common common.py:380: train_fullbatch epoch=147 val_loss=0.3925 bad_epochs=9/100
2026-02-02 17:02:20,807 DEBUG modssc.transductive.methods.gnn.common common.py:380: train_fullbatch epoch=148 val_loss=0.3915 bad_epochs=10/100
2026-02-02 17:02:20,810 DEBUG modssc.transductive.methods.gnn.common common.py:380: train_fullbatch epoch=149 val_loss=0.3942 bad_epochs=11/100
2026-02-02 17:02:20,813 DEBUG modssc.transductive.methods.gnn.common common.py:380: train_fullbatch epoch=150 val_loss=0.3925 bad_epochs=12/100
2026-02-02 17:02:20,816 DEBUG modssc.transductive.methods.gnn.common common.py:380: train_fullbatch epoch=151 val_loss=0.3894 bad_epochs=13/100
2026-02-02 17:02:20,819 DEBUG modssc.transductive.methods.gnn.common common.py:380: train_fullbatch epoch=152 val_loss=0.3846 bad_epochs=14/100
2026-02-02 17:02:20,822 DEBUG modssc.transductive.methods.gnn.common common.py:380: train_fullbatch epoch=153 val_loss=0.3806 bad_epochs=15/100
2026-02-02 17:02:20,825 DEBUG modssc.transductive.methods.gnn.common common.py:373: train_fullbatch epoch=154 val_loss=0.3762 best updated
2026-02-02 17:02:20,828 DEBUG modssc.transductive.methods.gnn.common common.py:373: train_fullbatch epoch=155 val_loss=0.3710 best updated
2026-02-02 17:02:20,832 DEBUG modssc.transductive.methods.gnn.common common.py:373: train_fullbatch epoch=156 val_loss=0.3648 best updated
2026-02-02 17:02:20,835 DEBUG modssc.transductive.methods.gnn.common common.py:373: train_fullbatch epoch=157 val_loss=0.3613 best updated
2026-02-02 17:02:20,838 DEBUG modssc.transductive.methods.gnn.common common.py:373: train_fullbatch epoch=158 val_loss=0.3593 best updated
2026-02-02 17:02:20,841 DEBUG modssc.transductive.methods.gnn.common common.py:373: train_fullbatch epoch=159 val_loss=0.3567 best updated
2026-02-02 17:02:20,844 DEBUG modssc.transductive.methods.gnn.common common.py:373: train_fullbatch epoch=160 val_loss=0.3541 best updated
2026-02-02 17:02:20,848 DEBUG modssc.transductive.methods.gnn.common common.py:373: train_fullbatch epoch=161 val_loss=0.3513 best updated
2026-02-02 17:02:20,851 DEBUG modssc.transductive.methods.gnn.common common.py:373: train_fullbatch epoch=162 val_loss=0.3469 best updated
2026-02-02 17:02:20,854 DEBUG modssc.transductive.methods.gnn.common common.py:373: train_fullbatch epoch=163 val_loss=0.3439 best updated
2026-02-02 17:02:20,857 DEBUG modssc.transductive.methods.gnn.common common.py:373: train_fullbatch epoch=164 val_loss=0.3418 best updated
2026-02-02 17:02:20,860 DEBUG modssc.transductive.methods.gnn.common common.py:380: train_fullbatch epoch=165 val_loss=0.3440 bad_epochs=1/100
2026-02-02 17:02:20,863 DEBUG modssc.transductive.methods.gnn.common common.py:380: train_fullbatch epoch=166 val_loss=0.3457 bad_epochs=2/100
2026-02-02 17:02:20,866 DEBUG modssc.transductive.methods.gnn.common common.py:380: train_fullbatch epoch=167 val_loss=0.3509 bad_epochs=3/100
2026-02-02 17:02:20,869 DEBUG modssc.transductive.methods.gnn.common common.py:380: train_fullbatch epoch=168 val_loss=0.3544 bad_epochs=4/100
2026-02-02 17:02:20,873 DEBUG modssc.transductive.methods.gnn.common common.py:380: train_fullbatch epoch=169 val_loss=0.3578 bad_epochs=5/100
2026-02-02 17:02:20,876 DEBUG modssc.transductive.methods.gnn.common common.py:380: train_fullbatch epoch=170 val_loss=0.3604 bad_epochs=6/100
2026-02-02 17:02:20,879 DEBUG modssc.transductive.methods.gnn.common common.py:380: train_fullbatch epoch=171 val_loss=0.3641 bad_epochs=7/100
2026-02-02 17:02:20,882 DEBUG modssc.transductive.methods.gnn.common common.py:380: train_fullbatch epoch=172 val_loss=0.3660 bad_epochs=8/100
2026-02-02 17:02:20,885 DEBUG modssc.transductive.methods.gnn.common common.py:380: train_fullbatch epoch=173 val_loss=0.3688 bad_epochs=9/100
2026-02-02 17:02:20,888 DEBUG modssc.transductive.methods.gnn.common common.py:380: train_fullbatch epoch=174 val_loss=0.3702 bad_epochs=10/100
2026-02-02 17:02:20,891 DEBUG modssc.transductive.methods.gnn.common common.py:380: train_fullbatch epoch=175 val_loss=0.3716 bad_epochs=11/100
2026-02-02 17:02:20,894 DEBUG modssc.transductive.methods.gnn.common common.py:380: train_fullbatch epoch=176 val_loss=0.3736 bad_epochs=12/100
2026-02-02 17:02:20,897 DEBUG modssc.transductive.methods.gnn.common common.py:380: train_fullbatch epoch=177 val_loss=0.3740 bad_epochs=13/100
2026-02-02 17:02:20,900 DEBUG modssc.transductive.methods.gnn.common common.py:380: train_fullbatch epoch=178 val_loss=0.3718 bad_epochs=14/100
2026-02-02 17:02:20,903 DEBUG modssc.transductive.methods.gnn.common common.py:380: train_fullbatch epoch=179 val_loss=0.3671 bad_epochs=15/100
2026-02-02 17:02:20,906 DEBUG modssc.transductive.methods.gnn.common common.py:380: train_fullbatch epoch=180 val_loss=0.3640 bad_epochs=16/100
2026-02-02 17:02:20,909 DEBUG modssc.transductive.methods.gnn.common common.py:380: train_fullbatch epoch=181 val_loss=0.3592 bad_epochs=17/100
2026-02-02 17:02:20,913 DEBUG modssc.transductive.methods.gnn.common common.py:380: train_fullbatch epoch=182 val_loss=0.3538 bad_epochs=18/100
2026-02-02 17:02:20,916 DEBUG modssc.transductive.methods.gnn.common common.py:380: train_fullbatch epoch=183 val_loss=0.3521 bad_epochs=19/100
2026-02-02 17:02:20,919 DEBUG modssc.transductive.methods.gnn.common common.py:380: train_fullbatch epoch=184 val_loss=0.3528 bad_epochs=20/100
2026-02-02 17:02:20,922 DEBUG modssc.transductive.methods.gnn.common common.py:380: train_fullbatch epoch=185 val_loss=0.3532 bad_epochs=21/100
2026-02-02 17:02:20,925 DEBUG modssc.transductive.methods.gnn.common common.py:380: train_fullbatch epoch=186 val_loss=0.3550 bad_epochs=22/100
2026-02-02 17:02:20,928 DEBUG modssc.transductive.methods.gnn.common common.py:380: train_fullbatch epoch=187 val_loss=0.3623 bad_epochs=23/100
2026-02-02 17:02:20,931 DEBUG modssc.transductive.methods.gnn.common common.py:380: train_fullbatch epoch=188 val_loss=0.3703 bad_epochs=24/100
2026-02-02 17:02:20,934 DEBUG modssc.transductive.methods.gnn.common common.py:380: train_fullbatch epoch=189 val_loss=0.3764 bad_epochs=25/100
2026-02-02 17:02:20,937 DEBUG modssc.transductive.methods.gnn.common common.py:380: train_fullbatch epoch=190 val_loss=0.3808 bad_epochs=26/100
2026-02-02 17:02:20,940 DEBUG modssc.transductive.methods.gnn.common common.py:380: train_fullbatch epoch=191 val_loss=0.3857 bad_epochs=27/100
2026-02-02 17:02:20,943 DEBUG modssc.transductive.methods.gnn.common common.py:380: train_fullbatch epoch=192 val_loss=0.3897 bad_epochs=28/100
2026-02-02 17:02:20,946 DEBUG modssc.transductive.methods.gnn.common common.py:380: train_fullbatch epoch=193 val_loss=0.3885 bad_epochs=29/100
2026-02-02 17:02:20,950 DEBUG modssc.transductive.methods.gnn.common common.py:380: train_fullbatch epoch=194 val_loss=0.3867 bad_epochs=30/100
2026-02-02 17:02:20,953 DEBUG modssc.transductive.methods.gnn.common common.py:380: train_fullbatch epoch=195 val_loss=0.3844 bad_epochs=31/100
2026-02-02 17:02:20,956 DEBUG modssc.transductive.methods.gnn.common common.py:380: train_fullbatch epoch=196 val_loss=0.3822 bad_epochs=32/100
2026-02-02 17:02:20,959 DEBUG modssc.transductive.methods.gnn.common common.py:380: train_fullbatch epoch=197 val_loss=0.3812 bad_epochs=33/100
2026-02-02 17:02:20,962 DEBUG modssc.transductive.methods.gnn.common common.py:380: train_fullbatch epoch=198 val_loss=0.3784 bad_epochs=34/100
2026-02-02 17:02:20,965 DEBUG modssc.transductive.methods.gnn.common common.py:380: train_fullbatch epoch=199 val_loss=0.3738 bad_epochs=35/100
2026-02-02 17:02:20,965 DEBUG modssc.transductive.methods.gnn.common common.py:399: train_fullbatch done n_epochs=200 best_epoch=164 best_val_loss=0.3417534828186035
2026-02-02 17:02:20,965 INFO modssc.transductive.methods.gnn.gat gat.py:245: Finished gat.fit in 1.746s
2026-02-02 17:02:20,965 INFO bench.orchestrators.method_transductive method_transductive.py:218: Transductive method done: id=gat duration_s=1.746
2026-02-02 17:02:20,965 INFO bench.orchestrators.evaluation evaluation.py:244: Evaluation (transductive): splits=['val', 'test'] metrics=['accuracy', 'macro_f1']
2026-02-02 17:02:20,967 INFO bench.orchestrators.evaluation evaluation.py:263: Evaluation (transductive) done: duration_s=0.001
2026-02-02 17:02:20,968 INFO bench.orchestrators.reporting reporting.py:54: Run summary written: /nfs/home/mbarbaux/ModSSC/runs/transductive/gat/tabular/iris/best_tabular_transductive_gat_iris-20260202T160219Z/run.json status=success duration_s=0.001
