2026-02-02 15:09:22,760 INFO bench.orchestrators.dataset dataset.py:36: Dataset start: id=cora download=True cache_dir=None
2026-02-02 15:09:22,760 DEBUG bench.orchestrators.dataset dataset.py:42: Dataset options: []
2026-02-02 15:09:22,763 DEBUG modssc.data_loader.providers __init__.py:38: Creating provider: pyg
2026-02-02 15:09:22,763 DEBUG modssc.data_loader.api api.py:316: Resolved dataset id=cora provider=pyg canonical_uri=pyg:Planetoid/Cora
2026-02-02 15:09:22,763 INFO modssc.data_loader.api api.py:117: Dataset load: id=cora provider=pyg version=None fingerprint=2919521af8679a8c84658219f16403f74aa1bfc03b19b6a08eb2565299400728 download=True force=False cache_dir=/nfs/home/mbarbaux/ModSSC/cache/datasets
2026-02-02 15:09:22,763 DEBUG modssc.data_loader.api api.py:127: Dataset resolved_kwargs: {'dataset_class': 'Planetoid', 'dataset_kwargs': {'name': 'Cora'}}
2026-02-02 15:09:22,769 DEBUG modssc.data_loader.api api.py:403: Loaded cached dataset: fingerprint=2919521af8679a8c84658219f16403f74aa1bfc03b19b6a08eb2565299400728
2026-02-02 15:09:22,769 INFO modssc.data_loader.api api.py:133: Dataset cached: id=cora train=2708 test=None n_classes=7 duration_s=0.009
2026-02-02 15:09:22,769 INFO bench.orchestrators.dataset dataset.py:54: Dataset loaded: train=2708 test=None graph=True fingerprint=2919521af8679a8c84658219f16403f74aa1bfc03b19b6a08eb2565299400728 provider=pyg
2026-02-02 15:09:22,769 INFO bench.orchestrators.dataset dataset.py:62: Dataset stage done: duration_s=0.009
2026-02-02 15:09:22,792 INFO bench.orchestrators.sampling sampling.py:86: Sampling start: seed=5 dataset_id=cora
2026-02-02 15:09:22,792 DEBUG bench.orchestrators.sampling sampling.py:87: Sampling plan: split={'kind': 'holdout', 'test_fraction': 0.2, 'val_fraction': 0.1, 'stratify': True, 'shuffle': True} labeling={'mode': 'fraction', 'value': 0.2, 'per_class': False, 'min_per_class': 1, 'strategy': 'balanced', 'fixed_indices': None} imbalance={'kind': 'none', 'apply_to': 'train', 'max_per_class': None, 'alpha': None, 'min_per_class': 1} policy={'respect_official_test': True, 'use_official_graph_masks': True, 'allow_override_official': False}
2026-02-02 15:09:22,792 DEBUG bench.orchestrators.sampling sampling.py:98: Sampling dataset_fingerprint=2919521af8679a8c84658219f16403f74aa1bfc03b19b6a08eb2565299400728
2026-02-02 15:09:22,792 INFO modssc.sampling.api api.py:99: Sampling start: dataset_id=cora dataset_fingerprint=2919521af8679a8c84658219f16403f74aa1bfc03b19b6a08eb2565299400728 seed=5 graph=True split=holdout
2026-02-02 15:09:22,792 DEBUG modssc.sampling.api api.py:107: Sampling plan: {'split': {'kind': 'holdout', 'test_fraction': 0.2, 'val_fraction': 0.1, 'stratify': True, 'shuffle': True}, 'labeling': {'mode': 'fraction', 'value': 0.2, 'per_class': False, 'min_per_class': 1, 'strategy': 'balanced', 'fixed_indices': None}, 'imbalance': {'kind': 'none', 'apply_to': 'train', 'max_per_class': None, 'alpha': None, 'min_per_class': 1}, 'policy': {'respect_official_test': True, 'use_official_graph_masks': True, 'allow_override_official': False}}
2026-02-02 15:09:22,802 INFO modssc.sampling.api api.py:141: Sampling done: train=140 val=500 test=1000 labeled=28 unlabeled=112 duration_s=0.010
2026-02-02 15:09:22,802 DEBUG modssc.sampling.api api.py:150: Sampling stats: {'nodes': 2708, 'train': 140, 'val': 500, 'test': 1000, 'labeled': 28, 'unlabeled': 112, 'labeled_class_dist': {'n': 28, 'classes': {'0': 4, '1': 4, '2': 4, '3': 4, '4': 4, '5': 4, '6': 4}}}
2026-02-02 15:09:22,802 INFO bench.orchestrators.sampling sampling.py:123: Sampling result: train=140 val=500 test=1000 labeled=28 unlabeled=112 graph=True
2026-02-02 15:09:22,802 DEBUG bench.orchestrators.sampling sampling.py:132: Sampling stats: {'nodes': 2708, 'train': 140, 'val': 500, 'test': 1000, 'labeled': 28, 'unlabeled': 112, 'labeled_class_dist': {'n': 28, 'classes': {'0': 4, '1': 4, '2': 4, '3': 4, '4': 4, '5': 4, '6': 4}}}
2026-02-02 15:09:22,802 INFO bench.orchestrators.sampling sampling.py:133: Sampling stage done: duration_s=0.011
2026-02-02 15:09:22,802 INFO bench.orchestrators.preprocess preprocess.py:105: Preprocess start: seed=5 cache=True n_steps=3 fit_indices=28
2026-02-02 15:09:22,802 DEBUG bench.orchestrators.preprocess preprocess.py:112: Preprocess plan: output_key=features.X steps=['labels.encode', 'core.ensure_2d', 'core.to_numpy']
2026-02-02 15:09:22,802 INFO modssc.preprocess.api api.py:490: Preprocess start: dataset_fp=2919521af8679a8c84658219f16403f74aa1bfc03b19b6a08eb2565299400728 steps=['labels.encode', 'core.ensure_2d', 'core.to_numpy'] output_key=features.X seed=5 cache=True
2026-02-02 15:09:22,802 DEBUG modssc.preprocess.api api.py:498: Preprocess input shapes: train_X=(2708, 1433) train_y=(2708,) test_X=None test_y=None
2026-02-02 15:09:22,802 INFO modssc.preprocess.api api.py:505: Preprocess input size: train_data=15.0 MB test_data=n/a
2026-02-02 15:09:22,802 DEBUG modssc.preprocess.api api.py:521: Preprocess step start: id=labels.encode index=0 kind=transform params={}
2026-02-02 15:09:22,808 DEBUG modssc.preprocess.api api.py:605: Preprocess step train outputs: id=labels.encode keys=['labels.classes', 'labels.y'] duration_s=0.006
2026-02-02 15:09:22,808 INFO modssc.preprocess.api api.py:679: Preprocess step done: id=labels.encode index=0 duration_s=0.006 train_data=15.0 MB test_data=n/a
2026-02-02 15:09:22,808 DEBUG modssc.preprocess.api api.py:521: Preprocess step start: id=core.ensure_2d index=1 kind=transform params={}
2026-02-02 15:09:22,814 DEBUG modssc.preprocess.api api.py:605: Preprocess step train outputs: id=core.ensure_2d keys=['features.X'] duration_s=0.006
2026-02-02 15:09:22,814 INFO modssc.preprocess.api api.py:679: Preprocess step done: id=core.ensure_2d index=1 duration_s=0.006 train_data=15.0 MB test_data=n/a
2026-02-02 15:09:22,814 DEBUG modssc.preprocess.api api.py:521: Preprocess step start: id=core.to_numpy index=2 kind=transform params={}
2026-02-02 15:09:22,819 DEBUG modssc.preprocess.api api.py:605: Preprocess step train outputs: id=core.to_numpy keys=['features.X'] duration_s=0.005
2026-02-02 15:09:22,819 INFO modssc.preprocess.api api.py:679: Preprocess step done: id=core.to_numpy index=2 duration_s=0.005 train_data=15.0 MB test_data=n/a
2026-02-02 15:09:22,819 INFO modssc.preprocess.api api.py:730: Preprocess done: dataset_fp=2919521af8679a8c84658219f16403f74aa1bfc03b19b6a08eb2565299400728 duration_s=0.017 train_X=(2708, 1433) test_X=None
2026-02-02 15:09:22,819 INFO bench.orchestrators.preprocess preprocess.py:124: Preprocess result: fingerprint=preprocess:6eaf9a71c3db86ab24260f10118a587c53889f7dd5582a4e0ff2cdabcdf4774f plan_fingerprint=resolved_plan:8a5e3ebe41a4f364f53ac26a625ef44f5a721631be61f65e32b92a3759853b68 cache_dir=/nfs/home/mbarbaux/ModSSC/cache/preprocess/2919521af8679a8c84658219f16403f74aa1bfc03b19b6a08eb2565299400728 skipped=[]
2026-02-02 15:09:22,819 DEBUG bench.orchestrators.preprocess preprocess.py:131: Preprocess output shapes: train_X=(2708, 1433) test_X=None
2026-02-02 15:09:22,819 INFO bench.orchestrators.preprocess preprocess.py:136: Preprocess stage done: duration_s=0.017
2026-02-02 15:09:22,819 INFO bench.orchestrators.method_transductive method_transductive.py:139: Transductive method start: id=grand seed=3274374610 device=auto resolved_device=cuda use_test=False
2026-02-02 15:09:22,819 DEBUG bench.orchestrators.method_transductive method_transductive.py:147: Transductive method params: {'hidden_dim': 64, 'mlp_dropout': 0.5, 'prop_steps': 8, 'dropnode': 0.5, 'num_samples': 4, 'lambda_consistency': 1.0, 'lr': 0.01, 'weight_decay': 0.0005, 'max_epochs': 200, 'patience': 50, 'add_self_loops': True}
2026-02-02 15:09:22,819 INFO bench.orchestrators.method_transductive method_transductive.py:158: Transductive data: n_nodes=2708 n_train=2708 n_test=0
2026-02-02 15:09:22,819 INFO bench.orchestrators.method_transductive method_transductive.py:177: Transductive masks: labeled_count=28 train_count=140
2026-02-02 15:09:22,819 INFO modssc.transductive.methods.gnn.grand grand.py:83: Starting grand.fit
2026-02-02 15:09:22,819 DEBUG modssc.transductive.methods.gnn.grand grand.py:84: spec=GRANDSpec(hidden_dim=64, mlp_dropout=0.5, prop_steps=8, dropnode=0.5, num_samples=4, lambda_consistency=1.0, lr=0.01, weight_decay=0.0005, max_epochs=200, patience=50, add_self_loops=True) device=cuda seed=3274374610
2026-02-02 15:09:22,983 INFO modssc.transductive.methods.gnn.grand grand.py:96: GRAND sizes: n_nodes=2708 n_classes=7 train=28 val=500
2026-02-02 15:09:23,941 DEBUG modssc.transductive.methods.gnn.grand grand.py:184: GRAND epoch=0 val_loss=1.9082 best updated
2026-02-02 15:09:23,963 DEBUG modssc.transductive.methods.gnn.grand grand.py:184: GRAND epoch=1 val_loss=1.8478 best updated
2026-02-02 15:09:23,985 DEBUG modssc.transductive.methods.gnn.grand grand.py:184: GRAND epoch=2 val_loss=1.7851 best updated
2026-02-02 15:09:24,007 DEBUG modssc.transductive.methods.gnn.grand grand.py:184: GRAND epoch=3 val_loss=1.7145 best updated
2026-02-02 15:09:24,029 DEBUG modssc.transductive.methods.gnn.grand grand.py:184: GRAND epoch=4 val_loss=1.6279 best updated
2026-02-02 15:09:24,050 DEBUG modssc.transductive.methods.gnn.grand grand.py:184: GRAND epoch=5 val_loss=1.5332 best updated
2026-02-02 15:09:24,072 DEBUG modssc.transductive.methods.gnn.grand grand.py:184: GRAND epoch=6 val_loss=1.4375 best updated
2026-02-02 15:09:24,094 DEBUG modssc.transductive.methods.gnn.grand grand.py:184: GRAND epoch=7 val_loss=1.3400 best updated
2026-02-02 15:09:24,116 DEBUG modssc.transductive.methods.gnn.grand grand.py:184: GRAND epoch=8 val_loss=1.2498 best updated
2026-02-02 15:09:24,138 DEBUG modssc.transductive.methods.gnn.grand grand.py:184: GRAND epoch=9 val_loss=1.1684 best updated
2026-02-02 15:09:24,160 DEBUG modssc.transductive.methods.gnn.grand grand.py:184: GRAND epoch=10 val_loss=1.1054 best updated
2026-02-02 15:09:24,182 DEBUG modssc.transductive.methods.gnn.grand grand.py:184: GRAND epoch=11 val_loss=1.0657 best updated
2026-02-02 15:09:24,206 DEBUG modssc.transductive.methods.gnn.grand grand.py:184: GRAND epoch=12 val_loss=1.0331 best updated
2026-02-02 15:09:24,228 DEBUG modssc.transductive.methods.gnn.grand grand.py:184: GRAND epoch=13 val_loss=1.0130 best updated
2026-02-02 15:09:24,250 DEBUG modssc.transductive.methods.gnn.grand grand.py:184: GRAND epoch=14 val_loss=1.0028 best updated
2026-02-02 15:09:24,272 DEBUG modssc.transductive.methods.gnn.grand grand.py:184: GRAND epoch=15 val_loss=0.9884 best updated
2026-02-02 15:09:24,294 DEBUG modssc.transductive.methods.gnn.grand grand.py:184: GRAND epoch=16 val_loss=0.9819 best updated
2026-02-02 15:09:24,316 DEBUG modssc.transductive.methods.gnn.grand grand.py:184: GRAND epoch=17 val_loss=0.9763 best updated
2026-02-02 15:09:24,338 DEBUG modssc.transductive.methods.gnn.grand grand.py:184: GRAND epoch=18 val_loss=0.9721 best updated
2026-02-02 15:09:24,360 DEBUG modssc.transductive.methods.gnn.grand grand.py:187: GRAND epoch=19 val_loss=0.9779 bad_epochs=1/50
2026-02-02 15:09:24,381 DEBUG modssc.transductive.methods.gnn.grand grand.py:187: GRAND epoch=20 val_loss=0.9957 bad_epochs=2/50
2026-02-02 15:09:24,404 DEBUG modssc.transductive.methods.gnn.grand grand.py:187: GRAND epoch=21 val_loss=1.0084 bad_epochs=3/50
2026-02-02 15:09:24,425 DEBUG modssc.transductive.methods.gnn.grand grand.py:187: GRAND epoch=22 val_loss=1.0237 bad_epochs=4/50
2026-02-02 15:09:24,447 DEBUG modssc.transductive.methods.gnn.grand grand.py:187: GRAND epoch=23 val_loss=1.0394 bad_epochs=5/50
2026-02-02 15:09:24,469 DEBUG modssc.transductive.methods.gnn.grand grand.py:187: GRAND epoch=24 val_loss=1.0563 bad_epochs=6/50
2026-02-02 15:09:24,491 DEBUG modssc.transductive.methods.gnn.grand grand.py:187: GRAND epoch=25 val_loss=1.0622 bad_epochs=7/50
2026-02-02 15:09:24,513 DEBUG modssc.transductive.methods.gnn.grand grand.py:187: GRAND epoch=26 val_loss=1.0708 bad_epochs=8/50
2026-02-02 15:09:24,534 DEBUG modssc.transductive.methods.gnn.grand grand.py:187: GRAND epoch=27 val_loss=1.0820 bad_epochs=9/50
2026-02-02 15:09:24,556 DEBUG modssc.transductive.methods.gnn.grand grand.py:187: GRAND epoch=28 val_loss=1.0938 bad_epochs=10/50
2026-02-02 15:09:24,578 DEBUG modssc.transductive.methods.gnn.grand grand.py:187: GRAND epoch=29 val_loss=1.1043 bad_epochs=11/50
2026-02-02 15:09:24,600 DEBUG modssc.transductive.methods.gnn.grand grand.py:187: GRAND epoch=30 val_loss=1.1128 bad_epochs=12/50
2026-02-02 15:09:24,622 DEBUG modssc.transductive.methods.gnn.grand grand.py:187: GRAND epoch=31 val_loss=1.1148 bad_epochs=13/50
2026-02-02 15:09:24,644 DEBUG modssc.transductive.methods.gnn.grand grand.py:187: GRAND epoch=32 val_loss=1.1127 bad_epochs=14/50
2026-02-02 15:09:24,665 DEBUG modssc.transductive.methods.gnn.grand grand.py:187: GRAND epoch=33 val_loss=1.1039 bad_epochs=15/50
2026-02-02 15:09:24,687 DEBUG modssc.transductive.methods.gnn.grand grand.py:187: GRAND epoch=34 val_loss=1.0893 bad_epochs=16/50
2026-02-02 15:09:24,709 DEBUG modssc.transductive.methods.gnn.grand grand.py:187: GRAND epoch=35 val_loss=1.0722 bad_epochs=17/50
2026-02-02 15:09:24,731 DEBUG modssc.transductive.methods.gnn.grand grand.py:187: GRAND epoch=36 val_loss=1.0681 bad_epochs=18/50
2026-02-02 15:09:24,753 DEBUG modssc.transductive.methods.gnn.grand grand.py:187: GRAND epoch=37 val_loss=1.0658 bad_epochs=19/50
2026-02-02 15:09:24,774 DEBUG modssc.transductive.methods.gnn.grand grand.py:187: GRAND epoch=38 val_loss=1.0804 bad_epochs=20/50
2026-02-02 15:09:24,796 DEBUG modssc.transductive.methods.gnn.grand grand.py:187: GRAND epoch=39 val_loss=1.0951 bad_epochs=21/50
2026-02-02 15:09:24,818 DEBUG modssc.transductive.methods.gnn.grand grand.py:187: GRAND epoch=40 val_loss=1.1253 bad_epochs=22/50
2026-02-02 15:09:24,840 DEBUG modssc.transductive.methods.gnn.grand grand.py:187: GRAND epoch=41 val_loss=1.1530 bad_epochs=23/50
2026-02-02 15:09:24,862 DEBUG modssc.transductive.methods.gnn.grand grand.py:187: GRAND epoch=42 val_loss=1.1783 bad_epochs=24/50
2026-02-02 15:09:24,883 DEBUG modssc.transductive.methods.gnn.grand grand.py:187: GRAND epoch=43 val_loss=1.1984 bad_epochs=25/50
2026-02-02 15:09:24,905 DEBUG modssc.transductive.methods.gnn.grand grand.py:187: GRAND epoch=44 val_loss=1.2107 bad_epochs=26/50
2026-02-02 15:09:24,927 DEBUG modssc.transductive.methods.gnn.grand grand.py:187: GRAND epoch=45 val_loss=1.2184 bad_epochs=27/50
2026-02-02 15:09:24,949 DEBUG modssc.transductive.methods.gnn.grand grand.py:187: GRAND epoch=46 val_loss=1.2183 bad_epochs=28/50
2026-02-02 15:09:24,971 DEBUG modssc.transductive.methods.gnn.grand grand.py:187: GRAND epoch=47 val_loss=1.2058 bad_epochs=29/50
2026-02-02 15:09:24,992 DEBUG modssc.transductive.methods.gnn.grand grand.py:187: GRAND epoch=48 val_loss=1.1853 bad_epochs=30/50
2026-02-02 15:09:25,014 DEBUG modssc.transductive.methods.gnn.grand grand.py:187: GRAND epoch=49 val_loss=1.1731 bad_epochs=31/50
2026-02-02 15:09:25,036 DEBUG modssc.transductive.methods.gnn.grand grand.py:187: GRAND epoch=50 val_loss=1.1664 bad_epochs=32/50
2026-02-02 15:09:25,058 DEBUG modssc.transductive.methods.gnn.grand grand.py:187: GRAND epoch=51 val_loss=1.1645 bad_epochs=33/50
2026-02-02 15:09:25,080 DEBUG modssc.transductive.methods.gnn.grand grand.py:187: GRAND epoch=52 val_loss=1.1636 bad_epochs=34/50
2026-02-02 15:09:25,101 DEBUG modssc.transductive.methods.gnn.grand grand.py:187: GRAND epoch=53 val_loss=1.1658 bad_epochs=35/50
2026-02-02 15:09:25,123 DEBUG modssc.transductive.methods.gnn.grand grand.py:187: GRAND epoch=54 val_loss=1.1712 bad_epochs=36/50
2026-02-02 15:09:25,145 DEBUG modssc.transductive.methods.gnn.grand grand.py:187: GRAND epoch=55 val_loss=1.1788 bad_epochs=37/50
2026-02-02 15:09:25,167 DEBUG modssc.transductive.methods.gnn.grand grand.py:187: GRAND epoch=56 val_loss=1.1872 bad_epochs=38/50
2026-02-02 15:09:25,189 DEBUG modssc.transductive.methods.gnn.grand grand.py:187: GRAND epoch=57 val_loss=1.1983 bad_epochs=39/50
2026-02-02 15:09:25,210 DEBUG modssc.transductive.methods.gnn.grand grand.py:187: GRAND epoch=58 val_loss=1.2034 bad_epochs=40/50
2026-02-02 15:09:25,232 DEBUG modssc.transductive.methods.gnn.grand grand.py:187: GRAND epoch=59 val_loss=1.2118 bad_epochs=41/50
2026-02-02 15:09:25,254 DEBUG modssc.transductive.methods.gnn.grand grand.py:187: GRAND epoch=60 val_loss=1.2224 bad_epochs=42/50
2026-02-02 15:09:25,276 DEBUG modssc.transductive.methods.gnn.grand grand.py:187: GRAND epoch=61 val_loss=1.2127 bad_epochs=43/50
2026-02-02 15:09:25,298 DEBUG modssc.transductive.methods.gnn.grand grand.py:187: GRAND epoch=62 val_loss=1.2037 bad_epochs=44/50
2026-02-02 15:09:25,319 DEBUG modssc.transductive.methods.gnn.grand grand.py:187: GRAND epoch=63 val_loss=1.2041 bad_epochs=45/50
2026-02-02 15:09:25,341 DEBUG modssc.transductive.methods.gnn.grand grand.py:187: GRAND epoch=64 val_loss=1.2074 bad_epochs=46/50
2026-02-02 15:09:25,363 DEBUG modssc.transductive.methods.gnn.grand grand.py:187: GRAND epoch=65 val_loss=1.2080 bad_epochs=47/50
2026-02-02 15:09:25,385 DEBUG modssc.transductive.methods.gnn.grand grand.py:187: GRAND epoch=66 val_loss=1.2078 bad_epochs=48/50
2026-02-02 15:09:25,407 DEBUG modssc.transductive.methods.gnn.grand grand.py:187: GRAND epoch=67 val_loss=1.2085 bad_epochs=49/50
2026-02-02 15:09:25,428 DEBUG modssc.transductive.methods.gnn.grand grand.py:187: GRAND epoch=68 val_loss=1.1973 bad_epochs=50/50
2026-02-02 15:09:25,428 DEBUG modssc.transductive.methods.gnn.grand grand.py:195: GRAND early_stop epoch=68 best_val=0.9721
2026-02-02 15:09:25,429 INFO modssc.transductive.methods.gnn.grand grand.py:205: Finished grand.fit in 2.609s
2026-02-02 15:09:25,429 INFO bench.orchestrators.method_transductive method_transductive.py:218: Transductive method done: id=grand duration_s=2.610
2026-02-02 15:09:25,429 INFO bench.orchestrators.evaluation evaluation.py:244: Evaluation (transductive): splits=['val', 'test'] metrics=['accuracy', 'macro_f1']
2026-02-02 15:09:25,433 INFO bench.orchestrators.evaluation evaluation.py:263: Evaluation (transductive) done: duration_s=0.005
2026-02-02 15:09:25,435 INFO bench.orchestrators.reporting reporting.py:54: Run summary written: /nfs/home/mbarbaux/ModSSC/runs/transductive/grand/graph/cora/best_graph_transductive_grand_cora-20260202T140922Z/run.json status=success duration_s=0.001
