2026-02-02 15:05:42,253 INFO bench.orchestrators.dataset dataset.py:36: Dataset start: id=citeseer download=True cache_dir=None
2026-02-02 15:05:42,253 DEBUG bench.orchestrators.dataset dataset.py:42: Dataset options: []
2026-02-02 15:05:42,256 DEBUG modssc.data_loader.providers __init__.py:38: Creating provider: pyg
2026-02-02 15:05:42,256 DEBUG modssc.data_loader.api api.py:316: Resolved dataset id=citeseer provider=pyg canonical_uri=pyg:Planetoid/CiteSeer
2026-02-02 15:05:42,257 INFO modssc.data_loader.api api.py:117: Dataset load: id=citeseer provider=pyg version=None fingerprint=3fb862b6bc9dc5b9bfd36e222d5bbeab653ca6c7a430c3accea136e424ca3744 download=True force=False cache_dir=/nfs/home/mbarbaux/ModSSC/cache/datasets
2026-02-02 15:05:42,257 DEBUG modssc.data_loader.api api.py:127: Dataset resolved_kwargs: {'dataset_class': 'Planetoid', 'dataset_kwargs': {'name': 'CiteSeer'}}
2026-02-02 15:05:42,268 DEBUG modssc.data_loader.api api.py:403: Loaded cached dataset: fingerprint=3fb862b6bc9dc5b9bfd36e222d5bbeab653ca6c7a430c3accea136e424ca3744
2026-02-02 15:05:42,268 INFO modssc.data_loader.api api.py:133: Dataset cached: id=citeseer train=3327 test=None n_classes=6 duration_s=0.015
2026-02-02 15:05:42,268 INFO bench.orchestrators.dataset dataset.py:54: Dataset loaded: train=3327 test=None graph=True fingerprint=3fb862b6bc9dc5b9bfd36e222d5bbeab653ca6c7a430c3accea136e424ca3744 provider=pyg
2026-02-02 15:05:42,268 INFO bench.orchestrators.dataset dataset.py:62: Dataset stage done: duration_s=0.015
2026-02-02 15:05:42,290 INFO bench.orchestrators.sampling sampling.py:86: Sampling start: seed=5 dataset_id=citeseer
2026-02-02 15:05:42,290 DEBUG bench.orchestrators.sampling sampling.py:87: Sampling plan: split={'kind': 'holdout', 'test_fraction': 0.2, 'val_fraction': 0.1, 'stratify': True, 'shuffle': True} labeling={'mode': 'fraction', 'value': 0.2, 'per_class': False, 'min_per_class': 1, 'strategy': 'balanced', 'fixed_indices': None} imbalance={'kind': 'none', 'apply_to': 'train', 'max_per_class': None, 'alpha': None, 'min_per_class': 1} policy={'respect_official_test': True, 'use_official_graph_masks': True, 'allow_override_official': False}
2026-02-02 15:05:42,290 DEBUG bench.orchestrators.sampling sampling.py:98: Sampling dataset_fingerprint=3fb862b6bc9dc5b9bfd36e222d5bbeab653ca6c7a430c3accea136e424ca3744
2026-02-02 15:05:42,290 INFO modssc.sampling.api api.py:99: Sampling start: dataset_id=citeseer dataset_fingerprint=3fb862b6bc9dc5b9bfd36e222d5bbeab653ca6c7a430c3accea136e424ca3744 seed=5 graph=True split=holdout
2026-02-02 15:05:42,290 DEBUG modssc.sampling.api api.py:107: Sampling plan: {'split': {'kind': 'holdout', 'test_fraction': 0.2, 'val_fraction': 0.1, 'stratify': True, 'shuffle': True}, 'labeling': {'mode': 'fraction', 'value': 0.2, 'per_class': False, 'min_per_class': 1, 'strategy': 'balanced', 'fixed_indices': None}, 'imbalance': {'kind': 'none', 'apply_to': 'train', 'max_per_class': None, 'alpha': None, 'min_per_class': 1}, 'policy': {'respect_official_test': True, 'use_official_graph_masks': True, 'allow_override_official': False}}
2026-02-02 15:05:42,300 INFO modssc.sampling.api api.py:141: Sampling done: train=120 val=500 test=1000 labeled=24 unlabeled=96 duration_s=0.010
2026-02-02 15:05:42,300 DEBUG modssc.sampling.api api.py:150: Sampling stats: {'nodes': 3327, 'train': 120, 'val': 500, 'test': 1000, 'labeled': 24, 'unlabeled': 96, 'labeled_class_dist': {'n': 24, 'classes': {'0': 4, '1': 4, '2': 4, '3': 4, '4': 4, '5': 4}}}
2026-02-02 15:05:42,301 INFO bench.orchestrators.sampling sampling.py:123: Sampling result: train=120 val=500 test=1000 labeled=24 unlabeled=96 graph=True
2026-02-02 15:05:42,301 DEBUG bench.orchestrators.sampling sampling.py:132: Sampling stats: {'nodes': 3327, 'train': 120, 'val': 500, 'test': 1000, 'labeled': 24, 'unlabeled': 96, 'labeled_class_dist': {'n': 24, 'classes': {'0': 4, '1': 4, '2': 4, '3': 4, '4': 4, '5': 4}}}
2026-02-02 15:05:42,301 INFO bench.orchestrators.sampling sampling.py:133: Sampling stage done: duration_s=0.010
2026-02-02 15:05:42,301 INFO bench.orchestrators.preprocess preprocess.py:105: Preprocess start: seed=5 cache=True n_steps=3 fit_indices=24
2026-02-02 15:05:42,301 DEBUG bench.orchestrators.preprocess preprocess.py:112: Preprocess plan: output_key=features.X steps=['labels.encode', 'core.ensure_2d', 'core.to_numpy']
2026-02-02 15:05:42,301 INFO modssc.preprocess.api api.py:490: Preprocess start: dataset_fp=3fb862b6bc9dc5b9bfd36e222d5bbeab653ca6c7a430c3accea136e424ca3744 steps=['labels.encode', 'core.ensure_2d', 'core.to_numpy'] output_key=features.X seed=5 cache=True
2026-02-02 15:05:42,301 DEBUG modssc.preprocess.api api.py:498: Preprocess input shapes: train_X=(3327, 3703) train_y=(3327,) test_X=None test_y=None
2026-02-02 15:05:42,301 INFO modssc.preprocess.api api.py:505: Preprocess input size: train_data=47.2 MB test_data=n/a
2026-02-02 15:05:42,301 DEBUG modssc.preprocess.api api.py:521: Preprocess step start: id=labels.encode index=0 kind=transform params={}
2026-02-02 15:05:42,306 DEBUG modssc.preprocess.api api.py:605: Preprocess step train outputs: id=labels.encode keys=['labels.classes', 'labels.y'] duration_s=0.005
2026-02-02 15:05:42,306 INFO modssc.preprocess.api api.py:679: Preprocess step done: id=labels.encode index=0 duration_s=0.005 train_data=47.2 MB test_data=n/a
2026-02-02 15:05:42,306 DEBUG modssc.preprocess.api api.py:521: Preprocess step start: id=core.ensure_2d index=1 kind=transform params={}
2026-02-02 15:05:42,317 DEBUG modssc.preprocess.api api.py:605: Preprocess step train outputs: id=core.ensure_2d keys=['features.X'] duration_s=0.011
2026-02-02 15:05:42,317 INFO modssc.preprocess.api api.py:679: Preprocess step done: id=core.ensure_2d index=1 duration_s=0.011 train_data=47.2 MB test_data=n/a
2026-02-02 15:05:42,317 DEBUG modssc.preprocess.api api.py:521: Preprocess step start: id=core.to_numpy index=2 kind=transform params={}
2026-02-02 15:05:42,328 DEBUG modssc.preprocess.api api.py:605: Preprocess step train outputs: id=core.to_numpy keys=['features.X'] duration_s=0.011
2026-02-02 15:05:42,328 INFO modssc.preprocess.api api.py:679: Preprocess step done: id=core.to_numpy index=2 duration_s=0.011 train_data=47.2 MB test_data=n/a
2026-02-02 15:05:42,328 INFO modssc.preprocess.api api.py:730: Preprocess done: dataset_fp=3fb862b6bc9dc5b9bfd36e222d5bbeab653ca6c7a430c3accea136e424ca3744 duration_s=0.028 train_X=(3327, 3703) test_X=None
2026-02-02 15:05:42,328 INFO bench.orchestrators.preprocess preprocess.py:124: Preprocess result: fingerprint=preprocess:1069b34df5ccf35e8af20c1a0d052e7352ec159e264e72d1990d4ec20c0a9338 plan_fingerprint=resolved_plan:8a5e3ebe41a4f364f53ac26a625ef44f5a721631be61f65e32b92a3759853b68 cache_dir=/nfs/home/mbarbaux/ModSSC/cache/preprocess/3fb862b6bc9dc5b9bfd36e222d5bbeab653ca6c7a430c3accea136e424ca3744 skipped=[]
2026-02-02 15:05:42,328 DEBUG bench.orchestrators.preprocess preprocess.py:131: Preprocess output shapes: train_X=(3327, 3703) test_X=None
2026-02-02 15:05:42,328 INFO bench.orchestrators.preprocess preprocess.py:136: Preprocess stage done: duration_s=0.028
2026-02-02 15:05:42,329 INFO bench.orchestrators.method_transductive method_transductive.py:139: Transductive method start: id=sgc seed=3274374610 device=auto resolved_device=cuda use_test=False
2026-02-02 15:05:42,329 DEBUG bench.orchestrators.method_transductive method_transductive.py:147: Transductive method params: {'k': 2, 'lr': 0.1, 'weight_decay': 0.0, 'max_epochs': 200, 'patience': 50, 'add_self_loops': True}
2026-02-02 15:05:42,329 INFO bench.orchestrators.method_transductive method_transductive.py:158: Transductive data: n_nodes=3327 n_train=3327 n_test=0
2026-02-02 15:05:42,329 INFO bench.orchestrators.method_transductive method_transductive.py:177: Transductive masks: labeled_count=24 train_count=120
2026-02-02 15:05:42,329 INFO modssc.transductive.methods.gnn.sgc sgc.py:60: Starting sgc.fit
2026-02-02 15:05:42,329 DEBUG modssc.transductive.methods.gnn.sgc sgc.py:61: spec=SGCSpec(k=2, lr=0.1, weight_decay=0.0, max_epochs=200, patience=50, add_self_loops=True) device=cuda seed=3274374610
2026-02-02 15:05:42,503 INFO modssc.transductive.methods.gnn.sgc sgc.py:73: SGC sizes: n_nodes=3327 n_classes=6 train=24 val=500
2026-02-02 15:05:43,488 DEBUG modssc.transductive.methods.gnn.common common.py:373: train_fullbatch epoch=0 val_loss=1.4061 best updated
2026-02-02 15:05:43,490 DEBUG modssc.transductive.methods.gnn.common common.py:373: train_fullbatch epoch=1 val_loss=1.2926 best updated
2026-02-02 15:05:43,491 DEBUG modssc.transductive.methods.gnn.common common.py:380: train_fullbatch epoch=2 val_loss=1.3163 bad_epochs=1/50
2026-02-02 15:05:43,492 DEBUG modssc.transductive.methods.gnn.common common.py:380: train_fullbatch epoch=3 val_loss=1.3851 bad_epochs=2/50
2026-02-02 15:05:43,493 DEBUG modssc.transductive.methods.gnn.common common.py:380: train_fullbatch epoch=4 val_loss=1.4669 bad_epochs=3/50
2026-02-02 15:05:43,493 DEBUG modssc.transductive.methods.gnn.common common.py:380: train_fullbatch epoch=5 val_loss=1.5500 bad_epochs=4/50
2026-02-02 15:05:43,494 DEBUG modssc.transductive.methods.gnn.common common.py:380: train_fullbatch epoch=6 val_loss=1.6299 bad_epochs=5/50
2026-02-02 15:05:43,495 DEBUG modssc.transductive.methods.gnn.common common.py:380: train_fullbatch epoch=7 val_loss=1.7050 bad_epochs=6/50
2026-02-02 15:05:43,496 DEBUG modssc.transductive.methods.gnn.common common.py:380: train_fullbatch epoch=8 val_loss=1.7747 bad_epochs=7/50
2026-02-02 15:05:43,496 DEBUG modssc.transductive.methods.gnn.common common.py:380: train_fullbatch epoch=9 val_loss=1.8389 bad_epochs=8/50
2026-02-02 15:05:43,497 DEBUG modssc.transductive.methods.gnn.common common.py:380: train_fullbatch epoch=10 val_loss=1.8979 bad_epochs=9/50
2026-02-02 15:05:43,498 DEBUG modssc.transductive.methods.gnn.common common.py:380: train_fullbatch epoch=11 val_loss=1.9520 bad_epochs=10/50
2026-02-02 15:05:43,499 DEBUG modssc.transductive.methods.gnn.common common.py:380: train_fullbatch epoch=12 val_loss=2.0015 bad_epochs=11/50
2026-02-02 15:05:43,500 DEBUG modssc.transductive.methods.gnn.common common.py:380: train_fullbatch epoch=13 val_loss=2.0467 bad_epochs=12/50
2026-02-02 15:05:43,500 DEBUG modssc.transductive.methods.gnn.common common.py:380: train_fullbatch epoch=14 val_loss=2.0882 bad_epochs=13/50
2026-02-02 15:05:43,501 DEBUG modssc.transductive.methods.gnn.common common.py:380: train_fullbatch epoch=15 val_loss=2.1260 bad_epochs=14/50
2026-02-02 15:05:43,502 DEBUG modssc.transductive.methods.gnn.common common.py:380: train_fullbatch epoch=16 val_loss=2.1606 bad_epochs=15/50
2026-02-02 15:05:43,503 DEBUG modssc.transductive.methods.gnn.common common.py:380: train_fullbatch epoch=17 val_loss=2.1922 bad_epochs=16/50
2026-02-02 15:05:43,503 DEBUG modssc.transductive.methods.gnn.common common.py:380: train_fullbatch epoch=18 val_loss=2.2211 bad_epochs=17/50
2026-02-02 15:05:43,504 DEBUG modssc.transductive.methods.gnn.common common.py:380: train_fullbatch epoch=19 val_loss=2.2475 bad_epochs=18/50
2026-02-02 15:05:43,505 DEBUG modssc.transductive.methods.gnn.common common.py:380: train_fullbatch epoch=20 val_loss=2.2716 bad_epochs=19/50
2026-02-02 15:05:43,506 DEBUG modssc.transductive.methods.gnn.common common.py:380: train_fullbatch epoch=21 val_loss=2.2936 bad_epochs=20/50
2026-02-02 15:05:43,506 DEBUG modssc.transductive.methods.gnn.common common.py:380: train_fullbatch epoch=22 val_loss=2.3137 bad_epochs=21/50
2026-02-02 15:05:43,507 DEBUG modssc.transductive.methods.gnn.common common.py:380: train_fullbatch epoch=23 val_loss=2.3321 bad_epochs=22/50
2026-02-02 15:05:43,508 DEBUG modssc.transductive.methods.gnn.common common.py:380: train_fullbatch epoch=24 val_loss=2.3488 bad_epochs=23/50
2026-02-02 15:05:43,509 DEBUG modssc.transductive.methods.gnn.common common.py:380: train_fullbatch epoch=25 val_loss=2.3642 bad_epochs=24/50
2026-02-02 15:05:43,509 DEBUG modssc.transductive.methods.gnn.common common.py:380: train_fullbatch epoch=26 val_loss=2.3781 bad_epochs=25/50
2026-02-02 15:05:43,510 DEBUG modssc.transductive.methods.gnn.common common.py:380: train_fullbatch epoch=27 val_loss=2.3909 bad_epochs=26/50
2026-02-02 15:05:43,511 DEBUG modssc.transductive.methods.gnn.common common.py:380: train_fullbatch epoch=28 val_loss=2.4025 bad_epochs=27/50
2026-02-02 15:05:43,512 DEBUG modssc.transductive.methods.gnn.common common.py:380: train_fullbatch epoch=29 val_loss=2.4131 bad_epochs=28/50
2026-02-02 15:05:43,512 DEBUG modssc.transductive.methods.gnn.common common.py:380: train_fullbatch epoch=30 val_loss=2.4228 bad_epochs=29/50
2026-02-02 15:05:43,513 DEBUG modssc.transductive.methods.gnn.common common.py:380: train_fullbatch epoch=31 val_loss=2.4316 bad_epochs=30/50
2026-02-02 15:05:43,514 DEBUG modssc.transductive.methods.gnn.common common.py:380: train_fullbatch epoch=32 val_loss=2.4397 bad_epochs=31/50
2026-02-02 15:05:43,515 DEBUG modssc.transductive.methods.gnn.common common.py:380: train_fullbatch epoch=33 val_loss=2.4470 bad_epochs=32/50
2026-02-02 15:05:43,516 DEBUG modssc.transductive.methods.gnn.common common.py:380: train_fullbatch epoch=34 val_loss=2.4537 bad_epochs=33/50
2026-02-02 15:05:43,516 DEBUG modssc.transductive.methods.gnn.common common.py:380: train_fullbatch epoch=35 val_loss=2.4598 bad_epochs=34/50
2026-02-02 15:05:43,517 DEBUG modssc.transductive.methods.gnn.common common.py:380: train_fullbatch epoch=36 val_loss=2.4654 bad_epochs=35/50
2026-02-02 15:05:43,518 DEBUG modssc.transductive.methods.gnn.common common.py:380: train_fullbatch epoch=37 val_loss=2.4705 bad_epochs=36/50
2026-02-02 15:05:43,519 DEBUG modssc.transductive.methods.gnn.common common.py:380: train_fullbatch epoch=38 val_loss=2.4751 bad_epochs=37/50
2026-02-02 15:05:43,519 DEBUG modssc.transductive.methods.gnn.common common.py:380: train_fullbatch epoch=39 val_loss=2.4793 bad_epochs=38/50
2026-02-02 15:05:43,520 DEBUG modssc.transductive.methods.gnn.common common.py:380: train_fullbatch epoch=40 val_loss=2.4831 bad_epochs=39/50
2026-02-02 15:05:43,521 DEBUG modssc.transductive.methods.gnn.common common.py:380: train_fullbatch epoch=41 val_loss=2.4866 bad_epochs=40/50
2026-02-02 15:05:43,522 DEBUG modssc.transductive.methods.gnn.common common.py:380: train_fullbatch epoch=42 val_loss=2.4897 bad_epochs=41/50
2026-02-02 15:05:43,522 DEBUG modssc.transductive.methods.gnn.common common.py:380: train_fullbatch epoch=43 val_loss=2.4926 bad_epochs=42/50
2026-02-02 15:05:43,523 DEBUG modssc.transductive.methods.gnn.common common.py:380: train_fullbatch epoch=44 val_loss=2.4952 bad_epochs=43/50
2026-02-02 15:05:43,524 DEBUG modssc.transductive.methods.gnn.common common.py:380: train_fullbatch epoch=45 val_loss=2.4976 bad_epochs=44/50
2026-02-02 15:05:43,525 DEBUG modssc.transductive.methods.gnn.common common.py:380: train_fullbatch epoch=46 val_loss=2.4998 bad_epochs=45/50
2026-02-02 15:05:43,525 DEBUG modssc.transductive.methods.gnn.common common.py:380: train_fullbatch epoch=47 val_loss=2.5018 bad_epochs=46/50
2026-02-02 15:05:43,526 DEBUG modssc.transductive.methods.gnn.common common.py:380: train_fullbatch epoch=48 val_loss=2.5035 bad_epochs=47/50
2026-02-02 15:05:43,527 DEBUG modssc.transductive.methods.gnn.common common.py:380: train_fullbatch epoch=49 val_loss=2.5052 bad_epochs=48/50
2026-02-02 15:05:43,528 DEBUG modssc.transductive.methods.gnn.common common.py:380: train_fullbatch epoch=50 val_loss=2.5067 bad_epochs=49/50
2026-02-02 15:05:43,528 DEBUG modssc.transductive.methods.gnn.common common.py:380: train_fullbatch epoch=51 val_loss=2.5080 bad_epochs=50/50
2026-02-02 15:05:43,528 DEBUG modssc.transductive.methods.gnn.common common.py:388: train_fullbatch early_stop epoch=51 best_epoch=1 best_val_loss=1.2926
2026-02-02 15:05:43,529 DEBUG modssc.transductive.methods.gnn.common common.py:399: train_fullbatch done n_epochs=52 best_epoch=1 best_val_loss=1.2925853729248047
2026-02-02 15:05:43,529 INFO modssc.transductive.methods.gnn.sgc sgc.py:105: Finished sgc.fit in 1.200s
2026-02-02 15:05:43,529 INFO bench.orchestrators.method_transductive method_transductive.py:218: Transductive method done: id=sgc duration_s=1.200
2026-02-02 15:05:43,529 INFO bench.orchestrators.evaluation evaluation.py:244: Evaluation (transductive): splits=['val', 'test'] metrics=['accuracy', 'macro_f1']
2026-02-02 15:05:43,530 INFO bench.orchestrators.evaluation evaluation.py:263: Evaluation (transductive) done: duration_s=0.001
2026-02-02 15:05:43,531 INFO bench.orchestrators.reporting reporting.py:54: Run summary written: /nfs/home/mbarbaux/ModSSC/runs/transductive/sgc/graph/citeseer/best_graph_transductive_sgc_citeseer-20260202T140542Z/run.json status=success duration_s=0.001
