2026-02-02 14:55:19,417 INFO bench.orchestrators.dataset dataset.py:36: Dataset start: id=adult download=True cache_dir=None
2026-02-02 14:55:19,417 DEBUG bench.orchestrators.dataset dataset.py:42: Dataset options: []
2026-02-02 14:55:19,420 DEBUG modssc.data_loader.providers __init__.py:38: Creating provider: openml
2026-02-02 14:55:19,420 DEBUG modssc.data_loader.api api.py:316: Resolved dataset id=adult provider=openml canonical_uri=openml:1590
2026-02-02 14:55:19,420 INFO modssc.data_loader.api api.py:117: Dataset load: id=adult provider=openml version=None fingerprint=f9281cab47a3de02bacdff6aeecab3cc3bec164d4d321622f81551b6b4f82967 download=True force=False cache_dir=/nfs/home/mbarbaux/ModSSC/cache/datasets
2026-02-02 14:55:19,420 DEBUG modssc.data_loader.api api.py:127: Dataset resolved_kwargs: {'data_id': 1590, 'name': None, 'version': None, 'as_frame': False, 'target_column': None, 'class_filter': None, 'max_samples': None, 'seed': None}
2026-02-02 14:55:19,482 DEBUG modssc.data_loader.api api.py:403: Loaded cached dataset: fingerprint=f9281cab47a3de02bacdff6aeecab3cc3bec164d4d321622f81551b6b4f82967
2026-02-02 14:55:19,502 INFO modssc.data_loader.api api.py:133: Dataset cached: id=adult train=48842 test=None n_classes=2 duration_s=0.085
2026-02-02 14:55:19,502 INFO bench.orchestrators.dataset dataset.py:54: Dataset loaded: train=48842 test=None graph=False fingerprint=f9281cab47a3de02bacdff6aeecab3cc3bec164d4d321622f81551b6b4f82967 provider=openml
2026-02-02 14:55:19,502 INFO bench.orchestrators.dataset dataset.py:62: Dataset stage done: duration_s=0.086
2026-02-02 14:55:19,555 INFO bench.orchestrators.sampling sampling.py:86: Sampling start: seed=1 dataset_id=adult
2026-02-02 14:55:19,555 DEBUG bench.orchestrators.sampling sampling.py:87: Sampling plan: split={'kind': 'holdout', 'test_fraction': 0.2, 'val_fraction': 0.1, 'stratify': True, 'shuffle': True} labeling={'mode': 'fraction', 'value': 0.2, 'per_class': False, 'min_per_class': 1, 'strategy': 'balanced', 'fixed_indices': None} imbalance={'kind': 'none', 'apply_to': 'train', 'max_per_class': None, 'alpha': None, 'min_per_class': 1} policy={'respect_official_test': True, 'use_official_graph_masks': True, 'allow_override_official': False}
2026-02-02 14:55:19,555 DEBUG bench.orchestrators.sampling sampling.py:98: Sampling dataset_fingerprint=f9281cab47a3de02bacdff6aeecab3cc3bec164d4d321622f81551b6b4f82967
2026-02-02 14:55:19,555 INFO modssc.sampling.api api.py:99: Sampling start: dataset_id=adult dataset_fingerprint=f9281cab47a3de02bacdff6aeecab3cc3bec164d4d321622f81551b6b4f82967 seed=1 graph=False split=holdout
2026-02-02 14:55:19,555 DEBUG modssc.sampling.api api.py:107: Sampling plan: {'split': {'kind': 'holdout', 'test_fraction': 0.2, 'val_fraction': 0.1, 'stratify': True, 'shuffle': True}, 'labeling': {'mode': 'fraction', 'value': 0.2, 'per_class': False, 'min_per_class': 1, 'strategy': 'balanced', 'fixed_indices': None}, 'imbalance': {'kind': 'none', 'apply_to': 'train', 'max_per_class': None, 'alpha': None, 'min_per_class': 1}, 'policy': {'respect_official_test': True, 'use_official_graph_masks': True, 'allow_override_official': False}}
2026-02-02 14:55:19,654 INFO modssc.sampling.api api.py:141: Sampling done: train=35167 val=3907 test=9768 labeled=7033 unlabeled=28134 duration_s=0.099
2026-02-02 14:55:19,654 DEBUG modssc.sampling.api api.py:150: Sampling stats: {'policy': {'respect_official_test': True, 'has_official_test': False, 'test_ref': 'train'}, 'train': {'n': 35167, 'classes': {'<=50K': 26752, '>50K': 8415}}, 'val': {'n': 3907, 'classes': {'<=50K': 2972, '>50K': 935}}, 'train_labeled': {'n': 7033, 'classes': {'<=50K': 3517, '>50K': 3516}}, 'train_unlabeled': {'n': 28134}, 'test': {'n': 9768, 'classes': {'<=50K': 7431, '>50K': 2337}}}
2026-02-02 14:55:19,675 INFO bench.orchestrators.sampling sampling.py:123: Sampling result: train=35167 val=3907 test=9768 labeled=7033 unlabeled=28134 graph=False
2026-02-02 14:55:19,675 DEBUG bench.orchestrators.sampling sampling.py:132: Sampling stats: {'policy': {'respect_official_test': True, 'has_official_test': False, 'test_ref': 'train'}, 'train': {'n': 35167, 'classes': {'<=50K': 26752, '>50K': 8415}}, 'val': {'n': 3907, 'classes': {'<=50K': 2972, '>50K': 935}}, 'train_labeled': {'n': 7033, 'classes': {'<=50K': 3517, '>50K': 3516}}, 'train_unlabeled': {'n': 28134}, 'test': {'n': 9768, 'classes': {'<=50K': 7431, '>50K': 2337}}}
2026-02-02 14:55:19,675 INFO bench.orchestrators.sampling sampling.py:133: Sampling stage done: duration_s=0.120
2026-02-02 14:55:19,676 INFO bench.orchestrators.preprocess preprocess.py:105: Preprocess start: seed=1 cache=True n_steps=7 fit_indices=7033
2026-02-02 14:55:19,676 DEBUG bench.orchestrators.preprocess preprocess.py:112: Preprocess plan: output_key=features.X steps=['labels.encode', 'labels.to_torch', 'tabular.one_hot', 'core.ensure_2d', 'tabular.impute', 'tabular.standard_scaler', 'core.to_torch']
2026-02-02 14:55:19,676 INFO modssc.preprocess.api api.py:490: Preprocess start: dataset_fp=f9281cab47a3de02bacdff6aeecab3cc3bec164d4d321622f81551b6b4f82967 steps=['labels.encode', 'labels.to_torch', 'tabular.one_hot', 'core.ensure_2d', 'tabular.impute', 'tabular.standard_scaler', 'core.to_torch'] output_key=features.X seed=1 cache=True
2026-02-02 14:55:19,676 DEBUG modssc.preprocess.api api.py:498: Preprocess input shapes: train_X=(48842, 14) train_y=(48842,) test_X=None test_y=None
2026-02-02 14:55:19,676 INFO modssc.preprocess.api api.py:505: Preprocess input size: train_data=5.6 MB test_data=n/a
2026-02-02 14:55:19,676 DEBUG modssc.preprocess.api api.py:521: Preprocess step start: id=labels.encode index=0 kind=transform params={}
2026-02-02 14:55:19,679 DEBUG modssc.preprocess.api api.py:605: Preprocess step train outputs: id=labels.encode keys=['labels.classes', 'labels.y'] duration_s=0.003
2026-02-02 14:55:19,680 INFO modssc.preprocess.api api.py:679: Preprocess step done: id=labels.encode index=0 duration_s=0.003 train_data=5.6 MB test_data=n/a
2026-02-02 14:55:19,680 DEBUG modssc.preprocess.api api.py:521: Preprocess step start: id=labels.to_torch index=1 kind=transform params={'device': 'auto', 'dtype': 'int64'}
2026-02-02 14:55:19,780 DEBUG modssc.preprocess.api api.py:605: Preprocess step train outputs: id=labels.to_torch keys=['labels.y'] duration_s=0.101
2026-02-02 14:55:19,780 INFO modssc.preprocess.api api.py:267: Preprocess GPU device: device=cuda:0 model=NVIDIA L40
2026-02-02 14:55:19,780 INFO modssc.preprocess.api api.py:679: Preprocess step done: id=labels.to_torch index=1 duration_s=0.101 train_data=5.6 MB test_data=n/a
2026-02-02 14:55:19,781 DEBUG modssc.preprocess.api api.py:521: Preprocess step start: id=tabular.one_hot index=2 kind=fittable params={}
2026-02-02 14:55:20,769 DEBUG modssc.preprocess.api api.py:605: Preprocess step train outputs: id=tabular.one_hot keys=['features.X'] duration_s=0.988
2026-02-02 14:55:20,769 INFO modssc.preprocess.api api.py:679: Preprocess step done: id=tabular.one_hot index=2 duration_s=0.988 train_data=20.1 MB test_data=n/a
2026-02-02 14:55:20,769 DEBUG modssc.preprocess.api api.py:521: Preprocess step start: id=core.ensure_2d index=3 kind=transform params={}
2026-02-02 14:55:20,777 DEBUG modssc.preprocess.api api.py:605: Preprocess step train outputs: id=core.ensure_2d keys=['features.X'] duration_s=0.008
2026-02-02 14:55:20,777 INFO modssc.preprocess.api api.py:679: Preprocess step done: id=core.ensure_2d index=3 duration_s=0.008 train_data=20.1 MB test_data=n/a
2026-02-02 14:55:20,777 DEBUG modssc.preprocess.api api.py:521: Preprocess step start: id=tabular.impute index=4 kind=fittable params={}
2026-02-02 14:55:20,859 DEBUG modssc.preprocess.api api.py:605: Preprocess step train outputs: id=tabular.impute keys=['features.X'] duration_s=0.082
2026-02-02 14:55:20,860 INFO modssc.preprocess.api api.py:679: Preprocess step done: id=tabular.impute index=4 duration_s=0.082 train_data=20.1 MB test_data=n/a
2026-02-02 14:55:20,860 DEBUG modssc.preprocess.api api.py:521: Preprocess step start: id=tabular.standard_scaler index=5 kind=fittable params={}
2026-02-02 14:55:20,870 DEBUG modssc.preprocess.api api.py:605: Preprocess step train outputs: id=tabular.standard_scaler keys=['features.X'] duration_s=0.010
2026-02-02 14:55:20,870 INFO modssc.preprocess.api api.py:679: Preprocess step done: id=tabular.standard_scaler index=5 duration_s=0.010 train_data=20.1 MB test_data=n/a
2026-02-02 14:55:20,870 DEBUG modssc.preprocess.api api.py:521: Preprocess step start: id=core.to_torch index=6 kind=transform params={'device': 'auto', 'dtype': 'float32'}
2026-02-02 14:55:20,876 DEBUG modssc.preprocess.api api.py:605: Preprocess step train outputs: id=core.to_torch keys=['features.X'] duration_s=0.006
2026-02-02 14:55:20,876 INFO modssc.preprocess.api api.py:679: Preprocess step done: id=core.to_torch index=6 duration_s=0.006 train_data=20.1 MB test_data=n/a
2026-02-02 14:55:20,876 INFO modssc.preprocess.api api.py:730: Preprocess done: dataset_fp=f9281cab47a3de02bacdff6aeecab3cc3bec164d4d321622f81551b6b4f82967 duration_s=1.200 train_X=(48842, 106) test_X=None
2026-02-02 14:55:20,876 INFO bench.orchestrators.preprocess preprocess.py:124: Preprocess result: fingerprint=preprocess:4a34efb2af7b2f814e0c648ef7e59972547c0b2de37b10570aceee8bd9625ae2 plan_fingerprint=resolved_plan:6ed490995fe0d8f1eb30fd0ca8262522145e7cafa3ba073f9c42e71d197f40ef cache_dir=/nfs/home/mbarbaux/ModSSC/cache/preprocess/f9281cab47a3de02bacdff6aeecab3cc3bec164d4d321622f81551b6b4f82967 skipped=[]
2026-02-02 14:55:20,876 DEBUG bench.orchestrators.preprocess preprocess.py:131: Preprocess output shapes: train_X=(48842, 106) test_X=None
2026-02-02 14:55:20,876 INFO bench.orchestrators.preprocess preprocess.py:136: Preprocess stage done: duration_s=1.201
2026-02-02 14:55:20,889 INFO bench.orchestrators.augmentation augmentation.py:66: Augmentation start: mode=fixed modality=tabular seed=1 n_samples=28134 strong_views=1
2026-02-02 14:55:20,889 DEBUG bench.orchestrators.augmentation augmentation.py:74: Augmentation steps: weak=['tabular.gaussian_noise'] strong=['tabular.swap_noise']
2026-02-02 14:55:25,057 INFO bench.orchestrators.augmentation augmentation.py:191: Augmentation done: duration_s=4.168
2026-02-02 14:55:25,057 DEBUG bench.orchestrators.augmentation augmentation.py:192: Augmentation output shapes: weak=(28134, 106) strong=(28134, 106) strong_1=None
2026-02-02 14:55:25,058 INFO bench.orchestrators.method_inductive method_inductive.py:441: Inductive method start: id=adsh seed=398591604 device=auto dtype=float32 model=mlp
2026-02-02 14:55:25,058 DEBUG bench.orchestrators.method_inductive method_inductive.py:470: Inductive method params: {'lambda_u': 1.0, 'p_cutoff': 0.95, 'use_cat': False, 'batch_size': 128, 'max_epochs': 50, 'detach_target': True, 'score_warmup_epochs': 2}
2026-02-02 14:55:25,058 INFO bench.orchestrators.method_inductive method_inductive.py:476: Inductive method data: n_labeled=7033 n_unlabeled=28134
2026-02-02 14:55:26,032 INFO modssc.inductive.methods.adsh adsh.py:155: Starting adsh.fit
2026-02-02 14:55:26,032 DEBUG modssc.inductive.methods.adsh adsh.py:156: params lambda_u=1.0 p_cutoff=0.95 use_cat=False batch_size=128 max_epochs=50 detach_target=True score_warmup_epochs=2 majority_class=None has_model_bundle=True device=DeviceSpec(device='auto', dtype='float32') seed=398591604
2026-02-02 14:55:26,032 INFO modssc.inductive.methods.adsh adsh.py:189: ADSH sizes: n_labeled=7033 n_unlabeled=28134
2026-02-02 14:55:26,129 DEBUG modssc.inductive.methods.adsh adsh.py:330: ADSH epoch=0 p_cutoff=0.95 mask_mean=0.000 sup_loss=0.6823 unsup_loss=0.0000
2026-02-02 14:55:26,446 DEBUG modssc.inductive.methods.adsh adsh.py:330: ADSH epoch=1 p_cutoff=0.95 mask_mean=0.500 sup_loss=0.3545 unsup_loss=0.0128
2026-02-02 14:55:26,809 DEBUG modssc.inductive.methods.adsh adsh.py:330: ADSH epoch=2 p_cutoff=0.95 mask_mean=0.656 sup_loss=0.4132 unsup_loss=0.0718
2026-02-02 14:55:27,140 DEBUG modssc.inductive.methods.adsh adsh.py:330: ADSH epoch=3 p_cutoff=0.95 mask_mean=0.633 sup_loss=0.2893 unsup_loss=0.0505
2026-02-02 14:55:27,470 DEBUG modssc.inductive.methods.adsh adsh.py:330: ADSH epoch=4 p_cutoff=0.95 mask_mean=0.719 sup_loss=0.2715 unsup_loss=0.0502
2026-02-02 14:55:27,801 DEBUG modssc.inductive.methods.adsh adsh.py:330: ADSH epoch=5 p_cutoff=0.95 mask_mean=0.648 sup_loss=0.3762 unsup_loss=0.0813
2026-02-02 14:55:28,134 DEBUG modssc.inductive.methods.adsh adsh.py:330: ADSH epoch=6 p_cutoff=0.95 mask_mean=0.719 sup_loss=0.1808 unsup_loss=0.0527
2026-02-02 14:55:28,466 DEBUG modssc.inductive.methods.adsh adsh.py:330: ADSH epoch=7 p_cutoff=0.95 mask_mean=0.703 sup_loss=0.2761 unsup_loss=0.0310
2026-02-02 14:55:28,798 DEBUG modssc.inductive.methods.adsh adsh.py:330: ADSH epoch=8 p_cutoff=0.95 mask_mean=0.719 sup_loss=0.2295 unsup_loss=0.0554
2026-02-02 14:55:29,129 DEBUG modssc.inductive.methods.adsh adsh.py:330: ADSH epoch=9 p_cutoff=0.95 mask_mean=0.805 sup_loss=0.2353 unsup_loss=0.0652
2026-02-02 14:55:29,460 DEBUG modssc.inductive.methods.adsh adsh.py:330: ADSH epoch=10 p_cutoff=0.95 mask_mean=0.805 sup_loss=0.1951 unsup_loss=0.0445
2026-02-02 14:55:29,793 DEBUG modssc.inductive.methods.adsh adsh.py:330: ADSH epoch=11 p_cutoff=0.95 mask_mean=0.781 sup_loss=0.1656 unsup_loss=0.0300
2026-02-02 14:55:30,124 DEBUG modssc.inductive.methods.adsh adsh.py:330: ADSH epoch=12 p_cutoff=0.95 mask_mean=0.789 sup_loss=0.1792 unsup_loss=0.0841
2026-02-02 14:55:30,455 DEBUG modssc.inductive.methods.adsh adsh.py:330: ADSH epoch=13 p_cutoff=0.95 mask_mean=0.805 sup_loss=0.1568 unsup_loss=0.1067
2026-02-02 14:55:30,785 DEBUG modssc.inductive.methods.adsh adsh.py:330: ADSH epoch=14 p_cutoff=0.95 mask_mean=0.773 sup_loss=0.1294 unsup_loss=0.0335
2026-02-02 14:55:31,115 DEBUG modssc.inductive.methods.adsh adsh.py:330: ADSH epoch=15 p_cutoff=0.95 mask_mean=0.766 sup_loss=0.1421 unsup_loss=0.0694
2026-02-02 14:55:31,447 DEBUG modssc.inductive.methods.adsh adsh.py:330: ADSH epoch=16 p_cutoff=0.95 mask_mean=0.734 sup_loss=0.1922 unsup_loss=0.0485
2026-02-02 14:55:31,777 DEBUG modssc.inductive.methods.adsh adsh.py:330: ADSH epoch=17 p_cutoff=0.95 mask_mean=0.844 sup_loss=0.2158 unsup_loss=0.0638
2026-02-02 14:55:32,107 DEBUG modssc.inductive.methods.adsh adsh.py:330: ADSH epoch=18 p_cutoff=0.95 mask_mean=0.781 sup_loss=0.1319 unsup_loss=0.0397
2026-02-02 14:55:32,438 DEBUG modssc.inductive.methods.adsh adsh.py:330: ADSH epoch=19 p_cutoff=0.95 mask_mean=0.820 sup_loss=0.1146 unsup_loss=0.0336
2026-02-02 14:55:32,768 DEBUG modssc.inductive.methods.adsh adsh.py:330: ADSH epoch=20 p_cutoff=0.95 mask_mean=0.742 sup_loss=0.1931 unsup_loss=0.0311
2026-02-02 14:55:33,102 DEBUG modssc.inductive.methods.adsh adsh.py:330: ADSH epoch=21 p_cutoff=0.95 mask_mean=0.820 sup_loss=0.2038 unsup_loss=0.0980
2026-02-02 14:55:33,432 DEBUG modssc.inductive.methods.adsh adsh.py:330: ADSH epoch=22 p_cutoff=0.95 mask_mean=0.828 sup_loss=0.1803 unsup_loss=0.1063
2026-02-02 14:55:33,762 DEBUG modssc.inductive.methods.adsh adsh.py:330: ADSH epoch=23 p_cutoff=0.95 mask_mean=0.883 sup_loss=0.1631 unsup_loss=0.0396
2026-02-02 14:55:34,093 DEBUG modssc.inductive.methods.adsh adsh.py:330: ADSH epoch=24 p_cutoff=0.95 mask_mean=0.844 sup_loss=0.1144 unsup_loss=0.0461
2026-02-02 14:55:34,423 DEBUG modssc.inductive.methods.adsh adsh.py:330: ADSH epoch=25 p_cutoff=0.95 mask_mean=0.844 sup_loss=0.1646 unsup_loss=0.0690
2026-02-02 14:55:34,755 DEBUG modssc.inductive.methods.adsh adsh.py:330: ADSH epoch=26 p_cutoff=0.95 mask_mean=0.828 sup_loss=0.1370 unsup_loss=0.0597
2026-02-02 14:55:35,085 DEBUG modssc.inductive.methods.adsh adsh.py:330: ADSH epoch=27 p_cutoff=0.95 mask_mean=0.805 sup_loss=0.2121 unsup_loss=0.0756
2026-02-02 14:55:35,416 DEBUG modssc.inductive.methods.adsh adsh.py:330: ADSH epoch=28 p_cutoff=0.95 mask_mean=0.773 sup_loss=0.1509 unsup_loss=0.1377
2026-02-02 14:55:35,746 DEBUG modssc.inductive.methods.adsh adsh.py:330: ADSH epoch=29 p_cutoff=0.95 mask_mean=0.844 sup_loss=0.1215 unsup_loss=0.0385
2026-02-02 14:55:36,077 DEBUG modssc.inductive.methods.adsh adsh.py:330: ADSH epoch=30 p_cutoff=0.95 mask_mean=0.812 sup_loss=0.0921 unsup_loss=0.0321
2026-02-02 14:55:36,408 DEBUG modssc.inductive.methods.adsh adsh.py:330: ADSH epoch=31 p_cutoff=0.95 mask_mean=0.828 sup_loss=0.0984 unsup_loss=0.0405
2026-02-02 14:55:36,739 DEBUG modssc.inductive.methods.adsh adsh.py:330: ADSH epoch=32 p_cutoff=0.95 mask_mean=0.820 sup_loss=0.1516 unsup_loss=0.0258
2026-02-02 14:55:37,069 DEBUG modssc.inductive.methods.adsh adsh.py:330: ADSH epoch=33 p_cutoff=0.95 mask_mean=0.844 sup_loss=0.1067 unsup_loss=0.1202
2026-02-02 14:55:37,399 DEBUG modssc.inductive.methods.adsh adsh.py:330: ADSH epoch=34 p_cutoff=0.95 mask_mean=0.797 sup_loss=0.0974 unsup_loss=0.0618
2026-02-02 14:55:37,732 DEBUG modssc.inductive.methods.adsh adsh.py:330: ADSH epoch=35 p_cutoff=0.95 mask_mean=0.883 sup_loss=0.1431 unsup_loss=0.0650
2026-02-02 14:55:38,063 DEBUG modssc.inductive.methods.adsh adsh.py:330: ADSH epoch=36 p_cutoff=0.95 mask_mean=0.820 sup_loss=0.1071 unsup_loss=0.0435
2026-02-02 14:55:38,429 DEBUG modssc.inductive.methods.adsh adsh.py:330: ADSH epoch=37 p_cutoff=0.95 mask_mean=0.852 sup_loss=0.0807 unsup_loss=0.0609
2026-02-02 14:55:38,760 DEBUG modssc.inductive.methods.adsh adsh.py:330: ADSH epoch=38 p_cutoff=0.95 mask_mean=0.875 sup_loss=0.0665 unsup_loss=0.0338
2026-02-02 14:55:39,090 DEBUG modssc.inductive.methods.adsh adsh.py:330: ADSH epoch=39 p_cutoff=0.95 mask_mean=0.844 sup_loss=0.1251 unsup_loss=0.0479
2026-02-02 14:55:39,422 DEBUG modssc.inductive.methods.adsh adsh.py:330: ADSH epoch=40 p_cutoff=0.95 mask_mean=0.891 sup_loss=0.1119 unsup_loss=0.0403
2026-02-02 14:55:39,754 DEBUG modssc.inductive.methods.adsh adsh.py:330: ADSH epoch=41 p_cutoff=0.95 mask_mean=0.859 sup_loss=0.1566 unsup_loss=0.0449
2026-02-02 14:55:40,084 DEBUG modssc.inductive.methods.adsh adsh.py:330: ADSH epoch=42 p_cutoff=0.95 mask_mean=0.898 sup_loss=0.1507 unsup_loss=0.0225
2026-02-02 14:55:40,415 DEBUG modssc.inductive.methods.adsh adsh.py:330: ADSH epoch=43 p_cutoff=0.95 mask_mean=0.836 sup_loss=0.0710 unsup_loss=0.0698
2026-02-02 14:55:40,746 DEBUG modssc.inductive.methods.adsh adsh.py:330: ADSH epoch=44 p_cutoff=0.95 mask_mean=0.883 sup_loss=0.1353 unsup_loss=0.0816
2026-02-02 14:55:41,077 DEBUG modssc.inductive.methods.adsh adsh.py:330: ADSH epoch=45 p_cutoff=0.95 mask_mean=0.875 sup_loss=0.0784 unsup_loss=0.0312
2026-02-02 14:55:41,408 DEBUG modssc.inductive.methods.adsh adsh.py:330: ADSH epoch=46 p_cutoff=0.95 mask_mean=0.891 sup_loss=0.0960 unsup_loss=0.0736
2026-02-02 14:55:41,739 DEBUG modssc.inductive.methods.adsh adsh.py:330: ADSH epoch=47 p_cutoff=0.95 mask_mean=0.875 sup_loss=0.0748 unsup_loss=0.0632
2026-02-02 14:55:42,069 DEBUG modssc.inductive.methods.adsh adsh.py:330: ADSH epoch=48 p_cutoff=0.95 mask_mean=0.836 sup_loss=0.0886 unsup_loss=0.0696
2026-02-02 14:55:42,400 DEBUG modssc.inductive.methods.adsh adsh.py:330: ADSH epoch=49 p_cutoff=0.95 mask_mean=0.898 sup_loss=0.1349 unsup_loss=0.0404
2026-02-02 14:55:42,680 INFO modssc.inductive.methods.adsh adsh.py:347: Finished adsh.fit in 16.648s
2026-02-02 14:55:42,681 INFO bench.orchestrators.method_inductive method_inductive.py:550: Inductive method done: id=adsh duration_s=17.623
2026-02-02 14:55:42,681 INFO bench.orchestrators.evaluation evaluation.py:189: Evaluation (inductive): splits=['val', 'test'] metrics=['accuracy', 'macro_f1']
2026-02-02 14:55:42,691 INFO bench.orchestrators.evaluation evaluation.py:231: Evaluation (inductive) done: duration_s=0.010
2026-02-02 14:55:42,693 INFO bench.orchestrators.reporting reporting.py:54: Run summary written: /nfs/home/mbarbaux/ModSSC/runs/inductive/adsh/tabular/adult/best_tabular_inductive_adsh_adult-20260202T135519Z/run.json status=success duration_s=0.002
