2026-02-02 17:00:32,397 INFO bench.orchestrators.dataset dataset.py:36: Dataset start: id=iris download=True cache_dir=None
2026-02-02 17:00:32,397 DEBUG bench.orchestrators.dataset dataset.py:42: Dataset options: []
2026-02-02 17:00:32,400 DEBUG modssc.data_loader.providers __init__.py:38: Creating provider: openml
2026-02-02 17:00:32,400 DEBUG modssc.data_loader.api api.py:316: Resolved dataset id=iris provider=openml canonical_uri=openml:61
2026-02-02 17:00:32,400 INFO modssc.data_loader.api api.py:117: Dataset load: id=iris provider=openml version=None fingerprint=ba055ddc9f9ca1b72ab8a14217263923c7ce2466a9ada1892118d69873fd8572 download=True force=False cache_dir=/nfs/home/mbarbaux/ModSSC/cache/datasets
2026-02-02 17:00:32,400 DEBUG modssc.data_loader.api api.py:127: Dataset resolved_kwargs: {'data_id': 61, 'name': None, 'version': None, 'as_frame': False, 'target_column': None, 'class_filter': None, 'max_samples': None, 'seed': None}
2026-02-02 17:00:32,401 DEBUG modssc.data_loader.api api.py:403: Loaded cached dataset: fingerprint=ba055ddc9f9ca1b72ab8a14217263923c7ce2466a9ada1892118d69873fd8572
2026-02-02 17:00:32,406 INFO modssc.data_loader.api api.py:133: Dataset cached: id=iris train=150 test=None n_classes=3 duration_s=0.009
2026-02-02 17:00:32,406 INFO bench.orchestrators.dataset dataset.py:54: Dataset loaded: train=150 test=None graph=False fingerprint=ba055ddc9f9ca1b72ab8a14217263923c7ce2466a9ada1892118d69873fd8572 provider=openml
2026-02-02 17:00:32,406 INFO bench.orchestrators.dataset dataset.py:62: Dataset stage done: duration_s=0.009
2026-02-02 17:00:32,453 INFO bench.orchestrators.sampling sampling.py:86: Sampling start: seed=1 dataset_id=iris
2026-02-02 17:00:32,453 DEBUG bench.orchestrators.sampling sampling.py:87: Sampling plan: split={'kind': 'holdout', 'test_fraction': 0.2, 'val_fraction': 0.1, 'stratify': True, 'shuffle': True} labeling={'mode': 'fraction', 'value': 0.2, 'per_class': False, 'min_per_class': 1, 'strategy': 'balanced', 'fixed_indices': None} imbalance={'kind': 'none', 'apply_to': 'train', 'max_per_class': None, 'alpha': None, 'min_per_class': 1} policy={'respect_official_test': True, 'use_official_graph_masks': True, 'allow_override_official': False}
2026-02-02 17:00:32,453 DEBUG bench.orchestrators.sampling sampling.py:98: Sampling dataset_fingerprint=ba055ddc9f9ca1b72ab8a14217263923c7ce2466a9ada1892118d69873fd8572
2026-02-02 17:00:32,453 INFO modssc.sampling.api api.py:99: Sampling start: dataset_id=iris dataset_fingerprint=ba055ddc9f9ca1b72ab8a14217263923c7ce2466a9ada1892118d69873fd8572 seed=1 graph=False split=holdout
2026-02-02 17:00:32,453 DEBUG modssc.sampling.api api.py:107: Sampling plan: {'split': {'kind': 'holdout', 'test_fraction': 0.2, 'val_fraction': 0.1, 'stratify': True, 'shuffle': True}, 'labeling': {'mode': 'fraction', 'value': 0.2, 'per_class': False, 'min_per_class': 1, 'strategy': 'balanced', 'fixed_indices': None}, 'imbalance': {'kind': 'none', 'apply_to': 'train', 'max_per_class': None, 'alpha': None, 'min_per_class': 1}, 'policy': {'respect_official_test': True, 'use_official_graph_masks': True, 'allow_override_official': False}}
2026-02-02 17:00:32,461 INFO modssc.sampling.api api.py:141: Sampling done: train=108 val=12 test=30 labeled=22 unlabeled=86 duration_s=0.008
2026-02-02 17:00:32,461 DEBUG modssc.sampling.api api.py:150: Sampling stats: {'policy': {'respect_official_test': True, 'has_official_test': False, 'test_ref': 'train'}, 'train': {'n': 108, 'classes': {'Iris-setosa': 36, 'Iris-versicolor': 36, 'Iris-virginica': 36}}, 'val': {'n': 12, 'classes': {'Iris-setosa': 4, 'Iris-versicolor': 4, 'Iris-virginica': 4}}, 'train_labeled': {'n': 22, 'classes': {'Iris-setosa': 8, 'Iris-versicolor': 7, 'Iris-virginica': 7}}, 'train_unlabeled': {'n': 86}, 'test': {'n': 30, 'classes': {'Iris-setosa': 10, 'Iris-versicolor': 10, 'Iris-virginica': 10}}}
2026-02-02 17:00:32,461 INFO bench.orchestrators.sampling sampling.py:123: Sampling result: train=108 val=12 test=30 labeled=22 unlabeled=86 graph=False
2026-02-02 17:00:32,461 DEBUG bench.orchestrators.sampling sampling.py:132: Sampling stats: {'policy': {'respect_official_test': True, 'has_official_test': False, 'test_ref': 'train'}, 'train': {'n': 108, 'classes': {'Iris-setosa': 36, 'Iris-versicolor': 36, 'Iris-virginica': 36}}, 'val': {'n': 12, 'classes': {'Iris-setosa': 4, 'Iris-versicolor': 4, 'Iris-virginica': 4}}, 'train_labeled': {'n': 22, 'classes': {'Iris-setosa': 8, 'Iris-versicolor': 7, 'Iris-virginica': 7}}, 'train_unlabeled': {'n': 86}, 'test': {'n': 30, 'classes': {'Iris-setosa': 10, 'Iris-versicolor': 10, 'Iris-virginica': 10}}}
2026-02-02 17:00:32,461 INFO bench.orchestrators.sampling sampling.py:133: Sampling stage done: duration_s=0.009
2026-02-02 17:00:32,461 INFO bench.orchestrators.preprocess preprocess.py:105: Preprocess start: seed=1 cache=True n_steps=6 fit_indices=22
2026-02-02 17:00:32,461 DEBUG bench.orchestrators.preprocess preprocess.py:112: Preprocess plan: output_key=features.X steps=['labels.encode', 'labels.to_torch', 'core.ensure_2d', 'tabular.impute', 'tabular.standard_scaler', 'core.to_torch']
2026-02-02 17:00:32,461 INFO modssc.preprocess.api api.py:490: Preprocess start: dataset_fp=ba055ddc9f9ca1b72ab8a14217263923c7ce2466a9ada1892118d69873fd8572 steps=['labels.encode', 'labels.to_torch', 'core.ensure_2d', 'tabular.impute', 'tabular.standard_scaler', 'core.to_torch'] output_key=features.X seed=1 cache=True
2026-02-02 17:00:32,461 DEBUG modssc.preprocess.api api.py:498: Preprocess input shapes: train_X=(150, 4) train_y=(150,) test_X=None test_y=None
2026-02-02 17:00:32,461 INFO modssc.preprocess.api api.py:505: Preprocess input size: train_data=5.9 KB test_data=n/a
2026-02-02 17:00:32,461 DEBUG modssc.preprocess.api api.py:521: Preprocess step start: id=labels.encode index=0 kind=transform params={}
2026-02-02 17:00:32,463 DEBUG modssc.preprocess.api api.py:605: Preprocess step train outputs: id=labels.encode keys=['labels.classes', 'labels.y'] duration_s=0.002
2026-02-02 17:00:32,463 INFO modssc.preprocess.api api.py:679: Preprocess step done: id=labels.encode index=0 duration_s=0.002 train_data=5.9 KB test_data=n/a
2026-02-02 17:00:32,464 DEBUG modssc.preprocess.api api.py:521: Preprocess step start: id=labels.to_torch index=1 kind=transform params={'device': 'auto', 'dtype': 'int64'}
2026-02-02 17:00:32,562 DEBUG modssc.preprocess.api api.py:605: Preprocess step train outputs: id=labels.to_torch keys=['labels.y'] duration_s=0.098
2026-02-02 17:00:32,562 INFO modssc.preprocess.api api.py:267: Preprocess GPU device: device=cuda:0 model=NVIDIA L40
2026-02-02 17:00:32,562 INFO modssc.preprocess.api api.py:679: Preprocess step done: id=labels.to_torch index=1 duration_s=0.098 train_data=5.9 KB test_data=n/a
2026-02-02 17:00:32,562 DEBUG modssc.preprocess.api api.py:521: Preprocess step start: id=core.ensure_2d index=2 kind=transform params={}
2026-02-02 17:00:32,564 DEBUG modssc.preprocess.api api.py:605: Preprocess step train outputs: id=core.ensure_2d keys=['features.X'] duration_s=0.002
2026-02-02 17:00:32,564 INFO modssc.preprocess.api api.py:679: Preprocess step done: id=core.ensure_2d index=2 duration_s=0.002 train_data=5.9 KB test_data=n/a
2026-02-02 17:00:32,564 DEBUG modssc.preprocess.api api.py:521: Preprocess step start: id=tabular.impute index=3 kind=fittable params={}
2026-02-02 17:00:33,476 DEBUG modssc.preprocess.api api.py:605: Preprocess step train outputs: id=tabular.impute keys=['features.X'] duration_s=0.912
2026-02-02 17:00:33,476 INFO modssc.preprocess.api api.py:679: Preprocess step done: id=tabular.impute index=3 duration_s=0.912 train_data=5.9 KB test_data=n/a
2026-02-02 17:00:33,476 DEBUG modssc.preprocess.api api.py:521: Preprocess step start: id=tabular.standard_scaler index=4 kind=fittable params={}
2026-02-02 17:00:33,478 DEBUG modssc.preprocess.api api.py:605: Preprocess step train outputs: id=tabular.standard_scaler keys=['features.X'] duration_s=0.002
2026-02-02 17:00:33,478 INFO modssc.preprocess.api api.py:679: Preprocess step done: id=tabular.standard_scaler index=4 duration_s=0.002 train_data=3.5 KB test_data=n/a
2026-02-02 17:00:33,478 DEBUG modssc.preprocess.api api.py:521: Preprocess step start: id=core.to_torch index=5 kind=transform params={'device': 'auto', 'dtype': 'float32'}
2026-02-02 17:00:33,479 DEBUG modssc.preprocess.api api.py:605: Preprocess step train outputs: id=core.to_torch keys=['features.X'] duration_s=0.001
2026-02-02 17:00:33,479 INFO modssc.preprocess.api api.py:679: Preprocess step done: id=core.to_torch index=5 duration_s=0.001 train_data=3.5 KB test_data=n/a
2026-02-02 17:00:33,479 INFO modssc.preprocess.api api.py:730: Preprocess done: dataset_fp=ba055ddc9f9ca1b72ab8a14217263923c7ce2466a9ada1892118d69873fd8572 duration_s=1.018 train_X=(150, 4) test_X=None
2026-02-02 17:00:33,479 INFO bench.orchestrators.preprocess preprocess.py:124: Preprocess result: fingerprint=preprocess:75598ed099a81a08799b66a7d3baf5526adf278e3ed02c30f4109069d7106690 plan_fingerprint=resolved_plan:2fd28781de548db14dc25cb730c4a58beda13172ed36f45b2cc1411caf334e69 cache_dir=/nfs/home/mbarbaux/ModSSC/cache/preprocess/ba055ddc9f9ca1b72ab8a14217263923c7ce2466a9ada1892118d69873fd8572 skipped=[]
2026-02-02 17:00:33,479 DEBUG bench.orchestrators.preprocess preprocess.py:131: Preprocess output shapes: train_X=(150, 4) test_X=None
2026-02-02 17:00:33,479 INFO bench.orchestrators.preprocess preprocess.py:136: Preprocess stage done: duration_s=1.018
2026-02-02 17:00:33,493 INFO bench.orchestrators.augmentation augmentation.py:66: Augmentation start: mode=fixed modality=tabular seed=1 n_samples=86 strong_views=1
2026-02-02 17:00:33,493 DEBUG bench.orchestrators.augmentation augmentation.py:74: Augmentation steps: weak=['tabular.gaussian_noise'] strong=['tabular.swap_noise']
2026-02-02 17:00:33,530 INFO bench.orchestrators.augmentation augmentation.py:191: Augmentation done: duration_s=0.037
2026-02-02 17:00:33,531 DEBUG bench.orchestrators.augmentation augmentation.py:192: Augmentation output shapes: weak=(86, 4) strong=(86, 4) strong_1=None
2026-02-02 17:00:33,531 INFO bench.orchestrators.method_inductive method_inductive.py:441: Inductive method start: id=deep_co_training seed=398591604 device=auto dtype=float32 model=mlp
2026-02-02 17:00:33,531 DEBUG bench.orchestrators.method_inductive method_inductive.py:470: Inductive method params: {'lambda_cot': 1.0, 'lambda_dif': 1.0, 'adv_eps': 0.03, 'batch_size': 128, 'max_epochs': 50, 'freeze_bn': True, 'detach_target': True}
2026-02-02 17:00:33,531 INFO bench.orchestrators.method_inductive method_inductive.py:476: Inductive method data: n_labeled=22 n_unlabeled=86
2026-02-02 17:00:34,383 INFO modssc.inductive.methods.deep_co_training deep_co_training.py:209: Starting deep_co_training.fit
2026-02-02 17:00:34,383 DEBUG modssc.inductive.methods.deep_co_training deep_co_training.py:210: params lambda_cot=1.0 lambda_dif=1.0 adv_eps=0.03 batch_size=128 max_epochs=50 freeze_bn=True detach_target=True adv_clip_min=None adv_clip_max=None has_bundle_1=True has_bundle_2=True device=DeviceSpec(device='auto', dtype='float32') seed=398591604
2026-02-02 17:00:34,384 INFO modssc.inductive.methods.deep_co_training deep_co_training.py:263: Deep Co-Training sizes: n_labeled=22 n_unlabeled=86
2026-02-02 17:00:34,512 DEBUG modssc.inductive.methods.deep_co_training deep_co_training.py:478: Deep Co-Training epoch=0 step=0 loss=4.4656 sup=2.2686 cot=0.0022 dif=2.1948
2026-02-02 17:00:34,517 DEBUG modssc.inductive.methods.deep_co_training deep_co_training.py:478: Deep Co-Training epoch=1 step=0 loss=4.1549 sup=1.9785 cot=0.0011 dif=2.1753
2026-02-02 17:00:34,521 DEBUG modssc.inductive.methods.deep_co_training deep_co_training.py:478: Deep Co-Training epoch=2 step=0 loss=3.8651 sup=1.7345 cot=0.0014 dif=2.1292
2026-02-02 17:00:34,525 DEBUG modssc.inductive.methods.deep_co_training deep_co_training.py:478: Deep Co-Training epoch=3 step=0 loss=3.5720 sup=1.5185 cot=0.0017 dif=2.0518
2026-02-02 17:00:34,529 DEBUG modssc.inductive.methods.deep_co_training deep_co_training.py:478: Deep Co-Training epoch=4 step=0 loss=3.3134 sup=1.3606 cot=0.0017 dif=1.9510
2026-02-02 17:00:34,533 DEBUG modssc.inductive.methods.deep_co_training deep_co_training.py:478: Deep Co-Training epoch=5 step=0 loss=3.0202 sup=1.2013 cot=0.0022 dif=1.8168
2026-02-02 17:00:34,537 DEBUG modssc.inductive.methods.deep_co_training deep_co_training.py:478: Deep Co-Training epoch=6 step=0 loss=2.7825 sup=1.0842 cot=0.0021 dif=1.6962
2026-02-02 17:00:34,540 DEBUG modssc.inductive.methods.deep_co_training deep_co_training.py:478: Deep Co-Training epoch=7 step=0 loss=2.5926 sup=1.0206 cot=0.0018 dif=1.5702
2026-02-02 17:00:34,544 DEBUG modssc.inductive.methods.deep_co_training deep_co_training.py:478: Deep Co-Training epoch=8 step=0 loss=2.3958 sup=0.9431 cot=0.0018 dif=1.4510
2026-02-02 17:00:34,548 DEBUG modssc.inductive.methods.deep_co_training deep_co_training.py:478: Deep Co-Training epoch=9 step=0 loss=2.2323 sup=0.8666 cot=0.0015 dif=1.3641
2026-02-02 17:00:34,552 DEBUG modssc.inductive.methods.deep_co_training deep_co_training.py:478: Deep Co-Training epoch=10 step=0 loss=2.1080 sup=0.8199 cot=0.0014 dif=1.2867
2026-02-02 17:00:34,556 DEBUG modssc.inductive.methods.deep_co_training deep_co_training.py:478: Deep Co-Training epoch=11 step=0 loss=2.0108 sup=0.7955 cot=0.0011 dif=1.2142
2026-02-02 17:00:34,559 DEBUG modssc.inductive.methods.deep_co_training deep_co_training.py:478: Deep Co-Training epoch=12 step=0 loss=1.9338 sup=0.7730 cot=0.0018 dif=1.1590
2026-02-02 17:00:34,563 DEBUG modssc.inductive.methods.deep_co_training deep_co_training.py:478: Deep Co-Training epoch=13 step=0 loss=1.8249 sup=0.7027 cot=0.0019 dif=1.1202
2026-02-02 17:00:34,567 DEBUG modssc.inductive.methods.deep_co_training deep_co_training.py:478: Deep Co-Training epoch=14 step=0 loss=1.7733 sup=0.6921 cot=0.0017 dif=1.0794
2026-02-02 17:00:34,571 DEBUG modssc.inductive.methods.deep_co_training deep_co_training.py:478: Deep Co-Training epoch=15 step=0 loss=1.7361 sup=0.6844 cot=0.0015 dif=1.0503
2026-02-02 17:00:34,575 DEBUG modssc.inductive.methods.deep_co_training deep_co_training.py:478: Deep Co-Training epoch=16 step=0 loss=1.6332 sup=0.6150 cot=0.0017 dif=1.0165
2026-02-02 17:00:34,579 DEBUG modssc.inductive.methods.deep_co_training deep_co_training.py:478: Deep Co-Training epoch=17 step=0 loss=1.5787 sup=0.5933 cot=0.0020 dif=0.9833
2026-02-02 17:00:34,582 DEBUG modssc.inductive.methods.deep_co_training deep_co_training.py:478: Deep Co-Training epoch=18 step=0 loss=1.5358 sup=0.5799 cot=0.0022 dif=0.9536
2026-02-02 17:00:34,586 DEBUG modssc.inductive.methods.deep_co_training deep_co_training.py:478: Deep Co-Training epoch=19 step=0 loss=1.4772 sup=0.5591 cot=0.0017 dif=0.9164
2026-02-02 17:00:34,590 DEBUG modssc.inductive.methods.deep_co_training deep_co_training.py:478: Deep Co-Training epoch=20 step=0 loss=1.4410 sup=0.5417 cot=0.0016 dif=0.8977
2026-02-02 17:00:34,594 DEBUG modssc.inductive.methods.deep_co_training deep_co_training.py:478: Deep Co-Training epoch=21 step=0 loss=1.3887 sup=0.5170 cot=0.0025 dif=0.8692
2026-02-02 17:00:34,598 DEBUG modssc.inductive.methods.deep_co_training deep_co_training.py:478: Deep Co-Training epoch=22 step=0 loss=1.3314 sup=0.4925 cot=0.0018 dif=0.8370
2026-02-02 17:00:34,601 DEBUG modssc.inductive.methods.deep_co_training deep_co_training.py:478: Deep Co-Training epoch=23 step=0 loss=1.3128 sup=0.5016 cot=0.0018 dif=0.8094
2026-02-02 17:00:34,605 DEBUG modssc.inductive.methods.deep_co_training deep_co_training.py:478: Deep Co-Training epoch=24 step=0 loss=1.2418 sup=0.4484 cot=0.0024 dif=0.7910
2026-02-02 17:00:34,609 DEBUG modssc.inductive.methods.deep_co_training deep_co_training.py:478: Deep Co-Training epoch=25 step=0 loss=1.1968 sup=0.4398 cot=0.0019 dif=0.7551
2026-02-02 17:00:34,613 DEBUG modssc.inductive.methods.deep_co_training deep_co_training.py:478: Deep Co-Training epoch=26 step=0 loss=1.1322 sup=0.4100 cot=0.0021 dif=0.7201
2026-02-02 17:00:34,617 DEBUG modssc.inductive.methods.deep_co_training deep_co_training.py:478: Deep Co-Training epoch=27 step=0 loss=1.1147 sup=0.4094 cot=0.0017 dif=0.7036
2026-02-02 17:00:34,620 DEBUG modssc.inductive.methods.deep_co_training deep_co_training.py:478: Deep Co-Training epoch=28 step=0 loss=1.0681 sup=0.3865 cot=0.0027 dif=0.6790
2026-02-02 17:00:34,624 DEBUG modssc.inductive.methods.deep_co_training deep_co_training.py:478: Deep Co-Training epoch=29 step=0 loss=1.0520 sup=0.3873 cot=0.0029 dif=0.6618
2026-02-02 17:00:34,628 DEBUG modssc.inductive.methods.deep_co_training deep_co_training.py:478: Deep Co-Training epoch=30 step=0 loss=0.9885 sup=0.3499 cot=0.0025 dif=0.6362
2026-02-02 17:00:34,632 DEBUG modssc.inductive.methods.deep_co_training deep_co_training.py:478: Deep Co-Training epoch=31 step=0 loss=0.9666 sup=0.3488 cot=0.0029 dif=0.6149
2026-02-02 17:00:34,636 DEBUG modssc.inductive.methods.deep_co_training deep_co_training.py:478: Deep Co-Training epoch=32 step=0 loss=0.9107 sup=0.3292 cot=0.0019 dif=0.5795
2026-02-02 17:00:34,640 DEBUG modssc.inductive.methods.deep_co_training deep_co_training.py:478: Deep Co-Training epoch=33 step=0 loss=0.8810 sup=0.3096 cot=0.0034 dif=0.5680
2026-02-02 17:00:34,643 DEBUG modssc.inductive.methods.deep_co_training deep_co_training.py:478: Deep Co-Training epoch=34 step=0 loss=0.8626 sup=0.3036 cot=0.0035 dif=0.5555
2026-02-02 17:00:34,647 DEBUG modssc.inductive.methods.deep_co_training deep_co_training.py:478: Deep Co-Training epoch=35 step=0 loss=0.8196 sup=0.2807 cot=0.0027 dif=0.5362
2026-02-02 17:00:34,651 DEBUG modssc.inductive.methods.deep_co_training deep_co_training.py:478: Deep Co-Training epoch=36 step=0 loss=0.7845 sup=0.2601 cot=0.0025 dif=0.5219
2026-02-02 17:00:34,655 DEBUG modssc.inductive.methods.deep_co_training deep_co_training.py:478: Deep Co-Training epoch=37 step=0 loss=0.7492 sup=0.2434 cot=0.0036 dif=0.5022
2026-02-02 17:00:34,658 DEBUG modssc.inductive.methods.deep_co_training deep_co_training.py:478: Deep Co-Training epoch=38 step=0 loss=0.7430 sup=0.2461 cot=0.0021 dif=0.4947
2026-02-02 17:00:34,662 DEBUG modssc.inductive.methods.deep_co_training deep_co_training.py:478: Deep Co-Training epoch=39 step=0 loss=0.7176 sup=0.2373 cot=0.0025 dif=0.4778
2026-02-02 17:00:34,666 DEBUG modssc.inductive.methods.deep_co_training deep_co_training.py:478: Deep Co-Training epoch=40 step=0 loss=0.6773 sup=0.2057 cot=0.0026 dif=0.4690
2026-02-02 17:00:34,670 DEBUG modssc.inductive.methods.deep_co_training deep_co_training.py:478: Deep Co-Training epoch=41 step=0 loss=0.6483 sup=0.1911 cot=0.0032 dif=0.4540
2026-02-02 17:00:34,674 DEBUG modssc.inductive.methods.deep_co_training deep_co_training.py:478: Deep Co-Training epoch=42 step=0 loss=0.6325 sup=0.1947 cot=0.0029 dif=0.4349
2026-02-02 17:00:34,677 DEBUG modssc.inductive.methods.deep_co_training deep_co_training.py:478: Deep Co-Training epoch=43 step=0 loss=0.6334 sup=0.2117 cot=0.0032 dif=0.4185
2026-02-02 17:00:34,681 DEBUG modssc.inductive.methods.deep_co_training deep_co_training.py:478: Deep Co-Training epoch=44 step=0 loss=0.6186 sup=0.2081 cot=0.0037 dif=0.4068
2026-02-02 17:00:34,685 DEBUG modssc.inductive.methods.deep_co_training deep_co_training.py:478: Deep Co-Training epoch=45 step=0 loss=0.5693 sup=0.1685 cot=0.0035 dif=0.3974
2026-02-02 17:00:34,689 DEBUG modssc.inductive.methods.deep_co_training deep_co_training.py:478: Deep Co-Training epoch=46 step=0 loss=0.5172 sup=0.1369 cot=0.0025 dif=0.3779
2026-02-02 17:00:34,693 DEBUG modssc.inductive.methods.deep_co_training deep_co_training.py:478: Deep Co-Training epoch=47 step=0 loss=0.5385 sup=0.1609 cot=0.0033 dif=0.3743
2026-02-02 17:00:34,696 DEBUG modssc.inductive.methods.deep_co_training deep_co_training.py:478: Deep Co-Training epoch=48 step=0 loss=0.5360 sup=0.1539 cot=0.0042 dif=0.3779
2026-02-02 17:00:34,700 DEBUG modssc.inductive.methods.deep_co_training deep_co_training.py:478: Deep Co-Training epoch=49 step=0 loss=0.5109 sup=0.1458 cot=0.0037 dif=0.3614
2026-02-02 17:00:34,700 INFO modssc.inductive.methods.deep_co_training deep_co_training.py:491: Finished deep_co_training.fit in 0.317s
2026-02-02 17:00:34,700 INFO bench.orchestrators.method_inductive method_inductive.py:550: Inductive method done: id=deep_co_training duration_s=1.170
2026-02-02 17:00:34,701 INFO bench.orchestrators.evaluation evaluation.py:189: Evaluation (inductive): splits=['val', 'test'] metrics=['accuracy', 'macro_f1']
2026-02-02 17:00:34,704 INFO bench.orchestrators.evaluation evaluation.py:231: Evaluation (inductive) done: duration_s=0.004
2026-02-02 17:00:34,706 INFO bench.orchestrators.reporting reporting.py:54: Run summary written: /nfs/home/mbarbaux/ModSSC/runs/inductive/deep_co_training/tabular/iris/best_tabular_inductive_deep_co_training_iris-20260202T160032Z/run.json status=success duration_s=0.001
