2026-02-02 16:57:51,077 INFO bench.orchestrators.dataset dataset.py:36: Dataset start: id=breast_cancer download=True cache_dir=None
2026-02-02 16:57:51,077 DEBUG bench.orchestrators.dataset dataset.py:42: Dataset options: []
2026-02-02 16:57:51,081 DEBUG modssc.data_loader.providers __init__.py:38: Creating provider: openml
2026-02-02 16:57:51,081 DEBUG modssc.data_loader.api api.py:316: Resolved dataset id=breast_cancer provider=openml canonical_uri=openml:15
2026-02-02 16:57:51,081 INFO modssc.data_loader.api api.py:117: Dataset load: id=breast_cancer provider=openml version=None fingerprint=6dece738ab3dfc5f1500b389918a8723dfd218d54ba657c31846dda9cfbbc81f download=True force=False cache_dir=/nfs/home/mbarbaux/ModSSC/cache/datasets
2026-02-02 16:57:51,081 DEBUG modssc.data_loader.api api.py:127: Dataset resolved_kwargs: {'data_id': 15, 'name': None, 'version': None, 'as_frame': False, 'target_column': None, 'class_filter': None, 'max_samples': None, 'seed': None}
2026-02-02 16:57:51,083 DEBUG modssc.data_loader.api api.py:403: Loaded cached dataset: fingerprint=6dece738ab3dfc5f1500b389918a8723dfd218d54ba657c31846dda9cfbbc81f
2026-02-02 16:57:51,087 INFO modssc.data_loader.api api.py:133: Dataset cached: id=breast_cancer train=699 test=None n_classes=2 duration_s=0.010
2026-02-02 16:57:51,087 INFO bench.orchestrators.dataset dataset.py:54: Dataset loaded: train=699 test=None graph=False fingerprint=6dece738ab3dfc5f1500b389918a8723dfd218d54ba657c31846dda9cfbbc81f provider=openml
2026-02-02 16:57:51,087 INFO bench.orchestrators.dataset dataset.py:62: Dataset stage done: duration_s=0.010
2026-02-02 16:57:51,135 INFO bench.orchestrators.sampling sampling.py:86: Sampling start: seed=1 dataset_id=breast_cancer
2026-02-02 16:57:51,135 DEBUG bench.orchestrators.sampling sampling.py:87: Sampling plan: split={'kind': 'holdout', 'test_fraction': 0.2, 'val_fraction': 0.1, 'stratify': True, 'shuffle': True} labeling={'mode': 'fraction', 'value': 0.2, 'per_class': False, 'min_per_class': 1, 'strategy': 'balanced', 'fixed_indices': None} imbalance={'kind': 'none', 'apply_to': 'train', 'max_per_class': None, 'alpha': None, 'min_per_class': 1} policy={'respect_official_test': True, 'use_official_graph_masks': True, 'allow_override_official': False}
2026-02-02 16:57:51,135 DEBUG bench.orchestrators.sampling sampling.py:98: Sampling dataset_fingerprint=6dece738ab3dfc5f1500b389918a8723dfd218d54ba657c31846dda9cfbbc81f
2026-02-02 16:57:51,135 INFO modssc.sampling.api api.py:99: Sampling start: dataset_id=breast_cancer dataset_fingerprint=6dece738ab3dfc5f1500b389918a8723dfd218d54ba657c31846dda9cfbbc81f seed=1 graph=False split=holdout
2026-02-02 16:57:51,135 DEBUG modssc.sampling.api api.py:107: Sampling plan: {'split': {'kind': 'holdout', 'test_fraction': 0.2, 'val_fraction': 0.1, 'stratify': True, 'shuffle': True}, 'labeling': {'mode': 'fraction', 'value': 0.2, 'per_class': False, 'min_per_class': 1, 'strategy': 'balanced', 'fixed_indices': None}, 'imbalance': {'kind': 'none', 'apply_to': 'train', 'max_per_class': None, 'alpha': None, 'min_per_class': 1}, 'policy': {'respect_official_test': True, 'use_official_graph_masks': True, 'allow_override_official': False}}
2026-02-02 16:57:51,143 INFO modssc.sampling.api api.py:141: Sampling done: train=503 val=56 test=140 labeled=101 unlabeled=402 duration_s=0.008
2026-02-02 16:57:51,143 DEBUG modssc.sampling.api api.py:150: Sampling stats: {'policy': {'respect_official_test': True, 'has_official_test': False, 'test_ref': 'train'}, 'train': {'n': 503, 'classes': {'benign': 329, 'malignant': 174}}, 'val': {'n': 56, 'classes': {'benign': 37, 'malignant': 19}}, 'train_labeled': {'n': 101, 'classes': {'benign': 51, 'malignant': 50}}, 'train_unlabeled': {'n': 402}, 'test': {'n': 140, 'classes': {'benign': 92, 'malignant': 48}}}
2026-02-02 16:57:51,143 INFO bench.orchestrators.sampling sampling.py:123: Sampling result: train=503 val=56 test=140 labeled=101 unlabeled=402 graph=False
2026-02-02 16:57:51,143 DEBUG bench.orchestrators.sampling sampling.py:132: Sampling stats: {'policy': {'respect_official_test': True, 'has_official_test': False, 'test_ref': 'train'}, 'train': {'n': 503, 'classes': {'benign': 329, 'malignant': 174}}, 'val': {'n': 56, 'classes': {'benign': 37, 'malignant': 19}}, 'train_labeled': {'n': 101, 'classes': {'benign': 51, 'malignant': 50}}, 'train_unlabeled': {'n': 402}, 'test': {'n': 140, 'classes': {'benign': 92, 'malignant': 48}}}
2026-02-02 16:57:51,143 INFO bench.orchestrators.sampling sampling.py:133: Sampling stage done: duration_s=0.008
2026-02-02 16:57:51,143 INFO bench.orchestrators.preprocess preprocess.py:105: Preprocess start: seed=1 cache=True n_steps=6 fit_indices=101
2026-02-02 16:57:51,143 DEBUG bench.orchestrators.preprocess preprocess.py:112: Preprocess plan: output_key=features.X steps=['labels.encode', 'labels.to_torch', 'core.ensure_2d', 'tabular.impute', 'tabular.standard_scaler', 'core.to_torch']
2026-02-02 16:57:51,143 INFO modssc.preprocess.api api.py:490: Preprocess start: dataset_fp=6dece738ab3dfc5f1500b389918a8723dfd218d54ba657c31846dda9cfbbc81f steps=['labels.encode', 'labels.to_torch', 'core.ensure_2d', 'tabular.impute', 'tabular.standard_scaler', 'core.to_torch'] output_key=features.X seed=1 cache=True
2026-02-02 16:57:51,143 DEBUG modssc.preprocess.api api.py:498: Preprocess input shapes: train_X=(699, 9) train_y=(699,) test_X=None test_y=None
2026-02-02 16:57:51,143 INFO modssc.preprocess.api api.py:505: Preprocess input size: train_data=54.6 KB test_data=n/a
2026-02-02 16:57:51,143 DEBUG modssc.preprocess.api api.py:521: Preprocess step start: id=labels.encode index=0 kind=transform params={}
2026-02-02 16:57:51,146 DEBUG modssc.preprocess.api api.py:605: Preprocess step train outputs: id=labels.encode keys=['labels.classes', 'labels.y'] duration_s=0.002
2026-02-02 16:57:51,146 INFO modssc.preprocess.api api.py:679: Preprocess step done: id=labels.encode index=0 duration_s=0.002 train_data=54.6 KB test_data=n/a
2026-02-02 16:57:51,146 DEBUG modssc.preprocess.api api.py:521: Preprocess step start: id=labels.to_torch index=1 kind=transform params={'device': 'auto', 'dtype': 'int64'}
2026-02-02 16:57:51,243 DEBUG modssc.preprocess.api api.py:605: Preprocess step train outputs: id=labels.to_torch keys=['labels.y'] duration_s=0.098
2026-02-02 16:57:51,243 INFO modssc.preprocess.api api.py:267: Preprocess GPU device: device=cuda:0 model=NVIDIA L40
2026-02-02 16:57:51,244 INFO modssc.preprocess.api api.py:679: Preprocess step done: id=labels.to_torch index=1 duration_s=0.098 train_data=54.6 KB test_data=n/a
2026-02-02 16:57:51,244 DEBUG modssc.preprocess.api api.py:521: Preprocess step start: id=core.ensure_2d index=2 kind=transform params={}
2026-02-02 16:57:51,246 DEBUG modssc.preprocess.api api.py:605: Preprocess step train outputs: id=core.ensure_2d keys=['features.X'] duration_s=0.002
2026-02-02 16:57:51,246 INFO modssc.preprocess.api api.py:679: Preprocess step done: id=core.ensure_2d index=2 duration_s=0.002 train_data=54.6 KB test_data=n/a
2026-02-02 16:57:51,246 DEBUG modssc.preprocess.api api.py:521: Preprocess step start: id=tabular.impute index=3 kind=fittable params={}
2026-02-02 16:57:52,095 DEBUG modssc.preprocess.api api.py:605: Preprocess step train outputs: id=tabular.impute keys=['features.X'] duration_s=0.849
2026-02-02 16:57:52,095 INFO modssc.preprocess.api api.py:679: Preprocess step done: id=tabular.impute index=3 duration_s=0.849 train_data=54.6 KB test_data=n/a
2026-02-02 16:57:52,095 DEBUG modssc.preprocess.api api.py:521: Preprocess step start: id=tabular.standard_scaler index=4 kind=fittable params={}
2026-02-02 16:57:52,097 DEBUG modssc.preprocess.api api.py:605: Preprocess step train outputs: id=tabular.standard_scaler keys=['features.X'] duration_s=0.002
2026-02-02 16:57:52,097 INFO modssc.preprocess.api api.py:679: Preprocess step done: id=tabular.standard_scaler index=4 duration_s=0.002 train_data=30.0 KB test_data=n/a
2026-02-02 16:57:52,097 DEBUG modssc.preprocess.api api.py:521: Preprocess step start: id=core.to_torch index=5 kind=transform params={'device': 'auto', 'dtype': 'float32'}
2026-02-02 16:57:52,100 DEBUG modssc.preprocess.api api.py:605: Preprocess step train outputs: id=core.to_torch keys=['features.X'] duration_s=0.002
2026-02-02 16:57:52,100 INFO modssc.preprocess.api api.py:679: Preprocess step done: id=core.to_torch index=5 duration_s=0.002 train_data=30.0 KB test_data=n/a
2026-02-02 16:57:52,100 INFO modssc.preprocess.api api.py:730: Preprocess done: dataset_fp=6dece738ab3dfc5f1500b389918a8723dfd218d54ba657c31846dda9cfbbc81f duration_s=0.957 train_X=(699, 9) test_X=None
2026-02-02 16:57:52,100 INFO bench.orchestrators.preprocess preprocess.py:124: Preprocess result: fingerprint=preprocess:e8e31b503533acb1dd05d9db0c55e174d3debbf7553704fffeddcdd394c40699 plan_fingerprint=resolved_plan:2fd28781de548db14dc25cb730c4a58beda13172ed36f45b2cc1411caf334e69 cache_dir=/nfs/home/mbarbaux/ModSSC/cache/preprocess/6dece738ab3dfc5f1500b389918a8723dfd218d54ba657c31846dda9cfbbc81f skipped=[]
2026-02-02 16:57:52,100 DEBUG bench.orchestrators.preprocess preprocess.py:131: Preprocess output shapes: train_X=(699, 9) test_X=None
2026-02-02 16:57:52,100 INFO bench.orchestrators.preprocess preprocess.py:136: Preprocess stage done: duration_s=0.957
2026-02-02 16:57:52,116 INFO bench.orchestrators.augmentation augmentation.py:66: Augmentation start: mode=fixed modality=tabular seed=1 n_samples=402 strong_views=1
2026-02-02 16:57:52,116 DEBUG bench.orchestrators.augmentation augmentation.py:74: Augmentation steps: weak=['tabular.gaussian_noise'] strong=['tabular.swap_noise']
2026-02-02 16:57:52,199 INFO bench.orchestrators.augmentation augmentation.py:191: Augmentation done: duration_s=0.084
2026-02-02 16:57:52,200 DEBUG bench.orchestrators.augmentation augmentation.py:192: Augmentation output shapes: weak=(402, 9) strong=(402, 9) strong_1=None
2026-02-02 16:57:52,200 INFO bench.orchestrators.method_inductive method_inductive.py:441: Inductive method start: id=trinet seed=398591604 device=auto dtype=float32 model=mlp
2026-02-02 16:57:52,200 DEBUG bench.orchestrators.method_inductive method_inductive.py:470: Inductive method params: {'max_rounds': 30, 'pool_base': 1000}
2026-02-02 16:57:52,200 INFO bench.orchestrators.method_inductive method_inductive.py:476: Inductive method data: n_labeled=101 n_unlabeled=402
2026-02-02 16:57:53,093 INFO modssc.inductive.methods.trinet trinet.py:395: Starting trinet.fit
2026-02-02 16:57:53,093 DEBUG modssc.inductive.methods.trinet trinet.py:396: spec=TriNetSpec(shared_bundle=TorchModelBundle(model=Sequential(
  (0): Linear(in_features=9, out_features=256, bias=True)
  (1): ReLU()
  (2): Dropout(p=0.1, inplace=False)
  (3): Linear(in_features=256, out_features=256, bias=True)
  (4): ReLU()
  (5): Dropout(p=0.1, inplace=False)
  (6): Linear(in_features=256, out_features=2, bias=True)
), optimizer=AdamW (
Parameter Group 0
    amsgrad: False
    betas: (0.9, 0.999)
    capturable: False
    decoupled_weight_decay: True
    differentiable: False
    eps: 1e-08
    foreach: None
    fused: None
    lr: 0.001
    maximize: False
    weight_decay: 0.0
), ema_model=None, scheduler=None, scaler=None, meta=None), head_bundles=(TorchModelBundle(model=Sequential(
  (0): Linear(in_features=2, out_features=256, bias=True)
  (1): ReLU()
  (2): Dropout(p=0.1, inplace=False)
  (3): Linear(in_features=256, out_features=256, bias=True)
  (4): ReLU()
  (5): Dropout(p=0.1, inplace=False)
  (6): Linear(in_features=256, out_features=2, bias=True)
), optimizer=AdamW (
Parameter Group 0
    amsgrad: False
    betas: (0.9, 0.999)
    capturable: False
    decoupled_weight_decay: True
    differentiable: False
    eps: 1e-08
    foreach: None
    fused: None
    lr: 0.001
    maximize: False
    weight_decay: 0.0
), ema_model=None, scheduler=None, scaler=None, meta=None), TorchModelBundle(model=Sequential(
  (0): Linear(in_features=2, out_features=256, bias=True)
  (1): ReLU()
  (2): Dropout(p=0.1, inplace=False)
  (3): Linear(in_features=256, out_features=256, bias=True)
  (4): ReLU()
  (5): Dropout(p=0.1, inplace=False)
  (6): Linear(in_features=256, out_features=2, bias=True)
), optimizer=AdamW (
Parameter Group 0
    amsgrad: False
    betas: (0.9, 0.999)
    capturable: False
    decoupled_weight_decay: True
    differentiable: False
    eps: 1e-08
    foreach: None
    fused: None
    lr: 0.001
    maximize: False
    weight_decay: 0.0
), ema_model=None, scheduler=None, scaler=None, meta=None), TorchModelBundle(model=Sequential(
  (0): Linear(in_features=2, out_features=256, bias=True)
  (1): ReLU()
  (2): Dropout(p=0.1, inplace=False)
  (3): Linear(in_features=256, out_features=256, bias=True)
  (4): ReLU()
  (5): Dropout(p=0.1, inplace=False)
  (6): Linear(in_features=256, out_features=2, bias=True)
), optimizer=AdamW (
Parameter Group 0
    amsgrad: False
    betas: (0.9, 0.999)
    capturable: False
    decoupled_weight_decay: True
    differentiable: False
    eps: 1e-08
    foreach: None
    fused: None
    lr: 0.001
    maximize: False
    weight_decay: 0.0
), ema_model=None, scheduler=None, scaler=None, meta=None)), sigma0=0.95, sigma_os=0.25, sigma_decay=0.05, output_smearing_std=0.05, pool_base=1000, max_rounds=30, fine_tune_interval=4, batch_size=16, init_epochs=1, train_epochs=1, des_passes=6, des_drop_fraction=0.3333333333333333, labeling_stability_passes=1, freeze_bn=True) device=DeviceSpec(device='auto', dtype='float32') seed=398591604
2026-02-02 16:57:53,094 INFO modssc.inductive.methods.trinet trinet.py:413: TriNet sizes: n_labeled=101 n_unlabeled=402
2026-02-02 16:57:53,492 DEBUG modssc.inductive.methods.trinet trinet.py:585: TriNet round=1 pool=402 sigma_t=0.700 pseudo=[395, 401, 401]
2026-02-02 16:57:53,738 DEBUG modssc.inductive.methods.trinet trinet.py:585: TriNet round=2 pool=402 sigma_t=0.950 pseudo=[388, 378, 374]
2026-02-02 16:57:53,971 DEBUG modssc.inductive.methods.trinet trinet.py:585: TriNet round=3 pool=402 sigma_t=0.950 pseudo=[374, 346, 359]
2026-02-02 16:57:54,248 DEBUG modssc.inductive.methods.trinet trinet.py:585: TriNet round=5 pool=402 sigma_t=0.650 pseudo=[383, 396, 396]
2026-02-02 16:57:54,499 DEBUG modssc.inductive.methods.trinet trinet.py:585: TriNet round=6 pool=402 sigma_t=0.900 pseudo=[387, 389, 392]
2026-02-02 16:57:54,750 DEBUG modssc.inductive.methods.trinet trinet.py:585: TriNet round=7 pool=402 sigma_t=0.900 pseudo=[394, 396, 396]
2026-02-02 16:57:55,028 DEBUG modssc.inductive.methods.trinet trinet.py:585: TriNet round=9 pool=402 sigma_t=0.600 pseudo=[401, 395, 396]
2026-02-02 16:57:55,282 DEBUG modssc.inductive.methods.trinet trinet.py:585: TriNet round=10 pool=402 sigma_t=0.850 pseudo=[393, 396, 396]
2026-02-02 16:57:55,535 DEBUG modssc.inductive.methods.trinet trinet.py:585: TriNet round=11 pool=402 sigma_t=0.850 pseudo=[398, 398, 399]
2026-02-02 16:57:55,814 DEBUG modssc.inductive.methods.trinet trinet.py:585: TriNet round=13 pool=402 sigma_t=0.550 pseudo=[398, 399, 401]
2026-02-02 16:57:56,071 DEBUG modssc.inductive.methods.trinet trinet.py:585: TriNet round=14 pool=402 sigma_t=0.800 pseudo=[399, 401, 401]
2026-02-02 16:57:56,330 DEBUG modssc.inductive.methods.trinet trinet.py:585: TriNet round=15 pool=402 sigma_t=0.800 pseudo=[401, 401, 400]
2026-02-02 16:57:56,615 DEBUG modssc.inductive.methods.trinet trinet.py:585: TriNet round=17 pool=402 sigma_t=0.500 pseudo=[401, 402, 401]
2026-02-02 16:57:56,873 DEBUG modssc.inductive.methods.trinet trinet.py:585: TriNet round=18 pool=402 sigma_t=0.750 pseudo=[400, 401, 400]
2026-02-02 16:57:57,132 DEBUG modssc.inductive.methods.trinet trinet.py:585: TriNet round=19 pool=402 sigma_t=0.750 pseudo=[401, 401, 402]
2026-02-02 16:57:57,417 DEBUG modssc.inductive.methods.trinet trinet.py:585: TriNet round=21 pool=402 sigma_t=0.450 pseudo=[399, 400, 400]
2026-02-02 16:57:57,673 DEBUG modssc.inductive.methods.trinet trinet.py:585: TriNet round=22 pool=402 sigma_t=0.700 pseudo=[398, 400, 400]
2026-02-02 16:57:57,948 DEBUG modssc.inductive.methods.trinet trinet.py:585: TriNet round=23 pool=402 sigma_t=0.700 pseudo=[402, 401, 401]
2026-02-02 16:57:58,274 DEBUG modssc.inductive.methods.trinet trinet.py:585: TriNet round=25 pool=402 sigma_t=0.400 pseudo=[401, 402, 402]
2026-02-02 16:57:58,530 DEBUG modssc.inductive.methods.trinet trinet.py:585: TriNet round=26 pool=402 sigma_t=0.650 pseudo=[402, 399, 399]
2026-02-02 16:57:58,787 DEBUG modssc.inductive.methods.trinet trinet.py:585: TriNet round=27 pool=402 sigma_t=0.650 pseudo=[399, 400, 401]
2026-02-02 16:57:59,061 DEBUG modssc.inductive.methods.trinet trinet.py:585: TriNet round=29 pool=402 sigma_t=0.350 pseudo=[402, 402, 402]
2026-02-02 16:57:59,314 DEBUG modssc.inductive.methods.trinet trinet.py:585: TriNet round=30 pool=402 sigma_t=0.600 pseudo=[402, 402, 402]
2026-02-02 16:57:59,314 INFO modssc.inductive.methods.trinet trinet.py:596: Finished trinet.fit in 6.221s
2026-02-02 16:57:59,314 INFO bench.orchestrators.method_inductive method_inductive.py:550: Inductive method done: id=trinet duration_s=7.114
2026-02-02 16:57:59,314 INFO bench.orchestrators.evaluation evaluation.py:189: Evaluation (inductive): splits=['val', 'test'] metrics=['accuracy', 'macro_f1']
2026-02-02 16:57:59,317 INFO bench.orchestrators.evaluation evaluation.py:231: Evaluation (inductive) done: duration_s=0.003
2026-02-02 16:57:59,320 INFO bench.orchestrators.reporting reporting.py:54: Run summary written: /nfs/home/mbarbaux/ModSSC/runs/inductive/trinet/tabular/breast_cancer/best_tabular_trinet_breast_cancer-20260202T155751Z/run.json status=success duration_s=0.003
