2026-02-02 17:01:45,236 INFO bench.orchestrators.dataset dataset.py:36: Dataset start: id=iris download=True cache_dir=None
2026-02-02 17:01:45,236 DEBUG bench.orchestrators.dataset dataset.py:42: Dataset options: []
2026-02-02 17:01:45,239 DEBUG modssc.data_loader.providers __init__.py:38: Creating provider: openml
2026-02-02 17:01:45,240 DEBUG modssc.data_loader.api api.py:316: Resolved dataset id=iris provider=openml canonical_uri=openml:61
2026-02-02 17:01:45,240 INFO modssc.data_loader.api api.py:117: Dataset load: id=iris provider=openml version=None fingerprint=ba055ddc9f9ca1b72ab8a14217263923c7ce2466a9ada1892118d69873fd8572 download=True force=False cache_dir=/nfs/home/mbarbaux/ModSSC/cache/datasets
2026-02-02 17:01:45,240 DEBUG modssc.data_loader.api api.py:127: Dataset resolved_kwargs: {'data_id': 61, 'name': None, 'version': None, 'as_frame': False, 'target_column': None, 'class_filter': None, 'max_samples': None, 'seed': None}
2026-02-02 17:01:45,241 DEBUG modssc.data_loader.api api.py:403: Loaded cached dataset: fingerprint=ba055ddc9f9ca1b72ab8a14217263923c7ce2466a9ada1892118d69873fd8572
2026-02-02 17:01:45,246 INFO modssc.data_loader.api api.py:133: Dataset cached: id=iris train=150 test=None n_classes=3 duration_s=0.009
2026-02-02 17:01:45,246 INFO bench.orchestrators.dataset dataset.py:54: Dataset loaded: train=150 test=None graph=False fingerprint=ba055ddc9f9ca1b72ab8a14217263923c7ce2466a9ada1892118d69873fd8572 provider=openml
2026-02-02 17:01:45,246 INFO bench.orchestrators.dataset dataset.py:62: Dataset stage done: duration_s=0.010
2026-02-02 17:01:45,294 INFO bench.orchestrators.sampling sampling.py:86: Sampling start: seed=1 dataset_id=iris
2026-02-02 17:01:45,294 DEBUG bench.orchestrators.sampling sampling.py:87: Sampling plan: split={'kind': 'holdout', 'test_fraction': 0.2, 'val_fraction': 0.1, 'stratify': True, 'shuffle': True} labeling={'mode': 'fraction', 'value': 0.2, 'per_class': False, 'min_per_class': 1, 'strategy': 'balanced', 'fixed_indices': None} imbalance={'kind': 'none', 'apply_to': 'train', 'max_per_class': None, 'alpha': None, 'min_per_class': 1} policy={'respect_official_test': True, 'use_official_graph_masks': True, 'allow_override_official': False}
2026-02-02 17:01:45,294 DEBUG bench.orchestrators.sampling sampling.py:98: Sampling dataset_fingerprint=ba055ddc9f9ca1b72ab8a14217263923c7ce2466a9ada1892118d69873fd8572
2026-02-02 17:01:45,294 INFO modssc.sampling.api api.py:99: Sampling start: dataset_id=iris dataset_fingerprint=ba055ddc9f9ca1b72ab8a14217263923c7ce2466a9ada1892118d69873fd8572 seed=1 graph=False split=holdout
2026-02-02 17:01:45,294 DEBUG modssc.sampling.api api.py:107: Sampling plan: {'split': {'kind': 'holdout', 'test_fraction': 0.2, 'val_fraction': 0.1, 'stratify': True, 'shuffle': True}, 'labeling': {'mode': 'fraction', 'value': 0.2, 'per_class': False, 'min_per_class': 1, 'strategy': 'balanced', 'fixed_indices': None}, 'imbalance': {'kind': 'none', 'apply_to': 'train', 'max_per_class': None, 'alpha': None, 'min_per_class': 1}, 'policy': {'respect_official_test': True, 'use_official_graph_masks': True, 'allow_override_official': False}}
2026-02-02 17:01:45,304 INFO modssc.sampling.api api.py:141: Sampling done: train=108 val=12 test=30 labeled=22 unlabeled=86 duration_s=0.010
2026-02-02 17:01:45,304 DEBUG modssc.sampling.api api.py:150: Sampling stats: {'policy': {'respect_official_test': True, 'has_official_test': False, 'test_ref': 'train'}, 'train': {'n': 108, 'classes': {'Iris-setosa': 36, 'Iris-versicolor': 36, 'Iris-virginica': 36}}, 'val': {'n': 12, 'classes': {'Iris-setosa': 4, 'Iris-versicolor': 4, 'Iris-virginica': 4}}, 'train_labeled': {'n': 22, 'classes': {'Iris-setosa': 8, 'Iris-versicolor': 7, 'Iris-virginica': 7}}, 'train_unlabeled': {'n': 86}, 'test': {'n': 30, 'classes': {'Iris-setosa': 10, 'Iris-versicolor': 10, 'Iris-virginica': 10}}}
2026-02-02 17:01:45,304 INFO bench.orchestrators.sampling sampling.py:123: Sampling result: train=108 val=12 test=30 labeled=22 unlabeled=86 graph=False
2026-02-02 17:01:45,305 DEBUG bench.orchestrators.sampling sampling.py:132: Sampling stats: {'policy': {'respect_official_test': True, 'has_official_test': False, 'test_ref': 'train'}, 'train': {'n': 108, 'classes': {'Iris-setosa': 36, 'Iris-versicolor': 36, 'Iris-virginica': 36}}, 'val': {'n': 12, 'classes': {'Iris-setosa': 4, 'Iris-versicolor': 4, 'Iris-virginica': 4}}, 'train_labeled': {'n': 22, 'classes': {'Iris-setosa': 8, 'Iris-versicolor': 7, 'Iris-virginica': 7}}, 'train_unlabeled': {'n': 86}, 'test': {'n': 30, 'classes': {'Iris-setosa': 10, 'Iris-versicolor': 10, 'Iris-virginica': 10}}}
2026-02-02 17:01:45,305 INFO bench.orchestrators.sampling sampling.py:133: Sampling stage done: duration_s=0.010
2026-02-02 17:01:45,305 INFO bench.orchestrators.preprocess preprocess.py:105: Preprocess start: seed=1 cache=True n_steps=6 fit_indices=22
2026-02-02 17:01:45,305 DEBUG bench.orchestrators.preprocess preprocess.py:112: Preprocess plan: output_key=features.X steps=['labels.encode', 'labels.to_torch', 'core.ensure_2d', 'tabular.impute', 'tabular.standard_scaler', 'core.to_torch']
2026-02-02 17:01:45,305 INFO modssc.preprocess.api api.py:490: Preprocess start: dataset_fp=ba055ddc9f9ca1b72ab8a14217263923c7ce2466a9ada1892118d69873fd8572 steps=['labels.encode', 'labels.to_torch', 'core.ensure_2d', 'tabular.impute', 'tabular.standard_scaler', 'core.to_torch'] output_key=features.X seed=1 cache=True
2026-02-02 17:01:45,305 DEBUG modssc.preprocess.api api.py:498: Preprocess input shapes: train_X=(150, 4) train_y=(150,) test_X=None test_y=None
2026-02-02 17:01:45,305 INFO modssc.preprocess.api api.py:505: Preprocess input size: train_data=5.9 KB test_data=n/a
2026-02-02 17:01:45,305 DEBUG modssc.preprocess.api api.py:521: Preprocess step start: id=labels.encode index=0 kind=transform params={}
2026-02-02 17:01:45,307 DEBUG modssc.preprocess.api api.py:605: Preprocess step train outputs: id=labels.encode keys=['labels.classes', 'labels.y'] duration_s=0.002
2026-02-02 17:01:45,307 INFO modssc.preprocess.api api.py:679: Preprocess step done: id=labels.encode index=0 duration_s=0.002 train_data=5.9 KB test_data=n/a
2026-02-02 17:01:45,307 DEBUG modssc.preprocess.api api.py:521: Preprocess step start: id=labels.to_torch index=1 kind=transform params={'device': 'auto', 'dtype': 'int64'}
2026-02-02 17:01:45,405 DEBUG modssc.preprocess.api api.py:605: Preprocess step train outputs: id=labels.to_torch keys=['labels.y'] duration_s=0.097
2026-02-02 17:01:45,405 INFO modssc.preprocess.api api.py:267: Preprocess GPU device: device=cuda:0 model=NVIDIA L40
2026-02-02 17:01:45,405 INFO modssc.preprocess.api api.py:679: Preprocess step done: id=labels.to_torch index=1 duration_s=0.098 train_data=5.9 KB test_data=n/a
2026-02-02 17:01:45,405 DEBUG modssc.preprocess.api api.py:521: Preprocess step start: id=core.ensure_2d index=2 kind=transform params={}
2026-02-02 17:01:45,407 DEBUG modssc.preprocess.api api.py:605: Preprocess step train outputs: id=core.ensure_2d keys=['features.X'] duration_s=0.002
2026-02-02 17:01:45,407 INFO modssc.preprocess.api api.py:679: Preprocess step done: id=core.ensure_2d index=2 duration_s=0.002 train_data=5.9 KB test_data=n/a
2026-02-02 17:01:45,407 DEBUG modssc.preprocess.api api.py:521: Preprocess step start: id=tabular.impute index=3 kind=fittable params={}
2026-02-02 17:01:46,342 DEBUG modssc.preprocess.api api.py:605: Preprocess step train outputs: id=tabular.impute keys=['features.X'] duration_s=0.935
2026-02-02 17:01:46,342 INFO modssc.preprocess.api api.py:679: Preprocess step done: id=tabular.impute index=3 duration_s=0.935 train_data=5.9 KB test_data=n/a
2026-02-02 17:01:46,342 DEBUG modssc.preprocess.api api.py:521: Preprocess step start: id=tabular.standard_scaler index=4 kind=fittable params={}
2026-02-02 17:01:46,344 DEBUG modssc.preprocess.api api.py:605: Preprocess step train outputs: id=tabular.standard_scaler keys=['features.X'] duration_s=0.001
2026-02-02 17:01:46,344 INFO modssc.preprocess.api api.py:679: Preprocess step done: id=tabular.standard_scaler index=4 duration_s=0.001 train_data=3.5 KB test_data=n/a
2026-02-02 17:01:46,344 DEBUG modssc.preprocess.api api.py:521: Preprocess step start: id=core.to_torch index=5 kind=transform params={'device': 'auto', 'dtype': 'float32'}
2026-02-02 17:01:46,345 DEBUG modssc.preprocess.api api.py:605: Preprocess step train outputs: id=core.to_torch keys=['features.X'] duration_s=0.001
2026-02-02 17:01:46,345 INFO modssc.preprocess.api api.py:679: Preprocess step done: id=core.to_torch index=5 duration_s=0.001 train_data=3.5 KB test_data=n/a
2026-02-02 17:01:46,345 INFO modssc.preprocess.api api.py:730: Preprocess done: dataset_fp=ba055ddc9f9ca1b72ab8a14217263923c7ce2466a9ada1892118d69873fd8572 duration_s=1.040 train_X=(150, 4) test_X=None
2026-02-02 17:01:46,345 INFO bench.orchestrators.preprocess preprocess.py:124: Preprocess result: fingerprint=preprocess:75598ed099a81a08799b66a7d3baf5526adf278e3ed02c30f4109069d7106690 plan_fingerprint=resolved_plan:2fd28781de548db14dc25cb730c4a58beda13172ed36f45b2cc1411caf334e69 cache_dir=/nfs/home/mbarbaux/ModSSC/cache/preprocess/ba055ddc9f9ca1b72ab8a14217263923c7ce2466a9ada1892118d69873fd8572 skipped=[]
2026-02-02 17:01:46,345 DEBUG bench.orchestrators.preprocess preprocess.py:131: Preprocess output shapes: train_X=(150, 4) test_X=None
2026-02-02 17:01:46,345 INFO bench.orchestrators.preprocess preprocess.py:136: Preprocess stage done: duration_s=1.041
2026-02-02 17:01:46,360 INFO bench.orchestrators.augmentation augmentation.py:66: Augmentation start: mode=fixed modality=tabular seed=1 n_samples=86 strong_views=1
2026-02-02 17:01:46,360 DEBUG bench.orchestrators.augmentation augmentation.py:74: Augmentation steps: weak=['tabular.gaussian_noise'] strong=['tabular.swap_noise']
2026-02-02 17:01:46,398 INFO bench.orchestrators.augmentation augmentation.py:191: Augmentation done: duration_s=0.038
2026-02-02 17:01:46,398 DEBUG bench.orchestrators.augmentation augmentation.py:192: Augmentation output shapes: weak=(86, 4) strong=(86, 4) strong_1=None
2026-02-02 17:01:46,398 INFO bench.orchestrators.method_inductive method_inductive.py:441: Inductive method start: id=temporal_ensembling seed=398591604 device=auto dtype=float32 model=mlp
2026-02-02 17:01:46,398 DEBUG bench.orchestrators.method_inductive method_inductive.py:470: Inductive method params: {'lambda_u': 1.0, 'unsup_warm_up': 0.4, 'batch_size': 128, 'max_epochs': 50, 'alpha': 0.6, 'freeze_bn': True, 'detach_target': True}
2026-02-02 17:01:46,398 INFO bench.orchestrators.method_inductive method_inductive.py:476: Inductive method data: n_labeled=22 n_unlabeled=86
2026-02-02 17:01:47,254 INFO modssc.inductive.methods.temporal_ensembling temporal_ensembling.py:70: Starting temporal_ensembling.fit
2026-02-02 17:01:47,255 DEBUG modssc.inductive.methods.temporal_ensembling temporal_ensembling.py:71: params lambda_u=1.0 unsup_warm_up=0.4 batch_size=128 max_epochs=50 alpha=0.6 freeze_bn=True detach_target=True has_model_bundle=True device=DeviceSpec(device='auto', dtype='float32') seed=398591604
2026-02-02 17:01:47,255 INFO modssc.inductive.methods.temporal_ensembling temporal_ensembling.py:104: Temporal Ensembling sizes: n_labeled=22 n_unlabeled=86
2026-02-02 17:01:47,355 DEBUG modssc.inductive.methods.temporal_ensembling temporal_ensembling.py:231: TemporalEnsembling epoch=0 warm=0.000 sup_loss=1.1297 unsup_loss=0.1122 alpha=0.6
2026-02-02 17:01:47,392 DEBUG modssc.inductive.methods.temporal_ensembling temporal_ensembling.py:231: TemporalEnsembling epoch=1 warm=0.050 sup_loss=0.9875 unsup_loss=0.0177 alpha=0.6
2026-02-02 17:01:47,394 DEBUG modssc.inductive.methods.temporal_ensembling temporal_ensembling.py:231: TemporalEnsembling epoch=2 warm=0.100 sup_loss=0.8484 unsup_loss=0.0084 alpha=0.6
2026-02-02 17:01:47,396 DEBUG modssc.inductive.methods.temporal_ensembling temporal_ensembling.py:231: TemporalEnsembling epoch=3 warm=0.150 sup_loss=0.7520 unsup_loss=0.0080 alpha=0.6
2026-02-02 17:01:47,398 DEBUG modssc.inductive.methods.temporal_ensembling temporal_ensembling.py:231: TemporalEnsembling epoch=4 warm=0.200 sup_loss=0.6573 unsup_loss=0.0084 alpha=0.6
2026-02-02 17:01:47,400 DEBUG modssc.inductive.methods.temporal_ensembling temporal_ensembling.py:231: TemporalEnsembling epoch=5 warm=0.250 sup_loss=0.5957 unsup_loss=0.0079 alpha=0.6
2026-02-02 17:01:47,402 DEBUG modssc.inductive.methods.temporal_ensembling temporal_ensembling.py:231: TemporalEnsembling epoch=6 warm=0.300 sup_loss=0.5468 unsup_loss=0.0063 alpha=0.6
2026-02-02 17:01:47,403 DEBUG modssc.inductive.methods.temporal_ensembling temporal_ensembling.py:231: TemporalEnsembling epoch=7 warm=0.350 sup_loss=0.5067 unsup_loss=0.0055 alpha=0.6
2026-02-02 17:01:47,405 DEBUG modssc.inductive.methods.temporal_ensembling temporal_ensembling.py:231: TemporalEnsembling epoch=8 warm=0.400 sup_loss=0.4615 unsup_loss=0.0044 alpha=0.6
2026-02-02 17:01:47,407 DEBUG modssc.inductive.methods.temporal_ensembling temporal_ensembling.py:231: TemporalEnsembling epoch=9 warm=0.450 sup_loss=0.4505 unsup_loss=0.0028 alpha=0.6
2026-02-02 17:01:47,409 DEBUG modssc.inductive.methods.temporal_ensembling temporal_ensembling.py:231: TemporalEnsembling epoch=10 warm=0.500 sup_loss=0.4315 unsup_loss=0.0022 alpha=0.6
2026-02-02 17:01:47,410 DEBUG modssc.inductive.methods.temporal_ensembling temporal_ensembling.py:231: TemporalEnsembling epoch=11 warm=0.550 sup_loss=0.3880 unsup_loss=0.0016 alpha=0.6
2026-02-02 17:01:47,412 DEBUG modssc.inductive.methods.temporal_ensembling temporal_ensembling.py:231: TemporalEnsembling epoch=12 warm=0.600 sup_loss=0.3928 unsup_loss=0.0017 alpha=0.6
2026-02-02 17:01:47,414 DEBUG modssc.inductive.methods.temporal_ensembling temporal_ensembling.py:231: TemporalEnsembling epoch=13 warm=0.650 sup_loss=0.3781 unsup_loss=0.0013 alpha=0.6
2026-02-02 17:01:47,416 DEBUG modssc.inductive.methods.temporal_ensembling temporal_ensembling.py:231: TemporalEnsembling epoch=14 warm=0.700 sup_loss=0.3304 unsup_loss=0.0015 alpha=0.6
2026-02-02 17:01:47,417 DEBUG modssc.inductive.methods.temporal_ensembling temporal_ensembling.py:231: TemporalEnsembling epoch=15 warm=0.750 sup_loss=0.3408 unsup_loss=0.0012 alpha=0.6
2026-02-02 17:01:47,419 DEBUG modssc.inductive.methods.temporal_ensembling temporal_ensembling.py:231: TemporalEnsembling epoch=16 warm=0.800 sup_loss=0.3089 unsup_loss=0.0011 alpha=0.6
2026-02-02 17:01:47,421 DEBUG modssc.inductive.methods.temporal_ensembling temporal_ensembling.py:231: TemporalEnsembling epoch=17 warm=0.850 sup_loss=0.3197 unsup_loss=0.0013 alpha=0.6
2026-02-02 17:01:47,423 DEBUG modssc.inductive.methods.temporal_ensembling temporal_ensembling.py:231: TemporalEnsembling epoch=18 warm=0.900 sup_loss=0.3119 unsup_loss=0.0011 alpha=0.6
2026-02-02 17:01:47,424 DEBUG modssc.inductive.methods.temporal_ensembling temporal_ensembling.py:231: TemporalEnsembling epoch=19 warm=0.950 sup_loss=0.2875 unsup_loss=0.0012 alpha=0.6
2026-02-02 17:01:47,426 DEBUG modssc.inductive.methods.temporal_ensembling temporal_ensembling.py:231: TemporalEnsembling epoch=20 warm=1.000 sup_loss=0.2810 unsup_loss=0.0008 alpha=0.6
2026-02-02 17:01:47,428 DEBUG modssc.inductive.methods.temporal_ensembling temporal_ensembling.py:231: TemporalEnsembling epoch=21 warm=1.000 sup_loss=0.2632 unsup_loss=0.0008 alpha=0.6
2026-02-02 17:01:47,430 DEBUG modssc.inductive.methods.temporal_ensembling temporal_ensembling.py:231: TemporalEnsembling epoch=22 warm=1.000 sup_loss=0.2685 unsup_loss=0.0011 alpha=0.6
2026-02-02 17:01:47,431 DEBUG modssc.inductive.methods.temporal_ensembling temporal_ensembling.py:231: TemporalEnsembling epoch=23 warm=1.000 sup_loss=0.2508 unsup_loss=0.0009 alpha=0.6
2026-02-02 17:01:47,433 DEBUG modssc.inductive.methods.temporal_ensembling temporal_ensembling.py:231: TemporalEnsembling epoch=24 warm=1.000 sup_loss=0.2044 unsup_loss=0.0010 alpha=0.6
2026-02-02 17:01:47,435 DEBUG modssc.inductive.methods.temporal_ensembling temporal_ensembling.py:231: TemporalEnsembling epoch=25 warm=1.000 sup_loss=0.2480 unsup_loss=0.0010 alpha=0.6
2026-02-02 17:01:47,436 DEBUG modssc.inductive.methods.temporal_ensembling temporal_ensembling.py:231: TemporalEnsembling epoch=26 warm=1.000 sup_loss=0.2217 unsup_loss=0.0006 alpha=0.6
2026-02-02 17:01:47,438 DEBUG modssc.inductive.methods.temporal_ensembling temporal_ensembling.py:231: TemporalEnsembling epoch=27 warm=1.000 sup_loss=0.2134 unsup_loss=0.0008 alpha=0.6
2026-02-02 17:01:47,440 DEBUG modssc.inductive.methods.temporal_ensembling temporal_ensembling.py:231: TemporalEnsembling epoch=28 warm=1.000 sup_loss=0.2235 unsup_loss=0.0012 alpha=0.6
2026-02-02 17:01:47,442 DEBUG modssc.inductive.methods.temporal_ensembling temporal_ensembling.py:231: TemporalEnsembling epoch=29 warm=1.000 sup_loss=0.2114 unsup_loss=0.0013 alpha=0.6
2026-02-02 17:01:47,443 DEBUG modssc.inductive.methods.temporal_ensembling temporal_ensembling.py:231: TemporalEnsembling epoch=30 warm=1.000 sup_loss=0.1893 unsup_loss=0.0008 alpha=0.6
2026-02-02 17:01:47,445 DEBUG modssc.inductive.methods.temporal_ensembling temporal_ensembling.py:231: TemporalEnsembling epoch=31 warm=1.000 sup_loss=0.1649 unsup_loss=0.0008 alpha=0.6
2026-02-02 17:01:47,447 DEBUG modssc.inductive.methods.temporal_ensembling temporal_ensembling.py:231: TemporalEnsembling epoch=32 warm=1.000 sup_loss=0.1713 unsup_loss=0.0011 alpha=0.6
2026-02-02 17:01:47,449 DEBUG modssc.inductive.methods.temporal_ensembling temporal_ensembling.py:231: TemporalEnsembling epoch=33 warm=1.000 sup_loss=0.1553 unsup_loss=0.0010 alpha=0.6
2026-02-02 17:01:47,450 DEBUG modssc.inductive.methods.temporal_ensembling temporal_ensembling.py:231: TemporalEnsembling epoch=34 warm=1.000 sup_loss=0.1585 unsup_loss=0.0008 alpha=0.6
2026-02-02 17:01:47,452 DEBUG modssc.inductive.methods.temporal_ensembling temporal_ensembling.py:231: TemporalEnsembling epoch=35 warm=1.000 sup_loss=0.1486 unsup_loss=0.0015 alpha=0.6
2026-02-02 17:01:47,454 DEBUG modssc.inductive.methods.temporal_ensembling temporal_ensembling.py:231: TemporalEnsembling epoch=36 warm=1.000 sup_loss=0.1484 unsup_loss=0.0013 alpha=0.6
2026-02-02 17:01:47,456 DEBUG modssc.inductive.methods.temporal_ensembling temporal_ensembling.py:231: TemporalEnsembling epoch=37 warm=1.000 sup_loss=0.1439 unsup_loss=0.0017 alpha=0.6
2026-02-02 17:01:47,458 DEBUG modssc.inductive.methods.temporal_ensembling temporal_ensembling.py:231: TemporalEnsembling epoch=38 warm=1.000 sup_loss=0.1236 unsup_loss=0.0014 alpha=0.6
2026-02-02 17:01:47,459 DEBUG modssc.inductive.methods.temporal_ensembling temporal_ensembling.py:231: TemporalEnsembling epoch=39 warm=1.000 sup_loss=0.1199 unsup_loss=0.0018 alpha=0.6
2026-02-02 17:01:47,461 DEBUG modssc.inductive.methods.temporal_ensembling temporal_ensembling.py:231: TemporalEnsembling epoch=40 warm=1.000 sup_loss=0.1306 unsup_loss=0.0021 alpha=0.6
2026-02-02 17:01:47,463 DEBUG modssc.inductive.methods.temporal_ensembling temporal_ensembling.py:231: TemporalEnsembling epoch=41 warm=1.000 sup_loss=0.1186 unsup_loss=0.0009 alpha=0.6
2026-02-02 17:01:47,465 DEBUG modssc.inductive.methods.temporal_ensembling temporal_ensembling.py:231: TemporalEnsembling epoch=42 warm=1.000 sup_loss=0.1298 unsup_loss=0.0009 alpha=0.6
2026-02-02 17:01:47,466 DEBUG modssc.inductive.methods.temporal_ensembling temporal_ensembling.py:231: TemporalEnsembling epoch=43 warm=1.000 sup_loss=0.0915 unsup_loss=0.0009 alpha=0.6
2026-02-02 17:01:47,468 DEBUG modssc.inductive.methods.temporal_ensembling temporal_ensembling.py:231: TemporalEnsembling epoch=44 warm=1.000 sup_loss=0.1060 unsup_loss=0.0016 alpha=0.6
2026-02-02 17:01:47,470 DEBUG modssc.inductive.methods.temporal_ensembling temporal_ensembling.py:231: TemporalEnsembling epoch=45 warm=1.000 sup_loss=0.0857 unsup_loss=0.0013 alpha=0.6
2026-02-02 17:01:47,471 DEBUG modssc.inductive.methods.temporal_ensembling temporal_ensembling.py:231: TemporalEnsembling epoch=46 warm=1.000 sup_loss=0.0864 unsup_loss=0.0020 alpha=0.6
2026-02-02 17:01:47,473 DEBUG modssc.inductive.methods.temporal_ensembling temporal_ensembling.py:231: TemporalEnsembling epoch=47 warm=1.000 sup_loss=0.0850 unsup_loss=0.0009 alpha=0.6
2026-02-02 17:01:47,475 DEBUG modssc.inductive.methods.temporal_ensembling temporal_ensembling.py:231: TemporalEnsembling epoch=48 warm=1.000 sup_loss=0.0746 unsup_loss=0.0015 alpha=0.6
2026-02-02 17:01:47,477 DEBUG modssc.inductive.methods.temporal_ensembling temporal_ensembling.py:231: TemporalEnsembling epoch=49 warm=1.000 sup_loss=0.0841 unsup_loss=0.0010 alpha=0.6
2026-02-02 17:01:47,478 INFO modssc.inductive.methods.temporal_ensembling temporal_ensembling.py:257: Finished temporal_ensembling.fit in 0.223s
2026-02-02 17:01:47,478 INFO bench.orchestrators.method_inductive method_inductive.py:550: Inductive method done: id=temporal_ensembling duration_s=1.080
2026-02-02 17:01:47,478 INFO bench.orchestrators.evaluation evaluation.py:189: Evaluation (inductive): splits=['val', 'test'] metrics=['accuracy', 'macro_f1']
2026-02-02 17:01:47,482 INFO bench.orchestrators.evaluation evaluation.py:231: Evaluation (inductive) done: duration_s=0.004
2026-02-02 17:01:47,483 INFO bench.orchestrators.reporting reporting.py:54: Run summary written: /nfs/home/mbarbaux/ModSSC/runs/inductive/temporal_ensembling/tabular/iris/best_tabular_inductive_temporal_ensembling_iris-20260202T160145Z/run.json status=success duration_s=0.001
