2026-02-02 15:27:50,223 INFO bench.orchestrators.dataset dataset.py:36: Dataset start: id=adult download=True cache_dir=None
2026-02-02 15:27:50,223 DEBUG bench.orchestrators.dataset dataset.py:42: Dataset options: []
2026-02-02 15:27:50,226 DEBUG modssc.data_loader.providers __init__.py:38: Creating provider: openml
2026-02-02 15:27:50,226 DEBUG modssc.data_loader.api api.py:316: Resolved dataset id=adult provider=openml canonical_uri=openml:1590
2026-02-02 15:27:50,227 INFO modssc.data_loader.api api.py:117: Dataset load: id=adult provider=openml version=None fingerprint=f9281cab47a3de02bacdff6aeecab3cc3bec164d4d321622f81551b6b4f82967 download=True force=False cache_dir=/nfs/home/mbarbaux/ModSSC/cache/datasets
2026-02-02 15:27:50,227 DEBUG modssc.data_loader.api api.py:127: Dataset resolved_kwargs: {'data_id': 1590, 'name': None, 'version': None, 'as_frame': False, 'target_column': None, 'class_filter': None, 'max_samples': None, 'seed': None}
2026-02-02 15:27:50,287 DEBUG modssc.data_loader.api api.py:403: Loaded cached dataset: fingerprint=f9281cab47a3de02bacdff6aeecab3cc3bec164d4d321622f81551b6b4f82967
2026-02-02 15:27:50,308 INFO modssc.data_loader.api api.py:133: Dataset cached: id=adult train=48842 test=None n_classes=2 duration_s=0.085
2026-02-02 15:27:50,308 INFO bench.orchestrators.dataset dataset.py:54: Dataset loaded: train=48842 test=None graph=False fingerprint=f9281cab47a3de02bacdff6aeecab3cc3bec164d4d321622f81551b6b4f82967 provider=openml
2026-02-02 15:27:50,308 INFO bench.orchestrators.dataset dataset.py:62: Dataset stage done: duration_s=0.085
2026-02-02 15:27:50,332 INFO bench.orchestrators.sampling sampling.py:86: Sampling start: seed=1 dataset_id=adult
2026-02-02 15:27:50,332 DEBUG bench.orchestrators.sampling sampling.py:87: Sampling plan: split={'kind': 'holdout', 'test_fraction': 0.2, 'val_fraction': 0.1, 'stratify': True, 'shuffle': True} labeling={'mode': 'fraction', 'value': 0.2, 'per_class': False, 'min_per_class': 1, 'strategy': 'balanced', 'fixed_indices': None} imbalance={'kind': 'none', 'apply_to': 'train', 'max_per_class': None, 'alpha': None, 'min_per_class': 1} policy={'respect_official_test': True, 'use_official_graph_masks': True, 'allow_override_official': False}
2026-02-02 15:27:50,332 DEBUG bench.orchestrators.sampling sampling.py:98: Sampling dataset_fingerprint=f9281cab47a3de02bacdff6aeecab3cc3bec164d4d321622f81551b6b4f82967
2026-02-02 15:27:50,332 INFO modssc.sampling.api api.py:99: Sampling start: dataset_id=adult dataset_fingerprint=f9281cab47a3de02bacdff6aeecab3cc3bec164d4d321622f81551b6b4f82967 seed=1 graph=False split=holdout
2026-02-02 15:27:50,332 DEBUG modssc.sampling.api api.py:107: Sampling plan: {'split': {'kind': 'holdout', 'test_fraction': 0.2, 'val_fraction': 0.1, 'stratify': True, 'shuffle': True}, 'labeling': {'mode': 'fraction', 'value': 0.2, 'per_class': False, 'min_per_class': 1, 'strategy': 'balanced', 'fixed_indices': None}, 'imbalance': {'kind': 'none', 'apply_to': 'train', 'max_per_class': None, 'alpha': None, 'min_per_class': 1}, 'policy': {'respect_official_test': True, 'use_official_graph_masks': True, 'allow_override_official': False}}
2026-02-02 15:27:50,433 INFO modssc.sampling.api api.py:141: Sampling done: train=35167 val=3907 test=9768 labeled=7033 unlabeled=28134 duration_s=0.101
2026-02-02 15:27:50,433 DEBUG modssc.sampling.api api.py:150: Sampling stats: {'policy': {'respect_official_test': True, 'has_official_test': False, 'test_ref': 'train'}, 'train': {'n': 35167, 'classes': {'<=50K': 26752, '>50K': 8415}}, 'val': {'n': 3907, 'classes': {'<=50K': 2972, '>50K': 935}}, 'train_labeled': {'n': 7033, 'classes': {'<=50K': 3517, '>50K': 3516}}, 'train_unlabeled': {'n': 28134}, 'test': {'n': 9768, 'classes': {'<=50K': 7431, '>50K': 2337}}}
2026-02-02 15:27:50,454 INFO bench.orchestrators.sampling sampling.py:123: Sampling result: train=35167 val=3907 test=9768 labeled=7033 unlabeled=28134 graph=False
2026-02-02 15:27:50,454 DEBUG bench.orchestrators.sampling sampling.py:132: Sampling stats: {'policy': {'respect_official_test': True, 'has_official_test': False, 'test_ref': 'train'}, 'train': {'n': 35167, 'classes': {'<=50K': 26752, '>50K': 8415}}, 'val': {'n': 3907, 'classes': {'<=50K': 2972, '>50K': 935}}, 'train_labeled': {'n': 7033, 'classes': {'<=50K': 3517, '>50K': 3516}}, 'train_unlabeled': {'n': 28134}, 'test': {'n': 9768, 'classes': {'<=50K': 7431, '>50K': 2337}}}
2026-02-02 15:27:50,454 INFO bench.orchestrators.sampling sampling.py:133: Sampling stage done: duration_s=0.122
2026-02-02 15:27:50,454 INFO bench.orchestrators.preprocess preprocess.py:105: Preprocess start: seed=1 cache=True n_steps=5 fit_indices=7033
2026-02-02 15:27:50,454 DEBUG bench.orchestrators.preprocess preprocess.py:112: Preprocess plan: output_key=features.X steps=['labels.encode', 'tabular.one_hot', 'core.ensure_2d', 'core.pca', 'core.to_numpy']
2026-02-02 15:27:50,455 INFO modssc.preprocess.api api.py:490: Preprocess start: dataset_fp=f9281cab47a3de02bacdff6aeecab3cc3bec164d4d321622f81551b6b4f82967 steps=['labels.encode', 'tabular.one_hot', 'core.ensure_2d', 'core.pca', 'core.to_numpy'] output_key=features.X seed=1 cache=True
2026-02-02 15:27:50,455 DEBUG modssc.preprocess.api api.py:498: Preprocess input shapes: train_X=(48842, 14) train_y=(48842,) test_X=None test_y=None
2026-02-02 15:27:50,455 INFO modssc.preprocess.api api.py:505: Preprocess input size: train_data=5.6 MB test_data=n/a
2026-02-02 15:27:50,455 DEBUG modssc.preprocess.api api.py:521: Preprocess step start: id=labels.encode index=0 kind=transform params={}
2026-02-02 15:27:50,461 DEBUG modssc.preprocess.api api.py:605: Preprocess step train outputs: id=labels.encode keys=['labels.classes', 'labels.y'] duration_s=0.006
2026-02-02 15:27:50,461 INFO modssc.preprocess.api api.py:679: Preprocess step done: id=labels.encode index=0 duration_s=0.006 train_data=5.6 MB test_data=n/a
2026-02-02 15:27:50,461 DEBUG modssc.preprocess.api api.py:521: Preprocess step start: id=tabular.one_hot index=1 kind=fittable params={}
2026-02-02 15:27:51,408 DEBUG modssc.preprocess.api api.py:605: Preprocess step train outputs: id=tabular.one_hot keys=['features.X'] duration_s=0.947
2026-02-02 15:27:51,408 INFO modssc.preprocess.api api.py:679: Preprocess step done: id=tabular.one_hot index=1 duration_s=0.947 train_data=20.1 MB test_data=n/a
2026-02-02 15:27:51,408 DEBUG modssc.preprocess.api api.py:521: Preprocess step start: id=core.ensure_2d index=2 kind=transform params={}
2026-02-02 15:27:51,415 DEBUG modssc.preprocess.api api.py:605: Preprocess step train outputs: id=core.ensure_2d keys=['features.X'] duration_s=0.007
2026-02-02 15:27:51,415 INFO modssc.preprocess.api api.py:679: Preprocess step done: id=core.ensure_2d index=2 duration_s=0.007 train_data=20.1 MB test_data=n/a
2026-02-02 15:27:51,415 DEBUG modssc.preprocess.api api.py:521: Preprocess step start: id=core.pca index=3 kind=fittable params={'n_components': 30}
2026-02-02 15:27:53,561 DEBUG modssc.preprocess.api api.py:605: Preprocess step train outputs: id=core.pca keys=['features.X'] duration_s=2.146
2026-02-02 15:27:53,561 INFO modssc.preprocess.api api.py:679: Preprocess step done: id=core.pca index=3 duration_s=2.146 train_data=6.0 MB test_data=n/a
2026-02-02 15:27:53,562 DEBUG modssc.preprocess.api api.py:521: Preprocess step start: id=core.to_numpy index=4 kind=transform params={}
2026-02-02 15:27:53,564 DEBUG modssc.preprocess.api api.py:605: Preprocess step train outputs: id=core.to_numpy keys=['features.X'] duration_s=0.003
2026-02-02 15:27:53,564 INFO modssc.preprocess.api api.py:679: Preprocess step done: id=core.to_numpy index=4 duration_s=0.003 train_data=6.0 MB test_data=n/a
2026-02-02 15:27:53,564 INFO modssc.preprocess.api api.py:730: Preprocess done: dataset_fp=f9281cab47a3de02bacdff6aeecab3cc3bec164d4d321622f81551b6b4f82967 duration_s=3.110 train_X=(48842, 30) test_X=None
2026-02-02 15:27:53,564 INFO bench.orchestrators.preprocess preprocess.py:124: Preprocess result: fingerprint=preprocess:31a3bdc0449b8816bd86555011d98c6efa85f4f337dfdfb9fbb4a067efad09b5 plan_fingerprint=resolved_plan:17482c72b46c0128215067eeb16db0338f8d62fa6ee2badc8a99bb54672bbc45 cache_dir=/nfs/home/mbarbaux/ModSSC/cache/preprocess/f9281cab47a3de02bacdff6aeecab3cc3bec164d4d321622f81551b6b4f82967 skipped=[]
2026-02-02 15:27:53,564 DEBUG bench.orchestrators.preprocess preprocess.py:131: Preprocess output shapes: train_X=(48842, 30) test_X=None
2026-02-02 15:27:53,564 INFO bench.orchestrators.preprocess preprocess.py:136: Preprocess stage done: duration_s=3.110
2026-02-02 15:27:53,565 INFO bench.orchestrators.graph graph.py:67: Graph start: include_test=False cache=True
2026-02-02 15:27:53,565 DEBUG bench.orchestrators.graph graph.py:72: Graph spec: scheme=knn metric=cosine k=15 radius=None backend=numpy feature_field=features.X seed=1
2026-02-02 15:27:53,565 DEBUG bench.orchestrators.graph graph.py:89: Graph features: shape=(48842, 30)
2026-02-02 15:27:53,580 INFO modssc.graph.construction.api api.py:111: Graph cached: fingerprint=fb165a56a198c34aef9c4407753b69fa9c1a153056a34184039b0366b546aec5 n_nodes=48842 n_edges=356464 duration_s=0.015
2026-02-02 15:27:53,580 INFO bench.orchestrators.graph graph.py:100: Graph built: fingerprint=fb165a56a198c34aef9c4407753b69fa9c1a153056a34184039b0366b546aec5 n_nodes=48842 n_edges=356464 duration_s=0.016
2026-02-02 15:27:53,581 INFO bench.orchestrators.method_transductive method_transductive.py:139: Transductive method start: id=grand seed=398591604 device=auto resolved_device=cuda use_test=False
2026-02-02 15:27:53,581 DEBUG bench.orchestrators.method_transductive method_transductive.py:147: Transductive method params: {'hidden_dim': 64, 'mlp_dropout': 0.5, 'prop_steps': 8, 'dropnode': 0.5, 'num_samples': 4, 'lambda_consistency': 1.0, 'lr': 0.01, 'weight_decay': 0.0005, 'max_epochs': 200, 'patience': 50, 'add_self_loops': True}
2026-02-02 15:27:53,581 INFO bench.orchestrators.method_transductive method_transductive.py:158: Transductive data: n_nodes=48842 n_train=48842 n_test=0
2026-02-02 15:27:53,581 INFO bench.orchestrators.method_transductive method_transductive.py:177: Transductive masks: labeled_count=7033 train_count=35167
2026-02-02 15:27:53,581 INFO modssc.transductive.methods.gnn.grand grand.py:83: Starting grand.fit
2026-02-02 15:27:53,581 DEBUG modssc.transductive.methods.gnn.grand grand.py:84: spec=GRANDSpec(hidden_dim=64, mlp_dropout=0.5, prop_steps=8, dropnode=0.5, num_samples=4, lambda_consistency=1.0, lr=0.01, weight_decay=0.0005, max_epochs=200, patience=50, add_self_loops=True) device=cuda seed=398591604
2026-02-02 15:27:53,761 INFO modssc.transductive.methods.gnn.grand grand.py:96: GRAND sizes: n_nodes=48842 n_classes=2 train=7033 val=3907
2026-02-02 15:27:55,017 DEBUG modssc.transductive.methods.gnn.grand grand.py:184: GRAND epoch=0 val_loss=1405.4434 best updated
2026-02-02 15:27:55,029 DEBUG modssc.transductive.methods.gnn.grand grand.py:184: GRAND epoch=1 val_loss=408.8379 best updated
2026-02-02 15:27:55,041 DEBUG modssc.transductive.methods.gnn.grand grand.py:187: GRAND epoch=2 val_loss=560.0811 bad_epochs=1/50
2026-02-02 15:27:55,052 DEBUG modssc.transductive.methods.gnn.grand grand.py:184: GRAND epoch=3 val_loss=322.7294 best updated
2026-02-02 15:27:55,064 DEBUG modssc.transductive.methods.gnn.grand grand.py:187: GRAND epoch=4 val_loss=358.5063 bad_epochs=1/50
2026-02-02 15:27:55,076 DEBUG modssc.transductive.methods.gnn.grand grand.py:187: GRAND epoch=5 val_loss=926.2792 bad_epochs=2/50
2026-02-02 15:27:55,087 DEBUG modssc.transductive.methods.gnn.grand grand.py:187: GRAND epoch=6 val_loss=964.9529 bad_epochs=3/50
2026-02-02 15:27:55,099 DEBUG modssc.transductive.methods.gnn.grand grand.py:187: GRAND epoch=7 val_loss=430.8531 bad_epochs=4/50
2026-02-02 15:27:55,111 DEBUG modssc.transductive.methods.gnn.grand grand.py:184: GRAND epoch=8 val_loss=72.0322 best updated
2026-02-02 15:27:55,123 DEBUG modssc.transductive.methods.gnn.grand grand.py:187: GRAND epoch=9 val_loss=194.7606 bad_epochs=1/50
2026-02-02 15:27:55,134 DEBUG modssc.transductive.methods.gnn.grand grand.py:187: GRAND epoch=10 val_loss=201.1765 bad_epochs=2/50
2026-02-02 15:27:55,146 DEBUG modssc.transductive.methods.gnn.grand grand.py:187: GRAND epoch=11 val_loss=114.8042 bad_epochs=3/50
2026-02-02 15:27:55,158 DEBUG modssc.transductive.methods.gnn.grand grand.py:187: GRAND epoch=12 val_loss=101.0809 bad_epochs=4/50
2026-02-02 15:27:55,169 DEBUG modssc.transductive.methods.gnn.grand grand.py:187: GRAND epoch=13 val_loss=290.3072 bad_epochs=5/50
2026-02-02 15:27:55,181 DEBUG modssc.transductive.methods.gnn.grand grand.py:187: GRAND epoch=14 val_loss=235.4599 bad_epochs=6/50
2026-02-02 15:27:55,193 DEBUG modssc.transductive.methods.gnn.grand grand.py:187: GRAND epoch=15 val_loss=105.6549 bad_epochs=7/50
2026-02-02 15:27:55,205 DEBUG modssc.transductive.methods.gnn.grand grand.py:184: GRAND epoch=16 val_loss=67.3075 best updated
2026-02-02 15:27:55,216 DEBUG modssc.transductive.methods.gnn.grand grand.py:184: GRAND epoch=17 val_loss=66.6485 best updated
2026-02-02 15:27:55,228 DEBUG modssc.transductive.methods.gnn.grand grand.py:184: GRAND epoch=18 val_loss=58.9514 best updated
2026-02-02 15:27:55,240 DEBUG modssc.transductive.methods.gnn.grand grand.py:187: GRAND epoch=19 val_loss=90.3934 bad_epochs=1/50
2026-02-02 15:27:55,251 DEBUG modssc.transductive.methods.gnn.grand grand.py:187: GRAND epoch=20 val_loss=91.2247 bad_epochs=2/50
2026-02-02 15:27:55,263 DEBUG modssc.transductive.methods.gnn.grand grand.py:187: GRAND epoch=21 val_loss=101.4204 bad_epochs=3/50
2026-02-02 15:27:55,275 DEBUG modssc.transductive.methods.gnn.grand grand.py:187: GRAND epoch=22 val_loss=85.8895 bad_epochs=4/50
2026-02-02 15:27:55,287 DEBUG modssc.transductive.methods.gnn.grand grand.py:184: GRAND epoch=23 val_loss=25.8839 best updated
2026-02-02 15:27:55,298 DEBUG modssc.transductive.methods.gnn.grand grand.py:187: GRAND epoch=24 val_loss=44.1692 bad_epochs=1/50
2026-02-02 15:27:55,310 DEBUG modssc.transductive.methods.gnn.grand grand.py:187: GRAND epoch=25 val_loss=61.1593 bad_epochs=2/50
2026-02-02 15:27:55,322 DEBUG modssc.transductive.methods.gnn.grand grand.py:184: GRAND epoch=26 val_loss=21.6465 best updated
2026-02-02 15:27:55,333 DEBUG modssc.transductive.methods.gnn.grand grand.py:184: GRAND epoch=27 val_loss=17.7360 best updated
2026-02-02 15:27:55,345 DEBUG modssc.transductive.methods.gnn.grand grand.py:187: GRAND epoch=28 val_loss=17.9505 bad_epochs=1/50
2026-02-02 15:27:55,357 DEBUG modssc.transductive.methods.gnn.grand grand.py:187: GRAND epoch=29 val_loss=34.7852 bad_epochs=2/50
2026-02-02 15:27:55,368 DEBUG modssc.transductive.methods.gnn.grand grand.py:187: GRAND epoch=30 val_loss=31.9936 bad_epochs=3/50
2026-02-02 15:27:55,380 DEBUG modssc.transductive.methods.gnn.grand grand.py:184: GRAND epoch=31 val_loss=9.8877 best updated
2026-02-02 15:27:55,392 DEBUG modssc.transductive.methods.gnn.grand grand.py:187: GRAND epoch=32 val_loss=18.4106 bad_epochs=1/50
2026-02-02 15:27:55,404 DEBUG modssc.transductive.methods.gnn.grand grand.py:187: GRAND epoch=33 val_loss=11.6216 bad_epochs=2/50
2026-02-02 15:27:55,415 DEBUG modssc.transductive.methods.gnn.grand grand.py:187: GRAND epoch=34 val_loss=11.9221 bad_epochs=3/50
2026-02-02 15:27:55,427 DEBUG modssc.transductive.methods.gnn.grand grand.py:187: GRAND epoch=35 val_loss=23.6381 bad_epochs=4/50
2026-02-02 15:27:55,439 DEBUG modssc.transductive.methods.gnn.grand grand.py:187: GRAND epoch=36 val_loss=21.3736 bad_epochs=5/50
2026-02-02 15:27:55,450 DEBUG modssc.transductive.methods.gnn.grand grand.py:184: GRAND epoch=37 val_loss=5.4910 best updated
2026-02-02 15:27:55,462 DEBUG modssc.transductive.methods.gnn.grand grand.py:187: GRAND epoch=38 val_loss=14.0539 bad_epochs=1/50
2026-02-02 15:27:55,474 DEBUG modssc.transductive.methods.gnn.grand grand.py:184: GRAND epoch=39 val_loss=3.6757 best updated
2026-02-02 15:27:55,486 DEBUG modssc.transductive.methods.gnn.grand grand.py:187: GRAND epoch=40 val_loss=16.2103 bad_epochs=1/50
2026-02-02 15:27:55,497 DEBUG modssc.transductive.methods.gnn.grand grand.py:187: GRAND epoch=41 val_loss=14.7740 bad_epochs=2/50
2026-02-02 15:27:55,509 DEBUG modssc.transductive.methods.gnn.grand grand.py:184: GRAND epoch=42 val_loss=2.6502 best updated
2026-02-02 15:27:55,521 DEBUG modssc.transductive.methods.gnn.grand grand.py:187: GRAND epoch=43 val_loss=5.8876 bad_epochs=1/50
2026-02-02 15:27:55,532 DEBUG modssc.transductive.methods.gnn.grand grand.py:187: GRAND epoch=44 val_loss=6.7316 bad_epochs=2/50
2026-02-02 15:27:55,544 DEBUG modssc.transductive.methods.gnn.grand grand.py:187: GRAND epoch=45 val_loss=5.7873 bad_epochs=3/50
2026-02-02 15:27:55,556 DEBUG modssc.transductive.methods.gnn.grand grand.py:187: GRAND epoch=46 val_loss=7.8719 bad_epochs=4/50
2026-02-02 15:27:55,567 DEBUG modssc.transductive.methods.gnn.grand grand.py:187: GRAND epoch=47 val_loss=4.4701 bad_epochs=5/50
2026-02-02 15:27:55,579 DEBUG modssc.transductive.methods.gnn.grand grand.py:187: GRAND epoch=48 val_loss=5.2096 bad_epochs=6/50
2026-02-02 15:27:55,591 DEBUG modssc.transductive.methods.gnn.grand grand.py:187: GRAND epoch=49 val_loss=8.6809 bad_epochs=7/50
2026-02-02 15:27:55,602 DEBUG modssc.transductive.methods.gnn.grand grand.py:187: GRAND epoch=50 val_loss=4.9554 bad_epochs=8/50
2026-02-02 15:27:55,614 DEBUG modssc.transductive.methods.gnn.grand grand.py:187: GRAND epoch=51 val_loss=2.7106 bad_epochs=9/50
2026-02-02 15:27:55,626 DEBUG modssc.transductive.methods.gnn.grand grand.py:184: GRAND epoch=52 val_loss=2.5836 best updated
2026-02-02 15:27:55,638 DEBUG modssc.transductive.methods.gnn.grand grand.py:184: GRAND epoch=53 val_loss=1.7868 best updated
2026-02-02 15:27:55,649 DEBUG modssc.transductive.methods.gnn.grand grand.py:187: GRAND epoch=54 val_loss=5.0738 bad_epochs=1/50
2026-02-02 15:27:55,661 DEBUG modssc.transductive.methods.gnn.grand grand.py:187: GRAND epoch=55 val_loss=4.5502 bad_epochs=2/50
2026-02-02 15:27:55,673 DEBUG modssc.transductive.methods.gnn.grand grand.py:184: GRAND epoch=56 val_loss=1.3326 best updated
2026-02-02 15:27:55,684 DEBUG modssc.transductive.methods.gnn.grand grand.py:187: GRAND epoch=57 val_loss=7.7147 bad_epochs=1/50
2026-02-02 15:27:55,696 DEBUG modssc.transductive.methods.gnn.grand grand.py:187: GRAND epoch=58 val_loss=4.8894 bad_epochs=2/50
2026-02-02 15:27:55,708 DEBUG modssc.transductive.methods.gnn.grand grand.py:187: GRAND epoch=59 val_loss=2.6633 bad_epochs=3/50
2026-02-02 15:27:55,720 DEBUG modssc.transductive.methods.gnn.grand grand.py:187: GRAND epoch=60 val_loss=18.8984 bad_epochs=4/50
2026-02-02 15:27:55,731 DEBUG modssc.transductive.methods.gnn.grand grand.py:187: GRAND epoch=61 val_loss=11.8325 bad_epochs=5/50
2026-02-02 15:27:55,743 DEBUG modssc.transductive.methods.gnn.grand grand.py:187: GRAND epoch=62 val_loss=8.4005 bad_epochs=6/50
2026-02-02 15:27:55,755 DEBUG modssc.transductive.methods.gnn.grand grand.py:187: GRAND epoch=63 val_loss=7.9707 bad_epochs=7/50
2026-02-02 15:27:55,766 DEBUG modssc.transductive.methods.gnn.grand grand.py:187: GRAND epoch=64 val_loss=3.5771 bad_epochs=8/50
2026-02-02 15:27:55,778 DEBUG modssc.transductive.methods.gnn.grand grand.py:187: GRAND epoch=65 val_loss=21.1831 bad_epochs=9/50
2026-02-02 15:27:55,790 DEBUG modssc.transductive.methods.gnn.grand grand.py:187: GRAND epoch=66 val_loss=22.3237 bad_epochs=10/50
2026-02-02 15:27:55,801 DEBUG modssc.transductive.methods.gnn.grand grand.py:187: GRAND epoch=67 val_loss=5.0701 bad_epochs=11/50
2026-02-02 15:27:55,813 DEBUG modssc.transductive.methods.gnn.grand grand.py:187: GRAND epoch=68 val_loss=9.3845 bad_epochs=12/50
2026-02-02 15:27:55,825 DEBUG modssc.transductive.methods.gnn.grand grand.py:187: GRAND epoch=69 val_loss=7.8912 bad_epochs=13/50
2026-02-02 15:27:55,836 DEBUG modssc.transductive.methods.gnn.grand grand.py:187: GRAND epoch=70 val_loss=4.4030 bad_epochs=14/50
2026-02-02 15:27:55,848 DEBUG modssc.transductive.methods.gnn.grand grand.py:187: GRAND epoch=71 val_loss=7.5211 bad_epochs=15/50
2026-02-02 15:27:55,860 DEBUG modssc.transductive.methods.gnn.grand grand.py:187: GRAND epoch=72 val_loss=12.9543 bad_epochs=16/50
2026-02-02 15:27:55,871 DEBUG modssc.transductive.methods.gnn.grand grand.py:187: GRAND epoch=73 val_loss=7.7701 bad_epochs=17/50
2026-02-02 15:27:55,883 DEBUG modssc.transductive.methods.gnn.grand grand.py:187: GRAND epoch=74 val_loss=3.9143 bad_epochs=18/50
2026-02-02 15:27:55,895 DEBUG modssc.transductive.methods.gnn.grand grand.py:187: GRAND epoch=75 val_loss=4.6454 bad_epochs=19/50
2026-02-02 15:27:55,906 DEBUG modssc.transductive.methods.gnn.grand grand.py:187: GRAND epoch=76 val_loss=9.7343 bad_epochs=20/50
2026-02-02 15:27:55,918 DEBUG modssc.transductive.methods.gnn.grand grand.py:187: GRAND epoch=77 val_loss=6.1870 bad_epochs=21/50
2026-02-02 15:27:55,930 DEBUG modssc.transductive.methods.gnn.grand grand.py:187: GRAND epoch=78 val_loss=9.1016 bad_epochs=22/50
2026-02-02 15:27:55,941 DEBUG modssc.transductive.methods.gnn.grand grand.py:187: GRAND epoch=79 val_loss=10.6519 bad_epochs=23/50
2026-02-02 15:27:55,953 DEBUG modssc.transductive.methods.gnn.grand grand.py:187: GRAND epoch=80 val_loss=5.0657 bad_epochs=24/50
2026-02-02 15:27:55,965 DEBUG modssc.transductive.methods.gnn.grand grand.py:187: GRAND epoch=81 val_loss=7.9084 bad_epochs=25/50
2026-02-02 15:27:55,977 DEBUG modssc.transductive.methods.gnn.grand grand.py:187: GRAND epoch=82 val_loss=9.1833 bad_epochs=26/50
2026-02-02 15:27:55,988 DEBUG modssc.transductive.methods.gnn.grand grand.py:187: GRAND epoch=83 val_loss=2.4898 bad_epochs=27/50
2026-02-02 15:27:56,000 DEBUG modssc.transductive.methods.gnn.grand grand.py:187: GRAND epoch=84 val_loss=3.2205 bad_epochs=28/50
2026-02-02 15:27:56,012 DEBUG modssc.transductive.methods.gnn.grand grand.py:187: GRAND epoch=85 val_loss=6.4280 bad_epochs=29/50
2026-02-02 15:27:56,023 DEBUG modssc.transductive.methods.gnn.grand grand.py:187: GRAND epoch=86 val_loss=5.4162 bad_epochs=30/50
2026-02-02 15:27:56,035 DEBUG modssc.transductive.methods.gnn.grand grand.py:187: GRAND epoch=87 val_loss=2.6457 bad_epochs=31/50
2026-02-02 15:27:56,047 DEBUG modssc.transductive.methods.gnn.grand grand.py:187: GRAND epoch=88 val_loss=3.7273 bad_epochs=32/50
2026-02-02 15:27:56,058 DEBUG modssc.transductive.methods.gnn.grand grand.py:187: GRAND epoch=89 val_loss=6.2329 bad_epochs=33/50
2026-02-02 15:27:56,070 DEBUG modssc.transductive.methods.gnn.grand grand.py:187: GRAND epoch=90 val_loss=3.5497 bad_epochs=34/50
2026-02-02 15:27:56,082 DEBUG modssc.transductive.methods.gnn.grand grand.py:187: GRAND epoch=91 val_loss=3.1137 bad_epochs=35/50
2026-02-02 15:27:56,093 DEBUG modssc.transductive.methods.gnn.grand grand.py:187: GRAND epoch=92 val_loss=3.3580 bad_epochs=36/50
2026-02-02 15:27:56,105 DEBUG modssc.transductive.methods.gnn.grand grand.py:187: GRAND epoch=93 val_loss=1.8702 bad_epochs=37/50
2026-02-02 15:27:56,117 DEBUG modssc.transductive.methods.gnn.grand grand.py:184: GRAND epoch=94 val_loss=1.2226 best updated
2026-02-02 15:27:56,128 DEBUG modssc.transductive.methods.gnn.grand grand.py:187: GRAND epoch=95 val_loss=2.8493 bad_epochs=1/50
2026-02-02 15:27:56,140 DEBUG modssc.transductive.methods.gnn.grand grand.py:187: GRAND epoch=96 val_loss=2.5341 bad_epochs=2/50
2026-02-02 15:27:56,152 DEBUG modssc.transductive.methods.gnn.grand grand.py:187: GRAND epoch=97 val_loss=1.9496 bad_epochs=3/50
2026-02-02 15:27:56,163 DEBUG modssc.transductive.methods.gnn.grand grand.py:187: GRAND epoch=98 val_loss=2.4124 bad_epochs=4/50
2026-02-02 15:27:56,175 DEBUG modssc.transductive.methods.gnn.grand grand.py:187: GRAND epoch=99 val_loss=1.2550 bad_epochs=5/50
2026-02-02 15:27:56,187 DEBUG modssc.transductive.methods.gnn.grand grand.py:187: GRAND epoch=100 val_loss=2.1633 bad_epochs=6/50
2026-02-02 15:27:56,199 DEBUG modssc.transductive.methods.gnn.grand grand.py:187: GRAND epoch=101 val_loss=1.4234 bad_epochs=7/50
2026-02-02 15:27:56,210 DEBUG modssc.transductive.methods.gnn.grand grand.py:184: GRAND epoch=102 val_loss=1.0859 best updated
2026-02-02 15:27:56,222 DEBUG modssc.transductive.methods.gnn.grand grand.py:187: GRAND epoch=103 val_loss=1.4010 bad_epochs=1/50
2026-02-02 15:27:56,234 DEBUG modssc.transductive.methods.gnn.grand grand.py:187: GRAND epoch=104 val_loss=1.2712 bad_epochs=2/50
2026-02-02 15:27:56,245 DEBUG modssc.transductive.methods.gnn.grand grand.py:187: GRAND epoch=105 val_loss=2.2260 bad_epochs=3/50
2026-02-02 15:27:56,257 DEBUG modssc.transductive.methods.gnn.grand grand.py:187: GRAND epoch=106 val_loss=1.4792 bad_epochs=4/50
2026-02-02 15:27:56,269 DEBUG modssc.transductive.methods.gnn.grand grand.py:187: GRAND epoch=107 val_loss=1.5216 bad_epochs=5/50
2026-02-02 15:27:56,280 DEBUG modssc.transductive.methods.gnn.grand grand.py:187: GRAND epoch=108 val_loss=1.5037 bad_epochs=6/50
2026-02-02 15:27:56,292 DEBUG modssc.transductive.methods.gnn.grand grand.py:187: GRAND epoch=109 val_loss=1.1333 bad_epochs=7/50
2026-02-02 15:27:56,304 DEBUG modssc.transductive.methods.gnn.grand grand.py:187: GRAND epoch=110 val_loss=1.6169 bad_epochs=8/50
2026-02-02 15:27:56,315 DEBUG modssc.transductive.methods.gnn.grand grand.py:187: GRAND epoch=111 val_loss=1.3249 bad_epochs=9/50
2026-02-02 15:27:56,327 DEBUG modssc.transductive.methods.gnn.grand grand.py:184: GRAND epoch=112 val_loss=0.9153 best updated
2026-02-02 15:27:56,339 DEBUG modssc.transductive.methods.gnn.grand grand.py:187: GRAND epoch=113 val_loss=1.0643 bad_epochs=1/50
2026-02-02 15:27:56,351 DEBUG modssc.transductive.methods.gnn.grand grand.py:187: GRAND epoch=114 val_loss=0.9377 bad_epochs=2/50
2026-02-02 15:27:56,362 DEBUG modssc.transductive.methods.gnn.grand grand.py:187: GRAND epoch=115 val_loss=1.1269 bad_epochs=3/50
2026-02-02 15:27:56,374 DEBUG modssc.transductive.methods.gnn.grand grand.py:184: GRAND epoch=116 val_loss=0.7660 best updated
2026-02-02 15:27:56,386 DEBUG modssc.transductive.methods.gnn.grand grand.py:184: GRAND epoch=117 val_loss=0.6711 best updated
2026-02-02 15:27:56,397 DEBUG modssc.transductive.methods.gnn.grand grand.py:187: GRAND epoch=118 val_loss=0.8233 bad_epochs=1/50
2026-02-02 15:27:56,409 DEBUG modssc.transductive.methods.gnn.grand grand.py:187: GRAND epoch=119 val_loss=1.2078 bad_epochs=2/50
2026-02-02 15:27:56,421 DEBUG modssc.transductive.methods.gnn.grand grand.py:187: GRAND epoch=120 val_loss=1.1473 bad_epochs=3/50
2026-02-02 15:27:56,433 DEBUG modssc.transductive.methods.gnn.grand grand.py:187: GRAND epoch=121 val_loss=0.9393 bad_epochs=4/50
2026-02-02 15:27:56,444 DEBUG modssc.transductive.methods.gnn.grand grand.py:187: GRAND epoch=122 val_loss=0.8680 bad_epochs=5/50
2026-02-02 15:27:56,456 DEBUG modssc.transductive.methods.gnn.grand grand.py:187: GRAND epoch=123 val_loss=0.8109 bad_epochs=6/50
2026-02-02 15:27:56,468 DEBUG modssc.transductive.methods.gnn.grand grand.py:187: GRAND epoch=124 val_loss=0.7496 bad_epochs=7/50
2026-02-02 15:27:56,479 DEBUG modssc.transductive.methods.gnn.grand grand.py:184: GRAND epoch=125 val_loss=0.6235 best updated
2026-02-02 15:27:56,491 DEBUG modssc.transductive.methods.gnn.grand grand.py:187: GRAND epoch=126 val_loss=1.3417 bad_epochs=1/50
2026-02-02 15:27:56,503 DEBUG modssc.transductive.methods.gnn.grand grand.py:187: GRAND epoch=127 val_loss=1.7400 bad_epochs=2/50
2026-02-02 15:27:56,515 DEBUG modssc.transductive.methods.gnn.grand grand.py:187: GRAND epoch=128 val_loss=2.0490 bad_epochs=3/50
2026-02-02 15:27:56,526 DEBUG modssc.transductive.methods.gnn.grand grand.py:187: GRAND epoch=129 val_loss=2.3673 bad_epochs=4/50
2026-02-02 15:27:56,538 DEBUG modssc.transductive.methods.gnn.grand grand.py:187: GRAND epoch=130 val_loss=2.5415 bad_epochs=5/50
2026-02-02 15:27:56,550 DEBUG modssc.transductive.methods.gnn.grand grand.py:187: GRAND epoch=131 val_loss=2.6523 bad_epochs=6/50
2026-02-02 15:27:56,561 DEBUG modssc.transductive.methods.gnn.grand grand.py:187: GRAND epoch=132 val_loss=2.7379 bad_epochs=7/50
2026-02-02 15:27:56,573 DEBUG modssc.transductive.methods.gnn.grand grand.py:187: GRAND epoch=133 val_loss=2.7077 bad_epochs=8/50
2026-02-02 15:27:56,585 DEBUG modssc.transductive.methods.gnn.grand grand.py:187: GRAND epoch=134 val_loss=2.6546 bad_epochs=9/50
2026-02-02 15:27:56,596 DEBUG modssc.transductive.methods.gnn.grand grand.py:187: GRAND epoch=135 val_loss=2.5723 bad_epochs=10/50
2026-02-02 15:27:56,608 DEBUG modssc.transductive.methods.gnn.grand grand.py:187: GRAND epoch=136 val_loss=2.4778 bad_epochs=11/50
2026-02-02 15:27:56,620 DEBUG modssc.transductive.methods.gnn.grand grand.py:187: GRAND epoch=137 val_loss=2.3145 bad_epochs=12/50
2026-02-02 15:27:56,631 DEBUG modssc.transductive.methods.gnn.grand grand.py:187: GRAND epoch=138 val_loss=2.1590 bad_epochs=13/50
2026-02-02 15:27:56,643 DEBUG modssc.transductive.methods.gnn.grand grand.py:187: GRAND epoch=139 val_loss=2.0019 bad_epochs=14/50
2026-02-02 15:27:56,655 DEBUG modssc.transductive.methods.gnn.grand grand.py:187: GRAND epoch=140 val_loss=1.8475 bad_epochs=15/50
2026-02-02 15:27:56,666 DEBUG modssc.transductive.methods.gnn.grand grand.py:187: GRAND epoch=141 val_loss=1.7109 bad_epochs=16/50
2026-02-02 15:27:56,678 DEBUG modssc.transductive.methods.gnn.grand grand.py:187: GRAND epoch=142 val_loss=1.4533 bad_epochs=17/50
2026-02-02 15:27:56,690 DEBUG modssc.transductive.methods.gnn.grand grand.py:187: GRAND epoch=143 val_loss=1.3508 bad_epochs=18/50
2026-02-02 15:27:56,701 DEBUG modssc.transductive.methods.gnn.grand grand.py:187: GRAND epoch=144 val_loss=1.3582 bad_epochs=19/50
2026-02-02 15:27:56,713 DEBUG modssc.transductive.methods.gnn.grand grand.py:187: GRAND epoch=145 val_loss=1.3127 bad_epochs=20/50
2026-02-02 15:27:56,725 DEBUG modssc.transductive.methods.gnn.grand grand.py:187: GRAND epoch=146 val_loss=1.1234 bad_epochs=21/50
2026-02-02 15:27:56,736 DEBUG modssc.transductive.methods.gnn.grand grand.py:187: GRAND epoch=147 val_loss=0.9825 bad_epochs=22/50
2026-02-02 15:27:56,748 DEBUG modssc.transductive.methods.gnn.grand grand.py:187: GRAND epoch=148 val_loss=1.1055 bad_epochs=23/50
2026-02-02 15:27:56,760 DEBUG modssc.transductive.methods.gnn.grand grand.py:187: GRAND epoch=149 val_loss=0.9153 bad_epochs=24/50
2026-02-02 15:27:56,772 DEBUG modssc.transductive.methods.gnn.grand grand.py:187: GRAND epoch=150 val_loss=0.6395 bad_epochs=25/50
2026-02-02 15:27:56,783 DEBUG modssc.transductive.methods.gnn.grand grand.py:187: GRAND epoch=151 val_loss=0.6386 bad_epochs=26/50
2026-02-02 15:27:56,795 DEBUG modssc.transductive.methods.gnn.grand grand.py:187: GRAND epoch=152 val_loss=0.7812 bad_epochs=27/50
2026-02-02 15:27:56,807 DEBUG modssc.transductive.methods.gnn.grand grand.py:187: GRAND epoch=153 val_loss=0.8281 bad_epochs=28/50
2026-02-02 15:27:56,818 DEBUG modssc.transductive.methods.gnn.grand grand.py:187: GRAND epoch=154 val_loss=0.7508 bad_epochs=29/50
2026-02-02 15:27:56,830 DEBUG modssc.transductive.methods.gnn.grand grand.py:187: GRAND epoch=155 val_loss=0.7802 bad_epochs=30/50
2026-02-02 15:27:56,842 DEBUG modssc.transductive.methods.gnn.grand grand.py:187: GRAND epoch=156 val_loss=0.8156 bad_epochs=31/50
2026-02-02 15:27:56,853 DEBUG modssc.transductive.methods.gnn.grand grand.py:187: GRAND epoch=157 val_loss=0.9144 bad_epochs=32/50
2026-02-02 15:27:56,865 DEBUG modssc.transductive.methods.gnn.grand grand.py:187: GRAND epoch=158 val_loss=0.9035 bad_epochs=33/50
2026-02-02 15:27:56,877 DEBUG modssc.transductive.methods.gnn.grand grand.py:187: GRAND epoch=159 val_loss=0.7793 bad_epochs=34/50
2026-02-02 15:27:56,888 DEBUG modssc.transductive.methods.gnn.grand grand.py:187: GRAND epoch=160 val_loss=0.7415 bad_epochs=35/50
2026-02-02 15:27:56,900 DEBUG modssc.transductive.methods.gnn.grand grand.py:187: GRAND epoch=161 val_loss=0.7928 bad_epochs=36/50
2026-02-02 15:27:56,912 DEBUG modssc.transductive.methods.gnn.grand grand.py:187: GRAND epoch=162 val_loss=0.7857 bad_epochs=37/50
2026-02-02 15:27:56,923 DEBUG modssc.transductive.methods.gnn.grand grand.py:187: GRAND epoch=163 val_loss=0.7103 bad_epochs=38/50
2026-02-02 15:27:56,935 DEBUG modssc.transductive.methods.gnn.grand grand.py:187: GRAND epoch=164 val_loss=0.6931 bad_epochs=39/50
2026-02-02 15:27:56,947 DEBUG modssc.transductive.methods.gnn.grand grand.py:187: GRAND epoch=165 val_loss=0.7019 bad_epochs=40/50
2026-02-02 15:27:56,958 DEBUG modssc.transductive.methods.gnn.grand grand.py:187: GRAND epoch=166 val_loss=0.6435 bad_epochs=41/50
2026-02-02 15:27:56,970 DEBUG modssc.transductive.methods.gnn.grand grand.py:187: GRAND epoch=167 val_loss=0.7013 bad_epochs=42/50
2026-02-02 15:27:56,982 DEBUG modssc.transductive.methods.gnn.grand grand.py:187: GRAND epoch=168 val_loss=0.7354 bad_epochs=43/50
2026-02-02 15:27:56,994 DEBUG modssc.transductive.methods.gnn.grand grand.py:187: GRAND epoch=169 val_loss=0.6479 bad_epochs=44/50
2026-02-02 15:27:57,005 DEBUG modssc.transductive.methods.gnn.grand grand.py:187: GRAND epoch=170 val_loss=0.7398 bad_epochs=45/50
2026-02-02 15:27:57,017 DEBUG modssc.transductive.methods.gnn.grand grand.py:187: GRAND epoch=171 val_loss=0.7975 bad_epochs=46/50
2026-02-02 15:27:57,029 DEBUG modssc.transductive.methods.gnn.grand grand.py:187: GRAND epoch=172 val_loss=0.7369 bad_epochs=47/50
2026-02-02 15:27:57,040 DEBUG modssc.transductive.methods.gnn.grand grand.py:187: GRAND epoch=173 val_loss=0.6751 bad_epochs=48/50
2026-02-02 15:27:57,052 DEBUG modssc.transductive.methods.gnn.grand grand.py:187: GRAND epoch=174 val_loss=0.6838 bad_epochs=49/50
2026-02-02 15:27:57,064 DEBUG modssc.transductive.methods.gnn.grand grand.py:187: GRAND epoch=175 val_loss=0.7932 bad_epochs=50/50
2026-02-02 15:27:57,064 DEBUG modssc.transductive.methods.gnn.grand grand.py:195: GRAND early_stop epoch=175 best_val=0.6235
2026-02-02 15:27:57,064 INFO modssc.transductive.methods.gnn.grand grand.py:205: Finished grand.fit in 3.483s
2026-02-02 15:27:57,064 INFO bench.orchestrators.method_transductive method_transductive.py:218: Transductive method done: id=grand duration_s=3.483
2026-02-02 15:27:57,064 INFO bench.orchestrators.evaluation evaluation.py:244: Evaluation (transductive): splits=['val', 'test'] metrics=['accuracy', 'macro_f1']
2026-02-02 15:27:57,068 INFO bench.orchestrators.evaluation evaluation.py:263: Evaluation (transductive) done: duration_s=0.004
2026-02-02 15:27:57,070 INFO bench.orchestrators.reporting reporting.py:54: Run summary written: /nfs/home/mbarbaux/ModSSC/runs/transductive/grand/tabular/adult/best_tabular_transductive_grand_adult-20260202T142750Z/run.json status=success duration_s=0.001
