2026-02-02 14:57:17,850 INFO bench.orchestrators.dataset dataset.py:36: Dataset start: id=citeseer download=True cache_dir=None
2026-02-02 14:57:17,850 DEBUG bench.orchestrators.dataset dataset.py:42: Dataset options: []
2026-02-02 14:57:17,853 DEBUG modssc.data_loader.providers __init__.py:38: Creating provider: pyg
2026-02-02 14:57:17,854 DEBUG modssc.data_loader.api api.py:316: Resolved dataset id=citeseer provider=pyg canonical_uri=pyg:Planetoid/CiteSeer
2026-02-02 14:57:17,854 INFO modssc.data_loader.api api.py:117: Dataset load: id=citeseer provider=pyg version=None fingerprint=3fb862b6bc9dc5b9bfd36e222d5bbeab653ca6c7a430c3accea136e424ca3744 download=True force=False cache_dir=/nfs/home/mbarbaux/ModSSC/cache/datasets
2026-02-02 14:57:17,854 DEBUG modssc.data_loader.api api.py:127: Dataset resolved_kwargs: {'dataset_class': 'Planetoid', 'dataset_kwargs': {'name': 'CiteSeer'}}
2026-02-02 14:57:17,866 DEBUG modssc.data_loader.api api.py:403: Loaded cached dataset: fingerprint=3fb862b6bc9dc5b9bfd36e222d5bbeab653ca6c7a430c3accea136e424ca3744
2026-02-02 14:57:17,866 INFO modssc.data_loader.api api.py:133: Dataset cached: id=citeseer train=3327 test=None n_classes=6 duration_s=0.016
2026-02-02 14:57:17,866 INFO bench.orchestrators.dataset dataset.py:54: Dataset loaded: train=3327 test=None graph=True fingerprint=3fb862b6bc9dc5b9bfd36e222d5bbeab653ca6c7a430c3accea136e424ca3744 provider=pyg
2026-02-02 14:57:17,866 INFO bench.orchestrators.dataset dataset.py:62: Dataset stage done: duration_s=0.016
2026-02-02 14:57:17,911 INFO bench.orchestrators.sampling sampling.py:86: Sampling start: seed=5 dataset_id=citeseer
2026-02-02 14:57:17,911 DEBUG bench.orchestrators.sampling sampling.py:87: Sampling plan: split={'kind': 'holdout', 'test_fraction': 0.2, 'val_fraction': 0.1, 'stratify': True, 'shuffle': True} labeling={'mode': 'fraction', 'value': 0.2, 'per_class': False, 'min_per_class': 1, 'strategy': 'balanced', 'fixed_indices': None} imbalance={'kind': 'none', 'apply_to': 'train', 'max_per_class': None, 'alpha': None, 'min_per_class': 1} policy={'respect_official_test': True, 'use_official_graph_masks': True, 'allow_override_official': False}
2026-02-02 14:57:17,912 DEBUG bench.orchestrators.sampling sampling.py:98: Sampling dataset_fingerprint=3fb862b6bc9dc5b9bfd36e222d5bbeab653ca6c7a430c3accea136e424ca3744
2026-02-02 14:57:17,912 INFO modssc.sampling.api api.py:99: Sampling start: dataset_id=citeseer dataset_fingerprint=3fb862b6bc9dc5b9bfd36e222d5bbeab653ca6c7a430c3accea136e424ca3744 seed=5 graph=True split=holdout
2026-02-02 14:57:17,912 DEBUG modssc.sampling.api api.py:107: Sampling plan: {'split': {'kind': 'holdout', 'test_fraction': 0.2, 'val_fraction': 0.1, 'stratify': True, 'shuffle': True}, 'labeling': {'mode': 'fraction', 'value': 0.2, 'per_class': False, 'min_per_class': 1, 'strategy': 'balanced', 'fixed_indices': None}, 'imbalance': {'kind': 'none', 'apply_to': 'train', 'max_per_class': None, 'alpha': None, 'min_per_class': 1}, 'policy': {'respect_official_test': True, 'use_official_graph_masks': True, 'allow_override_official': False}}
2026-02-02 14:57:17,923 INFO modssc.sampling.api api.py:141: Sampling done: train=120 val=500 test=1000 labeled=24 unlabeled=96 duration_s=0.012
2026-02-02 14:57:17,923 DEBUG modssc.sampling.api api.py:150: Sampling stats: {'nodes': 3327, 'train': 120, 'val': 500, 'test': 1000, 'labeled': 24, 'unlabeled': 96, 'labeled_class_dist': {'n': 24, 'classes': {'0': 4, '1': 4, '2': 4, '3': 4, '4': 4, '5': 4}}}
2026-02-02 14:57:17,923 INFO bench.orchestrators.sampling sampling.py:123: Sampling result: train=120 val=500 test=1000 labeled=24 unlabeled=96 graph=True
2026-02-02 14:57:17,923 DEBUG bench.orchestrators.sampling sampling.py:132: Sampling stats: {'nodes': 3327, 'train': 120, 'val': 500, 'test': 1000, 'labeled': 24, 'unlabeled': 96, 'labeled_class_dist': {'n': 24, 'classes': {'0': 4, '1': 4, '2': 4, '3': 4, '4': 4, '5': 4}}}
2026-02-02 14:57:17,923 INFO bench.orchestrators.sampling sampling.py:133: Sampling stage done: duration_s=0.012
Inductive method on graph dataset; converting graph masks to indices.
2026-02-02 14:57:17,924 INFO bench.orchestrators.preprocess preprocess.py:105: Preprocess start: seed=5 cache=True n_steps=4 fit_indices=24
2026-02-02 14:57:17,924 DEBUG bench.orchestrators.preprocess preprocess.py:112: Preprocess plan: output_key=features.X steps=['labels.encode', 'labels.to_torch', 'graph.sparse_adjacency', 'core.to_torch']
2026-02-02 14:57:17,924 INFO modssc.preprocess.api api.py:490: Preprocess start: dataset_fp=3fb862b6bc9dc5b9bfd36e222d5bbeab653ca6c7a430c3accea136e424ca3744 steps=['labels.encode', 'labels.to_torch', 'graph.sparse_adjacency', 'core.to_torch'] output_key=features.X seed=5 cache=True
2026-02-02 14:57:17,924 DEBUG modssc.preprocess.api api.py:498: Preprocess input shapes: train_X=(3327, 3703) train_y=(3327,) test_X=None test_y=None
2026-02-02 14:57:17,924 INFO modssc.preprocess.api api.py:505: Preprocess input size: train_data=47.2 MB test_data=n/a
2026-02-02 14:57:17,924 DEBUG modssc.preprocess.api api.py:521: Preprocess step start: id=labels.encode index=0 kind=transform params={}
2026-02-02 14:57:17,927 DEBUG modssc.preprocess.api api.py:605: Preprocess step train outputs: id=labels.encode keys=['labels.classes', 'labels.y'] duration_s=0.003
2026-02-02 14:57:17,927 INFO modssc.preprocess.api api.py:679: Preprocess step done: id=labels.encode index=0 duration_s=0.003 train_data=47.2 MB test_data=n/a
2026-02-02 14:57:17,927 DEBUG modssc.preprocess.api api.py:521: Preprocess step start: id=labels.to_torch index=1 kind=transform params={'device': 'auto', 'dtype': 'int64'}
2026-02-02 14:57:18,025 DEBUG modssc.preprocess.api api.py:605: Preprocess step train outputs: id=labels.to_torch keys=['labels.y'] duration_s=0.098
2026-02-02 14:57:18,025 INFO modssc.preprocess.api api.py:267: Preprocess GPU device: device=cuda:0 model=NVIDIA L40
2026-02-02 14:57:18,025 INFO modssc.preprocess.api api.py:679: Preprocess step done: id=labels.to_torch index=1 duration_s=0.098 train_data=47.2 MB test_data=n/a
2026-02-02 14:57:18,025 DEBUG modssc.preprocess.api api.py:521: Preprocess step start: id=graph.sparse_adjacency index=2 kind=transform params={'max_nodes': 20000, 'batch_size': 32, 'embed_epochs': 5, 'embed_lr': 0.01, 'undirected': True, 'device': 'auto'}
2026-02-02 14:57:18,028 WARNING modssc.preprocess.api api.py:575: Preprocess cache miss for graph.sparse_adjacency (train): Incomplete cached outputs for step 'graph.sparse_adjacency' (train)
2026-02-02 14:57:18,029 DEBUG modssc.preprocess.api api.py:605: Preprocess step train outputs: id=graph.sparse_adjacency keys=['features.X'] duration_s=0.004
2026-02-02 14:57:18,029 INFO modssc.preprocess.api api.py:679: Preprocess step done: id=graph.sparse_adjacency index=2 duration_s=0.004 train_data=47.3 MB test_data=n/a
2026-02-02 14:57:18,029 DEBUG modssc.preprocess.api api.py:521: Preprocess step start: id=core.to_torch index=3 kind=transform params={'device': 'auto', 'dtype': 'float32'}
2026-02-02 14:57:18,030 WARNING modssc.preprocess.api api.py:575: Preprocess cache miss for core.to_torch (train): Incomplete cached outputs for step 'core.to_torch' (train)
2026-02-02 14:57:18,034 DEBUG modssc.preprocess.api api.py:605: Preprocess step train outputs: id=core.to_torch keys=['features.X'] duration_s=0.005
2026-02-02 14:57:18,034 INFO modssc.preprocess.api api.py:679: Preprocess step done: id=core.to_torch index=3 duration_s=0.005 train_data=47.3 MB test_data=n/a
2026-02-02 14:57:18,034 INFO modssc.preprocess.api api.py:730: Preprocess done: dataset_fp=3fb862b6bc9dc5b9bfd36e222d5bbeab653ca6c7a430c3accea136e424ca3744 duration_s=0.110 train_X=None test_X=None
2026-02-02 14:57:18,034 INFO bench.orchestrators.preprocess preprocess.py:124: Preprocess result: fingerprint=preprocess:aa9a18f8888ae8bfd7b23144deb24cb21beda62d98043ce05c45e4b777de76e6 plan_fingerprint=resolved_plan:95213a523f045acfbe48296ceac122bc48b9fd73dbd5843390244a44a4946c42 cache_dir=/nfs/home/mbarbaux/ModSSC/cache/preprocess/3fb862b6bc9dc5b9bfd36e222d5bbeab653ca6c7a430c3accea136e424ca3744 skipped=[]
2026-02-02 14:57:18,034 DEBUG bench.orchestrators.preprocess preprocess.py:131: Preprocess output shapes: train_X=None test_X=None
2026-02-02 14:57:18,034 INFO bench.orchestrators.preprocess preprocess.py:136: Preprocess stage done: duration_s=0.111
2026-02-02 14:57:20,184 INFO bench.orchestrators.augmentation augmentation.py:66: Augmentation start: mode=fixed modality=tabular seed=5 n_samples=96 strong_views=1
2026-02-02 14:57:20,184 DEBUG bench.orchestrators.augmentation augmentation.py:74: Augmentation steps: weak=['tabular.gaussian_noise'] strong=['tabular.feature_dropout']
2026-02-02 14:57:20,209 INFO bench.orchestrators.augmentation augmentation.py:191: Augmentation done: duration_s=0.025
2026-02-02 14:57:20,209 DEBUG bench.orchestrators.augmentation augmentation.py:192: Augmentation output shapes: weak=(96, 3703) strong=(96, 3703) strong_1=None
2026-02-02 14:57:20,209 INFO bench.orchestrators.method_inductive method_inductive.py:441: Inductive method start: id=trinet seed=3274374610 device=auto dtype=float32 model=graphsage_inductive
2026-02-02 14:57:20,209 DEBUG bench.orchestrators.method_inductive method_inductive.py:470: Inductive method params: {'max_rounds': 30, 'pool_base': 1000}
2026-02-02 14:57:20,209 INFO bench.orchestrators.method_inductive method_inductive.py:476: Inductive method data: n_labeled=24 n_unlabeled=96
2026-02-02 14:57:20,692 INFO modssc.inductive.methods.trinet trinet.py:395: Starting trinet.fit
2026-02-02 14:57:20,692 DEBUG modssc.inductive.methods.trinet trinet.py:396: spec=TriNetSpec(shared_bundle=TorchModelBundle(model=_GraphSAGEWrapper(
  (convs): ModuleList(
    (0): SAGEConv(3703, 128, aggr=mean)
    (1): SAGEConv(128, 6, aggr=mean)
  )
), optimizer=AdamW (
Parameter Group 0
    amsgrad: False
    betas: (0.9, 0.999)
    capturable: False
    decoupled_weight_decay: True
    differentiable: False
    eps: 1e-08
    foreach: None
    fused: None
    lr: 0.001
    maximize: False
    weight_decay: 0.0
), ema_model=None, scheduler=None, scaler=None, meta=None), head_bundles=(TorchModelBundle(model=Sequential(
  (0): Linear(in_features=128, out_features=6, bias=True)
), optimizer=AdamW (
Parameter Group 0
    amsgrad: False
    betas: (0.9, 0.999)
    capturable: False
    decoupled_weight_decay: True
    differentiable: False
    eps: 1e-08
    foreach: None
    fused: None
    lr: 0.001
    maximize: False
    weight_decay: 0.0
), ema_model=None, scheduler=None, scaler=None, meta=None), TorchModelBundle(model=Sequential(
  (0): Linear(in_features=128, out_features=6, bias=True)
), optimizer=AdamW (
Parameter Group 0
    amsgrad: False
    betas: (0.9, 0.999)
    capturable: False
    decoupled_weight_decay: True
    differentiable: False
    eps: 1e-08
    foreach: None
    fused: None
    lr: 0.001
    maximize: False
    weight_decay: 0.0
), ema_model=None, scheduler=None, scaler=None, meta=None), TorchModelBundle(model=Sequential(
  (0): Linear(in_features=128, out_features=6, bias=True)
), optimizer=AdamW (
Parameter Group 0
    amsgrad: False
    betas: (0.9, 0.999)
    capturable: False
    decoupled_weight_decay: True
    differentiable: False
    eps: 1e-08
    foreach: None
    fused: None
    lr: 0.001
    maximize: False
    weight_decay: 0.0
), ema_model=None, scheduler=None, scaler=None, meta=None)), sigma0=0.95, sigma_os=0.25, sigma_decay=0.05, output_smearing_std=0.05, pool_base=1000, max_rounds=30, fine_tune_interval=4, batch_size=16, init_epochs=1, train_epochs=1, des_passes=6, des_drop_fraction=0.3333333333333333, labeling_stability_passes=1, freeze_bn=True) device=DeviceSpec(device='auto', dtype='float32') seed=3274374610
2026-02-02 14:57:20,692 INFO modssc.inductive.methods.trinet trinet.py:413: TriNet sizes: n_labeled=24 n_unlabeled=96
2026-02-02 14:57:20,839 DEBUG modssc.inductive.methods.trinet trinet.py:585: TriNet round=1 pool=96 sigma_t=0.700 pseudo=[0, 0, 0]
2026-02-02 14:57:20,856 DEBUG modssc.inductive.methods.trinet trinet.py:585: TriNet round=2 pool=96 sigma_t=0.950 pseudo=[0, 0, 0]
2026-02-02 14:57:20,873 DEBUG modssc.inductive.methods.trinet trinet.py:585: TriNet round=3 pool=96 sigma_t=0.950 pseudo=[0, 0, 0]
2026-02-02 14:57:20,898 DEBUG modssc.inductive.methods.trinet trinet.py:585: TriNet round=5 pool=96 sigma_t=0.650 pseudo=[0, 0, 0]
2026-02-02 14:57:20,915 DEBUG modssc.inductive.methods.trinet trinet.py:585: TriNet round=6 pool=96 sigma_t=0.900 pseudo=[0, 0, 0]
2026-02-02 14:57:20,933 DEBUG modssc.inductive.methods.trinet trinet.py:585: TriNet round=7 pool=96 sigma_t=0.900 pseudo=[0, 0, 0]
2026-02-02 14:57:20,957 DEBUG modssc.inductive.methods.trinet trinet.py:585: TriNet round=9 pool=96 sigma_t=0.600 pseudo=[0, 0, 0]
2026-02-02 14:57:20,975 DEBUG modssc.inductive.methods.trinet trinet.py:585: TriNet round=10 pool=96 sigma_t=0.850 pseudo=[0, 0, 0]
2026-02-02 14:57:20,992 DEBUG modssc.inductive.methods.trinet trinet.py:585: TriNet round=11 pool=96 sigma_t=0.850 pseudo=[0, 0, 0]
2026-02-02 14:57:21,017 DEBUG modssc.inductive.methods.trinet trinet.py:585: TriNet round=13 pool=96 sigma_t=0.550 pseudo=[0, 0, 0]
2026-02-02 14:57:21,034 DEBUG modssc.inductive.methods.trinet trinet.py:585: TriNet round=14 pool=96 sigma_t=0.800 pseudo=[0, 0, 0]
2026-02-02 14:57:21,051 DEBUG modssc.inductive.methods.trinet trinet.py:585: TriNet round=15 pool=96 sigma_t=0.800 pseudo=[0, 0, 0]
2026-02-02 14:57:21,091 DEBUG modssc.inductive.methods.trinet trinet.py:585: TriNet round=17 pool=96 sigma_t=0.500 pseudo=[1, 1, 1]
2026-02-02 14:57:21,112 DEBUG modssc.inductive.methods.trinet trinet.py:585: TriNet round=18 pool=96 sigma_t=0.750 pseudo=[0, 0, 1]
2026-02-02 14:57:21,133 DEBUG modssc.inductive.methods.trinet trinet.py:585: TriNet round=19 pool=96 sigma_t=0.750 pseudo=[0, 0, 1]
2026-02-02 14:57:21,168 DEBUG modssc.inductive.methods.trinet trinet.py:585: TriNet round=21 pool=96 sigma_t=0.450 pseudo=[1, 1, 1]
2026-02-02 14:57:21,196 DEBUG modssc.inductive.methods.trinet trinet.py:585: TriNet round=22 pool=96 sigma_t=0.700 pseudo=[1, 1, 1]
2026-02-02 14:57:21,224 DEBUG modssc.inductive.methods.trinet trinet.py:585: TriNet round=23 pool=96 sigma_t=0.700 pseudo=[1, 1, 1]
2026-02-02 14:57:21,260 DEBUG modssc.inductive.methods.trinet trinet.py:585: TriNet round=25 pool=96 sigma_t=0.400 pseudo=[1, 1, 1]
2026-02-02 14:57:21,288 DEBUG modssc.inductive.methods.trinet trinet.py:585: TriNet round=26 pool=96 sigma_t=0.650 pseudo=[1, 1, 1]
2026-02-02 14:57:21,316 DEBUG modssc.inductive.methods.trinet trinet.py:585: TriNet round=27 pool=96 sigma_t=0.650 pseudo=[1, 1, 1]
2026-02-02 14:57:21,356 DEBUG modssc.inductive.methods.trinet trinet.py:585: TriNet round=29 pool=96 sigma_t=0.350 pseudo=[2, 6, 9]
2026-02-02 14:57:21,384 DEBUG modssc.inductive.methods.trinet trinet.py:585: TriNet round=30 pool=96 sigma_t=0.600 pseudo=[1, 1, 1]
2026-02-02 14:57:21,384 INFO modssc.inductive.methods.trinet trinet.py:596: Finished trinet.fit in 0.692s
2026-02-02 14:57:21,384 INFO bench.orchestrators.method_inductive method_inductive.py:550: Inductive method done: id=trinet duration_s=1.174
2026-02-02 14:57:21,384 INFO bench.orchestrators.evaluation evaluation.py:189: Evaluation (inductive): splits=['val', 'test'] metrics=['accuracy', 'macro_f1']
2026-02-02 14:57:21,387 INFO bench.orchestrators.evaluation evaluation.py:231: Evaluation (inductive) done: duration_s=0.003
2026-02-02 14:57:21,389 INFO bench.orchestrators.reporting reporting.py:54: Run summary written: /nfs/home/mbarbaux/ModSSC/runs/inductive/trinet/graph/citeseer/best_graph_inductive_trinet_citeseer-20260202T135717Z/run.json status=success duration_s=0.002
