2026-02-02 15:20:41,428 INFO bench.orchestrators.dataset dataset.py:36: Dataset start: id=pubmed download=True cache_dir=None
2026-02-02 15:20:41,429 DEBUG bench.orchestrators.dataset dataset.py:42: Dataset options: []
2026-02-02 15:20:41,432 DEBUG modssc.data_loader.providers __init__.py:38: Creating provider: pyg
2026-02-02 15:20:41,432 DEBUG modssc.data_loader.api api.py:316: Resolved dataset id=pubmed provider=pyg canonical_uri=pyg:Planetoid/PubMed
2026-02-02 15:20:41,432 INFO modssc.data_loader.api api.py:117: Dataset load: id=pubmed provider=pyg version=None fingerprint=33662ee2dd9f5386a1eb7438c7e711640858805e93f8cee2bfe9beda2eb3499a download=True force=False cache_dir=/nfs/home/mbarbaux/ModSSC/cache/datasets
2026-02-02 15:20:41,432 DEBUG modssc.data_loader.api api.py:127: Dataset resolved_kwargs: {'dataset_class': 'Planetoid', 'dataset_kwargs': {'name': 'PubMed'}}
2026-02-02 15:20:41,443 DEBUG modssc.data_loader.api api.py:403: Loaded cached dataset: fingerprint=33662ee2dd9f5386a1eb7438c7e711640858805e93f8cee2bfe9beda2eb3499a
2026-02-02 15:20:41,443 INFO modssc.data_loader.api api.py:133: Dataset cached: id=pubmed train=19717 test=None n_classes=3 duration_s=0.015
2026-02-02 15:20:41,444 INFO bench.orchestrators.dataset dataset.py:54: Dataset loaded: train=19717 test=None graph=True fingerprint=33662ee2dd9f5386a1eb7438c7e711640858805e93f8cee2bfe9beda2eb3499a provider=pyg
2026-02-02 15:20:41,444 INFO bench.orchestrators.dataset dataset.py:62: Dataset stage done: duration_s=0.015
2026-02-02 15:20:41,489 INFO bench.orchestrators.sampling sampling.py:86: Sampling start: seed=5 dataset_id=pubmed
2026-02-02 15:20:41,489 DEBUG bench.orchestrators.sampling sampling.py:87: Sampling plan: split={'kind': 'holdout', 'test_fraction': 0.2, 'val_fraction': 0.1, 'stratify': True, 'shuffle': True} labeling={'mode': 'fraction', 'value': 0.2, 'per_class': False, 'min_per_class': 1, 'strategy': 'balanced', 'fixed_indices': None} imbalance={'kind': 'none', 'apply_to': 'train', 'max_per_class': None, 'alpha': None, 'min_per_class': 1} policy={'respect_official_test': True, 'use_official_graph_masks': True, 'allow_override_official': False}
2026-02-02 15:20:41,489 DEBUG bench.orchestrators.sampling sampling.py:98: Sampling dataset_fingerprint=33662ee2dd9f5386a1eb7438c7e711640858805e93f8cee2bfe9beda2eb3499a
2026-02-02 15:20:41,489 INFO modssc.sampling.api api.py:99: Sampling start: dataset_id=pubmed dataset_fingerprint=33662ee2dd9f5386a1eb7438c7e711640858805e93f8cee2bfe9beda2eb3499a seed=5 graph=True split=holdout
2026-02-02 15:20:41,489 DEBUG modssc.sampling.api api.py:107: Sampling plan: {'split': {'kind': 'holdout', 'test_fraction': 0.2, 'val_fraction': 0.1, 'stratify': True, 'shuffle': True}, 'labeling': {'mode': 'fraction', 'value': 0.2, 'per_class': False, 'min_per_class': 1, 'strategy': 'balanced', 'fixed_indices': None}, 'imbalance': {'kind': 'none', 'apply_to': 'train', 'max_per_class': None, 'alpha': None, 'min_per_class': 1}, 'policy': {'respect_official_test': True, 'use_official_graph_masks': True, 'allow_override_official': False}}
2026-02-02 15:20:41,500 INFO modssc.sampling.api api.py:141: Sampling done: train=60 val=500 test=1000 labeled=12 unlabeled=48 duration_s=0.011
2026-02-02 15:20:41,501 DEBUG modssc.sampling.api api.py:150: Sampling stats: {'nodes': 19717, 'train': 60, 'val': 500, 'test': 1000, 'labeled': 12, 'unlabeled': 48, 'labeled_class_dist': {'n': 12, 'classes': {'0': 4, '1': 4, '2': 4}}}
2026-02-02 15:20:41,501 INFO bench.orchestrators.sampling sampling.py:123: Sampling result: train=60 val=500 test=1000 labeled=12 unlabeled=48 graph=True
2026-02-02 15:20:41,501 DEBUG bench.orchestrators.sampling sampling.py:132: Sampling stats: {'nodes': 19717, 'train': 60, 'val': 500, 'test': 1000, 'labeled': 12, 'unlabeled': 48, 'labeled_class_dist': {'n': 12, 'classes': {'0': 4, '1': 4, '2': 4}}}
2026-02-02 15:20:41,501 INFO bench.orchestrators.sampling sampling.py:133: Sampling stage done: duration_s=0.011
Inductive method on graph dataset; converting graph masks to indices.
2026-02-02 15:20:41,501 INFO bench.orchestrators.preprocess preprocess.py:105: Preprocess start: seed=5 cache=True n_steps=4 fit_indices=12
2026-02-02 15:20:41,501 DEBUG bench.orchestrators.preprocess preprocess.py:112: Preprocess plan: output_key=features.X steps=['labels.encode', 'labels.to_torch', 'graph.sparse_adjacency', 'core.to_torch']
2026-02-02 15:20:41,501 INFO modssc.preprocess.api api.py:490: Preprocess start: dataset_fp=33662ee2dd9f5386a1eb7438c7e711640858805e93f8cee2bfe9beda2eb3499a steps=['labels.encode', 'labels.to_torch', 'graph.sparse_adjacency', 'core.to_torch'] output_key=features.X seed=5 cache=True
2026-02-02 15:20:41,501 DEBUG modssc.preprocess.api api.py:498: Preprocess input shapes: train_X=(19717, 500) train_y=(19717,) test_X=None test_y=None
2026-02-02 15:20:41,501 INFO modssc.preprocess.api api.py:505: Preprocess input size: train_data=39.2 MB test_data=n/a
2026-02-02 15:20:41,501 DEBUG modssc.preprocess.api api.py:521: Preprocess step start: id=labels.encode index=0 kind=transform params={}
2026-02-02 15:20:41,503 DEBUG modssc.preprocess.api api.py:605: Preprocess step train outputs: id=labels.encode keys=['labels.classes', 'labels.y'] duration_s=0.002
2026-02-02 15:20:41,503 INFO modssc.preprocess.api api.py:679: Preprocess step done: id=labels.encode index=0 duration_s=0.002 train_data=39.2 MB test_data=n/a
2026-02-02 15:20:41,504 DEBUG modssc.preprocess.api api.py:521: Preprocess step start: id=labels.to_torch index=1 kind=transform params={'device': 'auto', 'dtype': 'int64'}
2026-02-02 15:20:41,596 DEBUG modssc.preprocess.api api.py:605: Preprocess step train outputs: id=labels.to_torch keys=['labels.y'] duration_s=0.093
2026-02-02 15:20:41,596 INFO modssc.preprocess.api api.py:267: Preprocess GPU device: device=cuda:0 model=NVIDIA L40
2026-02-02 15:20:41,596 INFO modssc.preprocess.api api.py:679: Preprocess step done: id=labels.to_torch index=1 duration_s=0.093 train_data=39.2 MB test_data=n/a
2026-02-02 15:20:41,597 DEBUG modssc.preprocess.api api.py:521: Preprocess step start: id=graph.sparse_adjacency index=2 kind=transform params={'max_nodes': 20000, 'batch_size': 32, 'embed_epochs': 5, 'embed_lr': 0.01, 'undirected': True, 'device': 'auto'}
2026-02-02 15:20:41,716 WARNING modssc.preprocess.api api.py:575: Preprocess cache miss for graph.sparse_adjacency (train): Incomplete cached outputs for step 'graph.sparse_adjacency' (train)
2026-02-02 15:20:41,717 DEBUG modssc.preprocess.api api.py:605: Preprocess step train outputs: id=graph.sparse_adjacency keys=['features.X'] duration_s=0.120
2026-02-02 15:20:41,717 INFO modssc.preprocess.api api.py:679: Preprocess step done: id=graph.sparse_adjacency index=2 duration_s=0.120 train_data=40.5 MB test_data=n/a
2026-02-02 15:20:41,717 DEBUG modssc.preprocess.api api.py:521: Preprocess step start: id=core.to_torch index=3 kind=transform params={'device': 'auto', 'dtype': 'float32'}
2026-02-02 15:20:41,718 WARNING modssc.preprocess.api api.py:575: Preprocess cache miss for core.to_torch (train): Incomplete cached outputs for step 'core.to_torch' (train)
2026-02-02 15:20:41,721 DEBUG modssc.preprocess.api api.py:605: Preprocess step train outputs: id=core.to_torch keys=['features.X'] duration_s=0.004
2026-02-02 15:20:41,722 INFO modssc.preprocess.api api.py:679: Preprocess step done: id=core.to_torch index=3 duration_s=0.004 train_data=40.5 MB test_data=n/a
2026-02-02 15:20:41,722 INFO modssc.preprocess.api api.py:730: Preprocess done: dataset_fp=33662ee2dd9f5386a1eb7438c7e711640858805e93f8cee2bfe9beda2eb3499a duration_s=0.221 train_X=None test_X=None
2026-02-02 15:20:41,722 INFO bench.orchestrators.preprocess preprocess.py:124: Preprocess result: fingerprint=preprocess:584d87f3e51ad43dbb76f2111dd9667b5f1d4499adb725baefb05b6fc64659f8 plan_fingerprint=resolved_plan:95213a523f045acfbe48296ceac122bc48b9fd73dbd5843390244a44a4946c42 cache_dir=/nfs/home/mbarbaux/ModSSC/cache/preprocess/33662ee2dd9f5386a1eb7438c7e711640858805e93f8cee2bfe9beda2eb3499a skipped=[]
2026-02-02 15:20:41,722 DEBUG bench.orchestrators.preprocess preprocess.py:131: Preprocess output shapes: train_X=None test_X=None
2026-02-02 15:20:41,722 INFO bench.orchestrators.preprocess preprocess.py:136: Preprocess stage done: duration_s=0.221
2026-02-02 15:20:43,828 INFO bench.orchestrators.augmentation augmentation.py:66: Augmentation start: mode=fixed modality=tabular seed=5 n_samples=48 strong_views=1
2026-02-02 15:20:43,828 DEBUG bench.orchestrators.augmentation augmentation.py:74: Augmentation steps: weak=['tabular.gaussian_noise'] strong=['tabular.feature_dropout']
2026-02-02 15:20:43,846 INFO bench.orchestrators.augmentation augmentation.py:191: Augmentation done: duration_s=0.018
2026-02-02 15:20:43,846 DEBUG bench.orchestrators.augmentation augmentation.py:192: Augmentation output shapes: weak=(48, 500) strong=(48, 500) strong_1=None
2026-02-02 15:20:43,846 INFO bench.orchestrators.method_inductive method_inductive.py:441: Inductive method start: id=trinet seed=3274374610 device=auto dtype=float32 model=graphsage_inductive
2026-02-02 15:20:43,846 DEBUG bench.orchestrators.method_inductive method_inductive.py:470: Inductive method params: {'max_rounds': 30, 'pool_base': 1000}
2026-02-02 15:20:43,846 INFO bench.orchestrators.method_inductive method_inductive.py:476: Inductive method data: n_labeled=12 n_unlabeled=48
2026-02-02 15:20:43,939 INFO modssc.inductive.methods.trinet trinet.py:395: Starting trinet.fit
2026-02-02 15:20:43,939 DEBUG modssc.inductive.methods.trinet trinet.py:396: spec=TriNetSpec(shared_bundle=TorchModelBundle(model=_GraphSAGEWrapper(
  (convs): ModuleList(
    (0): SAGEConv(500, 128, aggr=mean)
    (1): SAGEConv(128, 3, aggr=mean)
  )
), optimizer=AdamW (
Parameter Group 0
    amsgrad: False
    betas: (0.9, 0.999)
    capturable: False
    decoupled_weight_decay: True
    differentiable: False
    eps: 1e-08
    foreach: None
    fused: None
    lr: 0.001
    maximize: False
    weight_decay: 0.0
), ema_model=None, scheduler=None, scaler=None, meta=None), head_bundles=(TorchModelBundle(model=Sequential(
  (0): Linear(in_features=128, out_features=3, bias=True)
), optimizer=AdamW (
Parameter Group 0
    amsgrad: False
    betas: (0.9, 0.999)
    capturable: False
    decoupled_weight_decay: True
    differentiable: False
    eps: 1e-08
    foreach: None
    fused: None
    lr: 0.001
    maximize: False
    weight_decay: 0.0
), ema_model=None, scheduler=None, scaler=None, meta=None), TorchModelBundle(model=Sequential(
  (0): Linear(in_features=128, out_features=3, bias=True)
), optimizer=AdamW (
Parameter Group 0
    amsgrad: False
    betas: (0.9, 0.999)
    capturable: False
    decoupled_weight_decay: True
    differentiable: False
    eps: 1e-08
    foreach: None
    fused: None
    lr: 0.001
    maximize: False
    weight_decay: 0.0
), ema_model=None, scheduler=None, scaler=None, meta=None), TorchModelBundle(model=Sequential(
  (0): Linear(in_features=128, out_features=3, bias=True)
), optimizer=AdamW (
Parameter Group 0
    amsgrad: False
    betas: (0.9, 0.999)
    capturable: False
    decoupled_weight_decay: True
    differentiable: False
    eps: 1e-08
    foreach: None
    fused: None
    lr: 0.001
    maximize: False
    weight_decay: 0.0
), ema_model=None, scheduler=None, scaler=None, meta=None)), sigma0=0.95, sigma_os=0.25, sigma_decay=0.05, output_smearing_std=0.05, pool_base=1000, max_rounds=30, fine_tune_interval=4, batch_size=16, init_epochs=1, train_epochs=1, des_passes=6, des_drop_fraction=0.3333333333333333, labeling_stability_passes=1, freeze_bn=True) device=DeviceSpec(device='auto', dtype='float32') seed=3274374610
2026-02-02 15:20:43,939 INFO modssc.inductive.methods.trinet trinet.py:413: TriNet sizes: n_labeled=12 n_unlabeled=48
2026-02-02 15:20:44,047 DEBUG modssc.inductive.methods.trinet trinet.py:585: TriNet round=1 pool=48 sigma_t=0.700 pseudo=[0, 0, 0]
2026-02-02 15:20:44,056 DEBUG modssc.inductive.methods.trinet trinet.py:585: TriNet round=2 pool=48 sigma_t=0.950 pseudo=[0, 0, 0]
2026-02-02 15:20:44,065 DEBUG modssc.inductive.methods.trinet trinet.py:585: TriNet round=3 pool=48 sigma_t=0.950 pseudo=[0, 0, 0]
2026-02-02 15:20:44,078 DEBUG modssc.inductive.methods.trinet trinet.py:585: TriNet round=5 pool=48 sigma_t=0.650 pseudo=[0, 0, 0]
2026-02-02 15:20:44,087 DEBUG modssc.inductive.methods.trinet trinet.py:585: TriNet round=6 pool=48 sigma_t=0.900 pseudo=[0, 0, 0]
2026-02-02 15:20:44,095 DEBUG modssc.inductive.methods.trinet trinet.py:585: TriNet round=7 pool=48 sigma_t=0.900 pseudo=[0, 0, 0]
2026-02-02 15:20:44,108 DEBUG modssc.inductive.methods.trinet trinet.py:585: TriNet round=9 pool=48 sigma_t=0.600 pseudo=[0, 0, 0]
2026-02-02 15:20:44,117 DEBUG modssc.inductive.methods.trinet trinet.py:585: TriNet round=10 pool=48 sigma_t=0.850 pseudo=[0, 0, 0]
2026-02-02 15:20:44,126 DEBUG modssc.inductive.methods.trinet trinet.py:585: TriNet round=11 pool=48 sigma_t=0.850 pseudo=[0, 0, 0]
2026-02-02 15:20:44,139 DEBUG modssc.inductive.methods.trinet trinet.py:585: TriNet round=13 pool=48 sigma_t=0.550 pseudo=[0, 0, 0]
2026-02-02 15:20:44,147 DEBUG modssc.inductive.methods.trinet trinet.py:585: TriNet round=14 pool=48 sigma_t=0.800 pseudo=[0, 0, 0]
2026-02-02 15:20:44,156 DEBUG modssc.inductive.methods.trinet trinet.py:585: TriNet round=15 pool=48 sigma_t=0.800 pseudo=[0, 0, 0]
2026-02-02 15:20:44,169 DEBUG modssc.inductive.methods.trinet trinet.py:585: TriNet round=17 pool=48 sigma_t=0.500 pseudo=[0, 0, 0]
2026-02-02 15:20:44,178 DEBUG modssc.inductive.methods.trinet trinet.py:585: TriNet round=18 pool=48 sigma_t=0.750 pseudo=[0, 0, 0]
2026-02-02 15:20:44,187 DEBUG modssc.inductive.methods.trinet trinet.py:585: TriNet round=19 pool=48 sigma_t=0.750 pseudo=[0, 0, 0]
2026-02-02 15:20:44,200 DEBUG modssc.inductive.methods.trinet trinet.py:585: TriNet round=21 pool=48 sigma_t=0.450 pseudo=[0, 0, 0]
2026-02-02 15:20:44,209 DEBUG modssc.inductive.methods.trinet trinet.py:585: TriNet round=22 pool=48 sigma_t=0.700 pseudo=[0, 0, 0]
2026-02-02 15:20:44,217 DEBUG modssc.inductive.methods.trinet trinet.py:585: TriNet round=23 pool=48 sigma_t=0.700 pseudo=[0, 0, 0]
2026-02-02 15:20:44,230 DEBUG modssc.inductive.methods.trinet trinet.py:585: TriNet round=25 pool=48 sigma_t=0.400 pseudo=[0, 0, 0]
2026-02-02 15:20:44,239 DEBUG modssc.inductive.methods.trinet trinet.py:585: TriNet round=26 pool=48 sigma_t=0.650 pseudo=[0, 0, 0]
2026-02-02 15:20:44,248 DEBUG modssc.inductive.methods.trinet trinet.py:585: TriNet round=27 pool=48 sigma_t=0.650 pseudo=[0, 0, 0]
2026-02-02 15:20:44,282 DEBUG modssc.inductive.methods.trinet trinet.py:585: TriNet round=29 pool=48 sigma_t=0.350 pseudo=[9, 13, 17]
2026-02-02 15:20:44,291 DEBUG modssc.inductive.methods.trinet trinet.py:585: TriNet round=30 pool=48 sigma_t=0.600 pseudo=[0, 0, 0]
2026-02-02 15:20:44,291 INFO modssc.inductive.methods.trinet trinet.py:596: Finished trinet.fit in 0.353s
2026-02-02 15:20:44,291 INFO bench.orchestrators.method_inductive method_inductive.py:550: Inductive method done: id=trinet duration_s=0.445
2026-02-02 15:20:44,291 INFO bench.orchestrators.evaluation evaluation.py:189: Evaluation (inductive): splits=['val', 'test'] metrics=['accuracy', 'macro_f1']
2026-02-02 15:20:44,295 INFO bench.orchestrators.evaluation evaluation.py:231: Evaluation (inductive) done: duration_s=0.003
2026-02-02 15:20:44,296 INFO bench.orchestrators.reporting reporting.py:54: Run summary written: /nfs/home/mbarbaux/ModSSC/runs/inductive/trinet/graph/pubmed/best_graph_inductive_trinet_pubmed-20260202T142041Z/run.json status=success duration_s=0.001
