2026-02-02 15:08:53,069 INFO bench.orchestrators.dataset dataset.py:36: Dataset start: id=cora download=True cache_dir=None
2026-02-02 15:08:53,069 DEBUG bench.orchestrators.dataset dataset.py:42: Dataset options: []
2026-02-02 15:08:53,072 DEBUG modssc.data_loader.providers __init__.py:38: Creating provider: pyg
2026-02-02 15:08:53,072 DEBUG modssc.data_loader.api api.py:316: Resolved dataset id=cora provider=pyg canonical_uri=pyg:Planetoid/Cora
2026-02-02 15:08:53,072 INFO modssc.data_loader.api api.py:117: Dataset load: id=cora provider=pyg version=None fingerprint=2919521af8679a8c84658219f16403f74aa1bfc03b19b6a08eb2565299400728 download=True force=False cache_dir=/nfs/home/mbarbaux/ModSSC/cache/datasets
2026-02-02 15:08:53,072 DEBUG modssc.data_loader.api api.py:127: Dataset resolved_kwargs: {'dataset_class': 'Planetoid', 'dataset_kwargs': {'name': 'Cora'}}
2026-02-02 15:08:53,077 DEBUG modssc.data_loader.api api.py:403: Loaded cached dataset: fingerprint=2919521af8679a8c84658219f16403f74aa1bfc03b19b6a08eb2565299400728
2026-02-02 15:08:53,077 INFO modssc.data_loader.api api.py:133: Dataset cached: id=cora train=2708 test=None n_classes=7 duration_s=0.008
2026-02-02 15:08:53,077 INFO bench.orchestrators.dataset dataset.py:54: Dataset loaded: train=2708 test=None graph=True fingerprint=2919521af8679a8c84658219f16403f74aa1bfc03b19b6a08eb2565299400728 provider=pyg
2026-02-02 15:08:53,077 INFO bench.orchestrators.dataset dataset.py:62: Dataset stage done: duration_s=0.008
2026-02-02 15:08:53,099 INFO bench.orchestrators.sampling sampling.py:86: Sampling start: seed=5 dataset_id=cora
2026-02-02 15:08:53,099 DEBUG bench.orchestrators.sampling sampling.py:87: Sampling plan: split={'kind': 'holdout', 'test_fraction': 0.2, 'val_fraction': 0.1, 'stratify': True, 'shuffle': True} labeling={'mode': 'fraction', 'value': 0.2, 'per_class': False, 'min_per_class': 1, 'strategy': 'balanced', 'fixed_indices': None} imbalance={'kind': 'none', 'apply_to': 'train', 'max_per_class': None, 'alpha': None, 'min_per_class': 1} policy={'respect_official_test': True, 'use_official_graph_masks': True, 'allow_override_official': False}
2026-02-02 15:08:53,099 DEBUG bench.orchestrators.sampling sampling.py:98: Sampling dataset_fingerprint=2919521af8679a8c84658219f16403f74aa1bfc03b19b6a08eb2565299400728
2026-02-02 15:08:53,099 INFO modssc.sampling.api api.py:99: Sampling start: dataset_id=cora dataset_fingerprint=2919521af8679a8c84658219f16403f74aa1bfc03b19b6a08eb2565299400728 seed=5 graph=True split=holdout
2026-02-02 15:08:53,099 DEBUG modssc.sampling.api api.py:107: Sampling plan: {'split': {'kind': 'holdout', 'test_fraction': 0.2, 'val_fraction': 0.1, 'stratify': True, 'shuffle': True}, 'labeling': {'mode': 'fraction', 'value': 0.2, 'per_class': False, 'min_per_class': 1, 'strategy': 'balanced', 'fixed_indices': None}, 'imbalance': {'kind': 'none', 'apply_to': 'train', 'max_per_class': None, 'alpha': None, 'min_per_class': 1}, 'policy': {'respect_official_test': True, 'use_official_graph_masks': True, 'allow_override_official': False}}
2026-02-02 15:08:53,109 INFO modssc.sampling.api api.py:141: Sampling done: train=140 val=500 test=1000 labeled=28 unlabeled=112 duration_s=0.010
2026-02-02 15:08:53,109 DEBUG modssc.sampling.api api.py:150: Sampling stats: {'nodes': 2708, 'train': 140, 'val': 500, 'test': 1000, 'labeled': 28, 'unlabeled': 112, 'labeled_class_dist': {'n': 28, 'classes': {'0': 4, '1': 4, '2': 4, '3': 4, '4': 4, '5': 4, '6': 4}}}
2026-02-02 15:08:53,109 INFO bench.orchestrators.sampling sampling.py:123: Sampling result: train=140 val=500 test=1000 labeled=28 unlabeled=112 graph=True
2026-02-02 15:08:53,109 DEBUG bench.orchestrators.sampling sampling.py:132: Sampling stats: {'nodes': 2708, 'train': 140, 'val': 500, 'test': 1000, 'labeled': 28, 'unlabeled': 112, 'labeled_class_dist': {'n': 28, 'classes': {'0': 4, '1': 4, '2': 4, '3': 4, '4': 4, '5': 4, '6': 4}}}
2026-02-02 15:08:53,109 INFO bench.orchestrators.sampling sampling.py:133: Sampling stage done: duration_s=0.010
2026-02-02 15:08:53,109 INFO bench.orchestrators.preprocess preprocess.py:105: Preprocess start: seed=5 cache=True n_steps=3 fit_indices=28
2026-02-02 15:08:53,109 DEBUG bench.orchestrators.preprocess preprocess.py:112: Preprocess plan: output_key=features.X steps=['labels.encode', 'core.ensure_2d', 'core.to_numpy']
2026-02-02 15:08:53,110 INFO modssc.preprocess.api api.py:490: Preprocess start: dataset_fp=2919521af8679a8c84658219f16403f74aa1bfc03b19b6a08eb2565299400728 steps=['labels.encode', 'core.ensure_2d', 'core.to_numpy'] output_key=features.X seed=5 cache=True
2026-02-02 15:08:53,110 DEBUG modssc.preprocess.api api.py:498: Preprocess input shapes: train_X=(2708, 1433) train_y=(2708,) test_X=None test_y=None
2026-02-02 15:08:53,110 INFO modssc.preprocess.api api.py:505: Preprocess input size: train_data=15.0 MB test_data=n/a
2026-02-02 15:08:53,110 DEBUG modssc.preprocess.api api.py:521: Preprocess step start: id=labels.encode index=0 kind=transform params={}
2026-02-02 15:08:53,115 DEBUG modssc.preprocess.api api.py:605: Preprocess step train outputs: id=labels.encode keys=['labels.classes', 'labels.y'] duration_s=0.005
2026-02-02 15:08:53,115 INFO modssc.preprocess.api api.py:679: Preprocess step done: id=labels.encode index=0 duration_s=0.005 train_data=15.0 MB test_data=n/a
2026-02-02 15:08:53,115 DEBUG modssc.preprocess.api api.py:521: Preprocess step start: id=core.ensure_2d index=1 kind=transform params={}
2026-02-02 15:08:53,121 DEBUG modssc.preprocess.api api.py:605: Preprocess step train outputs: id=core.ensure_2d keys=['features.X'] duration_s=0.006
2026-02-02 15:08:53,121 INFO modssc.preprocess.api api.py:679: Preprocess step done: id=core.ensure_2d index=1 duration_s=0.006 train_data=15.0 MB test_data=n/a
2026-02-02 15:08:53,121 DEBUG modssc.preprocess.api api.py:521: Preprocess step start: id=core.to_numpy index=2 kind=transform params={}
2026-02-02 15:08:53,126 DEBUG modssc.preprocess.api api.py:605: Preprocess step train outputs: id=core.to_numpy keys=['features.X'] duration_s=0.005
2026-02-02 15:08:53,126 INFO modssc.preprocess.api api.py:679: Preprocess step done: id=core.to_numpy index=2 duration_s=0.005 train_data=15.0 MB test_data=n/a
2026-02-02 15:08:53,126 INFO modssc.preprocess.api api.py:730: Preprocess done: dataset_fp=2919521af8679a8c84658219f16403f74aa1bfc03b19b6a08eb2565299400728 duration_s=0.017 train_X=(2708, 1433) test_X=None
2026-02-02 15:08:53,126 INFO bench.orchestrators.preprocess preprocess.py:124: Preprocess result: fingerprint=preprocess:6eaf9a71c3db86ab24260f10118a587c53889f7dd5582a4e0ff2cdabcdf4774f plan_fingerprint=resolved_plan:8a5e3ebe41a4f364f53ac26a625ef44f5a721631be61f65e32b92a3759853b68 cache_dir=/nfs/home/mbarbaux/ModSSC/cache/preprocess/2919521af8679a8c84658219f16403f74aa1bfc03b19b6a08eb2565299400728 skipped=[]
2026-02-02 15:08:53,126 DEBUG bench.orchestrators.preprocess preprocess.py:131: Preprocess output shapes: train_X=(2708, 1433) test_X=None
2026-02-02 15:08:53,126 INFO bench.orchestrators.preprocess preprocess.py:136: Preprocess stage done: duration_s=0.017
2026-02-02 15:08:53,126 INFO bench.orchestrators.method_transductive method_transductive.py:139: Transductive method start: id=chebnet seed=3274374610 device=auto resolved_device=cuda use_test=False
2026-02-02 15:08:53,126 DEBUG bench.orchestrators.method_transductive method_transductive.py:147: Transductive method params: {'hidden_dim': 32, 'k': 2, 'dropout': 0.5, 'lr': 0.01, 'weight_decay': 0.0005, 'max_epochs': 200, 'patience': 50, 'add_self_loops': True}
2026-02-02 15:08:53,126 INFO bench.orchestrators.method_transductive method_transductive.py:158: Transductive data: n_nodes=2708 n_train=2708 n_test=0
2026-02-02 15:08:53,126 INFO bench.orchestrators.method_transductive method_transductive.py:177: Transductive masks: labeled_count=28 train_count=140
2026-02-02 15:08:53,127 INFO modssc.transductive.methods.gnn.chebnet chebnet.py:107: Starting chebnet.fit
2026-02-02 15:08:53,127 DEBUG modssc.transductive.methods.gnn.chebnet chebnet.py:108: spec=ChebNetSpec(hidden_dim=32, k=2, dropout=0.5, lr=0.01, weight_decay=0.0005, max_epochs=200, patience=50, add_self_loops=True) device=cuda seed=3274374610
2026-02-02 15:08:53,305 INFO modssc.transductive.methods.gnn.chebnet chebnet.py:120: ChebNet sizes: n_nodes=2708 n_classes=7 train=28 val=500
2026-02-02 15:08:54,311 DEBUG modssc.transductive.methods.gnn.common common.py:373: train_fullbatch epoch=0 val_loss=1.9026 best updated
2026-02-02 15:08:54,315 DEBUG modssc.transductive.methods.gnn.common common.py:373: train_fullbatch epoch=1 val_loss=1.8101 best updated
2026-02-02 15:08:54,319 DEBUG modssc.transductive.methods.gnn.common common.py:373: train_fullbatch epoch=2 val_loss=1.6805 best updated
2026-02-02 15:08:54,323 DEBUG modssc.transductive.methods.gnn.common common.py:373: train_fullbatch epoch=3 val_loss=1.5284 best updated
2026-02-02 15:08:54,327 DEBUG modssc.transductive.methods.gnn.common common.py:373: train_fullbatch epoch=4 val_loss=1.4008 best updated
2026-02-02 15:08:54,330 DEBUG modssc.transductive.methods.gnn.common common.py:373: train_fullbatch epoch=5 val_loss=1.2878 best updated
2026-02-02 15:08:54,334 DEBUG modssc.transductive.methods.gnn.common common.py:373: train_fullbatch epoch=6 val_loss=1.2129 best updated
2026-02-02 15:08:54,338 DEBUG modssc.transductive.methods.gnn.common common.py:373: train_fullbatch epoch=7 val_loss=1.1770 best updated
2026-02-02 15:08:54,342 DEBUG modssc.transductive.methods.gnn.common common.py:380: train_fullbatch epoch=8 val_loss=1.1860 bad_epochs=1/50
2026-02-02 15:08:54,345 DEBUG modssc.transductive.methods.gnn.common common.py:380: train_fullbatch epoch=9 val_loss=1.1991 bad_epochs=2/50
2026-02-02 15:08:54,349 DEBUG modssc.transductive.methods.gnn.common common.py:380: train_fullbatch epoch=10 val_loss=1.2307 bad_epochs=3/50
2026-02-02 15:08:54,353 DEBUG modssc.transductive.methods.gnn.common common.py:380: train_fullbatch epoch=11 val_loss=1.2583 bad_epochs=4/50
2026-02-02 15:08:54,356 DEBUG modssc.transductive.methods.gnn.common common.py:380: train_fullbatch epoch=12 val_loss=1.2900 bad_epochs=5/50
2026-02-02 15:08:54,360 DEBUG modssc.transductive.methods.gnn.common common.py:380: train_fullbatch epoch=13 val_loss=1.3120 bad_epochs=6/50
2026-02-02 15:08:54,364 DEBUG modssc.transductive.methods.gnn.common common.py:380: train_fullbatch epoch=14 val_loss=1.3315 bad_epochs=7/50
2026-02-02 15:08:54,367 DEBUG modssc.transductive.methods.gnn.common common.py:380: train_fullbatch epoch=15 val_loss=1.3492 bad_epochs=8/50
2026-02-02 15:08:54,371 DEBUG modssc.transductive.methods.gnn.common common.py:380: train_fullbatch epoch=16 val_loss=1.3646 bad_epochs=9/50
2026-02-02 15:08:54,375 DEBUG modssc.transductive.methods.gnn.common common.py:380: train_fullbatch epoch=17 val_loss=1.3767 bad_epochs=10/50
2026-02-02 15:08:54,378 DEBUG modssc.transductive.methods.gnn.common common.py:380: train_fullbatch epoch=18 val_loss=1.3903 bad_epochs=11/50
2026-02-02 15:08:54,382 DEBUG modssc.transductive.methods.gnn.common common.py:380: train_fullbatch epoch=19 val_loss=1.3926 bad_epochs=12/50
2026-02-02 15:08:54,386 DEBUG modssc.transductive.methods.gnn.common common.py:380: train_fullbatch epoch=20 val_loss=1.3936 bad_epochs=13/50
2026-02-02 15:08:54,389 DEBUG modssc.transductive.methods.gnn.common common.py:380: train_fullbatch epoch=21 val_loss=1.3947 bad_epochs=14/50
2026-02-02 15:08:54,393 DEBUG modssc.transductive.methods.gnn.common common.py:380: train_fullbatch epoch=22 val_loss=1.3955 bad_epochs=15/50
2026-02-02 15:08:54,396 DEBUG modssc.transductive.methods.gnn.common common.py:380: train_fullbatch epoch=23 val_loss=1.3996 bad_epochs=16/50
2026-02-02 15:08:54,400 DEBUG modssc.transductive.methods.gnn.common common.py:380: train_fullbatch epoch=24 val_loss=1.4037 bad_epochs=17/50
2026-02-02 15:08:54,404 DEBUG modssc.transductive.methods.gnn.common common.py:380: train_fullbatch epoch=25 val_loss=1.4070 bad_epochs=18/50
2026-02-02 15:08:54,407 DEBUG modssc.transductive.methods.gnn.common common.py:380: train_fullbatch epoch=26 val_loss=1.4000 bad_epochs=19/50
2026-02-02 15:08:54,411 DEBUG modssc.transductive.methods.gnn.common common.py:380: train_fullbatch epoch=27 val_loss=1.3930 bad_epochs=20/50
2026-02-02 15:08:54,415 DEBUG modssc.transductive.methods.gnn.common common.py:380: train_fullbatch epoch=28 val_loss=1.3920 bad_epochs=21/50
2026-02-02 15:08:54,418 DEBUG modssc.transductive.methods.gnn.common common.py:380: train_fullbatch epoch=29 val_loss=1.3920 bad_epochs=22/50
2026-02-02 15:08:54,422 DEBUG modssc.transductive.methods.gnn.common common.py:380: train_fullbatch epoch=30 val_loss=1.3926 bad_epochs=23/50
2026-02-02 15:08:54,426 DEBUG modssc.transductive.methods.gnn.common common.py:380: train_fullbatch epoch=31 val_loss=1.3936 bad_epochs=24/50
2026-02-02 15:08:54,429 DEBUG modssc.transductive.methods.gnn.common common.py:380: train_fullbatch epoch=32 val_loss=1.3915 bad_epochs=25/50
2026-02-02 15:08:54,433 DEBUG modssc.transductive.methods.gnn.common common.py:380: train_fullbatch epoch=33 val_loss=1.3900 bad_epochs=26/50
2026-02-02 15:08:54,437 DEBUG modssc.transductive.methods.gnn.common common.py:380: train_fullbatch epoch=34 val_loss=1.3855 bad_epochs=27/50
2026-02-02 15:08:54,440 DEBUG modssc.transductive.methods.gnn.common common.py:380: train_fullbatch epoch=35 val_loss=1.3817 bad_epochs=28/50
2026-02-02 15:08:54,444 DEBUG modssc.transductive.methods.gnn.common common.py:380: train_fullbatch epoch=36 val_loss=1.3784 bad_epochs=29/50
2026-02-02 15:08:54,448 DEBUG modssc.transductive.methods.gnn.common common.py:380: train_fullbatch epoch=37 val_loss=1.3656 bad_epochs=30/50
2026-02-02 15:08:54,451 DEBUG modssc.transductive.methods.gnn.common common.py:380: train_fullbatch epoch=38 val_loss=1.3580 bad_epochs=31/50
2026-02-02 15:08:54,455 DEBUG modssc.transductive.methods.gnn.common common.py:380: train_fullbatch epoch=39 val_loss=1.3455 bad_epochs=32/50
2026-02-02 15:08:54,459 DEBUG modssc.transductive.methods.gnn.common common.py:380: train_fullbatch epoch=40 val_loss=1.3403 bad_epochs=33/50
2026-02-02 15:08:54,462 DEBUG modssc.transductive.methods.gnn.common common.py:380: train_fullbatch epoch=41 val_loss=1.3319 bad_epochs=34/50
2026-02-02 15:08:54,466 DEBUG modssc.transductive.methods.gnn.common common.py:380: train_fullbatch epoch=42 val_loss=1.3197 bad_epochs=35/50
2026-02-02 15:08:54,470 DEBUG modssc.transductive.methods.gnn.common common.py:380: train_fullbatch epoch=43 val_loss=1.3008 bad_epochs=36/50
2026-02-02 15:08:54,473 DEBUG modssc.transductive.methods.gnn.common common.py:380: train_fullbatch epoch=44 val_loss=1.3028 bad_epochs=37/50
2026-02-02 15:08:54,477 DEBUG modssc.transductive.methods.gnn.common common.py:380: train_fullbatch epoch=45 val_loss=1.3275 bad_epochs=38/50
2026-02-02 15:08:54,481 DEBUG modssc.transductive.methods.gnn.common common.py:380: train_fullbatch epoch=46 val_loss=1.3694 bad_epochs=39/50
2026-02-02 15:08:54,484 DEBUG modssc.transductive.methods.gnn.common common.py:380: train_fullbatch epoch=47 val_loss=1.4206 bad_epochs=40/50
2026-02-02 15:08:54,488 DEBUG modssc.transductive.methods.gnn.common common.py:380: train_fullbatch epoch=48 val_loss=1.4873 bad_epochs=41/50
2026-02-02 15:08:54,492 DEBUG modssc.transductive.methods.gnn.common common.py:380: train_fullbatch epoch=49 val_loss=1.5575 bad_epochs=42/50
2026-02-02 15:08:54,495 DEBUG modssc.transductive.methods.gnn.common common.py:380: train_fullbatch epoch=50 val_loss=1.6271 bad_epochs=43/50
2026-02-02 15:08:54,499 DEBUG modssc.transductive.methods.gnn.common common.py:380: train_fullbatch epoch=51 val_loss=1.6962 bad_epochs=44/50
2026-02-02 15:08:54,503 DEBUG modssc.transductive.methods.gnn.common common.py:380: train_fullbatch epoch=52 val_loss=1.5956 bad_epochs=45/50
2026-02-02 15:08:54,506 DEBUG modssc.transductive.methods.gnn.common common.py:380: train_fullbatch epoch=53 val_loss=1.5148 bad_epochs=46/50
2026-02-02 15:08:54,510 DEBUG modssc.transductive.methods.gnn.common common.py:380: train_fullbatch epoch=54 val_loss=1.4521 bad_epochs=47/50
2026-02-02 15:08:54,514 DEBUG modssc.transductive.methods.gnn.common common.py:380: train_fullbatch epoch=55 val_loss=1.4036 bad_epochs=48/50
2026-02-02 15:08:54,517 DEBUG modssc.transductive.methods.gnn.common common.py:380: train_fullbatch epoch=56 val_loss=1.3669 bad_epochs=49/50
2026-02-02 15:08:54,521 DEBUG modssc.transductive.methods.gnn.common common.py:380: train_fullbatch epoch=57 val_loss=1.3316 bad_epochs=50/50
2026-02-02 15:08:54,521 DEBUG modssc.transductive.methods.gnn.common common.py:388: train_fullbatch early_stop epoch=57 best_epoch=7 best_val_loss=1.1770
2026-02-02 15:08:54,521 DEBUG modssc.transductive.methods.gnn.common common.py:399: train_fullbatch done n_epochs=58 best_epoch=7 best_val_loss=1.1770172119140625
2026-02-02 15:08:54,521 INFO modssc.transductive.methods.gnn.chebnet chebnet.py:150: Finished chebnet.fit in 1.395s
2026-02-02 15:08:54,521 INFO bench.orchestrators.method_transductive method_transductive.py:218: Transductive method done: id=chebnet duration_s=1.395
2026-02-02 15:08:54,521 INFO bench.orchestrators.evaluation evaluation.py:244: Evaluation (transductive): splits=['val', 'test'] metrics=['accuracy', 'macro_f1']
2026-02-02 15:08:54,523 INFO bench.orchestrators.evaluation evaluation.py:263: Evaluation (transductive) done: duration_s=0.002
2026-02-02 15:08:54,525 INFO bench.orchestrators.reporting reporting.py:54: Run summary written: /nfs/home/mbarbaux/ModSSC/runs/transductive/chebnet/graph/cora/best_graph_transductive_chebnet_cora-20260202T140853Z/run.json status=success duration_s=0.001
