2026-02-02 15:21:05,834 INFO bench.orchestrators.dataset dataset.py:36: Dataset start: id=pubmed download=True cache_dir=None
2026-02-02 15:21:05,834 DEBUG bench.orchestrators.dataset dataset.py:42: Dataset options: []
2026-02-02 15:21:05,837 DEBUG modssc.data_loader.providers __init__.py:38: Creating provider: pyg
2026-02-02 15:21:05,838 DEBUG modssc.data_loader.api api.py:316: Resolved dataset id=pubmed provider=pyg canonical_uri=pyg:Planetoid/PubMed
2026-02-02 15:21:05,838 INFO modssc.data_loader.api api.py:117: Dataset load: id=pubmed provider=pyg version=None fingerprint=33662ee2dd9f5386a1eb7438c7e711640858805e93f8cee2bfe9beda2eb3499a download=True force=False cache_dir=/nfs/home/mbarbaux/ModSSC/cache/datasets
2026-02-02 15:21:05,838 DEBUG modssc.data_loader.api api.py:127: Dataset resolved_kwargs: {'dataset_class': 'Planetoid', 'dataset_kwargs': {'name': 'PubMed'}}
2026-02-02 15:21:05,849 DEBUG modssc.data_loader.api api.py:403: Loaded cached dataset: fingerprint=33662ee2dd9f5386a1eb7438c7e711640858805e93f8cee2bfe9beda2eb3499a
2026-02-02 15:21:05,849 INFO modssc.data_loader.api api.py:133: Dataset cached: id=pubmed train=19717 test=None n_classes=3 duration_s=0.014
2026-02-02 15:21:05,849 INFO bench.orchestrators.dataset dataset.py:54: Dataset loaded: train=19717 test=None graph=True fingerprint=33662ee2dd9f5386a1eb7438c7e711640858805e93f8cee2bfe9beda2eb3499a provider=pyg
2026-02-02 15:21:05,849 INFO bench.orchestrators.dataset dataset.py:62: Dataset stage done: duration_s=0.014
2026-02-02 15:21:05,872 INFO bench.orchestrators.sampling sampling.py:86: Sampling start: seed=5 dataset_id=pubmed
2026-02-02 15:21:05,872 DEBUG bench.orchestrators.sampling sampling.py:87: Sampling plan: split={'kind': 'holdout', 'test_fraction': 0.2, 'val_fraction': 0.1, 'stratify': True, 'shuffle': True} labeling={'mode': 'fraction', 'value': 0.2, 'per_class': False, 'min_per_class': 1, 'strategy': 'balanced', 'fixed_indices': None} imbalance={'kind': 'none', 'apply_to': 'train', 'max_per_class': None, 'alpha': None, 'min_per_class': 1} policy={'respect_official_test': True, 'use_official_graph_masks': True, 'allow_override_official': False}
2026-02-02 15:21:05,872 DEBUG bench.orchestrators.sampling sampling.py:98: Sampling dataset_fingerprint=33662ee2dd9f5386a1eb7438c7e711640858805e93f8cee2bfe9beda2eb3499a
2026-02-02 15:21:05,872 INFO modssc.sampling.api api.py:99: Sampling start: dataset_id=pubmed dataset_fingerprint=33662ee2dd9f5386a1eb7438c7e711640858805e93f8cee2bfe9beda2eb3499a seed=5 graph=True split=holdout
2026-02-02 15:21:05,872 DEBUG modssc.sampling.api api.py:107: Sampling plan: {'split': {'kind': 'holdout', 'test_fraction': 0.2, 'val_fraction': 0.1, 'stratify': True, 'shuffle': True}, 'labeling': {'mode': 'fraction', 'value': 0.2, 'per_class': False, 'min_per_class': 1, 'strategy': 'balanced', 'fixed_indices': None}, 'imbalance': {'kind': 'none', 'apply_to': 'train', 'max_per_class': None, 'alpha': None, 'min_per_class': 1}, 'policy': {'respect_official_test': True, 'use_official_graph_masks': True, 'allow_override_official': False}}
2026-02-02 15:21:05,882 INFO modssc.sampling.api api.py:141: Sampling done: train=60 val=500 test=1000 labeled=12 unlabeled=48 duration_s=0.010
2026-02-02 15:21:05,882 DEBUG modssc.sampling.api api.py:150: Sampling stats: {'nodes': 19717, 'train': 60, 'val': 500, 'test': 1000, 'labeled': 12, 'unlabeled': 48, 'labeled_class_dist': {'n': 12, 'classes': {'0': 4, '1': 4, '2': 4}}}
2026-02-02 15:21:05,882 INFO bench.orchestrators.sampling sampling.py:123: Sampling result: train=60 val=500 test=1000 labeled=12 unlabeled=48 graph=True
2026-02-02 15:21:05,883 DEBUG bench.orchestrators.sampling sampling.py:132: Sampling stats: {'nodes': 19717, 'train': 60, 'val': 500, 'test': 1000, 'labeled': 12, 'unlabeled': 48, 'labeled_class_dist': {'n': 12, 'classes': {'0': 4, '1': 4, '2': 4}}}
2026-02-02 15:21:05,883 INFO bench.orchestrators.sampling sampling.py:133: Sampling stage done: duration_s=0.011
2026-02-02 15:21:05,883 INFO bench.orchestrators.preprocess preprocess.py:105: Preprocess start: seed=5 cache=True n_steps=3 fit_indices=12
2026-02-02 15:21:05,883 DEBUG bench.orchestrators.preprocess preprocess.py:112: Preprocess plan: output_key=features.X steps=['labels.encode', 'core.ensure_2d', 'core.to_numpy']
2026-02-02 15:21:05,883 INFO modssc.preprocess.api api.py:490: Preprocess start: dataset_fp=33662ee2dd9f5386a1eb7438c7e711640858805e93f8cee2bfe9beda2eb3499a steps=['labels.encode', 'core.ensure_2d', 'core.to_numpy'] output_key=features.X seed=5 cache=True
2026-02-02 15:21:05,883 DEBUG modssc.preprocess.api api.py:498: Preprocess input shapes: train_X=(19717, 500) train_y=(19717,) test_X=None test_y=None
2026-02-02 15:21:05,883 INFO modssc.preprocess.api api.py:505: Preprocess input size: train_data=39.2 MB test_data=n/a
2026-02-02 15:21:05,883 DEBUG modssc.preprocess.api api.py:521: Preprocess step start: id=labels.encode index=0 kind=transform params={}
2026-02-02 15:21:05,888 DEBUG modssc.preprocess.api api.py:605: Preprocess step train outputs: id=labels.encode keys=['labels.classes', 'labels.y'] duration_s=0.005
2026-02-02 15:21:05,888 INFO modssc.preprocess.api api.py:679: Preprocess step done: id=labels.encode index=0 duration_s=0.006 train_data=39.2 MB test_data=n/a
2026-02-02 15:21:05,889 DEBUG modssc.preprocess.api api.py:521: Preprocess step start: id=core.ensure_2d index=1 kind=transform params={}
2026-02-02 15:21:05,898 DEBUG modssc.preprocess.api api.py:605: Preprocess step train outputs: id=core.ensure_2d keys=['features.X'] duration_s=0.009
2026-02-02 15:21:05,898 INFO modssc.preprocess.api api.py:679: Preprocess step done: id=core.ensure_2d index=1 duration_s=0.010 train_data=39.2 MB test_data=n/a
2026-02-02 15:21:05,898 DEBUG modssc.preprocess.api api.py:521: Preprocess step start: id=core.to_numpy index=2 kind=transform params={}
2026-02-02 15:21:05,907 DEBUG modssc.preprocess.api api.py:605: Preprocess step train outputs: id=core.to_numpy keys=['features.X'] duration_s=0.009
2026-02-02 15:21:05,907 INFO modssc.preprocess.api api.py:679: Preprocess step done: id=core.to_numpy index=2 duration_s=0.009 train_data=39.2 MB test_data=n/a
2026-02-02 15:21:05,908 INFO modssc.preprocess.api api.py:730: Preprocess done: dataset_fp=33662ee2dd9f5386a1eb7438c7e711640858805e93f8cee2bfe9beda2eb3499a duration_s=0.025 train_X=(19717, 500) test_X=None
2026-02-02 15:21:05,908 INFO bench.orchestrators.preprocess preprocess.py:124: Preprocess result: fingerprint=preprocess:99e2d6e1d9f2a08d31c1fbb39ceec754bf3df24395d11ea5eb79d7325462efc1 plan_fingerprint=resolved_plan:8a5e3ebe41a4f364f53ac26a625ef44f5a721631be61f65e32b92a3759853b68 cache_dir=/nfs/home/mbarbaux/ModSSC/cache/preprocess/33662ee2dd9f5386a1eb7438c7e711640858805e93f8cee2bfe9beda2eb3499a skipped=[]
2026-02-02 15:21:05,908 DEBUG bench.orchestrators.preprocess preprocess.py:131: Preprocess output shapes: train_X=(19717, 500) test_X=None
2026-02-02 15:21:05,908 INFO bench.orchestrators.preprocess preprocess.py:136: Preprocess stage done: duration_s=0.025
2026-02-02 15:21:05,908 INFO bench.orchestrators.method_transductive method_transductive.py:139: Transductive method start: id=chebnet seed=3274374610 device=auto resolved_device=cuda use_test=False
2026-02-02 15:21:05,908 DEBUG bench.orchestrators.method_transductive method_transductive.py:147: Transductive method params: {'hidden_dim': 32, 'k': 2, 'dropout': 0.5, 'lr': 0.01, 'weight_decay': 0.0005, 'max_epochs': 200, 'patience': 50, 'add_self_loops': True}
2026-02-02 15:21:05,908 INFO bench.orchestrators.method_transductive method_transductive.py:158: Transductive data: n_nodes=19717 n_train=19717 n_test=0
2026-02-02 15:21:05,908 INFO bench.orchestrators.method_transductive method_transductive.py:177: Transductive masks: labeled_count=12 train_count=60
2026-02-02 15:21:05,908 INFO modssc.transductive.methods.gnn.chebnet chebnet.py:107: Starting chebnet.fit
2026-02-02 15:21:05,908 DEBUG modssc.transductive.methods.gnn.chebnet chebnet.py:108: spec=ChebNetSpec(hidden_dim=32, k=2, dropout=0.5, lr=0.01, weight_decay=0.0005, max_epochs=200, patience=50, add_self_loops=True) device=cuda seed=3274374610
2026-02-02 15:21:06,077 INFO modssc.transductive.methods.gnn.chebnet chebnet.py:120: ChebNet sizes: n_nodes=19717 n_classes=3 train=12 val=500
2026-02-02 15:21:07,104 DEBUG modssc.transductive.methods.gnn.common common.py:373: train_fullbatch epoch=0 val_loss=1.0957 best updated
2026-02-02 15:21:07,114 DEBUG modssc.transductive.methods.gnn.common common.py:373: train_fullbatch epoch=1 val_loss=1.0843 best updated
2026-02-02 15:21:07,124 DEBUG modssc.transductive.methods.gnn.common common.py:373: train_fullbatch epoch=2 val_loss=1.0712 best updated
2026-02-02 15:21:07,134 DEBUG modssc.transductive.methods.gnn.common common.py:373: train_fullbatch epoch=3 val_loss=1.0583 best updated
2026-02-02 15:21:07,143 DEBUG modssc.transductive.methods.gnn.common common.py:373: train_fullbatch epoch=4 val_loss=1.0438 best updated
2026-02-02 15:21:07,153 DEBUG modssc.transductive.methods.gnn.common common.py:373: train_fullbatch epoch=5 val_loss=1.0262 best updated
2026-02-02 15:21:07,163 DEBUG modssc.transductive.methods.gnn.common common.py:373: train_fullbatch epoch=6 val_loss=1.0058 best updated
2026-02-02 15:21:07,173 DEBUG modssc.transductive.methods.gnn.common common.py:373: train_fullbatch epoch=7 val_loss=0.9850 best updated
2026-02-02 15:21:07,182 DEBUG modssc.transductive.methods.gnn.common common.py:373: train_fullbatch epoch=8 val_loss=0.9626 best updated
2026-02-02 15:21:07,192 DEBUG modssc.transductive.methods.gnn.common common.py:373: train_fullbatch epoch=9 val_loss=0.9391 best updated
2026-02-02 15:21:07,202 DEBUG modssc.transductive.methods.gnn.common common.py:373: train_fullbatch epoch=10 val_loss=0.9196 best updated
2026-02-02 15:21:07,212 DEBUG modssc.transductive.methods.gnn.common common.py:373: train_fullbatch epoch=11 val_loss=0.8997 best updated
2026-02-02 15:21:07,221 DEBUG modssc.transductive.methods.gnn.common common.py:373: train_fullbatch epoch=12 val_loss=0.8813 best updated
2026-02-02 15:21:07,231 DEBUG modssc.transductive.methods.gnn.common common.py:373: train_fullbatch epoch=13 val_loss=0.8658 best updated
2026-02-02 15:21:07,241 DEBUG modssc.transductive.methods.gnn.common common.py:373: train_fullbatch epoch=14 val_loss=0.8517 best updated
2026-02-02 15:21:07,251 DEBUG modssc.transductive.methods.gnn.common common.py:373: train_fullbatch epoch=15 val_loss=0.8387 best updated
2026-02-02 15:21:07,260 DEBUG modssc.transductive.methods.gnn.common common.py:373: train_fullbatch epoch=16 val_loss=0.8280 best updated
2026-02-02 15:21:07,270 DEBUG modssc.transductive.methods.gnn.common common.py:373: train_fullbatch epoch=17 val_loss=0.8164 best updated
2026-02-02 15:21:07,280 DEBUG modssc.transductive.methods.gnn.common common.py:373: train_fullbatch epoch=18 val_loss=0.8073 best updated
2026-02-02 15:21:07,289 DEBUG modssc.transductive.methods.gnn.common common.py:373: train_fullbatch epoch=19 val_loss=0.8023 best updated
2026-02-02 15:21:07,299 DEBUG modssc.transductive.methods.gnn.common common.py:373: train_fullbatch epoch=20 val_loss=0.8015 best updated
2026-02-02 15:21:07,312 DEBUG modssc.transductive.methods.gnn.common common.py:373: train_fullbatch epoch=21 val_loss=0.7999 best updated
2026-02-02 15:21:07,322 DEBUG modssc.transductive.methods.gnn.common common.py:373: train_fullbatch epoch=22 val_loss=0.7999 best updated
2026-02-02 15:21:07,332 DEBUG modssc.transductive.methods.gnn.common common.py:373: train_fullbatch epoch=23 val_loss=0.7988 best updated
2026-02-02 15:21:07,341 DEBUG modssc.transductive.methods.gnn.common common.py:380: train_fullbatch epoch=24 val_loss=0.7998 bad_epochs=1/50
2026-02-02 15:21:07,351 DEBUG modssc.transductive.methods.gnn.common common.py:380: train_fullbatch epoch=25 val_loss=0.8048 bad_epochs=2/50
2026-02-02 15:21:07,361 DEBUG modssc.transductive.methods.gnn.common common.py:380: train_fullbatch epoch=26 val_loss=0.8092 bad_epochs=3/50
2026-02-02 15:21:07,370 DEBUG modssc.transductive.methods.gnn.common common.py:380: train_fullbatch epoch=27 val_loss=0.8111 bad_epochs=4/50
2026-02-02 15:21:07,380 DEBUG modssc.transductive.methods.gnn.common common.py:380: train_fullbatch epoch=28 val_loss=0.8100 bad_epochs=5/50
2026-02-02 15:21:07,389 DEBUG modssc.transductive.methods.gnn.common common.py:380: train_fullbatch epoch=29 val_loss=0.8092 bad_epochs=6/50
2026-02-02 15:21:07,399 DEBUG modssc.transductive.methods.gnn.common common.py:380: train_fullbatch epoch=30 val_loss=0.8047 bad_epochs=7/50
2026-02-02 15:21:07,409 DEBUG modssc.transductive.methods.gnn.common common.py:380: train_fullbatch epoch=31 val_loss=0.8024 bad_epochs=8/50
2026-02-02 15:21:07,418 DEBUG modssc.transductive.methods.gnn.common common.py:380: train_fullbatch epoch=32 val_loss=0.7993 bad_epochs=9/50
2026-02-02 15:21:07,428 DEBUG modssc.transductive.methods.gnn.common common.py:373: train_fullbatch epoch=33 val_loss=0.7954 best updated
2026-02-02 15:21:07,438 DEBUG modssc.transductive.methods.gnn.common common.py:373: train_fullbatch epoch=34 val_loss=0.7953 best updated
2026-02-02 15:21:07,448 DEBUG modssc.transductive.methods.gnn.common common.py:373: train_fullbatch epoch=35 val_loss=0.7949 best updated
2026-02-02 15:21:07,457 DEBUG modssc.transductive.methods.gnn.common common.py:373: train_fullbatch epoch=36 val_loss=0.7941 best updated
2026-02-02 15:21:07,467 DEBUG modssc.transductive.methods.gnn.common common.py:373: train_fullbatch epoch=37 val_loss=0.7941 best updated
2026-02-02 15:21:07,477 DEBUG modssc.transductive.methods.gnn.common common.py:373: train_fullbatch epoch=38 val_loss=0.7937 best updated
2026-02-02 15:21:07,486 DEBUG modssc.transductive.methods.gnn.common common.py:373: train_fullbatch epoch=39 val_loss=0.7936 best updated
2026-02-02 15:21:07,496 DEBUG modssc.transductive.methods.gnn.common common.py:380: train_fullbatch epoch=40 val_loss=0.7943 bad_epochs=1/50
2026-02-02 15:21:07,506 DEBUG modssc.transductive.methods.gnn.common common.py:373: train_fullbatch epoch=41 val_loss=0.7932 best updated
2026-02-02 15:21:07,515 DEBUG modssc.transductive.methods.gnn.common common.py:373: train_fullbatch epoch=42 val_loss=0.7926 best updated
2026-02-02 15:21:07,525 DEBUG modssc.transductive.methods.gnn.common common.py:373: train_fullbatch epoch=43 val_loss=0.7891 best updated
2026-02-02 15:21:07,535 DEBUG modssc.transductive.methods.gnn.common common.py:373: train_fullbatch epoch=44 val_loss=0.7861 best updated
2026-02-02 15:21:07,545 DEBUG modssc.transductive.methods.gnn.common common.py:373: train_fullbatch epoch=45 val_loss=0.7789 best updated
2026-02-02 15:21:07,554 DEBUG modssc.transductive.methods.gnn.common common.py:373: train_fullbatch epoch=46 val_loss=0.7741 best updated
2026-02-02 15:21:07,564 DEBUG modssc.transductive.methods.gnn.common common.py:373: train_fullbatch epoch=47 val_loss=0.7682 best updated
2026-02-02 15:21:07,574 DEBUG modssc.transductive.methods.gnn.common common.py:373: train_fullbatch epoch=48 val_loss=0.7649 best updated
2026-02-02 15:21:07,584 DEBUG modssc.transductive.methods.gnn.common common.py:373: train_fullbatch epoch=49 val_loss=0.7645 best updated
2026-02-02 15:21:07,593 DEBUG modssc.transductive.methods.gnn.common common.py:373: train_fullbatch epoch=50 val_loss=0.7640 best updated
2026-02-02 15:21:07,603 DEBUG modssc.transductive.methods.gnn.common common.py:373: train_fullbatch epoch=51 val_loss=0.7627 best updated
2026-02-02 15:21:07,613 DEBUG modssc.transductive.methods.gnn.common common.py:380: train_fullbatch epoch=52 val_loss=0.7636 bad_epochs=1/50
2026-02-02 15:21:07,622 DEBUG modssc.transductive.methods.gnn.common common.py:380: train_fullbatch epoch=53 val_loss=0.7658 bad_epochs=2/50
2026-02-02 15:21:07,632 DEBUG modssc.transductive.methods.gnn.common common.py:380: train_fullbatch epoch=54 val_loss=0.7720 bad_epochs=3/50
2026-02-02 15:21:07,641 DEBUG modssc.transductive.methods.gnn.common common.py:380: train_fullbatch epoch=55 val_loss=0.7780 bad_epochs=4/50
2026-02-02 15:21:07,651 DEBUG modssc.transductive.methods.gnn.common common.py:380: train_fullbatch epoch=56 val_loss=0.7841 bad_epochs=5/50
2026-02-02 15:21:07,661 DEBUG modssc.transductive.methods.gnn.common common.py:380: train_fullbatch epoch=57 val_loss=0.7913 bad_epochs=6/50
2026-02-02 15:21:07,670 DEBUG modssc.transductive.methods.gnn.common common.py:380: train_fullbatch epoch=58 val_loss=0.7969 bad_epochs=7/50
2026-02-02 15:21:07,680 DEBUG modssc.transductive.methods.gnn.common common.py:380: train_fullbatch epoch=59 val_loss=0.7982 bad_epochs=8/50
2026-02-02 15:21:07,690 DEBUG modssc.transductive.methods.gnn.common common.py:380: train_fullbatch epoch=60 val_loss=0.8019 bad_epochs=9/50
2026-02-02 15:21:07,699 DEBUG modssc.transductive.methods.gnn.common common.py:380: train_fullbatch epoch=61 val_loss=0.8161 bad_epochs=10/50
2026-02-02 15:21:07,709 DEBUG modssc.transductive.methods.gnn.common common.py:380: train_fullbatch epoch=62 val_loss=0.8262 bad_epochs=11/50
2026-02-02 15:21:07,718 DEBUG modssc.transductive.methods.gnn.common common.py:380: train_fullbatch epoch=63 val_loss=0.8270 bad_epochs=12/50
2026-02-02 15:21:07,728 DEBUG modssc.transductive.methods.gnn.common common.py:380: train_fullbatch epoch=64 val_loss=0.8338 bad_epochs=13/50
2026-02-02 15:21:07,738 DEBUG modssc.transductive.methods.gnn.common common.py:380: train_fullbatch epoch=65 val_loss=0.8381 bad_epochs=14/50
2026-02-02 15:21:07,747 DEBUG modssc.transductive.methods.gnn.common common.py:380: train_fullbatch epoch=66 val_loss=0.8412 bad_epochs=15/50
2026-02-02 15:21:07,757 DEBUG modssc.transductive.methods.gnn.common common.py:380: train_fullbatch epoch=67 val_loss=0.8460 bad_epochs=16/50
2026-02-02 15:21:07,767 DEBUG modssc.transductive.methods.gnn.common common.py:380: train_fullbatch epoch=68 val_loss=0.8505 bad_epochs=17/50
2026-02-02 15:21:07,776 DEBUG modssc.transductive.methods.gnn.common common.py:380: train_fullbatch epoch=69 val_loss=0.8522 bad_epochs=18/50
2026-02-02 15:21:07,786 DEBUG modssc.transductive.methods.gnn.common common.py:380: train_fullbatch epoch=70 val_loss=0.8501 bad_epochs=19/50
2026-02-02 15:21:07,795 DEBUG modssc.transductive.methods.gnn.common common.py:380: train_fullbatch epoch=71 val_loss=0.8489 bad_epochs=20/50
2026-02-02 15:21:07,805 DEBUG modssc.transductive.methods.gnn.common common.py:380: train_fullbatch epoch=72 val_loss=0.8460 bad_epochs=21/50
2026-02-02 15:21:07,815 DEBUG modssc.transductive.methods.gnn.common common.py:380: train_fullbatch epoch=73 val_loss=0.8453 bad_epochs=22/50
2026-02-02 15:21:07,824 DEBUG modssc.transductive.methods.gnn.common common.py:380: train_fullbatch epoch=74 val_loss=0.8468 bad_epochs=23/50
2026-02-02 15:21:07,834 DEBUG modssc.transductive.methods.gnn.common common.py:380: train_fullbatch epoch=75 val_loss=0.8416 bad_epochs=24/50
2026-02-02 15:21:07,844 DEBUG modssc.transductive.methods.gnn.common common.py:380: train_fullbatch epoch=76 val_loss=0.8225 bad_epochs=25/50
2026-02-02 15:21:07,853 DEBUG modssc.transductive.methods.gnn.common common.py:380: train_fullbatch epoch=77 val_loss=0.8082 bad_epochs=26/50
2026-02-02 15:21:07,863 DEBUG modssc.transductive.methods.gnn.common common.py:380: train_fullbatch epoch=78 val_loss=0.7994 bad_epochs=27/50
2026-02-02 15:21:07,872 DEBUG modssc.transductive.methods.gnn.common common.py:380: train_fullbatch epoch=79 val_loss=0.7955 bad_epochs=28/50
2026-02-02 15:21:07,882 DEBUG modssc.transductive.methods.gnn.common common.py:380: train_fullbatch epoch=80 val_loss=0.7956 bad_epochs=29/50
2026-02-02 15:21:07,892 DEBUG modssc.transductive.methods.gnn.common common.py:380: train_fullbatch epoch=81 val_loss=0.7932 bad_epochs=30/50
2026-02-02 15:21:07,901 DEBUG modssc.transductive.methods.gnn.common common.py:380: train_fullbatch epoch=82 val_loss=0.7911 bad_epochs=31/50
2026-02-02 15:21:07,911 DEBUG modssc.transductive.methods.gnn.common common.py:380: train_fullbatch epoch=83 val_loss=0.7918 bad_epochs=32/50
2026-02-02 15:21:07,921 DEBUG modssc.transductive.methods.gnn.common common.py:380: train_fullbatch epoch=84 val_loss=0.7974 bad_epochs=33/50
2026-02-02 15:21:07,930 DEBUG modssc.transductive.methods.gnn.common common.py:380: train_fullbatch epoch=85 val_loss=0.8077 bad_epochs=34/50
2026-02-02 15:21:07,940 DEBUG modssc.transductive.methods.gnn.common common.py:380: train_fullbatch epoch=86 val_loss=0.8216 bad_epochs=35/50
2026-02-02 15:21:07,950 DEBUG modssc.transductive.methods.gnn.common common.py:380: train_fullbatch epoch=87 val_loss=0.8362 bad_epochs=36/50
2026-02-02 15:21:07,959 DEBUG modssc.transductive.methods.gnn.common common.py:380: train_fullbatch epoch=88 val_loss=0.8480 bad_epochs=37/50
2026-02-02 15:21:07,969 DEBUG modssc.transductive.methods.gnn.common common.py:380: train_fullbatch epoch=89 val_loss=0.8513 bad_epochs=38/50
2026-02-02 15:21:07,978 DEBUG modssc.transductive.methods.gnn.common common.py:380: train_fullbatch epoch=90 val_loss=0.8492 bad_epochs=39/50
2026-02-02 15:21:07,988 DEBUG modssc.transductive.methods.gnn.common common.py:380: train_fullbatch epoch=91 val_loss=0.8434 bad_epochs=40/50
2026-02-02 15:21:07,998 DEBUG modssc.transductive.methods.gnn.common common.py:380: train_fullbatch epoch=92 val_loss=0.8326 bad_epochs=41/50
2026-02-02 15:21:08,007 DEBUG modssc.transductive.methods.gnn.common common.py:380: train_fullbatch epoch=93 val_loss=0.8170 bad_epochs=42/50
2026-02-02 15:21:08,017 DEBUG modssc.transductive.methods.gnn.common common.py:380: train_fullbatch epoch=94 val_loss=0.8032 bad_epochs=43/50
2026-02-02 15:21:08,027 DEBUG modssc.transductive.methods.gnn.common common.py:380: train_fullbatch epoch=95 val_loss=0.7922 bad_epochs=44/50
2026-02-02 15:21:08,036 DEBUG modssc.transductive.methods.gnn.common common.py:380: train_fullbatch epoch=96 val_loss=0.7820 bad_epochs=45/50
2026-02-02 15:21:08,046 DEBUG modssc.transductive.methods.gnn.common common.py:373: train_fullbatch epoch=97 val_loss=0.7623 best updated
2026-02-02 15:21:08,056 DEBUG modssc.transductive.methods.gnn.common common.py:373: train_fullbatch epoch=98 val_loss=0.7537 best updated
2026-02-02 15:21:08,065 DEBUG modssc.transductive.methods.gnn.common common.py:373: train_fullbatch epoch=99 val_loss=0.7531 best updated
2026-02-02 15:21:08,075 DEBUG modssc.transductive.methods.gnn.common common.py:380: train_fullbatch epoch=100 val_loss=0.7553 bad_epochs=1/50
2026-02-02 15:21:08,085 DEBUG modssc.transductive.methods.gnn.common common.py:380: train_fullbatch epoch=101 val_loss=0.7569 bad_epochs=2/50
2026-02-02 15:21:08,094 DEBUG modssc.transductive.methods.gnn.common common.py:380: train_fullbatch epoch=102 val_loss=0.7587 bad_epochs=3/50
2026-02-02 15:21:08,104 DEBUG modssc.transductive.methods.gnn.common common.py:380: train_fullbatch epoch=103 val_loss=0.7597 bad_epochs=4/50
2026-02-02 15:21:08,114 DEBUG modssc.transductive.methods.gnn.common common.py:380: train_fullbatch epoch=104 val_loss=0.7594 bad_epochs=5/50
2026-02-02 15:21:08,123 DEBUG modssc.transductive.methods.gnn.common common.py:380: train_fullbatch epoch=105 val_loss=0.7600 bad_epochs=6/50
2026-02-02 15:21:08,133 DEBUG modssc.transductive.methods.gnn.common common.py:380: train_fullbatch epoch=106 val_loss=0.7638 bad_epochs=7/50
2026-02-02 15:21:08,142 DEBUG modssc.transductive.methods.gnn.common common.py:380: train_fullbatch epoch=107 val_loss=0.8015 bad_epochs=8/50
2026-02-02 15:21:08,152 DEBUG modssc.transductive.methods.gnn.common common.py:380: train_fullbatch epoch=108 val_loss=0.8933 bad_epochs=9/50
2026-02-02 15:21:08,162 DEBUG modssc.transductive.methods.gnn.common common.py:380: train_fullbatch epoch=109 val_loss=1.0243 bad_epochs=10/50
2026-02-02 15:21:08,171 DEBUG modssc.transductive.methods.gnn.common common.py:380: train_fullbatch epoch=110 val_loss=1.1402 bad_epochs=11/50
2026-02-02 15:21:08,181 DEBUG modssc.transductive.methods.gnn.common common.py:380: train_fullbatch epoch=111 val_loss=1.2262 bad_epochs=12/50
2026-02-02 15:21:08,191 DEBUG modssc.transductive.methods.gnn.common common.py:380: train_fullbatch epoch=112 val_loss=1.2596 bad_epochs=13/50
2026-02-02 15:21:08,200 DEBUG modssc.transductive.methods.gnn.common common.py:380: train_fullbatch epoch=113 val_loss=1.2597 bad_epochs=14/50
2026-02-02 15:21:08,210 DEBUG modssc.transductive.methods.gnn.common common.py:380: train_fullbatch epoch=114 val_loss=1.1915 bad_epochs=15/50
2026-02-02 15:21:08,219 DEBUG modssc.transductive.methods.gnn.common common.py:380: train_fullbatch epoch=115 val_loss=1.1072 bad_epochs=16/50
2026-02-02 15:21:08,229 DEBUG modssc.transductive.methods.gnn.common common.py:380: train_fullbatch epoch=116 val_loss=1.0018 bad_epochs=17/50
2026-02-02 15:21:08,239 DEBUG modssc.transductive.methods.gnn.common common.py:380: train_fullbatch epoch=117 val_loss=0.9211 bad_epochs=18/50
2026-02-02 15:21:08,248 DEBUG modssc.transductive.methods.gnn.common common.py:380: train_fullbatch epoch=118 val_loss=0.8601 bad_epochs=19/50
2026-02-02 15:21:08,258 DEBUG modssc.transductive.methods.gnn.common common.py:380: train_fullbatch epoch=119 val_loss=0.8187 bad_epochs=20/50
2026-02-02 15:21:08,268 DEBUG modssc.transductive.methods.gnn.common common.py:380: train_fullbatch epoch=120 val_loss=0.7914 bad_epochs=21/50
2026-02-02 15:21:08,277 DEBUG modssc.transductive.methods.gnn.common common.py:380: train_fullbatch epoch=121 val_loss=0.7706 bad_epochs=22/50
2026-02-02 15:21:08,287 DEBUG modssc.transductive.methods.gnn.common common.py:380: train_fullbatch epoch=122 val_loss=0.7583 bad_epochs=23/50
2026-02-02 15:21:08,297 DEBUG modssc.transductive.methods.gnn.common common.py:373: train_fullbatch epoch=123 val_loss=0.7514 best updated
2026-02-02 15:21:08,306 DEBUG modssc.transductive.methods.gnn.common common.py:373: train_fullbatch epoch=124 val_loss=0.7480 best updated
2026-02-02 15:21:08,316 DEBUG modssc.transductive.methods.gnn.common common.py:373: train_fullbatch epoch=125 val_loss=0.7460 best updated
2026-02-02 15:21:08,326 DEBUG modssc.transductive.methods.gnn.common common.py:373: train_fullbatch epoch=126 val_loss=0.7449 best updated
2026-02-02 15:21:08,335 DEBUG modssc.transductive.methods.gnn.common common.py:373: train_fullbatch epoch=127 val_loss=0.7445 best updated
2026-02-02 15:21:08,345 DEBUG modssc.transductive.methods.gnn.common common.py:373: train_fullbatch epoch=128 val_loss=0.7432 best updated
2026-02-02 15:21:08,355 DEBUG modssc.transductive.methods.gnn.common common.py:373: train_fullbatch epoch=129 val_loss=0.7419 best updated
2026-02-02 15:21:08,365 DEBUG modssc.transductive.methods.gnn.common common.py:373: train_fullbatch epoch=130 val_loss=0.7384 best updated
2026-02-02 15:21:08,374 DEBUG modssc.transductive.methods.gnn.common common.py:373: train_fullbatch epoch=131 val_loss=0.7355 best updated
2026-02-02 15:21:08,384 DEBUG modssc.transductive.methods.gnn.common common.py:373: train_fullbatch epoch=132 val_loss=0.7328 best updated
2026-02-02 15:21:08,394 DEBUG modssc.transductive.methods.gnn.common common.py:373: train_fullbatch epoch=133 val_loss=0.7305 best updated
2026-02-02 15:21:08,403 DEBUG modssc.transductive.methods.gnn.common common.py:373: train_fullbatch epoch=134 val_loss=0.7280 best updated
2026-02-02 15:21:08,413 DEBUG modssc.transductive.methods.gnn.common common.py:373: train_fullbatch epoch=135 val_loss=0.7277 best updated
2026-02-02 15:21:08,423 DEBUG modssc.transductive.methods.gnn.common common.py:380: train_fullbatch epoch=136 val_loss=0.7333 bad_epochs=1/50
2026-02-02 15:21:08,432 DEBUG modssc.transductive.methods.gnn.common common.py:380: train_fullbatch epoch=137 val_loss=0.7520 bad_epochs=2/50
2026-02-02 15:21:08,442 DEBUG modssc.transductive.methods.gnn.common common.py:380: train_fullbatch epoch=138 val_loss=0.7789 bad_epochs=3/50
2026-02-02 15:21:08,452 DEBUG modssc.transductive.methods.gnn.common common.py:380: train_fullbatch epoch=139 val_loss=0.8118 bad_epochs=4/50
2026-02-02 15:21:08,461 DEBUG modssc.transductive.methods.gnn.common common.py:380: train_fullbatch epoch=140 val_loss=0.8389 bad_epochs=5/50
2026-02-02 15:21:08,471 DEBUG modssc.transductive.methods.gnn.common common.py:380: train_fullbatch epoch=141 val_loss=0.8619 bad_epochs=6/50
2026-02-02 15:21:08,480 DEBUG modssc.transductive.methods.gnn.common common.py:380: train_fullbatch epoch=142 val_loss=0.8805 bad_epochs=7/50
2026-02-02 15:21:08,490 DEBUG modssc.transductive.methods.gnn.common common.py:380: train_fullbatch epoch=143 val_loss=0.8954 bad_epochs=8/50
2026-02-02 15:21:08,500 DEBUG modssc.transductive.methods.gnn.common common.py:380: train_fullbatch epoch=144 val_loss=0.9002 bad_epochs=9/50
2026-02-02 15:21:08,509 DEBUG modssc.transductive.methods.gnn.common common.py:380: train_fullbatch epoch=145 val_loss=0.9027 bad_epochs=10/50
2026-02-02 15:21:08,519 DEBUG modssc.transductive.methods.gnn.common common.py:380: train_fullbatch epoch=146 val_loss=0.8855 bad_epochs=11/50
2026-02-02 15:21:08,529 DEBUG modssc.transductive.methods.gnn.common common.py:380: train_fullbatch epoch=147 val_loss=0.8657 bad_epochs=12/50
2026-02-02 15:21:08,538 DEBUG modssc.transductive.methods.gnn.common common.py:380: train_fullbatch epoch=148 val_loss=0.8491 bad_epochs=13/50
2026-02-02 15:21:08,548 DEBUG modssc.transductive.methods.gnn.common common.py:380: train_fullbatch epoch=149 val_loss=0.8464 bad_epochs=14/50
2026-02-02 15:21:08,557 DEBUG modssc.transductive.methods.gnn.common common.py:380: train_fullbatch epoch=150 val_loss=0.8200 bad_epochs=15/50
2026-02-02 15:21:08,567 DEBUG modssc.transductive.methods.gnn.common common.py:380: train_fullbatch epoch=151 val_loss=0.8100 bad_epochs=16/50
2026-02-02 15:21:08,577 DEBUG modssc.transductive.methods.gnn.common common.py:380: train_fullbatch epoch=152 val_loss=0.8146 bad_epochs=17/50
2026-02-02 15:21:08,586 DEBUG modssc.transductive.methods.gnn.common common.py:380: train_fullbatch epoch=153 val_loss=0.8305 bad_epochs=18/50
2026-02-02 15:21:08,596 DEBUG modssc.transductive.methods.gnn.common common.py:380: train_fullbatch epoch=154 val_loss=0.8429 bad_epochs=19/50
2026-02-02 15:21:08,606 DEBUG modssc.transductive.methods.gnn.common common.py:380: train_fullbatch epoch=155 val_loss=0.8422 bad_epochs=20/50
2026-02-02 15:21:08,615 DEBUG modssc.transductive.methods.gnn.common common.py:380: train_fullbatch epoch=156 val_loss=0.8235 bad_epochs=21/50
2026-02-02 15:21:08,625 DEBUG modssc.transductive.methods.gnn.common common.py:380: train_fullbatch epoch=157 val_loss=0.8084 bad_epochs=22/50
2026-02-02 15:21:08,634 DEBUG modssc.transductive.methods.gnn.common common.py:380: train_fullbatch epoch=158 val_loss=0.7983 bad_epochs=23/50
2026-02-02 15:21:08,644 DEBUG modssc.transductive.methods.gnn.common common.py:380: train_fullbatch epoch=159 val_loss=0.7914 bad_epochs=24/50
2026-02-02 15:21:08,654 DEBUG modssc.transductive.methods.gnn.common common.py:380: train_fullbatch epoch=160 val_loss=0.7922 bad_epochs=25/50
2026-02-02 15:21:08,663 DEBUG modssc.transductive.methods.gnn.common common.py:380: train_fullbatch epoch=161 val_loss=0.7989 bad_epochs=26/50
2026-02-02 15:21:08,673 DEBUG modssc.transductive.methods.gnn.common common.py:380: train_fullbatch epoch=162 val_loss=0.8109 bad_epochs=27/50
2026-02-02 15:21:08,683 DEBUG modssc.transductive.methods.gnn.common common.py:380: train_fullbatch epoch=163 val_loss=0.8192 bad_epochs=28/50
2026-02-02 15:21:08,692 DEBUG modssc.transductive.methods.gnn.common common.py:380: train_fullbatch epoch=164 val_loss=0.8328 bad_epochs=29/50
2026-02-02 15:21:08,702 DEBUG modssc.transductive.methods.gnn.common common.py:380: train_fullbatch epoch=165 val_loss=0.8475 bad_epochs=30/50
2026-02-02 15:21:08,711 DEBUG modssc.transductive.methods.gnn.common common.py:380: train_fullbatch epoch=166 val_loss=0.8613 bad_epochs=31/50
2026-02-02 15:21:08,721 DEBUG modssc.transductive.methods.gnn.common common.py:380: train_fullbatch epoch=167 val_loss=0.8861 bad_epochs=32/50
2026-02-02 15:21:08,731 DEBUG modssc.transductive.methods.gnn.common common.py:380: train_fullbatch epoch=168 val_loss=0.9032 bad_epochs=33/50
2026-02-02 15:21:08,740 DEBUG modssc.transductive.methods.gnn.common common.py:380: train_fullbatch epoch=169 val_loss=0.9166 bad_epochs=34/50
2026-02-02 15:21:08,750 DEBUG modssc.transductive.methods.gnn.common common.py:380: train_fullbatch epoch=170 val_loss=0.9287 bad_epochs=35/50
2026-02-02 15:21:08,759 DEBUG modssc.transductive.methods.gnn.common common.py:380: train_fullbatch epoch=171 val_loss=0.9363 bad_epochs=36/50
2026-02-02 15:21:08,769 DEBUG modssc.transductive.methods.gnn.common common.py:380: train_fullbatch epoch=172 val_loss=0.9415 bad_epochs=37/50
2026-02-02 15:21:08,779 DEBUG modssc.transductive.methods.gnn.common common.py:380: train_fullbatch epoch=173 val_loss=0.8345 bad_epochs=38/50
2026-02-02 15:21:08,788 DEBUG modssc.transductive.methods.gnn.common common.py:380: train_fullbatch epoch=174 val_loss=0.8016 bad_epochs=39/50
2026-02-02 15:21:08,798 DEBUG modssc.transductive.methods.gnn.common common.py:380: train_fullbatch epoch=175 val_loss=0.8155 bad_epochs=40/50
2026-02-02 15:21:08,808 DEBUG modssc.transductive.methods.gnn.common common.py:380: train_fullbatch epoch=176 val_loss=0.8577 bad_epochs=41/50
2026-02-02 15:21:08,817 DEBUG modssc.transductive.methods.gnn.common common.py:380: train_fullbatch epoch=177 val_loss=0.9112 bad_epochs=42/50
2026-02-02 15:21:08,827 DEBUG modssc.transductive.methods.gnn.common common.py:380: train_fullbatch epoch=178 val_loss=0.9710 bad_epochs=43/50
2026-02-02 15:21:08,836 DEBUG modssc.transductive.methods.gnn.common common.py:380: train_fullbatch epoch=179 val_loss=1.0235 bad_epochs=44/50
2026-02-02 15:21:08,846 DEBUG modssc.transductive.methods.gnn.common common.py:380: train_fullbatch epoch=180 val_loss=1.0685 bad_epochs=45/50
2026-02-02 15:21:08,856 DEBUG modssc.transductive.methods.gnn.common common.py:380: train_fullbatch epoch=181 val_loss=1.0654 bad_epochs=46/50
2026-02-02 15:21:08,865 DEBUG modssc.transductive.methods.gnn.common common.py:380: train_fullbatch epoch=182 val_loss=0.9974 bad_epochs=47/50
2026-02-02 15:21:08,875 DEBUG modssc.transductive.methods.gnn.common common.py:380: train_fullbatch epoch=183 val_loss=0.9487 bad_epochs=48/50
2026-02-02 15:21:08,885 DEBUG modssc.transductive.methods.gnn.common common.py:380: train_fullbatch epoch=184 val_loss=0.9157 bad_epochs=49/50
2026-02-02 15:21:08,894 DEBUG modssc.transductive.methods.gnn.common common.py:380: train_fullbatch epoch=185 val_loss=0.8919 bad_epochs=50/50
2026-02-02 15:21:08,894 DEBUG modssc.transductive.methods.gnn.common common.py:388: train_fullbatch early_stop epoch=185 best_epoch=135 best_val_loss=0.7277
2026-02-02 15:21:08,894 DEBUG modssc.transductive.methods.gnn.common common.py:399: train_fullbatch done n_epochs=186 best_epoch=135 best_val_loss=0.7276764512062073
2026-02-02 15:21:08,895 INFO modssc.transductive.methods.gnn.chebnet chebnet.py:150: Finished chebnet.fit in 2.986s
2026-02-02 15:21:08,895 INFO bench.orchestrators.method_transductive method_transductive.py:218: Transductive method done: id=chebnet duration_s=2.987
2026-02-02 15:21:08,895 INFO bench.orchestrators.evaluation evaluation.py:244: Evaluation (transductive): splits=['val', 'test'] metrics=['accuracy', 'macro_f1']
2026-02-02 15:21:08,900 INFO bench.orchestrators.evaluation evaluation.py:263: Evaluation (transductive) done: duration_s=0.005
2026-02-02 15:21:08,901 INFO bench.orchestrators.reporting reporting.py:54: Run summary written: /nfs/home/mbarbaux/ModSSC/runs/transductive/chebnet/graph/pubmed/best_graph_transductive_chebnet_pubmed-20260202T142105Z/run.json status=success duration_s=0.001
