2026-02-02 14:54:48,055 INFO bench.orchestrators.dataset dataset.py:36: Dataset start: id=citeseer download=True cache_dir=None
2026-02-02 14:54:48,055 DEBUG bench.orchestrators.dataset dataset.py:42: Dataset options: []
2026-02-02 14:54:48,060 DEBUG modssc.data_loader.providers __init__.py:38: Creating provider: pyg
2026-02-02 14:54:48,060 DEBUG modssc.data_loader.api api.py:316: Resolved dataset id=citeseer provider=pyg canonical_uri=pyg:Planetoid/CiteSeer
2026-02-02 14:54:48,060 INFO modssc.data_loader.api api.py:117: Dataset load: id=citeseer provider=pyg version=None fingerprint=3fb862b6bc9dc5b9bfd36e222d5bbeab653ca6c7a430c3accea136e424ca3744 download=True force=False cache_dir=/nfs/home/mbarbaux/ModSSC/cache/datasets
2026-02-02 14:54:48,060 DEBUG modssc.data_loader.api api.py:127: Dataset resolved_kwargs: {'dataset_class': 'Planetoid', 'dataset_kwargs': {'name': 'CiteSeer'}}
2026-02-02 14:54:48,073 DEBUG modssc.data_loader.api api.py:403: Loaded cached dataset: fingerprint=3fb862b6bc9dc5b9bfd36e222d5bbeab653ca6c7a430c3accea136e424ca3744
2026-02-02 14:54:48,073 INFO modssc.data_loader.api api.py:133: Dataset cached: id=citeseer train=3327 test=None n_classes=6 duration_s=0.017
2026-02-02 14:54:48,073 INFO bench.orchestrators.dataset dataset.py:54: Dataset loaded: train=3327 test=None graph=True fingerprint=3fb862b6bc9dc5b9bfd36e222d5bbeab653ca6c7a430c3accea136e424ca3744 provider=pyg
2026-02-02 14:54:48,073 INFO bench.orchestrators.dataset dataset.py:62: Dataset stage done: duration_s=0.018
2026-02-02 14:54:48,118 INFO bench.orchestrators.sampling sampling.py:86: Sampling start: seed=5 dataset_id=citeseer
2026-02-02 14:54:48,118 DEBUG bench.orchestrators.sampling sampling.py:87: Sampling plan: split={'kind': 'holdout', 'test_fraction': 0.2, 'val_fraction': 0.1, 'stratify': True, 'shuffle': True} labeling={'mode': 'fraction', 'value': 0.2, 'per_class': False, 'min_per_class': 1, 'strategy': 'balanced', 'fixed_indices': None} imbalance={'kind': 'none', 'apply_to': 'train', 'max_per_class': None, 'alpha': None, 'min_per_class': 1} policy={'respect_official_test': True, 'use_official_graph_masks': True, 'allow_override_official': False}
2026-02-02 14:54:48,118 DEBUG bench.orchestrators.sampling sampling.py:98: Sampling dataset_fingerprint=3fb862b6bc9dc5b9bfd36e222d5bbeab653ca6c7a430c3accea136e424ca3744
2026-02-02 14:54:48,118 INFO modssc.sampling.api api.py:99: Sampling start: dataset_id=citeseer dataset_fingerprint=3fb862b6bc9dc5b9bfd36e222d5bbeab653ca6c7a430c3accea136e424ca3744 seed=5 graph=True split=holdout
2026-02-02 14:54:48,118 DEBUG modssc.sampling.api api.py:107: Sampling plan: {'split': {'kind': 'holdout', 'test_fraction': 0.2, 'val_fraction': 0.1, 'stratify': True, 'shuffle': True}, 'labeling': {'mode': 'fraction', 'value': 0.2, 'per_class': False, 'min_per_class': 1, 'strategy': 'balanced', 'fixed_indices': None}, 'imbalance': {'kind': 'none', 'apply_to': 'train', 'max_per_class': None, 'alpha': None, 'min_per_class': 1}, 'policy': {'respect_official_test': True, 'use_official_graph_masks': True, 'allow_override_official': False}}
2026-02-02 14:54:48,129 INFO modssc.sampling.api api.py:141: Sampling done: train=120 val=500 test=1000 labeled=24 unlabeled=96 duration_s=0.011
2026-02-02 14:54:48,129 DEBUG modssc.sampling.api api.py:150: Sampling stats: {'nodes': 3327, 'train': 120, 'val': 500, 'test': 1000, 'labeled': 24, 'unlabeled': 96, 'labeled_class_dist': {'n': 24, 'classes': {'0': 4, '1': 4, '2': 4, '3': 4, '4': 4, '5': 4}}}
2026-02-02 14:54:48,129 INFO bench.orchestrators.sampling sampling.py:123: Sampling result: train=120 val=500 test=1000 labeled=24 unlabeled=96 graph=True
2026-02-02 14:54:48,129 DEBUG bench.orchestrators.sampling sampling.py:132: Sampling stats: {'nodes': 3327, 'train': 120, 'val': 500, 'test': 1000, 'labeled': 24, 'unlabeled': 96, 'labeled_class_dist': {'n': 24, 'classes': {'0': 4, '1': 4, '2': 4, '3': 4, '4': 4, '5': 4}}}
2026-02-02 14:54:48,129 INFO bench.orchestrators.sampling sampling.py:133: Sampling stage done: duration_s=0.012
Inductive method on graph dataset; converting graph masks to indices.
2026-02-02 14:54:48,130 INFO bench.orchestrators.preprocess preprocess.py:105: Preprocess start: seed=5 cache=True n_steps=4 fit_indices=24
2026-02-02 14:54:48,130 DEBUG bench.orchestrators.preprocess preprocess.py:112: Preprocess plan: output_key=features.X steps=['labels.encode', 'labels.to_torch', 'graph.sparse_adjacency', 'core.to_torch']
2026-02-02 14:54:48,130 INFO modssc.preprocess.api api.py:490: Preprocess start: dataset_fp=3fb862b6bc9dc5b9bfd36e222d5bbeab653ca6c7a430c3accea136e424ca3744 steps=['labels.encode', 'labels.to_torch', 'graph.sparse_adjacency', 'core.to_torch'] output_key=features.X seed=5 cache=True
2026-02-02 14:54:48,130 DEBUG modssc.preprocess.api api.py:498: Preprocess input shapes: train_X=(3327, 3703) train_y=(3327,) test_X=None test_y=None
2026-02-02 14:54:48,130 INFO modssc.preprocess.api api.py:505: Preprocess input size: train_data=47.2 MB test_data=n/a
2026-02-02 14:54:48,130 DEBUG modssc.preprocess.api api.py:521: Preprocess step start: id=labels.encode index=0 kind=transform params={}
2026-02-02 14:54:48,132 DEBUG modssc.preprocess.api api.py:605: Preprocess step train outputs: id=labels.encode keys=['labels.classes', 'labels.y'] duration_s=0.002
2026-02-02 14:54:48,132 INFO modssc.preprocess.api api.py:679: Preprocess step done: id=labels.encode index=0 duration_s=0.003 train_data=47.2 MB test_data=n/a
2026-02-02 14:54:48,133 DEBUG modssc.preprocess.api api.py:521: Preprocess step start: id=labels.to_torch index=1 kind=transform params={'device': 'auto', 'dtype': 'int64'}
2026-02-02 14:54:48,230 DEBUG modssc.preprocess.api api.py:605: Preprocess step train outputs: id=labels.to_torch keys=['labels.y'] duration_s=0.098
2026-02-02 14:54:48,230 INFO modssc.preprocess.api api.py:267: Preprocess GPU device: device=cuda:0 model=NVIDIA L40
2026-02-02 14:54:48,230 INFO modssc.preprocess.api api.py:679: Preprocess step done: id=labels.to_torch index=1 duration_s=0.098 train_data=47.2 MB test_data=n/a
2026-02-02 14:54:48,230 DEBUG modssc.preprocess.api api.py:521: Preprocess step start: id=graph.sparse_adjacency index=2 kind=transform params={'max_nodes': 20000, 'batch_size': 32, 'embed_epochs': 5, 'embed_lr': 0.01, 'undirected': True, 'device': 'auto'}
2026-02-02 14:54:48,233 WARNING modssc.preprocess.api api.py:575: Preprocess cache miss for graph.sparse_adjacency (train): Incomplete cached outputs for step 'graph.sparse_adjacency' (train)
2026-02-02 14:54:48,234 DEBUG modssc.preprocess.api api.py:605: Preprocess step train outputs: id=graph.sparse_adjacency keys=['features.X'] duration_s=0.003
2026-02-02 14:54:48,234 INFO modssc.preprocess.api api.py:679: Preprocess step done: id=graph.sparse_adjacency index=2 duration_s=0.003 train_data=47.3 MB test_data=n/a
2026-02-02 14:54:48,234 DEBUG modssc.preprocess.api api.py:521: Preprocess step start: id=core.to_torch index=3 kind=transform params={'device': 'auto', 'dtype': 'float32'}
2026-02-02 14:54:48,235 WARNING modssc.preprocess.api api.py:575: Preprocess cache miss for core.to_torch (train): Incomplete cached outputs for step 'core.to_torch' (train)
2026-02-02 14:54:48,239 DEBUG modssc.preprocess.api api.py:605: Preprocess step train outputs: id=core.to_torch keys=['features.X'] duration_s=0.005
2026-02-02 14:54:48,239 INFO modssc.preprocess.api api.py:679: Preprocess step done: id=core.to_torch index=3 duration_s=0.005 train_data=47.3 MB test_data=n/a
2026-02-02 14:54:48,239 INFO modssc.preprocess.api api.py:730: Preprocess done: dataset_fp=3fb862b6bc9dc5b9bfd36e222d5bbeab653ca6c7a430c3accea136e424ca3744 duration_s=0.109 train_X=None test_X=None
2026-02-02 14:54:48,239 INFO bench.orchestrators.preprocess preprocess.py:124: Preprocess result: fingerprint=preprocess:aa9a18f8888ae8bfd7b23144deb24cb21beda62d98043ce05c45e4b777de76e6 plan_fingerprint=resolved_plan:95213a523f045acfbe48296ceac122bc48b9fd73dbd5843390244a44a4946c42 cache_dir=/nfs/home/mbarbaux/ModSSC/cache/preprocess/3fb862b6bc9dc5b9bfd36e222d5bbeab653ca6c7a430c3accea136e424ca3744 skipped=[]
2026-02-02 14:54:48,239 DEBUG bench.orchestrators.preprocess preprocess.py:131: Preprocess output shapes: train_X=None test_X=None
2026-02-02 14:54:48,239 INFO bench.orchestrators.preprocess preprocess.py:136: Preprocess stage done: duration_s=0.109
2026-02-02 14:54:50,376 INFO bench.orchestrators.augmentation augmentation.py:66: Augmentation start: mode=fixed modality=tabular seed=5 n_samples=96 strong_views=1
2026-02-02 14:54:50,376 DEBUG bench.orchestrators.augmentation augmentation.py:74: Augmentation steps: weak=['tabular.gaussian_noise'] strong=['tabular.feature_dropout']
2026-02-02 14:54:50,402 INFO bench.orchestrators.augmentation augmentation.py:191: Augmentation done: duration_s=0.026
2026-02-02 14:54:50,402 DEBUG bench.orchestrators.augmentation augmentation.py:192: Augmentation output shapes: weak=(96, 3703) strong=(96, 3703) strong_1=None
2026-02-02 14:54:50,402 INFO bench.orchestrators.method_inductive method_inductive.py:441: Inductive method start: id=adsh seed=3274374610 device=auto dtype=float32 model=graphsage_inductive
2026-02-02 14:54:50,402 DEBUG bench.orchestrators.method_inductive method_inductive.py:470: Inductive method params: {'lambda_u': 1.0, 'p_cutoff': 0.95, 'use_cat': False, 'batch_size': 128, 'max_epochs': 50, 'detach_target': True, 'score_warmup_epochs': 2}
2026-02-02 14:54:50,403 INFO bench.orchestrators.method_inductive method_inductive.py:476: Inductive method data: n_labeled=24 n_unlabeled=96
2026-02-02 14:54:50,442 INFO modssc.inductive.methods.adsh adsh.py:155: Starting adsh.fit
2026-02-02 14:54:50,442 DEBUG modssc.inductive.methods.adsh adsh.py:156: params lambda_u=1.0 p_cutoff=0.95 use_cat=False batch_size=128 max_epochs=50 detach_target=True score_warmup_epochs=2 majority_class=None has_model_bundle=True device=DeviceSpec(device='auto', dtype='float32') seed=3274374610
2026-02-02 14:54:50,442 INFO modssc.inductive.methods.adsh adsh.py:189: ADSH sizes: n_labeled=24 n_unlabeled=96
2026-02-02 14:54:50,573 DEBUG modssc.inductive.methods.adsh adsh.py:330: ADSH epoch=0 p_cutoff=0.95 mask_mean=0.000 sup_loss=1.7889 unsup_loss=0.0000
2026-02-02 14:54:50,609 DEBUG modssc.inductive.methods.adsh adsh.py:330: ADSH epoch=1 p_cutoff=0.95 mask_mean=0.000 sup_loss=1.7288 unsup_loss=0.0000
2026-02-02 14:54:50,640 DEBUG modssc.inductive.methods.adsh adsh.py:330: ADSH epoch=2 p_cutoff=0.95 mask_mean=0.979 sup_loss=1.6713 unsup_loss=1.6722
2026-02-02 14:54:50,645 DEBUG modssc.inductive.methods.adsh adsh.py:330: ADSH epoch=3 p_cutoff=0.95 mask_mean=0.990 sup_loss=1.6244 unsup_loss=1.6598
2026-02-02 14:54:50,648 DEBUG modssc.inductive.methods.adsh adsh.py:330: ADSH epoch=4 p_cutoff=0.95 mask_mean=0.979 sup_loss=1.5824 unsup_loss=1.6010
2026-02-02 14:54:50,652 DEBUG modssc.inductive.methods.adsh adsh.py:330: ADSH epoch=5 p_cutoff=0.95 mask_mean=0.969 sup_loss=1.5270 unsup_loss=1.5397
2026-02-02 14:54:50,656 DEBUG modssc.inductive.methods.adsh adsh.py:330: ADSH epoch=6 p_cutoff=0.95 mask_mean=0.979 sup_loss=1.4737 unsup_loss=1.5075
2026-02-02 14:54:50,660 DEBUG modssc.inductive.methods.adsh adsh.py:330: ADSH epoch=7 p_cutoff=0.95 mask_mean=0.969 sup_loss=1.4083 unsup_loss=1.4405
2026-02-02 14:54:50,663 DEBUG modssc.inductive.methods.adsh adsh.py:330: ADSH epoch=8 p_cutoff=0.95 mask_mean=1.000 sup_loss=1.3483 unsup_loss=1.4326
2026-02-02 14:54:50,667 DEBUG modssc.inductive.methods.adsh adsh.py:330: ADSH epoch=9 p_cutoff=0.95 mask_mean=0.990 sup_loss=1.2988 unsup_loss=1.3550
2026-02-02 14:54:50,671 DEBUG modssc.inductive.methods.adsh adsh.py:330: ADSH epoch=10 p_cutoff=0.95 mask_mean=0.990 sup_loss=1.2278 unsup_loss=1.2899
2026-02-02 14:54:50,675 DEBUG modssc.inductive.methods.adsh adsh.py:330: ADSH epoch=11 p_cutoff=0.95 mask_mean=0.990 sup_loss=1.1670 unsup_loss=1.2281
2026-02-02 14:54:50,678 DEBUG modssc.inductive.methods.adsh adsh.py:330: ADSH epoch=12 p_cutoff=0.95 mask_mean=0.979 sup_loss=1.1107 unsup_loss=1.1389
2026-02-02 14:54:50,682 DEBUG modssc.inductive.methods.adsh adsh.py:330: ADSH epoch=13 p_cutoff=0.95 mask_mean=1.000 sup_loss=1.0256 unsup_loss=1.0956
2026-02-02 14:54:50,686 DEBUG modssc.inductive.methods.adsh adsh.py:330: ADSH epoch=14 p_cutoff=0.95 mask_mean=0.979 sup_loss=0.9692 unsup_loss=1.0049
2026-02-02 14:54:50,690 DEBUG modssc.inductive.methods.adsh adsh.py:330: ADSH epoch=15 p_cutoff=0.95 mask_mean=0.990 sup_loss=0.9044 unsup_loss=0.9392
2026-02-02 14:54:50,693 DEBUG modssc.inductive.methods.adsh adsh.py:330: ADSH epoch=16 p_cutoff=0.95 mask_mean=0.990 sup_loss=0.8526 unsup_loss=0.8780
2026-02-02 14:54:50,697 DEBUG modssc.inductive.methods.adsh adsh.py:330: ADSH epoch=17 p_cutoff=0.95 mask_mean=0.990 sup_loss=0.7730 unsup_loss=0.8107
2026-02-02 14:54:50,701 DEBUG modssc.inductive.methods.adsh adsh.py:330: ADSH epoch=18 p_cutoff=0.95 mask_mean=1.000 sup_loss=0.7270 unsup_loss=0.7575
2026-02-02 14:54:50,704 DEBUG modssc.inductive.methods.adsh adsh.py:330: ADSH epoch=19 p_cutoff=0.95 mask_mean=0.979 sup_loss=0.6675 unsup_loss=0.6688
2026-02-02 14:54:50,708 DEBUG modssc.inductive.methods.adsh adsh.py:330: ADSH epoch=20 p_cutoff=0.95 mask_mean=0.979 sup_loss=0.5921 unsup_loss=0.6053
2026-02-02 14:54:50,712 DEBUG modssc.inductive.methods.adsh adsh.py:330: ADSH epoch=21 p_cutoff=0.95 mask_mean=0.969 sup_loss=0.5522 unsup_loss=0.5424
2026-02-02 14:54:50,716 DEBUG modssc.inductive.methods.adsh adsh.py:330: ADSH epoch=22 p_cutoff=0.95 mask_mean=0.990 sup_loss=0.5010 unsup_loss=0.5066
2026-02-02 14:54:50,719 DEBUG modssc.inductive.methods.adsh adsh.py:330: ADSH epoch=23 p_cutoff=0.95 mask_mean=0.990 sup_loss=0.4544 unsup_loss=0.4566
2026-02-02 14:54:50,723 DEBUG modssc.inductive.methods.adsh adsh.py:330: ADSH epoch=24 p_cutoff=0.95 mask_mean=1.000 sup_loss=0.4027 unsup_loss=0.4299
2026-02-02 14:54:50,727 DEBUG modssc.inductive.methods.adsh adsh.py:330: ADSH epoch=25 p_cutoff=0.95 mask_mean=0.979 sup_loss=0.3862 unsup_loss=0.3619
2026-02-02 14:54:50,730 DEBUG modssc.inductive.methods.adsh adsh.py:330: ADSH epoch=26 p_cutoff=0.95 mask_mean=0.979 sup_loss=0.3393 unsup_loss=0.3252
2026-02-02 14:54:50,734 DEBUG modssc.inductive.methods.adsh adsh.py:330: ADSH epoch=27 p_cutoff=0.95 mask_mean=0.990 sup_loss=0.3123 unsup_loss=0.2952
2026-02-02 14:54:50,738 DEBUG modssc.inductive.methods.adsh adsh.py:330: ADSH epoch=28 p_cutoff=0.95 mask_mean=0.990 sup_loss=0.2864 unsup_loss=0.2773
2026-02-02 14:54:50,742 DEBUG modssc.inductive.methods.adsh adsh.py:330: ADSH epoch=29 p_cutoff=0.95 mask_mean=1.000 sup_loss=0.2476 unsup_loss=0.2507
2026-02-02 14:54:50,745 DEBUG modssc.inductive.methods.adsh adsh.py:330: ADSH epoch=30 p_cutoff=0.95 mask_mean=0.990 sup_loss=0.2269 unsup_loss=0.2137
2026-02-02 14:54:50,749 DEBUG modssc.inductive.methods.adsh adsh.py:330: ADSH epoch=31 p_cutoff=0.95 mask_mean=0.990 sup_loss=0.1973 unsup_loss=0.1953
2026-02-02 14:54:50,753 DEBUG modssc.inductive.methods.adsh adsh.py:330: ADSH epoch=32 p_cutoff=0.95 mask_mean=0.990 sup_loss=0.1925 unsup_loss=0.1779
2026-02-02 14:54:50,756 DEBUG modssc.inductive.methods.adsh adsh.py:330: ADSH epoch=33 p_cutoff=0.95 mask_mean=0.990 sup_loss=0.1716 unsup_loss=0.1579
2026-02-02 14:54:50,760 DEBUG modssc.inductive.methods.adsh adsh.py:330: ADSH epoch=34 p_cutoff=0.95 mask_mean=0.979 sup_loss=0.1508 unsup_loss=0.1434
2026-02-02 14:54:50,764 DEBUG modssc.inductive.methods.adsh adsh.py:330: ADSH epoch=35 p_cutoff=0.95 mask_mean=1.000 sup_loss=0.1424 unsup_loss=0.1321
2026-02-02 14:54:50,768 DEBUG modssc.inductive.methods.adsh adsh.py:330: ADSH epoch=36 p_cutoff=0.95 mask_mean=0.979 sup_loss=0.1086 unsup_loss=0.1181
2026-02-02 14:54:50,771 DEBUG modssc.inductive.methods.adsh adsh.py:330: ADSH epoch=37 p_cutoff=0.95 mask_mean=0.990 sup_loss=0.1085 unsup_loss=0.1071
2026-02-02 14:54:50,775 DEBUG modssc.inductive.methods.adsh adsh.py:330: ADSH epoch=38 p_cutoff=0.95 mask_mean=1.000 sup_loss=0.0901 unsup_loss=0.0994
2026-02-02 14:54:50,779 DEBUG modssc.inductive.methods.adsh adsh.py:330: ADSH epoch=39 p_cutoff=0.95 mask_mean=0.990 sup_loss=0.0877 unsup_loss=0.0843
2026-02-02 14:54:50,783 DEBUG modssc.inductive.methods.adsh adsh.py:330: ADSH epoch=40 p_cutoff=0.95 mask_mean=1.000 sup_loss=0.0771 unsup_loss=0.0839
2026-02-02 14:54:50,786 DEBUG modssc.inductive.methods.adsh adsh.py:330: ADSH epoch=41 p_cutoff=0.95 mask_mean=0.979 sup_loss=0.0662 unsup_loss=0.0697
2026-02-02 14:54:50,790 DEBUG modssc.inductive.methods.adsh adsh.py:330: ADSH epoch=42 p_cutoff=0.95 mask_mean=0.969 sup_loss=0.0614 unsup_loss=0.0616
2026-02-02 14:54:50,794 DEBUG modssc.inductive.methods.adsh adsh.py:330: ADSH epoch=43 p_cutoff=0.95 mask_mean=1.000 sup_loss=0.0506 unsup_loss=0.0639
2026-02-02 14:54:50,797 DEBUG modssc.inductive.methods.adsh adsh.py:330: ADSH epoch=44 p_cutoff=0.95 mask_mean=1.000 sup_loss=0.0441 unsup_loss=0.0605
2026-02-02 14:54:50,801 DEBUG modssc.inductive.methods.adsh adsh.py:330: ADSH epoch=45 p_cutoff=0.95 mask_mean=0.990 sup_loss=0.0408 unsup_loss=0.0509
2026-02-02 14:54:50,805 DEBUG modssc.inductive.methods.adsh adsh.py:330: ADSH epoch=46 p_cutoff=0.95 mask_mean=1.000 sup_loss=0.0446 unsup_loss=0.0515
2026-02-02 14:54:50,809 DEBUG modssc.inductive.methods.adsh adsh.py:330: ADSH epoch=47 p_cutoff=0.95 mask_mean=0.990 sup_loss=0.0325 unsup_loss=0.0449
2026-02-02 14:54:50,812 DEBUG modssc.inductive.methods.adsh adsh.py:330: ADSH epoch=48 p_cutoff=0.95 mask_mean=0.990 sup_loss=0.0325 unsup_loss=0.0405
2026-02-02 14:54:50,816 DEBUG modssc.inductive.methods.adsh adsh.py:330: ADSH epoch=49 p_cutoff=0.95 mask_mean=0.990 sup_loss=0.0288 unsup_loss=0.0381
2026-02-02 14:54:50,817 INFO modssc.inductive.methods.adsh adsh.py:347: Finished adsh.fit in 0.375s
2026-02-02 14:54:50,817 INFO bench.orchestrators.method_inductive method_inductive.py:550: Inductive method done: id=adsh duration_s=0.415
2026-02-02 14:54:50,817 INFO bench.orchestrators.evaluation evaluation.py:189: Evaluation (inductive): splits=['val', 'test'] metrics=['accuracy', 'macro_f1']
2026-02-02 14:54:50,828 INFO bench.orchestrators.evaluation evaluation.py:231: Evaluation (inductive) done: duration_s=0.011
2026-02-02 14:54:50,830 INFO bench.orchestrators.reporting reporting.py:54: Run summary written: /nfs/home/mbarbaux/ModSSC/runs/inductive/adsh/graph/citeseer/best_graph_inductive_adsh_citeseer-20260202T135448Z/run.json status=success duration_s=0.001
