2026-02-02 15:22:14,417 INFO bench.orchestrators.dataset dataset.py:36: Dataset start: id=pubmed download=True cache_dir=None
2026-02-02 15:22:14,418 DEBUG bench.orchestrators.dataset dataset.py:42: Dataset options: []
2026-02-02 15:22:14,420 DEBUG modssc.data_loader.providers __init__.py:38: Creating provider: pyg
2026-02-02 15:22:14,421 DEBUG modssc.data_loader.api api.py:316: Resolved dataset id=pubmed provider=pyg canonical_uri=pyg:Planetoid/PubMed
2026-02-02 15:22:14,421 INFO modssc.data_loader.api api.py:117: Dataset load: id=pubmed provider=pyg version=None fingerprint=33662ee2dd9f5386a1eb7438c7e711640858805e93f8cee2bfe9beda2eb3499a download=True force=False cache_dir=/nfs/home/mbarbaux/ModSSC/cache/datasets
2026-02-02 15:22:14,421 DEBUG modssc.data_loader.api api.py:127: Dataset resolved_kwargs: {'dataset_class': 'Planetoid', 'dataset_kwargs': {'name': 'PubMed'}}
2026-02-02 15:22:14,431 DEBUG modssc.data_loader.api api.py:403: Loaded cached dataset: fingerprint=33662ee2dd9f5386a1eb7438c7e711640858805e93f8cee2bfe9beda2eb3499a
2026-02-02 15:22:14,432 INFO modssc.data_loader.api api.py:133: Dataset cached: id=pubmed train=19717 test=None n_classes=3 duration_s=0.014
2026-02-02 15:22:14,432 INFO bench.orchestrators.dataset dataset.py:54: Dataset loaded: train=19717 test=None graph=True fingerprint=33662ee2dd9f5386a1eb7438c7e711640858805e93f8cee2bfe9beda2eb3499a provider=pyg
2026-02-02 15:22:14,432 INFO bench.orchestrators.dataset dataset.py:62: Dataset stage done: duration_s=0.014
2026-02-02 15:22:14,455 INFO bench.orchestrators.sampling sampling.py:86: Sampling start: seed=5 dataset_id=pubmed
2026-02-02 15:22:14,455 DEBUG bench.orchestrators.sampling sampling.py:87: Sampling plan: split={'kind': 'holdout', 'test_fraction': 0.2, 'val_fraction': 0.1, 'stratify': True, 'shuffle': True} labeling={'mode': 'fraction', 'value': 0.2, 'per_class': False, 'min_per_class': 1, 'strategy': 'balanced', 'fixed_indices': None} imbalance={'kind': 'none', 'apply_to': 'train', 'max_per_class': None, 'alpha': None, 'min_per_class': 1} policy={'respect_official_test': True, 'use_official_graph_masks': True, 'allow_override_official': False}
2026-02-02 15:22:14,455 DEBUG bench.orchestrators.sampling sampling.py:98: Sampling dataset_fingerprint=33662ee2dd9f5386a1eb7438c7e711640858805e93f8cee2bfe9beda2eb3499a
2026-02-02 15:22:14,455 INFO modssc.sampling.api api.py:99: Sampling start: dataset_id=pubmed dataset_fingerprint=33662ee2dd9f5386a1eb7438c7e711640858805e93f8cee2bfe9beda2eb3499a seed=5 graph=True split=holdout
2026-02-02 15:22:14,455 DEBUG modssc.sampling.api api.py:107: Sampling plan: {'split': {'kind': 'holdout', 'test_fraction': 0.2, 'val_fraction': 0.1, 'stratify': True, 'shuffle': True}, 'labeling': {'mode': 'fraction', 'value': 0.2, 'per_class': False, 'min_per_class': 1, 'strategy': 'balanced', 'fixed_indices': None}, 'imbalance': {'kind': 'none', 'apply_to': 'train', 'max_per_class': None, 'alpha': None, 'min_per_class': 1}, 'policy': {'respect_official_test': True, 'use_official_graph_masks': True, 'allow_override_official': False}}
2026-02-02 15:22:14,466 INFO modssc.sampling.api api.py:141: Sampling done: train=60 val=500 test=1000 labeled=12 unlabeled=48 duration_s=0.011
2026-02-02 15:22:14,466 DEBUG modssc.sampling.api api.py:150: Sampling stats: {'nodes': 19717, 'train': 60, 'val': 500, 'test': 1000, 'labeled': 12, 'unlabeled': 48, 'labeled_class_dist': {'n': 12, 'classes': {'0': 4, '1': 4, '2': 4}}}
2026-02-02 15:22:14,466 INFO bench.orchestrators.sampling sampling.py:123: Sampling result: train=60 val=500 test=1000 labeled=12 unlabeled=48 graph=True
2026-02-02 15:22:14,466 DEBUG bench.orchestrators.sampling sampling.py:132: Sampling stats: {'nodes': 19717, 'train': 60, 'val': 500, 'test': 1000, 'labeled': 12, 'unlabeled': 48, 'labeled_class_dist': {'n': 12, 'classes': {'0': 4, '1': 4, '2': 4}}}
2026-02-02 15:22:14,466 INFO bench.orchestrators.sampling sampling.py:133: Sampling stage done: duration_s=0.011
2026-02-02 15:22:14,466 INFO bench.orchestrators.preprocess preprocess.py:105: Preprocess start: seed=5 cache=True n_steps=3 fit_indices=12
2026-02-02 15:22:14,466 DEBUG bench.orchestrators.preprocess preprocess.py:112: Preprocess plan: output_key=features.X steps=['labels.encode', 'core.ensure_2d', 'core.to_numpy']
2026-02-02 15:22:14,466 INFO modssc.preprocess.api api.py:490: Preprocess start: dataset_fp=33662ee2dd9f5386a1eb7438c7e711640858805e93f8cee2bfe9beda2eb3499a steps=['labels.encode', 'core.ensure_2d', 'core.to_numpy'] output_key=features.X seed=5 cache=True
2026-02-02 15:22:14,466 DEBUG modssc.preprocess.api api.py:498: Preprocess input shapes: train_X=(19717, 500) train_y=(19717,) test_X=None test_y=None
2026-02-02 15:22:14,466 INFO modssc.preprocess.api api.py:505: Preprocess input size: train_data=39.2 MB test_data=n/a
2026-02-02 15:22:14,466 DEBUG modssc.preprocess.api api.py:521: Preprocess step start: id=labels.encode index=0 kind=transform params={}
2026-02-02 15:22:14,472 DEBUG modssc.preprocess.api api.py:605: Preprocess step train outputs: id=labels.encode keys=['labels.classes', 'labels.y'] duration_s=0.006
2026-02-02 15:22:14,472 INFO modssc.preprocess.api api.py:679: Preprocess step done: id=labels.encode index=0 duration_s=0.006 train_data=39.2 MB test_data=n/a
2026-02-02 15:22:14,472 DEBUG modssc.preprocess.api api.py:521: Preprocess step start: id=core.ensure_2d index=1 kind=transform params={}
2026-02-02 15:22:14,481 DEBUG modssc.preprocess.api api.py:605: Preprocess step train outputs: id=core.ensure_2d keys=['features.X'] duration_s=0.009
2026-02-02 15:22:14,481 INFO modssc.preprocess.api api.py:679: Preprocess step done: id=core.ensure_2d index=1 duration_s=0.009 train_data=39.2 MB test_data=n/a
2026-02-02 15:22:14,481 DEBUG modssc.preprocess.api api.py:521: Preprocess step start: id=core.to_numpy index=2 kind=transform params={}
2026-02-02 15:22:14,490 DEBUG modssc.preprocess.api api.py:605: Preprocess step train outputs: id=core.to_numpy keys=['features.X'] duration_s=0.009
2026-02-02 15:22:14,490 INFO modssc.preprocess.api api.py:679: Preprocess step done: id=core.to_numpy index=2 duration_s=0.009 train_data=39.2 MB test_data=n/a
2026-02-02 15:22:14,490 INFO modssc.preprocess.api api.py:730: Preprocess done: dataset_fp=33662ee2dd9f5386a1eb7438c7e711640858805e93f8cee2bfe9beda2eb3499a duration_s=0.024 train_X=(19717, 500) test_X=None
2026-02-02 15:22:14,490 INFO bench.orchestrators.preprocess preprocess.py:124: Preprocess result: fingerprint=preprocess:99e2d6e1d9f2a08d31c1fbb39ceec754bf3df24395d11ea5eb79d7325462efc1 plan_fingerprint=resolved_plan:8a5e3ebe41a4f364f53ac26a625ef44f5a721631be61f65e32b92a3759853b68 cache_dir=/nfs/home/mbarbaux/ModSSC/cache/preprocess/33662ee2dd9f5386a1eb7438c7e711640858805e93f8cee2bfe9beda2eb3499a skipped=[]
2026-02-02 15:22:14,490 DEBUG bench.orchestrators.preprocess preprocess.py:131: Preprocess output shapes: train_X=(19717, 500) test_X=None
2026-02-02 15:22:14,490 INFO bench.orchestrators.preprocess preprocess.py:136: Preprocess stage done: duration_s=0.024
2026-02-02 15:22:14,490 INFO bench.orchestrators.method_transductive method_transductive.py:139: Transductive method start: id=grand seed=3274374610 device=auto resolved_device=cuda use_test=False
2026-02-02 15:22:14,490 DEBUG bench.orchestrators.method_transductive method_transductive.py:147: Transductive method params: {'hidden_dim': 64, 'mlp_dropout': 0.5, 'prop_steps': 8, 'dropnode': 0.5, 'num_samples': 4, 'lambda_consistency': 1.0, 'lr': 0.01, 'weight_decay': 0.0005, 'max_epochs': 200, 'patience': 50, 'add_self_loops': True}
2026-02-02 15:22:14,491 INFO bench.orchestrators.method_transductive method_transductive.py:158: Transductive data: n_nodes=19717 n_train=19717 n_test=0
2026-02-02 15:22:14,491 INFO bench.orchestrators.method_transductive method_transductive.py:177: Transductive masks: labeled_count=12 train_count=60
2026-02-02 15:22:14,491 INFO modssc.transductive.methods.gnn.grand grand.py:83: Starting grand.fit
2026-02-02 15:22:14,491 DEBUG modssc.transductive.methods.gnn.grand grand.py:84: spec=GRANDSpec(hidden_dim=64, mlp_dropout=0.5, prop_steps=8, dropnode=0.5, num_samples=4, lambda_consistency=1.0, lr=0.01, weight_decay=0.0005, max_epochs=200, patience=50, add_self_loops=True) device=cuda seed=3274374610
2026-02-02 15:22:14,654 INFO modssc.transductive.methods.gnn.grand grand.py:96: GRAND sizes: n_nodes=19717 n_classes=3 train=12 val=500
2026-02-02 15:22:15,652 DEBUG modssc.transductive.methods.gnn.grand grand.py:184: GRAND epoch=0 val_loss=1.0978 best updated
2026-02-02 15:22:15,720 DEBUG modssc.transductive.methods.gnn.grand grand.py:184: GRAND epoch=1 val_loss=1.0917 best updated
2026-02-02 15:22:15,788 DEBUG modssc.transductive.methods.gnn.grand grand.py:184: GRAND epoch=2 val_loss=1.0843 best updated
2026-02-02 15:22:15,857 DEBUG modssc.transductive.methods.gnn.grand grand.py:184: GRAND epoch=3 val_loss=1.0778 best updated
2026-02-02 15:22:15,925 DEBUG modssc.transductive.methods.gnn.grand grand.py:184: GRAND epoch=4 val_loss=1.0693 best updated
2026-02-02 15:22:15,993 DEBUG modssc.transductive.methods.gnn.grand grand.py:184: GRAND epoch=5 val_loss=1.0605 best updated
2026-02-02 15:22:16,061 DEBUG modssc.transductive.methods.gnn.grand grand.py:184: GRAND epoch=6 val_loss=1.0510 best updated
2026-02-02 15:22:16,129 DEBUG modssc.transductive.methods.gnn.grand grand.py:184: GRAND epoch=7 val_loss=1.0406 best updated
2026-02-02 15:22:16,197 DEBUG modssc.transductive.methods.gnn.grand grand.py:184: GRAND epoch=8 val_loss=1.0295 best updated
2026-02-02 15:22:16,265 DEBUG modssc.transductive.methods.gnn.grand grand.py:184: GRAND epoch=9 val_loss=1.0184 best updated
2026-02-02 15:22:16,333 DEBUG modssc.transductive.methods.gnn.grand grand.py:184: GRAND epoch=10 val_loss=1.0078 best updated
2026-02-02 15:22:16,401 DEBUG modssc.transductive.methods.gnn.grand grand.py:184: GRAND epoch=11 val_loss=0.9969 best updated
2026-02-02 15:22:16,469 DEBUG modssc.transductive.methods.gnn.grand grand.py:184: GRAND epoch=12 val_loss=0.9857 best updated
2026-02-02 15:22:16,537 DEBUG modssc.transductive.methods.gnn.grand grand.py:184: GRAND epoch=13 val_loss=0.9749 best updated
2026-02-02 15:22:16,605 DEBUG modssc.transductive.methods.gnn.grand grand.py:184: GRAND epoch=14 val_loss=0.9651 best updated
2026-02-02 15:22:16,673 DEBUG modssc.transductive.methods.gnn.grand grand.py:184: GRAND epoch=15 val_loss=0.9549 best updated
2026-02-02 15:22:16,741 DEBUG modssc.transductive.methods.gnn.grand grand.py:184: GRAND epoch=16 val_loss=0.9438 best updated
2026-02-02 15:22:16,809 DEBUG modssc.transductive.methods.gnn.grand grand.py:184: GRAND epoch=17 val_loss=0.9328 best updated
2026-02-02 15:22:16,877 DEBUG modssc.transductive.methods.gnn.grand grand.py:184: GRAND epoch=18 val_loss=0.9217 best updated
2026-02-02 15:22:16,945 DEBUG modssc.transductive.methods.gnn.grand grand.py:184: GRAND epoch=19 val_loss=0.9110 best updated
2026-02-02 15:22:17,013 DEBUG modssc.transductive.methods.gnn.grand grand.py:184: GRAND epoch=20 val_loss=0.9011 best updated
2026-02-02 15:22:17,081 DEBUG modssc.transductive.methods.gnn.grand grand.py:184: GRAND epoch=21 val_loss=0.8934 best updated
2026-02-02 15:22:17,149 DEBUG modssc.transductive.methods.gnn.grand grand.py:184: GRAND epoch=22 val_loss=0.8864 best updated
2026-02-02 15:22:17,217 DEBUG modssc.transductive.methods.gnn.grand grand.py:184: GRAND epoch=23 val_loss=0.8796 best updated
2026-02-02 15:22:17,285 DEBUG modssc.transductive.methods.gnn.grand grand.py:184: GRAND epoch=24 val_loss=0.8743 best updated
2026-02-02 15:22:17,353 DEBUG modssc.transductive.methods.gnn.grand grand.py:184: GRAND epoch=25 val_loss=0.8701 best updated
2026-02-02 15:22:17,421 DEBUG modssc.transductive.methods.gnn.grand grand.py:184: GRAND epoch=26 val_loss=0.8675 best updated
2026-02-02 15:22:17,489 DEBUG modssc.transductive.methods.gnn.grand grand.py:184: GRAND epoch=27 val_loss=0.8623 best updated
2026-02-02 15:22:17,557 DEBUG modssc.transductive.methods.gnn.grand grand.py:184: GRAND epoch=28 val_loss=0.8579 best updated
2026-02-02 15:22:17,625 DEBUG modssc.transductive.methods.gnn.grand grand.py:184: GRAND epoch=29 val_loss=0.8542 best updated
2026-02-02 15:22:17,694 DEBUG modssc.transductive.methods.gnn.grand grand.py:184: GRAND epoch=30 val_loss=0.8506 best updated
2026-02-02 15:22:17,762 DEBUG modssc.transductive.methods.gnn.grand grand.py:184: GRAND epoch=31 val_loss=0.8456 best updated
2026-02-02 15:22:17,830 DEBUG modssc.transductive.methods.gnn.grand grand.py:184: GRAND epoch=32 val_loss=0.8385 best updated
2026-02-02 15:22:17,898 DEBUG modssc.transductive.methods.gnn.grand grand.py:184: GRAND epoch=33 val_loss=0.8318 best updated
2026-02-02 15:22:17,966 DEBUG modssc.transductive.methods.gnn.grand grand.py:184: GRAND epoch=34 val_loss=0.8272 best updated
2026-02-02 15:22:18,034 DEBUG modssc.transductive.methods.gnn.grand grand.py:187: GRAND epoch=35 val_loss=0.8272 bad_epochs=1/50
2026-02-02 15:22:18,102 DEBUG modssc.transductive.methods.gnn.grand grand.py:184: GRAND epoch=36 val_loss=0.8253 best updated
2026-02-02 15:22:18,170 DEBUG modssc.transductive.methods.gnn.grand grand.py:187: GRAND epoch=37 val_loss=0.8279 bad_epochs=1/50
2026-02-02 15:22:18,238 DEBUG modssc.transductive.methods.gnn.grand grand.py:187: GRAND epoch=38 val_loss=0.8272 bad_epochs=2/50
2026-02-02 15:22:18,306 DEBUG modssc.transductive.methods.gnn.grand grand.py:187: GRAND epoch=39 val_loss=0.8259 bad_epochs=3/50
2026-02-02 15:22:18,374 DEBUG modssc.transductive.methods.gnn.grand grand.py:184: GRAND epoch=40 val_loss=0.8237 best updated
2026-02-02 15:22:18,442 DEBUG modssc.transductive.methods.gnn.grand grand.py:184: GRAND epoch=41 val_loss=0.8230 best updated
2026-02-02 15:22:18,510 DEBUG modssc.transductive.methods.gnn.grand grand.py:184: GRAND epoch=42 val_loss=0.8226 best updated
2026-02-02 15:22:18,578 DEBUG modssc.transductive.methods.gnn.grand grand.py:184: GRAND epoch=43 val_loss=0.8155 best updated
2026-02-02 15:22:18,647 DEBUG modssc.transductive.methods.gnn.grand grand.py:184: GRAND epoch=44 val_loss=0.8094 best updated
2026-02-02 15:22:18,715 DEBUG modssc.transductive.methods.gnn.grand grand.py:184: GRAND epoch=45 val_loss=0.8020 best updated
2026-02-02 15:22:18,783 DEBUG modssc.transductive.methods.gnn.grand grand.py:184: GRAND epoch=46 val_loss=0.7972 best updated
2026-02-02 15:22:18,851 DEBUG modssc.transductive.methods.gnn.grand grand.py:187: GRAND epoch=47 val_loss=0.7986 bad_epochs=1/50
2026-02-02 15:22:18,919 DEBUG modssc.transductive.methods.gnn.grand grand.py:187: GRAND epoch=48 val_loss=0.8024 bad_epochs=2/50
2026-02-02 15:22:18,987 DEBUG modssc.transductive.methods.gnn.grand grand.py:187: GRAND epoch=49 val_loss=0.8088 bad_epochs=3/50
2026-02-02 15:22:19,055 DEBUG modssc.transductive.methods.gnn.grand grand.py:187: GRAND epoch=50 val_loss=0.8209 bad_epochs=4/50
2026-02-02 15:22:19,122 DEBUG modssc.transductive.methods.gnn.grand grand.py:187: GRAND epoch=51 val_loss=0.8365 bad_epochs=5/50
2026-02-02 15:22:19,190 DEBUG modssc.transductive.methods.gnn.grand grand.py:187: GRAND epoch=52 val_loss=0.8498 bad_epochs=6/50
2026-02-02 15:22:19,258 DEBUG modssc.transductive.methods.gnn.grand grand.py:187: GRAND epoch=53 val_loss=0.8521 bad_epochs=7/50
2026-02-02 15:22:19,326 DEBUG modssc.transductive.methods.gnn.grand grand.py:187: GRAND epoch=54 val_loss=0.8398 bad_epochs=8/50
2026-02-02 15:22:19,394 DEBUG modssc.transductive.methods.gnn.grand grand.py:187: GRAND epoch=55 val_loss=0.8299 bad_epochs=9/50
2026-02-02 15:22:19,462 DEBUG modssc.transductive.methods.gnn.grand grand.py:187: GRAND epoch=56 val_loss=0.8172 bad_epochs=10/50
2026-02-02 15:22:19,530 DEBUG modssc.transductive.methods.gnn.grand grand.py:187: GRAND epoch=57 val_loss=0.8043 bad_epochs=11/50
2026-02-02 15:22:19,598 DEBUG modssc.transductive.methods.gnn.grand grand.py:187: GRAND epoch=58 val_loss=0.7976 bad_epochs=12/50
2026-02-02 15:22:19,667 DEBUG modssc.transductive.methods.gnn.grand grand.py:184: GRAND epoch=59 val_loss=0.7961 best updated
2026-02-02 15:22:19,734 DEBUG modssc.transductive.methods.gnn.grand grand.py:187: GRAND epoch=60 val_loss=0.8033 bad_epochs=1/50
2026-02-02 15:22:19,802 DEBUG modssc.transductive.methods.gnn.grand grand.py:187: GRAND epoch=61 val_loss=0.8102 bad_epochs=2/50
2026-02-02 15:22:19,870 DEBUG modssc.transductive.methods.gnn.grand grand.py:187: GRAND epoch=62 val_loss=0.8196 bad_epochs=3/50
2026-02-02 15:22:19,938 DEBUG modssc.transductive.methods.gnn.grand grand.py:187: GRAND epoch=63 val_loss=0.8232 bad_epochs=4/50
2026-02-02 15:22:20,006 DEBUG modssc.transductive.methods.gnn.grand grand.py:187: GRAND epoch=64 val_loss=0.8325 bad_epochs=5/50
2026-02-02 15:22:20,074 DEBUG modssc.transductive.methods.gnn.grand grand.py:187: GRAND epoch=65 val_loss=0.8359 bad_epochs=6/50
2026-02-02 15:22:20,142 DEBUG modssc.transductive.methods.gnn.grand grand.py:187: GRAND epoch=66 val_loss=0.8363 bad_epochs=7/50
2026-02-02 15:22:20,211 DEBUG modssc.transductive.methods.gnn.grand grand.py:187: GRAND epoch=67 val_loss=0.8309 bad_epochs=8/50
2026-02-02 15:22:20,279 DEBUG modssc.transductive.methods.gnn.grand grand.py:187: GRAND epoch=68 val_loss=0.8205 bad_epochs=9/50
2026-02-02 15:22:20,347 DEBUG modssc.transductive.methods.gnn.grand grand.py:187: GRAND epoch=69 val_loss=0.8083 bad_epochs=10/50
2026-02-02 15:22:20,415 DEBUG modssc.transductive.methods.gnn.grand grand.py:187: GRAND epoch=70 val_loss=0.8024 bad_epochs=11/50
2026-02-02 15:22:20,483 DEBUG modssc.transductive.methods.gnn.grand grand.py:187: GRAND epoch=71 val_loss=0.7977 bad_epochs=12/50
2026-02-02 15:22:20,551 DEBUG modssc.transductive.methods.gnn.grand grand.py:187: GRAND epoch=72 val_loss=0.7989 bad_epochs=13/50
2026-02-02 15:22:20,618 DEBUG modssc.transductive.methods.gnn.grand grand.py:187: GRAND epoch=73 val_loss=0.8067 bad_epochs=14/50
2026-02-02 15:22:20,686 DEBUG modssc.transductive.methods.gnn.grand grand.py:187: GRAND epoch=74 val_loss=0.8197 bad_epochs=15/50
2026-02-02 15:22:20,754 DEBUG modssc.transductive.methods.gnn.grand grand.py:187: GRAND epoch=75 val_loss=0.8312 bad_epochs=16/50
2026-02-02 15:22:20,822 DEBUG modssc.transductive.methods.gnn.grand grand.py:187: GRAND epoch=76 val_loss=0.8483 bad_epochs=17/50
2026-02-02 15:22:20,890 DEBUG modssc.transductive.methods.gnn.grand grand.py:187: GRAND epoch=77 val_loss=0.8652 bad_epochs=18/50
2026-02-02 15:22:20,958 DEBUG modssc.transductive.methods.gnn.grand grand.py:187: GRAND epoch=78 val_loss=0.8780 bad_epochs=19/50
2026-02-02 15:22:21,026 DEBUG modssc.transductive.methods.gnn.grand grand.py:187: GRAND epoch=79 val_loss=0.8827 bad_epochs=20/50
2026-02-02 15:22:21,094 DEBUG modssc.transductive.methods.gnn.grand grand.py:187: GRAND epoch=80 val_loss=0.8707 bad_epochs=21/50
2026-02-02 15:22:21,162 DEBUG modssc.transductive.methods.gnn.grand grand.py:187: GRAND epoch=81 val_loss=0.8515 bad_epochs=22/50
2026-02-02 15:22:21,230 DEBUG modssc.transductive.methods.gnn.grand grand.py:187: GRAND epoch=82 val_loss=0.8297 bad_epochs=23/50
2026-02-02 15:22:21,298 DEBUG modssc.transductive.methods.gnn.grand grand.py:187: GRAND epoch=83 val_loss=0.8092 bad_epochs=24/50
2026-02-02 15:22:21,366 DEBUG modssc.transductive.methods.gnn.grand grand.py:184: GRAND epoch=84 val_loss=0.7929 best updated
2026-02-02 15:22:21,434 DEBUG modssc.transductive.methods.gnn.grand grand.py:184: GRAND epoch=85 val_loss=0.7892 best updated
2026-02-02 15:22:21,502 DEBUG modssc.transductive.methods.gnn.grand grand.py:187: GRAND epoch=86 val_loss=0.7977 bad_epochs=1/50
2026-02-02 15:22:21,570 DEBUG modssc.transductive.methods.gnn.grand grand.py:187: GRAND epoch=87 val_loss=0.8069 bad_epochs=2/50
2026-02-02 15:22:21,638 DEBUG modssc.transductive.methods.gnn.grand grand.py:187: GRAND epoch=88 val_loss=0.8223 bad_epochs=3/50
2026-02-02 15:22:21,706 DEBUG modssc.transductive.methods.gnn.grand grand.py:187: GRAND epoch=89 val_loss=0.8475 bad_epochs=4/50
2026-02-02 15:22:21,774 DEBUG modssc.transductive.methods.gnn.grand grand.py:187: GRAND epoch=90 val_loss=0.8777 bad_epochs=5/50
2026-02-02 15:22:21,842 DEBUG modssc.transductive.methods.gnn.grand grand.py:187: GRAND epoch=91 val_loss=0.9032 bad_epochs=6/50
2026-02-02 15:22:21,911 DEBUG modssc.transductive.methods.gnn.grand grand.py:187: GRAND epoch=92 val_loss=0.9187 bad_epochs=7/50
2026-02-02 15:22:21,979 DEBUG modssc.transductive.methods.gnn.grand grand.py:187: GRAND epoch=93 val_loss=0.9243 bad_epochs=8/50
2026-02-02 15:22:22,046 DEBUG modssc.transductive.methods.gnn.grand grand.py:187: GRAND epoch=94 val_loss=0.9051 bad_epochs=9/50
2026-02-02 15:22:22,114 DEBUG modssc.transductive.methods.gnn.grand grand.py:187: GRAND epoch=95 val_loss=0.8690 bad_epochs=10/50
2026-02-02 15:22:22,182 DEBUG modssc.transductive.methods.gnn.grand grand.py:187: GRAND epoch=96 val_loss=0.8427 bad_epochs=11/50
2026-02-02 15:22:22,250 DEBUG modssc.transductive.methods.gnn.grand grand.py:187: GRAND epoch=97 val_loss=0.8192 bad_epochs=12/50
2026-02-02 15:22:22,318 DEBUG modssc.transductive.methods.gnn.grand grand.py:187: GRAND epoch=98 val_loss=0.7950 bad_epochs=13/50
2026-02-02 15:22:22,386 DEBUG modssc.transductive.methods.gnn.grand grand.py:184: GRAND epoch=99 val_loss=0.7837 best updated
2026-02-02 15:22:22,454 DEBUG modssc.transductive.methods.gnn.grand grand.py:184: GRAND epoch=100 val_loss=0.7804 best updated
2026-02-02 15:22:22,522 DEBUG modssc.transductive.methods.gnn.grand grand.py:187: GRAND epoch=101 val_loss=0.7873 bad_epochs=1/50
2026-02-02 15:22:22,590 DEBUG modssc.transductive.methods.gnn.grand grand.py:187: GRAND epoch=102 val_loss=0.8067 bad_epochs=2/50
2026-02-02 15:22:22,658 DEBUG modssc.transductive.methods.gnn.grand grand.py:187: GRAND epoch=103 val_loss=0.8277 bad_epochs=3/50
2026-02-02 15:22:22,726 DEBUG modssc.transductive.methods.gnn.grand grand.py:187: GRAND epoch=104 val_loss=0.8448 bad_epochs=4/50
2026-02-02 15:22:22,794 DEBUG modssc.transductive.methods.gnn.grand grand.py:187: GRAND epoch=105 val_loss=0.8559 bad_epochs=5/50
2026-02-02 15:22:22,862 DEBUG modssc.transductive.methods.gnn.grand grand.py:187: GRAND epoch=106 val_loss=0.8724 bad_epochs=6/50
2026-02-02 15:22:22,930 DEBUG modssc.transductive.methods.gnn.grand grand.py:187: GRAND epoch=107 val_loss=0.8793 bad_epochs=7/50
2026-02-02 15:22:22,998 DEBUG modssc.transductive.methods.gnn.grand grand.py:187: GRAND epoch=108 val_loss=0.8727 bad_epochs=8/50
2026-02-02 15:22:23,066 DEBUG modssc.transductive.methods.gnn.grand grand.py:187: GRAND epoch=109 val_loss=0.8659 bad_epochs=9/50
2026-02-02 15:22:23,134 DEBUG modssc.transductive.methods.gnn.grand grand.py:187: GRAND epoch=110 val_loss=0.8645 bad_epochs=10/50
2026-02-02 15:22:23,202 DEBUG modssc.transductive.methods.gnn.grand grand.py:187: GRAND epoch=111 val_loss=0.8532 bad_epochs=11/50
2026-02-02 15:22:23,270 DEBUG modssc.transductive.methods.gnn.grand grand.py:187: GRAND epoch=112 val_loss=0.8468 bad_epochs=12/50
2026-02-02 15:22:23,338 DEBUG modssc.transductive.methods.gnn.grand grand.py:187: GRAND epoch=113 val_loss=0.8424 bad_epochs=13/50
2026-02-02 15:22:23,406 DEBUG modssc.transductive.methods.gnn.grand grand.py:187: GRAND epoch=114 val_loss=0.8514 bad_epochs=14/50
2026-02-02 15:22:23,474 DEBUG modssc.transductive.methods.gnn.grand grand.py:187: GRAND epoch=115 val_loss=0.8587 bad_epochs=15/50
2026-02-02 15:22:23,542 DEBUG modssc.transductive.methods.gnn.grand grand.py:187: GRAND epoch=116 val_loss=0.8731 bad_epochs=16/50
2026-02-02 15:22:23,610 DEBUG modssc.transductive.methods.gnn.grand grand.py:187: GRAND epoch=117 val_loss=0.8892 bad_epochs=17/50
2026-02-02 15:22:23,678 DEBUG modssc.transductive.methods.gnn.grand grand.py:187: GRAND epoch=118 val_loss=0.9096 bad_epochs=18/50
2026-02-02 15:22:23,746 DEBUG modssc.transductive.methods.gnn.grand grand.py:187: GRAND epoch=119 val_loss=0.9399 bad_epochs=19/50
2026-02-02 15:22:23,814 DEBUG modssc.transductive.methods.gnn.grand grand.py:187: GRAND epoch=120 val_loss=0.9605 bad_epochs=20/50
2026-02-02 15:22:23,882 DEBUG modssc.transductive.methods.gnn.grand grand.py:187: GRAND epoch=121 val_loss=0.9684 bad_epochs=21/50
2026-02-02 15:22:23,950 DEBUG modssc.transductive.methods.gnn.grand grand.py:187: GRAND epoch=122 val_loss=0.9565 bad_epochs=22/50
2026-02-02 15:22:24,018 DEBUG modssc.transductive.methods.gnn.grand grand.py:187: GRAND epoch=123 val_loss=0.9307 bad_epochs=23/50
2026-02-02 15:22:24,086 DEBUG modssc.transductive.methods.gnn.grand grand.py:187: GRAND epoch=124 val_loss=0.9028 bad_epochs=24/50
2026-02-02 15:22:24,154 DEBUG modssc.transductive.methods.gnn.grand grand.py:187: GRAND epoch=125 val_loss=0.8853 bad_epochs=25/50
2026-02-02 15:22:24,222 DEBUG modssc.transductive.methods.gnn.grand grand.py:187: GRAND epoch=126 val_loss=0.8683 bad_epochs=26/50
2026-02-02 15:22:24,290 DEBUG modssc.transductive.methods.gnn.grand grand.py:187: GRAND epoch=127 val_loss=0.8569 bad_epochs=27/50
2026-02-02 15:22:24,358 DEBUG modssc.transductive.methods.gnn.grand grand.py:187: GRAND epoch=128 val_loss=0.8605 bad_epochs=28/50
2026-02-02 15:22:24,426 DEBUG modssc.transductive.methods.gnn.grand grand.py:187: GRAND epoch=129 val_loss=0.8734 bad_epochs=29/50
2026-02-02 15:22:24,495 DEBUG modssc.transductive.methods.gnn.grand grand.py:187: GRAND epoch=130 val_loss=0.8851 bad_epochs=30/50
2026-02-02 15:22:24,563 DEBUG modssc.transductive.methods.gnn.grand grand.py:187: GRAND epoch=131 val_loss=0.8940 bad_epochs=31/50
2026-02-02 15:22:24,631 DEBUG modssc.transductive.methods.gnn.grand grand.py:187: GRAND epoch=132 val_loss=0.8970 bad_epochs=32/50
2026-02-02 15:22:24,699 DEBUG modssc.transductive.methods.gnn.grand grand.py:187: GRAND epoch=133 val_loss=0.9061 bad_epochs=33/50
2026-02-02 15:22:24,767 DEBUG modssc.transductive.methods.gnn.grand grand.py:187: GRAND epoch=134 val_loss=0.9220 bad_epochs=34/50
2026-02-02 15:22:24,835 DEBUG modssc.transductive.methods.gnn.grand grand.py:187: GRAND epoch=135 val_loss=0.9325 bad_epochs=35/50
2026-02-02 15:22:24,903 DEBUG modssc.transductive.methods.gnn.grand grand.py:187: GRAND epoch=136 val_loss=0.9432 bad_epochs=36/50
2026-02-02 15:22:24,971 DEBUG modssc.transductive.methods.gnn.grand grand.py:187: GRAND epoch=137 val_loss=0.9625 bad_epochs=37/50
2026-02-02 15:22:25,039 DEBUG modssc.transductive.methods.gnn.grand grand.py:187: GRAND epoch=138 val_loss=0.9710 bad_epochs=38/50
2026-02-02 15:22:25,107 DEBUG modssc.transductive.methods.gnn.grand grand.py:187: GRAND epoch=139 val_loss=0.9571 bad_epochs=39/50
2026-02-02 15:22:25,175 DEBUG modssc.transductive.methods.gnn.grand grand.py:187: GRAND epoch=140 val_loss=0.9319 bad_epochs=40/50
2026-02-02 15:22:25,243 DEBUG modssc.transductive.methods.gnn.grand grand.py:187: GRAND epoch=141 val_loss=0.9130 bad_epochs=41/50
2026-02-02 15:22:25,310 DEBUG modssc.transductive.methods.gnn.grand grand.py:187: GRAND epoch=142 val_loss=0.9009 bad_epochs=42/50
2026-02-02 15:22:25,378 DEBUG modssc.transductive.methods.gnn.grand grand.py:187: GRAND epoch=143 val_loss=0.8884 bad_epochs=43/50
2026-02-02 15:22:25,446 DEBUG modssc.transductive.methods.gnn.grand grand.py:187: GRAND epoch=144 val_loss=0.8830 bad_epochs=44/50
2026-02-02 15:22:25,514 DEBUG modssc.transductive.methods.gnn.grand grand.py:187: GRAND epoch=145 val_loss=0.8777 bad_epochs=45/50
2026-02-02 15:22:25,582 DEBUG modssc.transductive.methods.gnn.grand grand.py:187: GRAND epoch=146 val_loss=0.8799 bad_epochs=46/50
2026-02-02 15:22:25,650 DEBUG modssc.transductive.methods.gnn.grand grand.py:187: GRAND epoch=147 val_loss=0.8744 bad_epochs=47/50
2026-02-02 15:22:25,718 DEBUG modssc.transductive.methods.gnn.grand grand.py:187: GRAND epoch=148 val_loss=0.8747 bad_epochs=48/50
2026-02-02 15:22:25,786 DEBUG modssc.transductive.methods.gnn.grand grand.py:187: GRAND epoch=149 val_loss=0.8700 bad_epochs=49/50
2026-02-02 15:22:25,854 DEBUG modssc.transductive.methods.gnn.grand grand.py:187: GRAND epoch=150 val_loss=0.8726 bad_epochs=50/50
2026-02-02 15:22:25,854 DEBUG modssc.transductive.methods.gnn.grand grand.py:195: GRAND early_stop epoch=150 best_val=0.7804
2026-02-02 15:22:25,854 INFO modssc.transductive.methods.gnn.grand grand.py:205: Finished grand.fit in 11.364s
2026-02-02 15:22:25,854 INFO bench.orchestrators.method_transductive method_transductive.py:218: Transductive method done: id=grand duration_s=11.364
2026-02-02 15:22:25,855 INFO bench.orchestrators.evaluation evaluation.py:244: Evaluation (transductive): splits=['val', 'test'] metrics=['accuracy', 'macro_f1']
2026-02-02 15:22:25,869 INFO bench.orchestrators.evaluation evaluation.py:263: Evaluation (transductive) done: duration_s=0.014
2026-02-02 15:22:25,870 INFO bench.orchestrators.reporting reporting.py:54: Run summary written: /nfs/home/mbarbaux/ModSSC/runs/transductive/grand/graph/pubmed/best_graph_transductive_grand_pubmed-20260202T142214Z/run.json status=success duration_s=0.002
