2026-02-02 15:28:35,556 INFO bench.orchestrators.dataset dataset.py:36: Dataset start: id=adult download=True cache_dir=None
2026-02-02 15:28:35,556 DEBUG bench.orchestrators.dataset dataset.py:42: Dataset options: []
2026-02-02 15:28:35,559 DEBUG modssc.data_loader.providers __init__.py:38: Creating provider: openml
2026-02-02 15:28:35,559 DEBUG modssc.data_loader.api api.py:316: Resolved dataset id=adult provider=openml canonical_uri=openml:1590
2026-02-02 15:28:35,559 INFO modssc.data_loader.api api.py:117: Dataset load: id=adult provider=openml version=None fingerprint=f9281cab47a3de02bacdff6aeecab3cc3bec164d4d321622f81551b6b4f82967 download=True force=False cache_dir=/nfs/home/mbarbaux/ModSSC/cache/datasets
2026-02-02 15:28:35,559 DEBUG modssc.data_loader.api api.py:127: Dataset resolved_kwargs: {'data_id': 1590, 'name': None, 'version': None, 'as_frame': False, 'target_column': None, 'class_filter': None, 'max_samples': None, 'seed': None}
2026-02-02 15:28:35,621 DEBUG modssc.data_loader.api api.py:403: Loaded cached dataset: fingerprint=f9281cab47a3de02bacdff6aeecab3cc3bec164d4d321622f81551b6b4f82967
2026-02-02 15:28:35,642 INFO modssc.data_loader.api api.py:133: Dataset cached: id=adult train=48842 test=None n_classes=2 duration_s=0.086
2026-02-02 15:28:35,642 INFO bench.orchestrators.dataset dataset.py:54: Dataset loaded: train=48842 test=None graph=False fingerprint=f9281cab47a3de02bacdff6aeecab3cc3bec164d4d321622f81551b6b4f82967 provider=openml
2026-02-02 15:28:35,642 INFO bench.orchestrators.dataset dataset.py:62: Dataset stage done: duration_s=0.086
2026-02-02 15:28:35,666 INFO bench.orchestrators.sampling sampling.py:86: Sampling start: seed=1 dataset_id=adult
2026-02-02 15:28:35,666 DEBUG bench.orchestrators.sampling sampling.py:87: Sampling plan: split={'kind': 'holdout', 'test_fraction': 0.2, 'val_fraction': 0.1, 'stratify': True, 'shuffle': True} labeling={'mode': 'fraction', 'value': 0.2, 'per_class': False, 'min_per_class': 1, 'strategy': 'balanced', 'fixed_indices': None} imbalance={'kind': 'none', 'apply_to': 'train', 'max_per_class': None, 'alpha': None, 'min_per_class': 1} policy={'respect_official_test': True, 'use_official_graph_masks': True, 'allow_override_official': False}
2026-02-02 15:28:35,666 DEBUG bench.orchestrators.sampling sampling.py:98: Sampling dataset_fingerprint=f9281cab47a3de02bacdff6aeecab3cc3bec164d4d321622f81551b6b4f82967
2026-02-02 15:28:35,666 INFO modssc.sampling.api api.py:99: Sampling start: dataset_id=adult dataset_fingerprint=f9281cab47a3de02bacdff6aeecab3cc3bec164d4d321622f81551b6b4f82967 seed=1 graph=False split=holdout
2026-02-02 15:28:35,666 DEBUG modssc.sampling.api api.py:107: Sampling plan: {'split': {'kind': 'holdout', 'test_fraction': 0.2, 'val_fraction': 0.1, 'stratify': True, 'shuffle': True}, 'labeling': {'mode': 'fraction', 'value': 0.2, 'per_class': False, 'min_per_class': 1, 'strategy': 'balanced', 'fixed_indices': None}, 'imbalance': {'kind': 'none', 'apply_to': 'train', 'max_per_class': None, 'alpha': None, 'min_per_class': 1}, 'policy': {'respect_official_test': True, 'use_official_graph_masks': True, 'allow_override_official': False}}
2026-02-02 15:28:35,763 INFO modssc.sampling.api api.py:141: Sampling done: train=35167 val=3907 test=9768 labeled=7033 unlabeled=28134 duration_s=0.097
2026-02-02 15:28:35,763 DEBUG modssc.sampling.api api.py:150: Sampling stats: {'policy': {'respect_official_test': True, 'has_official_test': False, 'test_ref': 'train'}, 'train': {'n': 35167, 'classes': {'<=50K': 26752, '>50K': 8415}}, 'val': {'n': 3907, 'classes': {'<=50K': 2972, '>50K': 935}}, 'train_labeled': {'n': 7033, 'classes': {'<=50K': 3517, '>50K': 3516}}, 'train_unlabeled': {'n': 28134}, 'test': {'n': 9768, 'classes': {'<=50K': 7431, '>50K': 2337}}}
2026-02-02 15:28:35,784 INFO bench.orchestrators.sampling sampling.py:123: Sampling result: train=35167 val=3907 test=9768 labeled=7033 unlabeled=28134 graph=False
2026-02-02 15:28:35,784 DEBUG bench.orchestrators.sampling sampling.py:132: Sampling stats: {'policy': {'respect_official_test': True, 'has_official_test': False, 'test_ref': 'train'}, 'train': {'n': 35167, 'classes': {'<=50K': 26752, '>50K': 8415}}, 'val': {'n': 3907, 'classes': {'<=50K': 2972, '>50K': 935}}, 'train_labeled': {'n': 7033, 'classes': {'<=50K': 3517, '>50K': 3516}}, 'train_unlabeled': {'n': 28134}, 'test': {'n': 9768, 'classes': {'<=50K': 7431, '>50K': 2337}}}
2026-02-02 15:28:35,784 INFO bench.orchestrators.sampling sampling.py:133: Sampling stage done: duration_s=0.118
2026-02-02 15:28:35,784 INFO bench.orchestrators.preprocess preprocess.py:105: Preprocess start: seed=1 cache=True n_steps=5 fit_indices=7033
2026-02-02 15:28:35,784 DEBUG bench.orchestrators.preprocess preprocess.py:112: Preprocess plan: output_key=features.X steps=['labels.encode', 'tabular.one_hot', 'core.ensure_2d', 'core.pca', 'core.to_numpy']
2026-02-02 15:28:35,785 INFO modssc.preprocess.api api.py:490: Preprocess start: dataset_fp=f9281cab47a3de02bacdff6aeecab3cc3bec164d4d321622f81551b6b4f82967 steps=['labels.encode', 'tabular.one_hot', 'core.ensure_2d', 'core.pca', 'core.to_numpy'] output_key=features.X seed=1 cache=True
2026-02-02 15:28:35,785 DEBUG modssc.preprocess.api api.py:498: Preprocess input shapes: train_X=(48842, 14) train_y=(48842,) test_X=None test_y=None
2026-02-02 15:28:35,785 INFO modssc.preprocess.api api.py:505: Preprocess input size: train_data=5.6 MB test_data=n/a
2026-02-02 15:28:35,785 DEBUG modssc.preprocess.api api.py:521: Preprocess step start: id=labels.encode index=0 kind=transform params={}
2026-02-02 15:28:35,791 DEBUG modssc.preprocess.api api.py:605: Preprocess step train outputs: id=labels.encode keys=['labels.classes', 'labels.y'] duration_s=0.006
2026-02-02 15:28:35,791 INFO modssc.preprocess.api api.py:679: Preprocess step done: id=labels.encode index=0 duration_s=0.006 train_data=5.6 MB test_data=n/a
2026-02-02 15:28:35,791 DEBUG modssc.preprocess.api api.py:521: Preprocess step start: id=tabular.one_hot index=1 kind=fittable params={}
2026-02-02 15:28:36,717 DEBUG modssc.preprocess.api api.py:605: Preprocess step train outputs: id=tabular.one_hot keys=['features.X'] duration_s=0.926
2026-02-02 15:28:36,717 INFO modssc.preprocess.api api.py:679: Preprocess step done: id=tabular.one_hot index=1 duration_s=0.926 train_data=20.1 MB test_data=n/a
2026-02-02 15:28:36,718 DEBUG modssc.preprocess.api api.py:521: Preprocess step start: id=core.ensure_2d index=2 kind=transform params={}
2026-02-02 15:28:36,725 DEBUG modssc.preprocess.api api.py:605: Preprocess step train outputs: id=core.ensure_2d keys=['features.X'] duration_s=0.007
2026-02-02 15:28:36,725 INFO modssc.preprocess.api api.py:679: Preprocess step done: id=core.ensure_2d index=2 duration_s=0.007 train_data=20.1 MB test_data=n/a
2026-02-02 15:28:36,725 DEBUG modssc.preprocess.api api.py:521: Preprocess step start: id=core.pca index=3 kind=fittable params={'n_components': 30}
2026-02-02 15:28:38,771 DEBUG modssc.preprocess.api api.py:605: Preprocess step train outputs: id=core.pca keys=['features.X'] duration_s=2.046
2026-02-02 15:28:38,771 INFO modssc.preprocess.api api.py:679: Preprocess step done: id=core.pca index=3 duration_s=2.046 train_data=6.0 MB test_data=n/a
2026-02-02 15:28:38,771 DEBUG modssc.preprocess.api api.py:521: Preprocess step start: id=core.to_numpy index=4 kind=transform params={}
2026-02-02 15:28:38,774 DEBUG modssc.preprocess.api api.py:605: Preprocess step train outputs: id=core.to_numpy keys=['features.X'] duration_s=0.003
2026-02-02 15:28:38,774 INFO modssc.preprocess.api api.py:679: Preprocess step done: id=core.to_numpy index=4 duration_s=0.003 train_data=6.0 MB test_data=n/a
2026-02-02 15:28:38,774 INFO modssc.preprocess.api api.py:730: Preprocess done: dataset_fp=f9281cab47a3de02bacdff6aeecab3cc3bec164d4d321622f81551b6b4f82967 duration_s=2.990 train_X=(48842, 30) test_X=None
2026-02-02 15:28:38,774 INFO bench.orchestrators.preprocess preprocess.py:124: Preprocess result: fingerprint=preprocess:31a3bdc0449b8816bd86555011d98c6efa85f4f337dfdfb9fbb4a067efad09b5 plan_fingerprint=resolved_plan:17482c72b46c0128215067eeb16db0338f8d62fa6ee2badc8a99bb54672bbc45 cache_dir=/nfs/home/mbarbaux/ModSSC/cache/preprocess/f9281cab47a3de02bacdff6aeecab3cc3bec164d4d321622f81551b6b4f82967 skipped=[]
2026-02-02 15:28:38,774 DEBUG bench.orchestrators.preprocess preprocess.py:131: Preprocess output shapes: train_X=(48842, 30) test_X=None
2026-02-02 15:28:38,774 INFO bench.orchestrators.preprocess preprocess.py:136: Preprocess stage done: duration_s=2.990
2026-02-02 15:28:38,775 INFO bench.orchestrators.graph graph.py:67: Graph start: include_test=False cache=True
2026-02-02 15:28:38,775 DEBUG bench.orchestrators.graph graph.py:72: Graph spec: scheme=knn metric=cosine k=15 radius=None backend=numpy feature_field=features.X seed=1
2026-02-02 15:28:38,775 DEBUG bench.orchestrators.graph graph.py:89: Graph features: shape=(48842, 30)
2026-02-02 15:28:38,778 INFO modssc.graph.construction.api api.py:111: Graph cached: fingerprint=fb165a56a198c34aef9c4407753b69fa9c1a153056a34184039b0366b546aec5 n_nodes=48842 n_edges=356464 duration_s=0.003
2026-02-02 15:28:38,778 INFO bench.orchestrators.graph graph.py:100: Graph built: fingerprint=fb165a56a198c34aef9c4407753b69fa9c1a153056a34184039b0366b546aec5 n_nodes=48842 n_edges=356464 duration_s=0.003
2026-02-02 15:28:38,778 INFO bench.orchestrators.method_transductive method_transductive.py:139: Transductive method start: id=graphsage seed=398591604 device=auto resolved_device=cuda use_test=False
2026-02-02 15:28:38,778 DEBUG bench.orchestrators.method_transductive method_transductive.py:147: Transductive method params: {'hidden_dim': 32, 'dropout': 0.5, 'lr': 0.01, 'weight_decay': 0.0005, 'max_epochs': 200, 'patience': 50, 'add_self_loops': False}
2026-02-02 15:28:38,779 INFO bench.orchestrators.method_transductive method_transductive.py:158: Transductive data: n_nodes=48842 n_train=48842 n_test=0
2026-02-02 15:28:38,779 INFO bench.orchestrators.method_transductive method_transductive.py:177: Transductive masks: labeled_count=7033 train_count=35167
2026-02-02 15:28:38,779 INFO modssc.transductive.methods.gnn.graphsage graphsage.py:80: Starting graphsage.fit
2026-02-02 15:28:38,779 DEBUG modssc.transductive.methods.gnn.graphsage graphsage.py:81: spec=GraphSAGESpec(hidden_dim=32, dropout=0.5, lr=0.01, weight_decay=0.0005, max_epochs=200, patience=50, add_self_loops=False) device=cuda seed=398591604
2026-02-02 15:28:38,967 INFO modssc.transductive.methods.gnn.graphsage graphsage.py:93: GraphSAGE sizes: n_nodes=48842 n_classes=2 train=7033 val=3907
2026-02-02 15:28:40,271 DEBUG modssc.transductive.methods.gnn.common common.py:373: train_fullbatch epoch=0 val_loss=1010.1572 best updated
2026-02-02 15:28:40,274 DEBUG modssc.transductive.methods.gnn.common common.py:380: train_fullbatch epoch=1 val_loss=2662.6672 bad_epochs=1/50
2026-02-02 15:28:40,277 DEBUG modssc.transductive.methods.gnn.common common.py:380: train_fullbatch epoch=2 val_loss=1673.4446 bad_epochs=2/50
2026-02-02 15:28:40,279 DEBUG modssc.transductive.methods.gnn.common common.py:373: train_fullbatch epoch=3 val_loss=141.4213 best updated
2026-02-02 15:28:40,282 DEBUG modssc.transductive.methods.gnn.common common.py:380: train_fullbatch epoch=4 val_loss=380.2786 bad_epochs=1/50
2026-02-02 15:28:40,284 DEBUG modssc.transductive.methods.gnn.common common.py:380: train_fullbatch epoch=5 val_loss=523.4037 bad_epochs=2/50
2026-02-02 15:28:40,287 DEBUG modssc.transductive.methods.gnn.common common.py:380: train_fullbatch epoch=6 val_loss=447.6060 bad_epochs=3/50
2026-02-02 15:28:40,289 DEBUG modssc.transductive.methods.gnn.common common.py:380: train_fullbatch epoch=7 val_loss=260.9589 bad_epochs=4/50
2026-02-02 15:28:40,292 DEBUG modssc.transductive.methods.gnn.common common.py:373: train_fullbatch epoch=8 val_loss=93.2537 best updated
2026-02-02 15:28:40,294 DEBUG modssc.transductive.methods.gnn.common common.py:380: train_fullbatch epoch=9 val_loss=172.5143 bad_epochs=1/50
2026-02-02 15:28:40,297 DEBUG modssc.transductive.methods.gnn.common common.py:380: train_fullbatch epoch=10 val_loss=245.5104 bad_epochs=2/50
2026-02-02 15:28:40,300 DEBUG modssc.transductive.methods.gnn.common common.py:380: train_fullbatch epoch=11 val_loss=159.0136 bad_epochs=3/50
2026-02-02 15:28:40,302 DEBUG modssc.transductive.methods.gnn.common common.py:373: train_fullbatch epoch=12 val_loss=70.5373 best updated
2026-02-02 15:28:40,305 DEBUG modssc.transductive.methods.gnn.common common.py:380: train_fullbatch epoch=13 val_loss=123.0799 bad_epochs=1/50
2026-02-02 15:28:40,307 DEBUG modssc.transductive.methods.gnn.common common.py:380: train_fullbatch epoch=14 val_loss=141.9461 bad_epochs=2/50
2026-02-02 15:28:40,310 DEBUG modssc.transductive.methods.gnn.common common.py:380: train_fullbatch epoch=15 val_loss=113.0035 bad_epochs=3/50
2026-02-02 15:28:40,313 DEBUG modssc.transductive.methods.gnn.common common.py:373: train_fullbatch epoch=16 val_loss=55.9333 best updated
2026-02-02 15:28:40,315 DEBUG modssc.transductive.methods.gnn.common common.py:373: train_fullbatch epoch=17 val_loss=49.3377 best updated
2026-02-02 15:28:40,318 DEBUG modssc.transductive.methods.gnn.common common.py:380: train_fullbatch epoch=18 val_loss=162.5050 bad_epochs=1/50
2026-02-02 15:28:40,320 DEBUG modssc.transductive.methods.gnn.common common.py:380: train_fullbatch epoch=19 val_loss=161.4026 bad_epochs=2/50
2026-02-02 15:28:40,323 DEBUG modssc.transductive.methods.gnn.common common.py:380: train_fullbatch epoch=20 val_loss=88.1268 bad_epochs=3/50
2026-02-02 15:28:40,325 DEBUG modssc.transductive.methods.gnn.common common.py:373: train_fullbatch epoch=21 val_loss=25.0965 best updated
2026-02-02 15:28:40,328 DEBUG modssc.transductive.methods.gnn.common common.py:380: train_fullbatch epoch=22 val_loss=33.8769 bad_epochs=1/50
2026-02-02 15:28:40,331 DEBUG modssc.transductive.methods.gnn.common common.py:380: train_fullbatch epoch=23 val_loss=30.5471 bad_epochs=2/50
2026-02-02 15:28:40,333 DEBUG modssc.transductive.methods.gnn.common common.py:373: train_fullbatch epoch=24 val_loss=23.5606 best updated
2026-02-02 15:28:40,336 DEBUG modssc.transductive.methods.gnn.common common.py:380: train_fullbatch epoch=25 val_loss=39.2875 bad_epochs=1/50
2026-02-02 15:28:40,338 DEBUG modssc.transductive.methods.gnn.common common.py:373: train_fullbatch epoch=26 val_loss=9.9894 best updated
2026-02-02 15:28:40,341 DEBUG modssc.transductive.methods.gnn.common common.py:380: train_fullbatch epoch=27 val_loss=19.1178 bad_epochs=1/50
2026-02-02 15:28:40,343 DEBUG modssc.transductive.methods.gnn.common common.py:380: train_fullbatch epoch=28 val_loss=21.9688 bad_epochs=2/50
2026-02-02 15:28:40,346 DEBUG modssc.transductive.methods.gnn.common common.py:380: train_fullbatch epoch=29 val_loss=19.1316 bad_epochs=3/50
2026-02-02 15:28:40,349 DEBUG modssc.transductive.methods.gnn.common common.py:380: train_fullbatch epoch=30 val_loss=13.9472 bad_epochs=4/50
2026-02-02 15:28:40,351 DEBUG modssc.transductive.methods.gnn.common common.py:380: train_fullbatch epoch=31 val_loss=38.6766 bad_epochs=5/50
2026-02-02 15:28:40,354 DEBUG modssc.transductive.methods.gnn.common common.py:380: train_fullbatch epoch=32 val_loss=34.9008 bad_epochs=6/50
2026-02-02 15:28:40,356 DEBUG modssc.transductive.methods.gnn.common common.py:373: train_fullbatch epoch=33 val_loss=8.8138 best updated
2026-02-02 15:28:40,359 DEBUG modssc.transductive.methods.gnn.common common.py:380: train_fullbatch epoch=34 val_loss=12.8854 bad_epochs=1/50
2026-02-02 15:28:40,361 DEBUG modssc.transductive.methods.gnn.common common.py:380: train_fullbatch epoch=35 val_loss=20.5661 bad_epochs=2/50
2026-02-02 15:28:40,364 DEBUG modssc.transductive.methods.gnn.common common.py:380: train_fullbatch epoch=36 val_loss=25.9812 bad_epochs=3/50
2026-02-02 15:28:40,367 DEBUG modssc.transductive.methods.gnn.common common.py:380: train_fullbatch epoch=37 val_loss=12.0687 bad_epochs=4/50
2026-02-02 15:28:40,369 DEBUG modssc.transductive.methods.gnn.common common.py:373: train_fullbatch epoch=38 val_loss=7.1615 best updated
2026-02-02 15:28:40,372 DEBUG modssc.transductive.methods.gnn.common common.py:380: train_fullbatch epoch=39 val_loss=9.0211 bad_epochs=1/50
2026-02-02 15:28:40,374 DEBUG modssc.transductive.methods.gnn.common common.py:380: train_fullbatch epoch=40 val_loss=7.3063 bad_epochs=2/50
2026-02-02 15:28:40,377 DEBUG modssc.transductive.methods.gnn.common common.py:373: train_fullbatch epoch=41 val_loss=6.7330 best updated
2026-02-02 15:28:40,380 DEBUG modssc.transductive.methods.gnn.common common.py:373: train_fullbatch epoch=42 val_loss=4.4411 best updated
2026-02-02 15:28:40,382 DEBUG modssc.transductive.methods.gnn.common common.py:380: train_fullbatch epoch=43 val_loss=5.0510 bad_epochs=1/50
2026-02-02 15:28:40,385 DEBUG modssc.transductive.methods.gnn.common common.py:380: train_fullbatch epoch=44 val_loss=6.1067 bad_epochs=2/50
2026-02-02 15:28:40,387 DEBUG modssc.transductive.methods.gnn.common common.py:380: train_fullbatch epoch=45 val_loss=11.0515 bad_epochs=3/50
2026-02-02 15:28:40,390 DEBUG modssc.transductive.methods.gnn.common common.py:380: train_fullbatch epoch=46 val_loss=10.3776 bad_epochs=4/50
2026-02-02 15:28:40,392 DEBUG modssc.transductive.methods.gnn.common common.py:373: train_fullbatch epoch=47 val_loss=2.9697 best updated
2026-02-02 15:28:40,395 DEBUG modssc.transductive.methods.gnn.common common.py:380: train_fullbatch epoch=48 val_loss=4.6535 bad_epochs=1/50
2026-02-02 15:28:40,398 DEBUG modssc.transductive.methods.gnn.common common.py:380: train_fullbatch epoch=49 val_loss=9.5315 bad_epochs=2/50
2026-02-02 15:28:40,400 DEBUG modssc.transductive.methods.gnn.common common.py:380: train_fullbatch epoch=50 val_loss=5.1056 bad_epochs=3/50
2026-02-02 15:28:40,403 DEBUG modssc.transductive.methods.gnn.common common.py:380: train_fullbatch epoch=51 val_loss=5.6151 bad_epochs=4/50
2026-02-02 15:28:40,405 DEBUG modssc.transductive.methods.gnn.common common.py:380: train_fullbatch epoch=52 val_loss=4.4069 bad_epochs=5/50
2026-02-02 15:28:40,408 DEBUG modssc.transductive.methods.gnn.common common.py:380: train_fullbatch epoch=53 val_loss=3.7815 bad_epochs=6/50
2026-02-02 15:28:40,410 DEBUG modssc.transductive.methods.gnn.common common.py:380: train_fullbatch epoch=54 val_loss=3.0082 bad_epochs=7/50
2026-02-02 15:28:40,413 DEBUG modssc.transductive.methods.gnn.common common.py:380: train_fullbatch epoch=55 val_loss=4.2695 bad_epochs=8/50
2026-02-02 15:28:40,416 DEBUG modssc.transductive.methods.gnn.common common.py:373: train_fullbatch epoch=56 val_loss=2.5937 best updated
2026-02-02 15:28:40,418 DEBUG modssc.transductive.methods.gnn.common common.py:380: train_fullbatch epoch=57 val_loss=2.7564 bad_epochs=1/50
2026-02-02 15:28:40,421 DEBUG modssc.transductive.methods.gnn.common common.py:380: train_fullbatch epoch=58 val_loss=2.8942 bad_epochs=2/50
2026-02-02 15:28:40,423 DEBUG modssc.transductive.methods.gnn.common common.py:373: train_fullbatch epoch=59 val_loss=2.5312 best updated
2026-02-02 15:28:40,426 DEBUG modssc.transductive.methods.gnn.common common.py:380: train_fullbatch epoch=60 val_loss=7.8277 bad_epochs=1/50
2026-02-02 15:28:40,428 DEBUG modssc.transductive.methods.gnn.common common.py:373: train_fullbatch epoch=61 val_loss=2.1118 best updated
2026-02-02 15:28:40,431 DEBUG modssc.transductive.methods.gnn.common common.py:380: train_fullbatch epoch=62 val_loss=3.2279 bad_epochs=1/50
2026-02-02 15:28:40,434 DEBUG modssc.transductive.methods.gnn.common common.py:380: train_fullbatch epoch=63 val_loss=2.1944 bad_epochs=2/50
2026-02-02 15:28:40,436 DEBUG modssc.transductive.methods.gnn.common common.py:380: train_fullbatch epoch=64 val_loss=2.8134 bad_epochs=3/50
2026-02-02 15:28:40,439 DEBUG modssc.transductive.methods.gnn.common common.py:380: train_fullbatch epoch=65 val_loss=3.2951 bad_epochs=4/50
2026-02-02 15:28:40,441 DEBUG modssc.transductive.methods.gnn.common common.py:380: train_fullbatch epoch=66 val_loss=2.1793 bad_epochs=5/50
2026-02-02 15:28:40,444 DEBUG modssc.transductive.methods.gnn.common common.py:380: train_fullbatch epoch=67 val_loss=3.4707 bad_epochs=6/50
2026-02-02 15:28:40,446 DEBUG modssc.transductive.methods.gnn.common common.py:373: train_fullbatch epoch=68 val_loss=1.8103 best updated
2026-02-02 15:28:40,449 DEBUG modssc.transductive.methods.gnn.common common.py:380: train_fullbatch epoch=69 val_loss=5.4177 bad_epochs=1/50
2026-02-02 15:28:40,452 DEBUG modssc.transductive.methods.gnn.common common.py:380: train_fullbatch epoch=70 val_loss=2.8542 bad_epochs=2/50
2026-02-02 15:28:40,454 DEBUG modssc.transductive.methods.gnn.common common.py:380: train_fullbatch epoch=71 val_loss=3.3503 bad_epochs=3/50
2026-02-02 15:28:40,457 DEBUG modssc.transductive.methods.gnn.common common.py:380: train_fullbatch epoch=72 val_loss=2.6810 bad_epochs=4/50
2026-02-02 15:28:40,459 DEBUG modssc.transductive.methods.gnn.common common.py:380: train_fullbatch epoch=73 val_loss=4.1335 bad_epochs=5/50
2026-02-02 15:28:40,462 DEBUG modssc.transductive.methods.gnn.common common.py:380: train_fullbatch epoch=74 val_loss=4.5823 bad_epochs=6/50
2026-02-02 15:28:40,464 DEBUG modssc.transductive.methods.gnn.common common.py:380: train_fullbatch epoch=75 val_loss=2.7673 bad_epochs=7/50
2026-02-02 15:28:40,467 DEBUG modssc.transductive.methods.gnn.common common.py:380: train_fullbatch epoch=76 val_loss=2.2950 bad_epochs=8/50
2026-02-02 15:28:40,470 DEBUG modssc.transductive.methods.gnn.common common.py:373: train_fullbatch epoch=77 val_loss=1.6498 best updated
2026-02-02 15:28:40,472 DEBUG modssc.transductive.methods.gnn.common common.py:373: train_fullbatch epoch=78 val_loss=1.3966 best updated
2026-02-02 15:28:40,475 DEBUG modssc.transductive.methods.gnn.common common.py:380: train_fullbatch epoch=79 val_loss=2.2607 bad_epochs=1/50
2026-02-02 15:28:40,477 DEBUG modssc.transductive.methods.gnn.common common.py:380: train_fullbatch epoch=80 val_loss=2.1241 bad_epochs=2/50
2026-02-02 15:28:40,480 DEBUG modssc.transductive.methods.gnn.common common.py:380: train_fullbatch epoch=81 val_loss=1.8350 bad_epochs=3/50
2026-02-02 15:28:40,483 DEBUG modssc.transductive.methods.gnn.common common.py:373: train_fullbatch epoch=82 val_loss=1.2705 best updated
2026-02-02 15:28:40,485 DEBUG modssc.transductive.methods.gnn.common common.py:380: train_fullbatch epoch=83 val_loss=3.3831 bad_epochs=1/50
2026-02-02 15:28:40,488 DEBUG modssc.transductive.methods.gnn.common common.py:380: train_fullbatch epoch=84 val_loss=1.3155 bad_epochs=2/50
2026-02-02 15:28:40,490 DEBUG modssc.transductive.methods.gnn.common common.py:380: train_fullbatch epoch=85 val_loss=1.4220 bad_epochs=3/50
2026-02-02 15:28:40,493 DEBUG modssc.transductive.methods.gnn.common common.py:380: train_fullbatch epoch=86 val_loss=1.9145 bad_epochs=4/50
2026-02-02 15:28:40,495 DEBUG modssc.transductive.methods.gnn.common common.py:380: train_fullbatch epoch=87 val_loss=1.5770 bad_epochs=5/50
2026-02-02 15:28:40,498 DEBUG modssc.transductive.methods.gnn.common common.py:380: train_fullbatch epoch=88 val_loss=1.3636 bad_epochs=6/50
2026-02-02 15:28:40,500 DEBUG modssc.transductive.methods.gnn.common common.py:373: train_fullbatch epoch=89 val_loss=1.1089 best updated
2026-02-02 15:28:40,503 DEBUG modssc.transductive.methods.gnn.common common.py:380: train_fullbatch epoch=90 val_loss=2.5292 bad_epochs=1/50
2026-02-02 15:28:40,506 DEBUG modssc.transductive.methods.gnn.common common.py:380: train_fullbatch epoch=91 val_loss=2.0254 bad_epochs=2/50
2026-02-02 15:28:40,508 DEBUG modssc.transductive.methods.gnn.common common.py:380: train_fullbatch epoch=92 val_loss=1.6253 bad_epochs=3/50
2026-02-02 15:28:40,511 DEBUG modssc.transductive.methods.gnn.common common.py:380: train_fullbatch epoch=93 val_loss=2.9279 bad_epochs=4/50
2026-02-02 15:28:40,513 DEBUG modssc.transductive.methods.gnn.common common.py:380: train_fullbatch epoch=94 val_loss=2.1154 bad_epochs=5/50
2026-02-02 15:28:40,516 DEBUG modssc.transductive.methods.gnn.common common.py:380: train_fullbatch epoch=95 val_loss=1.9882 bad_epochs=6/50
2026-02-02 15:28:40,518 DEBUG modssc.transductive.methods.gnn.common common.py:380: train_fullbatch epoch=96 val_loss=5.5330 bad_epochs=7/50
2026-02-02 15:28:40,521 DEBUG modssc.transductive.methods.gnn.common common.py:380: train_fullbatch epoch=97 val_loss=3.0198 bad_epochs=8/50
2026-02-02 15:28:40,523 DEBUG modssc.transductive.methods.gnn.common common.py:380: train_fullbatch epoch=98 val_loss=3.3712 bad_epochs=9/50
2026-02-02 15:28:40,526 DEBUG modssc.transductive.methods.gnn.common common.py:380: train_fullbatch epoch=99 val_loss=2.3168 bad_epochs=10/50
2026-02-02 15:28:40,529 DEBUG modssc.transductive.methods.gnn.common common.py:380: train_fullbatch epoch=100 val_loss=7.3643 bad_epochs=11/50
2026-02-02 15:28:40,531 DEBUG modssc.transductive.methods.gnn.common common.py:380: train_fullbatch epoch=101 val_loss=7.5473 bad_epochs=12/50
2026-02-02 15:28:40,534 DEBUG modssc.transductive.methods.gnn.common common.py:380: train_fullbatch epoch=102 val_loss=2.1400 bad_epochs=13/50
2026-02-02 15:28:40,536 DEBUG modssc.transductive.methods.gnn.common common.py:380: train_fullbatch epoch=103 val_loss=2.4835 bad_epochs=14/50
2026-02-02 15:28:40,539 DEBUG modssc.transductive.methods.gnn.common common.py:380: train_fullbatch epoch=104 val_loss=2.5162 bad_epochs=15/50
2026-02-02 15:28:40,541 DEBUG modssc.transductive.methods.gnn.common common.py:380: train_fullbatch epoch=105 val_loss=2.0768 bad_epochs=16/50
2026-02-02 15:28:40,544 DEBUG modssc.transductive.methods.gnn.common common.py:380: train_fullbatch epoch=106 val_loss=1.3140 bad_epochs=17/50
2026-02-02 15:28:40,546 DEBUG modssc.transductive.methods.gnn.common common.py:380: train_fullbatch epoch=107 val_loss=4.5029 bad_epochs=18/50
2026-02-02 15:28:40,549 DEBUG modssc.transductive.methods.gnn.common common.py:380: train_fullbatch epoch=108 val_loss=1.4953 bad_epochs=19/50
2026-02-02 15:28:40,551 DEBUG modssc.transductive.methods.gnn.common common.py:380: train_fullbatch epoch=109 val_loss=1.4881 bad_epochs=20/50
2026-02-02 15:28:40,554 DEBUG modssc.transductive.methods.gnn.common common.py:380: train_fullbatch epoch=110 val_loss=1.9832 bad_epochs=21/50
2026-02-02 15:28:40,556 DEBUG modssc.transductive.methods.gnn.common common.py:380: train_fullbatch epoch=111 val_loss=1.7039 bad_epochs=22/50
2026-02-02 15:28:40,559 DEBUG modssc.transductive.methods.gnn.common common.py:380: train_fullbatch epoch=112 val_loss=1.8857 bad_epochs=23/50
2026-02-02 15:28:40,562 DEBUG modssc.transductive.methods.gnn.common common.py:380: train_fullbatch epoch=113 val_loss=2.2835 bad_epochs=24/50
2026-02-02 15:28:40,564 DEBUG modssc.transductive.methods.gnn.common common.py:380: train_fullbatch epoch=114 val_loss=1.9789 bad_epochs=25/50
2026-02-02 15:28:40,567 DEBUG modssc.transductive.methods.gnn.common common.py:380: train_fullbatch epoch=115 val_loss=1.1840 bad_epochs=26/50
2026-02-02 15:28:40,569 DEBUG modssc.transductive.methods.gnn.common common.py:380: train_fullbatch epoch=116 val_loss=5.0348 bad_epochs=27/50
2026-02-02 15:28:40,572 DEBUG modssc.transductive.methods.gnn.common common.py:380: train_fullbatch epoch=117 val_loss=4.6124 bad_epochs=28/50
2026-02-02 15:28:40,575 DEBUG modssc.transductive.methods.gnn.common common.py:373: train_fullbatch epoch=118 val_loss=0.9554 best updated
2026-02-02 15:28:40,577 DEBUG modssc.transductive.methods.gnn.common common.py:380: train_fullbatch epoch=119 val_loss=1.4374 bad_epochs=1/50
2026-02-02 15:28:40,580 DEBUG modssc.transductive.methods.gnn.common common.py:380: train_fullbatch epoch=120 val_loss=1.8139 bad_epochs=2/50
2026-02-02 15:28:40,582 DEBUG modssc.transductive.methods.gnn.common common.py:380: train_fullbatch epoch=121 val_loss=1.4181 bad_epochs=3/50
2026-02-02 15:28:40,585 DEBUG modssc.transductive.methods.gnn.common common.py:380: train_fullbatch epoch=122 val_loss=1.4302 bad_epochs=4/50
2026-02-02 15:28:40,587 DEBUG modssc.transductive.methods.gnn.common common.py:380: train_fullbatch epoch=123 val_loss=1.5930 bad_epochs=5/50
2026-02-02 15:28:40,590 DEBUG modssc.transductive.methods.gnn.common common.py:380: train_fullbatch epoch=124 val_loss=1.2091 bad_epochs=6/50
2026-02-02 15:28:40,592 DEBUG modssc.transductive.methods.gnn.common common.py:380: train_fullbatch epoch=125 val_loss=1.3751 bad_epochs=7/50
2026-02-02 15:28:40,595 DEBUG modssc.transductive.methods.gnn.common common.py:380: train_fullbatch epoch=126 val_loss=2.9206 bad_epochs=8/50
2026-02-02 15:28:40,598 DEBUG modssc.transductive.methods.gnn.common common.py:380: train_fullbatch epoch=127 val_loss=1.3495 bad_epochs=9/50
2026-02-02 15:28:40,600 DEBUG modssc.transductive.methods.gnn.common common.py:380: train_fullbatch epoch=128 val_loss=1.1291 bad_epochs=10/50
2026-02-02 15:28:40,603 DEBUG modssc.transductive.methods.gnn.common common.py:380: train_fullbatch epoch=129 val_loss=2.1306 bad_epochs=11/50
2026-02-02 15:28:40,605 DEBUG modssc.transductive.methods.gnn.common common.py:380: train_fullbatch epoch=130 val_loss=1.8258 bad_epochs=12/50
2026-02-02 15:28:40,608 DEBUG modssc.transductive.methods.gnn.common common.py:380: train_fullbatch epoch=131 val_loss=1.4849 bad_epochs=13/50
2026-02-02 15:28:40,610 DEBUG modssc.transductive.methods.gnn.common common.py:380: train_fullbatch epoch=132 val_loss=1.8490 bad_epochs=14/50
2026-02-02 15:28:40,613 DEBUG modssc.transductive.methods.gnn.common common.py:380: train_fullbatch epoch=133 val_loss=1.3781 bad_epochs=15/50
2026-02-02 15:28:40,616 DEBUG modssc.transductive.methods.gnn.common common.py:380: train_fullbatch epoch=134 val_loss=1.4238 bad_epochs=16/50
2026-02-02 15:28:40,618 DEBUG modssc.transductive.methods.gnn.common common.py:380: train_fullbatch epoch=135 val_loss=1.3886 bad_epochs=17/50
2026-02-02 15:28:40,621 DEBUG modssc.transductive.methods.gnn.common common.py:373: train_fullbatch epoch=136 val_loss=0.8832 best updated
2026-02-02 15:28:40,623 DEBUG modssc.transductive.methods.gnn.common common.py:380: train_fullbatch epoch=137 val_loss=2.3895 bad_epochs=1/50
2026-02-02 15:28:40,626 DEBUG modssc.transductive.methods.gnn.common common.py:380: train_fullbatch epoch=138 val_loss=1.5743 bad_epochs=2/50
2026-02-02 15:28:40,628 DEBUG modssc.transductive.methods.gnn.common common.py:380: train_fullbatch epoch=139 val_loss=1.1425 bad_epochs=3/50
2026-02-02 15:28:40,631 DEBUG modssc.transductive.methods.gnn.common common.py:380: train_fullbatch epoch=140 val_loss=1.4445 bad_epochs=4/50
2026-02-02 15:28:40,634 DEBUG modssc.transductive.methods.gnn.common common.py:380: train_fullbatch epoch=141 val_loss=2.0984 bad_epochs=5/50
2026-02-02 15:28:40,636 DEBUG modssc.transductive.methods.gnn.common common.py:380: train_fullbatch epoch=142 val_loss=1.2103 bad_epochs=6/50
2026-02-02 15:28:40,639 DEBUG modssc.transductive.methods.gnn.common common.py:380: train_fullbatch epoch=143 val_loss=1.0095 bad_epochs=7/50
2026-02-02 15:28:40,641 DEBUG modssc.transductive.methods.gnn.common common.py:380: train_fullbatch epoch=144 val_loss=1.7165 bad_epochs=8/50
2026-02-02 15:28:40,644 DEBUG modssc.transductive.methods.gnn.common common.py:380: train_fullbatch epoch=145 val_loss=1.0822 bad_epochs=9/50
2026-02-02 15:28:40,646 DEBUG modssc.transductive.methods.gnn.common common.py:380: train_fullbatch epoch=146 val_loss=1.1146 bad_epochs=10/50
2026-02-02 15:28:40,649 DEBUG modssc.transductive.methods.gnn.common common.py:380: train_fullbatch epoch=147 val_loss=1.4846 bad_epochs=11/50
2026-02-02 15:28:40,652 DEBUG modssc.transductive.methods.gnn.common common.py:373: train_fullbatch epoch=148 val_loss=0.8758 best updated
2026-02-02 15:28:40,654 DEBUG modssc.transductive.methods.gnn.common common.py:380: train_fullbatch epoch=149 val_loss=1.6572 bad_epochs=1/50
2026-02-02 15:28:40,657 DEBUG modssc.transductive.methods.gnn.common common.py:380: train_fullbatch epoch=150 val_loss=1.3140 bad_epochs=2/50
2026-02-02 15:28:40,659 DEBUG modssc.transductive.methods.gnn.common common.py:380: train_fullbatch epoch=151 val_loss=1.1717 bad_epochs=3/50
2026-02-02 15:28:40,662 DEBUG modssc.transductive.methods.gnn.common common.py:380: train_fullbatch epoch=152 val_loss=2.1706 bad_epochs=4/50
2026-02-02 15:28:40,664 DEBUG modssc.transductive.methods.gnn.common common.py:380: train_fullbatch epoch=153 val_loss=1.9826 bad_epochs=5/50
2026-02-02 15:28:40,667 DEBUG modssc.transductive.methods.gnn.common common.py:380: train_fullbatch epoch=154 val_loss=1.2727 bad_epochs=6/50
2026-02-02 15:28:40,670 DEBUG modssc.transductive.methods.gnn.common common.py:380: train_fullbatch epoch=155 val_loss=1.5101 bad_epochs=7/50
2026-02-02 15:28:40,672 DEBUG modssc.transductive.methods.gnn.common common.py:380: train_fullbatch epoch=156 val_loss=1.5642 bad_epochs=8/50
2026-02-02 15:28:40,675 DEBUG modssc.transductive.methods.gnn.common common.py:380: train_fullbatch epoch=157 val_loss=1.5690 bad_epochs=9/50
2026-02-02 15:28:40,677 DEBUG modssc.transductive.methods.gnn.common common.py:380: train_fullbatch epoch=158 val_loss=1.2321 bad_epochs=10/50
2026-02-02 15:28:40,680 DEBUG modssc.transductive.methods.gnn.common common.py:380: train_fullbatch epoch=159 val_loss=1.6497 bad_epochs=11/50
2026-02-02 15:28:40,682 DEBUG modssc.transductive.methods.gnn.common common.py:380: train_fullbatch epoch=160 val_loss=1.0637 bad_epochs=12/50
2026-02-02 15:28:40,685 DEBUG modssc.transductive.methods.gnn.common common.py:380: train_fullbatch epoch=161 val_loss=1.5407 bad_epochs=13/50
2026-02-02 15:28:40,687 DEBUG modssc.transductive.methods.gnn.common common.py:380: train_fullbatch epoch=162 val_loss=1.0253 bad_epochs=14/50
2026-02-02 15:28:40,690 DEBUG modssc.transductive.methods.gnn.common common.py:380: train_fullbatch epoch=163 val_loss=1.2885 bad_epochs=15/50
2026-02-02 15:28:40,693 DEBUG modssc.transductive.methods.gnn.common common.py:380: train_fullbatch epoch=164 val_loss=1.3626 bad_epochs=16/50
2026-02-02 15:28:40,695 DEBUG modssc.transductive.methods.gnn.common common.py:373: train_fullbatch epoch=165 val_loss=0.7403 best updated
2026-02-02 15:28:40,698 DEBUG modssc.transductive.methods.gnn.common common.py:380: train_fullbatch epoch=166 val_loss=1.1438 bad_epochs=1/50
2026-02-02 15:28:40,700 DEBUG modssc.transductive.methods.gnn.common common.py:380: train_fullbatch epoch=167 val_loss=1.7195 bad_epochs=2/50
2026-02-02 15:28:40,703 DEBUG modssc.transductive.methods.gnn.common common.py:380: train_fullbatch epoch=168 val_loss=0.9881 bad_epochs=3/50
2026-02-02 15:28:40,705 DEBUG modssc.transductive.methods.gnn.common common.py:380: train_fullbatch epoch=169 val_loss=1.0082 bad_epochs=4/50
2026-02-02 15:28:40,708 DEBUG modssc.transductive.methods.gnn.common common.py:380: train_fullbatch epoch=170 val_loss=1.8573 bad_epochs=5/50
2026-02-02 15:28:40,710 DEBUG modssc.transductive.methods.gnn.common common.py:380: train_fullbatch epoch=171 val_loss=1.4474 bad_epochs=6/50
2026-02-02 15:28:40,713 DEBUG modssc.transductive.methods.gnn.common common.py:380: train_fullbatch epoch=172 val_loss=1.0546 bad_epochs=7/50
2026-02-02 15:28:40,716 DEBUG modssc.transductive.methods.gnn.common common.py:380: train_fullbatch epoch=173 val_loss=1.6727 bad_epochs=8/50
2026-02-02 15:28:40,718 DEBUG modssc.transductive.methods.gnn.common common.py:380: train_fullbatch epoch=174 val_loss=1.6498 bad_epochs=9/50
2026-02-02 15:28:40,721 DEBUG modssc.transductive.methods.gnn.common common.py:380: train_fullbatch epoch=175 val_loss=0.9337 bad_epochs=10/50
2026-02-02 15:28:40,723 DEBUG modssc.transductive.methods.gnn.common common.py:380: train_fullbatch epoch=176 val_loss=1.0610 bad_epochs=11/50
2026-02-02 15:28:40,726 DEBUG modssc.transductive.methods.gnn.common common.py:380: train_fullbatch epoch=177 val_loss=1.4361 bad_epochs=12/50
2026-02-02 15:28:40,728 DEBUG modssc.transductive.methods.gnn.common common.py:380: train_fullbatch epoch=178 val_loss=0.9375 bad_epochs=13/50
2026-02-02 15:28:40,731 DEBUG modssc.transductive.methods.gnn.common common.py:380: train_fullbatch epoch=179 val_loss=0.8762 bad_epochs=14/50
2026-02-02 15:28:40,733 DEBUG modssc.transductive.methods.gnn.common common.py:380: train_fullbatch epoch=180 val_loss=1.5681 bad_epochs=15/50
2026-02-02 15:28:40,736 DEBUG modssc.transductive.methods.gnn.common common.py:380: train_fullbatch epoch=181 val_loss=1.5197 bad_epochs=16/50
2026-02-02 15:28:40,739 DEBUG modssc.transductive.methods.gnn.common common.py:380: train_fullbatch epoch=182 val_loss=1.3231 bad_epochs=17/50
2026-02-02 15:28:40,741 DEBUG modssc.transductive.methods.gnn.common common.py:380: train_fullbatch epoch=183 val_loss=1.5254 bad_epochs=18/50
2026-02-02 15:28:40,744 DEBUG modssc.transductive.methods.gnn.common common.py:380: train_fullbatch epoch=184 val_loss=1.4025 bad_epochs=19/50
2026-02-02 15:28:40,746 DEBUG modssc.transductive.methods.gnn.common common.py:380: train_fullbatch epoch=185 val_loss=1.1371 bad_epochs=20/50
2026-02-02 15:28:40,749 DEBUG modssc.transductive.methods.gnn.common common.py:380: train_fullbatch epoch=186 val_loss=1.6369 bad_epochs=21/50
2026-02-02 15:28:40,751 DEBUG modssc.transductive.methods.gnn.common common.py:380: train_fullbatch epoch=187 val_loss=1.4569 bad_epochs=22/50
2026-02-02 15:28:40,754 DEBUG modssc.transductive.methods.gnn.common common.py:380: train_fullbatch epoch=188 val_loss=0.7757 bad_epochs=23/50
2026-02-02 15:28:40,756 DEBUG modssc.transductive.methods.gnn.common common.py:380: train_fullbatch epoch=189 val_loss=1.7512 bad_epochs=24/50
2026-02-02 15:28:40,759 DEBUG modssc.transductive.methods.gnn.common common.py:380: train_fullbatch epoch=190 val_loss=1.7047 bad_epochs=25/50
2026-02-02 15:28:40,762 DEBUG modssc.transductive.methods.gnn.common common.py:380: train_fullbatch epoch=191 val_loss=1.3649 bad_epochs=26/50
2026-02-02 15:28:40,764 DEBUG modssc.transductive.methods.gnn.common common.py:380: train_fullbatch epoch=192 val_loss=1.4760 bad_epochs=27/50
2026-02-02 15:28:40,767 DEBUG modssc.transductive.methods.gnn.common common.py:380: train_fullbatch epoch=193 val_loss=1.6108 bad_epochs=28/50
2026-02-02 15:28:40,769 DEBUG modssc.transductive.methods.gnn.common common.py:380: train_fullbatch epoch=194 val_loss=1.6859 bad_epochs=29/50
2026-02-02 15:28:40,772 DEBUG modssc.transductive.methods.gnn.common common.py:380: train_fullbatch epoch=195 val_loss=1.3698 bad_epochs=30/50
2026-02-02 15:28:40,774 DEBUG modssc.transductive.methods.gnn.common common.py:380: train_fullbatch epoch=196 val_loss=1.1159 bad_epochs=31/50
2026-02-02 15:28:40,777 DEBUG modssc.transductive.methods.gnn.common common.py:380: train_fullbatch epoch=197 val_loss=1.8701 bad_epochs=32/50
2026-02-02 15:28:40,779 DEBUG modssc.transductive.methods.gnn.common common.py:380: train_fullbatch epoch=198 val_loss=1.2018 bad_epochs=33/50
2026-02-02 15:28:40,782 DEBUG modssc.transductive.methods.gnn.common common.py:380: train_fullbatch epoch=199 val_loss=1.0882 bad_epochs=34/50
2026-02-02 15:28:40,782 DEBUG modssc.transductive.methods.gnn.common common.py:399: train_fullbatch done n_epochs=200 best_epoch=165 best_val_loss=0.7402858734130859
2026-02-02 15:28:40,782 INFO modssc.transductive.methods.gnn.graphsage graphsage.py:122: Finished graphsage.fit in 2.003s
2026-02-02 15:28:40,782 INFO bench.orchestrators.method_transductive method_transductive.py:218: Transductive method done: id=graphsage duration_s=2.004
2026-02-02 15:28:40,782 INFO bench.orchestrators.evaluation evaluation.py:244: Evaluation (transductive): splits=['val', 'test'] metrics=['accuracy', 'macro_f1']
2026-02-02 15:28:40,785 INFO bench.orchestrators.evaluation evaluation.py:263: Evaluation (transductive) done: duration_s=0.003
2026-02-02 15:28:40,787 INFO bench.orchestrators.reporting reporting.py:54: Run summary written: /nfs/home/mbarbaux/ModSSC/runs/transductive/graphsage/tabular/adult/best_tabular_transductive_graphsage_adult-20260202T142835Z/run.json status=success duration_s=0.001
