2026-02-02 14:55:08,765 INFO bench.orchestrators.dataset dataset.py:36: Dataset start: id=citeseer download=True cache_dir=None
2026-02-02 14:55:08,765 DEBUG bench.orchestrators.dataset dataset.py:42: Dataset options: []
2026-02-02 14:55:08,768 DEBUG modssc.data_loader.providers __init__.py:38: Creating provider: pyg
2026-02-02 14:55:08,768 DEBUG modssc.data_loader.api api.py:316: Resolved dataset id=citeseer provider=pyg canonical_uri=pyg:Planetoid/CiteSeer
2026-02-02 14:55:08,768 INFO modssc.data_loader.api api.py:117: Dataset load: id=citeseer provider=pyg version=None fingerprint=3fb862b6bc9dc5b9bfd36e222d5bbeab653ca6c7a430c3accea136e424ca3744 download=True force=False cache_dir=/nfs/home/mbarbaux/ModSSC/cache/datasets
2026-02-02 14:55:08,768 DEBUG modssc.data_loader.api api.py:127: Dataset resolved_kwargs: {'dataset_class': 'Planetoid', 'dataset_kwargs': {'name': 'CiteSeer'}}
2026-02-02 14:55:08,780 DEBUG modssc.data_loader.api api.py:403: Loaded cached dataset: fingerprint=3fb862b6bc9dc5b9bfd36e222d5bbeab653ca6c7a430c3accea136e424ca3744
2026-02-02 14:55:08,780 INFO modssc.data_loader.api api.py:133: Dataset cached: id=citeseer train=3327 test=None n_classes=6 duration_s=0.015
2026-02-02 14:55:08,780 INFO bench.orchestrators.dataset dataset.py:54: Dataset loaded: train=3327 test=None graph=True fingerprint=3fb862b6bc9dc5b9bfd36e222d5bbeab653ca6c7a430c3accea136e424ca3744 provider=pyg
2026-02-02 14:55:08,780 INFO bench.orchestrators.dataset dataset.py:62: Dataset stage done: duration_s=0.015
2026-02-02 14:55:08,826 INFO bench.orchestrators.sampling sampling.py:86: Sampling start: seed=5 dataset_id=citeseer
2026-02-02 14:55:08,826 DEBUG bench.orchestrators.sampling sampling.py:87: Sampling plan: split={'kind': 'holdout', 'test_fraction': 0.2, 'val_fraction': 0.1, 'stratify': True, 'shuffle': True} labeling={'mode': 'fraction', 'value': 0.2, 'per_class': False, 'min_per_class': 1, 'strategy': 'balanced', 'fixed_indices': None} imbalance={'kind': 'none', 'apply_to': 'train', 'max_per_class': None, 'alpha': None, 'min_per_class': 1} policy={'respect_official_test': True, 'use_official_graph_masks': True, 'allow_override_official': False}
2026-02-02 14:55:08,826 DEBUG bench.orchestrators.sampling sampling.py:98: Sampling dataset_fingerprint=3fb862b6bc9dc5b9bfd36e222d5bbeab653ca6c7a430c3accea136e424ca3744
2026-02-02 14:55:08,826 INFO modssc.sampling.api api.py:99: Sampling start: dataset_id=citeseer dataset_fingerprint=3fb862b6bc9dc5b9bfd36e222d5bbeab653ca6c7a430c3accea136e424ca3744 seed=5 graph=True split=holdout
2026-02-02 14:55:08,826 DEBUG modssc.sampling.api api.py:107: Sampling plan: {'split': {'kind': 'holdout', 'test_fraction': 0.2, 'val_fraction': 0.1, 'stratify': True, 'shuffle': True}, 'labeling': {'mode': 'fraction', 'value': 0.2, 'per_class': False, 'min_per_class': 1, 'strategy': 'balanced', 'fixed_indices': None}, 'imbalance': {'kind': 'none', 'apply_to': 'train', 'max_per_class': None, 'alpha': None, 'min_per_class': 1}, 'policy': {'respect_official_test': True, 'use_official_graph_masks': True, 'allow_override_official': False}}
2026-02-02 14:55:08,837 INFO modssc.sampling.api api.py:141: Sampling done: train=120 val=500 test=1000 labeled=24 unlabeled=96 duration_s=0.011
2026-02-02 14:55:08,837 DEBUG modssc.sampling.api api.py:150: Sampling stats: {'nodes': 3327, 'train': 120, 'val': 500, 'test': 1000, 'labeled': 24, 'unlabeled': 96, 'labeled_class_dist': {'n': 24, 'classes': {'0': 4, '1': 4, '2': 4, '3': 4, '4': 4, '5': 4}}}
2026-02-02 14:55:08,837 INFO bench.orchestrators.sampling sampling.py:123: Sampling result: train=120 val=500 test=1000 labeled=24 unlabeled=96 graph=True
2026-02-02 14:55:08,837 DEBUG bench.orchestrators.sampling sampling.py:132: Sampling stats: {'nodes': 3327, 'train': 120, 'val': 500, 'test': 1000, 'labeled': 24, 'unlabeled': 96, 'labeled_class_dist': {'n': 24, 'classes': {'0': 4, '1': 4, '2': 4, '3': 4, '4': 4, '5': 4}}}
2026-02-02 14:55:08,837 INFO bench.orchestrators.sampling sampling.py:133: Sampling stage done: duration_s=0.012
Inductive method on graph dataset; converting graph masks to indices.
2026-02-02 14:55:08,837 INFO bench.orchestrators.preprocess preprocess.py:105: Preprocess start: seed=5 cache=True n_steps=4 fit_indices=24
2026-02-02 14:55:08,837 DEBUG bench.orchestrators.preprocess preprocess.py:112: Preprocess plan: output_key=features.X steps=['labels.encode', 'labels.to_torch', 'graph.sparse_adjacency', 'core.to_torch']
2026-02-02 14:55:08,838 INFO modssc.preprocess.api api.py:490: Preprocess start: dataset_fp=3fb862b6bc9dc5b9bfd36e222d5bbeab653ca6c7a430c3accea136e424ca3744 steps=['labels.encode', 'labels.to_torch', 'graph.sparse_adjacency', 'core.to_torch'] output_key=features.X seed=5 cache=True
2026-02-02 14:55:08,838 DEBUG modssc.preprocess.api api.py:498: Preprocess input shapes: train_X=(3327, 3703) train_y=(3327,) test_X=None test_y=None
2026-02-02 14:55:08,838 INFO modssc.preprocess.api api.py:505: Preprocess input size: train_data=47.2 MB test_data=n/a
2026-02-02 14:55:08,838 DEBUG modssc.preprocess.api api.py:521: Preprocess step start: id=labels.encode index=0 kind=transform params={}
2026-02-02 14:55:08,840 DEBUG modssc.preprocess.api api.py:605: Preprocess step train outputs: id=labels.encode keys=['labels.classes', 'labels.y'] duration_s=0.003
2026-02-02 14:55:08,841 INFO modssc.preprocess.api api.py:679: Preprocess step done: id=labels.encode index=0 duration_s=0.003 train_data=47.2 MB test_data=n/a
2026-02-02 14:55:08,841 DEBUG modssc.preprocess.api api.py:521: Preprocess step start: id=labels.to_torch index=1 kind=transform params={'device': 'auto', 'dtype': 'int64'}
2026-02-02 14:55:08,932 DEBUG modssc.preprocess.api api.py:605: Preprocess step train outputs: id=labels.to_torch keys=['labels.y'] duration_s=0.091
2026-02-02 14:55:08,932 INFO modssc.preprocess.api api.py:267: Preprocess GPU device: device=cuda:0 model=NVIDIA L40
2026-02-02 14:55:08,932 INFO modssc.preprocess.api api.py:679: Preprocess step done: id=labels.to_torch index=1 duration_s=0.092 train_data=47.2 MB test_data=n/a
2026-02-02 14:55:08,932 DEBUG modssc.preprocess.api api.py:521: Preprocess step start: id=graph.sparse_adjacency index=2 kind=transform params={'max_nodes': 20000, 'batch_size': 32, 'embed_epochs': 5, 'embed_lr': 0.01, 'undirected': True, 'device': 'auto'}
2026-02-02 14:55:08,935 WARNING modssc.preprocess.api api.py:575: Preprocess cache miss for graph.sparse_adjacency (train): Incomplete cached outputs for step 'graph.sparse_adjacency' (train)
2026-02-02 14:55:08,937 DEBUG modssc.preprocess.api api.py:605: Preprocess step train outputs: id=graph.sparse_adjacency keys=['features.X'] duration_s=0.004
2026-02-02 14:55:08,937 INFO modssc.preprocess.api api.py:679: Preprocess step done: id=graph.sparse_adjacency index=2 duration_s=0.004 train_data=47.3 MB test_data=n/a
2026-02-02 14:55:08,937 DEBUG modssc.preprocess.api api.py:521: Preprocess step start: id=core.to_torch index=3 kind=transform params={'device': 'auto', 'dtype': 'float32'}
2026-02-02 14:55:08,938 WARNING modssc.preprocess.api api.py:575: Preprocess cache miss for core.to_torch (train): Incomplete cached outputs for step 'core.to_torch' (train)
2026-02-02 14:55:08,943 DEBUG modssc.preprocess.api api.py:605: Preprocess step train outputs: id=core.to_torch keys=['features.X'] duration_s=0.006
2026-02-02 14:55:08,943 INFO modssc.preprocess.api api.py:679: Preprocess step done: id=core.to_torch index=3 duration_s=0.006 train_data=47.3 MB test_data=n/a
2026-02-02 14:55:08,943 INFO modssc.preprocess.api api.py:730: Preprocess done: dataset_fp=3fb862b6bc9dc5b9bfd36e222d5bbeab653ca6c7a430c3accea136e424ca3744 duration_s=0.105 train_X=None test_X=None
2026-02-02 14:55:08,943 INFO bench.orchestrators.preprocess preprocess.py:124: Preprocess result: fingerprint=preprocess:aa9a18f8888ae8bfd7b23144deb24cb21beda62d98043ce05c45e4b777de76e6 plan_fingerprint=resolved_plan:95213a523f045acfbe48296ceac122bc48b9fd73dbd5843390244a44a4946c42 cache_dir=/nfs/home/mbarbaux/ModSSC/cache/preprocess/3fb862b6bc9dc5b9bfd36e222d5bbeab653ca6c7a430c3accea136e424ca3744 skipped=[]
2026-02-02 14:55:08,943 DEBUG bench.orchestrators.preprocess preprocess.py:131: Preprocess output shapes: train_X=None test_X=None
2026-02-02 14:55:08,943 INFO bench.orchestrators.preprocess preprocess.py:136: Preprocess stage done: duration_s=0.105
2026-02-02 14:55:11,326 INFO bench.orchestrators.augmentation augmentation.py:66: Augmentation start: mode=fixed modality=tabular seed=5 n_samples=96 strong_views=1
2026-02-02 14:55:11,326 DEBUG bench.orchestrators.augmentation augmentation.py:74: Augmentation steps: weak=['tabular.gaussian_noise'] strong=['tabular.feature_dropout']
2026-02-02 14:55:11,351 INFO bench.orchestrators.augmentation augmentation.py:191: Augmentation done: duration_s=0.025
2026-02-02 14:55:11,351 DEBUG bench.orchestrators.augmentation augmentation.py:192: Augmentation output shapes: weak=(96, 3703) strong=(96, 3703) strong_1=None
2026-02-02 14:55:11,352 INFO bench.orchestrators.method_inductive method_inductive.py:441: Inductive method start: id=daso seed=3274374610 device=auto dtype=float32 model=graphsage_inductive
2026-02-02 14:55:11,352 DEBUG bench.orchestrators.method_inductive method_inductive.py:470: Inductive method params: {'lambda_u': 1.0, 'lambda_align': 1.0, 'p_cutoff': 0.95, 't_proto': 0.05, 't_dist': 1.5, 'queue_size': 256, 'pretrain_steps': 5000, 'dist_update_period': 100, 'ema_decay': 0.999, 'use_ema': True, 'dist_aware': True, 'interp_alpha': 0.5, 'hard_label': True, 'use_cat': False, 'batch_size': 128, 'max_epochs': 50, 'detach_target': True}
2026-02-02 14:55:11,352 INFO bench.orchestrators.method_inductive method_inductive.py:476: Inductive method data: n_labeled=24 n_unlabeled=96
2026-02-02 14:55:11,391 INFO modssc.inductive.methods.daso daso.py:218: Starting daso.fit
2026-02-02 14:55:11,391 DEBUG modssc.inductive.methods.daso daso.py:219: params lambda_u=1.0 lambda_align=1.0 p_cutoff=0.95 t_proto=0.05 t_dist=1.5 queue_size=256 pretrain_steps=5000 dist_update_period=100 ema_decay=0.999 use_ema=True dist_aware=True interp_alpha=0.5 hard_label=True use_cat=False batch_size=128 max_epochs=50 detach_target=True has_model_bundle=True device=DeviceSpec(device='auto', dtype='float32') seed=3274374610
2026-02-02 14:55:11,391 INFO modssc.inductive.methods.daso daso.py:262: DASO sizes: n_labeled=24 n_unlabeled=96
2026-02-02 14:55:11,541 DEBUG modssc.inductive.methods.daso daso.py:504: DASO epoch=0 pretrain=True mask_mean=0.000 sup_loss=1.7889 unsup_loss=0.0000 align_loss=0.0000
2026-02-02 14:55:11,575 DEBUG modssc.inductive.methods.daso daso.py:504: DASO epoch=1 pretrain=True mask_mean=0.000 sup_loss=1.7288 unsup_loss=0.0000 align_loss=0.0000
2026-02-02 14:55:11,579 DEBUG modssc.inductive.methods.daso daso.py:504: DASO epoch=2 pretrain=True mask_mean=0.000 sup_loss=1.6713 unsup_loss=0.0000 align_loss=0.0000
2026-02-02 14:55:11,583 DEBUG modssc.inductive.methods.daso daso.py:504: DASO epoch=3 pretrain=True mask_mean=0.000 sup_loss=1.6223 unsup_loss=0.0000 align_loss=0.0000
2026-02-02 14:55:11,587 DEBUG modssc.inductive.methods.daso daso.py:504: DASO epoch=4 pretrain=True mask_mean=0.000 sup_loss=1.5772 unsup_loss=0.0000 align_loss=0.0000
2026-02-02 14:55:11,591 DEBUG modssc.inductive.methods.daso daso.py:504: DASO epoch=5 pretrain=True mask_mean=0.000 sup_loss=1.5197 unsup_loss=0.0000 align_loss=0.0000
2026-02-02 14:55:11,595 DEBUG modssc.inductive.methods.daso daso.py:504: DASO epoch=6 pretrain=True mask_mean=0.000 sup_loss=1.4643 unsup_loss=0.0000 align_loss=0.0000
2026-02-02 14:55:11,598 DEBUG modssc.inductive.methods.daso daso.py:504: DASO epoch=7 pretrain=True mask_mean=0.000 sup_loss=1.3968 unsup_loss=0.0000 align_loss=0.0000
2026-02-02 14:55:11,602 DEBUG modssc.inductive.methods.daso daso.py:504: DASO epoch=8 pretrain=True mask_mean=0.000 sup_loss=1.3362 unsup_loss=0.0000 align_loss=0.0000
2026-02-02 14:55:11,606 DEBUG modssc.inductive.methods.daso daso.py:504: DASO epoch=9 pretrain=True mask_mean=0.000 sup_loss=1.2853 unsup_loss=0.0000 align_loss=0.0000
2026-02-02 14:55:11,610 DEBUG modssc.inductive.methods.daso daso.py:504: DASO epoch=10 pretrain=True mask_mean=0.000 sup_loss=1.2135 unsup_loss=0.0000 align_loss=0.0000
2026-02-02 14:55:11,614 DEBUG modssc.inductive.methods.daso daso.py:504: DASO epoch=11 pretrain=True mask_mean=0.000 sup_loss=1.1501 unsup_loss=0.0000 align_loss=0.0000
2026-02-02 14:55:11,618 DEBUG modssc.inductive.methods.daso daso.py:504: DASO epoch=12 pretrain=True mask_mean=0.000 sup_loss=1.0917 unsup_loss=0.0000 align_loss=0.0000
2026-02-02 14:55:11,621 DEBUG modssc.inductive.methods.daso daso.py:504: DASO epoch=13 pretrain=True mask_mean=0.000 sup_loss=1.0021 unsup_loss=0.0000 align_loss=0.0000
2026-02-02 14:55:11,625 DEBUG modssc.inductive.methods.daso daso.py:504: DASO epoch=14 pretrain=True mask_mean=0.000 sup_loss=0.9428 unsup_loss=0.0000 align_loss=0.0000
2026-02-02 14:55:11,629 DEBUG modssc.inductive.methods.daso daso.py:504: DASO epoch=15 pretrain=True mask_mean=0.000 sup_loss=0.8726 unsup_loss=0.0000 align_loss=0.0000
2026-02-02 14:55:11,633 DEBUG modssc.inductive.methods.daso daso.py:504: DASO epoch=16 pretrain=True mask_mean=0.000 sup_loss=0.8182 unsup_loss=0.0000 align_loss=0.0000
2026-02-02 14:55:11,637 DEBUG modssc.inductive.methods.daso daso.py:504: DASO epoch=17 pretrain=True mask_mean=0.000 sup_loss=0.7347 unsup_loss=0.0000 align_loss=0.0000
2026-02-02 14:55:11,641 DEBUG modssc.inductive.methods.daso daso.py:504: DASO epoch=18 pretrain=True mask_mean=0.000 sup_loss=0.6824 unsup_loss=0.0000 align_loss=0.0000
2026-02-02 14:55:11,644 DEBUG modssc.inductive.methods.daso daso.py:504: DASO epoch=19 pretrain=True mask_mean=0.000 sup_loss=0.6167 unsup_loss=0.0000 align_loss=0.0000
2026-02-02 14:55:11,648 DEBUG modssc.inductive.methods.daso daso.py:504: DASO epoch=20 pretrain=True mask_mean=0.000 sup_loss=0.5392 unsup_loss=0.0000 align_loss=0.0000
2026-02-02 14:55:11,652 DEBUG modssc.inductive.methods.daso daso.py:504: DASO epoch=21 pretrain=True mask_mean=0.000 sup_loss=0.4883 unsup_loss=0.0000 align_loss=0.0000
2026-02-02 14:55:11,656 DEBUG modssc.inductive.methods.daso daso.py:504: DASO epoch=22 pretrain=True mask_mean=0.000 sup_loss=0.4369 unsup_loss=0.0000 align_loss=0.0000
2026-02-02 14:55:11,660 DEBUG modssc.inductive.methods.daso daso.py:504: DASO epoch=23 pretrain=True mask_mean=0.000 sup_loss=0.3882 unsup_loss=0.0000 align_loss=0.0000
2026-02-02 14:55:11,664 DEBUG modssc.inductive.methods.daso daso.py:504: DASO epoch=24 pretrain=True mask_mean=0.000 sup_loss=0.3356 unsup_loss=0.0000 align_loss=0.0000
2026-02-02 14:55:11,668 DEBUG modssc.inductive.methods.daso daso.py:504: DASO epoch=25 pretrain=True mask_mean=0.000 sup_loss=0.3118 unsup_loss=0.0000 align_loss=0.0000
2026-02-02 14:55:11,671 DEBUG modssc.inductive.methods.daso daso.py:504: DASO epoch=26 pretrain=True mask_mean=0.000 sup_loss=0.2695 unsup_loss=0.0000 align_loss=0.0000
2026-02-02 14:55:11,675 DEBUG modssc.inductive.methods.daso daso.py:504: DASO epoch=27 pretrain=True mask_mean=0.000 sup_loss=0.2446 unsup_loss=0.0000 align_loss=0.0000
2026-02-02 14:55:11,679 DEBUG modssc.inductive.methods.daso daso.py:504: DASO epoch=28 pretrain=True mask_mean=0.000 sup_loss=0.2131 unsup_loss=0.0000 align_loss=0.0000
2026-02-02 14:55:11,683 DEBUG modssc.inductive.methods.daso daso.py:504: DASO epoch=29 pretrain=True mask_mean=0.000 sup_loss=0.1826 unsup_loss=0.0000 align_loss=0.0000
2026-02-02 14:55:11,687 DEBUG modssc.inductive.methods.daso daso.py:504: DASO epoch=30 pretrain=True mask_mean=0.000 sup_loss=0.1570 unsup_loss=0.0000 align_loss=0.0000
2026-02-02 14:55:11,691 DEBUG modssc.inductive.methods.daso daso.py:504: DASO epoch=31 pretrain=True mask_mean=0.000 sup_loss=0.1371 unsup_loss=0.0000 align_loss=0.0000
2026-02-02 14:55:11,694 DEBUG modssc.inductive.methods.daso daso.py:504: DASO epoch=32 pretrain=True mask_mean=0.000 sup_loss=0.1317 unsup_loss=0.0000 align_loss=0.0000
2026-02-02 14:55:11,698 DEBUG modssc.inductive.methods.daso daso.py:504: DASO epoch=33 pretrain=True mask_mean=0.000 sup_loss=0.1126 unsup_loss=0.0000 align_loss=0.0000
2026-02-02 14:55:11,702 DEBUG modssc.inductive.methods.daso daso.py:504: DASO epoch=34 pretrain=True mask_mean=0.000 sup_loss=0.0995 unsup_loss=0.0000 align_loss=0.0000
2026-02-02 14:55:11,706 DEBUG modssc.inductive.methods.daso daso.py:504: DASO epoch=35 pretrain=True mask_mean=0.000 sup_loss=0.0918 unsup_loss=0.0000 align_loss=0.0000
2026-02-02 14:55:11,710 DEBUG modssc.inductive.methods.daso daso.py:504: DASO epoch=36 pretrain=True mask_mean=0.000 sup_loss=0.0675 unsup_loss=0.0000 align_loss=0.0000
2026-02-02 14:55:11,714 DEBUG modssc.inductive.methods.daso daso.py:504: DASO epoch=37 pretrain=True mask_mean=0.000 sup_loss=0.0697 unsup_loss=0.0000 align_loss=0.0000
2026-02-02 14:55:11,717 DEBUG modssc.inductive.methods.daso daso.py:504: DASO epoch=38 pretrain=True mask_mean=0.010 sup_loss=0.0576 unsup_loss=0.1487 align_loss=0.0000
2026-02-02 14:55:11,721 DEBUG modssc.inductive.methods.daso daso.py:504: DASO epoch=39 pretrain=True mask_mean=0.010 sup_loss=0.0538 unsup_loss=0.1329 align_loss=0.0000
2026-02-02 14:55:11,725 DEBUG modssc.inductive.methods.daso daso.py:504: DASO epoch=40 pretrain=True mask_mean=0.010 sup_loss=0.0495 unsup_loss=0.0948 align_loss=0.0000
2026-02-02 14:55:11,729 DEBUG modssc.inductive.methods.daso daso.py:504: DASO epoch=41 pretrain=True mask_mean=0.010 sup_loss=0.0433 unsup_loss=0.0612 align_loss=0.0000
2026-02-02 14:55:11,732 DEBUG modssc.inductive.methods.daso daso.py:504: DASO epoch=42 pretrain=True mask_mean=0.010 sup_loss=0.0382 unsup_loss=0.0803 align_loss=0.0000
2026-02-02 14:55:11,736 DEBUG modssc.inductive.methods.daso daso.py:504: DASO epoch=43 pretrain=True mask_mean=0.010 sup_loss=0.0328 unsup_loss=0.0564 align_loss=0.0000
2026-02-02 14:55:11,740 DEBUG modssc.inductive.methods.daso daso.py:504: DASO epoch=44 pretrain=True mask_mean=0.010 sup_loss=0.0292 unsup_loss=0.0175 align_loss=0.0000
2026-02-02 14:55:11,744 DEBUG modssc.inductive.methods.daso daso.py:504: DASO epoch=45 pretrain=True mask_mean=0.010 sup_loss=0.0264 unsup_loss=0.0148 align_loss=0.0000
2026-02-02 14:55:11,747 DEBUG modssc.inductive.methods.daso daso.py:504: DASO epoch=46 pretrain=True mask_mean=0.010 sup_loss=0.0288 unsup_loss=0.0174 align_loss=0.0000
2026-02-02 14:55:11,751 DEBUG modssc.inductive.methods.daso daso.py:504: DASO epoch=47 pretrain=True mask_mean=0.010 sup_loss=0.0234 unsup_loss=0.0197 align_loss=0.0000
2026-02-02 14:55:11,755 DEBUG modssc.inductive.methods.daso daso.py:504: DASO epoch=48 pretrain=True mask_mean=0.010 sup_loss=0.0224 unsup_loss=0.0102 align_loss=0.0000
2026-02-02 14:55:11,759 DEBUG modssc.inductive.methods.daso daso.py:504: DASO epoch=49 pretrain=True mask_mean=0.010 sup_loss=0.0189 unsup_loss=0.0078 align_loss=0.0000
2026-02-02 14:55:11,760 INFO modssc.inductive.methods.daso daso.py:537: Finished daso.fit in 0.369s
2026-02-02 14:55:11,760 INFO bench.orchestrators.method_inductive method_inductive.py:550: Inductive method done: id=daso duration_s=0.408
2026-02-02 14:55:11,760 INFO bench.orchestrators.evaluation evaluation.py:189: Evaluation (inductive): splits=['val', 'test'] metrics=['accuracy', 'macro_f1']
2026-02-02 14:55:11,768 INFO bench.orchestrators.evaluation evaluation.py:231: Evaluation (inductive) done: duration_s=0.008
2026-02-02 14:55:11,769 INFO bench.orchestrators.reporting reporting.py:54: Run summary written: /nfs/home/mbarbaux/ModSSC/runs/inductive/daso/graph/citeseer/best_graph_inductive_daso_citeseer-20260202T135508Z/run.json status=success duration_s=0.002
