2026-02-02 16:59:10,026 INFO bench.orchestrators.dataset dataset.py:36: Dataset start: id=breast_cancer download=True cache_dir=None
2026-02-02 16:59:10,026 DEBUG bench.orchestrators.dataset dataset.py:42: Dataset options: []
2026-02-02 16:59:10,029 DEBUG modssc.data_loader.providers __init__.py:38: Creating provider: openml
2026-02-02 16:59:10,030 DEBUG modssc.data_loader.api api.py:316: Resolved dataset id=breast_cancer provider=openml canonical_uri=openml:15
2026-02-02 16:59:10,030 INFO modssc.data_loader.api api.py:117: Dataset load: id=breast_cancer provider=openml version=None fingerprint=6dece738ab3dfc5f1500b389918a8723dfd218d54ba657c31846dda9cfbbc81f download=True force=False cache_dir=/nfs/home/mbarbaux/ModSSC/cache/datasets
2026-02-02 16:59:10,030 DEBUG modssc.data_loader.api api.py:127: Dataset resolved_kwargs: {'data_id': 15, 'name': None, 'version': None, 'as_frame': False, 'target_column': None, 'class_filter': None, 'max_samples': None, 'seed': None}
2026-02-02 16:59:10,032 DEBUG modssc.data_loader.api api.py:403: Loaded cached dataset: fingerprint=6dece738ab3dfc5f1500b389918a8723dfd218d54ba657c31846dda9cfbbc81f
2026-02-02 16:59:10,037 INFO modssc.data_loader.api api.py:133: Dataset cached: id=breast_cancer train=699 test=None n_classes=2 duration_s=0.012
2026-02-02 16:59:10,037 INFO bench.orchestrators.dataset dataset.py:54: Dataset loaded: train=699 test=None graph=False fingerprint=6dece738ab3dfc5f1500b389918a8723dfd218d54ba657c31846dda9cfbbc81f provider=openml
2026-02-02 16:59:10,037 INFO bench.orchestrators.dataset dataset.py:62: Dataset stage done: duration_s=0.012
2026-02-02 16:59:10,061 INFO bench.orchestrators.sampling sampling.py:86: Sampling start: seed=1 dataset_id=breast_cancer
2026-02-02 16:59:10,061 DEBUG bench.orchestrators.sampling sampling.py:87: Sampling plan: split={'kind': 'holdout', 'test_fraction': 0.2, 'val_fraction': 0.1, 'stratify': True, 'shuffle': True} labeling={'mode': 'fraction', 'value': 0.2, 'per_class': False, 'min_per_class': 1, 'strategy': 'balanced', 'fixed_indices': None} imbalance={'kind': 'none', 'apply_to': 'train', 'max_per_class': None, 'alpha': None, 'min_per_class': 1} policy={'respect_official_test': True, 'use_official_graph_masks': True, 'allow_override_official': False}
2026-02-02 16:59:10,061 DEBUG bench.orchestrators.sampling sampling.py:98: Sampling dataset_fingerprint=6dece738ab3dfc5f1500b389918a8723dfd218d54ba657c31846dda9cfbbc81f
2026-02-02 16:59:10,061 INFO modssc.sampling.api api.py:99: Sampling start: dataset_id=breast_cancer dataset_fingerprint=6dece738ab3dfc5f1500b389918a8723dfd218d54ba657c31846dda9cfbbc81f seed=1 graph=False split=holdout
2026-02-02 16:59:10,061 DEBUG modssc.sampling.api api.py:107: Sampling plan: {'split': {'kind': 'holdout', 'test_fraction': 0.2, 'val_fraction': 0.1, 'stratify': True, 'shuffle': True}, 'labeling': {'mode': 'fraction', 'value': 0.2, 'per_class': False, 'min_per_class': 1, 'strategy': 'balanced', 'fixed_indices': None}, 'imbalance': {'kind': 'none', 'apply_to': 'train', 'max_per_class': None, 'alpha': None, 'min_per_class': 1}, 'policy': {'respect_official_test': True, 'use_official_graph_masks': True, 'allow_override_official': False}}
2026-02-02 16:59:10,069 INFO modssc.sampling.api api.py:141: Sampling done: train=503 val=56 test=140 labeled=101 unlabeled=402 duration_s=0.008
2026-02-02 16:59:10,069 DEBUG modssc.sampling.api api.py:150: Sampling stats: {'policy': {'respect_official_test': True, 'has_official_test': False, 'test_ref': 'train'}, 'train': {'n': 503, 'classes': {'benign': 329, 'malignant': 174}}, 'val': {'n': 56, 'classes': {'benign': 37, 'malignant': 19}}, 'train_labeled': {'n': 101, 'classes': {'benign': 51, 'malignant': 50}}, 'train_unlabeled': {'n': 402}, 'test': {'n': 140, 'classes': {'benign': 92, 'malignant': 48}}}
2026-02-02 16:59:10,070 INFO bench.orchestrators.sampling sampling.py:123: Sampling result: train=503 val=56 test=140 labeled=101 unlabeled=402 graph=False
2026-02-02 16:59:10,070 DEBUG bench.orchestrators.sampling sampling.py:132: Sampling stats: {'policy': {'respect_official_test': True, 'has_official_test': False, 'test_ref': 'train'}, 'train': {'n': 503, 'classes': {'benign': 329, 'malignant': 174}}, 'val': {'n': 56, 'classes': {'benign': 37, 'malignant': 19}}, 'train_labeled': {'n': 101, 'classes': {'benign': 51, 'malignant': 50}}, 'train_unlabeled': {'n': 402}, 'test': {'n': 140, 'classes': {'benign': 92, 'malignant': 48}}}
2026-02-02 16:59:10,070 INFO bench.orchestrators.sampling sampling.py:133: Sampling stage done: duration_s=0.009
2026-02-02 16:59:10,070 INFO bench.orchestrators.preprocess preprocess.py:105: Preprocess start: seed=1 cache=True n_steps=4 fit_indices=101
2026-02-02 16:59:10,070 DEBUG bench.orchestrators.preprocess preprocess.py:112: Preprocess plan: output_key=features.X steps=['labels.encode', 'core.ensure_2d', 'core.pca', 'core.to_numpy']
2026-02-02 16:59:10,070 INFO modssc.preprocess.api api.py:490: Preprocess start: dataset_fp=6dece738ab3dfc5f1500b389918a8723dfd218d54ba657c31846dda9cfbbc81f steps=['labels.encode', 'core.ensure_2d', 'core.pca', 'core.to_numpy'] output_key=features.X seed=1 cache=True
2026-02-02 16:59:10,070 DEBUG modssc.preprocess.api api.py:498: Preprocess input shapes: train_X=(699, 9) train_y=(699,) test_X=None test_y=None
2026-02-02 16:59:10,070 INFO modssc.preprocess.api api.py:505: Preprocess input size: train_data=54.6 KB test_data=n/a
2026-02-02 16:59:10,070 DEBUG modssc.preprocess.api api.py:521: Preprocess step start: id=labels.encode index=0 kind=transform params={}
2026-02-02 16:59:10,076 DEBUG modssc.preprocess.api api.py:605: Preprocess step train outputs: id=labels.encode keys=['labels.classes', 'labels.y'] duration_s=0.005
2026-02-02 16:59:10,076 INFO modssc.preprocess.api api.py:679: Preprocess step done: id=labels.encode index=0 duration_s=0.005 train_data=54.6 KB test_data=n/a
2026-02-02 16:59:10,076 DEBUG modssc.preprocess.api api.py:521: Preprocess step start: id=core.ensure_2d index=1 kind=transform params={}
2026-02-02 16:59:10,077 DEBUG modssc.preprocess.api api.py:605: Preprocess step train outputs: id=core.ensure_2d keys=['features.X'] duration_s=0.002
2026-02-02 16:59:10,077 INFO modssc.preprocess.api api.py:679: Preprocess step done: id=core.ensure_2d index=1 duration_s=0.002 train_data=54.6 KB test_data=n/a
2026-02-02 16:59:10,077 DEBUG modssc.preprocess.api api.py:521: Preprocess step start: id=core.pca index=2 kind=fittable params={'n_components': 30}
2026-02-02 16:59:10,079 DEBUG modssc.preprocess.api api.py:605: Preprocess step train outputs: id=core.pca keys=['features.X'] duration_s=0.002
2026-02-02 16:59:10,079 INFO modssc.preprocess.api api.py:679: Preprocess step done: id=core.pca index=2 duration_s=0.002 train_data=30.0 KB test_data=n/a
2026-02-02 16:59:10,079 DEBUG modssc.preprocess.api api.py:521: Preprocess step start: id=core.to_numpy index=3 kind=transform params={}
2026-02-02 16:59:10,080 DEBUG modssc.preprocess.api api.py:605: Preprocess step train outputs: id=core.to_numpy keys=['features.X'] duration_s=0.001
2026-02-02 16:59:10,080 INFO modssc.preprocess.api api.py:679: Preprocess step done: id=core.to_numpy index=3 duration_s=0.001 train_data=30.0 KB test_data=n/a
2026-02-02 16:59:10,080 INFO modssc.preprocess.api api.py:730: Preprocess done: dataset_fp=6dece738ab3dfc5f1500b389918a8723dfd218d54ba657c31846dda9cfbbc81f duration_s=0.010 train_X=(699, 9) test_X=None
2026-02-02 16:59:10,080 INFO bench.orchestrators.preprocess preprocess.py:124: Preprocess result: fingerprint=preprocess:ef881b7f44da6f0c9372f759ec8256cbf9b2f8ea77b4677dc811e99f90fde611 plan_fingerprint=resolved_plan:482a0984f51742ea5d9dbcc35f660359eaee028ed4420e88d582a288bf1fe3f8 cache_dir=/nfs/home/mbarbaux/ModSSC/cache/preprocess/6dece738ab3dfc5f1500b389918a8723dfd218d54ba657c31846dda9cfbbc81f skipped=[]
2026-02-02 16:59:10,081 DEBUG bench.orchestrators.preprocess preprocess.py:131: Preprocess output shapes: train_X=(699, 9) test_X=None
2026-02-02 16:59:10,081 INFO bench.orchestrators.preprocess preprocess.py:136: Preprocess stage done: duration_s=0.011
2026-02-02 16:59:10,081 INFO bench.orchestrators.graph graph.py:67: Graph start: include_test=False cache=True
2026-02-02 16:59:10,081 DEBUG bench.orchestrators.graph graph.py:72: Graph spec: scheme=knn metric=cosine k=15 radius=None backend=numpy feature_field=features.X seed=1
2026-02-02 16:59:10,081 DEBUG bench.orchestrators.graph graph.py:89: Graph features: shape=(699, 9)
2026-02-02 16:59:10,082 INFO modssc.graph.construction.api api.py:111: Graph cached: fingerprint=65024bb7060a6b3872999dd7c00f41425e8ecea3c93cf10d5f0ab2d4ee4d2787 n_nodes=699 n_edges=5983 duration_s=0.001
2026-02-02 16:59:10,082 INFO bench.orchestrators.graph graph.py:100: Graph built: fingerprint=65024bb7060a6b3872999dd7c00f41425e8ecea3c93cf10d5f0ab2d4ee4d2787 n_nodes=699 n_edges=5983 duration_s=0.001
2026-02-02 16:59:10,082 INFO bench.orchestrators.method_transductive method_transductive.py:139: Transductive method start: id=n_gcn seed=398591604 device=auto resolved_device=cuda use_test=False
2026-02-02 16:59:10,082 DEBUG bench.orchestrators.method_transductive method_transductive.py:147: Transductive method params: {'hidden_dim': 16, 'gcn_layers': 2, 'K': 6, 'r': 4, 'classifier': 'fc', 'dropout': 0.5, 'lr': 0.01, 'weight_decay': 1e-05, 'max_epochs': 200, 'patience': 50, 'add_self_loops': True, 'symmetrize': True}
2026-02-02 16:59:10,082 INFO bench.orchestrators.method_transductive method_transductive.py:158: Transductive data: n_nodes=699 n_train=699 n_test=0
2026-02-02 16:59:10,082 INFO bench.orchestrators.method_transductive method_transductive.py:177: Transductive masks: labeled_count=101 train_count=503
2026-02-02 16:59:10,082 INFO modssc.transductive.methods.gnn.n_gcn n_gcn.py:202: Starting n_gcn.fit
2026-02-02 16:59:10,082 DEBUG modssc.transductive.methods.gnn.n_gcn n_gcn.py:203: spec=NGCNSpec(hidden_dim=16, gcn_layers=2, K=6, r=4, classifier='fc', dropout=0.5, lr=0.01, weight_decay=1e-05, max_epochs=200, patience=50, add_self_loops=True, symmetrize=True) device=cuda seed=398591604
2026-02-02 16:59:10,242 INFO modssc.transductive.methods.gnn.n_gcn n_gcn.py:226: N-GCN sizes: n_nodes=699 n_classes=2 train=101 val=56
2026-02-02 16:59:11,245 DEBUG modssc.transductive.methods.gnn.common common.py:373: train_fullbatch epoch=0 val_loss=0.4062 best updated
2026-02-02 16:59:11,256 DEBUG modssc.transductive.methods.gnn.common common.py:373: train_fullbatch epoch=1 val_loss=0.2319 best updated
2026-02-02 16:59:11,266 DEBUG modssc.transductive.methods.gnn.common common.py:373: train_fullbatch epoch=2 val_loss=0.1813 best updated
2026-02-02 16:59:11,276 DEBUG modssc.transductive.methods.gnn.common common.py:373: train_fullbatch epoch=3 val_loss=0.1788 best updated
2026-02-02 16:59:11,285 DEBUG modssc.transductive.methods.gnn.common common.py:380: train_fullbatch epoch=4 val_loss=0.1927 bad_epochs=1/50
2026-02-02 16:59:11,294 DEBUG modssc.transductive.methods.gnn.common common.py:380: train_fullbatch epoch=5 val_loss=0.2100 bad_epochs=2/50
2026-02-02 16:59:11,303 DEBUG modssc.transductive.methods.gnn.common common.py:380: train_fullbatch epoch=6 val_loss=0.2257 bad_epochs=3/50
2026-02-02 16:59:11,312 DEBUG modssc.transductive.methods.gnn.common common.py:380: train_fullbatch epoch=7 val_loss=0.2382 bad_epochs=4/50
2026-02-02 16:59:11,321 DEBUG modssc.transductive.methods.gnn.common common.py:380: train_fullbatch epoch=8 val_loss=0.2473 bad_epochs=5/50
2026-02-02 16:59:11,330 DEBUG modssc.transductive.methods.gnn.common common.py:380: train_fullbatch epoch=9 val_loss=0.2533 bad_epochs=6/50
2026-02-02 16:59:11,339 DEBUG modssc.transductive.methods.gnn.common common.py:380: train_fullbatch epoch=10 val_loss=0.2569 bad_epochs=7/50
2026-02-02 16:59:11,348 DEBUG modssc.transductive.methods.gnn.common common.py:380: train_fullbatch epoch=11 val_loss=0.2589 bad_epochs=8/50
2026-02-02 16:59:11,357 DEBUG modssc.transductive.methods.gnn.common common.py:380: train_fullbatch epoch=12 val_loss=0.2604 bad_epochs=9/50
2026-02-02 16:59:11,366 DEBUG modssc.transductive.methods.gnn.common common.py:380: train_fullbatch epoch=13 val_loss=0.2622 bad_epochs=10/50
2026-02-02 16:59:11,375 DEBUG modssc.transductive.methods.gnn.common common.py:380: train_fullbatch epoch=14 val_loss=0.2604 bad_epochs=11/50
2026-02-02 16:59:11,384 DEBUG modssc.transductive.methods.gnn.common common.py:380: train_fullbatch epoch=15 val_loss=0.2579 bad_epochs=12/50
2026-02-02 16:59:11,393 DEBUG modssc.transductive.methods.gnn.common common.py:380: train_fullbatch epoch=16 val_loss=0.2498 bad_epochs=13/50
2026-02-02 16:59:11,402 DEBUG modssc.transductive.methods.gnn.common common.py:380: train_fullbatch epoch=17 val_loss=0.2361 bad_epochs=14/50
2026-02-02 16:59:11,411 DEBUG modssc.transductive.methods.gnn.common common.py:380: train_fullbatch epoch=18 val_loss=0.2219 bad_epochs=15/50
2026-02-02 16:59:11,420 DEBUG modssc.transductive.methods.gnn.common common.py:380: train_fullbatch epoch=19 val_loss=0.2083 bad_epochs=16/50
2026-02-02 16:59:11,429 DEBUG modssc.transductive.methods.gnn.common common.py:380: train_fullbatch epoch=20 val_loss=0.1980 bad_epochs=17/50
2026-02-02 16:59:11,438 DEBUG modssc.transductive.methods.gnn.common common.py:380: train_fullbatch epoch=21 val_loss=0.1934 bad_epochs=18/50
2026-02-02 16:59:11,447 DEBUG modssc.transductive.methods.gnn.common common.py:380: train_fullbatch epoch=22 val_loss=0.1914 bad_epochs=19/50
2026-02-02 16:59:11,456 DEBUG modssc.transductive.methods.gnn.common common.py:380: train_fullbatch epoch=23 val_loss=0.1947 bad_epochs=20/50
2026-02-02 16:59:11,465 DEBUG modssc.transductive.methods.gnn.common common.py:380: train_fullbatch epoch=24 val_loss=0.2021 bad_epochs=21/50
2026-02-02 16:59:11,474 DEBUG modssc.transductive.methods.gnn.common common.py:380: train_fullbatch epoch=25 val_loss=0.2153 bad_epochs=22/50
2026-02-02 16:59:11,483 DEBUG modssc.transductive.methods.gnn.common common.py:380: train_fullbatch epoch=26 val_loss=0.2292 bad_epochs=23/50
2026-02-02 16:59:11,492 DEBUG modssc.transductive.methods.gnn.common common.py:380: train_fullbatch epoch=27 val_loss=0.2443 bad_epochs=24/50
2026-02-02 16:59:11,501 DEBUG modssc.transductive.methods.gnn.common common.py:380: train_fullbatch epoch=28 val_loss=0.2571 bad_epochs=25/50
2026-02-02 16:59:11,510 DEBUG modssc.transductive.methods.gnn.common common.py:380: train_fullbatch epoch=29 val_loss=0.2707 bad_epochs=26/50
2026-02-02 16:59:11,519 DEBUG modssc.transductive.methods.gnn.common common.py:380: train_fullbatch epoch=30 val_loss=0.2827 bad_epochs=27/50
2026-02-02 16:59:11,528 DEBUG modssc.transductive.methods.gnn.common common.py:380: train_fullbatch epoch=31 val_loss=0.2921 bad_epochs=28/50
2026-02-02 16:59:11,537 DEBUG modssc.transductive.methods.gnn.common common.py:380: train_fullbatch epoch=32 val_loss=0.3053 bad_epochs=29/50
2026-02-02 16:59:11,546 DEBUG modssc.transductive.methods.gnn.common common.py:380: train_fullbatch epoch=33 val_loss=0.3128 bad_epochs=30/50
2026-02-02 16:59:11,555 DEBUG modssc.transductive.methods.gnn.common common.py:380: train_fullbatch epoch=34 val_loss=0.3144 bad_epochs=31/50
2026-02-02 16:59:11,564 DEBUG modssc.transductive.methods.gnn.common common.py:380: train_fullbatch epoch=35 val_loss=0.3092 bad_epochs=32/50
2026-02-02 16:59:11,573 DEBUG modssc.transductive.methods.gnn.common common.py:380: train_fullbatch epoch=36 val_loss=0.3025 bad_epochs=33/50
2026-02-02 16:59:11,582 DEBUG modssc.transductive.methods.gnn.common common.py:380: train_fullbatch epoch=37 val_loss=0.2903 bad_epochs=34/50
2026-02-02 16:59:11,591 DEBUG modssc.transductive.methods.gnn.common common.py:380: train_fullbatch epoch=38 val_loss=0.2823 bad_epochs=35/50
2026-02-02 16:59:11,600 DEBUG modssc.transductive.methods.gnn.common common.py:380: train_fullbatch epoch=39 val_loss=0.2793 bad_epochs=36/50
2026-02-02 16:59:11,609 DEBUG modssc.transductive.methods.gnn.common common.py:380: train_fullbatch epoch=40 val_loss=0.2752 bad_epochs=37/50
2026-02-02 16:59:11,618 DEBUG modssc.transductive.methods.gnn.common common.py:380: train_fullbatch epoch=41 val_loss=0.2754 bad_epochs=38/50
2026-02-02 16:59:11,627 DEBUG modssc.transductive.methods.gnn.common common.py:380: train_fullbatch epoch=42 val_loss=0.2800 bad_epochs=39/50
2026-02-02 16:59:11,636 DEBUG modssc.transductive.methods.gnn.common common.py:380: train_fullbatch epoch=43 val_loss=0.2918 bad_epochs=40/50
2026-02-02 16:59:11,645 DEBUG modssc.transductive.methods.gnn.common common.py:380: train_fullbatch epoch=44 val_loss=0.3010 bad_epochs=41/50
2026-02-02 16:59:11,654 DEBUG modssc.transductive.methods.gnn.common common.py:380: train_fullbatch epoch=45 val_loss=0.3119 bad_epochs=42/50
2026-02-02 16:59:11,663 DEBUG modssc.transductive.methods.gnn.common common.py:380: train_fullbatch epoch=46 val_loss=0.3192 bad_epochs=43/50
2026-02-02 16:59:11,672 DEBUG modssc.transductive.methods.gnn.common common.py:380: train_fullbatch epoch=47 val_loss=0.3259 bad_epochs=44/50
2026-02-02 16:59:11,681 DEBUG modssc.transductive.methods.gnn.common common.py:380: train_fullbatch epoch=48 val_loss=0.3378 bad_epochs=45/50
2026-02-02 16:59:11,690 DEBUG modssc.transductive.methods.gnn.common common.py:380: train_fullbatch epoch=49 val_loss=0.3493 bad_epochs=46/50
2026-02-02 16:59:11,699 DEBUG modssc.transductive.methods.gnn.common common.py:380: train_fullbatch epoch=50 val_loss=0.3635 bad_epochs=47/50
2026-02-02 16:59:11,708 DEBUG modssc.transductive.methods.gnn.common common.py:380: train_fullbatch epoch=51 val_loss=0.3838 bad_epochs=48/50
2026-02-02 16:59:11,716 DEBUG modssc.transductive.methods.gnn.common common.py:380: train_fullbatch epoch=52 val_loss=0.4062 bad_epochs=49/50
2026-02-02 16:59:11,725 DEBUG modssc.transductive.methods.gnn.common common.py:380: train_fullbatch epoch=53 val_loss=0.4174 bad_epochs=50/50
2026-02-02 16:59:11,726 DEBUG modssc.transductive.methods.gnn.common common.py:388: train_fullbatch early_stop epoch=53 best_epoch=3 best_val_loss=0.1788
2026-02-02 16:59:11,727 DEBUG modssc.transductive.methods.gnn.common common.py:399: train_fullbatch done n_epochs=54 best_epoch=3 best_val_loss=0.17875239253044128
2026-02-02 16:59:11,727 INFO modssc.transductive.methods.gnn.n_gcn n_gcn.py:289: Finished n_gcn.fit in 1.645s
2026-02-02 16:59:11,727 INFO bench.orchestrators.method_transductive method_transductive.py:218: Transductive method done: id=n_gcn duration_s=1.646
2026-02-02 16:59:11,728 INFO bench.orchestrators.evaluation evaluation.py:244: Evaluation (transductive): splits=['val', 'test'] metrics=['accuracy', 'macro_f1']
2026-02-02 16:59:11,731 INFO bench.orchestrators.evaluation evaluation.py:263: Evaluation (transductive) done: duration_s=0.003
2026-02-02 16:59:11,732 INFO bench.orchestrators.reporting reporting.py:54: Run summary written: /nfs/home/mbarbaux/ModSSC/runs/transductive/n_gcn/tabular/breast_cancer/best_tabular_transductive_n_gcn_breast_cancer-20260202T155910Z/run.json status=success duration_s=0.001
