2026-02-02 16:57:39,540 INFO bench.orchestrators.dataset dataset.py:36: Dataset start: id=breast_cancer download=True cache_dir=None
2026-02-02 16:57:39,540 DEBUG bench.orchestrators.dataset dataset.py:42: Dataset options: []
2026-02-02 16:57:39,544 DEBUG modssc.data_loader.providers __init__.py:38: Creating provider: openml
2026-02-02 16:57:39,544 DEBUG modssc.data_loader.api api.py:316: Resolved dataset id=breast_cancer provider=openml canonical_uri=openml:15
2026-02-02 16:57:39,544 INFO modssc.data_loader.api api.py:117: Dataset load: id=breast_cancer provider=openml version=None fingerprint=6dece738ab3dfc5f1500b389918a8723dfd218d54ba657c31846dda9cfbbc81f download=True force=False cache_dir=/nfs/home/mbarbaux/ModSSC/cache/datasets
2026-02-02 16:57:39,544 DEBUG modssc.data_loader.api api.py:127: Dataset resolved_kwargs: {'data_id': 15, 'name': None, 'version': None, 'as_frame': False, 'target_column': None, 'class_filter': None, 'max_samples': None, 'seed': None}
2026-02-02 16:57:39,546 DEBUG modssc.data_loader.api api.py:403: Loaded cached dataset: fingerprint=6dece738ab3dfc5f1500b389918a8723dfd218d54ba657c31846dda9cfbbc81f
2026-02-02 16:57:39,551 INFO modssc.data_loader.api api.py:133: Dataset cached: id=breast_cancer train=699 test=None n_classes=2 duration_s=0.010
2026-02-02 16:57:39,551 INFO bench.orchestrators.dataset dataset.py:54: Dataset loaded: train=699 test=None graph=False fingerprint=6dece738ab3dfc5f1500b389918a8723dfd218d54ba657c31846dda9cfbbc81f provider=openml
2026-02-02 16:57:39,551 INFO bench.orchestrators.dataset dataset.py:62: Dataset stage done: duration_s=0.011
2026-02-02 16:57:39,598 INFO bench.orchestrators.sampling sampling.py:86: Sampling start: seed=1 dataset_id=breast_cancer
2026-02-02 16:57:39,598 DEBUG bench.orchestrators.sampling sampling.py:87: Sampling plan: split={'kind': 'holdout', 'test_fraction': 0.2, 'val_fraction': 0.1, 'stratify': True, 'shuffle': True} labeling={'mode': 'fraction', 'value': 0.2, 'per_class': False, 'min_per_class': 1, 'strategy': 'balanced', 'fixed_indices': None} imbalance={'kind': 'none', 'apply_to': 'train', 'max_per_class': None, 'alpha': None, 'min_per_class': 1} policy={'respect_official_test': True, 'use_official_graph_masks': True, 'allow_override_official': False}
2026-02-02 16:57:39,598 DEBUG bench.orchestrators.sampling sampling.py:98: Sampling dataset_fingerprint=6dece738ab3dfc5f1500b389918a8723dfd218d54ba657c31846dda9cfbbc81f
2026-02-02 16:57:39,598 INFO modssc.sampling.api api.py:99: Sampling start: dataset_id=breast_cancer dataset_fingerprint=6dece738ab3dfc5f1500b389918a8723dfd218d54ba657c31846dda9cfbbc81f seed=1 graph=False split=holdout
2026-02-02 16:57:39,598 DEBUG modssc.sampling.api api.py:107: Sampling plan: {'split': {'kind': 'holdout', 'test_fraction': 0.2, 'val_fraction': 0.1, 'stratify': True, 'shuffle': True}, 'labeling': {'mode': 'fraction', 'value': 0.2, 'per_class': False, 'min_per_class': 1, 'strategy': 'balanced', 'fixed_indices': None}, 'imbalance': {'kind': 'none', 'apply_to': 'train', 'max_per_class': None, 'alpha': None, 'min_per_class': 1}, 'policy': {'respect_official_test': True, 'use_official_graph_masks': True, 'allow_override_official': False}}
2026-02-02 16:57:39,606 INFO modssc.sampling.api api.py:141: Sampling done: train=503 val=56 test=140 labeled=101 unlabeled=402 duration_s=0.008
2026-02-02 16:57:39,606 DEBUG modssc.sampling.api api.py:150: Sampling stats: {'policy': {'respect_official_test': True, 'has_official_test': False, 'test_ref': 'train'}, 'train': {'n': 503, 'classes': {'benign': 329, 'malignant': 174}}, 'val': {'n': 56, 'classes': {'benign': 37, 'malignant': 19}}, 'train_labeled': {'n': 101, 'classes': {'benign': 51, 'malignant': 50}}, 'train_unlabeled': {'n': 402}, 'test': {'n': 140, 'classes': {'benign': 92, 'malignant': 48}}}
2026-02-02 16:57:39,607 INFO bench.orchestrators.sampling sampling.py:123: Sampling result: train=503 val=56 test=140 labeled=101 unlabeled=402 graph=False
2026-02-02 16:57:39,607 DEBUG bench.orchestrators.sampling sampling.py:132: Sampling stats: {'policy': {'respect_official_test': True, 'has_official_test': False, 'test_ref': 'train'}, 'train': {'n': 503, 'classes': {'benign': 329, 'malignant': 174}}, 'val': {'n': 56, 'classes': {'benign': 37, 'malignant': 19}}, 'train_labeled': {'n': 101, 'classes': {'benign': 51, 'malignant': 50}}, 'train_unlabeled': {'n': 402}, 'test': {'n': 140, 'classes': {'benign': 92, 'malignant': 48}}}
2026-02-02 16:57:39,607 INFO bench.orchestrators.sampling sampling.py:133: Sampling stage done: duration_s=0.009
2026-02-02 16:57:39,607 INFO bench.orchestrators.preprocess preprocess.py:105: Preprocess start: seed=1 cache=True n_steps=6 fit_indices=101
2026-02-02 16:57:39,607 DEBUG bench.orchestrators.preprocess preprocess.py:112: Preprocess plan: output_key=features.X steps=['labels.encode', 'labels.to_torch', 'core.ensure_2d', 'tabular.impute', 'tabular.standard_scaler', 'core.to_torch']
2026-02-02 16:57:39,607 INFO modssc.preprocess.api api.py:490: Preprocess start: dataset_fp=6dece738ab3dfc5f1500b389918a8723dfd218d54ba657c31846dda9cfbbc81f steps=['labels.encode', 'labels.to_torch', 'core.ensure_2d', 'tabular.impute', 'tabular.standard_scaler', 'core.to_torch'] output_key=features.X seed=1 cache=True
2026-02-02 16:57:39,607 DEBUG modssc.preprocess.api api.py:498: Preprocess input shapes: train_X=(699, 9) train_y=(699,) test_X=None test_y=None
2026-02-02 16:57:39,607 INFO modssc.preprocess.api api.py:505: Preprocess input size: train_data=54.6 KB test_data=n/a
2026-02-02 16:57:39,607 DEBUG modssc.preprocess.api api.py:521: Preprocess step start: id=labels.encode index=0 kind=transform params={}
2026-02-02 16:57:39,610 DEBUG modssc.preprocess.api api.py:605: Preprocess step train outputs: id=labels.encode keys=['labels.classes', 'labels.y'] duration_s=0.003
2026-02-02 16:57:39,610 INFO modssc.preprocess.api api.py:679: Preprocess step done: id=labels.encode index=0 duration_s=0.003 train_data=54.6 KB test_data=n/a
2026-02-02 16:57:39,610 DEBUG modssc.preprocess.api api.py:521: Preprocess step start: id=labels.to_torch index=1 kind=transform params={'device': 'auto', 'dtype': 'int64'}
2026-02-02 16:57:39,709 DEBUG modssc.preprocess.api api.py:605: Preprocess step train outputs: id=labels.to_torch keys=['labels.y'] duration_s=0.099
2026-02-02 16:57:39,710 INFO modssc.preprocess.api api.py:267: Preprocess GPU device: device=cuda:0 model=NVIDIA L40
2026-02-02 16:57:39,710 INFO modssc.preprocess.api api.py:679: Preprocess step done: id=labels.to_torch index=1 duration_s=0.100 train_data=54.6 KB test_data=n/a
2026-02-02 16:57:39,710 DEBUG modssc.preprocess.api api.py:521: Preprocess step start: id=core.ensure_2d index=2 kind=transform params={}
2026-02-02 16:57:39,712 DEBUG modssc.preprocess.api api.py:605: Preprocess step train outputs: id=core.ensure_2d keys=['features.X'] duration_s=0.002
2026-02-02 16:57:39,712 INFO modssc.preprocess.api api.py:679: Preprocess step done: id=core.ensure_2d index=2 duration_s=0.002 train_data=54.6 KB test_data=n/a
2026-02-02 16:57:39,712 DEBUG modssc.preprocess.api api.py:521: Preprocess step start: id=tabular.impute index=3 kind=fittable params={}
2026-02-02 16:57:40,708 DEBUG modssc.preprocess.api api.py:605: Preprocess step train outputs: id=tabular.impute keys=['features.X'] duration_s=0.996
2026-02-02 16:57:40,708 INFO modssc.preprocess.api api.py:679: Preprocess step done: id=tabular.impute index=3 duration_s=0.996 train_data=54.6 KB test_data=n/a
2026-02-02 16:57:40,708 DEBUG modssc.preprocess.api api.py:521: Preprocess step start: id=tabular.standard_scaler index=4 kind=fittable params={}
2026-02-02 16:57:40,710 DEBUG modssc.preprocess.api api.py:605: Preprocess step train outputs: id=tabular.standard_scaler keys=['features.X'] duration_s=0.002
2026-02-02 16:57:40,710 INFO modssc.preprocess.api api.py:679: Preprocess step done: id=tabular.standard_scaler index=4 duration_s=0.002 train_data=30.0 KB test_data=n/a
2026-02-02 16:57:40,710 DEBUG modssc.preprocess.api api.py:521: Preprocess step start: id=core.to_torch index=5 kind=transform params={'device': 'auto', 'dtype': 'float32'}
2026-02-02 16:57:40,711 DEBUG modssc.preprocess.api api.py:605: Preprocess step train outputs: id=core.to_torch keys=['features.X'] duration_s=0.001
2026-02-02 16:57:40,712 INFO modssc.preprocess.api api.py:679: Preprocess step done: id=core.to_torch index=5 duration_s=0.001 train_data=30.0 KB test_data=n/a
2026-02-02 16:57:40,712 INFO modssc.preprocess.api api.py:730: Preprocess done: dataset_fp=6dece738ab3dfc5f1500b389918a8723dfd218d54ba657c31846dda9cfbbc81f duration_s=1.105 train_X=(699, 9) test_X=None
2026-02-02 16:57:40,712 INFO bench.orchestrators.preprocess preprocess.py:124: Preprocess result: fingerprint=preprocess:e8e31b503533acb1dd05d9db0c55e174d3debbf7553704fffeddcdd394c40699 plan_fingerprint=resolved_plan:2fd28781de548db14dc25cb730c4a58beda13172ed36f45b2cc1411caf334e69 cache_dir=/nfs/home/mbarbaux/ModSSC/cache/preprocess/6dece738ab3dfc5f1500b389918a8723dfd218d54ba657c31846dda9cfbbc81f skipped=[]
2026-02-02 16:57:40,712 DEBUG bench.orchestrators.preprocess preprocess.py:131: Preprocess output shapes: train_X=(699, 9) test_X=None
2026-02-02 16:57:40,712 INFO bench.orchestrators.preprocess preprocess.py:136: Preprocess stage done: duration_s=1.105
2026-02-02 16:57:40,726 INFO bench.orchestrators.augmentation augmentation.py:66: Augmentation start: mode=fixed modality=tabular seed=1 n_samples=402 strong_views=1
2026-02-02 16:57:40,726 DEBUG bench.orchestrators.augmentation augmentation.py:74: Augmentation steps: weak=['tabular.gaussian_noise'] strong=['tabular.swap_noise']
2026-02-02 16:57:40,815 INFO bench.orchestrators.augmentation augmentation.py:191: Augmentation done: duration_s=0.090
2026-02-02 16:57:40,816 DEBUG bench.orchestrators.augmentation augmentation.py:192: Augmentation output shapes: weak=(402, 9) strong=(402, 9) strong_1=None
2026-02-02 16:57:40,816 INFO bench.orchestrators.method_inductive method_inductive.py:441: Inductive method start: id=temporal_ensembling seed=398591604 device=auto dtype=float32 model=mlp
2026-02-02 16:57:40,816 DEBUG bench.orchestrators.method_inductive method_inductive.py:470: Inductive method params: {'lambda_u': 1.0, 'unsup_warm_up': 0.4, 'batch_size': 128, 'max_epochs': 50, 'alpha': 0.6, 'freeze_bn': True, 'detach_target': True}
2026-02-02 16:57:40,816 INFO bench.orchestrators.method_inductive method_inductive.py:476: Inductive method data: n_labeled=101 n_unlabeled=402
2026-02-02 16:57:41,735 INFO modssc.inductive.methods.temporal_ensembling temporal_ensembling.py:70: Starting temporal_ensembling.fit
2026-02-02 16:57:41,735 DEBUG modssc.inductive.methods.temporal_ensembling temporal_ensembling.py:71: params lambda_u=1.0 unsup_warm_up=0.4 batch_size=128 max_epochs=50 alpha=0.6 freeze_bn=True detach_target=True has_model_bundle=True device=DeviceSpec(device='auto', dtype='float32') seed=398591604
2026-02-02 16:57:41,735 INFO modssc.inductive.methods.temporal_ensembling temporal_ensembling.py:104: Temporal Ensembling sizes: n_labeled=101 n_unlabeled=402
2026-02-02 16:57:41,831 DEBUG modssc.inductive.methods.temporal_ensembling temporal_ensembling.py:231: TemporalEnsembling epoch=0 warm=0.000 sup_loss=0.7134 unsup_loss=0.2504 alpha=0.6
2026-02-02 16:57:41,873 DEBUG modssc.inductive.methods.temporal_ensembling temporal_ensembling.py:231: TemporalEnsembling epoch=1 warm=0.050 sup_loss=0.3245 unsup_loss=0.0748 alpha=0.6
2026-02-02 16:57:41,880 DEBUG modssc.inductive.methods.temporal_ensembling temporal_ensembling.py:231: TemporalEnsembling epoch=2 warm=0.100 sup_loss=0.1739 unsup_loss=0.0548 alpha=0.6
2026-02-02 16:57:41,887 DEBUG modssc.inductive.methods.temporal_ensembling temporal_ensembling.py:231: TemporalEnsembling epoch=3 warm=0.150 sup_loss=0.1396 unsup_loss=0.0300 alpha=0.6
2026-02-02 16:57:41,894 DEBUG modssc.inductive.methods.temporal_ensembling temporal_ensembling.py:231: TemporalEnsembling epoch=4 warm=0.200 sup_loss=0.1274 unsup_loss=0.0130 alpha=0.6
2026-02-02 16:57:41,900 DEBUG modssc.inductive.methods.temporal_ensembling temporal_ensembling.py:231: TemporalEnsembling epoch=5 warm=0.250 sup_loss=0.1204 unsup_loss=0.0056 alpha=0.6
2026-02-02 16:57:41,907 DEBUG modssc.inductive.methods.temporal_ensembling temporal_ensembling.py:231: TemporalEnsembling epoch=6 warm=0.300 sup_loss=0.1049 unsup_loss=0.0035 alpha=0.6
2026-02-02 16:57:41,913 DEBUG modssc.inductive.methods.temporal_ensembling temporal_ensembling.py:231: TemporalEnsembling epoch=7 warm=0.350 sup_loss=0.0883 unsup_loss=0.0016 alpha=0.6
2026-02-02 16:57:41,920 DEBUG modssc.inductive.methods.temporal_ensembling temporal_ensembling.py:231: TemporalEnsembling epoch=8 warm=0.400 sup_loss=0.0762 unsup_loss=0.0014 alpha=0.6
2026-02-02 16:57:41,927 DEBUG modssc.inductive.methods.temporal_ensembling temporal_ensembling.py:231: TemporalEnsembling epoch=9 warm=0.450 sup_loss=0.0598 unsup_loss=0.0018 alpha=0.6
2026-02-02 16:57:41,933 DEBUG modssc.inductive.methods.temporal_ensembling temporal_ensembling.py:231: TemporalEnsembling epoch=10 warm=0.500 sup_loss=0.0513 unsup_loss=0.0019 alpha=0.6
2026-02-02 16:57:41,940 DEBUG modssc.inductive.methods.temporal_ensembling temporal_ensembling.py:231: TemporalEnsembling epoch=11 warm=0.550 sup_loss=0.0441 unsup_loss=0.0010 alpha=0.6
2026-02-02 16:57:41,946 DEBUG modssc.inductive.methods.temporal_ensembling temporal_ensembling.py:231: TemporalEnsembling epoch=12 warm=0.600 sup_loss=0.0327 unsup_loss=0.0012 alpha=0.6
2026-02-02 16:57:41,953 DEBUG modssc.inductive.methods.temporal_ensembling temporal_ensembling.py:231: TemporalEnsembling epoch=13 warm=0.650 sup_loss=0.0280 unsup_loss=0.0014 alpha=0.6
2026-02-02 16:57:41,960 DEBUG modssc.inductive.methods.temporal_ensembling temporal_ensembling.py:231: TemporalEnsembling epoch=14 warm=0.700 sup_loss=0.0260 unsup_loss=0.0009 alpha=0.6
2026-02-02 16:57:41,966 DEBUG modssc.inductive.methods.temporal_ensembling temporal_ensembling.py:231: TemporalEnsembling epoch=15 warm=0.750 sup_loss=0.0186 unsup_loss=0.0005 alpha=0.6
2026-02-02 16:57:41,973 DEBUG modssc.inductive.methods.temporal_ensembling temporal_ensembling.py:231: TemporalEnsembling epoch=16 warm=0.800 sup_loss=0.0158 unsup_loss=0.0007 alpha=0.6
2026-02-02 16:57:41,980 DEBUG modssc.inductive.methods.temporal_ensembling temporal_ensembling.py:231: TemporalEnsembling epoch=17 warm=0.850 sup_loss=0.0138 unsup_loss=0.0010 alpha=0.6
2026-02-02 16:57:41,986 DEBUG modssc.inductive.methods.temporal_ensembling temporal_ensembling.py:231: TemporalEnsembling epoch=18 warm=0.900 sup_loss=0.0101 unsup_loss=0.0009 alpha=0.6
2026-02-02 16:57:41,993 DEBUG modssc.inductive.methods.temporal_ensembling temporal_ensembling.py:231: TemporalEnsembling epoch=19 warm=0.950 sup_loss=0.0113 unsup_loss=0.0003 alpha=0.6
2026-02-02 16:57:42,000 DEBUG modssc.inductive.methods.temporal_ensembling temporal_ensembling.py:231: TemporalEnsembling epoch=20 warm=1.000 sup_loss=0.0078 unsup_loss=0.0006 alpha=0.6
2026-02-02 16:57:42,006 DEBUG modssc.inductive.methods.temporal_ensembling temporal_ensembling.py:231: TemporalEnsembling epoch=21 warm=1.000 sup_loss=0.0054 unsup_loss=0.0006 alpha=0.6
2026-02-02 16:57:42,013 DEBUG modssc.inductive.methods.temporal_ensembling temporal_ensembling.py:231: TemporalEnsembling epoch=22 warm=1.000 sup_loss=0.0047 unsup_loss=0.0012 alpha=0.6
2026-02-02 16:57:42,019 DEBUG modssc.inductive.methods.temporal_ensembling temporal_ensembling.py:231: TemporalEnsembling epoch=23 warm=1.000 sup_loss=0.0047 unsup_loss=0.0008 alpha=0.6
2026-02-02 16:57:42,026 DEBUG modssc.inductive.methods.temporal_ensembling temporal_ensembling.py:231: TemporalEnsembling epoch=24 warm=1.000 sup_loss=0.0048 unsup_loss=0.0009 alpha=0.6
2026-02-02 16:57:42,033 DEBUG modssc.inductive.methods.temporal_ensembling temporal_ensembling.py:231: TemporalEnsembling epoch=25 warm=1.000 sup_loss=0.0037 unsup_loss=0.0008 alpha=0.6
2026-02-02 16:57:42,039 DEBUG modssc.inductive.methods.temporal_ensembling temporal_ensembling.py:231: TemporalEnsembling epoch=26 warm=1.000 sup_loss=0.0037 unsup_loss=0.0005 alpha=0.6
2026-02-02 16:57:42,046 DEBUG modssc.inductive.methods.temporal_ensembling temporal_ensembling.py:231: TemporalEnsembling epoch=27 warm=1.000 sup_loss=0.0035 unsup_loss=0.0009 alpha=0.6
2026-02-02 16:57:42,052 DEBUG modssc.inductive.methods.temporal_ensembling temporal_ensembling.py:231: TemporalEnsembling epoch=28 warm=1.000 sup_loss=0.0022 unsup_loss=0.0007 alpha=0.6
2026-02-02 16:57:42,059 DEBUG modssc.inductive.methods.temporal_ensembling temporal_ensembling.py:231: TemporalEnsembling epoch=29 warm=1.000 sup_loss=0.0028 unsup_loss=0.0009 alpha=0.6
2026-02-02 16:57:42,066 DEBUG modssc.inductive.methods.temporal_ensembling temporal_ensembling.py:231: TemporalEnsembling epoch=30 warm=1.000 sup_loss=0.0033 unsup_loss=0.0019 alpha=0.6
2026-02-02 16:57:42,072 DEBUG modssc.inductive.methods.temporal_ensembling temporal_ensembling.py:231: TemporalEnsembling epoch=31 warm=1.000 sup_loss=0.0028 unsup_loss=0.0005 alpha=0.6
2026-02-02 16:57:42,079 DEBUG modssc.inductive.methods.temporal_ensembling temporal_ensembling.py:231: TemporalEnsembling epoch=32 warm=1.000 sup_loss=0.0026 unsup_loss=0.0007 alpha=0.6
2026-02-02 16:57:42,086 DEBUG modssc.inductive.methods.temporal_ensembling temporal_ensembling.py:231: TemporalEnsembling epoch=33 warm=1.000 sup_loss=0.0019 unsup_loss=0.0011 alpha=0.6
2026-02-02 16:57:42,092 DEBUG modssc.inductive.methods.temporal_ensembling temporal_ensembling.py:231: TemporalEnsembling epoch=34 warm=1.000 sup_loss=0.0022 unsup_loss=0.0012 alpha=0.6
2026-02-02 16:57:42,099 DEBUG modssc.inductive.methods.temporal_ensembling temporal_ensembling.py:231: TemporalEnsembling epoch=35 warm=1.000 sup_loss=0.0019 unsup_loss=0.0009 alpha=0.6
2026-02-02 16:57:42,105 DEBUG modssc.inductive.methods.temporal_ensembling temporal_ensembling.py:231: TemporalEnsembling epoch=36 warm=1.000 sup_loss=0.0022 unsup_loss=0.0009 alpha=0.6
2026-02-02 16:57:42,112 DEBUG modssc.inductive.methods.temporal_ensembling temporal_ensembling.py:231: TemporalEnsembling epoch=37 warm=1.000 sup_loss=0.0016 unsup_loss=0.0008 alpha=0.6
2026-02-02 16:57:42,119 DEBUG modssc.inductive.methods.temporal_ensembling temporal_ensembling.py:231: TemporalEnsembling epoch=38 warm=1.000 sup_loss=0.0021 unsup_loss=0.0006 alpha=0.6
2026-02-02 16:57:42,125 DEBUG modssc.inductive.methods.temporal_ensembling temporal_ensembling.py:231: TemporalEnsembling epoch=39 warm=1.000 sup_loss=0.0013 unsup_loss=0.0011 alpha=0.6
2026-02-02 16:57:42,132 DEBUG modssc.inductive.methods.temporal_ensembling temporal_ensembling.py:231: TemporalEnsembling epoch=40 warm=1.000 sup_loss=0.0010 unsup_loss=0.0011 alpha=0.6
2026-02-02 16:57:42,138 DEBUG modssc.inductive.methods.temporal_ensembling temporal_ensembling.py:231: TemporalEnsembling epoch=41 warm=1.000 sup_loss=0.0011 unsup_loss=0.0009 alpha=0.6
2026-02-02 16:57:42,145 DEBUG modssc.inductive.methods.temporal_ensembling temporal_ensembling.py:231: TemporalEnsembling epoch=42 warm=1.000 sup_loss=0.0011 unsup_loss=0.0008 alpha=0.6
2026-02-02 16:57:42,152 DEBUG modssc.inductive.methods.temporal_ensembling temporal_ensembling.py:231: TemporalEnsembling epoch=43 warm=1.000 sup_loss=0.0018 unsup_loss=0.0005 alpha=0.6
2026-02-02 16:57:42,158 DEBUG modssc.inductive.methods.temporal_ensembling temporal_ensembling.py:231: TemporalEnsembling epoch=44 warm=1.000 sup_loss=0.0024 unsup_loss=0.0006 alpha=0.6
2026-02-02 16:57:42,165 DEBUG modssc.inductive.methods.temporal_ensembling temporal_ensembling.py:231: TemporalEnsembling epoch=45 warm=1.000 sup_loss=0.0011 unsup_loss=0.0006 alpha=0.6
2026-02-02 16:57:42,171 DEBUG modssc.inductive.methods.temporal_ensembling temporal_ensembling.py:231: TemporalEnsembling epoch=46 warm=1.000 sup_loss=0.0018 unsup_loss=0.0010 alpha=0.6
2026-02-02 16:57:42,178 DEBUG modssc.inductive.methods.temporal_ensembling temporal_ensembling.py:231: TemporalEnsembling epoch=47 warm=1.000 sup_loss=0.0009 unsup_loss=0.0005 alpha=0.6
2026-02-02 16:57:42,185 DEBUG modssc.inductive.methods.temporal_ensembling temporal_ensembling.py:231: TemporalEnsembling epoch=48 warm=1.000 sup_loss=0.0010 unsup_loss=0.0011 alpha=0.6
2026-02-02 16:57:42,191 DEBUG modssc.inductive.methods.temporal_ensembling temporal_ensembling.py:231: TemporalEnsembling epoch=49 warm=1.000 sup_loss=0.0008 unsup_loss=0.0007 alpha=0.6
2026-02-02 16:57:42,197 INFO modssc.inductive.methods.temporal_ensembling temporal_ensembling.py:257: Finished temporal_ensembling.fit in 0.462s
2026-02-02 16:57:42,197 INFO bench.orchestrators.method_inductive method_inductive.py:550: Inductive method done: id=temporal_ensembling duration_s=1.381
2026-02-02 16:57:42,197 INFO bench.orchestrators.evaluation evaluation.py:189: Evaluation (inductive): splits=['val', 'test'] metrics=['accuracy', 'macro_f1']
2026-02-02 16:57:42,205 INFO bench.orchestrators.evaluation evaluation.py:231: Evaluation (inductive) done: duration_s=0.007
2026-02-02 16:57:42,206 INFO bench.orchestrators.reporting reporting.py:54: Run summary written: /nfs/home/mbarbaux/ModSSC/runs/inductive/temporal_ensembling/tabular/breast_cancer/best_tabular_inductive_temporal_ensembling_breast_cancer-20260202T155739Z/run.json status=success duration_s=0.001
