2026-02-02 17:05:06,607 INFO bench.orchestrators.dataset dataset.py:36: Dataset start: id=toy download=True cache_dir=None
2026-02-02 17:05:06,607 DEBUG bench.orchestrators.dataset dataset.py:42: Dataset options: []
2026-02-02 17:05:06,610 DEBUG modssc.data_loader.providers __init__.py:38: Creating provider: toy
2026-02-02 17:05:06,611 DEBUG modssc.data_loader.api api.py:316: Resolved dataset id=toy provider=toy canonical_uri=toy:default
2026-02-02 17:05:06,611 INFO modssc.data_loader.api api.py:117: Dataset load: id=toy provider=toy version=1 fingerprint=e0c01c98d61086d3a0f9eed4436f4ecf49dcaace00195bf10f825786b9b12b89 download=True force=False cache_dir=/nfs/home/mbarbaux/ModSSC/cache/datasets
2026-02-02 17:05:06,611 DEBUG modssc.data_loader.api api.py:127: Dataset resolved_kwargs: {'n_samples': 64, 'n_features': 4, 'n_classes': 3, 'seed': 0, 'test': True, 'test_size': 0.25}
2026-02-02 17:05:06,613 DEBUG modssc.data_loader.api api.py:403: Loaded cached dataset: fingerprint=e0c01c98d61086d3a0f9eed4436f4ecf49dcaace00195bf10f825786b9b12b89
2026-02-02 17:05:06,613 INFO modssc.data_loader.api api.py:133: Dataset cached: id=toy train=48 test=16 n_classes=3 duration_s=0.006
2026-02-02 17:05:06,613 INFO bench.orchestrators.dataset dataset.py:54: Dataset loaded: train=48 test=16 graph=False fingerprint=e0c01c98d61086d3a0f9eed4436f4ecf49dcaace00195bf10f825786b9b12b89 provider=toy
2026-02-02 17:05:06,613 INFO bench.orchestrators.dataset dataset.py:62: Dataset stage done: duration_s=0.007
2026-02-02 17:05:06,660 INFO bench.orchestrators.sampling sampling.py:86: Sampling start: seed=1 dataset_id=toy
2026-02-02 17:05:06,660 DEBUG bench.orchestrators.sampling sampling.py:87: Sampling plan: split={'kind': 'holdout', 'test_fraction': 0.2, 'val_fraction': 0.1, 'stratify': True, 'shuffle': True} labeling={'mode': 'fraction', 'value': 0.2, 'per_class': False, 'min_per_class': 1, 'strategy': 'balanced', 'fixed_indices': None} imbalance={'kind': 'none', 'apply_to': 'train', 'max_per_class': None, 'alpha': None, 'min_per_class': 1} policy={'respect_official_test': True, 'use_official_graph_masks': True, 'allow_override_official': False}
2026-02-02 17:05:06,660 DEBUG bench.orchestrators.sampling sampling.py:98: Sampling dataset_fingerprint=e0c01c98d61086d3a0f9eed4436f4ecf49dcaace00195bf10f825786b9b12b89
2026-02-02 17:05:06,660 INFO modssc.sampling.api api.py:99: Sampling start: dataset_id=toy dataset_fingerprint=e0c01c98d61086d3a0f9eed4436f4ecf49dcaace00195bf10f825786b9b12b89 seed=1 graph=False split=holdout
2026-02-02 17:05:06,660 DEBUG modssc.sampling.api api.py:107: Sampling plan: {'split': {'kind': 'holdout', 'test_fraction': 0.2, 'val_fraction': 0.1, 'stratify': True, 'shuffle': True}, 'labeling': {'mode': 'fraction', 'value': 0.2, 'per_class': False, 'min_per_class': 1, 'strategy': 'balanced', 'fixed_indices': None}, 'imbalance': {'kind': 'none', 'apply_to': 'train', 'max_per_class': None, 'alpha': None, 'min_per_class': 1}, 'policy': {'respect_official_test': True, 'use_official_graph_masks': True, 'allow_override_official': False}}
2026-02-02 17:05:06,672 INFO modssc.sampling.api api.py:141: Sampling done: train=43 val=5 test=16 labeled=9 unlabeled=34 duration_s=0.013
2026-02-02 17:05:06,672 DEBUG modssc.sampling.api api.py:150: Sampling stats: {'policy': {'respect_official_test': True, 'has_official_test': True, 'test_ref': 'test'}, 'train': {'n': 43, 'classes': {'0': 14, '1': 15, '2': 14}}, 'val': {'n': 5, 'classes': {'0': 1, '1': 2, '2': 2}}, 'train_labeled': {'n': 9, 'classes': {'0': 3, '1': 3, '2': 3}}, 'train_unlabeled': {'n': 34}, 'test': {'n': 16, 'classes': {'0': 6, '1': 5, '2': 5}}}
2026-02-02 17:05:06,673 INFO bench.orchestrators.sampling sampling.py:123: Sampling result: train=43 val=5 test=16 labeled=9 unlabeled=34 graph=False
2026-02-02 17:05:06,673 DEBUG bench.orchestrators.sampling sampling.py:132: Sampling stats: {'policy': {'respect_official_test': True, 'has_official_test': True, 'test_ref': 'test'}, 'train': {'n': 43, 'classes': {'0': 14, '1': 15, '2': 14}}, 'val': {'n': 5, 'classes': {'0': 1, '1': 2, '2': 2}}, 'train_labeled': {'n': 9, 'classes': {'0': 3, '1': 3, '2': 3}}, 'train_unlabeled': {'n': 34}, 'test': {'n': 16, 'classes': {'0': 6, '1': 5, '2': 5}}}
2026-02-02 17:05:06,673 INFO bench.orchestrators.sampling sampling.py:133: Sampling stage done: duration_s=0.013
2026-02-02 17:05:06,673 INFO bench.orchestrators.preprocess preprocess.py:105: Preprocess start: seed=1 cache=True n_steps=6 fit_indices=9
2026-02-02 17:05:06,673 DEBUG bench.orchestrators.preprocess preprocess.py:112: Preprocess plan: output_key=features.X steps=['labels.encode', 'labels.to_torch', 'core.ensure_2d', 'tabular.impute', 'tabular.standard_scaler', 'core.to_torch']
2026-02-02 17:05:06,673 INFO modssc.preprocess.api api.py:490: Preprocess start: dataset_fp=e0c01c98d61086d3a0f9eed4436f4ecf49dcaace00195bf10f825786b9b12b89 steps=['labels.encode', 'labels.to_torch', 'core.ensure_2d', 'tabular.impute', 'tabular.standard_scaler', 'core.to_torch'] output_key=features.X seed=1 cache=True
2026-02-02 17:05:06,673 DEBUG modssc.preprocess.api api.py:498: Preprocess input shapes: train_X=(48, 4) train_y=(48,) test_X=(16, 4) test_y=(16,)
2026-02-02 17:05:06,673 INFO modssc.preprocess.api api.py:505: Preprocess input size: train_data=1.1 KB test_data=384 B
2026-02-02 17:05:06,673 DEBUG modssc.preprocess.api api.py:521: Preprocess step start: id=labels.encode index=0 kind=transform params={}
2026-02-02 17:05:06,675 DEBUG modssc.preprocess.api api.py:605: Preprocess step train outputs: id=labels.encode keys=['labels.classes', 'labels.y'] duration_s=0.002
2026-02-02 17:05:06,676 DEBUG modssc.preprocess.api api.py:654: Preprocess step test outputs: id=labels.encode keys=['labels.classes', 'labels.y']
2026-02-02 17:05:06,676 INFO modssc.preprocess.api api.py:679: Preprocess step done: id=labels.encode index=0 duration_s=0.003 train_data=1.1 KB test_data=384 B
2026-02-02 17:05:06,676 DEBUG modssc.preprocess.api api.py:521: Preprocess step start: id=labels.to_torch index=1 kind=transform params={'device': 'auto', 'dtype': 'int64'}
2026-02-02 17:05:06,778 DEBUG modssc.preprocess.api api.py:605: Preprocess step train outputs: id=labels.to_torch keys=['labels.y'] duration_s=0.102
2026-02-02 17:05:06,780 DEBUG modssc.preprocess.api api.py:654: Preprocess step test outputs: id=labels.to_torch keys=['labels.y']
2026-02-02 17:05:06,780 INFO modssc.preprocess.api api.py:267: Preprocess GPU device: device=cuda:0 model=NVIDIA L40
2026-02-02 17:05:06,780 INFO modssc.preprocess.api api.py:679: Preprocess step done: id=labels.to_torch index=1 duration_s=0.103 train_data=1.1 KB test_data=384 B
2026-02-02 17:05:06,780 DEBUG modssc.preprocess.api api.py:521: Preprocess step start: id=core.ensure_2d index=2 kind=transform params={}
2026-02-02 17:05:06,782 DEBUG modssc.preprocess.api api.py:605: Preprocess step train outputs: id=core.ensure_2d keys=['features.X'] duration_s=0.002
2026-02-02 17:05:06,782 DEBUG modssc.preprocess.api api.py:654: Preprocess step test outputs: id=core.ensure_2d keys=['features.X']
2026-02-02 17:05:06,782 INFO modssc.preprocess.api api.py:679: Preprocess step done: id=core.ensure_2d index=2 duration_s=0.002 train_data=1.1 KB test_data=384 B
2026-02-02 17:05:06,782 DEBUG modssc.preprocess.api api.py:521: Preprocess step start: id=tabular.impute index=3 kind=fittable params={}
2026-02-02 17:05:07,805 DEBUG modssc.preprocess.api api.py:605: Preprocess step train outputs: id=tabular.impute keys=['features.X'] duration_s=1.023
2026-02-02 17:05:07,805 DEBUG modssc.preprocess.api api.py:654: Preprocess step test outputs: id=tabular.impute keys=['features.X']
2026-02-02 17:05:07,805 INFO modssc.preprocess.api api.py:679: Preprocess step done: id=tabular.impute index=3 duration_s=1.023 train_data=1.1 KB test_data=384 B
2026-02-02 17:05:07,806 DEBUG modssc.preprocess.api api.py:521: Preprocess step start: id=tabular.standard_scaler index=4 kind=fittable params={}
2026-02-02 17:05:07,807 DEBUG modssc.preprocess.api api.py:605: Preprocess step train outputs: id=tabular.standard_scaler keys=['features.X'] duration_s=0.002
2026-02-02 17:05:07,808 DEBUG modssc.preprocess.api api.py:654: Preprocess step test outputs: id=tabular.standard_scaler keys=['features.X']
2026-02-02 17:05:07,808 INFO modssc.preprocess.api api.py:679: Preprocess step done: id=tabular.standard_scaler index=4 duration_s=0.002 train_data=1.1 KB test_data=384 B
2026-02-02 17:05:07,808 DEBUG modssc.preprocess.api api.py:521: Preprocess step start: id=core.to_torch index=5 kind=transform params={'device': 'auto', 'dtype': 'float32'}
2026-02-02 17:05:07,809 DEBUG modssc.preprocess.api api.py:605: Preprocess step train outputs: id=core.to_torch keys=['features.X'] duration_s=0.002
2026-02-02 17:05:07,810 DEBUG modssc.preprocess.api api.py:654: Preprocess step test outputs: id=core.to_torch keys=['features.X']
2026-02-02 17:05:07,810 INFO modssc.preprocess.api api.py:679: Preprocess step done: id=core.to_torch index=5 duration_s=0.002 train_data=1.1 KB test_data=384 B
2026-02-02 17:05:07,810 INFO modssc.preprocess.api api.py:730: Preprocess done: dataset_fp=e0c01c98d61086d3a0f9eed4436f4ecf49dcaace00195bf10f825786b9b12b89 duration_s=1.137 train_X=(48, 4) test_X=(16, 4)
2026-02-02 17:05:07,810 INFO bench.orchestrators.preprocess preprocess.py:124: Preprocess result: fingerprint=preprocess:2084820f9dca20adeb55bdfd0f380fbf298775455425b2e216730279686da63f plan_fingerprint=resolved_plan:2fd28781de548db14dc25cb730c4a58beda13172ed36f45b2cc1411caf334e69 cache_dir=/nfs/home/mbarbaux/ModSSC/cache/preprocess/e0c01c98d61086d3a0f9eed4436f4ecf49dcaace00195bf10f825786b9b12b89 skipped=[]
2026-02-02 17:05:07,810 DEBUG bench.orchestrators.preprocess preprocess.py:131: Preprocess output shapes: train_X=(48, 4) test_X=(16, 4)
2026-02-02 17:05:07,810 INFO bench.orchestrators.preprocess preprocess.py:136: Preprocess stage done: duration_s=1.137
2026-02-02 17:05:07,818 INFO bench.orchestrators.augmentation augmentation.py:66: Augmentation start: mode=fixed modality=tabular seed=1 n_samples=34 strong_views=1
2026-02-02 17:05:07,819 DEBUG bench.orchestrators.augmentation augmentation.py:74: Augmentation steps: weak=['tabular.gaussian_noise'] strong=['tabular.swap_noise']
2026-02-02 17:05:07,852 INFO bench.orchestrators.augmentation augmentation.py:191: Augmentation done: duration_s=0.033
2026-02-02 17:05:07,852 DEBUG bench.orchestrators.augmentation augmentation.py:192: Augmentation output shapes: weak=(34, 4) strong=(34, 4) strong_1=None
2026-02-02 17:05:07,852 INFO bench.orchestrators.method_inductive method_inductive.py:441: Inductive method start: id=temporal_ensembling seed=398591604 device=auto dtype=float32 model=mlp
2026-02-02 17:05:07,852 DEBUG bench.orchestrators.method_inductive method_inductive.py:470: Inductive method params: {'lambda_u': 1.0, 'unsup_warm_up': 0.4, 'batch_size': 128, 'max_epochs': 50, 'alpha': 0.6, 'freeze_bn': True, 'detach_target': True}
2026-02-02 17:05:07,852 INFO bench.orchestrators.method_inductive method_inductive.py:476: Inductive method data: n_labeled=9 n_unlabeled=34
2026-02-02 17:05:08,777 INFO modssc.inductive.methods.temporal_ensembling temporal_ensembling.py:70: Starting temporal_ensembling.fit
2026-02-02 17:05:08,778 DEBUG modssc.inductive.methods.temporal_ensembling temporal_ensembling.py:71: params lambda_u=1.0 unsup_warm_up=0.4 batch_size=128 max_epochs=50 alpha=0.6 freeze_bn=True detach_target=True has_model_bundle=True device=DeviceSpec(device='auto', dtype='float32') seed=398591604
2026-02-02 17:05:08,778 INFO modssc.inductive.methods.temporal_ensembling temporal_ensembling.py:104: Temporal Ensembling sizes: n_labeled=9 n_unlabeled=34
2026-02-02 17:05:08,880 DEBUG modssc.inductive.methods.temporal_ensembling temporal_ensembling.py:231: TemporalEnsembling epoch=0 warm=0.000 sup_loss=1.1027 unsup_loss=0.1124 alpha=0.6
2026-02-02 17:05:08,918 DEBUG modssc.inductive.methods.temporal_ensembling temporal_ensembling.py:231: TemporalEnsembling epoch=1 warm=0.050 sup_loss=1.0235 unsup_loss=0.0169 alpha=0.6
2026-02-02 17:05:08,921 DEBUG modssc.inductive.methods.temporal_ensembling temporal_ensembling.py:231: TemporalEnsembling epoch=2 warm=0.100 sup_loss=0.9283 unsup_loss=0.0059 alpha=0.6
2026-02-02 17:05:08,923 DEBUG modssc.inductive.methods.temporal_ensembling temporal_ensembling.py:231: TemporalEnsembling epoch=3 warm=0.150 sup_loss=0.8622 unsup_loss=0.0036 alpha=0.6
2026-02-02 17:05:08,924 DEBUG modssc.inductive.methods.temporal_ensembling temporal_ensembling.py:231: TemporalEnsembling epoch=4 warm=0.200 sup_loss=0.8023 unsup_loss=0.0034 alpha=0.6
2026-02-02 17:05:08,926 DEBUG modssc.inductive.methods.temporal_ensembling temporal_ensembling.py:231: TemporalEnsembling epoch=5 warm=0.250 sup_loss=0.7449 unsup_loss=0.0030 alpha=0.6
2026-02-02 17:05:08,928 DEBUG modssc.inductive.methods.temporal_ensembling temporal_ensembling.py:231: TemporalEnsembling epoch=6 warm=0.300 sup_loss=0.6929 unsup_loss=0.0027 alpha=0.6
2026-02-02 17:05:08,930 DEBUG modssc.inductive.methods.temporal_ensembling temporal_ensembling.py:231: TemporalEnsembling epoch=7 warm=0.350 sup_loss=0.6447 unsup_loss=0.0025 alpha=0.6
2026-02-02 17:05:08,932 DEBUG modssc.inductive.methods.temporal_ensembling temporal_ensembling.py:231: TemporalEnsembling epoch=8 warm=0.400 sup_loss=0.6085 unsup_loss=0.0022 alpha=0.6
2026-02-02 17:05:08,934 DEBUG modssc.inductive.methods.temporal_ensembling temporal_ensembling.py:231: TemporalEnsembling epoch=9 warm=0.450 sup_loss=0.5594 unsup_loss=0.0025 alpha=0.6
2026-02-02 17:05:08,935 DEBUG modssc.inductive.methods.temporal_ensembling temporal_ensembling.py:231: TemporalEnsembling epoch=10 warm=0.500 sup_loss=0.5118 unsup_loss=0.0023 alpha=0.6
2026-02-02 17:05:08,937 DEBUG modssc.inductive.methods.temporal_ensembling temporal_ensembling.py:231: TemporalEnsembling epoch=11 warm=0.550 sup_loss=0.4802 unsup_loss=0.0019 alpha=0.6
2026-02-02 17:05:08,939 DEBUG modssc.inductive.methods.temporal_ensembling temporal_ensembling.py:231: TemporalEnsembling epoch=12 warm=0.600 sup_loss=0.4475 unsup_loss=0.0018 alpha=0.6
2026-02-02 17:05:08,941 DEBUG modssc.inductive.methods.temporal_ensembling temporal_ensembling.py:231: TemporalEnsembling epoch=13 warm=0.650 sup_loss=0.4224 unsup_loss=0.0018 alpha=0.6
2026-02-02 17:05:08,942 DEBUG modssc.inductive.methods.temporal_ensembling temporal_ensembling.py:231: TemporalEnsembling epoch=14 warm=0.700 sup_loss=0.3863 unsup_loss=0.0017 alpha=0.6
2026-02-02 17:05:08,944 DEBUG modssc.inductive.methods.temporal_ensembling temporal_ensembling.py:231: TemporalEnsembling epoch=15 warm=0.750 sup_loss=0.3730 unsup_loss=0.0015 alpha=0.6
2026-02-02 17:05:08,946 DEBUG modssc.inductive.methods.temporal_ensembling temporal_ensembling.py:231: TemporalEnsembling epoch=16 warm=0.800 sup_loss=0.3053 unsup_loss=0.0023 alpha=0.6
2026-02-02 17:05:08,948 DEBUG modssc.inductive.methods.temporal_ensembling temporal_ensembling.py:231: TemporalEnsembling epoch=17 warm=0.850 sup_loss=0.3362 unsup_loss=0.0013 alpha=0.6
2026-02-02 17:05:08,949 DEBUG modssc.inductive.methods.temporal_ensembling temporal_ensembling.py:231: TemporalEnsembling epoch=18 warm=0.900 sup_loss=0.2948 unsup_loss=0.0009 alpha=0.6
2026-02-02 17:05:08,951 DEBUG modssc.inductive.methods.temporal_ensembling temporal_ensembling.py:231: TemporalEnsembling epoch=19 warm=0.950 sup_loss=0.2978 unsup_loss=0.0016 alpha=0.6
2026-02-02 17:05:08,953 DEBUG modssc.inductive.methods.temporal_ensembling temporal_ensembling.py:231: TemporalEnsembling epoch=20 warm=1.000 sup_loss=0.2705 unsup_loss=0.0014 alpha=0.6
2026-02-02 17:05:08,955 DEBUG modssc.inductive.methods.temporal_ensembling temporal_ensembling.py:231: TemporalEnsembling epoch=21 warm=1.000 sup_loss=0.2789 unsup_loss=0.0013 alpha=0.6
2026-02-02 17:05:08,956 DEBUG modssc.inductive.methods.temporal_ensembling temporal_ensembling.py:231: TemporalEnsembling epoch=22 warm=1.000 sup_loss=0.2024 unsup_loss=0.0010 alpha=0.6
2026-02-02 17:05:08,958 DEBUG modssc.inductive.methods.temporal_ensembling temporal_ensembling.py:231: TemporalEnsembling epoch=23 warm=1.000 sup_loss=0.2039 unsup_loss=0.0010 alpha=0.6
2026-02-02 17:05:08,960 DEBUG modssc.inductive.methods.temporal_ensembling temporal_ensembling.py:231: TemporalEnsembling epoch=24 warm=1.000 sup_loss=0.1947 unsup_loss=0.0009 alpha=0.6
2026-02-02 17:05:08,961 DEBUG modssc.inductive.methods.temporal_ensembling temporal_ensembling.py:231: TemporalEnsembling epoch=25 warm=1.000 sup_loss=0.1967 unsup_loss=0.0007 alpha=0.6
2026-02-02 17:05:08,963 DEBUG modssc.inductive.methods.temporal_ensembling temporal_ensembling.py:231: TemporalEnsembling epoch=26 warm=1.000 sup_loss=0.1689 unsup_loss=0.0014 alpha=0.6
2026-02-02 17:05:08,965 DEBUG modssc.inductive.methods.temporal_ensembling temporal_ensembling.py:231: TemporalEnsembling epoch=27 warm=1.000 sup_loss=0.1649 unsup_loss=0.0010 alpha=0.6
2026-02-02 17:05:08,967 DEBUG modssc.inductive.methods.temporal_ensembling temporal_ensembling.py:231: TemporalEnsembling epoch=28 warm=1.000 sup_loss=0.1554 unsup_loss=0.0011 alpha=0.6
2026-02-02 17:05:08,968 DEBUG modssc.inductive.methods.temporal_ensembling temporal_ensembling.py:231: TemporalEnsembling epoch=29 warm=1.000 sup_loss=0.1403 unsup_loss=0.0014 alpha=0.6
2026-02-02 17:05:08,970 DEBUG modssc.inductive.methods.temporal_ensembling temporal_ensembling.py:231: TemporalEnsembling epoch=30 warm=1.000 sup_loss=0.1148 unsup_loss=0.0012 alpha=0.6
2026-02-02 17:05:08,972 DEBUG modssc.inductive.methods.temporal_ensembling temporal_ensembling.py:231: TemporalEnsembling epoch=31 warm=1.000 sup_loss=0.1274 unsup_loss=0.0019 alpha=0.6
2026-02-02 17:05:08,974 DEBUG modssc.inductive.methods.temporal_ensembling temporal_ensembling.py:231: TemporalEnsembling epoch=32 warm=1.000 sup_loss=0.1140 unsup_loss=0.0012 alpha=0.6
2026-02-02 17:05:08,975 DEBUG modssc.inductive.methods.temporal_ensembling temporal_ensembling.py:231: TemporalEnsembling epoch=33 warm=1.000 sup_loss=0.1039 unsup_loss=0.0009 alpha=0.6
2026-02-02 17:05:08,977 DEBUG modssc.inductive.methods.temporal_ensembling temporal_ensembling.py:231: TemporalEnsembling epoch=34 warm=1.000 sup_loss=0.0969 unsup_loss=0.0012 alpha=0.6
2026-02-02 17:05:08,979 DEBUG modssc.inductive.methods.temporal_ensembling temporal_ensembling.py:231: TemporalEnsembling epoch=35 warm=1.000 sup_loss=0.0812 unsup_loss=0.0016 alpha=0.6
2026-02-02 17:05:08,981 DEBUG modssc.inductive.methods.temporal_ensembling temporal_ensembling.py:231: TemporalEnsembling epoch=36 warm=1.000 sup_loss=0.0868 unsup_loss=0.0006 alpha=0.6
2026-02-02 17:05:08,982 DEBUG modssc.inductive.methods.temporal_ensembling temporal_ensembling.py:231: TemporalEnsembling epoch=37 warm=1.000 sup_loss=0.0743 unsup_loss=0.0008 alpha=0.6
2026-02-02 17:05:08,984 DEBUG modssc.inductive.methods.temporal_ensembling temporal_ensembling.py:231: TemporalEnsembling epoch=38 warm=1.000 sup_loss=0.0613 unsup_loss=0.0009 alpha=0.6
2026-02-02 17:05:08,986 DEBUG modssc.inductive.methods.temporal_ensembling temporal_ensembling.py:231: TemporalEnsembling epoch=39 warm=1.000 sup_loss=0.0546 unsup_loss=0.0012 alpha=0.6
2026-02-02 17:05:08,988 DEBUG modssc.inductive.methods.temporal_ensembling temporal_ensembling.py:231: TemporalEnsembling epoch=40 warm=1.000 sup_loss=0.0517 unsup_loss=0.0012 alpha=0.6
2026-02-02 17:05:08,989 DEBUG modssc.inductive.methods.temporal_ensembling temporal_ensembling.py:231: TemporalEnsembling epoch=41 warm=1.000 sup_loss=0.0442 unsup_loss=0.0022 alpha=0.6
2026-02-02 17:05:08,991 DEBUG modssc.inductive.methods.temporal_ensembling temporal_ensembling.py:231: TemporalEnsembling epoch=42 warm=1.000 sup_loss=0.0471 unsup_loss=0.0020 alpha=0.6
2026-02-02 17:05:08,993 DEBUG modssc.inductive.methods.temporal_ensembling temporal_ensembling.py:231: TemporalEnsembling epoch=43 warm=1.000 sup_loss=0.0452 unsup_loss=0.0007 alpha=0.6
2026-02-02 17:05:08,994 DEBUG modssc.inductive.methods.temporal_ensembling temporal_ensembling.py:231: TemporalEnsembling epoch=44 warm=1.000 sup_loss=0.0315 unsup_loss=0.0016 alpha=0.6
2026-02-02 17:05:08,996 DEBUG modssc.inductive.methods.temporal_ensembling temporal_ensembling.py:231: TemporalEnsembling epoch=45 warm=1.000 sup_loss=0.0383 unsup_loss=0.0018 alpha=0.6
2026-02-02 17:05:08,998 DEBUG modssc.inductive.methods.temporal_ensembling temporal_ensembling.py:231: TemporalEnsembling epoch=46 warm=1.000 sup_loss=0.0411 unsup_loss=0.0017 alpha=0.6
2026-02-02 17:05:09,000 DEBUG modssc.inductive.methods.temporal_ensembling temporal_ensembling.py:231: TemporalEnsembling epoch=47 warm=1.000 sup_loss=0.0291 unsup_loss=0.0019 alpha=0.6
2026-02-02 17:05:09,001 DEBUG modssc.inductive.methods.temporal_ensembling temporal_ensembling.py:231: TemporalEnsembling epoch=48 warm=1.000 sup_loss=0.0382 unsup_loss=0.0019 alpha=0.6
2026-02-02 17:05:09,003 DEBUG modssc.inductive.methods.temporal_ensembling temporal_ensembling.py:231: TemporalEnsembling epoch=49 warm=1.000 sup_loss=0.0235 unsup_loss=0.0011 alpha=0.6
2026-02-02 17:05:09,004 INFO modssc.inductive.methods.temporal_ensembling temporal_ensembling.py:257: Finished temporal_ensembling.fit in 0.227s
2026-02-02 17:05:09,004 INFO bench.orchestrators.method_inductive method_inductive.py:550: Inductive method done: id=temporal_ensembling duration_s=1.152
2026-02-02 17:05:09,004 INFO bench.orchestrators.evaluation evaluation.py:189: Evaluation (inductive): splits=['val', 'test'] metrics=['accuracy', 'macro_f1']
2026-02-02 17:05:09,006 INFO bench.orchestrators.evaluation evaluation.py:231: Evaluation (inductive) done: duration_s=0.002
2026-02-02 17:05:09,007 INFO bench.orchestrators.reporting reporting.py:54: Run summary written: /nfs/home/mbarbaux/ModSSC/runs/inductive/temporal_ensembling/tabular/toy/best_tabular_inductive_temporal_ensembling_toy-20260202T160506Z/run.json status=success duration_s=0.001
