2026-02-02 17:01:00,159 INFO bench.orchestrators.dataset dataset.py:36: Dataset start: id=iris download=True cache_dir=None
2026-02-02 17:01:00,159 DEBUG bench.orchestrators.dataset dataset.py:42: Dataset options: []
2026-02-02 17:01:00,161 DEBUG modssc.data_loader.providers __init__.py:38: Creating provider: openml
2026-02-02 17:01:00,162 DEBUG modssc.data_loader.api api.py:316: Resolved dataset id=iris provider=openml canonical_uri=openml:61
2026-02-02 17:01:00,162 INFO modssc.data_loader.api api.py:117: Dataset load: id=iris provider=openml version=None fingerprint=ba055ddc9f9ca1b72ab8a14217263923c7ce2466a9ada1892118d69873fd8572 download=True force=False cache_dir=/nfs/home/mbarbaux/ModSSC/cache/datasets
2026-02-02 17:01:00,162 DEBUG modssc.data_loader.api api.py:127: Dataset resolved_kwargs: {'data_id': 61, 'name': None, 'version': None, 'as_frame': False, 'target_column': None, 'class_filter': None, 'max_samples': None, 'seed': None}
2026-02-02 17:01:00,163 DEBUG modssc.data_loader.api api.py:403: Loaded cached dataset: fingerprint=ba055ddc9f9ca1b72ab8a14217263923c7ce2466a9ada1892118d69873fd8572
2026-02-02 17:01:00,167 INFO modssc.data_loader.api api.py:133: Dataset cached: id=iris train=150 test=None n_classes=3 duration_s=0.008
2026-02-02 17:01:00,167 INFO bench.orchestrators.dataset dataset.py:54: Dataset loaded: train=150 test=None graph=False fingerprint=ba055ddc9f9ca1b72ab8a14217263923c7ce2466a9ada1892118d69873fd8572 provider=openml
2026-02-02 17:01:00,167 INFO bench.orchestrators.dataset dataset.py:62: Dataset stage done: duration_s=0.009
2026-02-02 17:01:00,214 INFO bench.orchestrators.sampling sampling.py:86: Sampling start: seed=1 dataset_id=iris
2026-02-02 17:01:00,214 DEBUG bench.orchestrators.sampling sampling.py:87: Sampling plan: split={'kind': 'holdout', 'test_fraction': 0.2, 'val_fraction': 0.1, 'stratify': True, 'shuffle': True} labeling={'mode': 'fraction', 'value': 0.2, 'per_class': False, 'min_per_class': 1, 'strategy': 'balanced', 'fixed_indices': None} imbalance={'kind': 'none', 'apply_to': 'train', 'max_per_class': None, 'alpha': None, 'min_per_class': 1} policy={'respect_official_test': True, 'use_official_graph_masks': True, 'allow_override_official': False}
2026-02-02 17:01:00,214 DEBUG bench.orchestrators.sampling sampling.py:98: Sampling dataset_fingerprint=ba055ddc9f9ca1b72ab8a14217263923c7ce2466a9ada1892118d69873fd8572
2026-02-02 17:01:00,214 INFO modssc.sampling.api api.py:99: Sampling start: dataset_id=iris dataset_fingerprint=ba055ddc9f9ca1b72ab8a14217263923c7ce2466a9ada1892118d69873fd8572 seed=1 graph=False split=holdout
2026-02-02 17:01:00,214 DEBUG modssc.sampling.api api.py:107: Sampling plan: {'split': {'kind': 'holdout', 'test_fraction': 0.2, 'val_fraction': 0.1, 'stratify': True, 'shuffle': True}, 'labeling': {'mode': 'fraction', 'value': 0.2, 'per_class': False, 'min_per_class': 1, 'strategy': 'balanced', 'fixed_indices': None}, 'imbalance': {'kind': 'none', 'apply_to': 'train', 'max_per_class': None, 'alpha': None, 'min_per_class': 1}, 'policy': {'respect_official_test': True, 'use_official_graph_masks': True, 'allow_override_official': False}}
2026-02-02 17:01:00,221 INFO modssc.sampling.api api.py:141: Sampling done: train=108 val=12 test=30 labeled=22 unlabeled=86 duration_s=0.007
2026-02-02 17:01:00,221 DEBUG modssc.sampling.api api.py:150: Sampling stats: {'policy': {'respect_official_test': True, 'has_official_test': False, 'test_ref': 'train'}, 'train': {'n': 108, 'classes': {'Iris-setosa': 36, 'Iris-versicolor': 36, 'Iris-virginica': 36}}, 'val': {'n': 12, 'classes': {'Iris-setosa': 4, 'Iris-versicolor': 4, 'Iris-virginica': 4}}, 'train_labeled': {'n': 22, 'classes': {'Iris-setosa': 8, 'Iris-versicolor': 7, 'Iris-virginica': 7}}, 'train_unlabeled': {'n': 86}, 'test': {'n': 30, 'classes': {'Iris-setosa': 10, 'Iris-versicolor': 10, 'Iris-virginica': 10}}}
2026-02-02 17:01:00,221 INFO bench.orchestrators.sampling sampling.py:123: Sampling result: train=108 val=12 test=30 labeled=22 unlabeled=86 graph=False
2026-02-02 17:01:00,221 DEBUG bench.orchestrators.sampling sampling.py:132: Sampling stats: {'policy': {'respect_official_test': True, 'has_official_test': False, 'test_ref': 'train'}, 'train': {'n': 108, 'classes': {'Iris-setosa': 36, 'Iris-versicolor': 36, 'Iris-virginica': 36}}, 'val': {'n': 12, 'classes': {'Iris-setosa': 4, 'Iris-versicolor': 4, 'Iris-virginica': 4}}, 'train_labeled': {'n': 22, 'classes': {'Iris-setosa': 8, 'Iris-versicolor': 7, 'Iris-virginica': 7}}, 'train_unlabeled': {'n': 86}, 'test': {'n': 30, 'classes': {'Iris-setosa': 10, 'Iris-versicolor': 10, 'Iris-virginica': 10}}}
2026-02-02 17:01:00,221 INFO bench.orchestrators.sampling sampling.py:133: Sampling stage done: duration_s=0.008
2026-02-02 17:01:00,221 INFO bench.orchestrators.preprocess preprocess.py:105: Preprocess start: seed=1 cache=True n_steps=6 fit_indices=22
2026-02-02 17:01:00,221 DEBUG bench.orchestrators.preprocess preprocess.py:112: Preprocess plan: output_key=features.X steps=['labels.encode', 'labels.to_torch', 'core.ensure_2d', 'tabular.impute', 'tabular.standard_scaler', 'core.to_torch']
2026-02-02 17:01:00,222 INFO modssc.preprocess.api api.py:490: Preprocess start: dataset_fp=ba055ddc9f9ca1b72ab8a14217263923c7ce2466a9ada1892118d69873fd8572 steps=['labels.encode', 'labels.to_torch', 'core.ensure_2d', 'tabular.impute', 'tabular.standard_scaler', 'core.to_torch'] output_key=features.X seed=1 cache=True
2026-02-02 17:01:00,222 DEBUG modssc.preprocess.api api.py:498: Preprocess input shapes: train_X=(150, 4) train_y=(150,) test_X=None test_y=None
2026-02-02 17:01:00,222 INFO modssc.preprocess.api api.py:505: Preprocess input size: train_data=5.9 KB test_data=n/a
2026-02-02 17:01:00,222 DEBUG modssc.preprocess.api api.py:521: Preprocess step start: id=labels.encode index=0 kind=transform params={}
2026-02-02 17:01:00,224 DEBUG modssc.preprocess.api api.py:605: Preprocess step train outputs: id=labels.encode keys=['labels.classes', 'labels.y'] duration_s=0.002
2026-02-02 17:01:00,224 INFO modssc.preprocess.api api.py:679: Preprocess step done: id=labels.encode index=0 duration_s=0.002 train_data=5.9 KB test_data=n/a
2026-02-02 17:01:00,224 DEBUG modssc.preprocess.api api.py:521: Preprocess step start: id=labels.to_torch index=1 kind=transform params={'device': 'auto', 'dtype': 'int64'}
2026-02-02 17:01:00,320 DEBUG modssc.preprocess.api api.py:605: Preprocess step train outputs: id=labels.to_torch keys=['labels.y'] duration_s=0.096
2026-02-02 17:01:00,320 INFO modssc.preprocess.api api.py:267: Preprocess GPU device: device=cuda:0 model=NVIDIA L40
2026-02-02 17:01:00,321 INFO modssc.preprocess.api api.py:679: Preprocess step done: id=labels.to_torch index=1 duration_s=0.096 train_data=5.9 KB test_data=n/a
2026-02-02 17:01:00,321 DEBUG modssc.preprocess.api api.py:521: Preprocess step start: id=core.ensure_2d index=2 kind=transform params={}
2026-02-02 17:01:00,323 DEBUG modssc.preprocess.api api.py:605: Preprocess step train outputs: id=core.ensure_2d keys=['features.X'] duration_s=0.002
2026-02-02 17:01:00,323 INFO modssc.preprocess.api api.py:679: Preprocess step done: id=core.ensure_2d index=2 duration_s=0.002 train_data=5.9 KB test_data=n/a
2026-02-02 17:01:00,323 DEBUG modssc.preprocess.api api.py:521: Preprocess step start: id=tabular.impute index=3 kind=fittable params={}
2026-02-02 17:01:01,245 DEBUG modssc.preprocess.api api.py:605: Preprocess step train outputs: id=tabular.impute keys=['features.X'] duration_s=0.922
2026-02-02 17:01:01,245 INFO modssc.preprocess.api api.py:679: Preprocess step done: id=tabular.impute index=3 duration_s=0.922 train_data=5.9 KB test_data=n/a
2026-02-02 17:01:01,245 DEBUG modssc.preprocess.api api.py:521: Preprocess step start: id=tabular.standard_scaler index=4 kind=fittable params={}
2026-02-02 17:01:01,247 DEBUG modssc.preprocess.api api.py:605: Preprocess step train outputs: id=tabular.standard_scaler keys=['features.X'] duration_s=0.002
2026-02-02 17:01:01,247 INFO modssc.preprocess.api api.py:679: Preprocess step done: id=tabular.standard_scaler index=4 duration_s=0.002 train_data=3.5 KB test_data=n/a
2026-02-02 17:01:01,247 DEBUG modssc.preprocess.api api.py:521: Preprocess step start: id=core.to_torch index=5 kind=transform params={'device': 'auto', 'dtype': 'float32'}
2026-02-02 17:01:01,248 DEBUG modssc.preprocess.api api.py:605: Preprocess step train outputs: id=core.to_torch keys=['features.X'] duration_s=0.002
2026-02-02 17:01:01,249 INFO modssc.preprocess.api api.py:679: Preprocess step done: id=core.to_torch index=5 duration_s=0.002 train_data=3.5 KB test_data=n/a
2026-02-02 17:01:01,249 INFO modssc.preprocess.api api.py:730: Preprocess done: dataset_fp=ba055ddc9f9ca1b72ab8a14217263923c7ce2466a9ada1892118d69873fd8572 duration_s=1.027 train_X=(150, 4) test_X=None
2026-02-02 17:01:01,249 INFO bench.orchestrators.preprocess preprocess.py:124: Preprocess result: fingerprint=preprocess:75598ed099a81a08799b66a7d3baf5526adf278e3ed02c30f4109069d7106690 plan_fingerprint=resolved_plan:2fd28781de548db14dc25cb730c4a58beda13172ed36f45b2cc1411caf334e69 cache_dir=/nfs/home/mbarbaux/ModSSC/cache/preprocess/ba055ddc9f9ca1b72ab8a14217263923c7ce2466a9ada1892118d69873fd8572 skipped=[]
2026-02-02 17:01:01,249 DEBUG bench.orchestrators.preprocess preprocess.py:131: Preprocess output shapes: train_X=(150, 4) test_X=None
2026-02-02 17:01:01,249 INFO bench.orchestrators.preprocess preprocess.py:136: Preprocess stage done: duration_s=1.027
2026-02-02 17:01:01,263 INFO bench.orchestrators.augmentation augmentation.py:66: Augmentation start: mode=fixed modality=tabular seed=1 n_samples=86 strong_views=1
2026-02-02 17:01:01,263 DEBUG bench.orchestrators.augmentation augmentation.py:74: Augmentation steps: weak=['tabular.gaussian_noise'] strong=['tabular.swap_noise']
2026-02-02 17:01:01,298 INFO bench.orchestrators.augmentation augmentation.py:191: Augmentation done: duration_s=0.035
2026-02-02 17:01:01,298 DEBUG bench.orchestrators.augmentation augmentation.py:192: Augmentation output shapes: weak=(86, 4) strong=(86, 4) strong_1=None
2026-02-02 17:01:01,298 INFO bench.orchestrators.method_inductive method_inductive.py:441: Inductive method start: id=mean_teacher seed=398591604 device=auto dtype=float32 model=mlp
2026-02-02 17:01:01,298 DEBUG bench.orchestrators.method_inductive method_inductive.py:470: Inductive method params: {'lambda_u': 1.0, 'unsup_warm_up': 0.4, 'batch_size': 128, 'max_epochs': 50, 'ema_decay': 0.999, 'freeze_bn': True, 'detach_target': True}
2026-02-02 17:01:01,299 INFO bench.orchestrators.method_inductive method_inductive.py:476: Inductive method data: n_labeled=22 n_unlabeled=86
2026-02-02 17:01:02,252 INFO modssc.inductive.methods.mean_teacher mean_teacher.py:95: Starting mean_teacher.fit
2026-02-02 17:01:02,252 DEBUG modssc.inductive.methods.mean_teacher mean_teacher.py:96: params lambda_u=1.0 unsup_warm_up=0.4 batch_size=128 max_epochs=50 ema_decay=0.999 freeze_bn=True detach_target=True has_model_bundle=True device=DeviceSpec(device='auto', dtype='float32') seed=398591604
2026-02-02 17:01:02,252 INFO modssc.inductive.methods.mean_teacher mean_teacher.py:127: Mean Teacher sizes: n_labeled=22 n_unlabeled=86
2026-02-02 17:01:02,338 DEBUG modssc.inductive.methods.mean_teacher mean_teacher.py:233: MeanTeacher epoch=0 warm=0.000 sup_loss=1.1297 unsup_loss=0.0005 ema_decay=0.999
2026-02-02 17:01:02,380 DEBUG modssc.inductive.methods.mean_teacher mean_teacher.py:233: MeanTeacher epoch=1 warm=0.050 sup_loss=0.9875 unsup_loss=0.0028 ema_decay=0.999
2026-02-02 17:01:02,383 DEBUG modssc.inductive.methods.mean_teacher mean_teacher.py:233: MeanTeacher epoch=2 warm=0.100 sup_loss=0.8483 unsup_loss=0.0099 ema_decay=0.999
2026-02-02 17:01:02,384 DEBUG modssc.inductive.methods.mean_teacher mean_teacher.py:233: MeanTeacher epoch=3 warm=0.150 sup_loss=0.7520 unsup_loss=0.0219 ema_decay=0.999
2026-02-02 17:01:02,386 DEBUG modssc.inductive.methods.mean_teacher mean_teacher.py:233: MeanTeacher epoch=4 warm=0.200 sup_loss=0.6572 unsup_loss=0.0330 ema_decay=0.999
2026-02-02 17:01:02,388 DEBUG modssc.inductive.methods.mean_teacher mean_teacher.py:233: MeanTeacher epoch=5 warm=0.250 sup_loss=0.5960 unsup_loss=0.0488 ema_decay=0.999
2026-02-02 17:01:02,390 DEBUG modssc.inductive.methods.mean_teacher mean_teacher.py:233: MeanTeacher epoch=6 warm=0.300 sup_loss=0.5472 unsup_loss=0.0630 ema_decay=0.999
2026-02-02 17:01:02,392 DEBUG modssc.inductive.methods.mean_teacher mean_teacher.py:233: MeanTeacher epoch=7 warm=0.350 sup_loss=0.5071 unsup_loss=0.0752 ema_decay=0.999
2026-02-02 17:01:02,393 DEBUG modssc.inductive.methods.mean_teacher mean_teacher.py:233: MeanTeacher epoch=8 warm=0.400 sup_loss=0.4617 unsup_loss=0.0867 ema_decay=0.999
2026-02-02 17:01:02,395 DEBUG modssc.inductive.methods.mean_teacher mean_teacher.py:233: MeanTeacher epoch=9 warm=0.450 sup_loss=0.4510 unsup_loss=0.0939 ema_decay=0.999
2026-02-02 17:01:02,396 DEBUG modssc.inductive.methods.mean_teacher mean_teacher.py:233: MeanTeacher epoch=10 warm=0.500 sup_loss=0.4310 unsup_loss=0.0982 ema_decay=0.999
2026-02-02 17:01:02,398 DEBUG modssc.inductive.methods.mean_teacher mean_teacher.py:233: MeanTeacher epoch=11 warm=0.550 sup_loss=0.3887 unsup_loss=0.1036 ema_decay=0.999
2026-02-02 17:01:02,400 DEBUG modssc.inductive.methods.mean_teacher mean_teacher.py:233: MeanTeacher epoch=12 warm=0.600 sup_loss=0.3936 unsup_loss=0.1068 ema_decay=0.999
2026-02-02 17:01:02,401 DEBUG modssc.inductive.methods.mean_teacher mean_teacher.py:233: MeanTeacher epoch=13 warm=0.650 sup_loss=0.3810 unsup_loss=0.1094 ema_decay=0.999
2026-02-02 17:01:02,403 DEBUG modssc.inductive.methods.mean_teacher mean_teacher.py:233: MeanTeacher epoch=14 warm=0.700 sup_loss=0.3341 unsup_loss=0.1110 ema_decay=0.999
2026-02-02 17:01:02,404 DEBUG modssc.inductive.methods.mean_teacher mean_teacher.py:233: MeanTeacher epoch=15 warm=0.750 sup_loss=0.3444 unsup_loss=0.1128 ema_decay=0.999
2026-02-02 17:01:02,406 DEBUG modssc.inductive.methods.mean_teacher mean_teacher.py:233: MeanTeacher epoch=16 warm=0.800 sup_loss=0.3123 unsup_loss=0.1157 ema_decay=0.999
2026-02-02 17:01:02,407 DEBUG modssc.inductive.methods.mean_teacher mean_teacher.py:233: MeanTeacher epoch=17 warm=0.850 sup_loss=0.3257 unsup_loss=0.1184 ema_decay=0.999
2026-02-02 17:01:02,409 DEBUG modssc.inductive.methods.mean_teacher mean_teacher.py:233: MeanTeacher epoch=18 warm=0.900 sup_loss=0.3178 unsup_loss=0.1172 ema_decay=0.999
2026-02-02 17:01:02,411 DEBUG modssc.inductive.methods.mean_teacher mean_teacher.py:233: MeanTeacher epoch=19 warm=0.950 sup_loss=0.2928 unsup_loss=0.1280 ema_decay=0.999
2026-02-02 17:01:02,412 DEBUG modssc.inductive.methods.mean_teacher mean_teacher.py:233: MeanTeacher epoch=20 warm=1.000 sup_loss=0.2850 unsup_loss=0.1232 ema_decay=0.999
2026-02-02 17:01:02,414 DEBUG modssc.inductive.methods.mean_teacher mean_teacher.py:233: MeanTeacher epoch=21 warm=1.000 sup_loss=0.2689 unsup_loss=0.1249 ema_decay=0.999
2026-02-02 17:01:02,415 DEBUG modssc.inductive.methods.mean_teacher mean_teacher.py:233: MeanTeacher epoch=22 warm=1.000 sup_loss=0.2734 unsup_loss=0.1243 ema_decay=0.999
2026-02-02 17:01:02,417 DEBUG modssc.inductive.methods.mean_teacher mean_teacher.py:233: MeanTeacher epoch=23 warm=1.000 sup_loss=0.2581 unsup_loss=0.1293 ema_decay=0.999
2026-02-02 17:01:02,419 DEBUG modssc.inductive.methods.mean_teacher mean_teacher.py:233: MeanTeacher epoch=24 warm=1.000 sup_loss=0.2140 unsup_loss=0.1304 ema_decay=0.999
2026-02-02 17:01:02,420 DEBUG modssc.inductive.methods.mean_teacher mean_teacher.py:233: MeanTeacher epoch=25 warm=1.000 sup_loss=0.2551 unsup_loss=0.1315 ema_decay=0.999
2026-02-02 17:01:02,422 DEBUG modssc.inductive.methods.mean_teacher mean_teacher.py:233: MeanTeacher epoch=26 warm=1.000 sup_loss=0.2291 unsup_loss=0.1320 ema_decay=0.999
2026-02-02 17:01:02,423 DEBUG modssc.inductive.methods.mean_teacher mean_teacher.py:233: MeanTeacher epoch=27 warm=1.000 sup_loss=0.2242 unsup_loss=0.1279 ema_decay=0.999
2026-02-02 17:01:02,425 DEBUG modssc.inductive.methods.mean_teacher mean_teacher.py:233: MeanTeacher epoch=28 warm=1.000 sup_loss=0.2359 unsup_loss=0.1289 ema_decay=0.999
2026-02-02 17:01:02,426 DEBUG modssc.inductive.methods.mean_teacher mean_teacher.py:233: MeanTeacher epoch=29 warm=1.000 sup_loss=0.2215 unsup_loss=0.1325 ema_decay=0.999
2026-02-02 17:01:02,428 DEBUG modssc.inductive.methods.mean_teacher mean_teacher.py:233: MeanTeacher epoch=30 warm=1.000 sup_loss=0.1990 unsup_loss=0.1295 ema_decay=0.999
2026-02-02 17:01:02,430 DEBUG modssc.inductive.methods.mean_teacher mean_teacher.py:233: MeanTeacher epoch=31 warm=1.000 sup_loss=0.1793 unsup_loss=0.1312 ema_decay=0.999
2026-02-02 17:01:02,431 DEBUG modssc.inductive.methods.mean_teacher mean_teacher.py:233: MeanTeacher epoch=32 warm=1.000 sup_loss=0.1891 unsup_loss=0.1353 ema_decay=0.999
2026-02-02 17:01:02,433 DEBUG modssc.inductive.methods.mean_teacher mean_teacher.py:233: MeanTeacher epoch=33 warm=1.000 sup_loss=0.1715 unsup_loss=0.1355 ema_decay=0.999
2026-02-02 17:01:02,434 DEBUG modssc.inductive.methods.mean_teacher mean_teacher.py:233: MeanTeacher epoch=34 warm=1.000 sup_loss=0.1757 unsup_loss=0.1372 ema_decay=0.999
2026-02-02 17:01:02,436 DEBUG modssc.inductive.methods.mean_teacher mean_teacher.py:233: MeanTeacher epoch=35 warm=1.000 sup_loss=0.1643 unsup_loss=0.1385 ema_decay=0.999
2026-02-02 17:01:02,437 DEBUG modssc.inductive.methods.mean_teacher mean_teacher.py:233: MeanTeacher epoch=36 warm=1.000 sup_loss=0.1643 unsup_loss=0.1425 ema_decay=0.999
2026-02-02 17:01:02,439 DEBUG modssc.inductive.methods.mean_teacher mean_teacher.py:233: MeanTeacher epoch=37 warm=1.000 sup_loss=0.1582 unsup_loss=0.1421 ema_decay=0.999
2026-02-02 17:01:02,441 DEBUG modssc.inductive.methods.mean_teacher mean_teacher.py:233: MeanTeacher epoch=38 warm=1.000 sup_loss=0.1420 unsup_loss=0.1424 ema_decay=0.999
2026-02-02 17:01:02,442 DEBUG modssc.inductive.methods.mean_teacher mean_teacher.py:233: MeanTeacher epoch=39 warm=1.000 sup_loss=0.1354 unsup_loss=0.1424 ema_decay=0.999
2026-02-02 17:01:02,444 DEBUG modssc.inductive.methods.mean_teacher mean_teacher.py:233: MeanTeacher epoch=40 warm=1.000 sup_loss=0.1492 unsup_loss=0.1400 ema_decay=0.999
2026-02-02 17:01:02,445 DEBUG modssc.inductive.methods.mean_teacher mean_teacher.py:233: MeanTeacher epoch=41 warm=1.000 sup_loss=0.1310 unsup_loss=0.1387 ema_decay=0.999
2026-02-02 17:01:02,447 DEBUG modssc.inductive.methods.mean_teacher mean_teacher.py:233: MeanTeacher epoch=42 warm=1.000 sup_loss=0.1494 unsup_loss=0.1427 ema_decay=0.999
2026-02-02 17:01:02,449 DEBUG modssc.inductive.methods.mean_teacher mean_teacher.py:233: MeanTeacher epoch=43 warm=1.000 sup_loss=0.1098 unsup_loss=0.1436 ema_decay=0.999
2026-02-02 17:01:02,450 DEBUG modssc.inductive.methods.mean_teacher mean_teacher.py:233: MeanTeacher epoch=44 warm=1.000 sup_loss=0.1264 unsup_loss=0.1422 ema_decay=0.999
2026-02-02 17:01:02,452 DEBUG modssc.inductive.methods.mean_teacher mean_teacher.py:233: MeanTeacher epoch=45 warm=1.000 sup_loss=0.1049 unsup_loss=0.1429 ema_decay=0.999
2026-02-02 17:01:02,453 DEBUG modssc.inductive.methods.mean_teacher mean_teacher.py:233: MeanTeacher epoch=46 warm=1.000 sup_loss=0.1055 unsup_loss=0.1433 ema_decay=0.999
2026-02-02 17:01:02,455 DEBUG modssc.inductive.methods.mean_teacher mean_teacher.py:233: MeanTeacher epoch=47 warm=1.000 sup_loss=0.1060 unsup_loss=0.1446 ema_decay=0.999
2026-02-02 17:01:02,456 DEBUG modssc.inductive.methods.mean_teacher mean_teacher.py:233: MeanTeacher epoch=48 warm=1.000 sup_loss=0.0961 unsup_loss=0.1454 ema_decay=0.999
2026-02-02 17:01:02,458 DEBUG modssc.inductive.methods.mean_teacher mean_teacher.py:233: MeanTeacher epoch=49 warm=1.000 sup_loss=0.1025 unsup_loss=0.1414 ema_decay=0.999
2026-02-02 17:01:02,459 INFO modssc.inductive.methods.mean_teacher mean_teacher.py:251: Finished mean_teacher.fit in 0.207s
2026-02-02 17:01:02,459 INFO bench.orchestrators.method_inductive method_inductive.py:550: Inductive method done: id=mean_teacher duration_s=1.161
2026-02-02 17:01:02,459 INFO bench.orchestrators.evaluation evaluation.py:189: Evaluation (inductive): splits=['val', 'test'] metrics=['accuracy', 'macro_f1']
2026-02-02 17:01:02,463 INFO bench.orchestrators.evaluation evaluation.py:231: Evaluation (inductive) done: duration_s=0.004
2026-02-02 17:01:02,464 INFO bench.orchestrators.reporting reporting.py:54: Run summary written: /nfs/home/mbarbaux/ModSSC/runs/inductive/mean_teacher/tabular/iris/best_tabular_inductive_mean_teacher_iris-20260202T160100Z/run.json status=success duration_s=0.001
