2026-02-02 16:54:54,077 INFO bench.orchestrators.dataset dataset.py:36: Dataset start: id=adult download=True cache_dir=None
2026-02-02 16:54:54,077 DEBUG bench.orchestrators.dataset dataset.py:42: Dataset options: []
2026-02-02 16:54:54,081 DEBUG modssc.data_loader.providers __init__.py:38: Creating provider: openml
2026-02-02 16:54:54,081 DEBUG modssc.data_loader.api api.py:316: Resolved dataset id=adult provider=openml canonical_uri=openml:1590
2026-02-02 16:54:54,081 INFO modssc.data_loader.api api.py:117: Dataset load: id=adult provider=openml version=None fingerprint=f9281cab47a3de02bacdff6aeecab3cc3bec164d4d321622f81551b6b4f82967 download=True force=False cache_dir=/nfs/home/mbarbaux/ModSSC/cache/datasets
2026-02-02 16:54:54,081 DEBUG modssc.data_loader.api api.py:127: Dataset resolved_kwargs: {'data_id': 1590, 'name': None, 'version': None, 'as_frame': False, 'target_column': None, 'class_filter': None, 'max_samples': None, 'seed': None}
2026-02-02 16:54:54,142 DEBUG modssc.data_loader.api api.py:403: Loaded cached dataset: fingerprint=f9281cab47a3de02bacdff6aeecab3cc3bec164d4d321622f81551b6b4f82967
2026-02-02 16:54:54,161 INFO modssc.data_loader.api api.py:133: Dataset cached: id=adult train=48842 test=None n_classes=2 duration_s=0.084
2026-02-02 16:54:54,161 INFO bench.orchestrators.dataset dataset.py:54: Dataset loaded: train=48842 test=None graph=False fingerprint=f9281cab47a3de02bacdff6aeecab3cc3bec164d4d321622f81551b6b4f82967 provider=openml
2026-02-02 16:54:54,161 INFO bench.orchestrators.dataset dataset.py:62: Dataset stage done: duration_s=0.084
2026-02-02 16:54:54,182 INFO bench.orchestrators.sampling sampling.py:86: Sampling start: seed=1 dataset_id=adult
2026-02-02 16:54:54,182 DEBUG bench.orchestrators.sampling sampling.py:87: Sampling plan: split={'kind': 'holdout', 'test_fraction': 0.2, 'val_fraction': 0.1, 'stratify': True, 'shuffle': True} labeling={'mode': 'fraction', 'value': 0.2, 'per_class': False, 'min_per_class': 1, 'strategy': 'balanced', 'fixed_indices': None} imbalance={'kind': 'none', 'apply_to': 'train', 'max_per_class': None, 'alpha': None, 'min_per_class': 1} policy={'respect_official_test': True, 'use_official_graph_masks': True, 'allow_override_official': False}
2026-02-02 16:54:54,182 DEBUG bench.orchestrators.sampling sampling.py:98: Sampling dataset_fingerprint=f9281cab47a3de02bacdff6aeecab3cc3bec164d4d321622f81551b6b4f82967
2026-02-02 16:54:54,182 INFO modssc.sampling.api api.py:99: Sampling start: dataset_id=adult dataset_fingerprint=f9281cab47a3de02bacdff6aeecab3cc3bec164d4d321622f81551b6b4f82967 seed=1 graph=False split=holdout
2026-02-02 16:54:54,182 DEBUG modssc.sampling.api api.py:107: Sampling plan: {'split': {'kind': 'holdout', 'test_fraction': 0.2, 'val_fraction': 0.1, 'stratify': True, 'shuffle': True}, 'labeling': {'mode': 'fraction', 'value': 0.2, 'per_class': False, 'min_per_class': 1, 'strategy': 'balanced', 'fixed_indices': None}, 'imbalance': {'kind': 'none', 'apply_to': 'train', 'max_per_class': None, 'alpha': None, 'min_per_class': 1}, 'policy': {'respect_official_test': True, 'use_official_graph_masks': True, 'allow_override_official': False}}
2026-02-02 16:54:54,279 INFO modssc.sampling.api api.py:141: Sampling done: train=35167 val=3907 test=9768 labeled=7033 unlabeled=28134 duration_s=0.097
2026-02-02 16:54:54,279 DEBUG modssc.sampling.api api.py:150: Sampling stats: {'policy': {'respect_official_test': True, 'has_official_test': False, 'test_ref': 'train'}, 'train': {'n': 35167, 'classes': {'<=50K': 26752, '>50K': 8415}}, 'val': {'n': 3907, 'classes': {'<=50K': 2972, '>50K': 935}}, 'train_labeled': {'n': 7033, 'classes': {'<=50K': 3517, '>50K': 3516}}, 'train_unlabeled': {'n': 28134}, 'test': {'n': 9768, 'classes': {'<=50K': 7431, '>50K': 2337}}}
2026-02-02 16:54:54,299 INFO bench.orchestrators.sampling sampling.py:123: Sampling result: train=35167 val=3907 test=9768 labeled=7033 unlabeled=28134 graph=False
2026-02-02 16:54:54,299 DEBUG bench.orchestrators.sampling sampling.py:132: Sampling stats: {'policy': {'respect_official_test': True, 'has_official_test': False, 'test_ref': 'train'}, 'train': {'n': 35167, 'classes': {'<=50K': 26752, '>50K': 8415}}, 'val': {'n': 3907, 'classes': {'<=50K': 2972, '>50K': 935}}, 'train_labeled': {'n': 7033, 'classes': {'<=50K': 3517, '>50K': 3516}}, 'train_unlabeled': {'n': 28134}, 'test': {'n': 9768, 'classes': {'<=50K': 7431, '>50K': 2337}}}
2026-02-02 16:54:54,299 INFO bench.orchestrators.sampling sampling.py:133: Sampling stage done: duration_s=0.118
2026-02-02 16:54:54,300 INFO bench.orchestrators.preprocess preprocess.py:105: Preprocess start: seed=1 cache=True n_steps=5 fit_indices=7033
2026-02-02 16:54:54,300 DEBUG bench.orchestrators.preprocess preprocess.py:112: Preprocess plan: output_key=features.X steps=['labels.encode', 'tabular.one_hot', 'core.ensure_2d', 'core.pca', 'core.to_numpy']
2026-02-02 16:54:54,300 INFO modssc.preprocess.api api.py:490: Preprocess start: dataset_fp=f9281cab47a3de02bacdff6aeecab3cc3bec164d4d321622f81551b6b4f82967 steps=['labels.encode', 'tabular.one_hot', 'core.ensure_2d', 'core.pca', 'core.to_numpy'] output_key=features.X seed=1 cache=True
2026-02-02 16:54:54,300 DEBUG modssc.preprocess.api api.py:498: Preprocess input shapes: train_X=(48842, 14) train_y=(48842,) test_X=None test_y=None
2026-02-02 16:54:54,300 INFO modssc.preprocess.api api.py:505: Preprocess input size: train_data=5.6 MB test_data=n/a
2026-02-02 16:54:54,300 DEBUG modssc.preprocess.api api.py:521: Preprocess step start: id=labels.encode index=0 kind=transform params={}
2026-02-02 16:54:54,306 DEBUG modssc.preprocess.api api.py:605: Preprocess step train outputs: id=labels.encode keys=['labels.classes', 'labels.y'] duration_s=0.006
2026-02-02 16:54:54,306 INFO modssc.preprocess.api api.py:679: Preprocess step done: id=labels.encode index=0 duration_s=0.006 train_data=5.6 MB test_data=n/a
2026-02-02 16:54:54,306 DEBUG modssc.preprocess.api api.py:521: Preprocess step start: id=tabular.one_hot index=1 kind=fittable params={}
2026-02-02 16:54:55,275 DEBUG modssc.preprocess.api api.py:605: Preprocess step train outputs: id=tabular.one_hot keys=['features.X'] duration_s=0.969
2026-02-02 16:54:55,275 INFO modssc.preprocess.api api.py:679: Preprocess step done: id=tabular.one_hot index=1 duration_s=0.969 train_data=20.1 MB test_data=n/a
2026-02-02 16:54:55,275 DEBUG modssc.preprocess.api api.py:521: Preprocess step start: id=core.ensure_2d index=2 kind=transform params={}
2026-02-02 16:54:55,282 DEBUG modssc.preprocess.api api.py:605: Preprocess step train outputs: id=core.ensure_2d keys=['features.X'] duration_s=0.007
2026-02-02 16:54:55,282 INFO modssc.preprocess.api api.py:679: Preprocess step done: id=core.ensure_2d index=2 duration_s=0.007 train_data=20.1 MB test_data=n/a
2026-02-02 16:54:55,282 DEBUG modssc.preprocess.api api.py:521: Preprocess step start: id=core.pca index=3 kind=fittable params={'n_components': 30}
2026-02-02 16:54:56,074 DEBUG modssc.preprocess.api api.py:605: Preprocess step train outputs: id=core.pca keys=['features.X'] duration_s=0.792
2026-02-02 16:54:56,074 INFO modssc.preprocess.api api.py:679: Preprocess step done: id=core.pca index=3 duration_s=0.792 train_data=6.0 MB test_data=n/a
2026-02-02 16:54:56,074 DEBUG modssc.preprocess.api api.py:521: Preprocess step start: id=core.to_numpy index=4 kind=transform params={}
2026-02-02 16:54:56,077 DEBUG modssc.preprocess.api api.py:605: Preprocess step train outputs: id=core.to_numpy keys=['features.X'] duration_s=0.002
2026-02-02 16:54:56,077 INFO modssc.preprocess.api api.py:679: Preprocess step done: id=core.to_numpy index=4 duration_s=0.002 train_data=6.0 MB test_data=n/a
2026-02-02 16:54:56,077 INFO modssc.preprocess.api api.py:730: Preprocess done: dataset_fp=f9281cab47a3de02bacdff6aeecab3cc3bec164d4d321622f81551b6b4f82967 duration_s=1.777 train_X=(48842, 30) test_X=None
2026-02-02 16:54:56,077 INFO bench.orchestrators.preprocess preprocess.py:124: Preprocess result: fingerprint=preprocess:31a3bdc0449b8816bd86555011d98c6efa85f4f337dfdfb9fbb4a067efad09b5 plan_fingerprint=resolved_plan:17482c72b46c0128215067eeb16db0338f8d62fa6ee2badc8a99bb54672bbc45 cache_dir=/nfs/home/mbarbaux/ModSSC/cache/preprocess/f9281cab47a3de02bacdff6aeecab3cc3bec164d4d321622f81551b6b4f82967 skipped=[]
2026-02-02 16:54:56,077 DEBUG bench.orchestrators.preprocess preprocess.py:131: Preprocess output shapes: train_X=(48842, 30) test_X=None
2026-02-02 16:54:56,077 INFO bench.orchestrators.preprocess preprocess.py:136: Preprocess stage done: duration_s=1.777
2026-02-02 16:54:56,077 INFO bench.orchestrators.graph graph.py:67: Graph start: include_test=False cache=True
2026-02-02 16:54:56,077 DEBUG bench.orchestrators.graph graph.py:72: Graph spec: scheme=knn metric=cosine k=15 radius=None backend=numpy feature_field=features.X seed=1
2026-02-02 16:54:56,077 DEBUG bench.orchestrators.graph graph.py:89: Graph features: shape=(48842, 30)
2026-02-02 16:54:56,079 INFO modssc.graph.construction.api api.py:111: Graph cached: fingerprint=fb165a56a198c34aef9c4407753b69fa9c1a153056a34184039b0366b546aec5 n_nodes=48842 n_edges=356464 duration_s=0.002
2026-02-02 16:54:56,079 INFO bench.orchestrators.graph graph.py:100: Graph built: fingerprint=fb165a56a198c34aef9c4407753b69fa9c1a153056a34184039b0366b546aec5 n_nodes=48842 n_edges=356464 duration_s=0.002
2026-02-02 16:54:56,080 INFO bench.orchestrators.method_transductive method_transductive.py:139: Transductive method start: id=poisson_mbo seed=398591604 device=auto resolved_device=cpu use_test=False
2026-02-02 16:54:56,080 DEBUG bench.orchestrators.method_transductive method_transductive.py:147: Transductive method params: {'T': 200, 'Ninner': 40, 'Nouter': 20, 'mu': 1.0, 'd_tau': 10.0, 'smin': 0.5, 'smax': 2.0, 'n_volume_iters': 100, 'b_strategy': 'uniform', 'symmetrize': True, 'zero_diagonal': True}
2026-02-02 16:54:56,080 INFO bench.orchestrators.method_transductive method_transductive.py:158: Transductive data: n_nodes=48842 n_train=48842 n_test=0
2026-02-02 16:54:56,080 INFO bench.orchestrators.method_transductive method_transductive.py:177: Transductive masks: labeled_count=7033 train_count=35167
2026-02-02 16:54:56,080 INFO modssc.transductive.methods.pde.poisson_mbo poisson_mbo.py:244: Starting poisson_mbo.fit
2026-02-02 16:54:56,080 DEBUG modssc.transductive.methods.pde.poisson_mbo poisson_mbo.py:245: spec=PoissonMBOSpec(T=200, Ninner=40, Nouter=20, mu=1.0, d_tau=10.0, smin=0.5, smax=2.0, n_volume_iters=100, b_strategy='uniform', b=None, symmetrize=True, zero_diagonal=True) device=cpu seed=398591604
2026-02-02 16:54:56,081 INFO modssc.transductive.methods.pde.poisson_mbo poisson_mbo.py:254: Poisson MBO sizes: n_nodes=48842 labeled=7033
2026-02-02 16:55:22,325 INFO modssc.transductive.methods.pde.poisson_mbo poisson_mbo.py:270: Finished poisson_mbo.fit in 26.245s
2026-02-02 16:55:22,325 INFO bench.orchestrators.method_transductive method_transductive.py:218: Transductive method done: id=poisson_mbo duration_s=26.246
2026-02-02 16:55:22,325 INFO bench.orchestrators.evaluation evaluation.py:244: Evaluation (transductive): splits=['val', 'test'] metrics=['accuracy', 'macro_f1']
2026-02-02 16:55:22,328 INFO bench.orchestrators.evaluation evaluation.py:263: Evaluation (transductive) done: duration_s=0.002
2026-02-02 16:55:22,329 INFO bench.orchestrators.reporting reporting.py:54: Run summary written: /nfs/home/mbarbaux/ModSSC/runs/transductive/poisson_mbo/tabular/adult/best_tabular_transductive_poisson_mbo_adult-20260202T155454Z/run.json status=success duration_s=0.002
