2026-02-02 14:59:06,715 INFO bench.orchestrators.dataset dataset.py:36: Dataset start: id=citeseer download=True cache_dir=None
2026-02-02 14:59:06,715 DEBUG bench.orchestrators.dataset dataset.py:42: Dataset options: []
2026-02-02 14:59:06,719 DEBUG modssc.data_loader.providers __init__.py:38: Creating provider: pyg
2026-02-02 14:59:06,719 DEBUG modssc.data_loader.api api.py:316: Resolved dataset id=citeseer provider=pyg canonical_uri=pyg:Planetoid/CiteSeer
2026-02-02 14:59:06,719 INFO modssc.data_loader.api api.py:117: Dataset load: id=citeseer provider=pyg version=None fingerprint=3fb862b6bc9dc5b9bfd36e222d5bbeab653ca6c7a430c3accea136e424ca3744 download=True force=False cache_dir=/nfs/home/mbarbaux/ModSSC/cache/datasets
2026-02-02 14:59:06,719 DEBUG modssc.data_loader.api api.py:127: Dataset resolved_kwargs: {'dataset_class': 'Planetoid', 'dataset_kwargs': {'name': 'CiteSeer'}}
2026-02-02 14:59:06,731 DEBUG modssc.data_loader.api api.py:403: Loaded cached dataset: fingerprint=3fb862b6bc9dc5b9bfd36e222d5bbeab653ca6c7a430c3accea136e424ca3744
2026-02-02 14:59:06,731 INFO modssc.data_loader.api api.py:133: Dataset cached: id=citeseer train=3327 test=None n_classes=6 duration_s=0.016
2026-02-02 14:59:06,731 INFO bench.orchestrators.dataset dataset.py:54: Dataset loaded: train=3327 test=None graph=True fingerprint=3fb862b6bc9dc5b9bfd36e222d5bbeab653ca6c7a430c3accea136e424ca3744 provider=pyg
2026-02-02 14:59:06,731 INFO bench.orchestrators.dataset dataset.py:62: Dataset stage done: duration_s=0.016
2026-02-02 14:59:06,755 INFO bench.orchestrators.sampling sampling.py:86: Sampling start: seed=5 dataset_id=citeseer
2026-02-02 14:59:06,756 DEBUG bench.orchestrators.sampling sampling.py:87: Sampling plan: split={'kind': 'holdout', 'test_fraction': 0.2, 'val_fraction': 0.1, 'stratify': True, 'shuffle': True} labeling={'mode': 'fraction', 'value': 0.2, 'per_class': False, 'min_per_class': 1, 'strategy': 'balanced', 'fixed_indices': None} imbalance={'kind': 'none', 'apply_to': 'train', 'max_per_class': None, 'alpha': None, 'min_per_class': 1} policy={'respect_official_test': True, 'use_official_graph_masks': True, 'allow_override_official': False}
2026-02-02 14:59:06,756 DEBUG bench.orchestrators.sampling sampling.py:98: Sampling dataset_fingerprint=3fb862b6bc9dc5b9bfd36e222d5bbeab653ca6c7a430c3accea136e424ca3744
2026-02-02 14:59:06,756 INFO modssc.sampling.api api.py:99: Sampling start: dataset_id=citeseer dataset_fingerprint=3fb862b6bc9dc5b9bfd36e222d5bbeab653ca6c7a430c3accea136e424ca3744 seed=5 graph=True split=holdout
2026-02-02 14:59:06,756 DEBUG modssc.sampling.api api.py:107: Sampling plan: {'split': {'kind': 'holdout', 'test_fraction': 0.2, 'val_fraction': 0.1, 'stratify': True, 'shuffle': True}, 'labeling': {'mode': 'fraction', 'value': 0.2, 'per_class': False, 'min_per_class': 1, 'strategy': 'balanced', 'fixed_indices': None}, 'imbalance': {'kind': 'none', 'apply_to': 'train', 'max_per_class': None, 'alpha': None, 'min_per_class': 1}, 'policy': {'respect_official_test': True, 'use_official_graph_masks': True, 'allow_override_official': False}}
2026-02-02 14:59:06,766 INFO modssc.sampling.api api.py:141: Sampling done: train=120 val=500 test=1000 labeled=24 unlabeled=96 duration_s=0.011
2026-02-02 14:59:06,766 DEBUG modssc.sampling.api api.py:150: Sampling stats: {'nodes': 3327, 'train': 120, 'val': 500, 'test': 1000, 'labeled': 24, 'unlabeled': 96, 'labeled_class_dist': {'n': 24, 'classes': {'0': 4, '1': 4, '2': 4, '3': 4, '4': 4, '5': 4}}}
2026-02-02 14:59:06,766 INFO bench.orchestrators.sampling sampling.py:123: Sampling result: train=120 val=500 test=1000 labeled=24 unlabeled=96 graph=True
2026-02-02 14:59:06,766 DEBUG bench.orchestrators.sampling sampling.py:132: Sampling stats: {'nodes': 3327, 'train': 120, 'val': 500, 'test': 1000, 'labeled': 24, 'unlabeled': 96, 'labeled_class_dist': {'n': 24, 'classes': {'0': 4, '1': 4, '2': 4, '3': 4, '4': 4, '5': 4}}}
2026-02-02 14:59:06,766 INFO bench.orchestrators.sampling sampling.py:133: Sampling stage done: duration_s=0.011
2026-02-02 14:59:06,766 INFO bench.orchestrators.preprocess preprocess.py:105: Preprocess start: seed=5 cache=True n_steps=3 fit_indices=24
2026-02-02 14:59:06,766 DEBUG bench.orchestrators.preprocess preprocess.py:112: Preprocess plan: output_key=features.X steps=['labels.encode', 'core.ensure_2d', 'core.to_numpy']
2026-02-02 14:59:06,767 INFO modssc.preprocess.api api.py:490: Preprocess start: dataset_fp=3fb862b6bc9dc5b9bfd36e222d5bbeab653ca6c7a430c3accea136e424ca3744 steps=['labels.encode', 'core.ensure_2d', 'core.to_numpy'] output_key=features.X seed=5 cache=True
2026-02-02 14:59:06,767 DEBUG modssc.preprocess.api api.py:498: Preprocess input shapes: train_X=(3327, 3703) train_y=(3327,) test_X=None test_y=None
2026-02-02 14:59:06,767 INFO modssc.preprocess.api api.py:505: Preprocess input size: train_data=47.2 MB test_data=n/a
2026-02-02 14:59:06,767 DEBUG modssc.preprocess.api api.py:521: Preprocess step start: id=labels.encode index=0 kind=transform params={}
2026-02-02 14:59:06,772 DEBUG modssc.preprocess.api api.py:605: Preprocess step train outputs: id=labels.encode keys=['labels.classes', 'labels.y'] duration_s=0.006
2026-02-02 14:59:06,772 INFO modssc.preprocess.api api.py:679: Preprocess step done: id=labels.encode index=0 duration_s=0.006 train_data=47.2 MB test_data=n/a
2026-02-02 14:59:06,772 DEBUG modssc.preprocess.api api.py:521: Preprocess step start: id=core.ensure_2d index=1 kind=transform params={}
2026-02-02 14:59:06,784 DEBUG modssc.preprocess.api api.py:605: Preprocess step train outputs: id=core.ensure_2d keys=['features.X'] duration_s=0.011
2026-02-02 14:59:06,784 INFO modssc.preprocess.api api.py:679: Preprocess step done: id=core.ensure_2d index=1 duration_s=0.011 train_data=47.2 MB test_data=n/a
2026-02-02 14:59:06,784 DEBUG modssc.preprocess.api api.py:521: Preprocess step start: id=core.to_numpy index=2 kind=transform params={}
2026-02-02 14:59:06,795 DEBUG modssc.preprocess.api api.py:605: Preprocess step train outputs: id=core.to_numpy keys=['features.X'] duration_s=0.011
2026-02-02 14:59:06,795 INFO modssc.preprocess.api api.py:679: Preprocess step done: id=core.to_numpy index=2 duration_s=0.011 train_data=47.2 MB test_data=n/a
2026-02-02 14:59:06,795 INFO modssc.preprocess.api api.py:730: Preprocess done: dataset_fp=3fb862b6bc9dc5b9bfd36e222d5bbeab653ca6c7a430c3accea136e424ca3744 duration_s=0.029 train_X=(3327, 3703) test_X=None
2026-02-02 14:59:06,795 INFO bench.orchestrators.preprocess preprocess.py:124: Preprocess result: fingerprint=preprocess:1069b34df5ccf35e8af20c1a0d052e7352ec159e264e72d1990d4ec20c0a9338 plan_fingerprint=resolved_plan:8a5e3ebe41a4f364f53ac26a625ef44f5a721631be61f65e32b92a3759853b68 cache_dir=/nfs/home/mbarbaux/ModSSC/cache/preprocess/3fb862b6bc9dc5b9bfd36e222d5bbeab653ca6c7a430c3accea136e424ca3744 skipped=[]
2026-02-02 14:59:06,795 DEBUG bench.orchestrators.preprocess preprocess.py:131: Preprocess output shapes: train_X=(3327, 3703) test_X=None
2026-02-02 14:59:06,795 INFO bench.orchestrators.preprocess preprocess.py:136: Preprocess stage done: duration_s=0.029
2026-02-02 14:59:06,796 INFO bench.orchestrators.method_transductive method_transductive.py:139: Transductive method start: id=n_gcn seed=3274374610 device=auto resolved_device=cuda use_test=False
2026-02-02 14:59:06,796 DEBUG bench.orchestrators.method_transductive method_transductive.py:147: Transductive method params: {'hidden_dim': 16, 'gcn_layers': 2, 'K': 6, 'r': 4, 'classifier': 'fc', 'dropout': 0.5, 'lr': 0.01, 'weight_decay': 1e-05, 'max_epochs': 200, 'patience': 50, 'add_self_loops': True, 'symmetrize': True}
2026-02-02 14:59:06,796 INFO bench.orchestrators.method_transductive method_transductive.py:158: Transductive data: n_nodes=3327 n_train=3327 n_test=0
2026-02-02 14:59:06,796 INFO bench.orchestrators.method_transductive method_transductive.py:177: Transductive masks: labeled_count=24 train_count=120
2026-02-02 14:59:06,796 INFO modssc.transductive.methods.gnn.n_gcn n_gcn.py:202: Starting n_gcn.fit
2026-02-02 14:59:06,796 DEBUG modssc.transductive.methods.gnn.n_gcn n_gcn.py:203: spec=NGCNSpec(hidden_dim=16, gcn_layers=2, K=6, r=4, classifier='fc', dropout=0.5, lr=0.01, weight_decay=1e-05, max_epochs=200, patience=50, add_self_loops=True, symmetrize=True) device=cuda seed=3274374610
2026-02-02 14:59:06,949 INFO modssc.transductive.methods.gnn.n_gcn n_gcn.py:226: N-GCN sizes: n_nodes=3327 n_classes=6 train=24 val=500
2026-02-02 14:59:08,036 DEBUG modssc.transductive.methods.gnn.common common.py:373: train_fullbatch epoch=0 val_loss=1.7153 best updated
2026-02-02 14:59:08,122 DEBUG modssc.transductive.methods.gnn.common common.py:373: train_fullbatch epoch=1 val_loss=1.6048 best updated
2026-02-02 14:59:08,212 DEBUG modssc.transductive.methods.gnn.common common.py:373: train_fullbatch epoch=2 val_loss=1.4710 best updated
2026-02-02 14:59:08,301 DEBUG modssc.transductive.methods.gnn.common common.py:373: train_fullbatch epoch=3 val_loss=1.3344 best updated
2026-02-02 14:59:08,390 DEBUG modssc.transductive.methods.gnn.common common.py:373: train_fullbatch epoch=4 val_loss=1.2308 best updated
2026-02-02 14:59:08,478 DEBUG modssc.transductive.methods.gnn.common common.py:373: train_fullbatch epoch=5 val_loss=1.2038 best updated
2026-02-02 14:59:08,567 DEBUG modssc.transductive.methods.gnn.common common.py:380: train_fullbatch epoch=6 val_loss=1.2830 bad_epochs=1/50
2026-02-02 14:59:08,655 DEBUG modssc.transductive.methods.gnn.common common.py:380: train_fullbatch epoch=7 val_loss=1.4614 bad_epochs=2/50
2026-02-02 14:59:08,744 DEBUG modssc.transductive.methods.gnn.common common.py:380: train_fullbatch epoch=8 val_loss=1.7098 bad_epochs=3/50
2026-02-02 14:59:08,833 DEBUG modssc.transductive.methods.gnn.common common.py:380: train_fullbatch epoch=9 val_loss=1.9961 bad_epochs=4/50
2026-02-02 14:59:08,925 DEBUG modssc.transductive.methods.gnn.common common.py:380: train_fullbatch epoch=10 val_loss=2.2996 bad_epochs=5/50
2026-02-02 14:59:09,019 DEBUG modssc.transductive.methods.gnn.common common.py:380: train_fullbatch epoch=11 val_loss=2.6077 bad_epochs=6/50
2026-02-02 14:59:09,114 DEBUG modssc.transductive.methods.gnn.common common.py:380: train_fullbatch epoch=12 val_loss=2.9113 bad_epochs=7/50
2026-02-02 14:59:09,207 DEBUG modssc.transductive.methods.gnn.common common.py:380: train_fullbatch epoch=13 val_loss=3.2044 bad_epochs=8/50
2026-02-02 14:59:09,297 DEBUG modssc.transductive.methods.gnn.common common.py:380: train_fullbatch epoch=14 val_loss=3.4833 bad_epochs=9/50
2026-02-02 14:59:09,387 DEBUG modssc.transductive.methods.gnn.common common.py:380: train_fullbatch epoch=15 val_loss=3.7456 bad_epochs=10/50
2026-02-02 14:59:09,477 DEBUG modssc.transductive.methods.gnn.common common.py:380: train_fullbatch epoch=16 val_loss=3.9895 bad_epochs=11/50
2026-02-02 14:59:09,567 DEBUG modssc.transductive.methods.gnn.common common.py:380: train_fullbatch epoch=17 val_loss=4.2143 bad_epochs=12/50
2026-02-02 14:59:09,655 DEBUG modssc.transductive.methods.gnn.common common.py:380: train_fullbatch epoch=18 val_loss=4.4196 bad_epochs=13/50
2026-02-02 14:59:09,743 DEBUG modssc.transductive.methods.gnn.common common.py:380: train_fullbatch epoch=19 val_loss=4.6054 bad_epochs=14/50
2026-02-02 14:59:09,834 DEBUG modssc.transductive.methods.gnn.common common.py:380: train_fullbatch epoch=20 val_loss=4.7723 bad_epochs=15/50
2026-02-02 14:59:09,928 DEBUG modssc.transductive.methods.gnn.common common.py:380: train_fullbatch epoch=21 val_loss=4.9208 bad_epochs=16/50
2026-02-02 14:59:10,021 DEBUG modssc.transductive.methods.gnn.common common.py:380: train_fullbatch epoch=22 val_loss=5.0519 bad_epochs=17/50
2026-02-02 14:59:10,115 DEBUG modssc.transductive.methods.gnn.common common.py:380: train_fullbatch epoch=23 val_loss=5.1667 bad_epochs=18/50
2026-02-02 14:59:10,208 DEBUG modssc.transductive.methods.gnn.common common.py:380: train_fullbatch epoch=24 val_loss=5.2663 bad_epochs=19/50
2026-02-02 14:59:10,299 DEBUG modssc.transductive.methods.gnn.common common.py:380: train_fullbatch epoch=25 val_loss=5.3517 bad_epochs=20/50
2026-02-02 14:59:10,390 DEBUG modssc.transductive.methods.gnn.common common.py:380: train_fullbatch epoch=26 val_loss=5.4241 bad_epochs=21/50
2026-02-02 14:59:10,480 DEBUG modssc.transductive.methods.gnn.common common.py:380: train_fullbatch epoch=27 val_loss=5.4845 bad_epochs=22/50
2026-02-02 14:59:10,567 DEBUG modssc.transductive.methods.gnn.common common.py:380: train_fullbatch epoch=28 val_loss=5.5339 bad_epochs=23/50
2026-02-02 14:59:10,656 DEBUG modssc.transductive.methods.gnn.common common.py:380: train_fullbatch epoch=29 val_loss=5.5732 bad_epochs=24/50
2026-02-02 14:59:10,746 DEBUG modssc.transductive.methods.gnn.common common.py:380: train_fullbatch epoch=30 val_loss=5.6033 bad_epochs=25/50
2026-02-02 14:59:10,837 DEBUG modssc.transductive.methods.gnn.common common.py:380: train_fullbatch epoch=31 val_loss=5.6250 bad_epochs=26/50
2026-02-02 14:59:10,930 DEBUG modssc.transductive.methods.gnn.common common.py:380: train_fullbatch epoch=32 val_loss=5.6390 bad_epochs=27/50
2026-02-02 14:59:11,022 DEBUG modssc.transductive.methods.gnn.common common.py:380: train_fullbatch epoch=33 val_loss=5.6463 bad_epochs=28/50
2026-02-02 14:59:11,115 DEBUG modssc.transductive.methods.gnn.common common.py:380: train_fullbatch epoch=34 val_loss=5.6476 bad_epochs=29/50
2026-02-02 14:59:11,209 DEBUG modssc.transductive.methods.gnn.common common.py:380: train_fullbatch epoch=35 val_loss=5.6435 bad_epochs=30/50
2026-02-02 14:59:11,300 DEBUG modssc.transductive.methods.gnn.common common.py:380: train_fullbatch epoch=36 val_loss=5.6348 bad_epochs=31/50
2026-02-02 14:59:11,394 DEBUG modssc.transductive.methods.gnn.common common.py:380: train_fullbatch epoch=37 val_loss=5.6221 bad_epochs=32/50
2026-02-02 14:59:11,483 DEBUG modssc.transductive.methods.gnn.common common.py:380: train_fullbatch epoch=38 val_loss=5.6061 bad_epochs=33/50
2026-02-02 14:59:11,574 DEBUG modssc.transductive.methods.gnn.common common.py:380: train_fullbatch epoch=39 val_loss=5.5871 bad_epochs=34/50
2026-02-02 14:59:11,664 DEBUG modssc.transductive.methods.gnn.common common.py:380: train_fullbatch epoch=40 val_loss=5.5655 bad_epochs=35/50
2026-02-02 14:59:11,755 DEBUG modssc.transductive.methods.gnn.common common.py:380: train_fullbatch epoch=41 val_loss=5.5416 bad_epochs=36/50
2026-02-02 14:59:11,847 DEBUG modssc.transductive.methods.gnn.common common.py:380: train_fullbatch epoch=42 val_loss=5.5159 bad_epochs=37/50
2026-02-02 14:59:11,938 DEBUG modssc.transductive.methods.gnn.common common.py:380: train_fullbatch epoch=43 val_loss=5.4885 bad_epochs=38/50
2026-02-02 14:59:12,030 DEBUG modssc.transductive.methods.gnn.common common.py:380: train_fullbatch epoch=44 val_loss=5.4596 bad_epochs=39/50
2026-02-02 14:59:12,122 DEBUG modssc.transductive.methods.gnn.common common.py:380: train_fullbatch epoch=45 val_loss=5.4296 bad_epochs=40/50
2026-02-02 14:59:12,216 DEBUG modssc.transductive.methods.gnn.common common.py:380: train_fullbatch epoch=46 val_loss=5.3987 bad_epochs=41/50
2026-02-02 14:59:12,309 DEBUG modssc.transductive.methods.gnn.common common.py:380: train_fullbatch epoch=47 val_loss=5.3670 bad_epochs=42/50
2026-02-02 14:59:12,399 DEBUG modssc.transductive.methods.gnn.common common.py:380: train_fullbatch epoch=48 val_loss=5.3348 bad_epochs=43/50
2026-02-02 14:59:12,490 DEBUG modssc.transductive.methods.gnn.common common.py:380: train_fullbatch epoch=49 val_loss=5.3022 bad_epochs=44/50
2026-02-02 14:59:12,579 DEBUG modssc.transductive.methods.gnn.common common.py:380: train_fullbatch epoch=50 val_loss=5.2692 bad_epochs=45/50
2026-02-02 14:59:12,672 DEBUG modssc.transductive.methods.gnn.common common.py:380: train_fullbatch epoch=51 val_loss=5.2360 bad_epochs=46/50
2026-02-02 14:59:12,761 DEBUG modssc.transductive.methods.gnn.common common.py:380: train_fullbatch epoch=52 val_loss=5.2027 bad_epochs=47/50
2026-02-02 14:59:12,855 DEBUG modssc.transductive.methods.gnn.common common.py:380: train_fullbatch epoch=53 val_loss=5.1691 bad_epochs=48/50
2026-02-02 14:59:12,947 DEBUG modssc.transductive.methods.gnn.common common.py:380: train_fullbatch epoch=54 val_loss=5.1356 bad_epochs=49/50
2026-02-02 14:59:13,039 DEBUG modssc.transductive.methods.gnn.common common.py:380: train_fullbatch epoch=55 val_loss=5.1023 bad_epochs=50/50
2026-02-02 14:59:13,039 DEBUG modssc.transductive.methods.gnn.common common.py:388: train_fullbatch early_stop epoch=55 best_epoch=5 best_val_loss=1.2038
2026-02-02 14:59:13,040 DEBUG modssc.transductive.methods.gnn.common common.py:399: train_fullbatch done n_epochs=56 best_epoch=5 best_val_loss=1.2038261890411377
2026-02-02 14:59:13,041 INFO modssc.transductive.methods.gnn.n_gcn n_gcn.py:289: Finished n_gcn.fit in 6.245s
2026-02-02 14:59:13,041 INFO bench.orchestrators.method_transductive method_transductive.py:218: Transductive method done: id=n_gcn duration_s=6.246
2026-02-02 14:59:13,041 INFO bench.orchestrators.evaluation evaluation.py:244: Evaluation (transductive): splits=['val', 'test'] metrics=['accuracy', 'macro_f1']
2026-02-02 14:59:13,084 INFO bench.orchestrators.evaluation evaluation.py:263: Evaluation (transductive) done: duration_s=0.043
2026-02-02 14:59:13,086 INFO bench.orchestrators.reporting reporting.py:54: Run summary written: /nfs/home/mbarbaux/ModSSC/runs/transductive/n_gcn/graph/citeseer/best_graph_transductive_n_gcn_citeseer-20260202T135906Z/run.json status=success duration_s=0.002
