2026-02-02 15:09:01,532 INFO bench.orchestrators.dataset dataset.py:36: Dataset start: id=cora download=True cache_dir=None
2026-02-02 15:09:01,532 DEBUG bench.orchestrators.dataset dataset.py:42: Dataset options: []
2026-02-02 15:09:01,535 DEBUG modssc.data_loader.providers __init__.py:38: Creating provider: pyg
2026-02-02 15:09:01,535 DEBUG modssc.data_loader.api api.py:316: Resolved dataset id=cora provider=pyg canonical_uri=pyg:Planetoid/Cora
2026-02-02 15:09:01,535 INFO modssc.data_loader.api api.py:117: Dataset load: id=cora provider=pyg version=None fingerprint=2919521af8679a8c84658219f16403f74aa1bfc03b19b6a08eb2565299400728 download=True force=False cache_dir=/nfs/home/mbarbaux/ModSSC/cache/datasets
2026-02-02 15:09:01,535 DEBUG modssc.data_loader.api api.py:127: Dataset resolved_kwargs: {'dataset_class': 'Planetoid', 'dataset_kwargs': {'name': 'Cora'}}
2026-02-02 15:09:01,540 DEBUG modssc.data_loader.api api.py:403: Loaded cached dataset: fingerprint=2919521af8679a8c84658219f16403f74aa1bfc03b19b6a08eb2565299400728
2026-02-02 15:09:01,541 INFO modssc.data_loader.api api.py:133: Dataset cached: id=cora train=2708 test=None n_classes=7 duration_s=0.008
2026-02-02 15:09:01,541 INFO bench.orchestrators.dataset dataset.py:54: Dataset loaded: train=2708 test=None graph=True fingerprint=2919521af8679a8c84658219f16403f74aa1bfc03b19b6a08eb2565299400728 provider=pyg
2026-02-02 15:09:01,541 INFO bench.orchestrators.dataset dataset.py:62: Dataset stage done: duration_s=0.009
2026-02-02 15:09:01,562 INFO bench.orchestrators.sampling sampling.py:86: Sampling start: seed=5 dataset_id=cora
2026-02-02 15:09:01,562 DEBUG bench.orchestrators.sampling sampling.py:87: Sampling plan: split={'kind': 'holdout', 'test_fraction': 0.2, 'val_fraction': 0.1, 'stratify': True, 'shuffle': True} labeling={'mode': 'fraction', 'value': 0.2, 'per_class': False, 'min_per_class': 1, 'strategy': 'balanced', 'fixed_indices': None} imbalance={'kind': 'none', 'apply_to': 'train', 'max_per_class': None, 'alpha': None, 'min_per_class': 1} policy={'respect_official_test': True, 'use_official_graph_masks': True, 'allow_override_official': False}
2026-02-02 15:09:01,562 DEBUG bench.orchestrators.sampling sampling.py:98: Sampling dataset_fingerprint=2919521af8679a8c84658219f16403f74aa1bfc03b19b6a08eb2565299400728
2026-02-02 15:09:01,562 INFO modssc.sampling.api api.py:99: Sampling start: dataset_id=cora dataset_fingerprint=2919521af8679a8c84658219f16403f74aa1bfc03b19b6a08eb2565299400728 seed=5 graph=True split=holdout
2026-02-02 15:09:01,562 DEBUG modssc.sampling.api api.py:107: Sampling plan: {'split': {'kind': 'holdout', 'test_fraction': 0.2, 'val_fraction': 0.1, 'stratify': True, 'shuffle': True}, 'labeling': {'mode': 'fraction', 'value': 0.2, 'per_class': False, 'min_per_class': 1, 'strategy': 'balanced', 'fixed_indices': None}, 'imbalance': {'kind': 'none', 'apply_to': 'train', 'max_per_class': None, 'alpha': None, 'min_per_class': 1}, 'policy': {'respect_official_test': True, 'use_official_graph_masks': True, 'allow_override_official': False}}
2026-02-02 15:09:01,572 INFO modssc.sampling.api api.py:141: Sampling done: train=140 val=500 test=1000 labeled=28 unlabeled=112 duration_s=0.010
2026-02-02 15:09:01,572 DEBUG modssc.sampling.api api.py:150: Sampling stats: {'nodes': 2708, 'train': 140, 'val': 500, 'test': 1000, 'labeled': 28, 'unlabeled': 112, 'labeled_class_dist': {'n': 28, 'classes': {'0': 4, '1': 4, '2': 4, '3': 4, '4': 4, '5': 4, '6': 4}}}
2026-02-02 15:09:01,573 INFO bench.orchestrators.sampling sampling.py:123: Sampling result: train=140 val=500 test=1000 labeled=28 unlabeled=112 graph=True
2026-02-02 15:09:01,573 DEBUG bench.orchestrators.sampling sampling.py:132: Sampling stats: {'nodes': 2708, 'train': 140, 'val': 500, 'test': 1000, 'labeled': 28, 'unlabeled': 112, 'labeled_class_dist': {'n': 28, 'classes': {'0': 4, '1': 4, '2': 4, '3': 4, '4': 4, '5': 4, '6': 4}}}
2026-02-02 15:09:01,573 INFO bench.orchestrators.sampling sampling.py:133: Sampling stage done: duration_s=0.010
2026-02-02 15:09:01,573 INFO bench.orchestrators.preprocess preprocess.py:105: Preprocess start: seed=5 cache=True n_steps=3 fit_indices=28
2026-02-02 15:09:01,573 DEBUG bench.orchestrators.preprocess preprocess.py:112: Preprocess plan: output_key=features.X steps=['labels.encode', 'core.ensure_2d', 'core.to_numpy']
2026-02-02 15:09:01,573 INFO modssc.preprocess.api api.py:490: Preprocess start: dataset_fp=2919521af8679a8c84658219f16403f74aa1bfc03b19b6a08eb2565299400728 steps=['labels.encode', 'core.ensure_2d', 'core.to_numpy'] output_key=features.X seed=5 cache=True
2026-02-02 15:09:01,573 DEBUG modssc.preprocess.api api.py:498: Preprocess input shapes: train_X=(2708, 1433) train_y=(2708,) test_X=None test_y=None
2026-02-02 15:09:01,573 INFO modssc.preprocess.api api.py:505: Preprocess input size: train_data=15.0 MB test_data=n/a
2026-02-02 15:09:01,573 DEBUG modssc.preprocess.api api.py:521: Preprocess step start: id=labels.encode index=0 kind=transform params={}
2026-02-02 15:09:01,579 DEBUG modssc.preprocess.api api.py:605: Preprocess step train outputs: id=labels.encode keys=['labels.classes', 'labels.y'] duration_s=0.006
2026-02-02 15:09:01,579 INFO modssc.preprocess.api api.py:679: Preprocess step done: id=labels.encode index=0 duration_s=0.006 train_data=15.0 MB test_data=n/a
2026-02-02 15:09:01,579 DEBUG modssc.preprocess.api api.py:521: Preprocess step start: id=core.ensure_2d index=1 kind=transform params={}
2026-02-02 15:09:01,584 DEBUG modssc.preprocess.api api.py:605: Preprocess step train outputs: id=core.ensure_2d keys=['features.X'] duration_s=0.006
2026-02-02 15:09:01,585 INFO modssc.preprocess.api api.py:679: Preprocess step done: id=core.ensure_2d index=1 duration_s=0.006 train_data=15.0 MB test_data=n/a
2026-02-02 15:09:01,585 DEBUG modssc.preprocess.api api.py:521: Preprocess step start: id=core.to_numpy index=2 kind=transform params={}
2026-02-02 15:09:01,589 DEBUG modssc.preprocess.api api.py:605: Preprocess step train outputs: id=core.to_numpy keys=['features.X'] duration_s=0.005
2026-02-02 15:09:01,589 INFO modssc.preprocess.api api.py:679: Preprocess step done: id=core.to_numpy index=2 duration_s=0.005 train_data=15.0 MB test_data=n/a
2026-02-02 15:09:01,589 INFO modssc.preprocess.api api.py:730: Preprocess done: dataset_fp=2919521af8679a8c84658219f16403f74aa1bfc03b19b6a08eb2565299400728 duration_s=0.017 train_X=(2708, 1433) test_X=None
2026-02-02 15:09:01,589 INFO bench.orchestrators.preprocess preprocess.py:124: Preprocess result: fingerprint=preprocess:6eaf9a71c3db86ab24260f10118a587c53889f7dd5582a4e0ff2cdabcdf4774f plan_fingerprint=resolved_plan:8a5e3ebe41a4f364f53ac26a625ef44f5a721631be61f65e32b92a3759853b68 cache_dir=/nfs/home/mbarbaux/ModSSC/cache/preprocess/2919521af8679a8c84658219f16403f74aa1bfc03b19b6a08eb2565299400728 skipped=[]
2026-02-02 15:09:01,589 DEBUG bench.orchestrators.preprocess preprocess.py:131: Preprocess output shapes: train_X=(2708, 1433) test_X=None
2026-02-02 15:09:01,589 INFO bench.orchestrators.preprocess preprocess.py:136: Preprocess stage done: duration_s=0.017
2026-02-02 15:09:01,590 INFO bench.orchestrators.method_transductive method_transductive.py:139: Transductive method start: id=gat seed=3274374610 device=auto resolved_device=cuda use_test=False
2026-02-02 15:09:01,590 DEBUG bench.orchestrators.method_transductive method_transductive.py:147: Transductive method params: {'head_dim': 8, 'heads': 8, 'dropout': 0.6, 'negative_slope': 0.2, 'lr': 0.005, 'weight_decay': 0.0005, 'max_epochs': 200, 'patience': 100, 'add_self_loops': True}
2026-02-02 15:09:01,590 INFO bench.orchestrators.method_transductive method_transductive.py:158: Transductive data: n_nodes=2708 n_train=2708 n_test=0
2026-02-02 15:09:01,590 INFO bench.orchestrators.method_transductive method_transductive.py:177: Transductive masks: labeled_count=28 train_count=140
2026-02-02 15:09:01,590 INFO modssc.transductive.methods.gnn.gat gat.py:202: Starting gat.fit
2026-02-02 15:09:01,590 DEBUG modssc.transductive.methods.gnn.gat gat.py:203: spec=GATSpec(head_dim=8, heads=8, dropout=0.6, negative_slope=0.2, lr=0.005, weight_decay=0.0005, max_epochs=200, patience=100, add_self_loops=True) device=cuda seed=3274374610
2026-02-02 15:09:01,754 INFO modssc.transductive.methods.gnn.gat gat.py:216: GAT sizes: n_nodes=2708 n_classes=7 train=28 val=500
2026-02-02 15:09:02,686 DEBUG modssc.transductive.methods.gnn.common common.py:373: train_fullbatch epoch=0 val_loss=1.9261 best updated
2026-02-02 15:09:02,691 DEBUG modssc.transductive.methods.gnn.common common.py:373: train_fullbatch epoch=1 val_loss=1.9003 best updated
2026-02-02 15:09:02,694 DEBUG modssc.transductive.methods.gnn.common common.py:373: train_fullbatch epoch=2 val_loss=1.8677 best updated
2026-02-02 15:09:02,697 DEBUG modssc.transductive.methods.gnn.common common.py:373: train_fullbatch epoch=3 val_loss=1.8335 best updated
2026-02-02 15:09:02,701 DEBUG modssc.transductive.methods.gnn.common common.py:373: train_fullbatch epoch=4 val_loss=1.7972 best updated
2026-02-02 15:09:02,704 DEBUG modssc.transductive.methods.gnn.common common.py:373: train_fullbatch epoch=5 val_loss=1.7598 best updated
2026-02-02 15:09:02,708 DEBUG modssc.transductive.methods.gnn.common common.py:373: train_fullbatch epoch=6 val_loss=1.7230 best updated
2026-02-02 15:09:02,711 DEBUG modssc.transductive.methods.gnn.common common.py:373: train_fullbatch epoch=7 val_loss=1.6889 best updated
2026-02-02 15:09:02,714 DEBUG modssc.transductive.methods.gnn.common common.py:373: train_fullbatch epoch=8 val_loss=1.6576 best updated
2026-02-02 15:09:02,718 DEBUG modssc.transductive.methods.gnn.common common.py:373: train_fullbatch epoch=9 val_loss=1.6285 best updated
2026-02-02 15:09:02,721 DEBUG modssc.transductive.methods.gnn.common common.py:373: train_fullbatch epoch=10 val_loss=1.6013 best updated
2026-02-02 15:09:02,724 DEBUG modssc.transductive.methods.gnn.common common.py:373: train_fullbatch epoch=11 val_loss=1.5728 best updated
2026-02-02 15:09:02,727 DEBUG modssc.transductive.methods.gnn.common common.py:373: train_fullbatch epoch=12 val_loss=1.5456 best updated
2026-02-02 15:09:02,731 DEBUG modssc.transductive.methods.gnn.common common.py:373: train_fullbatch epoch=13 val_loss=1.5199 best updated
2026-02-02 15:09:02,734 DEBUG modssc.transductive.methods.gnn.common common.py:373: train_fullbatch epoch=14 val_loss=1.4969 best updated
2026-02-02 15:09:02,737 DEBUG modssc.transductive.methods.gnn.common common.py:373: train_fullbatch epoch=15 val_loss=1.4780 best updated
2026-02-02 15:09:02,741 DEBUG modssc.transductive.methods.gnn.common common.py:373: train_fullbatch epoch=16 val_loss=1.4595 best updated
2026-02-02 15:09:02,744 DEBUG modssc.transductive.methods.gnn.common common.py:373: train_fullbatch epoch=17 val_loss=1.4418 best updated
2026-02-02 15:09:02,747 DEBUG modssc.transductive.methods.gnn.common common.py:373: train_fullbatch epoch=18 val_loss=1.4245 best updated
2026-02-02 15:09:02,751 DEBUG modssc.transductive.methods.gnn.common common.py:373: train_fullbatch epoch=19 val_loss=1.4095 best updated
2026-02-02 15:09:02,754 DEBUG modssc.transductive.methods.gnn.common common.py:373: train_fullbatch epoch=20 val_loss=1.3936 best updated
2026-02-02 15:09:02,757 DEBUG modssc.transductive.methods.gnn.common common.py:373: train_fullbatch epoch=21 val_loss=1.3778 best updated
2026-02-02 15:09:02,760 DEBUG modssc.transductive.methods.gnn.common common.py:373: train_fullbatch epoch=22 val_loss=1.3654 best updated
2026-02-02 15:09:02,764 DEBUG modssc.transductive.methods.gnn.common common.py:373: train_fullbatch epoch=23 val_loss=1.3554 best updated
2026-02-02 15:09:02,767 DEBUG modssc.transductive.methods.gnn.common common.py:373: train_fullbatch epoch=24 val_loss=1.3452 best updated
2026-02-02 15:09:02,770 DEBUG modssc.transductive.methods.gnn.common common.py:373: train_fullbatch epoch=25 val_loss=1.3366 best updated
2026-02-02 15:09:02,774 DEBUG modssc.transductive.methods.gnn.common common.py:373: train_fullbatch epoch=26 val_loss=1.3284 best updated
2026-02-02 15:09:02,777 DEBUG modssc.transductive.methods.gnn.common common.py:373: train_fullbatch epoch=27 val_loss=1.3220 best updated
2026-02-02 15:09:02,780 DEBUG modssc.transductive.methods.gnn.common common.py:373: train_fullbatch epoch=28 val_loss=1.3168 best updated
2026-02-02 15:09:02,783 DEBUG modssc.transductive.methods.gnn.common common.py:373: train_fullbatch epoch=29 val_loss=1.3117 best updated
2026-02-02 15:09:02,787 DEBUG modssc.transductive.methods.gnn.common common.py:373: train_fullbatch epoch=30 val_loss=1.3075 best updated
2026-02-02 15:09:02,790 DEBUG modssc.transductive.methods.gnn.common common.py:373: train_fullbatch epoch=31 val_loss=1.3050 best updated
2026-02-02 15:09:02,793 DEBUG modssc.transductive.methods.gnn.common common.py:373: train_fullbatch epoch=32 val_loss=1.3038 best updated
2026-02-02 15:09:02,797 DEBUG modssc.transductive.methods.gnn.common common.py:373: train_fullbatch epoch=33 val_loss=1.3016 best updated
2026-02-02 15:09:02,800 DEBUG modssc.transductive.methods.gnn.common common.py:373: train_fullbatch epoch=34 val_loss=1.3011 best updated
2026-02-02 15:09:02,803 DEBUG modssc.transductive.methods.gnn.common common.py:373: train_fullbatch epoch=35 val_loss=1.3005 best updated
2026-02-02 15:09:02,806 DEBUG modssc.transductive.methods.gnn.common common.py:373: train_fullbatch epoch=36 val_loss=1.2996 best updated
2026-02-02 15:09:02,810 DEBUG modssc.transductive.methods.gnn.common common.py:373: train_fullbatch epoch=37 val_loss=1.2968 best updated
2026-02-02 15:09:02,813 DEBUG modssc.transductive.methods.gnn.common common.py:373: train_fullbatch epoch=38 val_loss=1.2944 best updated
2026-02-02 15:09:02,816 DEBUG modssc.transductive.methods.gnn.common common.py:373: train_fullbatch epoch=39 val_loss=1.2935 best updated
2026-02-02 15:09:02,820 DEBUG modssc.transductive.methods.gnn.common common.py:373: train_fullbatch epoch=40 val_loss=1.2909 best updated
2026-02-02 15:09:02,823 DEBUG modssc.transductive.methods.gnn.common common.py:373: train_fullbatch epoch=41 val_loss=1.2882 best updated
2026-02-02 15:09:02,826 DEBUG modssc.transductive.methods.gnn.common common.py:373: train_fullbatch epoch=42 val_loss=1.2863 best updated
2026-02-02 15:09:02,829 DEBUG modssc.transductive.methods.gnn.common common.py:373: train_fullbatch epoch=43 val_loss=1.2839 best updated
2026-02-02 15:09:02,833 DEBUG modssc.transductive.methods.gnn.common common.py:373: train_fullbatch epoch=44 val_loss=1.2797 best updated
2026-02-02 15:09:02,836 DEBUG modssc.transductive.methods.gnn.common common.py:373: train_fullbatch epoch=45 val_loss=1.2756 best updated
2026-02-02 15:09:02,839 DEBUG modssc.transductive.methods.gnn.common common.py:373: train_fullbatch epoch=46 val_loss=1.2704 best updated
2026-02-02 15:09:02,843 DEBUG modssc.transductive.methods.gnn.common common.py:373: train_fullbatch epoch=47 val_loss=1.2659 best updated
2026-02-02 15:09:02,846 DEBUG modssc.transductive.methods.gnn.common common.py:373: train_fullbatch epoch=48 val_loss=1.2624 best updated
2026-02-02 15:09:02,849 DEBUG modssc.transductive.methods.gnn.common common.py:373: train_fullbatch epoch=49 val_loss=1.2578 best updated
2026-02-02 15:09:02,852 DEBUG modssc.transductive.methods.gnn.common common.py:373: train_fullbatch epoch=50 val_loss=1.2524 best updated
2026-02-02 15:09:02,856 DEBUG modssc.transductive.methods.gnn.common common.py:373: train_fullbatch epoch=51 val_loss=1.2472 best updated
2026-02-02 15:09:02,859 DEBUG modssc.transductive.methods.gnn.common common.py:373: train_fullbatch epoch=52 val_loss=1.2417 best updated
2026-02-02 15:09:02,862 DEBUG modssc.transductive.methods.gnn.common common.py:373: train_fullbatch epoch=53 val_loss=1.2348 best updated
2026-02-02 15:09:02,866 DEBUG modssc.transductive.methods.gnn.common common.py:373: train_fullbatch epoch=54 val_loss=1.2278 best updated
2026-02-02 15:09:02,869 DEBUG modssc.transductive.methods.gnn.common common.py:373: train_fullbatch epoch=55 val_loss=1.2205 best updated
2026-02-02 15:09:02,872 DEBUG modssc.transductive.methods.gnn.common common.py:373: train_fullbatch epoch=56 val_loss=1.2122 best updated
2026-02-02 15:09:02,875 DEBUG modssc.transductive.methods.gnn.common common.py:373: train_fullbatch epoch=57 val_loss=1.2038 best updated
2026-02-02 15:09:02,879 DEBUG modssc.transductive.methods.gnn.common common.py:373: train_fullbatch epoch=58 val_loss=1.1931 best updated
2026-02-02 15:09:02,882 DEBUG modssc.transductive.methods.gnn.common common.py:373: train_fullbatch epoch=59 val_loss=1.1819 best updated
2026-02-02 15:09:02,885 DEBUG modssc.transductive.methods.gnn.common common.py:373: train_fullbatch epoch=60 val_loss=1.1719 best updated
2026-02-02 15:09:02,889 DEBUG modssc.transductive.methods.gnn.common common.py:373: train_fullbatch epoch=61 val_loss=1.1629 best updated
2026-02-02 15:09:02,892 DEBUG modssc.transductive.methods.gnn.common common.py:373: train_fullbatch epoch=62 val_loss=1.1548 best updated
2026-02-02 15:09:02,895 DEBUG modssc.transductive.methods.gnn.common common.py:373: train_fullbatch epoch=63 val_loss=1.1472 best updated
2026-02-02 15:09:02,899 DEBUG modssc.transductive.methods.gnn.common common.py:373: train_fullbatch epoch=64 val_loss=1.1397 best updated
2026-02-02 15:09:02,902 DEBUG modssc.transductive.methods.gnn.common common.py:373: train_fullbatch epoch=65 val_loss=1.1345 best updated
2026-02-02 15:09:02,905 DEBUG modssc.transductive.methods.gnn.common common.py:373: train_fullbatch epoch=66 val_loss=1.1279 best updated
2026-02-02 15:09:02,908 DEBUG modssc.transductive.methods.gnn.common common.py:373: train_fullbatch epoch=67 val_loss=1.1237 best updated
2026-02-02 15:09:02,912 DEBUG modssc.transductive.methods.gnn.common common.py:373: train_fullbatch epoch=68 val_loss=1.1203 best updated
2026-02-02 15:09:02,915 DEBUG modssc.transductive.methods.gnn.common common.py:373: train_fullbatch epoch=69 val_loss=1.1189 best updated
2026-02-02 15:09:02,918 DEBUG modssc.transductive.methods.gnn.common common.py:373: train_fullbatch epoch=70 val_loss=1.1171 best updated
2026-02-02 15:09:02,921 DEBUG modssc.transductive.methods.gnn.common common.py:380: train_fullbatch epoch=71 val_loss=1.1173 bad_epochs=1/100
2026-02-02 15:09:02,925 DEBUG modssc.transductive.methods.gnn.common common.py:373: train_fullbatch epoch=72 val_loss=1.1159 best updated
2026-02-02 15:09:02,928 DEBUG modssc.transductive.methods.gnn.common common.py:373: train_fullbatch epoch=73 val_loss=1.1158 best updated
2026-02-02 15:09:02,931 DEBUG modssc.transductive.methods.gnn.common common.py:380: train_fullbatch epoch=74 val_loss=1.1174 bad_epochs=1/100
2026-02-02 15:09:02,934 DEBUG modssc.transductive.methods.gnn.common common.py:380: train_fullbatch epoch=75 val_loss=1.1193 bad_epochs=2/100
2026-02-02 15:09:02,938 DEBUG modssc.transductive.methods.gnn.common common.py:380: train_fullbatch epoch=76 val_loss=1.1209 bad_epochs=3/100
2026-02-02 15:09:02,941 DEBUG modssc.transductive.methods.gnn.common common.py:380: train_fullbatch epoch=77 val_loss=1.1253 bad_epochs=4/100
2026-02-02 15:09:02,944 DEBUG modssc.transductive.methods.gnn.common common.py:380: train_fullbatch epoch=78 val_loss=1.1264 bad_epochs=5/100
2026-02-02 15:09:02,947 DEBUG modssc.transductive.methods.gnn.common common.py:380: train_fullbatch epoch=79 val_loss=1.1263 bad_epochs=6/100
2026-02-02 15:09:02,950 DEBUG modssc.transductive.methods.gnn.common common.py:380: train_fullbatch epoch=80 val_loss=1.1267 bad_epochs=7/100
2026-02-02 15:09:02,954 DEBUG modssc.transductive.methods.gnn.common common.py:380: train_fullbatch epoch=81 val_loss=1.1259 bad_epochs=8/100
2026-02-02 15:09:02,957 DEBUG modssc.transductive.methods.gnn.common common.py:380: train_fullbatch epoch=82 val_loss=1.1230 bad_epochs=9/100
2026-02-02 15:09:02,960 DEBUG modssc.transductive.methods.gnn.common common.py:380: train_fullbatch epoch=83 val_loss=1.1212 bad_epochs=10/100
2026-02-02 15:09:02,963 DEBUG modssc.transductive.methods.gnn.common common.py:380: train_fullbatch epoch=84 val_loss=1.1177 bad_epochs=11/100
2026-02-02 15:09:02,966 DEBUG modssc.transductive.methods.gnn.common common.py:373: train_fullbatch epoch=85 val_loss=1.1146 best updated
2026-02-02 15:09:02,970 DEBUG modssc.transductive.methods.gnn.common common.py:373: train_fullbatch epoch=86 val_loss=1.1121 best updated
2026-02-02 15:09:02,973 DEBUG modssc.transductive.methods.gnn.common common.py:380: train_fullbatch epoch=87 val_loss=1.1130 bad_epochs=1/100
2026-02-02 15:09:02,976 DEBUG modssc.transductive.methods.gnn.common common.py:380: train_fullbatch epoch=88 val_loss=1.1149 bad_epochs=2/100
2026-02-02 15:09:02,979 DEBUG modssc.transductive.methods.gnn.common common.py:380: train_fullbatch epoch=89 val_loss=1.1170 bad_epochs=3/100
2026-02-02 15:09:02,983 DEBUG modssc.transductive.methods.gnn.common common.py:380: train_fullbatch epoch=90 val_loss=1.1218 bad_epochs=4/100
2026-02-02 15:09:02,986 DEBUG modssc.transductive.methods.gnn.common common.py:380: train_fullbatch epoch=91 val_loss=1.1257 bad_epochs=5/100
2026-02-02 15:09:02,989 DEBUG modssc.transductive.methods.gnn.common common.py:380: train_fullbatch epoch=92 val_loss=1.1278 bad_epochs=6/100
2026-02-02 15:09:02,992 DEBUG modssc.transductive.methods.gnn.common common.py:380: train_fullbatch epoch=93 val_loss=1.1224 bad_epochs=7/100
2026-02-02 15:09:02,995 DEBUG modssc.transductive.methods.gnn.common common.py:380: train_fullbatch epoch=94 val_loss=1.1145 bad_epochs=8/100
2026-02-02 15:09:02,999 DEBUG modssc.transductive.methods.gnn.common common.py:373: train_fullbatch epoch=95 val_loss=1.1063 best updated
2026-02-02 15:09:03,002 DEBUG modssc.transductive.methods.gnn.common common.py:373: train_fullbatch epoch=96 val_loss=1.1009 best updated
2026-02-02 15:09:03,005 DEBUG modssc.transductive.methods.gnn.common common.py:373: train_fullbatch epoch=97 val_loss=1.0928 best updated
2026-02-02 15:09:03,009 DEBUG modssc.transductive.methods.gnn.common common.py:373: train_fullbatch epoch=98 val_loss=1.0859 best updated
2026-02-02 15:09:03,012 DEBUG modssc.transductive.methods.gnn.common common.py:373: train_fullbatch epoch=99 val_loss=1.0782 best updated
2026-02-02 15:09:03,015 DEBUG modssc.transductive.methods.gnn.common common.py:373: train_fullbatch epoch=100 val_loss=1.0715 best updated
2026-02-02 15:09:03,018 DEBUG modssc.transductive.methods.gnn.common common.py:373: train_fullbatch epoch=101 val_loss=1.0644 best updated
2026-02-02 15:09:03,022 DEBUG modssc.transductive.methods.gnn.common common.py:373: train_fullbatch epoch=102 val_loss=1.0583 best updated
2026-02-02 15:09:03,025 DEBUG modssc.transductive.methods.gnn.common common.py:373: train_fullbatch epoch=103 val_loss=1.0523 best updated
2026-02-02 15:09:03,028 DEBUG modssc.transductive.methods.gnn.common common.py:373: train_fullbatch epoch=104 val_loss=1.0470 best updated
2026-02-02 15:09:03,032 DEBUG modssc.transductive.methods.gnn.common common.py:373: train_fullbatch epoch=105 val_loss=1.0425 best updated
2026-02-02 15:09:03,035 DEBUG modssc.transductive.methods.gnn.common common.py:373: train_fullbatch epoch=106 val_loss=1.0377 best updated
2026-02-02 15:09:03,041 DEBUG modssc.transductive.methods.gnn.common common.py:373: train_fullbatch epoch=107 val_loss=1.0344 best updated
2026-02-02 15:09:03,045 DEBUG modssc.transductive.methods.gnn.common common.py:373: train_fullbatch epoch=108 val_loss=1.0317 best updated
2026-02-02 15:09:03,048 DEBUG modssc.transductive.methods.gnn.common common.py:373: train_fullbatch epoch=109 val_loss=1.0306 best updated
2026-02-02 15:09:03,051 DEBUG modssc.transductive.methods.gnn.common common.py:380: train_fullbatch epoch=110 val_loss=1.0308 bad_epochs=1/100
2026-02-02 15:09:03,055 DEBUG modssc.transductive.methods.gnn.common common.py:373: train_fullbatch epoch=111 val_loss=1.0294 best updated
2026-02-02 15:09:03,058 DEBUG modssc.transductive.methods.gnn.common common.py:373: train_fullbatch epoch=112 val_loss=1.0277 best updated
2026-02-02 15:09:03,061 DEBUG modssc.transductive.methods.gnn.common common.py:380: train_fullbatch epoch=113 val_loss=1.0282 bad_epochs=1/100
2026-02-02 15:09:03,064 DEBUG modssc.transductive.methods.gnn.common common.py:380: train_fullbatch epoch=114 val_loss=1.0300 bad_epochs=2/100
2026-02-02 15:09:03,068 DEBUG modssc.transductive.methods.gnn.common common.py:380: train_fullbatch epoch=115 val_loss=1.0318 bad_epochs=3/100
2026-02-02 15:09:03,071 DEBUG modssc.transductive.methods.gnn.common common.py:380: train_fullbatch epoch=116 val_loss=1.0351 bad_epochs=4/100
2026-02-02 15:09:03,074 DEBUG modssc.transductive.methods.gnn.common common.py:380: train_fullbatch epoch=117 val_loss=1.0397 bad_epochs=5/100
2026-02-02 15:09:03,077 DEBUG modssc.transductive.methods.gnn.common common.py:380: train_fullbatch epoch=118 val_loss=1.0446 bad_epochs=6/100
2026-02-02 15:09:03,080 DEBUG modssc.transductive.methods.gnn.common common.py:380: train_fullbatch epoch=119 val_loss=1.0487 bad_epochs=7/100
2026-02-02 15:09:03,084 DEBUG modssc.transductive.methods.gnn.common common.py:380: train_fullbatch epoch=120 val_loss=1.0527 bad_epochs=8/100
2026-02-02 15:09:03,087 DEBUG modssc.transductive.methods.gnn.common common.py:380: train_fullbatch epoch=121 val_loss=1.0561 bad_epochs=9/100
2026-02-02 15:09:03,090 DEBUG modssc.transductive.methods.gnn.common common.py:380: train_fullbatch epoch=122 val_loss=1.0596 bad_epochs=10/100
2026-02-02 15:09:03,093 DEBUG modssc.transductive.methods.gnn.common common.py:380: train_fullbatch epoch=123 val_loss=1.0624 bad_epochs=11/100
2026-02-02 15:09:03,096 DEBUG modssc.transductive.methods.gnn.common common.py:380: train_fullbatch epoch=124 val_loss=1.0655 bad_epochs=12/100
2026-02-02 15:09:03,099 DEBUG modssc.transductive.methods.gnn.common common.py:380: train_fullbatch epoch=125 val_loss=1.0664 bad_epochs=13/100
2026-02-02 15:09:03,103 DEBUG modssc.transductive.methods.gnn.common common.py:380: train_fullbatch epoch=126 val_loss=1.0684 bad_epochs=14/100
2026-02-02 15:09:03,106 DEBUG modssc.transductive.methods.gnn.common common.py:380: train_fullbatch epoch=127 val_loss=1.0728 bad_epochs=15/100
2026-02-02 15:09:03,109 DEBUG modssc.transductive.methods.gnn.common common.py:380: train_fullbatch epoch=128 val_loss=1.0778 bad_epochs=16/100
2026-02-02 15:09:03,112 DEBUG modssc.transductive.methods.gnn.common common.py:380: train_fullbatch epoch=129 val_loss=1.0813 bad_epochs=17/100
2026-02-02 15:09:03,116 DEBUG modssc.transductive.methods.gnn.common common.py:380: train_fullbatch epoch=130 val_loss=1.0838 bad_epochs=18/100
2026-02-02 15:09:03,119 DEBUG modssc.transductive.methods.gnn.common common.py:380: train_fullbatch epoch=131 val_loss=1.0870 bad_epochs=19/100
2026-02-02 15:09:03,122 DEBUG modssc.transductive.methods.gnn.common common.py:380: train_fullbatch epoch=132 val_loss=1.0908 bad_epochs=20/100
2026-02-02 15:09:03,125 DEBUG modssc.transductive.methods.gnn.common common.py:380: train_fullbatch epoch=133 val_loss=1.0938 bad_epochs=21/100
2026-02-02 15:09:03,128 DEBUG modssc.transductive.methods.gnn.common common.py:380: train_fullbatch epoch=134 val_loss=1.0974 bad_epochs=22/100
2026-02-02 15:09:03,132 DEBUG modssc.transductive.methods.gnn.common common.py:380: train_fullbatch epoch=135 val_loss=1.1007 bad_epochs=23/100
2026-02-02 15:09:03,135 DEBUG modssc.transductive.methods.gnn.common common.py:380: train_fullbatch epoch=136 val_loss=1.1018 bad_epochs=24/100
2026-02-02 15:09:03,138 DEBUG modssc.transductive.methods.gnn.common common.py:380: train_fullbatch epoch=137 val_loss=1.1006 bad_epochs=25/100
2026-02-02 15:09:03,141 DEBUG modssc.transductive.methods.gnn.common common.py:380: train_fullbatch epoch=138 val_loss=1.0993 bad_epochs=26/100
2026-02-02 15:09:03,144 DEBUG modssc.transductive.methods.gnn.common common.py:380: train_fullbatch epoch=139 val_loss=1.0981 bad_epochs=27/100
2026-02-02 15:09:03,148 DEBUG modssc.transductive.methods.gnn.common common.py:380: train_fullbatch epoch=140 val_loss=1.0961 bad_epochs=28/100
2026-02-02 15:09:03,151 DEBUG modssc.transductive.methods.gnn.common common.py:380: train_fullbatch epoch=141 val_loss=1.0945 bad_epochs=29/100
2026-02-02 15:09:03,154 DEBUG modssc.transductive.methods.gnn.common common.py:380: train_fullbatch epoch=142 val_loss=1.0919 bad_epochs=30/100
2026-02-02 15:09:03,157 DEBUG modssc.transductive.methods.gnn.common common.py:380: train_fullbatch epoch=143 val_loss=1.0898 bad_epochs=31/100
2026-02-02 15:09:03,160 DEBUG modssc.transductive.methods.gnn.common common.py:380: train_fullbatch epoch=144 val_loss=1.0882 bad_epochs=32/100
2026-02-02 15:09:03,164 DEBUG modssc.transductive.methods.gnn.common common.py:380: train_fullbatch epoch=145 val_loss=1.0849 bad_epochs=33/100
2026-02-02 15:09:03,167 DEBUG modssc.transductive.methods.gnn.common common.py:380: train_fullbatch epoch=146 val_loss=1.0805 bad_epochs=34/100
2026-02-02 15:09:03,170 DEBUG modssc.transductive.methods.gnn.common common.py:380: train_fullbatch epoch=147 val_loss=1.0781 bad_epochs=35/100
2026-02-02 15:09:03,173 DEBUG modssc.transductive.methods.gnn.common common.py:380: train_fullbatch epoch=148 val_loss=1.0759 bad_epochs=36/100
2026-02-02 15:09:03,176 DEBUG modssc.transductive.methods.gnn.common common.py:380: train_fullbatch epoch=149 val_loss=1.0738 bad_epochs=37/100
2026-02-02 15:09:03,179 DEBUG modssc.transductive.methods.gnn.common common.py:380: train_fullbatch epoch=150 val_loss=1.0722 bad_epochs=38/100
2026-02-02 15:09:03,183 DEBUG modssc.transductive.methods.gnn.common common.py:380: train_fullbatch epoch=151 val_loss=1.0714 bad_epochs=39/100
2026-02-02 15:09:03,186 DEBUG modssc.transductive.methods.gnn.common common.py:380: train_fullbatch epoch=152 val_loss=1.0690 bad_epochs=40/100
2026-02-02 15:09:03,189 DEBUG modssc.transductive.methods.gnn.common common.py:380: train_fullbatch epoch=153 val_loss=1.0701 bad_epochs=41/100
2026-02-02 15:09:03,192 DEBUG modssc.transductive.methods.gnn.common common.py:380: train_fullbatch epoch=154 val_loss=1.0712 bad_epochs=42/100
2026-02-02 15:09:03,195 DEBUG modssc.transductive.methods.gnn.common common.py:380: train_fullbatch epoch=155 val_loss=1.0718 bad_epochs=43/100
2026-02-02 15:09:03,199 DEBUG modssc.transductive.methods.gnn.common common.py:380: train_fullbatch epoch=156 val_loss=1.0718 bad_epochs=44/100
2026-02-02 15:09:03,202 DEBUG modssc.transductive.methods.gnn.common common.py:380: train_fullbatch epoch=157 val_loss=1.0755 bad_epochs=45/100
2026-02-02 15:09:03,205 DEBUG modssc.transductive.methods.gnn.common common.py:380: train_fullbatch epoch=158 val_loss=1.0788 bad_epochs=46/100
2026-02-02 15:09:03,208 DEBUG modssc.transductive.methods.gnn.common common.py:380: train_fullbatch epoch=159 val_loss=1.0792 bad_epochs=47/100
2026-02-02 15:09:03,211 DEBUG modssc.transductive.methods.gnn.common common.py:380: train_fullbatch epoch=160 val_loss=1.0794 bad_epochs=48/100
2026-02-02 15:09:03,215 DEBUG modssc.transductive.methods.gnn.common common.py:380: train_fullbatch epoch=161 val_loss=1.0765 bad_epochs=49/100
2026-02-02 15:09:03,218 DEBUG modssc.transductive.methods.gnn.common common.py:380: train_fullbatch epoch=162 val_loss=1.0777 bad_epochs=50/100
2026-02-02 15:09:03,221 DEBUG modssc.transductive.methods.gnn.common common.py:380: train_fullbatch epoch=163 val_loss=1.0790 bad_epochs=51/100
2026-02-02 15:09:03,224 DEBUG modssc.transductive.methods.gnn.common common.py:380: train_fullbatch epoch=164 val_loss=1.0802 bad_epochs=52/100
2026-02-02 15:09:03,227 DEBUG modssc.transductive.methods.gnn.common common.py:380: train_fullbatch epoch=165 val_loss=1.0817 bad_epochs=53/100
2026-02-02 15:09:03,231 DEBUG modssc.transductive.methods.gnn.common common.py:380: train_fullbatch epoch=166 val_loss=1.0833 bad_epochs=54/100
2026-02-02 15:09:03,234 DEBUG modssc.transductive.methods.gnn.common common.py:380: train_fullbatch epoch=167 val_loss=1.0856 bad_epochs=55/100
2026-02-02 15:09:03,237 DEBUG modssc.transductive.methods.gnn.common common.py:380: train_fullbatch epoch=168 val_loss=1.0869 bad_epochs=56/100
2026-02-02 15:09:03,240 DEBUG modssc.transductive.methods.gnn.common common.py:380: train_fullbatch epoch=169 val_loss=1.0833 bad_epochs=57/100
2026-02-02 15:09:03,243 DEBUG modssc.transductive.methods.gnn.common common.py:380: train_fullbatch epoch=170 val_loss=1.0791 bad_epochs=58/100
2026-02-02 15:09:03,247 DEBUG modssc.transductive.methods.gnn.common common.py:380: train_fullbatch epoch=171 val_loss=1.0749 bad_epochs=59/100
2026-02-02 15:09:03,250 DEBUG modssc.transductive.methods.gnn.common common.py:380: train_fullbatch epoch=172 val_loss=1.0714 bad_epochs=60/100
2026-02-02 15:09:03,253 DEBUG modssc.transductive.methods.gnn.common common.py:380: train_fullbatch epoch=173 val_loss=1.0699 bad_epochs=61/100
2026-02-02 15:09:03,256 DEBUG modssc.transductive.methods.gnn.common common.py:380: train_fullbatch epoch=174 val_loss=1.0686 bad_epochs=62/100
2026-02-02 15:09:03,259 DEBUG modssc.transductive.methods.gnn.common common.py:380: train_fullbatch epoch=175 val_loss=1.0691 bad_epochs=63/100
2026-02-02 15:09:03,263 DEBUG modssc.transductive.methods.gnn.common common.py:380: train_fullbatch epoch=176 val_loss=1.0703 bad_epochs=64/100
2026-02-02 15:09:03,266 DEBUG modssc.transductive.methods.gnn.common common.py:380: train_fullbatch epoch=177 val_loss=1.0727 bad_epochs=65/100
2026-02-02 15:09:03,269 DEBUG modssc.transductive.methods.gnn.common common.py:380: train_fullbatch epoch=178 val_loss=1.0745 bad_epochs=66/100
2026-02-02 15:09:03,272 DEBUG modssc.transductive.methods.gnn.common common.py:380: train_fullbatch epoch=179 val_loss=1.0759 bad_epochs=67/100
2026-02-02 15:09:03,275 DEBUG modssc.transductive.methods.gnn.common common.py:380: train_fullbatch epoch=180 val_loss=1.0778 bad_epochs=68/100
2026-02-02 15:09:03,279 DEBUG modssc.transductive.methods.gnn.common common.py:380: train_fullbatch epoch=181 val_loss=1.0749 bad_epochs=69/100
2026-02-02 15:09:03,282 DEBUG modssc.transductive.methods.gnn.common common.py:380: train_fullbatch epoch=182 val_loss=1.0728 bad_epochs=70/100
2026-02-02 15:09:03,285 DEBUG modssc.transductive.methods.gnn.common common.py:380: train_fullbatch epoch=183 val_loss=1.0722 bad_epochs=71/100
2026-02-02 15:09:03,288 DEBUG modssc.transductive.methods.gnn.common common.py:380: train_fullbatch epoch=184 val_loss=1.0719 bad_epochs=72/100
2026-02-02 15:09:03,291 DEBUG modssc.transductive.methods.gnn.common common.py:380: train_fullbatch epoch=185 val_loss=1.0701 bad_epochs=73/100
2026-02-02 15:09:03,294 DEBUG modssc.transductive.methods.gnn.common common.py:380: train_fullbatch epoch=186 val_loss=1.0671 bad_epochs=74/100
2026-02-02 15:09:03,298 DEBUG modssc.transductive.methods.gnn.common common.py:380: train_fullbatch epoch=187 val_loss=1.0670 bad_epochs=75/100
2026-02-02 15:09:03,301 DEBUG modssc.transductive.methods.gnn.common common.py:380: train_fullbatch epoch=188 val_loss=1.0674 bad_epochs=76/100
2026-02-02 15:09:03,304 DEBUG modssc.transductive.methods.gnn.common common.py:380: train_fullbatch epoch=189 val_loss=1.0684 bad_epochs=77/100
2026-02-02 15:09:03,307 DEBUG modssc.transductive.methods.gnn.common common.py:380: train_fullbatch epoch=190 val_loss=1.0688 bad_epochs=78/100
2026-02-02 15:09:03,310 DEBUG modssc.transductive.methods.gnn.common common.py:380: train_fullbatch epoch=191 val_loss=1.0691 bad_epochs=79/100
2026-02-02 15:09:03,314 DEBUG modssc.transductive.methods.gnn.common common.py:380: train_fullbatch epoch=192 val_loss=1.0697 bad_epochs=80/100
2026-02-02 15:09:03,317 DEBUG modssc.transductive.methods.gnn.common common.py:380: train_fullbatch epoch=193 val_loss=1.0670 bad_epochs=81/100
2026-02-02 15:09:03,320 DEBUG modssc.transductive.methods.gnn.common common.py:380: train_fullbatch epoch=194 val_loss=1.0644 bad_epochs=82/100
2026-02-02 15:09:03,323 DEBUG modssc.transductive.methods.gnn.common common.py:380: train_fullbatch epoch=195 val_loss=1.0621 bad_epochs=83/100
2026-02-02 15:09:03,326 DEBUG modssc.transductive.methods.gnn.common common.py:380: train_fullbatch epoch=196 val_loss=1.0634 bad_epochs=84/100
2026-02-02 15:09:03,330 DEBUG modssc.transductive.methods.gnn.common common.py:380: train_fullbatch epoch=197 val_loss=1.0666 bad_epochs=85/100
2026-02-02 15:09:03,333 DEBUG modssc.transductive.methods.gnn.common common.py:380: train_fullbatch epoch=198 val_loss=1.0714 bad_epochs=86/100
2026-02-02 15:09:03,336 DEBUG modssc.transductive.methods.gnn.common common.py:380: train_fullbatch epoch=199 val_loss=1.0779 bad_epochs=87/100
2026-02-02 15:09:03,336 DEBUG modssc.transductive.methods.gnn.common common.py:399: train_fullbatch done n_epochs=200 best_epoch=112 best_val_loss=1.0276693105697632
2026-02-02 15:09:03,336 INFO modssc.transductive.methods.gnn.gat gat.py:245: Finished gat.fit in 1.747s
2026-02-02 15:09:03,336 INFO bench.orchestrators.method_transductive method_transductive.py:218: Transductive method done: id=gat duration_s=1.747
2026-02-02 15:09:03,336 INFO bench.orchestrators.evaluation evaluation.py:244: Evaluation (transductive): splits=['val', 'test'] metrics=['accuracy', 'macro_f1']
2026-02-02 15:09:03,338 INFO bench.orchestrators.evaluation evaluation.py:263: Evaluation (transductive) done: duration_s=0.002
2026-02-02 15:09:03,339 INFO bench.orchestrators.reporting reporting.py:54: Run summary written: /nfs/home/mbarbaux/ModSSC/runs/transductive/gat/graph/cora/best_graph_transductive_gat_cora-20260202T140901Z/run.json status=success duration_s=0.001
