2026-02-02 14:54:47,790 INFO bench.orchestrators.dataset dataset.py:36: Dataset start: id=adult download=True cache_dir=None
2026-02-02 14:54:47,790 DEBUG bench.orchestrators.dataset dataset.py:42: Dataset options: []
2026-02-02 14:54:47,793 DEBUG modssc.data_loader.providers __init__.py:38: Creating provider: openml
2026-02-02 14:54:47,793 DEBUG modssc.data_loader.api api.py:316: Resolved dataset id=adult provider=openml canonical_uri=openml:1590
2026-02-02 14:54:47,794 INFO modssc.data_loader.api api.py:117: Dataset load: id=adult provider=openml version=None fingerprint=f9281cab47a3de02bacdff6aeecab3cc3bec164d4d321622f81551b6b4f82967 download=True force=False cache_dir=/nfs/home/mbarbaux/ModSSC/cache/datasets
2026-02-02 14:54:47,794 DEBUG modssc.data_loader.api api.py:127: Dataset resolved_kwargs: {'data_id': 1590, 'name': None, 'version': None, 'as_frame': False, 'target_column': None, 'class_filter': None, 'max_samples': None, 'seed': None}
2026-02-02 14:54:47,855 DEBUG modssc.data_loader.api api.py:403: Loaded cached dataset: fingerprint=f9281cab47a3de02bacdff6aeecab3cc3bec164d4d321622f81551b6b4f82967
2026-02-02 14:54:47,875 INFO modssc.data_loader.api api.py:133: Dataset cached: id=adult train=48842 test=None n_classes=2 duration_s=0.085
2026-02-02 14:54:47,875 INFO bench.orchestrators.dataset dataset.py:54: Dataset loaded: train=48842 test=None graph=False fingerprint=f9281cab47a3de02bacdff6aeecab3cc3bec164d4d321622f81551b6b4f82967 provider=openml
2026-02-02 14:54:47,875 INFO bench.orchestrators.dataset dataset.py:62: Dataset stage done: duration_s=0.085
2026-02-02 14:54:47,923 INFO bench.orchestrators.sampling sampling.py:86: Sampling start: seed=1 dataset_id=adult
2026-02-02 14:54:47,923 DEBUG bench.orchestrators.sampling sampling.py:87: Sampling plan: split={'kind': 'holdout', 'test_fraction': 0.2, 'val_fraction': 0.1, 'stratify': True, 'shuffle': True} labeling={'mode': 'fraction', 'value': 0.2, 'per_class': False, 'min_per_class': 1, 'strategy': 'balanced', 'fixed_indices': None} imbalance={'kind': 'none', 'apply_to': 'train', 'max_per_class': None, 'alpha': None, 'min_per_class': 1} policy={'respect_official_test': True, 'use_official_graph_masks': True, 'allow_override_official': False}
2026-02-02 14:54:47,923 DEBUG bench.orchestrators.sampling sampling.py:98: Sampling dataset_fingerprint=f9281cab47a3de02bacdff6aeecab3cc3bec164d4d321622f81551b6b4f82967
2026-02-02 14:54:47,924 INFO modssc.sampling.api api.py:99: Sampling start: dataset_id=adult dataset_fingerprint=f9281cab47a3de02bacdff6aeecab3cc3bec164d4d321622f81551b6b4f82967 seed=1 graph=False split=holdout
2026-02-02 14:54:47,924 DEBUG modssc.sampling.api api.py:107: Sampling plan: {'split': {'kind': 'holdout', 'test_fraction': 0.2, 'val_fraction': 0.1, 'stratify': True, 'shuffle': True}, 'labeling': {'mode': 'fraction', 'value': 0.2, 'per_class': False, 'min_per_class': 1, 'strategy': 'balanced', 'fixed_indices': None}, 'imbalance': {'kind': 'none', 'apply_to': 'train', 'max_per_class': None, 'alpha': None, 'min_per_class': 1}, 'policy': {'respect_official_test': True, 'use_official_graph_masks': True, 'allow_override_official': False}}
2026-02-02 14:54:48,020 INFO modssc.sampling.api api.py:141: Sampling done: train=35167 val=3907 test=9768 labeled=7033 unlabeled=28134 duration_s=0.097
2026-02-02 14:54:48,020 DEBUG modssc.sampling.api api.py:150: Sampling stats: {'policy': {'respect_official_test': True, 'has_official_test': False, 'test_ref': 'train'}, 'train': {'n': 35167, 'classes': {'<=50K': 26752, '>50K': 8415}}, 'val': {'n': 3907, 'classes': {'<=50K': 2972, '>50K': 935}}, 'train_labeled': {'n': 7033, 'classes': {'<=50K': 3517, '>50K': 3516}}, 'train_unlabeled': {'n': 28134}, 'test': {'n': 9768, 'classes': {'<=50K': 7431, '>50K': 2337}}}
2026-02-02 14:54:48,041 INFO bench.orchestrators.sampling sampling.py:123: Sampling result: train=35167 val=3907 test=9768 labeled=7033 unlabeled=28134 graph=False
2026-02-02 14:54:48,041 DEBUG bench.orchestrators.sampling sampling.py:132: Sampling stats: {'policy': {'respect_official_test': True, 'has_official_test': False, 'test_ref': 'train'}, 'train': {'n': 35167, 'classes': {'<=50K': 26752, '>50K': 8415}}, 'val': {'n': 3907, 'classes': {'<=50K': 2972, '>50K': 935}}, 'train_labeled': {'n': 7033, 'classes': {'<=50K': 3517, '>50K': 3516}}, 'train_unlabeled': {'n': 28134}, 'test': {'n': 9768, 'classes': {'<=50K': 7431, '>50K': 2337}}}
2026-02-02 14:54:48,041 INFO bench.orchestrators.sampling sampling.py:133: Sampling stage done: duration_s=0.118
2026-02-02 14:54:48,041 INFO bench.orchestrators.preprocess preprocess.py:105: Preprocess start: seed=1 cache=True n_steps=7 fit_indices=7033
2026-02-02 14:54:48,041 DEBUG bench.orchestrators.preprocess preprocess.py:112: Preprocess plan: output_key=features.X steps=['labels.encode', 'labels.to_torch', 'tabular.one_hot', 'core.ensure_2d', 'tabular.impute', 'tabular.standard_scaler', 'core.to_torch']
2026-02-02 14:54:48,042 INFO modssc.preprocess.api api.py:490: Preprocess start: dataset_fp=f9281cab47a3de02bacdff6aeecab3cc3bec164d4d321622f81551b6b4f82967 steps=['labels.encode', 'labels.to_torch', 'tabular.one_hot', 'core.ensure_2d', 'tabular.impute', 'tabular.standard_scaler', 'core.to_torch'] output_key=features.X seed=1 cache=True
2026-02-02 14:54:48,042 DEBUG modssc.preprocess.api api.py:498: Preprocess input shapes: train_X=(48842, 14) train_y=(48842,) test_X=None test_y=None
2026-02-02 14:54:48,042 INFO modssc.preprocess.api api.py:505: Preprocess input size: train_data=5.6 MB test_data=n/a
2026-02-02 14:54:48,042 DEBUG modssc.preprocess.api api.py:521: Preprocess step start: id=labels.encode index=0 kind=transform params={}
2026-02-02 14:54:48,046 DEBUG modssc.preprocess.api api.py:605: Preprocess step train outputs: id=labels.encode keys=['labels.classes', 'labels.y'] duration_s=0.004
2026-02-02 14:54:48,046 INFO modssc.preprocess.api api.py:679: Preprocess step done: id=labels.encode index=0 duration_s=0.004 train_data=5.6 MB test_data=n/a
2026-02-02 14:54:48,046 DEBUG modssc.preprocess.api api.py:521: Preprocess step start: id=labels.to_torch index=1 kind=transform params={'device': 'auto', 'dtype': 'int64'}
2026-02-02 14:54:48,143 DEBUG modssc.preprocess.api api.py:605: Preprocess step train outputs: id=labels.to_torch keys=['labels.y'] duration_s=0.097
2026-02-02 14:54:48,143 INFO modssc.preprocess.api api.py:267: Preprocess GPU device: device=cuda:0 model=NVIDIA L40
2026-02-02 14:54:48,143 INFO modssc.preprocess.api api.py:679: Preprocess step done: id=labels.to_torch index=1 duration_s=0.097 train_data=5.6 MB test_data=n/a
2026-02-02 14:54:48,143 DEBUG modssc.preprocess.api api.py:521: Preprocess step start: id=tabular.one_hot index=2 kind=fittable params={}
2026-02-02 14:54:49,114 DEBUG modssc.preprocess.api api.py:605: Preprocess step train outputs: id=tabular.one_hot keys=['features.X'] duration_s=0.971
2026-02-02 14:54:49,114 INFO modssc.preprocess.api api.py:679: Preprocess step done: id=tabular.one_hot index=2 duration_s=0.971 train_data=20.1 MB test_data=n/a
2026-02-02 14:54:49,114 DEBUG modssc.preprocess.api api.py:521: Preprocess step start: id=core.ensure_2d index=3 kind=transform params={}
2026-02-02 14:54:49,121 DEBUG modssc.preprocess.api api.py:605: Preprocess step train outputs: id=core.ensure_2d keys=['features.X'] duration_s=0.007
2026-02-02 14:54:49,121 INFO modssc.preprocess.api api.py:679: Preprocess step done: id=core.ensure_2d index=3 duration_s=0.007 train_data=20.1 MB test_data=n/a
2026-02-02 14:54:49,121 DEBUG modssc.preprocess.api api.py:521: Preprocess step start: id=tabular.impute index=4 kind=fittable params={}
2026-02-02 14:54:49,194 DEBUG modssc.preprocess.api api.py:605: Preprocess step train outputs: id=tabular.impute keys=['features.X'] duration_s=0.072
2026-02-02 14:54:49,194 INFO modssc.preprocess.api api.py:679: Preprocess step done: id=tabular.impute index=4 duration_s=0.072 train_data=20.1 MB test_data=n/a
2026-02-02 14:54:49,194 DEBUG modssc.preprocess.api api.py:521: Preprocess step start: id=tabular.standard_scaler index=5 kind=fittable params={}
2026-02-02 14:54:49,204 DEBUG modssc.preprocess.api api.py:605: Preprocess step train outputs: id=tabular.standard_scaler keys=['features.X'] duration_s=0.010
2026-02-02 14:54:49,204 INFO modssc.preprocess.api api.py:679: Preprocess step done: id=tabular.standard_scaler index=5 duration_s=0.010 train_data=20.1 MB test_data=n/a
2026-02-02 14:54:49,204 DEBUG modssc.preprocess.api api.py:521: Preprocess step start: id=core.to_torch index=6 kind=transform params={'device': 'auto', 'dtype': 'float32'}
2026-02-02 14:54:49,210 DEBUG modssc.preprocess.api api.py:605: Preprocess step train outputs: id=core.to_torch keys=['features.X'] duration_s=0.006
2026-02-02 14:54:49,210 INFO modssc.preprocess.api api.py:679: Preprocess step done: id=core.to_torch index=6 duration_s=0.006 train_data=20.1 MB test_data=n/a
2026-02-02 14:54:49,210 INFO modssc.preprocess.api api.py:730: Preprocess done: dataset_fp=f9281cab47a3de02bacdff6aeecab3cc3bec164d4d321622f81551b6b4f82967 duration_s=1.169 train_X=(48842, 106) test_X=None
2026-02-02 14:54:49,210 INFO bench.orchestrators.preprocess preprocess.py:124: Preprocess result: fingerprint=preprocess:4a34efb2af7b2f814e0c648ef7e59972547c0b2de37b10570aceee8bd9625ae2 plan_fingerprint=resolved_plan:6ed490995fe0d8f1eb30fd0ca8262522145e7cafa3ba073f9c42e71d197f40ef cache_dir=/nfs/home/mbarbaux/ModSSC/cache/preprocess/f9281cab47a3de02bacdff6aeecab3cc3bec164d4d321622f81551b6b4f82967 skipped=[]
2026-02-02 14:54:49,210 DEBUG bench.orchestrators.preprocess preprocess.py:131: Preprocess output shapes: train_X=(48842, 106) test_X=None
2026-02-02 14:54:49,210 INFO bench.orchestrators.preprocess preprocess.py:136: Preprocess stage done: duration_s=1.169
2026-02-02 14:54:49,211 INFO bench.orchestrators.method_inductive method_inductive.py:441: Inductive method start: id=pseudo_label seed=398591604 device=auto dtype=float32 model=None
2026-02-02 14:54:49,211 DEBUG bench.orchestrators.method_inductive method_inductive.py:470: Inductive method params: {'classifier_id': 'mlp', 'classifier_backend': 'torch', 'classifier_params': {'hidden_sizes': [256, 256], 'activation': 'relu', 'dropout': 0.1, 'lr': 0.001, 'weight_decay': 0.0, 'batch_size': 128, 'max_epochs': 50}, 'max_iter': 0, 'confidence_threshold': 0.95, 'min_new_labels': 1}
2026-02-02 14:54:49,211 INFO bench.orchestrators.method_inductive method_inductive.py:476: Inductive method data: n_labeled=7033 n_unlabeled=28134
2026-02-02 14:54:49,225 INFO modssc.inductive.methods.pseudo_label pseudo_label.py:67: Starting pseudo_label.fit
2026-02-02 14:54:49,225 DEBUG modssc.inductive.methods.pseudo_label pseudo_label.py:68: spec=PseudoLabelSpec(classifier_id='mlp', classifier_backend='torch', classifier_params={'hidden_sizes': [256, 256], 'activation': 'relu', 'dropout': 0.1, 'lr': 0.001, 'weight_decay': 0.0, 'batch_size': 128, 'max_epochs': 50}, max_iter=0, confidence_threshold=0.95, max_new_labels=None, min_new_labels=1) device=DeviceSpec(device='auto', dtype='float32') seed=398591604
2026-02-02 14:54:49,225 DEBUG modssc.inductive.methods.pseudo_label pseudo_label.py:71: backend=torch
2026-02-02 14:54:49,225 INFO modssc.inductive.methods.pseudo_label pseudo_label.py:154: Pseudo-label sizes: n_labeled=7033 n_unlabeled=28134
2026-02-02 14:54:49,227 INFO modssc.supervised.backends.torch.mlp mlp.py:75: Starting mlp.fit
2026-02-02 14:54:49,227 DEBUG modssc.supervised.backends.torch.mlp mlp.py:76: params hidden_sizes=(256, 256) activation=relu dropout=0.1 lr=0.001 weight_decay=0.0 batch_size=128 max_epochs=50 seed=398591604 n_jobs=None
2026-02-02 14:54:52,022 INFO modssc.supervised.backends.torch.mlp mlp.py:167: Finished mlp.fit in 2.795s
2026-02-02 14:54:52,022 INFO modssc.inductive.methods.pseudo_label pseudo_label.py:203: Finished pseudo_label.fit in 2.798s
2026-02-02 14:54:52,022 INFO bench.orchestrators.method_inductive method_inductive.py:550: Inductive method done: id=pseudo_label duration_s=2.812
2026-02-02 14:54:52,022 INFO bench.orchestrators.evaluation evaluation.py:189: Evaluation (inductive): splits=['val', 'test'] metrics=['accuracy', 'macro_f1']
2026-02-02 14:54:52,037 INFO bench.orchestrators.evaluation evaluation.py:231: Evaluation (inductive) done: duration_s=0.015
2026-02-02 14:54:52,039 INFO bench.orchestrators.reporting reporting.py:54: Run summary written: /nfs/home/mbarbaux/ModSSC/runs/inductive/supervised/tabular/adult/best_tabular_inductive_supervised_adult-20260202T135447Z/run.json status=success duration_s=0.001
