2026-02-02 15:06:11,363 INFO bench.orchestrators.dataset dataset.py:36: Dataset start: id=cora download=True cache_dir=None
2026-02-02 15:06:11,364 DEBUG bench.orchestrators.dataset dataset.py:42: Dataset options: []
2026-02-02 15:06:11,367 DEBUG modssc.data_loader.providers __init__.py:38: Creating provider: pyg
2026-02-02 15:06:11,367 DEBUG modssc.data_loader.api api.py:316: Resolved dataset id=cora provider=pyg canonical_uri=pyg:Planetoid/Cora
2026-02-02 15:06:11,367 INFO modssc.data_loader.api api.py:117: Dataset load: id=cora provider=pyg version=None fingerprint=2919521af8679a8c84658219f16403f74aa1bfc03b19b6a08eb2565299400728 download=True force=False cache_dir=/nfs/home/mbarbaux/ModSSC/cache/datasets
2026-02-02 15:06:11,367 DEBUG modssc.data_loader.api api.py:127: Dataset resolved_kwargs: {'dataset_class': 'Planetoid', 'dataset_kwargs': {'name': 'Cora'}}
2026-02-02 15:06:11,372 DEBUG modssc.data_loader.api api.py:403: Loaded cached dataset: fingerprint=2919521af8679a8c84658219f16403f74aa1bfc03b19b6a08eb2565299400728
2026-02-02 15:06:11,372 INFO modssc.data_loader.api api.py:133: Dataset cached: id=cora train=2708 test=None n_classes=7 duration_s=0.009
2026-02-02 15:06:11,372 INFO bench.orchestrators.dataset dataset.py:54: Dataset loaded: train=2708 test=None graph=True fingerprint=2919521af8679a8c84658219f16403f74aa1bfc03b19b6a08eb2565299400728 provider=pyg
2026-02-02 15:06:11,372 INFO bench.orchestrators.dataset dataset.py:62: Dataset stage done: duration_s=0.009
2026-02-02 15:06:11,416 INFO bench.orchestrators.sampling sampling.py:86: Sampling start: seed=5 dataset_id=cora
2026-02-02 15:06:11,416 DEBUG bench.orchestrators.sampling sampling.py:87: Sampling plan: split={'kind': 'holdout', 'test_fraction': 0.2, 'val_fraction': 0.1, 'stratify': True, 'shuffle': True} labeling={'mode': 'fraction', 'value': 0.2, 'per_class': False, 'min_per_class': 1, 'strategy': 'balanced', 'fixed_indices': None} imbalance={'kind': 'none', 'apply_to': 'train', 'max_per_class': None, 'alpha': None, 'min_per_class': 1} policy={'respect_official_test': True, 'use_official_graph_masks': True, 'allow_override_official': False}
2026-02-02 15:06:11,416 DEBUG bench.orchestrators.sampling sampling.py:98: Sampling dataset_fingerprint=2919521af8679a8c84658219f16403f74aa1bfc03b19b6a08eb2565299400728
2026-02-02 15:06:11,416 INFO modssc.sampling.api api.py:99: Sampling start: dataset_id=cora dataset_fingerprint=2919521af8679a8c84658219f16403f74aa1bfc03b19b6a08eb2565299400728 seed=5 graph=True split=holdout
2026-02-02 15:06:11,416 DEBUG modssc.sampling.api api.py:107: Sampling plan: {'split': {'kind': 'holdout', 'test_fraction': 0.2, 'val_fraction': 0.1, 'stratify': True, 'shuffle': True}, 'labeling': {'mode': 'fraction', 'value': 0.2, 'per_class': False, 'min_per_class': 1, 'strategy': 'balanced', 'fixed_indices': None}, 'imbalance': {'kind': 'none', 'apply_to': 'train', 'max_per_class': None, 'alpha': None, 'min_per_class': 1}, 'policy': {'respect_official_test': True, 'use_official_graph_masks': True, 'allow_override_official': False}}
2026-02-02 15:06:11,427 INFO modssc.sampling.api api.py:141: Sampling done: train=140 val=500 test=1000 labeled=28 unlabeled=112 duration_s=0.011
2026-02-02 15:06:11,427 DEBUG modssc.sampling.api api.py:150: Sampling stats: {'nodes': 2708, 'train': 140, 'val': 500, 'test': 1000, 'labeled': 28, 'unlabeled': 112, 'labeled_class_dist': {'n': 28, 'classes': {'0': 4, '1': 4, '2': 4, '3': 4, '4': 4, '5': 4, '6': 4}}}
2026-02-02 15:06:11,427 INFO bench.orchestrators.sampling sampling.py:123: Sampling result: train=140 val=500 test=1000 labeled=28 unlabeled=112 graph=True
2026-02-02 15:06:11,427 DEBUG bench.orchestrators.sampling sampling.py:132: Sampling stats: {'nodes': 2708, 'train': 140, 'val': 500, 'test': 1000, 'labeled': 28, 'unlabeled': 112, 'labeled_class_dist': {'n': 28, 'classes': {'0': 4, '1': 4, '2': 4, '3': 4, '4': 4, '5': 4, '6': 4}}}
2026-02-02 15:06:11,428 INFO bench.orchestrators.sampling sampling.py:133: Sampling stage done: duration_s=0.012
Inductive method on graph dataset; converting graph masks to indices.
2026-02-02 15:06:11,428 INFO bench.orchestrators.preprocess preprocess.py:105: Preprocess start: seed=5 cache=True n_steps=4 fit_indices=28
2026-02-02 15:06:11,428 DEBUG bench.orchestrators.preprocess preprocess.py:112: Preprocess plan: output_key=features.X steps=['labels.encode', 'labels.to_torch', 'graph.sparse_adjacency', 'core.to_torch']
2026-02-02 15:06:11,428 INFO modssc.preprocess.api api.py:490: Preprocess start: dataset_fp=2919521af8679a8c84658219f16403f74aa1bfc03b19b6a08eb2565299400728 steps=['labels.encode', 'labels.to_torch', 'graph.sparse_adjacency', 'core.to_torch'] output_key=features.X seed=5 cache=True
2026-02-02 15:06:11,428 DEBUG modssc.preprocess.api api.py:498: Preprocess input shapes: train_X=(2708, 1433) train_y=(2708,) test_X=None test_y=None
2026-02-02 15:06:11,428 INFO modssc.preprocess.api api.py:505: Preprocess input size: train_data=15.0 MB test_data=n/a
2026-02-02 15:06:11,428 DEBUG modssc.preprocess.api api.py:521: Preprocess step start: id=labels.encode index=0 kind=transform params={}
2026-02-02 15:06:11,430 DEBUG modssc.preprocess.api api.py:605: Preprocess step train outputs: id=labels.encode keys=['labels.classes', 'labels.y'] duration_s=0.002
2026-02-02 15:06:11,430 INFO modssc.preprocess.api api.py:679: Preprocess step done: id=labels.encode index=0 duration_s=0.002 train_data=15.0 MB test_data=n/a
2026-02-02 15:06:11,430 DEBUG modssc.preprocess.api api.py:521: Preprocess step start: id=labels.to_torch index=1 kind=transform params={'device': 'auto', 'dtype': 'int64'}
2026-02-02 15:06:11,519 DEBUG modssc.preprocess.api api.py:605: Preprocess step train outputs: id=labels.to_torch keys=['labels.y'] duration_s=0.089
2026-02-02 15:06:11,519 INFO modssc.preprocess.api api.py:267: Preprocess GPU device: device=cuda:0 model=NVIDIA L40
2026-02-02 15:06:11,519 INFO modssc.preprocess.api api.py:679: Preprocess step done: id=labels.to_torch index=1 duration_s=0.089 train_data=15.0 MB test_data=n/a
2026-02-02 15:06:11,520 DEBUG modssc.preprocess.api api.py:521: Preprocess step start: id=graph.sparse_adjacency index=2 kind=transform params={'max_nodes': 20000, 'batch_size': 32, 'embed_epochs': 5, 'embed_lr': 0.01, 'undirected': True, 'device': 'auto'}
2026-02-02 15:06:11,522 WARNING modssc.preprocess.api api.py:575: Preprocess cache miss for graph.sparse_adjacency (train): Incomplete cached outputs for step 'graph.sparse_adjacency' (train)
2026-02-02 15:06:11,523 DEBUG modssc.preprocess.api api.py:605: Preprocess step train outputs: id=graph.sparse_adjacency keys=['features.X'] duration_s=0.003
2026-02-02 15:06:11,523 INFO modssc.preprocess.api api.py:679: Preprocess step done: id=graph.sparse_adjacency index=2 duration_s=0.003 train_data=15.2 MB test_data=n/a
2026-02-02 15:06:11,523 DEBUG modssc.preprocess.api api.py:521: Preprocess step start: id=core.to_torch index=3 kind=transform params={'device': 'auto', 'dtype': 'float32'}
2026-02-02 15:06:11,524 WARNING modssc.preprocess.api api.py:575: Preprocess cache miss for core.to_torch (train): Incomplete cached outputs for step 'core.to_torch' (train)
2026-02-02 15:06:11,526 DEBUG modssc.preprocess.api api.py:605: Preprocess step train outputs: id=core.to_torch keys=['features.X'] duration_s=0.003
2026-02-02 15:06:11,526 INFO modssc.preprocess.api api.py:679: Preprocess step done: id=core.to_torch index=3 duration_s=0.003 train_data=15.2 MB test_data=n/a
2026-02-02 15:06:11,526 INFO modssc.preprocess.api api.py:730: Preprocess done: dataset_fp=2919521af8679a8c84658219f16403f74aa1bfc03b19b6a08eb2565299400728 duration_s=0.098 train_X=None test_X=None
2026-02-02 15:06:11,526 INFO bench.orchestrators.preprocess preprocess.py:124: Preprocess result: fingerprint=preprocess:169265f8bd8d4cf86a27523c10e74ddb6b072ed41e8057863440cf0ebfa9b6d2 plan_fingerprint=resolved_plan:95213a523f045acfbe48296ceac122bc48b9fd73dbd5843390244a44a4946c42 cache_dir=/nfs/home/mbarbaux/ModSSC/cache/preprocess/2919521af8679a8c84658219f16403f74aa1bfc03b19b6a08eb2565299400728 skipped=[]
2026-02-02 15:06:11,526 DEBUG bench.orchestrators.preprocess preprocess.py:131: Preprocess output shapes: train_X=None test_X=None
2026-02-02 15:06:11,526 INFO bench.orchestrators.preprocess preprocess.py:136: Preprocess stage done: duration_s=0.099
2026-02-02 15:06:11,526 INFO bench.orchestrators.views views.py:73: Views start: seed=5 cache=True n_views=2
2026-02-02 15:06:11,526 DEBUG bench.orchestrators.views views.py:79: Views plan: names=['view_a', 'view_b'] fit_indices=28
2026-02-02 15:06:11,526 INFO modssc.views.api api.py:140: Views start: views=['view_a', 'view_b'] seed=5 cache=True dataset_fp=2919521af8679a8c84658219f16403f74aa1bfc03b19b6a08eb2565299400728
2026-02-02 15:06:11,534 DEBUG modssc.views.api api.py:236: View built: name=view_a train_shape=None test_shape=None duration_s=0.008
2026-02-02 15:06:11,542 DEBUG modssc.views.api api.py:236: View built: name=view_b train_shape=None test_shape=None duration_s=0.007
2026-02-02 15:06:11,542 INFO modssc.views.api api.py:251: Views done: count=2 duration_s=0.015
2026-02-02 15:06:11,542 INFO bench.orchestrators.views views.py:92: Views result: n_views=2
2026-02-02 15:06:11,542 DEBUG bench.orchestrators.views views.py:93: Views columns: {'view_a': 716, 'view_b': 717}
2026-02-02 15:06:11,542 DEBUG bench.orchestrators.views views.py:94: Views meta: {'n_views': 2}
2026-02-02 15:06:11,542 INFO bench.orchestrators.views views.py:95: Views stage done: duration_s=0.016
2026-02-02 15:06:11,542 INFO bench.orchestrators.method_inductive method_inductive.py:441: Inductive method start: id=co_training seed=3274374610 device=auto dtype=float32 model=None
2026-02-02 15:06:11,542 DEBUG bench.orchestrators.method_inductive method_inductive.py:470: Inductive method params: {'classifier_id': 'graphsage_inductive', 'classifier_backend': 'torch', 'classifier_params': {'hidden_sizes': [128], 'activation': 'relu', 'dropout': 0.1, 'lr': 0.001, 'weight_decay': 0.0, 'batch_size': 128, 'max_epochs': 50}, 'max_iter': 20, 'k_per_class': 1}
2026-02-02 15:06:11,542 INFO bench.orchestrators.method_inductive method_inductive.py:476: Inductive method data: n_labeled=28 n_unlabeled=112
2026-02-02 15:06:13,584 INFO modssc.inductive.methods.co_training co_training.py:236: Starting co_training.fit
2026-02-02 15:06:13,584 DEBUG modssc.inductive.methods.co_training co_training.py:237: spec=CoTrainingSpec(classifier_id='graphsage_inductive', classifier_backend='torch', classifier_params={'hidden_sizes': [128], 'activation': 'relu', 'dropout': 0.1, 'lr': 0.001, 'weight_decay': 0.0, 'batch_size': 128, 'max_epochs': 50}, view_keys=None, max_iter=20, k_per_class=1, confidence_threshold=None) device=DeviceSpec(device='auto', dtype='float32') seed=3274374610
2026-02-02 15:06:13,584 DEBUG modssc.inductive.methods.co_training co_training.py:245: backend=torch
2026-02-02 15:06:13,584 INFO modssc.inductive.methods.co_training co_training.py:313: Co-training sizes: n_labeled=28 n_unlabeled=112
2026-02-02 15:06:13,939 DEBUG modssc.inductive.methods.co_training co_training.py:408: Co-training iter=0 selected_view1=7 selected_view2=7 remaining=99
2026-02-02 15:06:14,072 DEBUG modssc.inductive.methods.co_training co_training.py:408: Co-training iter=1 selected_view1=7 selected_view2=7 remaining=86
2026-02-02 15:06:14,202 DEBUG modssc.inductive.methods.co_training co_training.py:408: Co-training iter=2 selected_view1=7 selected_view2=7 remaining=74
2026-02-02 15:06:14,333 DEBUG modssc.inductive.methods.co_training co_training.py:408: Co-training iter=3 selected_view1=7 selected_view2=7 remaining=60
2026-02-02 15:06:14,464 DEBUG modssc.inductive.methods.co_training co_training.py:408: Co-training iter=4 selected_view1=7 selected_view2=7 remaining=46
2026-02-02 15:06:14,594 DEBUG modssc.inductive.methods.co_training co_training.py:408: Co-training iter=5 selected_view1=7 selected_view2=7 remaining=33
2026-02-02 15:06:14,726 DEBUG modssc.inductive.methods.co_training co_training.py:408: Co-training iter=6 selected_view1=6 selected_view2=6 remaining=22
2026-02-02 15:06:14,879 DEBUG modssc.inductive.methods.co_training co_training.py:408: Co-training iter=7 selected_view1=5 selected_view2=4 remaining=14
2026-02-02 15:06:15,032 DEBUG modssc.inductive.methods.co_training co_training.py:408: Co-training iter=8 selected_view1=3 selected_view2=3 remaining=10
2026-02-02 15:06:15,190 DEBUG modssc.inductive.methods.co_training co_training.py:408: Co-training iter=9 selected_view1=2 selected_view2=3 remaining=5
2026-02-02 15:06:15,345 DEBUG modssc.inductive.methods.co_training co_training.py:408: Co-training iter=10 selected_view1=1 selected_view2=3 remaining=1
2026-02-02 15:06:15,498 DEBUG modssc.inductive.methods.co_training co_training.py:408: Co-training iter=11 selected_view1=1 selected_view2=1 remaining=0
2026-02-02 15:06:15,795 INFO modssc.inductive.methods.co_training co_training.py:424: Finished co_training.fit in 2.211s
2026-02-02 15:06:15,795 INFO bench.orchestrators.method_inductive method_inductive.py:550: Inductive method done: id=co_training duration_s=4.253
2026-02-02 15:06:15,795 INFO bench.orchestrators.evaluation evaluation.py:189: Evaluation (inductive): splits=['val', 'test'] metrics=['accuracy', 'macro_f1']
2026-02-02 15:06:15,808 INFO bench.orchestrators.evaluation evaluation.py:231: Evaluation (inductive) done: duration_s=0.012
2026-02-02 15:06:15,809 INFO bench.orchestrators.reporting reporting.py:54: Run summary written: /nfs/home/mbarbaux/ModSSC/runs/inductive/co_training/graph/cora/best_graph_inductive_co_training_cora-20260202T140611Z/run.json status=success duration_s=0.001
