2026-02-02 14:59:03,037 INFO bench.orchestrators.dataset dataset.py:36: Dataset start: id=citeseer download=True cache_dir=None
2026-02-02 14:59:03,037 DEBUG bench.orchestrators.dataset dataset.py:42: Dataset options: ['class_filter', 'n_classes', 'n_features', 'n_samples', 'official_test', 'test_size']
2026-02-02 14:59:03,040 DEBUG modssc.data_loader.providers __init__.py:38: Creating provider: pyg
2026-02-02 14:59:03,040 DEBUG modssc.data_loader.api api.py:316: Resolved dataset id=citeseer provider=pyg canonical_uri=pyg:Planetoid/CiteSeer
2026-02-02 14:59:03,040 INFO modssc.data_loader.api api.py:117: Dataset load: id=citeseer provider=pyg version=None fingerprint=f9466d4eb716a2a519275ad47f5a635173a4937386323ce30ae4668e026077f8 download=True force=False cache_dir=/nfs/home/mbarbaux/ModSSC/cache/datasets
2026-02-02 14:59:03,040 DEBUG modssc.data_loader.api api.py:127: Dataset resolved_kwargs: {'dataset_class': 'Planetoid', 'dataset_kwargs': {'name': 'CiteSeer'}, 'class_filter': [0, 1]}
2026-02-02 14:59:03,047 DEBUG modssc.data_loader.api api.py:403: Loaded cached dataset: fingerprint=f9466d4eb716a2a519275ad47f5a635173a4937386323ce30ae4668e026077f8
2026-02-02 14:59:03,047 INFO modssc.data_loader.api api.py:133: Dataset cached: id=citeseer train=854 test=None n_classes=2 duration_s=0.011
2026-02-02 14:59:03,047 INFO bench.orchestrators.dataset dataset.py:54: Dataset loaded: train=854 test=None graph=True fingerprint=f9466d4eb716a2a519275ad47f5a635173a4937386323ce30ae4668e026077f8 provider=pyg
2026-02-02 14:59:03,047 INFO bench.orchestrators.dataset dataset.py:62: Dataset stage done: duration_s=0.011
2026-02-02 14:59:03,072 INFO bench.orchestrators.sampling sampling.py:86: Sampling start: seed=6 dataset_id=citeseer
2026-02-02 14:59:03,072 DEBUG bench.orchestrators.sampling sampling.py:87: Sampling plan: split={'kind': 'holdout', 'test_fraction': 0.2, 'val_fraction': 0.1, 'stratify': True, 'shuffle': True} labeling={'mode': 'fraction', 'value': 0.2, 'per_class': False, 'min_per_class': 1, 'strategy': 'balanced', 'fixed_indices': None} imbalance={'kind': 'none', 'apply_to': 'train', 'max_per_class': None, 'alpha': None, 'min_per_class': 1} policy={'respect_official_test': True, 'use_official_graph_masks': True, 'allow_override_official': False}
2026-02-02 14:59:03,072 DEBUG bench.orchestrators.sampling sampling.py:98: Sampling dataset_fingerprint=f9466d4eb716a2a519275ad47f5a635173a4937386323ce30ae4668e026077f8
2026-02-02 14:59:03,072 INFO modssc.sampling.api api.py:99: Sampling start: dataset_id=citeseer dataset_fingerprint=f9466d4eb716a2a519275ad47f5a635173a4937386323ce30ae4668e026077f8 seed=6 graph=True split=holdout
2026-02-02 14:59:03,072 DEBUG modssc.sampling.api api.py:107: Sampling plan: {'split': {'kind': 'holdout', 'test_fraction': 0.2, 'val_fraction': 0.1, 'stratify': True, 'shuffle': True}, 'labeling': {'mode': 'fraction', 'value': 0.2, 'per_class': False, 'min_per_class': 1, 'strategy': 'balanced', 'fixed_indices': None}, 'imbalance': {'kind': 'none', 'apply_to': 'train', 'max_per_class': None, 'alpha': None, 'min_per_class': 1}, 'policy': {'respect_official_test': True, 'use_official_graph_masks': True, 'allow_override_official': False}}
2026-02-02 14:59:03,082 INFO modssc.sampling.api api.py:141: Sampling done: train=40 val=115 test=259 labeled=8 unlabeled=32 duration_s=0.010
2026-02-02 14:59:03,082 DEBUG modssc.sampling.api api.py:150: Sampling stats: {'nodes': 854, 'train': 40, 'val': 115, 'test': 259, 'labeled': 8, 'unlabeled': 32, 'labeled_class_dist': {'n': 8, 'classes': {'0': 4, '1': 4}}}
2026-02-02 14:59:03,082 INFO bench.orchestrators.sampling sampling.py:123: Sampling result: train=40 val=115 test=259 labeled=8 unlabeled=32 graph=True
2026-02-02 14:59:03,082 DEBUG bench.orchestrators.sampling sampling.py:132: Sampling stats: {'nodes': 854, 'train': 40, 'val': 115, 'test': 259, 'labeled': 8, 'unlabeled': 32, 'labeled_class_dist': {'n': 8, 'classes': {'0': 4, '1': 4}}}
2026-02-02 14:59:03,082 INFO bench.orchestrators.sampling sampling.py:133: Sampling stage done: duration_s=0.011
2026-02-02 14:59:03,082 INFO bench.orchestrators.preprocess preprocess.py:105: Preprocess start: seed=6 cache=True n_steps=3 fit_indices=8
2026-02-02 14:59:03,082 DEBUG bench.orchestrators.preprocess preprocess.py:112: Preprocess plan: output_key=features.X steps=['labels.encode', 'core.ensure_2d', 'core.to_numpy']
2026-02-02 14:59:03,082 INFO modssc.preprocess.api api.py:490: Preprocess start: dataset_fp=f9466d4eb716a2a519275ad47f5a635173a4937386323ce30ae4668e026077f8 steps=['labels.encode', 'core.ensure_2d', 'core.to_numpy'] output_key=features.X seed=6 cache=True
2026-02-02 14:59:03,082 DEBUG modssc.preprocess.api api.py:498: Preprocess input shapes: train_X=(854, 3703) train_y=(854,) test_X=None test_y=None
2026-02-02 14:59:03,082 INFO modssc.preprocess.api api.py:505: Preprocess input size: train_data=12.1 MB test_data=n/a
2026-02-02 14:59:03,083 DEBUG modssc.preprocess.api api.py:521: Preprocess step start: id=labels.encode index=0 kind=transform params={}
2026-02-02 14:59:03,092 DEBUG modssc.preprocess.api api.py:605: Preprocess step train outputs: id=labels.encode keys=['labels.classes', 'labels.y'] duration_s=0.009
2026-02-02 14:59:03,092 INFO modssc.preprocess.api api.py:679: Preprocess step done: id=labels.encode index=0 duration_s=0.009 train_data=12.1 MB test_data=n/a
2026-02-02 14:59:03,092 DEBUG modssc.preprocess.api api.py:521: Preprocess step start: id=core.ensure_2d index=1 kind=transform params={}
2026-02-02 14:59:03,133 DEBUG modssc.preprocess.api api.py:605: Preprocess step train outputs: id=core.ensure_2d keys=['features.X'] duration_s=0.041
2026-02-02 14:59:03,133 INFO modssc.preprocess.api api.py:679: Preprocess step done: id=core.ensure_2d index=1 duration_s=0.041 train_data=12.1 MB test_data=n/a
2026-02-02 14:59:03,133 DEBUG modssc.preprocess.api api.py:521: Preprocess step start: id=core.to_numpy index=2 kind=transform params={}
2026-02-02 14:59:03,156 DEBUG modssc.preprocess.api api.py:605: Preprocess step train outputs: id=core.to_numpy keys=['features.X'] duration_s=0.023
2026-02-02 14:59:03,156 INFO modssc.preprocess.api api.py:679: Preprocess step done: id=core.to_numpy index=2 duration_s=0.023 train_data=12.1 MB test_data=n/a
2026-02-02 14:59:03,156 INFO modssc.preprocess.api api.py:730: Preprocess done: dataset_fp=f9466d4eb716a2a519275ad47f5a635173a4937386323ce30ae4668e026077f8 duration_s=0.074 train_X=(854, 3703) test_X=None
2026-02-02 14:59:03,156 INFO bench.orchestrators.preprocess preprocess.py:124: Preprocess result: fingerprint=preprocess:9caffb9d3a3f7515a73dfe53883bf415b9b5014cd966b2496572bd7d775d53e6 plan_fingerprint=resolved_plan:8a5e3ebe41a4f364f53ac26a625ef44f5a721631be61f65e32b92a3759853b68 cache_dir=/nfs/home/mbarbaux/ModSSC/cache/preprocess/f9466d4eb716a2a519275ad47f5a635173a4937386323ce30ae4668e026077f8 skipped=[]
2026-02-02 14:59:03,156 DEBUG bench.orchestrators.preprocess preprocess.py:131: Preprocess output shapes: train_X=(854, 3703) test_X=None
2026-02-02 14:59:03,156 INFO bench.orchestrators.preprocess preprocess.py:136: Preprocess stage done: duration_s=0.074
2026-02-02 14:59:03,156 INFO bench.orchestrators.graph graph.py:67: Graph start: include_test=False cache=True
2026-02-02 14:59:03,156 DEBUG bench.orchestrators.graph graph.py:72: Graph spec: scheme=knn metric=cosine k=15 radius=None backend=numpy feature_field=features.X seed=6
2026-02-02 14:59:03,156 DEBUG bench.orchestrators.graph graph.py:89: Graph features: shape=(854, 3703)
2026-02-02 14:59:03,158 INFO modssc.graph.construction.api api.py:111: Graph cached: fingerprint=33f94418a3875dd9d20272f8444b8cb3852e0d09c80cbbaa3d7917f539c6d854 n_nodes=854 n_edges=18940 duration_s=0.002
2026-02-02 14:59:03,158 INFO bench.orchestrators.graph graph.py:100: Graph built: fingerprint=33f94418a3875dd9d20272f8444b8cb3852e0d09c80cbbaa3d7917f539c6d854 n_nodes=854 n_edges=18940 duration_s=0.002
2026-02-02 14:59:03,158 INFO bench.orchestrators.method_transductive method_transductive.py:139: Transductive method start: id=lazy_random_walk seed=1496463601 device=auto resolved_device=cuda use_test=False
2026-02-02 14:59:03,159 DEBUG bench.orchestrators.method_transductive method_transductive.py:147: Transductive method params: {'alpha': 0.99}
2026-02-02 14:59:03,159 INFO bench.orchestrators.method_transductive method_transductive.py:158: Transductive data: n_nodes=854 n_train=854 n_test=0
2026-02-02 14:59:03,159 INFO bench.orchestrators.method_transductive method_transductive.py:177: Transductive masks: labeled_count=8 train_count=40
2026-02-02 14:59:03,159 INFO modssc.transductive.methods.classic.lazy_random_walk lazy_random_walk.py:250: Starting lazy_random_walk.fit
2026-02-02 14:59:03,159 DEBUG modssc.transductive.methods.classic.lazy_random_walk lazy_random_walk.py:251: spec=LazyRandomWalkSpec(alpha=0.99) device=cuda seed=1496463601
2026-02-02 14:59:03,159 DEBUG modssc.transductive.methods.classic.lazy_random_walk lazy_random_walk.py:262: backend=torch
2026-02-02 14:59:03,159 INFO modssc.transductive.methods.classic.lazy_random_walk lazy_random_walk.py:263: Lazy random walk sizes: n_nodes=854 labeled=8
2026-02-02 14:59:03,438 INFO modssc.transductive.methods.classic.lazy_random_walk lazy_random_walk.py:280: Finished lazy_random_walk.fit in 0.280s
2026-02-02 14:59:03,438 INFO bench.orchestrators.method_transductive method_transductive.py:218: Transductive method done: id=lazy_random_walk duration_s=0.280
2026-02-02 14:59:03,438 INFO bench.orchestrators.evaluation evaluation.py:244: Evaluation (transductive): splits=['val', 'test'] metrics=['accuracy', 'macro_f1']
2026-02-02 14:59:03,439 INFO bench.orchestrators.evaluation evaluation.py:263: Evaluation (transductive) done: duration_s=0.000
2026-02-02 14:59:03,440 INFO bench.orchestrators.reporting reporting.py:54: Run summary written: /nfs/home/mbarbaux/ModSSC/runs/transductive/lazy_random_walk/graph/citeseer/best_graph_transductive_lazy_random_walk_citeseer-20260202T135903Z/run.json status=success duration_s=0.002
