2026-02-02 15:28:42,875 INFO bench.orchestrators.dataset dataset.py:36: Dataset start: id=adult download=True cache_dir=None
2026-02-02 15:28:42,875 DEBUG bench.orchestrators.dataset dataset.py:42: Dataset options: []
2026-02-02 15:28:42,879 DEBUG modssc.data_loader.providers __init__.py:38: Creating provider: openml
2026-02-02 15:28:42,879 DEBUG modssc.data_loader.api api.py:316: Resolved dataset id=adult provider=openml canonical_uri=openml:1590
2026-02-02 15:28:42,879 INFO modssc.data_loader.api api.py:117: Dataset load: id=adult provider=openml version=None fingerprint=f9281cab47a3de02bacdff6aeecab3cc3bec164d4d321622f81551b6b4f82967 download=True force=False cache_dir=/nfs/home/mbarbaux/ModSSC/cache/datasets
2026-02-02 15:28:42,879 DEBUG modssc.data_loader.api api.py:127: Dataset resolved_kwargs: {'data_id': 1590, 'name': None, 'version': None, 'as_frame': False, 'target_column': None, 'class_filter': None, 'max_samples': None, 'seed': None}
2026-02-02 15:28:42,940 DEBUG modssc.data_loader.api api.py:403: Loaded cached dataset: fingerprint=f9281cab47a3de02bacdff6aeecab3cc3bec164d4d321622f81551b6b4f82967
2026-02-02 15:28:42,961 INFO modssc.data_loader.api api.py:133: Dataset cached: id=adult train=48842 test=None n_classes=2 duration_s=0.086
2026-02-02 15:28:42,961 INFO bench.orchestrators.dataset dataset.py:54: Dataset loaded: train=48842 test=None graph=False fingerprint=f9281cab47a3de02bacdff6aeecab3cc3bec164d4d321622f81551b6b4f82967 provider=openml
2026-02-02 15:28:42,961 INFO bench.orchestrators.dataset dataset.py:62: Dataset stage done: duration_s=0.086
2026-02-02 15:28:42,989 INFO bench.orchestrators.sampling sampling.py:86: Sampling start: seed=1 dataset_id=adult
2026-02-02 15:28:42,989 DEBUG bench.orchestrators.sampling sampling.py:87: Sampling plan: split={'kind': 'holdout', 'test_fraction': 0.2, 'val_fraction': 0.1, 'stratify': True, 'shuffle': True} labeling={'mode': 'fraction', 'value': 0.2, 'per_class': False, 'min_per_class': 1, 'strategy': 'balanced', 'fixed_indices': None} imbalance={'kind': 'none', 'apply_to': 'train', 'max_per_class': None, 'alpha': None, 'min_per_class': 1} policy={'respect_official_test': True, 'use_official_graph_masks': True, 'allow_override_official': False}
2026-02-02 15:28:42,990 DEBUG bench.orchestrators.sampling sampling.py:98: Sampling dataset_fingerprint=f9281cab47a3de02bacdff6aeecab3cc3bec164d4d321622f81551b6b4f82967
2026-02-02 15:28:42,990 INFO modssc.sampling.api api.py:99: Sampling start: dataset_id=adult dataset_fingerprint=f9281cab47a3de02bacdff6aeecab3cc3bec164d4d321622f81551b6b4f82967 seed=1 graph=False split=holdout
2026-02-02 15:28:42,990 DEBUG modssc.sampling.api api.py:107: Sampling plan: {'split': {'kind': 'holdout', 'test_fraction': 0.2, 'val_fraction': 0.1, 'stratify': True, 'shuffle': True}, 'labeling': {'mode': 'fraction', 'value': 0.2, 'per_class': False, 'min_per_class': 1, 'strategy': 'balanced', 'fixed_indices': None}, 'imbalance': {'kind': 'none', 'apply_to': 'train', 'max_per_class': None, 'alpha': None, 'min_per_class': 1}, 'policy': {'respect_official_test': True, 'use_official_graph_masks': True, 'allow_override_official': False}}
2026-02-02 15:28:43,087 INFO modssc.sampling.api api.py:141: Sampling done: train=35167 val=3907 test=9768 labeled=7033 unlabeled=28134 duration_s=0.097
2026-02-02 15:28:43,087 DEBUG modssc.sampling.api api.py:150: Sampling stats: {'policy': {'respect_official_test': True, 'has_official_test': False, 'test_ref': 'train'}, 'train': {'n': 35167, 'classes': {'<=50K': 26752, '>50K': 8415}}, 'val': {'n': 3907, 'classes': {'<=50K': 2972, '>50K': 935}}, 'train_labeled': {'n': 7033, 'classes': {'<=50K': 3517, '>50K': 3516}}, 'train_unlabeled': {'n': 28134}, 'test': {'n': 9768, 'classes': {'<=50K': 7431, '>50K': 2337}}}
2026-02-02 15:28:43,108 INFO bench.orchestrators.sampling sampling.py:123: Sampling result: train=35167 val=3907 test=9768 labeled=7033 unlabeled=28134 graph=False
2026-02-02 15:28:43,108 DEBUG bench.orchestrators.sampling sampling.py:132: Sampling stats: {'policy': {'respect_official_test': True, 'has_official_test': False, 'test_ref': 'train'}, 'train': {'n': 35167, 'classes': {'<=50K': 26752, '>50K': 8415}}, 'val': {'n': 3907, 'classes': {'<=50K': 2972, '>50K': 935}}, 'train_labeled': {'n': 7033, 'classes': {'<=50K': 3517, '>50K': 3516}}, 'train_unlabeled': {'n': 28134}, 'test': {'n': 9768, 'classes': {'<=50K': 7431, '>50K': 2337}}}
2026-02-02 15:28:43,108 INFO bench.orchestrators.sampling sampling.py:133: Sampling stage done: duration_s=0.118
2026-02-02 15:28:43,108 INFO bench.orchestrators.preprocess preprocess.py:105: Preprocess start: seed=1 cache=True n_steps=5 fit_indices=7033
2026-02-02 15:28:43,108 DEBUG bench.orchestrators.preprocess preprocess.py:112: Preprocess plan: output_key=features.X steps=['labels.encode', 'tabular.one_hot', 'core.ensure_2d', 'core.pca', 'core.to_numpy']
2026-02-02 15:28:43,108 INFO modssc.preprocess.api api.py:490: Preprocess start: dataset_fp=f9281cab47a3de02bacdff6aeecab3cc3bec164d4d321622f81551b6b4f82967 steps=['labels.encode', 'tabular.one_hot', 'core.ensure_2d', 'core.pca', 'core.to_numpy'] output_key=features.X seed=1 cache=True
2026-02-02 15:28:43,108 DEBUG modssc.preprocess.api api.py:498: Preprocess input shapes: train_X=(48842, 14) train_y=(48842,) test_X=None test_y=None
2026-02-02 15:28:43,108 INFO modssc.preprocess.api api.py:505: Preprocess input size: train_data=5.6 MB test_data=n/a
2026-02-02 15:28:43,108 DEBUG modssc.preprocess.api api.py:521: Preprocess step start: id=labels.encode index=0 kind=transform params={}
2026-02-02 15:28:43,115 DEBUG modssc.preprocess.api api.py:605: Preprocess step train outputs: id=labels.encode keys=['labels.classes', 'labels.y'] duration_s=0.006
2026-02-02 15:28:43,115 INFO modssc.preprocess.api api.py:679: Preprocess step done: id=labels.encode index=0 duration_s=0.006 train_data=5.6 MB test_data=n/a
2026-02-02 15:28:43,115 DEBUG modssc.preprocess.api api.py:521: Preprocess step start: id=tabular.one_hot index=1 kind=fittable params={}
2026-02-02 15:28:44,130 DEBUG modssc.preprocess.api api.py:605: Preprocess step train outputs: id=tabular.one_hot keys=['features.X'] duration_s=1.015
2026-02-02 15:28:44,130 INFO modssc.preprocess.api api.py:679: Preprocess step done: id=tabular.one_hot index=1 duration_s=1.015 train_data=20.1 MB test_data=n/a
2026-02-02 15:28:44,130 DEBUG modssc.preprocess.api api.py:521: Preprocess step start: id=core.ensure_2d index=2 kind=transform params={}
2026-02-02 15:28:44,137 DEBUG modssc.preprocess.api api.py:605: Preprocess step train outputs: id=core.ensure_2d keys=['features.X'] duration_s=0.007
2026-02-02 15:28:44,137 INFO modssc.preprocess.api api.py:679: Preprocess step done: id=core.ensure_2d index=2 duration_s=0.007 train_data=20.1 MB test_data=n/a
2026-02-02 15:28:44,137 DEBUG modssc.preprocess.api api.py:521: Preprocess step start: id=core.pca index=3 kind=fittable params={'n_components': 30}
2026-02-02 15:28:46,162 DEBUG modssc.preprocess.api api.py:605: Preprocess step train outputs: id=core.pca keys=['features.X'] duration_s=2.026
2026-02-02 15:28:46,163 INFO modssc.preprocess.api api.py:679: Preprocess step done: id=core.pca index=3 duration_s=2.026 train_data=6.0 MB test_data=n/a
2026-02-02 15:28:46,163 DEBUG modssc.preprocess.api api.py:521: Preprocess step start: id=core.to_numpy index=4 kind=transform params={}
2026-02-02 15:28:46,165 DEBUG modssc.preprocess.api api.py:605: Preprocess step train outputs: id=core.to_numpy keys=['features.X'] duration_s=0.002
2026-02-02 15:28:46,165 INFO modssc.preprocess.api api.py:679: Preprocess step done: id=core.to_numpy index=4 duration_s=0.002 train_data=6.0 MB test_data=n/a
2026-02-02 15:28:46,165 INFO modssc.preprocess.api api.py:730: Preprocess done: dataset_fp=f9281cab47a3de02bacdff6aeecab3cc3bec164d4d321622f81551b6b4f82967 duration_s=3.057 train_X=(48842, 30) test_X=None
2026-02-02 15:28:46,165 INFO bench.orchestrators.preprocess preprocess.py:124: Preprocess result: fingerprint=preprocess:31a3bdc0449b8816bd86555011d98c6efa85f4f337dfdfb9fbb4a067efad09b5 plan_fingerprint=resolved_plan:17482c72b46c0128215067eeb16db0338f8d62fa6ee2badc8a99bb54672bbc45 cache_dir=/nfs/home/mbarbaux/ModSSC/cache/preprocess/f9281cab47a3de02bacdff6aeecab3cc3bec164d4d321622f81551b6b4f82967 skipped=[]
2026-02-02 15:28:46,165 DEBUG bench.orchestrators.preprocess preprocess.py:131: Preprocess output shapes: train_X=(48842, 30) test_X=None
2026-02-02 15:28:46,165 INFO bench.orchestrators.preprocess preprocess.py:136: Preprocess stage done: duration_s=3.057
2026-02-02 15:28:46,165 INFO bench.orchestrators.graph graph.py:67: Graph start: include_test=False cache=True
2026-02-02 15:28:46,165 DEBUG bench.orchestrators.graph graph.py:72: Graph spec: scheme=knn metric=cosine k=15 radius=None backend=numpy feature_field=features.X seed=1
2026-02-02 15:28:46,165 DEBUG bench.orchestrators.graph graph.py:89: Graph features: shape=(48842, 30)
2026-02-02 15:28:46,168 INFO modssc.graph.construction.api api.py:111: Graph cached: fingerprint=fb165a56a198c34aef9c4407753b69fa9c1a153056a34184039b0366b546aec5 n_nodes=48842 n_edges=356464 duration_s=0.002
2026-02-02 15:28:46,168 INFO bench.orchestrators.graph graph.py:100: Graph built: fingerprint=fb165a56a198c34aef9c4407753b69fa9c1a153056a34184039b0366b546aec5 n_nodes=48842 n_edges=356464 duration_s=0.002
2026-02-02 15:28:46,168 INFO bench.orchestrators.method_transductive method_transductive.py:139: Transductive method start: id=h_gcn seed=398591604 device=auto resolved_device=cuda use_test=False
2026-02-02 15:28:46,168 DEBUG bench.orchestrators.method_transductive method_transductive.py:147: Transductive method params: {'hidden_dim': 64, 'weight_embed_dim': 8, 'num_layers': 9, 'channels': 4, 'dropout': 0.15, 'lr': 0.03, 'weight_decay': 0.0007, 'max_epochs': 250, 'patience': 50, 'add_self_loops': True, 'symmetrize': True}
2026-02-02 15:28:46,168 INFO bench.orchestrators.method_transductive method_transductive.py:158: Transductive data: n_nodes=48842 n_train=48842 n_test=0
2026-02-02 15:28:46,168 INFO bench.orchestrators.method_transductive method_transductive.py:177: Transductive masks: labeled_count=7033 train_count=35167
2026-02-02 15:28:46,168 INFO modssc.transductive.methods.gnn.h_gcn h_gcn.py:284: Starting h_gcn.fit
2026-02-02 15:28:46,168 DEBUG modssc.transductive.methods.gnn.h_gcn h_gcn.py:285: spec=HGCNSpec(hidden_dim=64, weight_embed_dim=8, num_layers=9, channels=4, dropout=0.15, lr=0.03, weight_decay=0.0007, max_epochs=250, patience=50, add_self_loops=True, symmetrize=True) device=cuda seed=398591604
2026-02-02 15:28:46,348 INFO modssc.transductive.methods.gnn.h_gcn h_gcn.py:306: H-GCN sizes: n_nodes=48842 n_classes=2 train=7033 val=3907
2026-02-02 15:30:21,487 DEBUG modssc.transductive.methods.gnn.common common.py:373: train_fullbatch epoch=0 val_loss=0.6931 best updated
2026-02-02 15:30:21,688 DEBUG modssc.transductive.methods.gnn.common common.py:380: train_fullbatch epoch=1 val_loss=0.6931 bad_epochs=1/50
2026-02-02 15:30:21,889 DEBUG modssc.transductive.methods.gnn.common common.py:380: train_fullbatch epoch=2 val_loss=0.6931 bad_epochs=2/50
2026-02-02 15:30:22,090 DEBUG modssc.transductive.methods.gnn.common common.py:380: train_fullbatch epoch=3 val_loss=0.6931 bad_epochs=3/50
2026-02-02 15:30:22,292 DEBUG modssc.transductive.methods.gnn.common common.py:380: train_fullbatch epoch=4 val_loss=0.6931 bad_epochs=4/50
2026-02-02 15:30:22,494 DEBUG modssc.transductive.methods.gnn.common common.py:380: train_fullbatch epoch=5 val_loss=0.6931 bad_epochs=5/50
2026-02-02 15:30:22,696 DEBUG modssc.transductive.methods.gnn.common common.py:380: train_fullbatch epoch=6 val_loss=0.6931 bad_epochs=6/50
2026-02-02 15:30:22,897 DEBUG modssc.transductive.methods.gnn.common common.py:380: train_fullbatch epoch=7 val_loss=0.6931 bad_epochs=7/50
2026-02-02 15:30:23,098 DEBUG modssc.transductive.methods.gnn.common common.py:380: train_fullbatch epoch=8 val_loss=0.6931 bad_epochs=8/50
2026-02-02 15:30:23,299 DEBUG modssc.transductive.methods.gnn.common common.py:380: train_fullbatch epoch=9 val_loss=0.6931 bad_epochs=9/50
2026-02-02 15:30:23,500 DEBUG modssc.transductive.methods.gnn.common common.py:380: train_fullbatch epoch=10 val_loss=0.6931 bad_epochs=10/50
2026-02-02 15:30:23,701 DEBUG modssc.transductive.methods.gnn.common common.py:380: train_fullbatch epoch=11 val_loss=0.6931 bad_epochs=11/50
2026-02-02 15:30:23,904 DEBUG modssc.transductive.methods.gnn.common common.py:380: train_fullbatch epoch=12 val_loss=0.6931 bad_epochs=12/50
2026-02-02 15:30:24,105 DEBUG modssc.transductive.methods.gnn.common common.py:380: train_fullbatch epoch=13 val_loss=0.6931 bad_epochs=13/50
2026-02-02 15:30:24,306 DEBUG modssc.transductive.methods.gnn.common common.py:380: train_fullbatch epoch=14 val_loss=0.6931 bad_epochs=14/50
2026-02-02 15:30:24,507 DEBUG modssc.transductive.methods.gnn.common common.py:380: train_fullbatch epoch=15 val_loss=0.6931 bad_epochs=15/50
2026-02-02 15:30:24,709 DEBUG modssc.transductive.methods.gnn.common common.py:380: train_fullbatch epoch=16 val_loss=0.6931 bad_epochs=16/50
2026-02-02 15:30:24,911 DEBUG modssc.transductive.methods.gnn.common common.py:380: train_fullbatch epoch=17 val_loss=0.6931 bad_epochs=17/50
2026-02-02 15:30:25,113 DEBUG modssc.transductive.methods.gnn.common common.py:380: train_fullbatch epoch=18 val_loss=0.6931 bad_epochs=18/50
2026-02-02 15:30:25,315 DEBUG modssc.transductive.methods.gnn.common common.py:380: train_fullbatch epoch=19 val_loss=0.6931 bad_epochs=19/50
2026-02-02 15:30:25,516 DEBUG modssc.transductive.methods.gnn.common common.py:380: train_fullbatch epoch=20 val_loss=0.6931 bad_epochs=20/50
2026-02-02 15:30:25,718 DEBUG modssc.transductive.methods.gnn.common common.py:380: train_fullbatch epoch=21 val_loss=0.6931 bad_epochs=21/50
2026-02-02 15:30:25,919 DEBUG modssc.transductive.methods.gnn.common common.py:380: train_fullbatch epoch=22 val_loss=0.6931 bad_epochs=22/50
2026-02-02 15:30:26,121 DEBUG modssc.transductive.methods.gnn.common common.py:380: train_fullbatch epoch=23 val_loss=0.6931 bad_epochs=23/50
2026-02-02 15:30:26,322 DEBUG modssc.transductive.methods.gnn.common common.py:380: train_fullbatch epoch=24 val_loss=0.6931 bad_epochs=24/50
2026-02-02 15:30:26,524 DEBUG modssc.transductive.methods.gnn.common common.py:380: train_fullbatch epoch=25 val_loss=0.6931 bad_epochs=25/50
2026-02-02 15:30:26,726 DEBUG modssc.transductive.methods.gnn.common common.py:380: train_fullbatch epoch=26 val_loss=0.6931 bad_epochs=26/50
2026-02-02 15:30:26,928 DEBUG modssc.transductive.methods.gnn.common common.py:380: train_fullbatch epoch=27 val_loss=0.6931 bad_epochs=27/50
2026-02-02 15:30:27,130 DEBUG modssc.transductive.methods.gnn.common common.py:380: train_fullbatch epoch=28 val_loss=0.6931 bad_epochs=28/50
2026-02-02 15:30:27,332 DEBUG modssc.transductive.methods.gnn.common common.py:380: train_fullbatch epoch=29 val_loss=0.6931 bad_epochs=29/50
2026-02-02 15:30:27,533 DEBUG modssc.transductive.methods.gnn.common common.py:380: train_fullbatch epoch=30 val_loss=0.6931 bad_epochs=30/50
2026-02-02 15:30:27,735 DEBUG modssc.transductive.methods.gnn.common common.py:380: train_fullbatch epoch=31 val_loss=0.6931 bad_epochs=31/50
2026-02-02 15:30:27,937 DEBUG modssc.transductive.methods.gnn.common common.py:380: train_fullbatch epoch=32 val_loss=0.6931 bad_epochs=32/50
2026-02-02 15:30:28,139 DEBUG modssc.transductive.methods.gnn.common common.py:380: train_fullbatch epoch=33 val_loss=0.6931 bad_epochs=33/50
2026-02-02 15:30:28,340 DEBUG modssc.transductive.methods.gnn.common common.py:380: train_fullbatch epoch=34 val_loss=0.6931 bad_epochs=34/50
2026-02-02 15:30:28,542 DEBUG modssc.transductive.methods.gnn.common common.py:380: train_fullbatch epoch=35 val_loss=0.6931 bad_epochs=35/50
2026-02-02 15:30:28,745 DEBUG modssc.transductive.methods.gnn.common common.py:380: train_fullbatch epoch=36 val_loss=0.6931 bad_epochs=36/50
2026-02-02 15:30:28,947 DEBUG modssc.transductive.methods.gnn.common common.py:380: train_fullbatch epoch=37 val_loss=0.6931 bad_epochs=37/50
2026-02-02 15:30:29,149 DEBUG modssc.transductive.methods.gnn.common common.py:380: train_fullbatch epoch=38 val_loss=0.6931 bad_epochs=38/50
2026-02-02 15:30:29,350 DEBUG modssc.transductive.methods.gnn.common common.py:380: train_fullbatch epoch=39 val_loss=0.6931 bad_epochs=39/50
2026-02-02 15:30:29,552 DEBUG modssc.transductive.methods.gnn.common common.py:380: train_fullbatch epoch=40 val_loss=0.6931 bad_epochs=40/50
2026-02-02 15:30:29,754 DEBUG modssc.transductive.methods.gnn.common common.py:380: train_fullbatch epoch=41 val_loss=0.6931 bad_epochs=41/50
2026-02-02 15:30:29,956 DEBUG modssc.transductive.methods.gnn.common common.py:380: train_fullbatch epoch=42 val_loss=0.6931 bad_epochs=42/50
2026-02-02 15:30:30,158 DEBUG modssc.transductive.methods.gnn.common common.py:380: train_fullbatch epoch=43 val_loss=0.6931 bad_epochs=43/50
2026-02-02 15:30:30,360 DEBUG modssc.transductive.methods.gnn.common common.py:380: train_fullbatch epoch=44 val_loss=0.6931 bad_epochs=44/50
2026-02-02 15:30:30,562 DEBUG modssc.transductive.methods.gnn.common common.py:380: train_fullbatch epoch=45 val_loss=0.6931 bad_epochs=45/50
2026-02-02 15:30:30,764 DEBUG modssc.transductive.methods.gnn.common common.py:380: train_fullbatch epoch=46 val_loss=0.6931 bad_epochs=46/50
2026-02-02 15:30:30,966 DEBUG modssc.transductive.methods.gnn.common common.py:380: train_fullbatch epoch=47 val_loss=0.6931 bad_epochs=47/50
2026-02-02 15:30:31,168 DEBUG modssc.transductive.methods.gnn.common common.py:380: train_fullbatch epoch=48 val_loss=0.6931 bad_epochs=48/50
2026-02-02 15:30:31,370 DEBUG modssc.transductive.methods.gnn.common common.py:380: train_fullbatch epoch=49 val_loss=0.6931 bad_epochs=49/50
2026-02-02 15:30:31,572 DEBUG modssc.transductive.methods.gnn.common common.py:380: train_fullbatch epoch=50 val_loss=0.6931 bad_epochs=50/50
2026-02-02 15:30:31,572 DEBUG modssc.transductive.methods.gnn.common common.py:388: train_fullbatch early_stop epoch=50 best_epoch=0 best_val_loss=0.6931
2026-02-02 15:30:31,573 DEBUG modssc.transductive.methods.gnn.common common.py:399: train_fullbatch done n_epochs=51 best_epoch=0 best_val_loss=0.6931472420692444
2026-02-02 15:30:31,574 INFO modssc.transductive.methods.gnn.h_gcn h_gcn.py:393: Finished h_gcn.fit in 105.405s
2026-02-02 15:30:31,614 INFO bench.orchestrators.method_transductive method_transductive.py:218: Transductive method done: id=h_gcn duration_s=105.446
2026-02-02 15:30:31,614 INFO bench.orchestrators.evaluation evaluation.py:244: Evaluation (transductive): splits=['val', 'test'] metrics=['accuracy', 'macro_f1']
2026-02-02 15:30:31,683 INFO bench.orchestrators.evaluation evaluation.py:263: Evaluation (transductive) done: duration_s=0.069
2026-02-02 15:30:31,686 INFO bench.orchestrators.reporting reporting.py:54: Run summary written: /nfs/home/mbarbaux/ModSSC/runs/transductive/h_gcn/tabular/adult/best_tabular_transductive_h_gcn_adult-20260202T142842Z/run.json status=success duration_s=0.002
