2026-02-02 14:55:57,512 INFO bench.orchestrators.dataset dataset.py:36: Dataset start: id=citeseer download=True cache_dir=None
2026-02-02 14:55:57,512 DEBUG bench.orchestrators.dataset dataset.py:42: Dataset options: []
2026-02-02 14:55:57,515 DEBUG modssc.data_loader.providers __init__.py:38: Creating provider: pyg
2026-02-02 14:55:57,515 DEBUG modssc.data_loader.api api.py:316: Resolved dataset id=citeseer provider=pyg canonical_uri=pyg:Planetoid/CiteSeer
2026-02-02 14:55:57,515 INFO modssc.data_loader.api api.py:117: Dataset load: id=citeseer provider=pyg version=None fingerprint=3fb862b6bc9dc5b9bfd36e222d5bbeab653ca6c7a430c3accea136e424ca3744 download=True force=False cache_dir=/nfs/home/mbarbaux/ModSSC/cache/datasets
2026-02-02 14:55:57,515 DEBUG modssc.data_loader.api api.py:127: Dataset resolved_kwargs: {'dataset_class': 'Planetoid', 'dataset_kwargs': {'name': 'CiteSeer'}}
2026-02-02 14:55:57,527 DEBUG modssc.data_loader.api api.py:403: Loaded cached dataset: fingerprint=3fb862b6bc9dc5b9bfd36e222d5bbeab653ca6c7a430c3accea136e424ca3744
2026-02-02 14:55:57,527 INFO modssc.data_loader.api api.py:133: Dataset cached: id=citeseer train=3327 test=None n_classes=6 duration_s=0.015
2026-02-02 14:55:57,527 INFO bench.orchestrators.dataset dataset.py:54: Dataset loaded: train=3327 test=None graph=True fingerprint=3fb862b6bc9dc5b9bfd36e222d5bbeab653ca6c7a430c3accea136e424ca3744 provider=pyg
2026-02-02 14:55:57,527 INFO bench.orchestrators.dataset dataset.py:62: Dataset stage done: duration_s=0.015
2026-02-02 14:55:57,572 INFO bench.orchestrators.sampling sampling.py:86: Sampling start: seed=5 dataset_id=citeseer
2026-02-02 14:55:57,572 DEBUG bench.orchestrators.sampling sampling.py:87: Sampling plan: split={'kind': 'holdout', 'test_fraction': 0.2, 'val_fraction': 0.1, 'stratify': True, 'shuffle': True} labeling={'mode': 'fraction', 'value': 0.2, 'per_class': False, 'min_per_class': 1, 'strategy': 'balanced', 'fixed_indices': None} imbalance={'kind': 'none', 'apply_to': 'train', 'max_per_class': None, 'alpha': None, 'min_per_class': 1} policy={'respect_official_test': True, 'use_official_graph_masks': True, 'allow_override_official': False}
2026-02-02 14:55:57,572 DEBUG bench.orchestrators.sampling sampling.py:98: Sampling dataset_fingerprint=3fb862b6bc9dc5b9bfd36e222d5bbeab653ca6c7a430c3accea136e424ca3744
2026-02-02 14:55:57,572 INFO modssc.sampling.api api.py:99: Sampling start: dataset_id=citeseer dataset_fingerprint=3fb862b6bc9dc5b9bfd36e222d5bbeab653ca6c7a430c3accea136e424ca3744 seed=5 graph=True split=holdout
2026-02-02 14:55:57,572 DEBUG modssc.sampling.api api.py:107: Sampling plan: {'split': {'kind': 'holdout', 'test_fraction': 0.2, 'val_fraction': 0.1, 'stratify': True, 'shuffle': True}, 'labeling': {'mode': 'fraction', 'value': 0.2, 'per_class': False, 'min_per_class': 1, 'strategy': 'balanced', 'fixed_indices': None}, 'imbalance': {'kind': 'none', 'apply_to': 'train', 'max_per_class': None, 'alpha': None, 'min_per_class': 1}, 'policy': {'respect_official_test': True, 'use_official_graph_masks': True, 'allow_override_official': False}}
2026-02-02 14:55:57,583 INFO modssc.sampling.api api.py:141: Sampling done: train=120 val=500 test=1000 labeled=24 unlabeled=96 duration_s=0.011
2026-02-02 14:55:57,583 DEBUG modssc.sampling.api api.py:150: Sampling stats: {'nodes': 3327, 'train': 120, 'val': 500, 'test': 1000, 'labeled': 24, 'unlabeled': 96, 'labeled_class_dist': {'n': 24, 'classes': {'0': 4, '1': 4, '2': 4, '3': 4, '4': 4, '5': 4}}}
2026-02-02 14:55:57,583 INFO bench.orchestrators.sampling sampling.py:123: Sampling result: train=120 val=500 test=1000 labeled=24 unlabeled=96 graph=True
2026-02-02 14:55:57,583 DEBUG bench.orchestrators.sampling sampling.py:132: Sampling stats: {'nodes': 3327, 'train': 120, 'val': 500, 'test': 1000, 'labeled': 24, 'unlabeled': 96, 'labeled_class_dist': {'n': 24, 'classes': {'0': 4, '1': 4, '2': 4, '3': 4, '4': 4, '5': 4}}}
2026-02-02 14:55:57,583 INFO bench.orchestrators.sampling sampling.py:133: Sampling stage done: duration_s=0.012
Inductive method on graph dataset; converting graph masks to indices.
2026-02-02 14:55:57,583 INFO bench.orchestrators.preprocess preprocess.py:105: Preprocess start: seed=5 cache=True n_steps=4 fit_indices=24
2026-02-02 14:55:57,583 DEBUG bench.orchestrators.preprocess preprocess.py:112: Preprocess plan: output_key=features.X steps=['labels.encode', 'labels.to_torch', 'graph.sparse_adjacency', 'core.to_torch']
2026-02-02 14:55:57,584 INFO modssc.preprocess.api api.py:490: Preprocess start: dataset_fp=3fb862b6bc9dc5b9bfd36e222d5bbeab653ca6c7a430c3accea136e424ca3744 steps=['labels.encode', 'labels.to_torch', 'graph.sparse_adjacency', 'core.to_torch'] output_key=features.X seed=5 cache=True
2026-02-02 14:55:57,584 DEBUG modssc.preprocess.api api.py:498: Preprocess input shapes: train_X=(3327, 3703) train_y=(3327,) test_X=None test_y=None
2026-02-02 14:55:57,584 INFO modssc.preprocess.api api.py:505: Preprocess input size: train_data=47.2 MB test_data=n/a
2026-02-02 14:55:57,584 DEBUG modssc.preprocess.api api.py:521: Preprocess step start: id=labels.encode index=0 kind=transform params={}
2026-02-02 14:55:57,586 DEBUG modssc.preprocess.api api.py:605: Preprocess step train outputs: id=labels.encode keys=['labels.classes', 'labels.y'] duration_s=0.002
2026-02-02 14:55:57,586 INFO modssc.preprocess.api api.py:679: Preprocess step done: id=labels.encode index=0 duration_s=0.002 train_data=47.2 MB test_data=n/a
2026-02-02 14:55:57,586 DEBUG modssc.preprocess.api api.py:521: Preprocess step start: id=labels.to_torch index=1 kind=transform params={'device': 'auto', 'dtype': 'int64'}
2026-02-02 14:55:57,679 DEBUG modssc.preprocess.api api.py:605: Preprocess step train outputs: id=labels.to_torch keys=['labels.y'] duration_s=0.093
2026-02-02 14:55:57,679 INFO modssc.preprocess.api api.py:267: Preprocess GPU device: device=cuda:0 model=NVIDIA L40
2026-02-02 14:55:57,679 INFO modssc.preprocess.api api.py:679: Preprocess step done: id=labels.to_torch index=1 duration_s=0.093 train_data=47.2 MB test_data=n/a
2026-02-02 14:55:57,680 DEBUG modssc.preprocess.api api.py:521: Preprocess step start: id=graph.sparse_adjacency index=2 kind=transform params={'max_nodes': 20000, 'batch_size': 32, 'embed_epochs': 5, 'embed_lr': 0.01, 'undirected': True, 'device': 'auto'}
2026-02-02 14:55:57,682 WARNING modssc.preprocess.api api.py:575: Preprocess cache miss for graph.sparse_adjacency (train): Incomplete cached outputs for step 'graph.sparse_adjacency' (train)
2026-02-02 14:55:57,683 DEBUG modssc.preprocess.api api.py:605: Preprocess step train outputs: id=graph.sparse_adjacency keys=['features.X'] duration_s=0.003
2026-02-02 14:55:57,683 INFO modssc.preprocess.api api.py:679: Preprocess step done: id=graph.sparse_adjacency index=2 duration_s=0.003 train_data=47.3 MB test_data=n/a
2026-02-02 14:55:57,683 DEBUG modssc.preprocess.api api.py:521: Preprocess step start: id=core.to_torch index=3 kind=transform params={'device': 'auto', 'dtype': 'float32'}
2026-02-02 14:55:57,684 WARNING modssc.preprocess.api api.py:575: Preprocess cache miss for core.to_torch (train): Incomplete cached outputs for step 'core.to_torch' (train)
2026-02-02 14:55:57,688 DEBUG modssc.preprocess.api api.py:605: Preprocess step train outputs: id=core.to_torch keys=['features.X'] duration_s=0.005
2026-02-02 14:55:57,688 INFO modssc.preprocess.api api.py:679: Preprocess step done: id=core.to_torch index=3 duration_s=0.005 train_data=47.3 MB test_data=n/a
2026-02-02 14:55:57,688 INFO modssc.preprocess.api api.py:730: Preprocess done: dataset_fp=3fb862b6bc9dc5b9bfd36e222d5bbeab653ca6c7a430c3accea136e424ca3744 duration_s=0.105 train_X=None test_X=None
2026-02-02 14:55:57,688 INFO bench.orchestrators.preprocess preprocess.py:124: Preprocess result: fingerprint=preprocess:aa9a18f8888ae8bfd7b23144deb24cb21beda62d98043ce05c45e4b777de76e6 plan_fingerprint=resolved_plan:95213a523f045acfbe48296ceac122bc48b9fd73dbd5843390244a44a4946c42 cache_dir=/nfs/home/mbarbaux/ModSSC/cache/preprocess/3fb862b6bc9dc5b9bfd36e222d5bbeab653ca6c7a430c3accea136e424ca3744 skipped=[]
2026-02-02 14:55:57,688 DEBUG bench.orchestrators.preprocess preprocess.py:131: Preprocess output shapes: train_X=None test_X=None
2026-02-02 14:55:57,688 INFO bench.orchestrators.preprocess preprocess.py:136: Preprocess stage done: duration_s=0.105
2026-02-02 14:55:59,851 INFO bench.orchestrators.augmentation augmentation.py:66: Augmentation start: mode=fixed modality=tabular seed=5 n_samples=96 strong_views=1
2026-02-02 14:55:59,851 DEBUG bench.orchestrators.augmentation augmentation.py:74: Augmentation steps: weak=['tabular.gaussian_noise'] strong=['tabular.feature_dropout']
2026-02-02 14:55:59,876 INFO bench.orchestrators.augmentation augmentation.py:191: Augmentation done: duration_s=0.025
2026-02-02 14:55:59,876 DEBUG bench.orchestrators.augmentation augmentation.py:192: Augmentation output shapes: weak=(96, 3703) strong=(96, 3703) strong_1=None
2026-02-02 14:55:59,876 INFO bench.orchestrators.method_inductive method_inductive.py:441: Inductive method start: id=mean_teacher seed=3274374610 device=auto dtype=float32 model=graphsage_inductive
2026-02-02 14:55:59,876 DEBUG bench.orchestrators.method_inductive method_inductive.py:470: Inductive method params: {'lambda_u': 1.0, 'unsup_warm_up': 0.4, 'batch_size': 128, 'max_epochs': 50, 'ema_decay': 0.999, 'freeze_bn': True, 'detach_target': True}
2026-02-02 14:55:59,877 INFO bench.orchestrators.method_inductive method_inductive.py:476: Inductive method data: n_labeled=24 n_unlabeled=96
2026-02-02 14:55:59,916 INFO modssc.inductive.methods.mean_teacher mean_teacher.py:95: Starting mean_teacher.fit
2026-02-02 14:55:59,916 DEBUG modssc.inductive.methods.mean_teacher mean_teacher.py:96: params lambda_u=1.0 unsup_warm_up=0.4 batch_size=128 max_epochs=50 ema_decay=0.999 freeze_bn=True detach_target=True has_model_bundle=True device=DeviceSpec(device='auto', dtype='float32') seed=3274374610
2026-02-02 14:55:59,916 INFO modssc.inductive.methods.mean_teacher mean_teacher.py:127: Mean Teacher sizes: n_labeled=24 n_unlabeled=96
2026-02-02 14:56:00,040 DEBUG modssc.inductive.methods.mean_teacher mean_teacher.py:233: MeanTeacher epoch=0 warm=0.000 sup_loss=1.7889 unsup_loss=0.0000 ema_decay=0.999
2026-02-02 14:56:00,075 DEBUG modssc.inductive.methods.mean_teacher mean_teacher.py:233: MeanTeacher epoch=1 warm=0.050 sup_loss=1.7288 unsup_loss=0.0000 ema_decay=0.999
2026-02-02 14:56:00,079 DEBUG modssc.inductive.methods.mean_teacher mean_teacher.py:233: MeanTeacher epoch=2 warm=0.100 sup_loss=1.6713 unsup_loss=0.0000 ema_decay=0.999
2026-02-02 14:56:00,082 DEBUG modssc.inductive.methods.mean_teacher mean_teacher.py:233: MeanTeacher epoch=3 warm=0.150 sup_loss=1.6224 unsup_loss=0.0000 ema_decay=0.999
2026-02-02 14:56:00,084 DEBUG modssc.inductive.methods.mean_teacher mean_teacher.py:233: MeanTeacher epoch=4 warm=0.200 sup_loss=1.5774 unsup_loss=0.0000 ema_decay=0.999
2026-02-02 14:56:00,087 DEBUG modssc.inductive.methods.mean_teacher mean_teacher.py:233: MeanTeacher epoch=5 warm=0.250 sup_loss=1.5203 unsup_loss=0.0000 ema_decay=0.999
2026-02-02 14:56:00,090 DEBUG modssc.inductive.methods.mean_teacher mean_teacher.py:233: MeanTeacher epoch=6 warm=0.300 sup_loss=1.4657 unsup_loss=0.0000 ema_decay=0.999
2026-02-02 14:56:00,093 DEBUG modssc.inductive.methods.mean_teacher mean_teacher.py:233: MeanTeacher epoch=7 warm=0.350 sup_loss=1.3993 unsup_loss=0.0000 ema_decay=0.999
2026-02-02 14:56:00,096 DEBUG modssc.inductive.methods.mean_teacher mean_teacher.py:233: MeanTeacher epoch=8 warm=0.400 sup_loss=1.3404 unsup_loss=0.0000 ema_decay=0.999
2026-02-02 14:56:00,099 DEBUG modssc.inductive.methods.mean_teacher mean_teacher.py:233: MeanTeacher epoch=9 warm=0.450 sup_loss=1.2912 unsup_loss=0.0000 ema_decay=0.999
2026-02-02 14:56:00,102 DEBUG modssc.inductive.methods.mean_teacher mean_teacher.py:233: MeanTeacher epoch=10 warm=0.500 sup_loss=1.2214 unsup_loss=0.0000 ema_decay=0.999
2026-02-02 14:56:00,105 DEBUG modssc.inductive.methods.mean_teacher mean_teacher.py:233: MeanTeacher epoch=11 warm=0.550 sup_loss=1.1601 unsup_loss=0.0000 ema_decay=0.999
2026-02-02 14:56:00,108 DEBUG modssc.inductive.methods.mean_teacher mean_teacher.py:233: MeanTeacher epoch=12 warm=0.600 sup_loss=1.1046 unsup_loss=0.0000 ema_decay=0.999
2026-02-02 14:56:00,110 DEBUG modssc.inductive.methods.mean_teacher mean_teacher.py:233: MeanTeacher epoch=13 warm=0.650 sup_loss=1.0170 unsup_loss=0.0001 ema_decay=0.999
2026-02-02 14:56:00,113 DEBUG modssc.inductive.methods.mean_teacher mean_teacher.py:233: MeanTeacher epoch=14 warm=0.700 sup_loss=0.9598 unsup_loss=0.0001 ema_decay=0.999
2026-02-02 14:56:00,116 DEBUG modssc.inductive.methods.mean_teacher mean_teacher.py:233: MeanTeacher epoch=15 warm=0.750 sup_loss=0.8904 unsup_loss=0.0001 ema_decay=0.999
2026-02-02 14:56:00,119 DEBUG modssc.inductive.methods.mean_teacher mean_teacher.py:233: MeanTeacher epoch=16 warm=0.800 sup_loss=0.8384 unsup_loss=0.0001 ema_decay=0.999
2026-02-02 14:56:00,122 DEBUG modssc.inductive.methods.mean_teacher mean_teacher.py:233: MeanTeacher epoch=17 warm=0.850 sup_loss=0.7581 unsup_loss=0.0001 ema_decay=0.999
2026-02-02 14:56:00,125 DEBUG modssc.inductive.methods.mean_teacher mean_teacher.py:233: MeanTeacher epoch=18 warm=0.900 sup_loss=0.7069 unsup_loss=0.0001 ema_decay=0.999
2026-02-02 14:56:00,128 DEBUG modssc.inductive.methods.mean_teacher mean_teacher.py:233: MeanTeacher epoch=19 warm=0.950 sup_loss=0.6440 unsup_loss=0.0002 ema_decay=0.999
2026-02-02 14:56:00,130 DEBUG modssc.inductive.methods.mean_teacher mean_teacher.py:233: MeanTeacher epoch=20 warm=1.000 sup_loss=0.5658 unsup_loss=0.0003 ema_decay=0.999
2026-02-02 14:56:00,133 DEBUG modssc.inductive.methods.mean_teacher mean_teacher.py:233: MeanTeacher epoch=21 warm=1.000 sup_loss=0.5155 unsup_loss=0.0002 ema_decay=0.999
2026-02-02 14:56:00,136 DEBUG modssc.inductive.methods.mean_teacher mean_teacher.py:233: MeanTeacher epoch=22 warm=1.000 sup_loss=0.4634 unsup_loss=0.0003 ema_decay=0.999
2026-02-02 14:56:00,139 DEBUG modssc.inductive.methods.mean_teacher mean_teacher.py:233: MeanTeacher epoch=23 warm=1.000 sup_loss=0.4144 unsup_loss=0.0003 ema_decay=0.999
2026-02-02 14:56:00,142 DEBUG modssc.inductive.methods.mean_teacher mean_teacher.py:233: MeanTeacher epoch=24 warm=1.000 sup_loss=0.3619 unsup_loss=0.0004 ema_decay=0.999
2026-02-02 14:56:00,145 DEBUG modssc.inductive.methods.mean_teacher mean_teacher.py:233: MeanTeacher epoch=25 warm=1.000 sup_loss=0.3401 unsup_loss=0.0003 ema_decay=0.999
2026-02-02 14:56:00,148 DEBUG modssc.inductive.methods.mean_teacher mean_teacher.py:233: MeanTeacher epoch=26 warm=1.000 sup_loss=0.2947 unsup_loss=0.0003 ema_decay=0.999
2026-02-02 14:56:00,151 DEBUG modssc.inductive.methods.mean_teacher mean_teacher.py:233: MeanTeacher epoch=27 warm=1.000 sup_loss=0.2695 unsup_loss=0.0004 ema_decay=0.999
2026-02-02 14:56:00,153 DEBUG modssc.inductive.methods.mean_teacher mean_teacher.py:233: MeanTeacher epoch=28 warm=1.000 sup_loss=0.2366 unsup_loss=0.0004 ema_decay=0.999
2026-02-02 14:56:00,156 DEBUG modssc.inductive.methods.mean_teacher mean_teacher.py:233: MeanTeacher epoch=29 warm=1.000 sup_loss=0.2049 unsup_loss=0.0004 ema_decay=0.999
2026-02-02 14:56:00,159 DEBUG modssc.inductive.methods.mean_teacher mean_teacher.py:233: MeanTeacher epoch=30 warm=1.000 sup_loss=0.1753 unsup_loss=0.0005 ema_decay=0.999
2026-02-02 14:56:00,162 DEBUG modssc.inductive.methods.mean_teacher mean_teacher.py:233: MeanTeacher epoch=31 warm=1.000 sup_loss=0.1537 unsup_loss=0.0005 ema_decay=0.999
2026-02-02 14:56:00,165 DEBUG modssc.inductive.methods.mean_teacher mean_teacher.py:233: MeanTeacher epoch=32 warm=1.000 sup_loss=0.1490 unsup_loss=0.0006 ema_decay=0.999
2026-02-02 14:56:00,168 DEBUG modssc.inductive.methods.mean_teacher mean_teacher.py:233: MeanTeacher epoch=33 warm=1.000 sup_loss=0.1269 unsup_loss=0.0006 ema_decay=0.999
2026-02-02 14:56:00,171 DEBUG modssc.inductive.methods.mean_teacher mean_teacher.py:233: MeanTeacher epoch=34 warm=1.000 sup_loss=0.1133 unsup_loss=0.0005 ema_decay=0.999
2026-02-02 14:56:00,174 DEBUG modssc.inductive.methods.mean_teacher mean_teacher.py:233: MeanTeacher epoch=35 warm=1.000 sup_loss=0.1037 unsup_loss=0.0007 ema_decay=0.999
2026-02-02 14:56:00,176 DEBUG modssc.inductive.methods.mean_teacher mean_teacher.py:233: MeanTeacher epoch=36 warm=1.000 sup_loss=0.0774 unsup_loss=0.0006 ema_decay=0.999
2026-02-02 14:56:00,179 DEBUG modssc.inductive.methods.mean_teacher mean_teacher.py:233: MeanTeacher epoch=37 warm=1.000 sup_loss=0.0806 unsup_loss=0.0007 ema_decay=0.999
2026-02-02 14:56:00,182 DEBUG modssc.inductive.methods.mean_teacher mean_teacher.py:233: MeanTeacher epoch=38 warm=1.000 sup_loss=0.0662 unsup_loss=0.0006 ema_decay=0.999
2026-02-02 14:56:00,185 DEBUG modssc.inductive.methods.mean_teacher mean_teacher.py:233: MeanTeacher epoch=39 warm=1.000 sup_loss=0.0608 unsup_loss=0.0006 ema_decay=0.999
2026-02-02 14:56:00,188 DEBUG modssc.inductive.methods.mean_teacher mean_teacher.py:233: MeanTeacher epoch=40 warm=1.000 sup_loss=0.0565 unsup_loss=0.0007 ema_decay=0.999
2026-02-02 14:56:00,191 DEBUG modssc.inductive.methods.mean_teacher mean_teacher.py:233: MeanTeacher epoch=41 warm=1.000 sup_loss=0.0492 unsup_loss=0.0007 ema_decay=0.999
2026-02-02 14:56:00,194 DEBUG modssc.inductive.methods.mean_teacher mean_teacher.py:233: MeanTeacher epoch=42 warm=1.000 sup_loss=0.0444 unsup_loss=0.0005 ema_decay=0.999
2026-02-02 14:56:00,197 DEBUG modssc.inductive.methods.mean_teacher mean_teacher.py:233: MeanTeacher epoch=43 warm=1.000 sup_loss=0.0375 unsup_loss=0.0005 ema_decay=0.999
2026-02-02 14:56:00,200 DEBUG modssc.inductive.methods.mean_teacher mean_teacher.py:233: MeanTeacher epoch=44 warm=1.000 sup_loss=0.0328 unsup_loss=0.0008 ema_decay=0.999
2026-02-02 14:56:00,202 DEBUG modssc.inductive.methods.mean_teacher mean_teacher.py:233: MeanTeacher epoch=45 warm=1.000 sup_loss=0.0298 unsup_loss=0.0008 ema_decay=0.999
2026-02-02 14:56:00,205 DEBUG modssc.inductive.methods.mean_teacher mean_teacher.py:233: MeanTeacher epoch=46 warm=1.000 sup_loss=0.0330 unsup_loss=0.0006 ema_decay=0.999
2026-02-02 14:56:00,208 DEBUG modssc.inductive.methods.mean_teacher mean_teacher.py:233: MeanTeacher epoch=47 warm=1.000 sup_loss=0.0257 unsup_loss=0.0006 ema_decay=0.999
2026-02-02 14:56:00,211 DEBUG modssc.inductive.methods.mean_teacher mean_teacher.py:233: MeanTeacher epoch=48 warm=1.000 sup_loss=0.0254 unsup_loss=0.0007 ema_decay=0.999
2026-02-02 14:56:00,214 DEBUG modssc.inductive.methods.mean_teacher mean_teacher.py:233: MeanTeacher epoch=49 warm=1.000 sup_loss=0.0208 unsup_loss=0.0006 ema_decay=0.999
2026-02-02 14:56:00,215 INFO modssc.inductive.methods.mean_teacher mean_teacher.py:251: Finished mean_teacher.fit in 0.299s
2026-02-02 14:56:00,215 INFO bench.orchestrators.method_inductive method_inductive.py:550: Inductive method done: id=mean_teacher duration_s=0.339
2026-02-02 14:56:00,215 INFO bench.orchestrators.evaluation evaluation.py:189: Evaluation (inductive): splits=['val', 'test'] metrics=['accuracy', 'macro_f1']
2026-02-02 14:56:00,226 INFO bench.orchestrators.evaluation evaluation.py:231: Evaluation (inductive) done: duration_s=0.011
2026-02-02 14:56:00,228 INFO bench.orchestrators.reporting reporting.py:54: Run summary written: /nfs/home/mbarbaux/ModSSC/runs/inductive/mean_teacher/graph/citeseer/best_graph_inductive_mean_teacher_citeseer-20260202T135557Z/run.json status=success duration_s=0.002
