2026-02-02 15:20:28,559 INFO bench.orchestrators.dataset dataset.py:36: Dataset start: id=pubmed download=True cache_dir=None
2026-02-02 15:20:28,559 DEBUG bench.orchestrators.dataset dataset.py:42: Dataset options: []
2026-02-02 15:20:28,562 DEBUG modssc.data_loader.providers __init__.py:38: Creating provider: pyg
2026-02-02 15:20:28,562 DEBUG modssc.data_loader.api api.py:316: Resolved dataset id=pubmed provider=pyg canonical_uri=pyg:Planetoid/PubMed
2026-02-02 15:20:28,562 INFO modssc.data_loader.api api.py:117: Dataset load: id=pubmed provider=pyg version=None fingerprint=33662ee2dd9f5386a1eb7438c7e711640858805e93f8cee2bfe9beda2eb3499a download=True force=False cache_dir=/nfs/home/mbarbaux/ModSSC/cache/datasets
2026-02-02 15:20:28,562 DEBUG modssc.data_loader.api api.py:127: Dataset resolved_kwargs: {'dataset_class': 'Planetoid', 'dataset_kwargs': {'name': 'PubMed'}}
2026-02-02 15:20:28,573 DEBUG modssc.data_loader.api api.py:403: Loaded cached dataset: fingerprint=33662ee2dd9f5386a1eb7438c7e711640858805e93f8cee2bfe9beda2eb3499a
2026-02-02 15:20:28,573 INFO modssc.data_loader.api api.py:133: Dataset cached: id=pubmed train=19717 test=None n_classes=3 duration_s=0.014
2026-02-02 15:20:28,573 INFO bench.orchestrators.dataset dataset.py:54: Dataset loaded: train=19717 test=None graph=True fingerprint=33662ee2dd9f5386a1eb7438c7e711640858805e93f8cee2bfe9beda2eb3499a provider=pyg
2026-02-02 15:20:28,573 INFO bench.orchestrators.dataset dataset.py:62: Dataset stage done: duration_s=0.014
2026-02-02 15:20:28,617 INFO bench.orchestrators.sampling sampling.py:86: Sampling start: seed=5 dataset_id=pubmed
2026-02-02 15:20:28,617 DEBUG bench.orchestrators.sampling sampling.py:87: Sampling plan: split={'kind': 'holdout', 'test_fraction': 0.2, 'val_fraction': 0.1, 'stratify': True, 'shuffle': True} labeling={'mode': 'fraction', 'value': 0.2, 'per_class': False, 'min_per_class': 1, 'strategy': 'balanced', 'fixed_indices': None} imbalance={'kind': 'none', 'apply_to': 'train', 'max_per_class': None, 'alpha': None, 'min_per_class': 1} policy={'respect_official_test': True, 'use_official_graph_masks': True, 'allow_override_official': False}
2026-02-02 15:20:28,617 DEBUG bench.orchestrators.sampling sampling.py:98: Sampling dataset_fingerprint=33662ee2dd9f5386a1eb7438c7e711640858805e93f8cee2bfe9beda2eb3499a
2026-02-02 15:20:28,617 INFO modssc.sampling.api api.py:99: Sampling start: dataset_id=pubmed dataset_fingerprint=33662ee2dd9f5386a1eb7438c7e711640858805e93f8cee2bfe9beda2eb3499a seed=5 graph=True split=holdout
2026-02-02 15:20:28,617 DEBUG modssc.sampling.api api.py:107: Sampling plan: {'split': {'kind': 'holdout', 'test_fraction': 0.2, 'val_fraction': 0.1, 'stratify': True, 'shuffle': True}, 'labeling': {'mode': 'fraction', 'value': 0.2, 'per_class': False, 'min_per_class': 1, 'strategy': 'balanced', 'fixed_indices': None}, 'imbalance': {'kind': 'none', 'apply_to': 'train', 'max_per_class': None, 'alpha': None, 'min_per_class': 1}, 'policy': {'respect_official_test': True, 'use_official_graph_masks': True, 'allow_override_official': False}}
2026-02-02 15:20:28,629 INFO modssc.sampling.api api.py:141: Sampling done: train=60 val=500 test=1000 labeled=12 unlabeled=48 duration_s=0.011
2026-02-02 15:20:28,629 DEBUG modssc.sampling.api api.py:150: Sampling stats: {'nodes': 19717, 'train': 60, 'val': 500, 'test': 1000, 'labeled': 12, 'unlabeled': 48, 'labeled_class_dist': {'n': 12, 'classes': {'0': 4, '1': 4, '2': 4}}}
2026-02-02 15:20:28,629 INFO bench.orchestrators.sampling sampling.py:123: Sampling result: train=60 val=500 test=1000 labeled=12 unlabeled=48 graph=True
2026-02-02 15:20:28,629 DEBUG bench.orchestrators.sampling sampling.py:132: Sampling stats: {'nodes': 19717, 'train': 60, 'val': 500, 'test': 1000, 'labeled': 12, 'unlabeled': 48, 'labeled_class_dist': {'n': 12, 'classes': {'0': 4, '1': 4, '2': 4}}}
2026-02-02 15:20:28,629 INFO bench.orchestrators.sampling sampling.py:133: Sampling stage done: duration_s=0.012
Inductive method on graph dataset; converting graph masks to indices.
2026-02-02 15:20:28,629 INFO bench.orchestrators.preprocess preprocess.py:105: Preprocess start: seed=5 cache=True n_steps=4 fit_indices=12
2026-02-02 15:20:28,629 DEBUG bench.orchestrators.preprocess preprocess.py:112: Preprocess plan: output_key=features.X steps=['labels.encode', 'labels.to_torch', 'graph.sparse_adjacency', 'core.to_torch']
2026-02-02 15:20:28,629 INFO modssc.preprocess.api api.py:490: Preprocess start: dataset_fp=33662ee2dd9f5386a1eb7438c7e711640858805e93f8cee2bfe9beda2eb3499a steps=['labels.encode', 'labels.to_torch', 'graph.sparse_adjacency', 'core.to_torch'] output_key=features.X seed=5 cache=True
2026-02-02 15:20:28,629 DEBUG modssc.preprocess.api api.py:498: Preprocess input shapes: train_X=(19717, 500) train_y=(19717,) test_X=None test_y=None
2026-02-02 15:20:28,629 INFO modssc.preprocess.api api.py:505: Preprocess input size: train_data=39.2 MB test_data=n/a
2026-02-02 15:20:28,629 DEBUG modssc.preprocess.api api.py:521: Preprocess step start: id=labels.encode index=0 kind=transform params={}
2026-02-02 15:20:28,632 DEBUG modssc.preprocess.api api.py:605: Preprocess step train outputs: id=labels.encode keys=['labels.classes', 'labels.y'] duration_s=0.002
2026-02-02 15:20:28,632 INFO modssc.preprocess.api api.py:679: Preprocess step done: id=labels.encode index=0 duration_s=0.002 train_data=39.2 MB test_data=n/a
2026-02-02 15:20:28,632 DEBUG modssc.preprocess.api api.py:521: Preprocess step start: id=labels.to_torch index=1 kind=transform params={'device': 'auto', 'dtype': 'int64'}
2026-02-02 15:20:28,724 DEBUG modssc.preprocess.api api.py:605: Preprocess step train outputs: id=labels.to_torch keys=['labels.y'] duration_s=0.092
2026-02-02 15:20:28,724 INFO modssc.preprocess.api api.py:267: Preprocess GPU device: device=cuda:0 model=NVIDIA L40
2026-02-02 15:20:28,724 INFO modssc.preprocess.api api.py:679: Preprocess step done: id=labels.to_torch index=1 duration_s=0.092 train_data=39.2 MB test_data=n/a
2026-02-02 15:20:28,725 DEBUG modssc.preprocess.api api.py:521: Preprocess step start: id=graph.sparse_adjacency index=2 kind=transform params={'max_nodes': 20000, 'batch_size': 32, 'embed_epochs': 5, 'embed_lr': 0.01, 'undirected': True, 'device': 'auto'}
2026-02-02 15:20:28,727 WARNING modssc.preprocess.api api.py:575: Preprocess cache miss for graph.sparse_adjacency (train): Incomplete cached outputs for step 'graph.sparse_adjacency' (train)
2026-02-02 15:20:28,728 DEBUG modssc.preprocess.api api.py:605: Preprocess step train outputs: id=graph.sparse_adjacency keys=['features.X'] duration_s=0.003
2026-02-02 15:20:28,728 INFO modssc.preprocess.api api.py:679: Preprocess step done: id=graph.sparse_adjacency index=2 duration_s=0.003 train_data=40.5 MB test_data=n/a
2026-02-02 15:20:28,728 DEBUG modssc.preprocess.api api.py:521: Preprocess step start: id=core.to_torch index=3 kind=transform params={'device': 'auto', 'dtype': 'float32'}
2026-02-02 15:20:28,729 WARNING modssc.preprocess.api api.py:575: Preprocess cache miss for core.to_torch (train): Incomplete cached outputs for step 'core.to_torch' (train)
2026-02-02 15:20:28,732 DEBUG modssc.preprocess.api api.py:605: Preprocess step train outputs: id=core.to_torch keys=['features.X'] duration_s=0.004
2026-02-02 15:20:28,732 INFO modssc.preprocess.api api.py:679: Preprocess step done: id=core.to_torch index=3 duration_s=0.004 train_data=40.5 MB test_data=n/a
2026-02-02 15:20:28,732 INFO modssc.preprocess.api api.py:730: Preprocess done: dataset_fp=33662ee2dd9f5386a1eb7438c7e711640858805e93f8cee2bfe9beda2eb3499a duration_s=0.103 train_X=None test_X=None
2026-02-02 15:20:28,733 INFO bench.orchestrators.preprocess preprocess.py:124: Preprocess result: fingerprint=preprocess:584d87f3e51ad43dbb76f2111dd9667b5f1d4499adb725baefb05b6fc64659f8 plan_fingerprint=resolved_plan:95213a523f045acfbe48296ceac122bc48b9fd73dbd5843390244a44a4946c42 cache_dir=/nfs/home/mbarbaux/ModSSC/cache/preprocess/33662ee2dd9f5386a1eb7438c7e711640858805e93f8cee2bfe9beda2eb3499a skipped=[]
2026-02-02 15:20:28,733 DEBUG bench.orchestrators.preprocess preprocess.py:131: Preprocess output shapes: train_X=None test_X=None
2026-02-02 15:20:28,733 INFO bench.orchestrators.preprocess preprocess.py:136: Preprocess stage done: duration_s=0.103
2026-02-02 15:20:30,832 INFO bench.orchestrators.augmentation augmentation.py:66: Augmentation start: mode=fixed modality=tabular seed=5 n_samples=48 strong_views=1
2026-02-02 15:20:30,832 DEBUG bench.orchestrators.augmentation augmentation.py:74: Augmentation steps: weak=['tabular.gaussian_noise'] strong=['tabular.feature_dropout']
2026-02-02 15:20:30,850 INFO bench.orchestrators.augmentation augmentation.py:191: Augmentation done: duration_s=0.018
2026-02-02 15:20:30,850 DEBUG bench.orchestrators.augmentation augmentation.py:192: Augmentation output shapes: weak=(48, 500) strong=(48, 500) strong_1=None
2026-02-02 15:20:30,850 INFO bench.orchestrators.method_inductive method_inductive.py:441: Inductive method start: id=temporal_ensembling seed=3274374610 device=auto dtype=float32 model=graphsage_inductive
2026-02-02 15:20:30,850 DEBUG bench.orchestrators.method_inductive method_inductive.py:470: Inductive method params: {'lambda_u': 1.0, 'unsup_warm_up': 0.4, 'batch_size': 128, 'max_epochs': 50, 'alpha': 0.6, 'freeze_bn': True, 'detach_target': True}
2026-02-02 15:20:30,850 INFO bench.orchestrators.method_inductive method_inductive.py:476: Inductive method data: n_labeled=12 n_unlabeled=48
2026-02-02 15:20:30,883 INFO modssc.inductive.methods.temporal_ensembling temporal_ensembling.py:70: Starting temporal_ensembling.fit
2026-02-02 15:20:30,883 DEBUG modssc.inductive.methods.temporal_ensembling temporal_ensembling.py:71: params lambda_u=1.0 unsup_warm_up=0.4 batch_size=128 max_epochs=50 alpha=0.6 freeze_bn=True detach_target=True has_model_bundle=True device=DeviceSpec(device='auto', dtype='float32') seed=3274374610
2026-02-02 15:20:30,883 INFO modssc.inductive.methods.temporal_ensembling temporal_ensembling.py:104: Temporal Ensembling sizes: n_labeled=12 n_unlabeled=48
2026-02-02 15:20:30,978 DEBUG modssc.inductive.methods.temporal_ensembling temporal_ensembling.py:231: TemporalEnsembling epoch=0 warm=0.000 sup_loss=1.0975 unsup_loss=0.1112 alpha=0.6
2026-02-02 15:20:31,042 DEBUG modssc.inductive.methods.temporal_ensembling temporal_ensembling.py:231: TemporalEnsembling epoch=1 warm=0.050 sup_loss=1.0946 unsup_loss=0.0156 alpha=0.6
2026-02-02 15:20:31,045 DEBUG modssc.inductive.methods.temporal_ensembling temporal_ensembling.py:231: TemporalEnsembling epoch=2 warm=0.100 sup_loss=1.0934 unsup_loss=0.0037 alpha=0.6
2026-02-02 15:20:31,048 DEBUG modssc.inductive.methods.temporal_ensembling temporal_ensembling.py:231: TemporalEnsembling epoch=3 warm=0.150 sup_loss=1.0889 unsup_loss=0.0011 alpha=0.6
2026-02-02 15:20:31,051 DEBUG modssc.inductive.methods.temporal_ensembling temporal_ensembling.py:231: TemporalEnsembling epoch=4 warm=0.200 sup_loss=1.0860 unsup_loss=0.0004 alpha=0.6
2026-02-02 15:20:31,054 DEBUG modssc.inductive.methods.temporal_ensembling temporal_ensembling.py:231: TemporalEnsembling epoch=5 warm=0.250 sup_loss=1.0788 unsup_loss=0.0001 alpha=0.6
2026-02-02 15:20:31,057 DEBUG modssc.inductive.methods.temporal_ensembling temporal_ensembling.py:231: TemporalEnsembling epoch=6 warm=0.300 sup_loss=1.0758 unsup_loss=0.0000 alpha=0.6
2026-02-02 15:20:31,060 DEBUG modssc.inductive.methods.temporal_ensembling temporal_ensembling.py:231: TemporalEnsembling epoch=7 warm=0.350 sup_loss=1.0737 unsup_loss=0.0000 alpha=0.6
2026-02-02 15:20:31,063 DEBUG modssc.inductive.methods.temporal_ensembling temporal_ensembling.py:231: TemporalEnsembling epoch=8 warm=0.400 sup_loss=1.0680 unsup_loss=0.0000 alpha=0.6
2026-02-02 15:20:31,065 DEBUG modssc.inductive.methods.temporal_ensembling temporal_ensembling.py:231: TemporalEnsembling epoch=9 warm=0.450 sup_loss=1.0623 unsup_loss=0.0000 alpha=0.6
2026-02-02 15:20:31,068 DEBUG modssc.inductive.methods.temporal_ensembling temporal_ensembling.py:231: TemporalEnsembling epoch=10 warm=0.500 sup_loss=1.0575 unsup_loss=0.0000 alpha=0.6
2026-02-02 15:20:31,071 DEBUG modssc.inductive.methods.temporal_ensembling temporal_ensembling.py:231: TemporalEnsembling epoch=11 warm=0.550 sup_loss=1.0546 unsup_loss=0.0000 alpha=0.6
2026-02-02 15:20:31,074 DEBUG modssc.inductive.methods.temporal_ensembling temporal_ensembling.py:231: TemporalEnsembling epoch=12 warm=0.600 sup_loss=1.0492 unsup_loss=0.0000 alpha=0.6
2026-02-02 15:20:31,077 DEBUG modssc.inductive.methods.temporal_ensembling temporal_ensembling.py:231: TemporalEnsembling epoch=13 warm=0.650 sup_loss=1.0457 unsup_loss=0.0000 alpha=0.6
2026-02-02 15:20:31,080 DEBUG modssc.inductive.methods.temporal_ensembling temporal_ensembling.py:231: TemporalEnsembling epoch=14 warm=0.700 sup_loss=1.0405 unsup_loss=0.0000 alpha=0.6
2026-02-02 15:20:31,083 DEBUG modssc.inductive.methods.temporal_ensembling temporal_ensembling.py:231: TemporalEnsembling epoch=15 warm=0.750 sup_loss=1.0320 unsup_loss=0.0000 alpha=0.6
2026-02-02 15:20:31,085 DEBUG modssc.inductive.methods.temporal_ensembling temporal_ensembling.py:231: TemporalEnsembling epoch=16 warm=0.800 sup_loss=1.0276 unsup_loss=0.0000 alpha=0.6
2026-02-02 15:20:31,088 DEBUG modssc.inductive.methods.temporal_ensembling temporal_ensembling.py:231: TemporalEnsembling epoch=17 warm=0.850 sup_loss=1.0193 unsup_loss=0.0000 alpha=0.6
2026-02-02 15:20:31,091 DEBUG modssc.inductive.methods.temporal_ensembling temporal_ensembling.py:231: TemporalEnsembling epoch=18 warm=0.900 sup_loss=1.0182 unsup_loss=0.0000 alpha=0.6
2026-02-02 15:20:31,094 DEBUG modssc.inductive.methods.temporal_ensembling temporal_ensembling.py:231: TemporalEnsembling epoch=19 warm=0.950 sup_loss=1.0076 unsup_loss=0.0000 alpha=0.6
2026-02-02 15:20:31,097 DEBUG modssc.inductive.methods.temporal_ensembling temporal_ensembling.py:231: TemporalEnsembling epoch=20 warm=1.000 sup_loss=1.0072 unsup_loss=0.0000 alpha=0.6
2026-02-02 15:20:31,100 DEBUG modssc.inductive.methods.temporal_ensembling temporal_ensembling.py:231: TemporalEnsembling epoch=21 warm=1.000 sup_loss=0.9953 unsup_loss=0.0000 alpha=0.6
2026-02-02 15:20:31,103 DEBUG modssc.inductive.methods.temporal_ensembling temporal_ensembling.py:231: TemporalEnsembling epoch=22 warm=1.000 sup_loss=0.9905 unsup_loss=0.0000 alpha=0.6
2026-02-02 15:20:31,106 DEBUG modssc.inductive.methods.temporal_ensembling temporal_ensembling.py:231: TemporalEnsembling epoch=23 warm=1.000 sup_loss=0.9774 unsup_loss=0.0000 alpha=0.6
2026-02-02 15:20:31,108 DEBUG modssc.inductive.methods.temporal_ensembling temporal_ensembling.py:231: TemporalEnsembling epoch=24 warm=1.000 sup_loss=0.9742 unsup_loss=0.0000 alpha=0.6
2026-02-02 15:20:31,111 DEBUG modssc.inductive.methods.temporal_ensembling temporal_ensembling.py:231: TemporalEnsembling epoch=25 warm=1.000 sup_loss=0.9644 unsup_loss=0.0000 alpha=0.6
2026-02-02 15:20:31,114 DEBUG modssc.inductive.methods.temporal_ensembling temporal_ensembling.py:231: TemporalEnsembling epoch=26 warm=1.000 sup_loss=0.9564 unsup_loss=0.0000 alpha=0.6
2026-02-02 15:20:31,117 DEBUG modssc.inductive.methods.temporal_ensembling temporal_ensembling.py:231: TemporalEnsembling epoch=27 warm=1.000 sup_loss=0.9503 unsup_loss=0.0000 alpha=0.6
2026-02-02 15:20:31,120 DEBUG modssc.inductive.methods.temporal_ensembling temporal_ensembling.py:231: TemporalEnsembling epoch=28 warm=1.000 sup_loss=0.9378 unsup_loss=0.0000 alpha=0.6
2026-02-02 15:20:31,123 DEBUG modssc.inductive.methods.temporal_ensembling temporal_ensembling.py:231: TemporalEnsembling epoch=29 warm=1.000 sup_loss=0.9330 unsup_loss=0.0000 alpha=0.6
2026-02-02 15:20:31,125 DEBUG modssc.inductive.methods.temporal_ensembling temporal_ensembling.py:231: TemporalEnsembling epoch=30 warm=1.000 sup_loss=0.9187 unsup_loss=0.0000 alpha=0.6
2026-02-02 15:20:31,128 DEBUG modssc.inductive.methods.temporal_ensembling temporal_ensembling.py:231: TemporalEnsembling epoch=31 warm=1.000 sup_loss=0.9073 unsup_loss=0.0000 alpha=0.6
2026-02-02 15:20:31,131 DEBUG modssc.inductive.methods.temporal_ensembling temporal_ensembling.py:231: TemporalEnsembling epoch=32 warm=1.000 sup_loss=0.9015 unsup_loss=0.0000 alpha=0.6
2026-02-02 15:20:31,134 DEBUG modssc.inductive.methods.temporal_ensembling temporal_ensembling.py:231: TemporalEnsembling epoch=33 warm=1.000 sup_loss=0.8908 unsup_loss=0.0000 alpha=0.6
2026-02-02 15:20:31,137 DEBUG modssc.inductive.methods.temporal_ensembling temporal_ensembling.py:231: TemporalEnsembling epoch=34 warm=1.000 sup_loss=0.8854 unsup_loss=0.0000 alpha=0.6
2026-02-02 15:20:31,139 DEBUG modssc.inductive.methods.temporal_ensembling temporal_ensembling.py:231: TemporalEnsembling epoch=35 warm=1.000 sup_loss=0.8730 unsup_loss=0.0000 alpha=0.6
2026-02-02 15:20:31,142 DEBUG modssc.inductive.methods.temporal_ensembling temporal_ensembling.py:231: TemporalEnsembling epoch=36 warm=1.000 sup_loss=0.8538 unsup_loss=0.0000 alpha=0.6
2026-02-02 15:20:31,145 DEBUG modssc.inductive.methods.temporal_ensembling temporal_ensembling.py:231: TemporalEnsembling epoch=37 warm=1.000 sup_loss=0.8576 unsup_loss=0.0000 alpha=0.6
2026-02-02 15:20:31,148 DEBUG modssc.inductive.methods.temporal_ensembling temporal_ensembling.py:231: TemporalEnsembling epoch=38 warm=1.000 sup_loss=0.8380 unsup_loss=0.0000 alpha=0.6
2026-02-02 15:20:31,151 DEBUG modssc.inductive.methods.temporal_ensembling temporal_ensembling.py:231: TemporalEnsembling epoch=39 warm=1.000 sup_loss=0.8335 unsup_loss=0.0000 alpha=0.6
2026-02-02 15:20:31,153 DEBUG modssc.inductive.methods.temporal_ensembling temporal_ensembling.py:231: TemporalEnsembling epoch=40 warm=1.000 sup_loss=0.8138 unsup_loss=0.0000 alpha=0.6
2026-02-02 15:20:31,156 DEBUG modssc.inductive.methods.temporal_ensembling temporal_ensembling.py:231: TemporalEnsembling epoch=41 warm=1.000 sup_loss=0.8135 unsup_loss=0.0000 alpha=0.6
2026-02-02 15:20:31,159 DEBUG modssc.inductive.methods.temporal_ensembling temporal_ensembling.py:231: TemporalEnsembling epoch=42 warm=1.000 sup_loss=0.7997 unsup_loss=0.0000 alpha=0.6
2026-02-02 15:20:31,162 DEBUG modssc.inductive.methods.temporal_ensembling temporal_ensembling.py:231: TemporalEnsembling epoch=43 warm=1.000 sup_loss=0.7825 unsup_loss=0.0000 alpha=0.6
2026-02-02 15:20:31,165 DEBUG modssc.inductive.methods.temporal_ensembling temporal_ensembling.py:231: TemporalEnsembling epoch=44 warm=1.000 sup_loss=0.7640 unsup_loss=0.0000 alpha=0.6
2026-02-02 15:20:31,167 DEBUG modssc.inductive.methods.temporal_ensembling temporal_ensembling.py:231: TemporalEnsembling epoch=45 warm=1.000 sup_loss=0.7643 unsup_loss=0.0000 alpha=0.6
2026-02-02 15:20:31,170 DEBUG modssc.inductive.methods.temporal_ensembling temporal_ensembling.py:231: TemporalEnsembling epoch=46 warm=1.000 sup_loss=0.7450 unsup_loss=0.0000 alpha=0.6
2026-02-02 15:20:31,173 DEBUG modssc.inductive.methods.temporal_ensembling temporal_ensembling.py:231: TemporalEnsembling epoch=47 warm=1.000 sup_loss=0.7295 unsup_loss=0.0000 alpha=0.6
2026-02-02 15:20:31,176 DEBUG modssc.inductive.methods.temporal_ensembling temporal_ensembling.py:231: TemporalEnsembling epoch=48 warm=1.000 sup_loss=0.7128 unsup_loss=0.0000 alpha=0.6
2026-02-02 15:20:31,179 DEBUG modssc.inductive.methods.temporal_ensembling temporal_ensembling.py:231: TemporalEnsembling epoch=49 warm=1.000 sup_loss=0.6940 unsup_loss=0.0000 alpha=0.6
2026-02-02 15:20:31,180 INFO modssc.inductive.methods.temporal_ensembling temporal_ensembling.py:257: Finished temporal_ensembling.fit in 0.297s
2026-02-02 15:20:31,180 INFO bench.orchestrators.method_inductive method_inductive.py:550: Inductive method done: id=temporal_ensembling duration_s=0.330
2026-02-02 15:20:31,180 INFO bench.orchestrators.evaluation evaluation.py:189: Evaluation (inductive): splits=['val', 'test'] metrics=['accuracy', 'macro_f1']
2026-02-02 15:20:31,196 INFO bench.orchestrators.evaluation evaluation.py:231: Evaluation (inductive) done: duration_s=0.016
2026-02-02 15:20:31,197 INFO bench.orchestrators.reporting reporting.py:54: Run summary written: /nfs/home/mbarbaux/ModSSC/runs/inductive/temporal_ensembling/graph/pubmed/best_graph_inductive_temporal_ensembling_pubmed-20260202T142028Z/run.json status=success duration_s=0.001
