2026-02-02 14:55:44,824 INFO bench.orchestrators.dataset dataset.py:36: Dataset start: id=adult download=True cache_dir=None
2026-02-02 14:55:44,824 DEBUG bench.orchestrators.dataset dataset.py:42: Dataset options: []
2026-02-02 14:55:44,828 DEBUG modssc.data_loader.providers __init__.py:38: Creating provider: openml
2026-02-02 14:55:44,828 DEBUG modssc.data_loader.api api.py:316: Resolved dataset id=adult provider=openml canonical_uri=openml:1590
2026-02-02 14:55:44,828 INFO modssc.data_loader.api api.py:117: Dataset load: id=adult provider=openml version=None fingerprint=f9281cab47a3de02bacdff6aeecab3cc3bec164d4d321622f81551b6b4f82967 download=True force=False cache_dir=/nfs/home/mbarbaux/ModSSC/cache/datasets
2026-02-02 14:55:44,828 DEBUG modssc.data_loader.api api.py:127: Dataset resolved_kwargs: {'data_id': 1590, 'name': None, 'version': None, 'as_frame': False, 'target_column': None, 'class_filter': None, 'max_samples': None, 'seed': None}
2026-02-02 14:55:44,889 DEBUG modssc.data_loader.api api.py:403: Loaded cached dataset: fingerprint=f9281cab47a3de02bacdff6aeecab3cc3bec164d4d321622f81551b6b4f82967
2026-02-02 14:55:44,910 INFO modssc.data_loader.api api.py:133: Dataset cached: id=adult train=48842 test=None n_classes=2 duration_s=0.085
2026-02-02 14:55:44,910 INFO bench.orchestrators.dataset dataset.py:54: Dataset loaded: train=48842 test=None graph=False fingerprint=f9281cab47a3de02bacdff6aeecab3cc3bec164d4d321622f81551b6b4f82967 provider=openml
2026-02-02 14:55:44,910 INFO bench.orchestrators.dataset dataset.py:62: Dataset stage done: duration_s=0.086
2026-02-02 14:55:44,961 INFO bench.orchestrators.sampling sampling.py:86: Sampling start: seed=1 dataset_id=adult
2026-02-02 14:55:44,961 DEBUG bench.orchestrators.sampling sampling.py:87: Sampling plan: split={'kind': 'holdout', 'test_fraction': 0.2, 'val_fraction': 0.1, 'stratify': True, 'shuffle': True} labeling={'mode': 'fraction', 'value': 0.2, 'per_class': False, 'min_per_class': 1, 'strategy': 'balanced', 'fixed_indices': None} imbalance={'kind': 'none', 'apply_to': 'train', 'max_per_class': None, 'alpha': None, 'min_per_class': 1} policy={'respect_official_test': True, 'use_official_graph_masks': True, 'allow_override_official': False}
2026-02-02 14:55:44,961 DEBUG bench.orchestrators.sampling sampling.py:98: Sampling dataset_fingerprint=f9281cab47a3de02bacdff6aeecab3cc3bec164d4d321622f81551b6b4f82967
2026-02-02 14:55:44,961 INFO modssc.sampling.api api.py:99: Sampling start: dataset_id=adult dataset_fingerprint=f9281cab47a3de02bacdff6aeecab3cc3bec164d4d321622f81551b6b4f82967 seed=1 graph=False split=holdout
2026-02-02 14:55:44,961 DEBUG modssc.sampling.api api.py:107: Sampling plan: {'split': {'kind': 'holdout', 'test_fraction': 0.2, 'val_fraction': 0.1, 'stratify': True, 'shuffle': True}, 'labeling': {'mode': 'fraction', 'value': 0.2, 'per_class': False, 'min_per_class': 1, 'strategy': 'balanced', 'fixed_indices': None}, 'imbalance': {'kind': 'none', 'apply_to': 'train', 'max_per_class': None, 'alpha': None, 'min_per_class': 1}, 'policy': {'respect_official_test': True, 'use_official_graph_masks': True, 'allow_override_official': False}}
2026-02-02 14:55:45,061 INFO modssc.sampling.api api.py:141: Sampling done: train=35167 val=3907 test=9768 labeled=7033 unlabeled=28134 duration_s=0.100
2026-02-02 14:55:45,061 DEBUG modssc.sampling.api api.py:150: Sampling stats: {'policy': {'respect_official_test': True, 'has_official_test': False, 'test_ref': 'train'}, 'train': {'n': 35167, 'classes': {'<=50K': 26752, '>50K': 8415}}, 'val': {'n': 3907, 'classes': {'<=50K': 2972, '>50K': 935}}, 'train_labeled': {'n': 7033, 'classes': {'<=50K': 3517, '>50K': 3516}}, 'train_unlabeled': {'n': 28134}, 'test': {'n': 9768, 'classes': {'<=50K': 7431, '>50K': 2337}}}
2026-02-02 14:55:45,082 INFO bench.orchestrators.sampling sampling.py:123: Sampling result: train=35167 val=3907 test=9768 labeled=7033 unlabeled=28134 graph=False
2026-02-02 14:55:45,082 DEBUG bench.orchestrators.sampling sampling.py:132: Sampling stats: {'policy': {'respect_official_test': True, 'has_official_test': False, 'test_ref': 'train'}, 'train': {'n': 35167, 'classes': {'<=50K': 26752, '>50K': 8415}}, 'val': {'n': 3907, 'classes': {'<=50K': 2972, '>50K': 935}}, 'train_labeled': {'n': 7033, 'classes': {'<=50K': 3517, '>50K': 3516}}, 'train_unlabeled': {'n': 28134}, 'test': {'n': 9768, 'classes': {'<=50K': 7431, '>50K': 2337}}}
2026-02-02 14:55:45,082 INFO bench.orchestrators.sampling sampling.py:133: Sampling stage done: duration_s=0.121
2026-02-02 14:55:45,082 INFO bench.orchestrators.preprocess preprocess.py:105: Preprocess start: seed=1 cache=True n_steps=7 fit_indices=7033
2026-02-02 14:55:45,082 DEBUG bench.orchestrators.preprocess preprocess.py:112: Preprocess plan: output_key=features.X steps=['labels.encode', 'labels.to_torch', 'tabular.one_hot', 'core.ensure_2d', 'tabular.impute', 'tabular.standard_scaler', 'core.to_torch']
2026-02-02 14:55:45,083 INFO modssc.preprocess.api api.py:490: Preprocess start: dataset_fp=f9281cab47a3de02bacdff6aeecab3cc3bec164d4d321622f81551b6b4f82967 steps=['labels.encode', 'labels.to_torch', 'tabular.one_hot', 'core.ensure_2d', 'tabular.impute', 'tabular.standard_scaler', 'core.to_torch'] output_key=features.X seed=1 cache=True
2026-02-02 14:55:45,083 DEBUG modssc.preprocess.api api.py:498: Preprocess input shapes: train_X=(48842, 14) train_y=(48842,) test_X=None test_y=None
2026-02-02 14:55:45,083 INFO modssc.preprocess.api api.py:505: Preprocess input size: train_data=5.6 MB test_data=n/a
2026-02-02 14:55:45,083 DEBUG modssc.preprocess.api api.py:521: Preprocess step start: id=labels.encode index=0 kind=transform params={}
2026-02-02 14:55:45,086 DEBUG modssc.preprocess.api api.py:605: Preprocess step train outputs: id=labels.encode keys=['labels.classes', 'labels.y'] duration_s=0.003
2026-02-02 14:55:45,086 INFO modssc.preprocess.api api.py:679: Preprocess step done: id=labels.encode index=0 duration_s=0.003 train_data=5.6 MB test_data=n/a
2026-02-02 14:55:45,086 DEBUG modssc.preprocess.api api.py:521: Preprocess step start: id=labels.to_torch index=1 kind=transform params={'device': 'auto', 'dtype': 'int64'}
2026-02-02 14:55:45,185 DEBUG modssc.preprocess.api api.py:605: Preprocess step train outputs: id=labels.to_torch keys=['labels.y'] duration_s=0.099
2026-02-02 14:55:45,185 INFO modssc.preprocess.api api.py:267: Preprocess GPU device: device=cuda:0 model=NVIDIA L40
2026-02-02 14:55:45,185 INFO modssc.preprocess.api api.py:679: Preprocess step done: id=labels.to_torch index=1 duration_s=0.099 train_data=5.6 MB test_data=n/a
2026-02-02 14:55:45,185 DEBUG modssc.preprocess.api api.py:521: Preprocess step start: id=tabular.one_hot index=2 kind=fittable params={}
2026-02-02 14:55:46,152 DEBUG modssc.preprocess.api api.py:605: Preprocess step train outputs: id=tabular.one_hot keys=['features.X'] duration_s=0.967
2026-02-02 14:55:46,153 INFO modssc.preprocess.api api.py:679: Preprocess step done: id=tabular.one_hot index=2 duration_s=0.967 train_data=20.1 MB test_data=n/a
2026-02-02 14:55:46,153 DEBUG modssc.preprocess.api api.py:521: Preprocess step start: id=core.ensure_2d index=3 kind=transform params={}
2026-02-02 14:55:46,160 DEBUG modssc.preprocess.api api.py:605: Preprocess step train outputs: id=core.ensure_2d keys=['features.X'] duration_s=0.007
2026-02-02 14:55:46,160 INFO modssc.preprocess.api api.py:679: Preprocess step done: id=core.ensure_2d index=3 duration_s=0.007 train_data=20.1 MB test_data=n/a
2026-02-02 14:55:46,160 DEBUG modssc.preprocess.api api.py:521: Preprocess step start: id=tabular.impute index=4 kind=fittable params={}
2026-02-02 14:55:46,229 DEBUG modssc.preprocess.api api.py:605: Preprocess step train outputs: id=tabular.impute keys=['features.X'] duration_s=0.069
2026-02-02 14:55:46,229 INFO modssc.preprocess.api api.py:679: Preprocess step done: id=tabular.impute index=4 duration_s=0.070 train_data=20.1 MB test_data=n/a
2026-02-02 14:55:46,230 DEBUG modssc.preprocess.api api.py:521: Preprocess step start: id=tabular.standard_scaler index=5 kind=fittable params={}
2026-02-02 14:55:46,239 DEBUG modssc.preprocess.api api.py:605: Preprocess step train outputs: id=tabular.standard_scaler keys=['features.X'] duration_s=0.010
2026-02-02 14:55:46,239 INFO modssc.preprocess.api api.py:679: Preprocess step done: id=tabular.standard_scaler index=5 duration_s=0.010 train_data=20.1 MB test_data=n/a
2026-02-02 14:55:46,239 DEBUG modssc.preprocess.api api.py:521: Preprocess step start: id=core.to_torch index=6 kind=transform params={'device': 'auto', 'dtype': 'float32'}
2026-02-02 14:55:46,245 DEBUG modssc.preprocess.api api.py:605: Preprocess step train outputs: id=core.to_torch keys=['features.X'] duration_s=0.006
2026-02-02 14:55:46,246 INFO modssc.preprocess.api api.py:679: Preprocess step done: id=core.to_torch index=6 duration_s=0.006 train_data=20.1 MB test_data=n/a
2026-02-02 14:55:46,246 INFO modssc.preprocess.api api.py:730: Preprocess done: dataset_fp=f9281cab47a3de02bacdff6aeecab3cc3bec164d4d321622f81551b6b4f82967 duration_s=1.163 train_X=(48842, 106) test_X=None
2026-02-02 14:55:46,246 INFO bench.orchestrators.preprocess preprocess.py:124: Preprocess result: fingerprint=preprocess:4a34efb2af7b2f814e0c648ef7e59972547c0b2de37b10570aceee8bd9625ae2 plan_fingerprint=resolved_plan:6ed490995fe0d8f1eb30fd0ca8262522145e7cafa3ba073f9c42e71d197f40ef cache_dir=/nfs/home/mbarbaux/ModSSC/cache/preprocess/f9281cab47a3de02bacdff6aeecab3cc3bec164d4d321622f81551b6b4f82967 skipped=[]
2026-02-02 14:55:46,246 DEBUG bench.orchestrators.preprocess preprocess.py:131: Preprocess output shapes: train_X=(48842, 106) test_X=None
2026-02-02 14:55:46,246 INFO bench.orchestrators.preprocess preprocess.py:136: Preprocess stage done: duration_s=1.164
2026-02-02 14:55:46,246 INFO bench.orchestrators.views views.py:73: Views start: seed=1 cache=True n_views=2
2026-02-02 14:55:46,246 DEBUG bench.orchestrators.views views.py:79: Views plan: names=['view_a', 'view_b'] fit_indices=7033
2026-02-02 14:55:46,246 INFO modssc.views.api api.py:140: Views start: views=['view_a', 'view_b'] seed=1 cache=True dataset_fp=f9281cab47a3de02bacdff6aeecab3cc3bec164d4d321622f81551b6b4f82967
2026-02-02 14:55:46,256 DEBUG modssc.views.api api.py:236: View built: name=view_a train_shape=(48842, 53) test_shape=None duration_s=0.009
2026-02-02 14:55:46,264 DEBUG modssc.views.api api.py:236: View built: name=view_b train_shape=(48842, 53) test_shape=None duration_s=0.008
2026-02-02 14:55:46,264 INFO modssc.views.api api.py:251: Views done: count=2 duration_s=0.018
2026-02-02 14:55:46,264 INFO bench.orchestrators.views views.py:92: Views result: n_views=2
2026-02-02 14:55:46,264 DEBUG bench.orchestrators.views views.py:93: Views columns: {'view_a': 53, 'view_b': 53}
2026-02-02 14:55:46,264 DEBUG bench.orchestrators.views views.py:94: Views meta: {'n_views': 2}
2026-02-02 14:55:46,264 INFO bench.orchestrators.views views.py:95: Views stage done: duration_s=0.018
2026-02-02 14:55:46,264 INFO bench.orchestrators.method_inductive method_inductive.py:441: Inductive method start: id=co_training seed=398591604 device=auto dtype=float32 model=None
2026-02-02 14:55:46,264 DEBUG bench.orchestrators.method_inductive method_inductive.py:470: Inductive method params: {'classifier_id': 'mlp', 'classifier_backend': 'torch', 'classifier_params': {'hidden_sizes': [256, 256], 'activation': 'relu', 'dropout': 0.1, 'lr': 0.001, 'weight_decay': 0.0, 'batch_size': 128, 'max_epochs': 50}, 'max_iter': 20, 'k_per_class': 1}
2026-02-02 14:55:46,264 INFO bench.orchestrators.method_inductive method_inductive.py:476: Inductive method data: n_labeled=7033 n_unlabeled=28134
2026-02-02 14:55:46,282 INFO modssc.inductive.methods.co_training co_training.py:236: Starting co_training.fit
2026-02-02 14:55:46,282 DEBUG modssc.inductive.methods.co_training co_training.py:237: spec=CoTrainingSpec(classifier_id='mlp', classifier_backend='torch', classifier_params={'hidden_sizes': [256, 256], 'activation': 'relu', 'dropout': 0.1, 'lr': 0.001, 'weight_decay': 0.0, 'batch_size': 128, 'max_epochs': 50}, view_keys=None, max_iter=20, k_per_class=1, confidence_threshold=None) device=DeviceSpec(device='auto', dtype='float32') seed=398591604
2026-02-02 14:55:46,282 DEBUG modssc.inductive.methods.co_training co_training.py:245: backend=torch
2026-02-02 14:55:46,282 INFO modssc.inductive.methods.co_training co_training.py:313: Co-training sizes: n_labeled=7033 n_unlabeled=28134
2026-02-02 14:55:46,284 INFO modssc.supervised.backends.torch.mlp mlp.py:75: Starting mlp.fit
2026-02-02 14:55:46,284 DEBUG modssc.supervised.backends.torch.mlp mlp.py:76: params hidden_sizes=(256, 256) activation=relu dropout=0.1 lr=0.001 weight_decay=0.0 batch_size=128 max_epochs=50 seed=398591604 n_jobs=None
2026-02-02 14:55:49,088 INFO modssc.supervised.backends.torch.mlp mlp.py:167: Finished mlp.fit in 2.803s
2026-02-02 14:55:49,088 INFO modssc.supervised.backends.torch.mlp mlp.py:75: Starting mlp.fit
2026-02-02 14:55:49,088 DEBUG modssc.supervised.backends.torch.mlp mlp.py:76: params hidden_sizes=(256, 256) activation=relu dropout=0.1 lr=0.001 weight_decay=0.0 batch_size=128 max_epochs=50 seed=398591604 n_jobs=None
2026-02-02 14:55:50,919 INFO modssc.supervised.backends.torch.mlp mlp.py:167: Finished mlp.fit in 1.831s
2026-02-02 14:55:50,950 DEBUG modssc.inductive.methods.co_training co_training.py:408: Co-training iter=0 selected_view1=2 selected_view2=2 remaining=28130
2026-02-02 14:55:50,950 INFO modssc.supervised.backends.torch.mlp mlp.py:75: Starting mlp.fit
2026-02-02 14:55:50,950 DEBUG modssc.supervised.backends.torch.mlp mlp.py:76: params hidden_sizes=(256, 256) activation=relu dropout=0.1 lr=0.001 weight_decay=0.0 batch_size=128 max_epochs=50 seed=398591604 n_jobs=None
2026-02-02 14:55:52,758 INFO modssc.supervised.backends.torch.mlp mlp.py:167: Finished mlp.fit in 1.808s
2026-02-02 14:55:52,758 INFO modssc.supervised.backends.torch.mlp mlp.py:75: Starting mlp.fit
2026-02-02 14:55:52,758 DEBUG modssc.supervised.backends.torch.mlp mlp.py:76: params hidden_sizes=(256, 256) activation=relu dropout=0.1 lr=0.001 weight_decay=0.0 batch_size=128 max_epochs=50 seed=398591604 n_jobs=None
2026-02-02 14:55:54,466 INFO modssc.supervised.backends.torch.mlp mlp.py:167: Finished mlp.fit in 1.708s
2026-02-02 14:55:54,468 DEBUG modssc.inductive.methods.co_training co_training.py:408: Co-training iter=1 selected_view1=2 selected_view2=2 remaining=28126
2026-02-02 14:55:54,468 INFO modssc.supervised.backends.torch.mlp mlp.py:75: Starting mlp.fit
2026-02-02 14:55:54,468 DEBUG modssc.supervised.backends.torch.mlp mlp.py:76: params hidden_sizes=(256, 256) activation=relu dropout=0.1 lr=0.001 weight_decay=0.0 batch_size=128 max_epochs=50 seed=398591604 n_jobs=None
2026-02-02 14:55:56,095 INFO modssc.supervised.backends.torch.mlp mlp.py:167: Finished mlp.fit in 1.627s
2026-02-02 14:55:56,096 INFO modssc.supervised.backends.torch.mlp mlp.py:75: Starting mlp.fit
2026-02-02 14:55:56,096 DEBUG modssc.supervised.backends.torch.mlp mlp.py:76: params hidden_sizes=(256, 256) activation=relu dropout=0.1 lr=0.001 weight_decay=0.0 batch_size=128 max_epochs=50 seed=398591604 n_jobs=None
2026-02-02 14:55:57,720 INFO modssc.supervised.backends.torch.mlp mlp.py:167: Finished mlp.fit in 1.625s
2026-02-02 14:55:57,723 DEBUG modssc.inductive.methods.co_training co_training.py:408: Co-training iter=2 selected_view1=2 selected_view2=2 remaining=28122
2026-02-02 14:55:57,723 INFO modssc.supervised.backends.torch.mlp mlp.py:75: Starting mlp.fit
2026-02-02 14:55:57,723 DEBUG modssc.supervised.backends.torch.mlp mlp.py:76: params hidden_sizes=(256, 256) activation=relu dropout=0.1 lr=0.001 weight_decay=0.0 batch_size=128 max_epochs=50 seed=398591604 n_jobs=None
2026-02-02 14:55:59,350 INFO modssc.supervised.backends.torch.mlp mlp.py:167: Finished mlp.fit in 1.627s
2026-02-02 14:55:59,351 INFO modssc.supervised.backends.torch.mlp mlp.py:75: Starting mlp.fit
2026-02-02 14:55:59,351 DEBUG modssc.supervised.backends.torch.mlp mlp.py:76: params hidden_sizes=(256, 256) activation=relu dropout=0.1 lr=0.001 weight_decay=0.0 batch_size=128 max_epochs=50 seed=398591604 n_jobs=None
2026-02-02 14:56:00,986 INFO modssc.supervised.backends.torch.mlp mlp.py:167: Finished mlp.fit in 1.635s
2026-02-02 14:56:00,988 DEBUG modssc.inductive.methods.co_training co_training.py:408: Co-training iter=3 selected_view1=2 selected_view2=2 remaining=28118
2026-02-02 14:56:00,988 INFO modssc.supervised.backends.torch.mlp mlp.py:75: Starting mlp.fit
2026-02-02 14:56:00,988 DEBUG modssc.supervised.backends.torch.mlp mlp.py:76: params hidden_sizes=(256, 256) activation=relu dropout=0.1 lr=0.001 weight_decay=0.0 batch_size=128 max_epochs=50 seed=398591604 n_jobs=None
2026-02-02 14:56:02,655 INFO modssc.supervised.backends.torch.mlp mlp.py:167: Finished mlp.fit in 1.667s
2026-02-02 14:56:02,656 INFO modssc.supervised.backends.torch.mlp mlp.py:75: Starting mlp.fit
2026-02-02 14:56:02,656 DEBUG modssc.supervised.backends.torch.mlp mlp.py:76: params hidden_sizes=(256, 256) activation=relu dropout=0.1 lr=0.001 weight_decay=0.0 batch_size=128 max_epochs=50 seed=398591604 n_jobs=None
2026-02-02 14:56:04,317 INFO modssc.supervised.backends.torch.mlp mlp.py:167: Finished mlp.fit in 1.661s
2026-02-02 14:56:04,319 DEBUG modssc.inductive.methods.co_training co_training.py:408: Co-training iter=4 selected_view1=2 selected_view2=2 remaining=28114
2026-02-02 14:56:04,319 INFO modssc.supervised.backends.torch.mlp mlp.py:75: Starting mlp.fit
2026-02-02 14:56:04,319 DEBUG modssc.supervised.backends.torch.mlp mlp.py:76: params hidden_sizes=(256, 256) activation=relu dropout=0.1 lr=0.001 weight_decay=0.0 batch_size=128 max_epochs=50 seed=398591604 n_jobs=None
2026-02-02 14:56:05,979 INFO modssc.supervised.backends.torch.mlp mlp.py:167: Finished mlp.fit in 1.660s
2026-02-02 14:56:05,980 INFO modssc.supervised.backends.torch.mlp mlp.py:75: Starting mlp.fit
2026-02-02 14:56:05,980 DEBUG modssc.supervised.backends.torch.mlp mlp.py:76: params hidden_sizes=(256, 256) activation=relu dropout=0.1 lr=0.001 weight_decay=0.0 batch_size=128 max_epochs=50 seed=398591604 n_jobs=None
2026-02-02 14:56:07,660 INFO modssc.supervised.backends.torch.mlp mlp.py:167: Finished mlp.fit in 1.680s
2026-02-02 14:56:07,662 DEBUG modssc.inductive.methods.co_training co_training.py:408: Co-training iter=5 selected_view1=2 selected_view2=2 remaining=28111
2026-02-02 14:56:07,662 INFO modssc.supervised.backends.torch.mlp mlp.py:75: Starting mlp.fit
2026-02-02 14:56:07,662 DEBUG modssc.supervised.backends.torch.mlp mlp.py:76: params hidden_sizes=(256, 256) activation=relu dropout=0.1 lr=0.001 weight_decay=0.0 batch_size=128 max_epochs=50 seed=398591604 n_jobs=None
2026-02-02 14:56:09,327 INFO modssc.supervised.backends.torch.mlp mlp.py:167: Finished mlp.fit in 1.665s
2026-02-02 14:56:09,327 INFO modssc.supervised.backends.torch.mlp mlp.py:75: Starting mlp.fit
2026-02-02 14:56:09,327 DEBUG modssc.supervised.backends.torch.mlp mlp.py:76: params hidden_sizes=(256, 256) activation=relu dropout=0.1 lr=0.001 weight_decay=0.0 batch_size=128 max_epochs=50 seed=398591604 n_jobs=None
2026-02-02 14:56:10,980 INFO modssc.supervised.backends.torch.mlp mlp.py:167: Finished mlp.fit in 1.653s
2026-02-02 14:56:10,982 DEBUG modssc.inductive.methods.co_training co_training.py:408: Co-training iter=6 selected_view1=2 selected_view2=2 remaining=28107
2026-02-02 14:56:10,982 INFO modssc.supervised.backends.torch.mlp mlp.py:75: Starting mlp.fit
2026-02-02 14:56:10,982 DEBUG modssc.supervised.backends.torch.mlp mlp.py:76: params hidden_sizes=(256, 256) activation=relu dropout=0.1 lr=0.001 weight_decay=0.0 batch_size=128 max_epochs=50 seed=398591604 n_jobs=None
2026-02-02 14:56:12,640 INFO modssc.supervised.backends.torch.mlp mlp.py:167: Finished mlp.fit in 1.658s
2026-02-02 14:56:12,640 INFO modssc.supervised.backends.torch.mlp mlp.py:75: Starting mlp.fit
2026-02-02 14:56:12,641 DEBUG modssc.supervised.backends.torch.mlp mlp.py:76: params hidden_sizes=(256, 256) activation=relu dropout=0.1 lr=0.001 weight_decay=0.0 batch_size=128 max_epochs=50 seed=398591604 n_jobs=None
2026-02-02 14:56:14,298 INFO modssc.supervised.backends.torch.mlp mlp.py:167: Finished mlp.fit in 1.657s
2026-02-02 14:56:14,300 DEBUG modssc.inductive.methods.co_training co_training.py:408: Co-training iter=7 selected_view1=2 selected_view2=2 remaining=28103
2026-02-02 14:56:14,300 INFO modssc.supervised.backends.torch.mlp mlp.py:75: Starting mlp.fit
2026-02-02 14:56:14,300 DEBUG modssc.supervised.backends.torch.mlp mlp.py:76: params hidden_sizes=(256, 256) activation=relu dropout=0.1 lr=0.001 weight_decay=0.0 batch_size=128 max_epochs=50 seed=398591604 n_jobs=None
2026-02-02 14:56:15,959 INFO modssc.supervised.backends.torch.mlp mlp.py:167: Finished mlp.fit in 1.659s
2026-02-02 14:56:15,959 INFO modssc.supervised.backends.torch.mlp mlp.py:75: Starting mlp.fit
2026-02-02 14:56:15,959 DEBUG modssc.supervised.backends.torch.mlp mlp.py:76: params hidden_sizes=(256, 256) activation=relu dropout=0.1 lr=0.001 weight_decay=0.0 batch_size=128 max_epochs=50 seed=398591604 n_jobs=None
2026-02-02 14:56:17,619 INFO modssc.supervised.backends.torch.mlp mlp.py:167: Finished mlp.fit in 1.660s
2026-02-02 14:56:17,621 DEBUG modssc.inductive.methods.co_training co_training.py:408: Co-training iter=8 selected_view1=2 selected_view2=2 remaining=28099
2026-02-02 14:56:17,621 INFO modssc.supervised.backends.torch.mlp mlp.py:75: Starting mlp.fit
2026-02-02 14:56:17,621 DEBUG modssc.supervised.backends.torch.mlp mlp.py:76: params hidden_sizes=(256, 256) activation=relu dropout=0.1 lr=0.001 weight_decay=0.0 batch_size=128 max_epochs=50 seed=398591604 n_jobs=None
2026-02-02 14:56:19,282 INFO modssc.supervised.backends.torch.mlp mlp.py:167: Finished mlp.fit in 1.661s
2026-02-02 14:56:19,282 INFO modssc.supervised.backends.torch.mlp mlp.py:75: Starting mlp.fit
2026-02-02 14:56:19,282 DEBUG modssc.supervised.backends.torch.mlp mlp.py:76: params hidden_sizes=(256, 256) activation=relu dropout=0.1 lr=0.001 weight_decay=0.0 batch_size=128 max_epochs=50 seed=398591604 n_jobs=None
2026-02-02 14:56:20,945 INFO modssc.supervised.backends.torch.mlp mlp.py:167: Finished mlp.fit in 1.663s
2026-02-02 14:56:20,947 DEBUG modssc.inductive.methods.co_training co_training.py:408: Co-training iter=9 selected_view1=2 selected_view2=2 remaining=28095
2026-02-02 14:56:20,947 INFO modssc.supervised.backends.torch.mlp mlp.py:75: Starting mlp.fit
2026-02-02 14:56:20,947 DEBUG modssc.supervised.backends.torch.mlp mlp.py:76: params hidden_sizes=(256, 256) activation=relu dropout=0.1 lr=0.001 weight_decay=0.0 batch_size=128 max_epochs=50 seed=398591604 n_jobs=None
2026-02-02 14:56:22,610 INFO modssc.supervised.backends.torch.mlp mlp.py:167: Finished mlp.fit in 1.663s
2026-02-02 14:56:22,610 INFO modssc.supervised.backends.torch.mlp mlp.py:75: Starting mlp.fit
2026-02-02 14:56:22,610 DEBUG modssc.supervised.backends.torch.mlp mlp.py:76: params hidden_sizes=(256, 256) activation=relu dropout=0.1 lr=0.001 weight_decay=0.0 batch_size=128 max_epochs=50 seed=398591604 n_jobs=None
2026-02-02 14:56:24,265 INFO modssc.supervised.backends.torch.mlp mlp.py:167: Finished mlp.fit in 1.655s
2026-02-02 14:56:24,267 DEBUG modssc.inductive.methods.co_training co_training.py:408: Co-training iter=10 selected_view1=2 selected_view2=2 remaining=28091
2026-02-02 14:56:24,267 INFO modssc.supervised.backends.torch.mlp mlp.py:75: Starting mlp.fit
2026-02-02 14:56:24,267 DEBUG modssc.supervised.backends.torch.mlp mlp.py:76: params hidden_sizes=(256, 256) activation=relu dropout=0.1 lr=0.001 weight_decay=0.0 batch_size=128 max_epochs=50 seed=398591604 n_jobs=None
2026-02-02 14:56:25,919 INFO modssc.supervised.backends.torch.mlp mlp.py:167: Finished mlp.fit in 1.652s
2026-02-02 14:56:25,920 INFO modssc.supervised.backends.torch.mlp mlp.py:75: Starting mlp.fit
2026-02-02 14:56:25,920 DEBUG modssc.supervised.backends.torch.mlp mlp.py:76: params hidden_sizes=(256, 256) activation=relu dropout=0.1 lr=0.001 weight_decay=0.0 batch_size=128 max_epochs=50 seed=398591604 n_jobs=None
2026-02-02 14:56:27,581 INFO modssc.supervised.backends.torch.mlp mlp.py:167: Finished mlp.fit in 1.662s
2026-02-02 14:56:27,583 DEBUG modssc.inductive.methods.co_training co_training.py:408: Co-training iter=11 selected_view1=2 selected_view2=2 remaining=28087
2026-02-02 14:56:27,583 INFO modssc.supervised.backends.torch.mlp mlp.py:75: Starting mlp.fit
2026-02-02 14:56:27,584 DEBUG modssc.supervised.backends.torch.mlp mlp.py:76: params hidden_sizes=(256, 256) activation=relu dropout=0.1 lr=0.001 weight_decay=0.0 batch_size=128 max_epochs=50 seed=398591604 n_jobs=None
2026-02-02 14:56:29,246 INFO modssc.supervised.backends.torch.mlp mlp.py:167: Finished mlp.fit in 1.663s
2026-02-02 14:56:29,246 INFO modssc.supervised.backends.torch.mlp mlp.py:75: Starting mlp.fit
2026-02-02 14:56:29,247 DEBUG modssc.supervised.backends.torch.mlp mlp.py:76: params hidden_sizes=(256, 256) activation=relu dropout=0.1 lr=0.001 weight_decay=0.0 batch_size=128 max_epochs=50 seed=398591604 n_jobs=None
2026-02-02 14:56:30,903 INFO modssc.supervised.backends.torch.mlp mlp.py:167: Finished mlp.fit in 1.657s
2026-02-02 14:56:30,905 DEBUG modssc.inductive.methods.co_training co_training.py:408: Co-training iter=12 selected_view1=2 selected_view2=2 remaining=28083
2026-02-02 14:56:30,905 INFO modssc.supervised.backends.torch.mlp mlp.py:75: Starting mlp.fit
2026-02-02 14:56:30,905 DEBUG modssc.supervised.backends.torch.mlp mlp.py:76: params hidden_sizes=(256, 256) activation=relu dropout=0.1 lr=0.001 weight_decay=0.0 batch_size=128 max_epochs=50 seed=398591604 n_jobs=None
2026-02-02 14:56:32,562 INFO modssc.supervised.backends.torch.mlp mlp.py:167: Finished mlp.fit in 1.657s
2026-02-02 14:56:32,562 INFO modssc.supervised.backends.torch.mlp mlp.py:75: Starting mlp.fit
2026-02-02 14:56:32,562 DEBUG modssc.supervised.backends.torch.mlp mlp.py:76: params hidden_sizes=(256, 256) activation=relu dropout=0.1 lr=0.001 weight_decay=0.0 batch_size=128 max_epochs=50 seed=398591604 n_jobs=None
2026-02-02 14:56:34,221 INFO modssc.supervised.backends.torch.mlp mlp.py:167: Finished mlp.fit in 1.659s
2026-02-02 14:56:34,223 DEBUG modssc.inductive.methods.co_training co_training.py:408: Co-training iter=13 selected_view1=2 selected_view2=2 remaining=28079
2026-02-02 14:56:34,223 INFO modssc.supervised.backends.torch.mlp mlp.py:75: Starting mlp.fit
2026-02-02 14:56:34,223 DEBUG modssc.supervised.backends.torch.mlp mlp.py:76: params hidden_sizes=(256, 256) activation=relu dropout=0.1 lr=0.001 weight_decay=0.0 batch_size=128 max_epochs=50 seed=398591604 n_jobs=None
2026-02-02 14:56:35,884 INFO modssc.supervised.backends.torch.mlp mlp.py:167: Finished mlp.fit in 1.661s
2026-02-02 14:56:35,884 INFO modssc.supervised.backends.torch.mlp mlp.py:75: Starting mlp.fit
2026-02-02 14:56:35,884 DEBUG modssc.supervised.backends.torch.mlp mlp.py:76: params hidden_sizes=(256, 256) activation=relu dropout=0.1 lr=0.001 weight_decay=0.0 batch_size=128 max_epochs=50 seed=398591604 n_jobs=None
2026-02-02 14:56:37,541 INFO modssc.supervised.backends.torch.mlp mlp.py:167: Finished mlp.fit in 1.658s
2026-02-02 14:56:37,543 DEBUG modssc.inductive.methods.co_training co_training.py:408: Co-training iter=14 selected_view1=2 selected_view2=2 remaining=28075
2026-02-02 14:56:37,543 INFO modssc.supervised.backends.torch.mlp mlp.py:75: Starting mlp.fit
2026-02-02 14:56:37,543 DEBUG modssc.supervised.backends.torch.mlp mlp.py:76: params hidden_sizes=(256, 256) activation=relu dropout=0.1 lr=0.001 weight_decay=0.0 batch_size=128 max_epochs=50 seed=398591604 n_jobs=None
2026-02-02 14:56:39,206 INFO modssc.supervised.backends.torch.mlp mlp.py:167: Finished mlp.fit in 1.663s
2026-02-02 14:56:39,206 INFO modssc.supervised.backends.torch.mlp mlp.py:75: Starting mlp.fit
2026-02-02 14:56:39,206 DEBUG modssc.supervised.backends.torch.mlp mlp.py:76: params hidden_sizes=(256, 256) activation=relu dropout=0.1 lr=0.001 weight_decay=0.0 batch_size=128 max_epochs=50 seed=398591604 n_jobs=None
2026-02-02 14:56:40,869 INFO modssc.supervised.backends.torch.mlp mlp.py:167: Finished mlp.fit in 1.663s
2026-02-02 14:56:40,871 DEBUG modssc.inductive.methods.co_training co_training.py:408: Co-training iter=15 selected_view1=2 selected_view2=2 remaining=28071
2026-02-02 14:56:40,871 INFO modssc.supervised.backends.torch.mlp mlp.py:75: Starting mlp.fit
2026-02-02 14:56:40,871 DEBUG modssc.supervised.backends.torch.mlp mlp.py:76: params hidden_sizes=(256, 256) activation=relu dropout=0.1 lr=0.001 weight_decay=0.0 batch_size=128 max_epochs=50 seed=398591604 n_jobs=None
2026-02-02 14:56:42,529 INFO modssc.supervised.backends.torch.mlp mlp.py:167: Finished mlp.fit in 1.658s
2026-02-02 14:56:42,529 INFO modssc.supervised.backends.torch.mlp mlp.py:75: Starting mlp.fit
2026-02-02 14:56:42,529 DEBUG modssc.supervised.backends.torch.mlp mlp.py:76: params hidden_sizes=(256, 256) activation=relu dropout=0.1 lr=0.001 weight_decay=0.0 batch_size=128 max_epochs=50 seed=398591604 n_jobs=None
2026-02-02 14:56:44,191 INFO modssc.supervised.backends.torch.mlp mlp.py:167: Finished mlp.fit in 1.661s
2026-02-02 14:56:44,193 DEBUG modssc.inductive.methods.co_training co_training.py:408: Co-training iter=16 selected_view1=2 selected_view2=2 remaining=28067
2026-02-02 14:56:44,193 INFO modssc.supervised.backends.torch.mlp mlp.py:75: Starting mlp.fit
2026-02-02 14:56:44,193 DEBUG modssc.supervised.backends.torch.mlp mlp.py:76: params hidden_sizes=(256, 256) activation=relu dropout=0.1 lr=0.001 weight_decay=0.0 batch_size=128 max_epochs=50 seed=398591604 n_jobs=None
2026-02-02 14:56:45,854 INFO modssc.supervised.backends.torch.mlp mlp.py:167: Finished mlp.fit in 1.662s
2026-02-02 14:56:45,855 INFO modssc.supervised.backends.torch.mlp mlp.py:75: Starting mlp.fit
2026-02-02 14:56:45,855 DEBUG modssc.supervised.backends.torch.mlp mlp.py:76: params hidden_sizes=(256, 256) activation=relu dropout=0.1 lr=0.001 weight_decay=0.0 batch_size=128 max_epochs=50 seed=398591604 n_jobs=None
2026-02-02 14:56:47,525 INFO modssc.supervised.backends.torch.mlp mlp.py:167: Finished mlp.fit in 1.670s
2026-02-02 14:56:47,527 DEBUG modssc.inductive.methods.co_training co_training.py:408: Co-training iter=17 selected_view1=2 selected_view2=2 remaining=28063
2026-02-02 14:56:47,527 INFO modssc.supervised.backends.torch.mlp mlp.py:75: Starting mlp.fit
2026-02-02 14:56:47,527 DEBUG modssc.supervised.backends.torch.mlp mlp.py:76: params hidden_sizes=(256, 256) activation=relu dropout=0.1 lr=0.001 weight_decay=0.0 batch_size=128 max_epochs=50 seed=398591604 n_jobs=None
2026-02-02 14:56:49,189 INFO modssc.supervised.backends.torch.mlp mlp.py:167: Finished mlp.fit in 1.662s
2026-02-02 14:56:49,189 INFO modssc.supervised.backends.torch.mlp mlp.py:75: Starting mlp.fit
2026-02-02 14:56:49,189 DEBUG modssc.supervised.backends.torch.mlp mlp.py:76: params hidden_sizes=(256, 256) activation=relu dropout=0.1 lr=0.001 weight_decay=0.0 batch_size=128 max_epochs=50 seed=398591604 n_jobs=None
2026-02-02 14:56:50,849 INFO modssc.supervised.backends.torch.mlp mlp.py:167: Finished mlp.fit in 1.659s
2026-02-02 14:56:50,850 DEBUG modssc.inductive.methods.co_training co_training.py:408: Co-training iter=18 selected_view1=2 selected_view2=2 remaining=28059
2026-02-02 14:56:50,851 INFO modssc.supervised.backends.torch.mlp mlp.py:75: Starting mlp.fit
2026-02-02 14:56:50,851 DEBUG modssc.supervised.backends.torch.mlp mlp.py:76: params hidden_sizes=(256, 256) activation=relu dropout=0.1 lr=0.001 weight_decay=0.0 batch_size=128 max_epochs=50 seed=398591604 n_jobs=None
2026-02-02 14:56:52,516 INFO modssc.supervised.backends.torch.mlp mlp.py:167: Finished mlp.fit in 1.665s
2026-02-02 14:56:52,516 INFO modssc.supervised.backends.torch.mlp mlp.py:75: Starting mlp.fit
2026-02-02 14:56:52,516 DEBUG modssc.supervised.backends.torch.mlp mlp.py:76: params hidden_sizes=(256, 256) activation=relu dropout=0.1 lr=0.001 weight_decay=0.0 batch_size=128 max_epochs=50 seed=398591604 n_jobs=None
2026-02-02 14:56:54,195 INFO modssc.supervised.backends.torch.mlp mlp.py:167: Finished mlp.fit in 1.679s
2026-02-02 14:56:54,197 DEBUG modssc.inductive.methods.co_training co_training.py:408: Co-training iter=19 selected_view1=2 selected_view2=2 remaining=28055
2026-02-02 14:56:54,197 INFO modssc.supervised.backends.torch.mlp mlp.py:75: Starting mlp.fit
2026-02-02 14:56:54,197 DEBUG modssc.supervised.backends.torch.mlp mlp.py:76: params hidden_sizes=(256, 256) activation=relu dropout=0.1 lr=0.001 weight_decay=0.0 batch_size=128 max_epochs=50 seed=398591604 n_jobs=None
2026-02-02 14:56:55,852 INFO modssc.supervised.backends.torch.mlp mlp.py:167: Finished mlp.fit in 1.655s
2026-02-02 14:56:55,853 INFO modssc.supervised.backends.torch.mlp mlp.py:75: Starting mlp.fit
2026-02-02 14:56:55,853 DEBUG modssc.supervised.backends.torch.mlp mlp.py:76: params hidden_sizes=(256, 256) activation=relu dropout=0.1 lr=0.001 weight_decay=0.0 batch_size=128 max_epochs=50 seed=398591604 n_jobs=None
2026-02-02 14:56:57,504 INFO modssc.supervised.backends.torch.mlp mlp.py:167: Finished mlp.fit in 1.651s
2026-02-02 14:56:57,504 INFO modssc.inductive.methods.co_training co_training.py:424: Finished co_training.fit in 71.222s
2026-02-02 14:56:57,504 INFO bench.orchestrators.method_inductive method_inductive.py:550: Inductive method done: id=co_training duration_s=71.240
2026-02-02 14:56:57,504 INFO bench.orchestrators.evaluation evaluation.py:189: Evaluation (inductive): splits=['val', 'test'] metrics=['accuracy', 'macro_f1']
2026-02-02 14:56:57,524 INFO bench.orchestrators.evaluation evaluation.py:231: Evaluation (inductive) done: duration_s=0.020
2026-02-02 14:56:57,527 INFO bench.orchestrators.reporting reporting.py:54: Run summary written: /nfs/home/mbarbaux/ModSSC/runs/inductive/co_training/tabular/adult/best_tabular_inductive_co_training_adult-20260202T135544Z/run.json status=success duration_s=0.002
