2026-02-02 15:18:18,306 INFO bench.orchestrators.dataset dataset.py:36: Dataset start: id=pubmed download=True cache_dir=None
2026-02-02 15:18:18,306 DEBUG bench.orchestrators.dataset dataset.py:42: Dataset options: []
2026-02-02 15:18:18,311 DEBUG modssc.data_loader.providers __init__.py:38: Creating provider: pyg
2026-02-02 15:18:18,311 DEBUG modssc.data_loader.api api.py:316: Resolved dataset id=pubmed provider=pyg canonical_uri=pyg:Planetoid/PubMed
2026-02-02 15:18:18,311 INFO modssc.data_loader.api api.py:117: Dataset load: id=pubmed provider=pyg version=None fingerprint=33662ee2dd9f5386a1eb7438c7e711640858805e93f8cee2bfe9beda2eb3499a download=True force=False cache_dir=/nfs/home/mbarbaux/ModSSC/cache/datasets
2026-02-02 15:18:18,311 DEBUG modssc.data_loader.api api.py:127: Dataset resolved_kwargs: {'dataset_class': 'Planetoid', 'dataset_kwargs': {'name': 'PubMed'}}
2026-02-02 15:18:18,322 DEBUG modssc.data_loader.api api.py:403: Loaded cached dataset: fingerprint=33662ee2dd9f5386a1eb7438c7e711640858805e93f8cee2bfe9beda2eb3499a
2026-02-02 15:18:18,323 INFO modssc.data_loader.api api.py:133: Dataset cached: id=pubmed train=19717 test=None n_classes=3 duration_s=0.016
2026-02-02 15:18:18,323 INFO bench.orchestrators.dataset dataset.py:54: Dataset loaded: train=19717 test=None graph=True fingerprint=33662ee2dd9f5386a1eb7438c7e711640858805e93f8cee2bfe9beda2eb3499a provider=pyg
2026-02-02 15:18:18,323 INFO bench.orchestrators.dataset dataset.py:62: Dataset stage done: duration_s=0.016
2026-02-02 15:18:18,369 INFO bench.orchestrators.sampling sampling.py:86: Sampling start: seed=5 dataset_id=pubmed
2026-02-02 15:18:18,369 DEBUG bench.orchestrators.sampling sampling.py:87: Sampling plan: split={'kind': 'holdout', 'test_fraction': 0.2, 'val_fraction': 0.1, 'stratify': True, 'shuffle': True} labeling={'mode': 'fraction', 'value': 0.2, 'per_class': False, 'min_per_class': 1, 'strategy': 'balanced', 'fixed_indices': None} imbalance={'kind': 'none', 'apply_to': 'train', 'max_per_class': None, 'alpha': None, 'min_per_class': 1} policy={'respect_official_test': True, 'use_official_graph_masks': True, 'allow_override_official': False}
2026-02-02 15:18:18,369 DEBUG bench.orchestrators.sampling sampling.py:98: Sampling dataset_fingerprint=33662ee2dd9f5386a1eb7438c7e711640858805e93f8cee2bfe9beda2eb3499a
2026-02-02 15:18:18,369 INFO modssc.sampling.api api.py:99: Sampling start: dataset_id=pubmed dataset_fingerprint=33662ee2dd9f5386a1eb7438c7e711640858805e93f8cee2bfe9beda2eb3499a seed=5 graph=True split=holdout
2026-02-02 15:18:18,369 DEBUG modssc.sampling.api api.py:107: Sampling plan: {'split': {'kind': 'holdout', 'test_fraction': 0.2, 'val_fraction': 0.1, 'stratify': True, 'shuffle': True}, 'labeling': {'mode': 'fraction', 'value': 0.2, 'per_class': False, 'min_per_class': 1, 'strategy': 'balanced', 'fixed_indices': None}, 'imbalance': {'kind': 'none', 'apply_to': 'train', 'max_per_class': None, 'alpha': None, 'min_per_class': 1}, 'policy': {'respect_official_test': True, 'use_official_graph_masks': True, 'allow_override_official': False}}
2026-02-02 15:18:18,381 INFO modssc.sampling.api api.py:141: Sampling done: train=60 val=500 test=1000 labeled=12 unlabeled=48 duration_s=0.012
2026-02-02 15:18:18,381 DEBUG modssc.sampling.api api.py:150: Sampling stats: {'nodes': 19717, 'train': 60, 'val': 500, 'test': 1000, 'labeled': 12, 'unlabeled': 48, 'labeled_class_dist': {'n': 12, 'classes': {'0': 4, '1': 4, '2': 4}}}
2026-02-02 15:18:18,381 INFO bench.orchestrators.sampling sampling.py:123: Sampling result: train=60 val=500 test=1000 labeled=12 unlabeled=48 graph=True
2026-02-02 15:18:18,381 DEBUG bench.orchestrators.sampling sampling.py:132: Sampling stats: {'nodes': 19717, 'train': 60, 'val': 500, 'test': 1000, 'labeled': 12, 'unlabeled': 48, 'labeled_class_dist': {'n': 12, 'classes': {'0': 4, '1': 4, '2': 4}}}
2026-02-02 15:18:18,381 INFO bench.orchestrators.sampling sampling.py:133: Sampling stage done: duration_s=0.012
Inductive method on graph dataset; converting graph masks to indices.
2026-02-02 15:18:18,381 INFO bench.orchestrators.preprocess preprocess.py:105: Preprocess start: seed=5 cache=True n_steps=4 fit_indices=12
2026-02-02 15:18:18,381 DEBUG bench.orchestrators.preprocess preprocess.py:112: Preprocess plan: output_key=features.X steps=['labels.encode', 'labels.to_torch', 'graph.sparse_adjacency', 'core.to_torch']
2026-02-02 15:18:18,382 INFO modssc.preprocess.api api.py:490: Preprocess start: dataset_fp=33662ee2dd9f5386a1eb7438c7e711640858805e93f8cee2bfe9beda2eb3499a steps=['labels.encode', 'labels.to_torch', 'graph.sparse_adjacency', 'core.to_torch'] output_key=features.X seed=5 cache=True
2026-02-02 15:18:18,382 DEBUG modssc.preprocess.api api.py:498: Preprocess input shapes: train_X=(19717, 500) train_y=(19717,) test_X=None test_y=None
2026-02-02 15:18:18,382 INFO modssc.preprocess.api api.py:505: Preprocess input size: train_data=39.2 MB test_data=n/a
2026-02-02 15:18:18,382 DEBUG modssc.preprocess.api api.py:521: Preprocess step start: id=labels.encode index=0 kind=transform params={}
2026-02-02 15:18:18,384 DEBUG modssc.preprocess.api api.py:605: Preprocess step train outputs: id=labels.encode keys=['labels.classes', 'labels.y'] duration_s=0.003
2026-02-02 15:18:18,384 INFO modssc.preprocess.api api.py:679: Preprocess step done: id=labels.encode index=0 duration_s=0.003 train_data=39.2 MB test_data=n/a
2026-02-02 15:18:18,384 DEBUG modssc.preprocess.api api.py:521: Preprocess step start: id=labels.to_torch index=1 kind=transform params={'device': 'auto', 'dtype': 'int64'}
2026-02-02 15:18:18,482 DEBUG modssc.preprocess.api api.py:605: Preprocess step train outputs: id=labels.to_torch keys=['labels.y'] duration_s=0.098
2026-02-02 15:18:18,482 INFO modssc.preprocess.api api.py:267: Preprocess GPU device: device=cuda:0 model=NVIDIA L40
2026-02-02 15:18:18,482 INFO modssc.preprocess.api api.py:679: Preprocess step done: id=labels.to_torch index=1 duration_s=0.098 train_data=39.2 MB test_data=n/a
2026-02-02 15:18:18,482 DEBUG modssc.preprocess.api api.py:521: Preprocess step start: id=graph.sparse_adjacency index=2 kind=transform params={'max_nodes': 20000, 'batch_size': 32, 'embed_epochs': 5, 'embed_lr': 0.01, 'undirected': True, 'device': 'auto'}
2026-02-02 15:18:18,485 WARNING modssc.preprocess.api api.py:575: Preprocess cache miss for graph.sparse_adjacency (train): Incomplete cached outputs for step 'graph.sparse_adjacency' (train)
2026-02-02 15:18:18,486 DEBUG modssc.preprocess.api api.py:605: Preprocess step train outputs: id=graph.sparse_adjacency keys=['features.X'] duration_s=0.003
2026-02-02 15:18:18,486 INFO modssc.preprocess.api api.py:679: Preprocess step done: id=graph.sparse_adjacency index=2 duration_s=0.003 train_data=40.5 MB test_data=n/a
2026-02-02 15:18:18,486 DEBUG modssc.preprocess.api api.py:521: Preprocess step start: id=core.to_torch index=3 kind=transform params={'device': 'auto', 'dtype': 'float32'}
2026-02-02 15:18:18,487 WARNING modssc.preprocess.api api.py:575: Preprocess cache miss for core.to_torch (train): Incomplete cached outputs for step 'core.to_torch' (train)
2026-02-02 15:18:18,491 DEBUG modssc.preprocess.api api.py:605: Preprocess step train outputs: id=core.to_torch keys=['features.X'] duration_s=0.005
2026-02-02 15:18:18,491 INFO modssc.preprocess.api api.py:679: Preprocess step done: id=core.to_torch index=3 duration_s=0.005 train_data=40.5 MB test_data=n/a
2026-02-02 15:18:18,491 INFO modssc.preprocess.api api.py:730: Preprocess done: dataset_fp=33662ee2dd9f5386a1eb7438c7e711640858805e93f8cee2bfe9beda2eb3499a duration_s=0.109 train_X=None test_X=None
2026-02-02 15:18:18,491 INFO bench.orchestrators.preprocess preprocess.py:124: Preprocess result: fingerprint=preprocess:584d87f3e51ad43dbb76f2111dd9667b5f1d4499adb725baefb05b6fc64659f8 plan_fingerprint=resolved_plan:95213a523f045acfbe48296ceac122bc48b9fd73dbd5843390244a44a4946c42 cache_dir=/nfs/home/mbarbaux/ModSSC/cache/preprocess/33662ee2dd9f5386a1eb7438c7e711640858805e93f8cee2bfe9beda2eb3499a skipped=[]
2026-02-02 15:18:18,491 DEBUG bench.orchestrators.preprocess preprocess.py:131: Preprocess output shapes: train_X=None test_X=None
2026-02-02 15:18:18,491 INFO bench.orchestrators.preprocess preprocess.py:136: Preprocess stage done: duration_s=0.110
2026-02-02 15:18:20,979 INFO bench.orchestrators.augmentation augmentation.py:66: Augmentation start: mode=fixed modality=tabular seed=5 n_samples=48 strong_views=1
2026-02-02 15:18:20,979 DEBUG bench.orchestrators.augmentation augmentation.py:74: Augmentation steps: weak=['tabular.gaussian_noise'] strong=['tabular.feature_dropout']
2026-02-02 15:18:20,996 INFO bench.orchestrators.augmentation augmentation.py:191: Augmentation done: duration_s=0.017
2026-02-02 15:18:20,996 DEBUG bench.orchestrators.augmentation augmentation.py:192: Augmentation output shapes: weak=(48, 500) strong=(48, 500) strong_1=None
2026-02-02 15:18:20,997 INFO bench.orchestrators.method_inductive method_inductive.py:441: Inductive method start: id=adsh seed=3274374610 device=auto dtype=float32 model=graphsage_inductive
2026-02-02 15:18:20,997 DEBUG bench.orchestrators.method_inductive method_inductive.py:470: Inductive method params: {'lambda_u': 1.0, 'p_cutoff': 0.95, 'use_cat': False, 'batch_size': 128, 'max_epochs': 50, 'detach_target': True, 'score_warmup_epochs': 2}
2026-02-02 15:18:20,997 INFO bench.orchestrators.method_inductive method_inductive.py:476: Inductive method data: n_labeled=12 n_unlabeled=48
2026-02-02 15:18:21,030 INFO modssc.inductive.methods.adsh adsh.py:155: Starting adsh.fit
2026-02-02 15:18:21,030 DEBUG modssc.inductive.methods.adsh adsh.py:156: params lambda_u=1.0 p_cutoff=0.95 use_cat=False batch_size=128 max_epochs=50 detach_target=True score_warmup_epochs=2 majority_class=None has_model_bundle=True device=DeviceSpec(device='auto', dtype='float32') seed=3274374610
2026-02-02 15:18:21,030 INFO modssc.inductive.methods.adsh adsh.py:189: ADSH sizes: n_labeled=12 n_unlabeled=48
2026-02-02 15:18:21,138 DEBUG modssc.inductive.methods.adsh adsh.py:330: ADSH epoch=0 p_cutoff=0.95 mask_mean=0.000 sup_loss=1.0975 unsup_loss=0.0000
2026-02-02 15:18:21,203 DEBUG modssc.inductive.methods.adsh adsh.py:330: ADSH epoch=1 p_cutoff=0.95 mask_mean=0.000 sup_loss=1.0946 unsup_loss=0.0000
2026-02-02 15:18:21,235 DEBUG modssc.inductive.methods.adsh adsh.py:330: ADSH epoch=2 p_cutoff=0.95 mask_mean=0.771 sup_loss=1.0934 unsup_loss=0.8328
2026-02-02 15:18:21,238 DEBUG modssc.inductive.methods.adsh adsh.py:330: ADSH epoch=3 p_cutoff=0.95 mask_mean=0.938 sup_loss=1.0895 unsup_loss=1.0083
2026-02-02 15:18:21,242 DEBUG modssc.inductive.methods.adsh adsh.py:330: ADSH epoch=4 p_cutoff=0.95 mask_mean=0.958 sup_loss=1.0870 unsup_loss=1.0256
2026-02-02 15:18:21,245 DEBUG modssc.inductive.methods.adsh adsh.py:330: ADSH epoch=5 p_cutoff=0.95 mask_mean=0.979 sup_loss=1.0810 unsup_loss=1.0414
2026-02-02 15:18:21,248 DEBUG modssc.inductive.methods.adsh adsh.py:330: ADSH epoch=6 p_cutoff=0.95 mask_mean=0.958 sup_loss=1.0790 unsup_loss=1.0124
2026-02-02 15:18:21,252 DEBUG modssc.inductive.methods.adsh adsh.py:330: ADSH epoch=7 p_cutoff=0.95 mask_mean=0.979 sup_loss=1.0781 unsup_loss=1.0273
2026-02-02 15:18:21,255 DEBUG modssc.inductive.methods.adsh adsh.py:330: ADSH epoch=8 p_cutoff=0.95 mask_mean=1.000 sup_loss=1.0741 unsup_loss=1.0423
2026-02-02 15:18:21,258 DEBUG modssc.inductive.methods.adsh adsh.py:330: ADSH epoch=9 p_cutoff=0.95 mask_mean=0.979 sup_loss=1.0706 unsup_loss=1.0128
2026-02-02 15:18:21,262 DEBUG modssc.inductive.methods.adsh adsh.py:330: ADSH epoch=10 p_cutoff=0.95 mask_mean=0.979 sup_loss=1.0675 unsup_loss=1.0049
2026-02-02 15:18:21,265 DEBUG modssc.inductive.methods.adsh adsh.py:330: ADSH epoch=11 p_cutoff=0.95 mask_mean=1.000 sup_loss=1.0671 unsup_loss=1.0184
2026-02-02 15:18:21,268 DEBUG modssc.inductive.methods.adsh adsh.py:330: ADSH epoch=12 p_cutoff=0.95 mask_mean=0.979 sup_loss=1.0630 unsup_loss=0.9889
2026-02-02 15:18:21,271 DEBUG modssc.inductive.methods.adsh adsh.py:330: ADSH epoch=13 p_cutoff=0.95 mask_mean=1.000 sup_loss=1.0620 unsup_loss=1.0028
2026-02-02 15:18:21,275 DEBUG modssc.inductive.methods.adsh adsh.py:330: ADSH epoch=14 p_cutoff=0.95 mask_mean=1.000 sup_loss=1.0581 unsup_loss=0.9935
2026-02-02 15:18:21,278 DEBUG modssc.inductive.methods.adsh adsh.py:330: ADSH epoch=15 p_cutoff=0.95 mask_mean=1.000 sup_loss=1.0533 unsup_loss=0.9854
2026-02-02 15:18:21,281 DEBUG modssc.inductive.methods.adsh adsh.py:330: ADSH epoch=16 p_cutoff=0.95 mask_mean=1.000 sup_loss=1.0512 unsup_loss=0.9769
2026-02-02 15:18:21,285 DEBUG modssc.inductive.methods.adsh adsh.py:330: ADSH epoch=17 p_cutoff=0.95 mask_mean=0.979 sup_loss=1.0445 unsup_loss=0.9472
2026-02-02 15:18:21,288 DEBUG modssc.inductive.methods.adsh adsh.py:330: ADSH epoch=18 p_cutoff=0.95 mask_mean=0.979 sup_loss=1.0448 unsup_loss=0.9377
2026-02-02 15:18:21,291 DEBUG modssc.inductive.methods.adsh adsh.py:330: ADSH epoch=19 p_cutoff=0.95 mask_mean=0.938 sup_loss=1.0390 unsup_loss=0.8889
2026-02-02 15:18:21,295 DEBUG modssc.inductive.methods.adsh adsh.py:330: ADSH epoch=20 p_cutoff=0.95 mask_mean=0.938 sup_loss=1.0387 unsup_loss=0.8794
2026-02-02 15:18:21,298 DEBUG modssc.inductive.methods.adsh adsh.py:330: ADSH epoch=21 p_cutoff=0.95 mask_mean=0.958 sup_loss=1.0292 unsup_loss=0.8883
2026-02-02 15:18:21,301 DEBUG modssc.inductive.methods.adsh adsh.py:330: ADSH epoch=22 p_cutoff=0.95 mask_mean=0.958 sup_loss=1.0273 unsup_loss=0.8787
2026-02-02 15:18:21,304 DEBUG modssc.inductive.methods.adsh adsh.py:330: ADSH epoch=23 p_cutoff=0.95 mask_mean=1.000 sup_loss=1.0198 unsup_loss=0.9071
2026-02-02 15:18:21,308 DEBUG modssc.inductive.methods.adsh adsh.py:330: ADSH epoch=24 p_cutoff=0.95 mask_mean=0.979 sup_loss=1.0163 unsup_loss=0.8773
2026-02-02 15:18:21,311 DEBUG modssc.inductive.methods.adsh adsh.py:330: ADSH epoch=25 p_cutoff=0.95 mask_mean=0.979 sup_loss=1.0121 unsup_loss=0.8654
2026-02-02 15:18:21,314 DEBUG modssc.inductive.methods.adsh adsh.py:330: ADSH epoch=26 p_cutoff=0.95 mask_mean=1.000 sup_loss=1.0070 unsup_loss=0.8704
2026-02-02 15:18:21,318 DEBUG modssc.inductive.methods.adsh adsh.py:330: ADSH epoch=27 p_cutoff=0.95 mask_mean=0.979 sup_loss=1.0016 unsup_loss=0.8432
2026-02-02 15:18:21,321 DEBUG modssc.inductive.methods.adsh adsh.py:330: ADSH epoch=28 p_cutoff=0.95 mask_mean=1.000 sup_loss=0.9956 unsup_loss=0.8501
2026-02-02 15:18:21,324 DEBUG modssc.inductive.methods.adsh adsh.py:330: ADSH epoch=29 p_cutoff=0.95 mask_mean=0.979 sup_loss=0.9930 unsup_loss=0.8175
2026-02-02 15:18:21,327 DEBUG modssc.inductive.methods.adsh adsh.py:330: ADSH epoch=30 p_cutoff=0.95 mask_mean=0.979 sup_loss=0.9817 unsup_loss=0.8054
2026-02-02 15:18:21,331 DEBUG modssc.inductive.methods.adsh adsh.py:330: ADSH epoch=31 p_cutoff=0.95 mask_mean=0.979 sup_loss=0.9772 unsup_loss=0.7915
2026-02-02 15:18:21,334 DEBUG modssc.inductive.methods.adsh adsh.py:330: ADSH epoch=32 p_cutoff=0.95 mask_mean=1.000 sup_loss=0.9703 unsup_loss=0.8002
2026-02-02 15:18:21,337 DEBUG modssc.inductive.methods.adsh adsh.py:330: ADSH epoch=33 p_cutoff=0.95 mask_mean=1.000 sup_loss=0.9625 unsup_loss=0.7867
2026-02-02 15:18:21,341 DEBUG modssc.inductive.methods.adsh adsh.py:330: ADSH epoch=34 p_cutoff=0.95 mask_mean=1.000 sup_loss=0.9632 unsup_loss=0.7721
2026-02-02 15:18:21,344 DEBUG modssc.inductive.methods.adsh adsh.py:330: ADSH epoch=35 p_cutoff=0.95 mask_mean=1.000 sup_loss=0.9525 unsup_loss=0.7553
2026-02-02 15:18:21,347 DEBUG modssc.inductive.methods.adsh adsh.py:330: ADSH epoch=36 p_cutoff=0.95 mask_mean=1.000 sup_loss=0.9414 unsup_loss=0.7432
2026-02-02 15:18:21,350 DEBUG modssc.inductive.methods.adsh adsh.py:330: ADSH epoch=37 p_cutoff=0.95 mask_mean=0.979 sup_loss=0.9396 unsup_loss=0.7187
2026-02-02 15:18:21,354 DEBUG modssc.inductive.methods.adsh adsh.py:330: ADSH epoch=38 p_cutoff=0.95 mask_mean=1.000 sup_loss=0.9303 unsup_loss=0.7119
2026-02-02 15:18:21,357 DEBUG modssc.inductive.methods.adsh adsh.py:330: ADSH epoch=39 p_cutoff=0.95 mask_mean=1.000 sup_loss=0.9293 unsup_loss=0.7007
2026-02-02 15:18:21,360 DEBUG modssc.inductive.methods.adsh adsh.py:330: ADSH epoch=40 p_cutoff=0.95 mask_mean=1.000 sup_loss=0.9127 unsup_loss=0.6801
2026-02-02 15:18:21,364 DEBUG modssc.inductive.methods.adsh adsh.py:330: ADSH epoch=41 p_cutoff=0.95 mask_mean=1.000 sup_loss=0.9192 unsup_loss=0.6707
2026-02-02 15:18:21,367 DEBUG modssc.inductive.methods.adsh adsh.py:330: ADSH epoch=42 p_cutoff=0.95 mask_mean=1.000 sup_loss=0.9120 unsup_loss=0.6581
2026-02-02 15:18:21,370 DEBUG modssc.inductive.methods.adsh adsh.py:330: ADSH epoch=43 p_cutoff=0.95 mask_mean=0.979 sup_loss=0.8968 unsup_loss=0.6248
2026-02-02 15:18:21,373 DEBUG modssc.inductive.methods.adsh adsh.py:330: ADSH epoch=44 p_cutoff=0.95 mask_mean=1.000 sup_loss=0.8856 unsup_loss=0.6266
2026-02-02 15:18:21,377 DEBUG modssc.inductive.methods.adsh adsh.py:330: ADSH epoch=45 p_cutoff=0.95 mask_mean=1.000 sup_loss=0.8892 unsup_loss=0.6122
2026-02-02 15:18:21,380 DEBUG modssc.inductive.methods.adsh adsh.py:330: ADSH epoch=46 p_cutoff=0.95 mask_mean=1.000 sup_loss=0.8679 unsup_loss=0.5989
2026-02-02 15:18:21,383 DEBUG modssc.inductive.methods.adsh adsh.py:330: ADSH epoch=47 p_cutoff=0.95 mask_mean=1.000 sup_loss=0.8701 unsup_loss=0.5844
2026-02-02 15:18:21,387 DEBUG modssc.inductive.methods.adsh adsh.py:330: ADSH epoch=48 p_cutoff=0.95 mask_mean=1.000 sup_loss=0.8550 unsup_loss=0.5655
2026-02-02 15:18:21,390 DEBUG modssc.inductive.methods.adsh adsh.py:330: ADSH epoch=49 p_cutoff=0.95 mask_mean=0.979 sup_loss=0.8399 unsup_loss=0.5406
2026-02-02 15:18:21,391 INFO modssc.inductive.methods.adsh adsh.py:347: Finished adsh.fit in 0.361s
2026-02-02 15:18:21,391 INFO bench.orchestrators.method_inductive method_inductive.py:550: Inductive method done: id=adsh duration_s=0.394
2026-02-02 15:18:21,391 INFO bench.orchestrators.evaluation evaluation.py:189: Evaluation (inductive): splits=['val', 'test'] metrics=['accuracy', 'macro_f1']
2026-02-02 15:18:21,407 INFO bench.orchestrators.evaluation evaluation.py:231: Evaluation (inductive) done: duration_s=0.016
2026-02-02 15:18:21,408 INFO bench.orchestrators.reporting reporting.py:54: Run summary written: /nfs/home/mbarbaux/ModSSC/runs/inductive/adsh/graph/pubmed/best_graph_inductive_adsh_pubmed-20260202T141818Z/run.json status=success duration_s=0.001
