2026-02-02 17:04:44,176 INFO bench.orchestrators.dataset dataset.py:36: Dataset start: id=toy download=True cache_dir=None
2026-02-02 17:04:44,176 DEBUG bench.orchestrators.dataset dataset.py:42: Dataset options: []
2026-02-02 17:04:44,179 DEBUG modssc.data_loader.providers __init__.py:38: Creating provider: toy
2026-02-02 17:04:44,179 DEBUG modssc.data_loader.api api.py:316: Resolved dataset id=toy provider=toy canonical_uri=toy:default
2026-02-02 17:04:44,179 INFO modssc.data_loader.api api.py:117: Dataset load: id=toy provider=toy version=1 fingerprint=e0c01c98d61086d3a0f9eed4436f4ecf49dcaace00195bf10f825786b9b12b89 download=True force=False cache_dir=/nfs/home/mbarbaux/ModSSC/cache/datasets
2026-02-02 17:04:44,179 DEBUG modssc.data_loader.api api.py:127: Dataset resolved_kwargs: {'n_samples': 64, 'n_features': 4, 'n_classes': 3, 'seed': 0, 'test': True, 'test_size': 0.25}
2026-02-02 17:04:44,181 DEBUG modssc.data_loader.api api.py:403: Loaded cached dataset: fingerprint=e0c01c98d61086d3a0f9eed4436f4ecf49dcaace00195bf10f825786b9b12b89
2026-02-02 17:04:44,181 INFO modssc.data_loader.api api.py:133: Dataset cached: id=toy train=48 test=16 n_classes=3 duration_s=0.005
2026-02-02 17:04:44,181 INFO bench.orchestrators.dataset dataset.py:54: Dataset loaded: train=48 test=16 graph=False fingerprint=e0c01c98d61086d3a0f9eed4436f4ecf49dcaace00195bf10f825786b9b12b89 provider=toy
2026-02-02 17:04:44,181 INFO bench.orchestrators.dataset dataset.py:62: Dataset stage done: duration_s=0.005
2026-02-02 17:04:44,226 INFO bench.orchestrators.sampling sampling.py:86: Sampling start: seed=1 dataset_id=toy
2026-02-02 17:04:44,226 DEBUG bench.orchestrators.sampling sampling.py:87: Sampling plan: split={'kind': 'holdout', 'test_fraction': 0.2, 'val_fraction': 0.1, 'stratify': True, 'shuffle': True} labeling={'mode': 'fraction', 'value': 0.2, 'per_class': False, 'min_per_class': 1, 'strategy': 'balanced', 'fixed_indices': None} imbalance={'kind': 'none', 'apply_to': 'train', 'max_per_class': None, 'alpha': None, 'min_per_class': 1} policy={'respect_official_test': True, 'use_official_graph_masks': True, 'allow_override_official': False}
2026-02-02 17:04:44,226 DEBUG bench.orchestrators.sampling sampling.py:98: Sampling dataset_fingerprint=e0c01c98d61086d3a0f9eed4436f4ecf49dcaace00195bf10f825786b9b12b89
2026-02-02 17:04:44,226 INFO modssc.sampling.api api.py:99: Sampling start: dataset_id=toy dataset_fingerprint=e0c01c98d61086d3a0f9eed4436f4ecf49dcaace00195bf10f825786b9b12b89 seed=1 graph=False split=holdout
2026-02-02 17:04:44,226 DEBUG modssc.sampling.api api.py:107: Sampling plan: {'split': {'kind': 'holdout', 'test_fraction': 0.2, 'val_fraction': 0.1, 'stratify': True, 'shuffle': True}, 'labeling': {'mode': 'fraction', 'value': 0.2, 'per_class': False, 'min_per_class': 1, 'strategy': 'balanced', 'fixed_indices': None}, 'imbalance': {'kind': 'none', 'apply_to': 'train', 'max_per_class': None, 'alpha': None, 'min_per_class': 1}, 'policy': {'respect_official_test': True, 'use_official_graph_masks': True, 'allow_override_official': False}}
2026-02-02 17:04:44,238 INFO modssc.sampling.api api.py:141: Sampling done: train=43 val=5 test=16 labeled=9 unlabeled=34 duration_s=0.012
2026-02-02 17:04:44,238 DEBUG modssc.sampling.api api.py:150: Sampling stats: {'policy': {'respect_official_test': True, 'has_official_test': True, 'test_ref': 'test'}, 'train': {'n': 43, 'classes': {'0': 14, '1': 15, '2': 14}}, 'val': {'n': 5, 'classes': {'0': 1, '1': 2, '2': 2}}, 'train_labeled': {'n': 9, 'classes': {'0': 3, '1': 3, '2': 3}}, 'train_unlabeled': {'n': 34}, 'test': {'n': 16, 'classes': {'0': 6, '1': 5, '2': 5}}}
2026-02-02 17:04:44,238 INFO bench.orchestrators.sampling sampling.py:123: Sampling result: train=43 val=5 test=16 labeled=9 unlabeled=34 graph=False
2026-02-02 17:04:44,238 DEBUG bench.orchestrators.sampling sampling.py:132: Sampling stats: {'policy': {'respect_official_test': True, 'has_official_test': True, 'test_ref': 'test'}, 'train': {'n': 43, 'classes': {'0': 14, '1': 15, '2': 14}}, 'val': {'n': 5, 'classes': {'0': 1, '1': 2, '2': 2}}, 'train_labeled': {'n': 9, 'classes': {'0': 3, '1': 3, '2': 3}}, 'train_unlabeled': {'n': 34}, 'test': {'n': 16, 'classes': {'0': 6, '1': 5, '2': 5}}}
2026-02-02 17:04:44,238 INFO bench.orchestrators.sampling sampling.py:133: Sampling stage done: duration_s=0.012
2026-02-02 17:04:44,239 INFO bench.orchestrators.preprocess preprocess.py:105: Preprocess start: seed=1 cache=True n_steps=6 fit_indices=9
2026-02-02 17:04:44,239 DEBUG bench.orchestrators.preprocess preprocess.py:112: Preprocess plan: output_key=features.X steps=['labels.encode', 'labels.to_torch', 'core.ensure_2d', 'tabular.impute', 'tabular.standard_scaler', 'core.to_torch']
2026-02-02 17:04:44,239 INFO modssc.preprocess.api api.py:490: Preprocess start: dataset_fp=e0c01c98d61086d3a0f9eed4436f4ecf49dcaace00195bf10f825786b9b12b89 steps=['labels.encode', 'labels.to_torch', 'core.ensure_2d', 'tabular.impute', 'tabular.standard_scaler', 'core.to_torch'] output_key=features.X seed=1 cache=True
2026-02-02 17:04:44,239 DEBUG modssc.preprocess.api api.py:498: Preprocess input shapes: train_X=(48, 4) train_y=(48,) test_X=(16, 4) test_y=(16,)
2026-02-02 17:04:44,239 INFO modssc.preprocess.api api.py:505: Preprocess input size: train_data=1.1 KB test_data=384 B
2026-02-02 17:04:44,239 DEBUG modssc.preprocess.api api.py:521: Preprocess step start: id=labels.encode index=0 kind=transform params={}
2026-02-02 17:04:44,241 DEBUG modssc.preprocess.api api.py:605: Preprocess step train outputs: id=labels.encode keys=['labels.classes', 'labels.y'] duration_s=0.002
2026-02-02 17:04:44,242 DEBUG modssc.preprocess.api api.py:654: Preprocess step test outputs: id=labels.encode keys=['labels.classes', 'labels.y']
2026-02-02 17:04:44,242 INFO modssc.preprocess.api api.py:679: Preprocess step done: id=labels.encode index=0 duration_s=0.003 train_data=1.1 KB test_data=384 B
2026-02-02 17:04:44,242 DEBUG modssc.preprocess.api api.py:521: Preprocess step start: id=labels.to_torch index=1 kind=transform params={'device': 'auto', 'dtype': 'int64'}
2026-02-02 17:04:44,336 DEBUG modssc.preprocess.api api.py:605: Preprocess step train outputs: id=labels.to_torch keys=['labels.y'] duration_s=0.094
2026-02-02 17:04:44,338 DEBUG modssc.preprocess.api api.py:654: Preprocess step test outputs: id=labels.to_torch keys=['labels.y']
2026-02-02 17:04:44,338 INFO modssc.preprocess.api api.py:267: Preprocess GPU device: device=cuda:0 model=NVIDIA L40
2026-02-02 17:04:44,338 INFO modssc.preprocess.api api.py:679: Preprocess step done: id=labels.to_torch index=1 duration_s=0.096 train_data=1.1 KB test_data=384 B
2026-02-02 17:04:44,338 DEBUG modssc.preprocess.api api.py:521: Preprocess step start: id=core.ensure_2d index=2 kind=transform params={}
2026-02-02 17:04:44,340 DEBUG modssc.preprocess.api api.py:605: Preprocess step train outputs: id=core.ensure_2d keys=['features.X'] duration_s=0.002
2026-02-02 17:04:44,340 DEBUG modssc.preprocess.api api.py:654: Preprocess step test outputs: id=core.ensure_2d keys=['features.X']
2026-02-02 17:04:44,340 INFO modssc.preprocess.api api.py:679: Preprocess step done: id=core.ensure_2d index=2 duration_s=0.002 train_data=1.1 KB test_data=384 B
2026-02-02 17:04:44,340 DEBUG modssc.preprocess.api api.py:521: Preprocess step start: id=tabular.impute index=3 kind=fittable params={}
2026-02-02 17:04:45,391 DEBUG modssc.preprocess.api api.py:605: Preprocess step train outputs: id=tabular.impute keys=['features.X'] duration_s=1.051
2026-02-02 17:04:45,392 DEBUG modssc.preprocess.api api.py:654: Preprocess step test outputs: id=tabular.impute keys=['features.X']
2026-02-02 17:04:45,392 INFO modssc.preprocess.api api.py:679: Preprocess step done: id=tabular.impute index=3 duration_s=1.051 train_data=1.1 KB test_data=384 B
2026-02-02 17:04:45,392 DEBUG modssc.preprocess.api api.py:521: Preprocess step start: id=tabular.standard_scaler index=4 kind=fittable params={}
2026-02-02 17:04:45,393 DEBUG modssc.preprocess.api api.py:605: Preprocess step train outputs: id=tabular.standard_scaler keys=['features.X'] duration_s=0.002
2026-02-02 17:04:45,394 DEBUG modssc.preprocess.api api.py:654: Preprocess step test outputs: id=tabular.standard_scaler keys=['features.X']
2026-02-02 17:04:45,394 INFO modssc.preprocess.api api.py:679: Preprocess step done: id=tabular.standard_scaler index=4 duration_s=0.002 train_data=1.1 KB test_data=384 B
2026-02-02 17:04:45,394 DEBUG modssc.preprocess.api api.py:521: Preprocess step start: id=core.to_torch index=5 kind=transform params={'device': 'auto', 'dtype': 'float32'}
2026-02-02 17:04:45,396 DEBUG modssc.preprocess.api api.py:605: Preprocess step train outputs: id=core.to_torch keys=['features.X'] duration_s=0.002
2026-02-02 17:04:45,396 DEBUG modssc.preprocess.api api.py:654: Preprocess step test outputs: id=core.to_torch keys=['features.X']
2026-02-02 17:04:45,396 INFO modssc.preprocess.api api.py:679: Preprocess step done: id=core.to_torch index=5 duration_s=0.002 train_data=1.1 KB test_data=384 B
2026-02-02 17:04:45,396 INFO modssc.preprocess.api api.py:730: Preprocess done: dataset_fp=e0c01c98d61086d3a0f9eed4436f4ecf49dcaace00195bf10f825786b9b12b89 duration_s=1.158 train_X=(48, 4) test_X=(16, 4)
2026-02-02 17:04:45,396 INFO bench.orchestrators.preprocess preprocess.py:124: Preprocess result: fingerprint=preprocess:2084820f9dca20adeb55bdfd0f380fbf298775455425b2e216730279686da63f plan_fingerprint=resolved_plan:2fd28781de548db14dc25cb730c4a58beda13172ed36f45b2cc1411caf334e69 cache_dir=/nfs/home/mbarbaux/ModSSC/cache/preprocess/e0c01c98d61086d3a0f9eed4436f4ecf49dcaace00195bf10f825786b9b12b89 skipped=[]
2026-02-02 17:04:45,396 DEBUG bench.orchestrators.preprocess preprocess.py:131: Preprocess output shapes: train_X=(48, 4) test_X=(16, 4)
2026-02-02 17:04:45,396 INFO bench.orchestrators.preprocess preprocess.py:136: Preprocess stage done: duration_s=1.158
2026-02-02 17:04:45,396 INFO bench.orchestrators.method_inductive method_inductive.py:441: Inductive method start: id=pseudo_label seed=398591604 device=auto dtype=float32 model=None
2026-02-02 17:04:45,396 DEBUG bench.orchestrators.method_inductive method_inductive.py:470: Inductive method params: {'classifier_id': 'mlp', 'classifier_backend': 'torch', 'classifier_params': {'hidden_sizes': [256, 256], 'activation': 'relu', 'dropout': 0.1, 'lr': 0.001, 'weight_decay': 0.0, 'batch_size': 128, 'max_epochs': 50}, 'max_iter': 10, 'confidence_threshold': 0.95, 'min_new_labels': 1}
2026-02-02 17:04:45,397 INFO bench.orchestrators.method_inductive method_inductive.py:476: Inductive method data: n_labeled=9 n_unlabeled=34
2026-02-02 17:04:45,412 INFO modssc.inductive.methods.pseudo_label pseudo_label.py:67: Starting pseudo_label.fit
2026-02-02 17:04:45,412 DEBUG modssc.inductive.methods.pseudo_label pseudo_label.py:68: spec=PseudoLabelSpec(classifier_id='mlp', classifier_backend='torch', classifier_params={'hidden_sizes': [256, 256], 'activation': 'relu', 'dropout': 0.1, 'lr': 0.001, 'weight_decay': 0.0, 'batch_size': 128, 'max_epochs': 50}, max_iter=10, confidence_threshold=0.95, max_new_labels=None, min_new_labels=1) device=DeviceSpec(device='auto', dtype='float32') seed=398591604
2026-02-02 17:04:45,412 DEBUG modssc.inductive.methods.pseudo_label pseudo_label.py:71: backend=torch
2026-02-02 17:04:45,412 INFO modssc.inductive.methods.pseudo_label pseudo_label.py:154: Pseudo-label sizes: n_labeled=9 n_unlabeled=34
2026-02-02 17:04:45,414 INFO modssc.supervised.backends.torch.mlp mlp.py:75: Starting mlp.fit
2026-02-02 17:04:45,414 DEBUG modssc.supervised.backends.torch.mlp mlp.py:76: params hidden_sizes=(256, 256) activation=relu dropout=0.1 lr=0.001 weight_decay=0.0 batch_size=128 max_epochs=50 seed=398591604 n_jobs=None
2026-02-02 17:04:46,475 INFO modssc.supervised.backends.torch.mlp mlp.py:167: Finished mlp.fit in 1.060s
2026-02-02 17:04:46,486 DEBUG modssc.inductive.methods.pseudo_label pseudo_label.py:176: Pseudo-label iter=0 accepted=19 remaining=34
2026-02-02 17:04:46,493 INFO modssc.supervised.backends.torch.mlp mlp.py:75: Starting mlp.fit
2026-02-02 17:04:46,493 DEBUG modssc.supervised.backends.torch.mlp mlp.py:76: params hidden_sizes=(256, 256) activation=relu dropout=0.1 lr=0.001 weight_decay=0.0 batch_size=128 max_epochs=50 seed=398591604 n_jobs=None
2026-02-02 17:04:46,530 INFO modssc.supervised.backends.torch.mlp mlp.py:167: Finished mlp.fit in 0.037s
2026-02-02 17:04:46,531 DEBUG modssc.inductive.methods.pseudo_label pseudo_label.py:176: Pseudo-label iter=1 accepted=4 remaining=15
2026-02-02 17:04:46,531 INFO modssc.supervised.backends.torch.mlp mlp.py:75: Starting mlp.fit
2026-02-02 17:04:46,531 DEBUG modssc.supervised.backends.torch.mlp mlp.py:76: params hidden_sizes=(256, 256) activation=relu dropout=0.1 lr=0.001 weight_decay=0.0 batch_size=128 max_epochs=50 seed=398591604 n_jobs=None
2026-02-02 17:04:46,567 INFO modssc.supervised.backends.torch.mlp mlp.py:167: Finished mlp.fit in 0.036s
2026-02-02 17:04:46,567 DEBUG modssc.inductive.methods.pseudo_label pseudo_label.py:176: Pseudo-label iter=2 accepted=2 remaining=11
2026-02-02 17:04:46,568 INFO modssc.supervised.backends.torch.mlp mlp.py:75: Starting mlp.fit
2026-02-02 17:04:46,568 DEBUG modssc.supervised.backends.torch.mlp mlp.py:76: params hidden_sizes=(256, 256) activation=relu dropout=0.1 lr=0.001 weight_decay=0.0 batch_size=128 max_epochs=50 seed=398591604 n_jobs=None
2026-02-02 17:04:46,603 INFO modssc.supervised.backends.torch.mlp mlp.py:167: Finished mlp.fit in 0.035s
2026-02-02 17:04:46,604 DEBUG modssc.inductive.methods.pseudo_label pseudo_label.py:176: Pseudo-label iter=3 accepted=0 remaining=9
2026-02-02 17:04:46,604 INFO modssc.supervised.backends.torch.mlp mlp.py:75: Starting mlp.fit
2026-02-02 17:04:46,604 DEBUG modssc.supervised.backends.torch.mlp mlp.py:76: params hidden_sizes=(256, 256) activation=relu dropout=0.1 lr=0.001 weight_decay=0.0 batch_size=128 max_epochs=50 seed=398591604 n_jobs=None
2026-02-02 17:04:46,639 INFO modssc.supervised.backends.torch.mlp mlp.py:167: Finished mlp.fit in 0.036s
2026-02-02 17:04:46,640 INFO modssc.inductive.methods.pseudo_label pseudo_label.py:203: Finished pseudo_label.fit in 1.228s
2026-02-02 17:04:46,640 INFO bench.orchestrators.method_inductive method_inductive.py:550: Inductive method done: id=pseudo_label duration_s=1.243
2026-02-02 17:04:46,640 INFO bench.orchestrators.evaluation evaluation.py:189: Evaluation (inductive): splits=['val', 'test'] metrics=['accuracy', 'macro_f1']
2026-02-02 17:04:46,652 INFO bench.orchestrators.evaluation evaluation.py:231: Evaluation (inductive) done: duration_s=0.013
2026-02-02 17:04:46,654 INFO bench.orchestrators.reporting reporting.py:54: Run summary written: /nfs/home/mbarbaux/ModSSC/runs/inductive/pseudo_label/tabular/toy/best_tabular_inductive_pseudo_label_toy-20260202T160444Z/run.json status=success duration_s=0.001
