2026-02-02 17:05:52,683 INFO bench.orchestrators.dataset dataset.py:36: Dataset start: id=toy download=True cache_dir=None
2026-02-02 17:05:52,683 DEBUG bench.orchestrators.dataset dataset.py:42: Dataset options: []
2026-02-02 17:05:52,687 DEBUG modssc.data_loader.providers __init__.py:38: Creating provider: toy
2026-02-02 17:05:52,687 DEBUG modssc.data_loader.api api.py:316: Resolved dataset id=toy provider=toy canonical_uri=toy:default
2026-02-02 17:05:52,687 INFO modssc.data_loader.api api.py:117: Dataset load: id=toy provider=toy version=1 fingerprint=e0c01c98d61086d3a0f9eed4436f4ecf49dcaace00195bf10f825786b9b12b89 download=True force=False cache_dir=/nfs/home/mbarbaux/ModSSC/cache/datasets
2026-02-02 17:05:52,687 DEBUG modssc.data_loader.api api.py:127: Dataset resolved_kwargs: {'n_samples': 64, 'n_features': 4, 'n_classes': 3, 'seed': 0, 'test': True, 'test_size': 0.25}
2026-02-02 17:05:52,689 DEBUG modssc.data_loader.api api.py:403: Loaded cached dataset: fingerprint=e0c01c98d61086d3a0f9eed4436f4ecf49dcaace00195bf10f825786b9b12b89
2026-02-02 17:05:52,689 INFO modssc.data_loader.api api.py:133: Dataset cached: id=toy train=48 test=16 n_classes=3 duration_s=0.006
2026-02-02 17:05:52,689 INFO bench.orchestrators.dataset dataset.py:54: Dataset loaded: train=48 test=16 graph=False fingerprint=e0c01c98d61086d3a0f9eed4436f4ecf49dcaace00195bf10f825786b9b12b89 provider=toy
2026-02-02 17:05:52,689 INFO bench.orchestrators.dataset dataset.py:62: Dataset stage done: duration_s=0.006
2026-02-02 17:05:52,711 INFO bench.orchestrators.sampling sampling.py:86: Sampling start: seed=1 dataset_id=toy
2026-02-02 17:05:52,711 DEBUG bench.orchestrators.sampling sampling.py:87: Sampling plan: split={'kind': 'holdout', 'test_fraction': 0.2, 'val_fraction': 0.1, 'stratify': True, 'shuffle': True} labeling={'mode': 'fraction', 'value': 0.2, 'per_class': False, 'min_per_class': 1, 'strategy': 'balanced', 'fixed_indices': None} imbalance={'kind': 'none', 'apply_to': 'train', 'max_per_class': None, 'alpha': None, 'min_per_class': 1} policy={'respect_official_test': True, 'use_official_graph_masks': True, 'allow_override_official': False}
2026-02-02 17:05:52,711 DEBUG bench.orchestrators.sampling sampling.py:98: Sampling dataset_fingerprint=e0c01c98d61086d3a0f9eed4436f4ecf49dcaace00195bf10f825786b9b12b89
2026-02-02 17:05:52,711 INFO modssc.sampling.api api.py:99: Sampling start: dataset_id=toy dataset_fingerprint=e0c01c98d61086d3a0f9eed4436f4ecf49dcaace00195bf10f825786b9b12b89 seed=1 graph=False split=holdout
2026-02-02 17:05:52,711 DEBUG modssc.sampling.api api.py:107: Sampling plan: {'split': {'kind': 'holdout', 'test_fraction': 0.2, 'val_fraction': 0.1, 'stratify': True, 'shuffle': True}, 'labeling': {'mode': 'fraction', 'value': 0.2, 'per_class': False, 'min_per_class': 1, 'strategy': 'balanced', 'fixed_indices': None}, 'imbalance': {'kind': 'none', 'apply_to': 'train', 'max_per_class': None, 'alpha': None, 'min_per_class': 1}, 'policy': {'respect_official_test': True, 'use_official_graph_masks': True, 'allow_override_official': False}}
2026-02-02 17:05:52,723 INFO modssc.sampling.api api.py:141: Sampling done: train=43 val=5 test=16 labeled=9 unlabeled=34 duration_s=0.012
2026-02-02 17:05:52,723 DEBUG modssc.sampling.api api.py:150: Sampling stats: {'policy': {'respect_official_test': True, 'has_official_test': True, 'test_ref': 'test'}, 'train': {'n': 43, 'classes': {'0': 14, '1': 15, '2': 14}}, 'val': {'n': 5, 'classes': {'0': 1, '1': 2, '2': 2}}, 'train_labeled': {'n': 9, 'classes': {'0': 3, '1': 3, '2': 3}}, 'train_unlabeled': {'n': 34}, 'test': {'n': 16, 'classes': {'0': 6, '1': 5, '2': 5}}}
2026-02-02 17:05:52,723 INFO bench.orchestrators.sampling sampling.py:123: Sampling result: train=43 val=5 test=16 labeled=9 unlabeled=34 graph=False
2026-02-02 17:05:52,723 DEBUG bench.orchestrators.sampling sampling.py:132: Sampling stats: {'policy': {'respect_official_test': True, 'has_official_test': True, 'test_ref': 'test'}, 'train': {'n': 43, 'classes': {'0': 14, '1': 15, '2': 14}}, 'val': {'n': 5, 'classes': {'0': 1, '1': 2, '2': 2}}, 'train_labeled': {'n': 9, 'classes': {'0': 3, '1': 3, '2': 3}}, 'train_unlabeled': {'n': 34}, 'test': {'n': 16, 'classes': {'0': 6, '1': 5, '2': 5}}}
2026-02-02 17:05:52,723 INFO bench.orchestrators.sampling sampling.py:133: Sampling stage done: duration_s=0.012
2026-02-02 17:05:52,723 INFO bench.orchestrators.preprocess preprocess.py:105: Preprocess start: seed=1 cache=True n_steps=4 fit_indices=9
2026-02-02 17:05:52,723 DEBUG bench.orchestrators.preprocess preprocess.py:112: Preprocess plan: output_key=features.X steps=['labels.encode', 'core.ensure_2d', 'core.pca', 'core.to_numpy']
2026-02-02 17:05:52,723 INFO modssc.preprocess.api api.py:490: Preprocess start: dataset_fp=e0c01c98d61086d3a0f9eed4436f4ecf49dcaace00195bf10f825786b9b12b89 steps=['labels.encode', 'core.ensure_2d', 'core.pca', 'core.to_numpy'] output_key=features.X seed=1 cache=True
2026-02-02 17:05:52,723 DEBUG modssc.preprocess.api api.py:498: Preprocess input shapes: train_X=(48, 4) train_y=(48,) test_X=(16, 4) test_y=(16,)
2026-02-02 17:05:52,724 INFO modssc.preprocess.api api.py:505: Preprocess input size: train_data=1.1 KB test_data=384 B
2026-02-02 17:05:52,724 DEBUG modssc.preprocess.api api.py:521: Preprocess step start: id=labels.encode index=0 kind=transform params={}
2026-02-02 17:05:52,729 DEBUG modssc.preprocess.api api.py:605: Preprocess step train outputs: id=labels.encode keys=['labels.classes', 'labels.y'] duration_s=0.006
2026-02-02 17:05:52,730 DEBUG modssc.preprocess.api api.py:654: Preprocess step test outputs: id=labels.encode keys=['labels.classes', 'labels.y']
2026-02-02 17:05:52,730 INFO modssc.preprocess.api api.py:679: Preprocess step done: id=labels.encode index=0 duration_s=0.006 train_data=1.1 KB test_data=384 B
2026-02-02 17:05:52,730 DEBUG modssc.preprocess.api api.py:521: Preprocess step start: id=core.ensure_2d index=1 kind=transform params={}
2026-02-02 17:05:52,731 DEBUG modssc.preprocess.api api.py:605: Preprocess step train outputs: id=core.ensure_2d keys=['features.X'] duration_s=0.002
2026-02-02 17:05:52,732 DEBUG modssc.preprocess.api api.py:654: Preprocess step test outputs: id=core.ensure_2d keys=['features.X']
2026-02-02 17:05:52,732 INFO modssc.preprocess.api api.py:679: Preprocess step done: id=core.ensure_2d index=1 duration_s=0.002 train_data=1.1 KB test_data=384 B
2026-02-02 17:05:52,732 DEBUG modssc.preprocess.api api.py:521: Preprocess step start: id=core.pca index=2 kind=fittable params={'n_components': 30}
2026-02-02 17:05:52,734 DEBUG modssc.preprocess.api api.py:605: Preprocess step train outputs: id=core.pca keys=['features.X'] duration_s=0.002
2026-02-02 17:05:52,735 DEBUG modssc.preprocess.api api.py:654: Preprocess step test outputs: id=core.pca keys=['features.X']
2026-02-02 17:05:52,735 INFO modssc.preprocess.api api.py:679: Preprocess step done: id=core.pca index=2 duration_s=0.003 train_data=1.1 KB test_data=384 B
2026-02-02 17:05:52,735 DEBUG modssc.preprocess.api api.py:521: Preprocess step start: id=core.to_numpy index=3 kind=transform params={}
2026-02-02 17:05:52,736 DEBUG modssc.preprocess.api api.py:605: Preprocess step train outputs: id=core.to_numpy keys=['features.X'] duration_s=0.001
2026-02-02 17:05:52,736 DEBUG modssc.preprocess.api api.py:654: Preprocess step test outputs: id=core.to_numpy keys=['features.X']
2026-02-02 17:05:52,736 INFO modssc.preprocess.api api.py:679: Preprocess step done: id=core.to_numpy index=3 duration_s=0.001 train_data=1.1 KB test_data=384 B
2026-02-02 17:05:52,736 INFO modssc.preprocess.api api.py:730: Preprocess done: dataset_fp=e0c01c98d61086d3a0f9eed4436f4ecf49dcaace00195bf10f825786b9b12b89 duration_s=0.013 train_X=(48, 4) test_X=(16, 4)
2026-02-02 17:05:52,736 INFO bench.orchestrators.preprocess preprocess.py:124: Preprocess result: fingerprint=preprocess:a4b302dcd398bdcf28f4f8764cdf7bc00b34c334059f8e7e116b0f68f026bbe5 plan_fingerprint=resolved_plan:482a0984f51742ea5d9dbcc35f660359eaee028ed4420e88d582a288bf1fe3f8 cache_dir=/nfs/home/mbarbaux/ModSSC/cache/preprocess/e0c01c98d61086d3a0f9eed4436f4ecf49dcaace00195bf10f825786b9b12b89 skipped=[]
2026-02-02 17:05:52,736 DEBUG bench.orchestrators.preprocess preprocess.py:131: Preprocess output shapes: train_X=(48, 4) test_X=(16, 4)
2026-02-02 17:05:52,736 INFO bench.orchestrators.preprocess preprocess.py:136: Preprocess stage done: duration_s=0.013
2026-02-02 17:05:52,736 INFO bench.orchestrators.graph graph.py:67: Graph start: include_test=True cache=True
2026-02-02 17:05:52,736 DEBUG bench.orchestrators.graph graph.py:72: Graph spec: scheme=knn metric=cosine k=15 radius=None backend=numpy feature_field=features.X seed=1
2026-02-02 17:05:52,736 DEBUG bench.orchestrators.graph graph.py:89: Graph features: shape=(64, 4)
2026-02-02 17:05:52,737 INFO modssc.graph.construction.api api.py:111: Graph cached: fingerprint=59a2790db7647357857ea9b695d8e62bee1a7755da35ef78b76f48c747828133 n_nodes=64 n_edges=880 duration_s=0.001
2026-02-02 17:05:52,737 INFO bench.orchestrators.graph graph.py:100: Graph built: fingerprint=59a2790db7647357857ea9b695d8e62bee1a7755da35ef78b76f48c747828133 n_nodes=64 n_edges=880 duration_s=0.001
2026-02-02 17:05:52,737 INFO bench.orchestrators.method_transductive method_transductive.py:139: Transductive method start: id=grand seed=398591604 device=auto resolved_device=cuda use_test=True
2026-02-02 17:05:52,737 DEBUG bench.orchestrators.method_transductive method_transductive.py:147: Transductive method params: {'hidden_dim': 64, 'mlp_dropout': 0.5, 'prop_steps': 8, 'dropnode': 0.5, 'num_samples': 4, 'lambda_consistency': 1.0, 'lr': 0.01, 'weight_decay': 0.0005, 'max_epochs': 200, 'patience': 50, 'add_self_loops': True}
2026-02-02 17:05:52,738 INFO bench.orchestrators.method_transductive method_transductive.py:158: Transductive data: n_nodes=64 n_train=48 n_test=16
2026-02-02 17:05:52,738 INFO bench.orchestrators.method_transductive method_transductive.py:177: Transductive masks: labeled_count=9 train_count=43
2026-02-02 17:05:52,738 INFO modssc.transductive.methods.gnn.grand grand.py:83: Starting grand.fit
2026-02-02 17:05:52,738 DEBUG modssc.transductive.methods.gnn.grand grand.py:84: spec=GRANDSpec(hidden_dim=64, mlp_dropout=0.5, prop_steps=8, dropnode=0.5, num_samples=4, lambda_consistency=1.0, lr=0.01, weight_decay=0.0005, max_epochs=200, patience=50, add_self_loops=True) device=cuda seed=398591604
2026-02-02 17:05:52,917 INFO modssc.transductive.methods.gnn.grand grand.py:96: GRAND sizes: n_nodes=64 n_classes=3 train=9 val=5
2026-02-02 17:05:53,879 DEBUG modssc.transductive.methods.gnn.grand grand.py:184: GRAND epoch=0 val_loss=1.0639 best updated
2026-02-02 17:05:53,884 DEBUG modssc.transductive.methods.gnn.grand grand.py:184: GRAND epoch=1 val_loss=1.0541 best updated
2026-02-02 17:05:53,888 DEBUG modssc.transductive.methods.gnn.grand grand.py:187: GRAND epoch=2 val_loss=1.0542 bad_epochs=1/50
2026-02-02 17:05:53,892 DEBUG modssc.transductive.methods.gnn.grand grand.py:187: GRAND epoch=3 val_loss=1.0585 bad_epochs=2/50
2026-02-02 17:05:53,896 DEBUG modssc.transductive.methods.gnn.grand grand.py:187: GRAND epoch=4 val_loss=1.0630 bad_epochs=3/50
2026-02-02 17:05:53,900 DEBUG modssc.transductive.methods.gnn.grand grand.py:187: GRAND epoch=5 val_loss=1.0678 bad_epochs=4/50
2026-02-02 17:05:53,904 DEBUG modssc.transductive.methods.gnn.grand grand.py:187: GRAND epoch=6 val_loss=1.0735 bad_epochs=5/50
2026-02-02 17:05:53,908 DEBUG modssc.transductive.methods.gnn.grand grand.py:187: GRAND epoch=7 val_loss=1.0797 bad_epochs=6/50
2026-02-02 17:05:53,912 DEBUG modssc.transductive.methods.gnn.grand grand.py:187: GRAND epoch=8 val_loss=1.0880 bad_epochs=7/50
2026-02-02 17:05:53,915 DEBUG modssc.transductive.methods.gnn.grand grand.py:187: GRAND epoch=9 val_loss=1.0985 bad_epochs=8/50
2026-02-02 17:05:53,919 DEBUG modssc.transductive.methods.gnn.grand grand.py:187: GRAND epoch=10 val_loss=1.1105 bad_epochs=9/50
2026-02-02 17:05:53,923 DEBUG modssc.transductive.methods.gnn.grand grand.py:187: GRAND epoch=11 val_loss=1.1250 bad_epochs=10/50
2026-02-02 17:05:53,927 DEBUG modssc.transductive.methods.gnn.grand grand.py:187: GRAND epoch=12 val_loss=1.1404 bad_epochs=11/50
2026-02-02 17:05:53,931 DEBUG modssc.transductive.methods.gnn.grand grand.py:187: GRAND epoch=13 val_loss=1.1566 bad_epochs=12/50
2026-02-02 17:05:53,935 DEBUG modssc.transductive.methods.gnn.grand grand.py:187: GRAND epoch=14 val_loss=1.1712 bad_epochs=13/50
2026-02-02 17:05:53,939 DEBUG modssc.transductive.methods.gnn.grand grand.py:187: GRAND epoch=15 val_loss=1.1839 bad_epochs=14/50
2026-02-02 17:05:53,943 DEBUG modssc.transductive.methods.gnn.grand grand.py:187: GRAND epoch=16 val_loss=1.1988 bad_epochs=15/50
2026-02-02 17:05:53,947 DEBUG modssc.transductive.methods.gnn.grand grand.py:187: GRAND epoch=17 val_loss=1.2132 bad_epochs=16/50
2026-02-02 17:05:53,951 DEBUG modssc.transductive.methods.gnn.grand grand.py:187: GRAND epoch=18 val_loss=1.2260 bad_epochs=17/50
2026-02-02 17:05:53,954 DEBUG modssc.transductive.methods.gnn.grand grand.py:187: GRAND epoch=19 val_loss=1.2351 bad_epochs=18/50
2026-02-02 17:05:53,958 DEBUG modssc.transductive.methods.gnn.grand grand.py:187: GRAND epoch=20 val_loss=1.2410 bad_epochs=19/50
2026-02-02 17:05:53,962 DEBUG modssc.transductive.methods.gnn.grand grand.py:187: GRAND epoch=21 val_loss=1.2451 bad_epochs=20/50
2026-02-02 17:05:53,966 DEBUG modssc.transductive.methods.gnn.grand grand.py:187: GRAND epoch=22 val_loss=1.2475 bad_epochs=21/50
2026-02-02 17:05:53,970 DEBUG modssc.transductive.methods.gnn.grand grand.py:187: GRAND epoch=23 val_loss=1.2481 bad_epochs=22/50
2026-02-02 17:05:53,974 DEBUG modssc.transductive.methods.gnn.grand grand.py:187: GRAND epoch=24 val_loss=1.2475 bad_epochs=23/50
2026-02-02 17:05:53,978 DEBUG modssc.transductive.methods.gnn.grand grand.py:187: GRAND epoch=25 val_loss=1.2432 bad_epochs=24/50
2026-02-02 17:05:53,982 DEBUG modssc.transductive.methods.gnn.grand grand.py:187: GRAND epoch=26 val_loss=1.2395 bad_epochs=25/50
2026-02-02 17:05:53,986 DEBUG modssc.transductive.methods.gnn.grand grand.py:187: GRAND epoch=27 val_loss=1.2386 bad_epochs=26/50
2026-02-02 17:05:53,990 DEBUG modssc.transductive.methods.gnn.grand grand.py:187: GRAND epoch=28 val_loss=1.2378 bad_epochs=27/50
2026-02-02 17:05:53,994 DEBUG modssc.transductive.methods.gnn.grand grand.py:187: GRAND epoch=29 val_loss=1.2361 bad_epochs=28/50
2026-02-02 17:05:53,998 DEBUG modssc.transductive.methods.gnn.grand grand.py:187: GRAND epoch=30 val_loss=1.2358 bad_epochs=29/50
2026-02-02 17:05:54,002 DEBUG modssc.transductive.methods.gnn.grand grand.py:187: GRAND epoch=31 val_loss=1.2363 bad_epochs=30/50
2026-02-02 17:05:54,005 DEBUG modssc.transductive.methods.gnn.grand grand.py:187: GRAND epoch=32 val_loss=1.2391 bad_epochs=31/50
2026-02-02 17:05:54,009 DEBUG modssc.transductive.methods.gnn.grand grand.py:187: GRAND epoch=33 val_loss=1.2427 bad_epochs=32/50
2026-02-02 17:05:54,013 DEBUG modssc.transductive.methods.gnn.grand grand.py:187: GRAND epoch=34 val_loss=1.2471 bad_epochs=33/50
2026-02-02 17:05:54,017 DEBUG modssc.transductive.methods.gnn.grand grand.py:187: GRAND epoch=35 val_loss=1.2524 bad_epochs=34/50
2026-02-02 17:05:54,021 DEBUG modssc.transductive.methods.gnn.grand grand.py:187: GRAND epoch=36 val_loss=1.2576 bad_epochs=35/50
2026-02-02 17:05:54,025 DEBUG modssc.transductive.methods.gnn.grand grand.py:187: GRAND epoch=37 val_loss=1.2627 bad_epochs=36/50
2026-02-02 17:05:54,029 DEBUG modssc.transductive.methods.gnn.grand grand.py:187: GRAND epoch=38 val_loss=1.2676 bad_epochs=37/50
2026-02-02 17:05:54,033 DEBUG modssc.transductive.methods.gnn.grand grand.py:187: GRAND epoch=39 val_loss=1.2719 bad_epochs=38/50
2026-02-02 17:05:54,037 DEBUG modssc.transductive.methods.gnn.grand grand.py:187: GRAND epoch=40 val_loss=1.2746 bad_epochs=39/50
2026-02-02 17:05:54,041 DEBUG modssc.transductive.methods.gnn.grand grand.py:187: GRAND epoch=41 val_loss=1.2767 bad_epochs=40/50
2026-02-02 17:05:54,045 DEBUG modssc.transductive.methods.gnn.grand grand.py:187: GRAND epoch=42 val_loss=1.2798 bad_epochs=41/50
2026-02-02 17:05:54,048 DEBUG modssc.transductive.methods.gnn.grand grand.py:187: GRAND epoch=43 val_loss=1.2803 bad_epochs=42/50
2026-02-02 17:05:54,052 DEBUG modssc.transductive.methods.gnn.grand grand.py:187: GRAND epoch=44 val_loss=1.2789 bad_epochs=43/50
2026-02-02 17:05:54,056 DEBUG modssc.transductive.methods.gnn.grand grand.py:187: GRAND epoch=45 val_loss=1.2782 bad_epochs=44/50
2026-02-02 17:05:54,060 DEBUG modssc.transductive.methods.gnn.grand grand.py:187: GRAND epoch=46 val_loss=1.2773 bad_epochs=45/50
2026-02-02 17:05:54,064 DEBUG modssc.transductive.methods.gnn.grand grand.py:187: GRAND epoch=47 val_loss=1.2762 bad_epochs=46/50
2026-02-02 17:05:54,068 DEBUG modssc.transductive.methods.gnn.grand grand.py:187: GRAND epoch=48 val_loss=1.2764 bad_epochs=47/50
2026-02-02 17:05:54,072 DEBUG modssc.transductive.methods.gnn.grand grand.py:187: GRAND epoch=49 val_loss=1.2766 bad_epochs=48/50
2026-02-02 17:05:54,076 DEBUG modssc.transductive.methods.gnn.grand grand.py:187: GRAND epoch=50 val_loss=1.2769 bad_epochs=49/50
2026-02-02 17:05:54,080 DEBUG modssc.transductive.methods.gnn.grand grand.py:187: GRAND epoch=51 val_loss=1.2778 bad_epochs=50/50
2026-02-02 17:05:54,080 DEBUG modssc.transductive.methods.gnn.grand grand.py:195: GRAND early_stop epoch=51 best_val=1.0541
2026-02-02 17:05:54,080 INFO modssc.transductive.methods.gnn.grand grand.py:205: Finished grand.fit in 1.343s
2026-02-02 17:05:54,080 INFO bench.orchestrators.method_transductive method_transductive.py:218: Transductive method done: id=grand duration_s=1.343
2026-02-02 17:05:54,080 INFO bench.orchestrators.evaluation evaluation.py:244: Evaluation (transductive): splits=['val', 'test'] metrics=['accuracy', 'macro_f1']
2026-02-02 17:05:54,082 INFO bench.orchestrators.evaluation evaluation.py:263: Evaluation (transductive) done: duration_s=0.002
2026-02-02 17:05:54,084 INFO bench.orchestrators.reporting reporting.py:54: Run summary written: /nfs/home/mbarbaux/ModSSC/runs/transductive/grand/tabular/toy/best_tabular_transductive_grand_toy-20260202T160552Z/run.json status=success duration_s=0.002
