2026-02-02 15:10:46,555 INFO bench.orchestrators.dataset dataset.py:36: Dataset start: id=adult download=True cache_dir=None
2026-02-02 15:10:46,555 DEBUG bench.orchestrators.dataset dataset.py:42: Dataset options: []
2026-02-02 15:10:46,558 DEBUG modssc.data_loader.providers __init__.py:38: Creating provider: openml
2026-02-02 15:10:46,558 DEBUG modssc.data_loader.api api.py:316: Resolved dataset id=adult provider=openml canonical_uri=openml:1590
2026-02-02 15:10:46,558 INFO modssc.data_loader.api api.py:117: Dataset load: id=adult provider=openml version=None fingerprint=f9281cab47a3de02bacdff6aeecab3cc3bec164d4d321622f81551b6b4f82967 download=True force=False cache_dir=/nfs/home/mbarbaux/ModSSC/cache/datasets
2026-02-02 15:10:46,558 DEBUG modssc.data_loader.api api.py:127: Dataset resolved_kwargs: {'data_id': 1590, 'name': None, 'version': None, 'as_frame': False, 'target_column': None, 'class_filter': None, 'max_samples': None, 'seed': None}
2026-02-02 15:10:46,618 DEBUG modssc.data_loader.api api.py:403: Loaded cached dataset: fingerprint=f9281cab47a3de02bacdff6aeecab3cc3bec164d4d321622f81551b6b4f82967
2026-02-02 15:10:46,638 INFO modssc.data_loader.api api.py:133: Dataset cached: id=adult train=48842 test=None n_classes=2 duration_s=0.083
2026-02-02 15:10:46,638 INFO bench.orchestrators.dataset dataset.py:54: Dataset loaded: train=48842 test=None graph=False fingerprint=f9281cab47a3de02bacdff6aeecab3cc3bec164d4d321622f81551b6b4f82967 provider=openml
2026-02-02 15:10:46,638 INFO bench.orchestrators.dataset dataset.py:62: Dataset stage done: duration_s=0.084
2026-02-02 15:10:46,687 INFO bench.orchestrators.sampling sampling.py:86: Sampling start: seed=1 dataset_id=adult
2026-02-02 15:10:46,687 DEBUG bench.orchestrators.sampling sampling.py:87: Sampling plan: split={'kind': 'holdout', 'test_fraction': 0.2, 'val_fraction': 0.1, 'stratify': True, 'shuffle': True} labeling={'mode': 'fraction', 'value': 0.2, 'per_class': False, 'min_per_class': 1, 'strategy': 'balanced', 'fixed_indices': None} imbalance={'kind': 'none', 'apply_to': 'train', 'max_per_class': None, 'alpha': None, 'min_per_class': 1} policy={'respect_official_test': True, 'use_official_graph_masks': True, 'allow_override_official': False}
2026-02-02 15:10:46,687 DEBUG bench.orchestrators.sampling sampling.py:98: Sampling dataset_fingerprint=f9281cab47a3de02bacdff6aeecab3cc3bec164d4d321622f81551b6b4f82967
2026-02-02 15:10:46,687 INFO modssc.sampling.api api.py:99: Sampling start: dataset_id=adult dataset_fingerprint=f9281cab47a3de02bacdff6aeecab3cc3bec164d4d321622f81551b6b4f82967 seed=1 graph=False split=holdout
2026-02-02 15:10:46,687 DEBUG modssc.sampling.api api.py:107: Sampling plan: {'split': {'kind': 'holdout', 'test_fraction': 0.2, 'val_fraction': 0.1, 'stratify': True, 'shuffle': True}, 'labeling': {'mode': 'fraction', 'value': 0.2, 'per_class': False, 'min_per_class': 1, 'strategy': 'balanced', 'fixed_indices': None}, 'imbalance': {'kind': 'none', 'apply_to': 'train', 'max_per_class': None, 'alpha': None, 'min_per_class': 1}, 'policy': {'respect_official_test': True, 'use_official_graph_masks': True, 'allow_override_official': False}}
2026-02-02 15:10:46,784 INFO modssc.sampling.api api.py:141: Sampling done: train=35167 val=3907 test=9768 labeled=7033 unlabeled=28134 duration_s=0.097
2026-02-02 15:10:46,784 DEBUG modssc.sampling.api api.py:150: Sampling stats: {'policy': {'respect_official_test': True, 'has_official_test': False, 'test_ref': 'train'}, 'train': {'n': 35167, 'classes': {'<=50K': 26752, '>50K': 8415}}, 'val': {'n': 3907, 'classes': {'<=50K': 2972, '>50K': 935}}, 'train_labeled': {'n': 7033, 'classes': {'<=50K': 3517, '>50K': 3516}}, 'train_unlabeled': {'n': 28134}, 'test': {'n': 9768, 'classes': {'<=50K': 7431, '>50K': 2337}}}
2026-02-02 15:10:46,805 INFO bench.orchestrators.sampling sampling.py:123: Sampling result: train=35167 val=3907 test=9768 labeled=7033 unlabeled=28134 graph=False
2026-02-02 15:10:46,805 DEBUG bench.orchestrators.sampling sampling.py:132: Sampling stats: {'policy': {'respect_official_test': True, 'has_official_test': False, 'test_ref': 'train'}, 'train': {'n': 35167, 'classes': {'<=50K': 26752, '>50K': 8415}}, 'val': {'n': 3907, 'classes': {'<=50K': 2972, '>50K': 935}}, 'train_labeled': {'n': 7033, 'classes': {'<=50K': 3517, '>50K': 3516}}, 'train_unlabeled': {'n': 28134}, 'test': {'n': 9768, 'classes': {'<=50K': 7431, '>50K': 2337}}}
2026-02-02 15:10:46,805 INFO bench.orchestrators.sampling sampling.py:133: Sampling stage done: duration_s=0.119
2026-02-02 15:10:46,806 INFO bench.orchestrators.preprocess preprocess.py:105: Preprocess start: seed=1 cache=True n_steps=7 fit_indices=7033
2026-02-02 15:10:46,806 DEBUG bench.orchestrators.preprocess preprocess.py:112: Preprocess plan: output_key=features.X steps=['labels.encode', 'labels.to_torch', 'tabular.one_hot', 'core.ensure_2d', 'tabular.impute', 'tabular.standard_scaler', 'core.to_torch']
2026-02-02 15:10:46,806 INFO modssc.preprocess.api api.py:490: Preprocess start: dataset_fp=f9281cab47a3de02bacdff6aeecab3cc3bec164d4d321622f81551b6b4f82967 steps=['labels.encode', 'labels.to_torch', 'tabular.one_hot', 'core.ensure_2d', 'tabular.impute', 'tabular.standard_scaler', 'core.to_torch'] output_key=features.X seed=1 cache=True
2026-02-02 15:10:46,806 DEBUG modssc.preprocess.api api.py:498: Preprocess input shapes: train_X=(48842, 14) train_y=(48842,) test_X=None test_y=None
2026-02-02 15:10:46,806 INFO modssc.preprocess.api api.py:505: Preprocess input size: train_data=5.6 MB test_data=n/a
2026-02-02 15:10:46,806 DEBUG modssc.preprocess.api api.py:521: Preprocess step start: id=labels.encode index=0 kind=transform params={}
2026-02-02 15:10:46,809 DEBUG modssc.preprocess.api api.py:605: Preprocess step train outputs: id=labels.encode keys=['labels.classes', 'labels.y'] duration_s=0.003
2026-02-02 15:10:46,809 INFO modssc.preprocess.api api.py:679: Preprocess step done: id=labels.encode index=0 duration_s=0.003 train_data=5.6 MB test_data=n/a
2026-02-02 15:10:46,809 DEBUG modssc.preprocess.api api.py:521: Preprocess step start: id=labels.to_torch index=1 kind=transform params={'device': 'auto', 'dtype': 'int64'}
2026-02-02 15:10:46,905 DEBUG modssc.preprocess.api api.py:605: Preprocess step train outputs: id=labels.to_torch keys=['labels.y'] duration_s=0.096
2026-02-02 15:10:46,905 INFO modssc.preprocess.api api.py:267: Preprocess GPU device: device=cuda:0 model=NVIDIA L40
2026-02-02 15:10:46,905 INFO modssc.preprocess.api api.py:679: Preprocess step done: id=labels.to_torch index=1 duration_s=0.096 train_data=5.6 MB test_data=n/a
2026-02-02 15:10:46,905 DEBUG modssc.preprocess.api api.py:521: Preprocess step start: id=tabular.one_hot index=2 kind=fittable params={}
2026-02-02 15:10:47,792 DEBUG modssc.preprocess.api api.py:605: Preprocess step train outputs: id=tabular.one_hot keys=['features.X'] duration_s=0.887
2026-02-02 15:10:47,792 INFO modssc.preprocess.api api.py:679: Preprocess step done: id=tabular.one_hot index=2 duration_s=0.887 train_data=20.1 MB test_data=n/a
2026-02-02 15:10:47,792 DEBUG modssc.preprocess.api api.py:521: Preprocess step start: id=core.ensure_2d index=3 kind=transform params={}
2026-02-02 15:10:47,799 DEBUG modssc.preprocess.api api.py:605: Preprocess step train outputs: id=core.ensure_2d keys=['features.X'] duration_s=0.006
2026-02-02 15:10:47,799 INFO modssc.preprocess.api api.py:679: Preprocess step done: id=core.ensure_2d index=3 duration_s=0.007 train_data=20.1 MB test_data=n/a
2026-02-02 15:10:47,799 DEBUG modssc.preprocess.api api.py:521: Preprocess step start: id=tabular.impute index=4 kind=fittable params={}
2026-02-02 15:10:47,868 DEBUG modssc.preprocess.api api.py:605: Preprocess step train outputs: id=tabular.impute keys=['features.X'] duration_s=0.070
2026-02-02 15:10:47,868 INFO modssc.preprocess.api api.py:679: Preprocess step done: id=tabular.impute index=4 duration_s=0.070 train_data=20.1 MB test_data=n/a
2026-02-02 15:10:47,869 DEBUG modssc.preprocess.api api.py:521: Preprocess step start: id=tabular.standard_scaler index=5 kind=fittable params={}
2026-02-02 15:10:47,877 DEBUG modssc.preprocess.api api.py:605: Preprocess step train outputs: id=tabular.standard_scaler keys=['features.X'] duration_s=0.009
2026-02-02 15:10:47,878 INFO modssc.preprocess.api api.py:679: Preprocess step done: id=tabular.standard_scaler index=5 duration_s=0.009 train_data=20.1 MB test_data=n/a
2026-02-02 15:10:47,878 DEBUG modssc.preprocess.api api.py:521: Preprocess step start: id=core.to_torch index=6 kind=transform params={'device': 'auto', 'dtype': 'float32'}
2026-02-02 15:10:47,883 DEBUG modssc.preprocess.api api.py:605: Preprocess step train outputs: id=core.to_torch keys=['features.X'] duration_s=0.005
2026-02-02 15:10:47,883 INFO modssc.preprocess.api api.py:679: Preprocess step done: id=core.to_torch index=6 duration_s=0.005 train_data=20.1 MB test_data=n/a
2026-02-02 15:10:47,883 INFO modssc.preprocess.api api.py:730: Preprocess done: dataset_fp=f9281cab47a3de02bacdff6aeecab3cc3bec164d4d321622f81551b6b4f82967 duration_s=1.078 train_X=(48842, 106) test_X=None
2026-02-02 15:10:47,883 INFO bench.orchestrators.preprocess preprocess.py:124: Preprocess result: fingerprint=preprocess:4a34efb2af7b2f814e0c648ef7e59972547c0b2de37b10570aceee8bd9625ae2 plan_fingerprint=resolved_plan:6ed490995fe0d8f1eb30fd0ca8262522145e7cafa3ba073f9c42e71d197f40ef cache_dir=/nfs/home/mbarbaux/ModSSC/cache/preprocess/f9281cab47a3de02bacdff6aeecab3cc3bec164d4d321622f81551b6b4f82967 skipped=[]
2026-02-02 15:10:47,883 DEBUG bench.orchestrators.preprocess preprocess.py:131: Preprocess output shapes: train_X=(48842, 106) test_X=None
2026-02-02 15:10:47,883 INFO bench.orchestrators.preprocess preprocess.py:136: Preprocess stage done: duration_s=1.078
2026-02-02 15:10:47,896 INFO bench.orchestrators.augmentation augmentation.py:66: Augmentation start: mode=fixed modality=tabular seed=1 n_samples=28134 strong_views=1
2026-02-02 15:10:47,896 DEBUG bench.orchestrators.augmentation augmentation.py:74: Augmentation steps: weak=['tabular.gaussian_noise'] strong=['tabular.swap_noise']
2026-02-02 15:10:51,979 INFO bench.orchestrators.augmentation augmentation.py:191: Augmentation done: duration_s=4.084
2026-02-02 15:10:51,980 DEBUG bench.orchestrators.augmentation augmentation.py:192: Augmentation output shapes: weak=(28134, 106) strong=(28134, 106) strong_1=None
2026-02-02 15:10:51,980 INFO bench.orchestrators.method_inductive method_inductive.py:441: Inductive method start: id=temporal_ensembling seed=398591604 device=auto dtype=float32 model=mlp
2026-02-02 15:10:51,980 DEBUG bench.orchestrators.method_inductive method_inductive.py:470: Inductive method params: {'lambda_u': 1.0, 'unsup_warm_up': 0.4, 'batch_size': 128, 'max_epochs': 50, 'alpha': 0.6, 'freeze_bn': True, 'detach_target': True}
2026-02-02 15:10:51,980 INFO bench.orchestrators.method_inductive method_inductive.py:476: Inductive method data: n_labeled=7033 n_unlabeled=28134
2026-02-02 15:10:52,838 INFO modssc.inductive.methods.temporal_ensembling temporal_ensembling.py:70: Starting temporal_ensembling.fit
2026-02-02 15:10:52,838 DEBUG modssc.inductive.methods.temporal_ensembling temporal_ensembling.py:71: params lambda_u=1.0 unsup_warm_up=0.4 batch_size=128 max_epochs=50 alpha=0.6 freeze_bn=True detach_target=True has_model_bundle=True device=DeviceSpec(device='auto', dtype='float32') seed=398591604
2026-02-02 15:10:52,838 INFO modssc.inductive.methods.temporal_ensembling temporal_ensembling.py:104: Temporal Ensembling sizes: n_labeled=7033 n_unlabeled=28134
2026-02-02 15:10:52,931 DEBUG modssc.inductive.methods.temporal_ensembling temporal_ensembling.py:231: TemporalEnsembling epoch=0 warm=0.000 sup_loss=0.6823 unsup_loss=0.2511 alpha=0.6
2026-02-02 15:10:53,299 DEBUG modssc.inductive.methods.temporal_ensembling temporal_ensembling.py:231: TemporalEnsembling epoch=1 warm=0.050 sup_loss=0.3560 unsup_loss=0.0715 alpha=0.6
2026-02-02 15:10:53,632 DEBUG modssc.inductive.methods.temporal_ensembling temporal_ensembling.py:231: TemporalEnsembling epoch=2 warm=0.100 sup_loss=0.3569 unsup_loss=0.0228 alpha=0.6
2026-02-02 15:10:53,987 DEBUG modssc.inductive.methods.temporal_ensembling temporal_ensembling.py:231: TemporalEnsembling epoch=3 warm=0.150 sup_loss=0.2484 unsup_loss=0.0118 alpha=0.6
2026-02-02 15:10:54,290 DEBUG modssc.inductive.methods.temporal_ensembling temporal_ensembling.py:231: TemporalEnsembling epoch=4 warm=0.200 sup_loss=0.2712 unsup_loss=0.0066 alpha=0.6
2026-02-02 15:10:54,592 DEBUG modssc.inductive.methods.temporal_ensembling temporal_ensembling.py:231: TemporalEnsembling epoch=5 warm=0.250 sup_loss=0.3447 unsup_loss=0.0092 alpha=0.6
2026-02-02 15:10:54,896 DEBUG modssc.inductive.methods.temporal_ensembling temporal_ensembling.py:231: TemporalEnsembling epoch=6 warm=0.300 sup_loss=0.1665 unsup_loss=0.0061 alpha=0.6
2026-02-02 15:10:55,199 DEBUG modssc.inductive.methods.temporal_ensembling temporal_ensembling.py:231: TemporalEnsembling epoch=7 warm=0.350 sup_loss=0.2454 unsup_loss=0.0083 alpha=0.6
2026-02-02 15:10:55,504 DEBUG modssc.inductive.methods.temporal_ensembling temporal_ensembling.py:231: TemporalEnsembling epoch=8 warm=0.400 sup_loss=0.1941 unsup_loss=0.0099 alpha=0.6
2026-02-02 15:10:55,807 DEBUG modssc.inductive.methods.temporal_ensembling temporal_ensembling.py:231: TemporalEnsembling epoch=9 warm=0.450 sup_loss=0.1962 unsup_loss=0.0082 alpha=0.6
2026-02-02 15:10:56,111 DEBUG modssc.inductive.methods.temporal_ensembling temporal_ensembling.py:231: TemporalEnsembling epoch=10 warm=0.500 sup_loss=0.1467 unsup_loss=0.0079 alpha=0.6
2026-02-02 15:10:56,414 DEBUG modssc.inductive.methods.temporal_ensembling temporal_ensembling.py:231: TemporalEnsembling epoch=11 warm=0.550 sup_loss=0.1691 unsup_loss=0.0114 alpha=0.6
2026-02-02 15:10:56,717 DEBUG modssc.inductive.methods.temporal_ensembling temporal_ensembling.py:231: TemporalEnsembling epoch=12 warm=0.600 sup_loss=0.1427 unsup_loss=0.0085 alpha=0.6
2026-02-02 15:10:57,020 DEBUG modssc.inductive.methods.temporal_ensembling temporal_ensembling.py:231: TemporalEnsembling epoch=13 warm=0.650 sup_loss=0.1036 unsup_loss=0.0150 alpha=0.6
2026-02-02 15:10:57,323 DEBUG modssc.inductive.methods.temporal_ensembling temporal_ensembling.py:231: TemporalEnsembling epoch=14 warm=0.700 sup_loss=0.1002 unsup_loss=0.0097 alpha=0.6
2026-02-02 15:10:57,626 DEBUG modssc.inductive.methods.temporal_ensembling temporal_ensembling.py:231: TemporalEnsembling epoch=15 warm=0.750 sup_loss=0.1320 unsup_loss=0.0114 alpha=0.6
2026-02-02 15:10:57,931 DEBUG modssc.inductive.methods.temporal_ensembling temporal_ensembling.py:231: TemporalEnsembling epoch=16 warm=0.800 sup_loss=0.1465 unsup_loss=0.0136 alpha=0.6
2026-02-02 15:10:58,234 DEBUG modssc.inductive.methods.temporal_ensembling temporal_ensembling.py:231: TemporalEnsembling epoch=17 warm=0.850 sup_loss=0.1501 unsup_loss=0.0063 alpha=0.6
2026-02-02 15:10:58,537 DEBUG modssc.inductive.methods.temporal_ensembling temporal_ensembling.py:231: TemporalEnsembling epoch=18 warm=0.900 sup_loss=0.1060 unsup_loss=0.0151 alpha=0.6
2026-02-02 15:10:58,840 DEBUG modssc.inductive.methods.temporal_ensembling temporal_ensembling.py:231: TemporalEnsembling epoch=19 warm=0.950 sup_loss=0.0960 unsup_loss=0.0072 alpha=0.6
2026-02-02 15:10:59,144 DEBUG modssc.inductive.methods.temporal_ensembling temporal_ensembling.py:231: TemporalEnsembling epoch=20 warm=1.000 sup_loss=0.1496 unsup_loss=0.0060 alpha=0.6
2026-02-02 15:10:59,447 DEBUG modssc.inductive.methods.temporal_ensembling temporal_ensembling.py:231: TemporalEnsembling epoch=21 warm=1.000 sup_loss=0.1225 unsup_loss=0.0143 alpha=0.6
2026-02-02 15:10:59,750 DEBUG modssc.inductive.methods.temporal_ensembling temporal_ensembling.py:231: TemporalEnsembling epoch=22 warm=1.000 sup_loss=0.1049 unsup_loss=0.0050 alpha=0.6
2026-02-02 15:11:00,056 DEBUG modssc.inductive.methods.temporal_ensembling temporal_ensembling.py:231: TemporalEnsembling epoch=23 warm=1.000 sup_loss=0.1029 unsup_loss=0.0064 alpha=0.6
2026-02-02 15:11:00,360 DEBUG modssc.inductive.methods.temporal_ensembling temporal_ensembling.py:231: TemporalEnsembling epoch=24 warm=1.000 sup_loss=0.1049 unsup_loss=0.0156 alpha=0.6
2026-02-02 15:11:00,664 DEBUG modssc.inductive.methods.temporal_ensembling temporal_ensembling.py:231: TemporalEnsembling epoch=25 warm=1.000 sup_loss=0.0922 unsup_loss=0.0083 alpha=0.6
2026-02-02 15:11:00,968 DEBUG modssc.inductive.methods.temporal_ensembling temporal_ensembling.py:231: TemporalEnsembling epoch=26 warm=1.000 sup_loss=0.0913 unsup_loss=0.0119 alpha=0.6
2026-02-02 15:11:01,271 DEBUG modssc.inductive.methods.temporal_ensembling temporal_ensembling.py:231: TemporalEnsembling epoch=27 warm=1.000 sup_loss=0.1442 unsup_loss=0.0080 alpha=0.6
2026-02-02 15:11:01,574 DEBUG modssc.inductive.methods.temporal_ensembling temporal_ensembling.py:231: TemporalEnsembling epoch=28 warm=1.000 sup_loss=0.1267 unsup_loss=0.0099 alpha=0.6
2026-02-02 15:11:01,880 DEBUG modssc.inductive.methods.temporal_ensembling temporal_ensembling.py:231: TemporalEnsembling epoch=29 warm=1.000 sup_loss=0.0782 unsup_loss=0.0114 alpha=0.6
2026-02-02 15:11:02,183 DEBUG modssc.inductive.methods.temporal_ensembling temporal_ensembling.py:231: TemporalEnsembling epoch=30 warm=1.000 sup_loss=0.0891 unsup_loss=0.0088 alpha=0.6
2026-02-02 15:11:02,487 DEBUG modssc.inductive.methods.temporal_ensembling temporal_ensembling.py:231: TemporalEnsembling epoch=31 warm=1.000 sup_loss=0.0675 unsup_loss=0.0075 alpha=0.6
2026-02-02 15:11:02,791 DEBUG modssc.inductive.methods.temporal_ensembling temporal_ensembling.py:231: TemporalEnsembling epoch=32 warm=1.000 sup_loss=0.1102 unsup_loss=0.0133 alpha=0.6
2026-02-02 15:11:03,095 DEBUG modssc.inductive.methods.temporal_ensembling temporal_ensembling.py:231: TemporalEnsembling epoch=33 warm=1.000 sup_loss=0.0608 unsup_loss=0.0077 alpha=0.6
2026-02-02 15:11:03,398 DEBUG modssc.inductive.methods.temporal_ensembling temporal_ensembling.py:231: TemporalEnsembling epoch=34 warm=1.000 sup_loss=0.0780 unsup_loss=0.0125 alpha=0.6
2026-02-02 15:11:03,702 DEBUG modssc.inductive.methods.temporal_ensembling temporal_ensembling.py:231: TemporalEnsembling epoch=35 warm=1.000 sup_loss=0.1052 unsup_loss=0.0101 alpha=0.6
2026-02-02 15:11:04,005 DEBUG modssc.inductive.methods.temporal_ensembling temporal_ensembling.py:231: TemporalEnsembling epoch=36 warm=1.000 sup_loss=0.0572 unsup_loss=0.0105 alpha=0.6
2026-02-02 15:11:04,308 DEBUG modssc.inductive.methods.temporal_ensembling temporal_ensembling.py:231: TemporalEnsembling epoch=37 warm=1.000 sup_loss=0.0680 unsup_loss=0.0098 alpha=0.6
2026-02-02 15:11:04,612 DEBUG modssc.inductive.methods.temporal_ensembling temporal_ensembling.py:231: TemporalEnsembling epoch=38 warm=1.000 sup_loss=0.0481 unsup_loss=0.0087 alpha=0.6
2026-02-02 15:11:04,915 DEBUG modssc.inductive.methods.temporal_ensembling temporal_ensembling.py:231: TemporalEnsembling epoch=39 warm=1.000 sup_loss=0.0784 unsup_loss=0.0102 alpha=0.6
2026-02-02 15:11:05,218 DEBUG modssc.inductive.methods.temporal_ensembling temporal_ensembling.py:231: TemporalEnsembling epoch=40 warm=1.000 sup_loss=0.0871 unsup_loss=0.0088 alpha=0.6
2026-02-02 15:11:05,522 DEBUG modssc.inductive.methods.temporal_ensembling temporal_ensembling.py:231: TemporalEnsembling epoch=41 warm=1.000 sup_loss=0.1095 unsup_loss=0.0051 alpha=0.6
2026-02-02 15:11:05,824 DEBUG modssc.inductive.methods.temporal_ensembling temporal_ensembling.py:231: TemporalEnsembling epoch=42 warm=1.000 sup_loss=0.0976 unsup_loss=0.0058 alpha=0.6
2026-02-02 15:11:06,127 DEBUG modssc.inductive.methods.temporal_ensembling temporal_ensembling.py:231: TemporalEnsembling epoch=43 warm=1.000 sup_loss=0.0651 unsup_loss=0.0101 alpha=0.6
2026-02-02 15:11:06,431 DEBUG modssc.inductive.methods.temporal_ensembling temporal_ensembling.py:231: TemporalEnsembling epoch=44 warm=1.000 sup_loss=0.0748 unsup_loss=0.0087 alpha=0.6
2026-02-02 15:11:06,733 DEBUG modssc.inductive.methods.temporal_ensembling temporal_ensembling.py:231: TemporalEnsembling epoch=45 warm=1.000 sup_loss=0.0435 unsup_loss=0.0118 alpha=0.6
2026-02-02 15:11:07,036 DEBUG modssc.inductive.methods.temporal_ensembling temporal_ensembling.py:231: TemporalEnsembling epoch=46 warm=1.000 sup_loss=0.0620 unsup_loss=0.0161 alpha=0.6
2026-02-02 15:11:07,339 DEBUG modssc.inductive.methods.temporal_ensembling temporal_ensembling.py:231: TemporalEnsembling epoch=47 warm=1.000 sup_loss=0.0622 unsup_loss=0.0103 alpha=0.6
2026-02-02 15:11:07,644 DEBUG modssc.inductive.methods.temporal_ensembling temporal_ensembling.py:231: TemporalEnsembling epoch=48 warm=1.000 sup_loss=0.0588 unsup_loss=0.0132 alpha=0.6
2026-02-02 15:11:07,947 DEBUG modssc.inductive.methods.temporal_ensembling temporal_ensembling.py:231: TemporalEnsembling epoch=49 warm=1.000 sup_loss=0.0972 unsup_loss=0.0121 alpha=0.6
2026-02-02 15:11:08,250 INFO modssc.inductive.methods.temporal_ensembling temporal_ensembling.py:257: Finished temporal_ensembling.fit in 15.412s
2026-02-02 15:11:08,250 INFO bench.orchestrators.method_inductive method_inductive.py:550: Inductive method done: id=temporal_ensembling duration_s=16.270
2026-02-02 15:11:08,250 INFO bench.orchestrators.evaluation evaluation.py:189: Evaluation (inductive): splits=['val', 'test'] metrics=['accuracy', 'macro_f1']
2026-02-02 15:11:08,264 INFO bench.orchestrators.evaluation evaluation.py:231: Evaluation (inductive) done: duration_s=0.013
2026-02-02 15:11:08,265 INFO bench.orchestrators.reporting reporting.py:54: Run summary written: /nfs/home/mbarbaux/ModSSC/runs/inductive/temporal_ensembling/tabular/adult/best_tabular_inductive_temporal_ensembling_adult-20260202T141046Z/run.json status=success duration_s=0.002
