2026-02-02 17:01:18,395 INFO bench.orchestrators.dataset dataset.py:36: Dataset start: id=iris download=True cache_dir=None
2026-02-02 17:01:18,395 DEBUG bench.orchestrators.dataset dataset.py:42: Dataset options: []
2026-02-02 17:01:18,398 DEBUG modssc.data_loader.providers __init__.py:38: Creating provider: openml
2026-02-02 17:01:18,399 DEBUG modssc.data_loader.api api.py:316: Resolved dataset id=iris provider=openml canonical_uri=openml:61
2026-02-02 17:01:18,399 INFO modssc.data_loader.api api.py:117: Dataset load: id=iris provider=openml version=None fingerprint=ba055ddc9f9ca1b72ab8a14217263923c7ce2466a9ada1892118d69873fd8572 download=True force=False cache_dir=/nfs/home/mbarbaux/ModSSC/cache/datasets
2026-02-02 17:01:18,399 DEBUG modssc.data_loader.api api.py:127: Dataset resolved_kwargs: {'data_id': 61, 'name': None, 'version': None, 'as_frame': False, 'target_column': None, 'class_filter': None, 'max_samples': None, 'seed': None}
2026-02-02 17:01:18,400 DEBUG modssc.data_loader.api api.py:403: Loaded cached dataset: fingerprint=ba055ddc9f9ca1b72ab8a14217263923c7ce2466a9ada1892118d69873fd8572
2026-02-02 17:01:18,405 INFO modssc.data_loader.api api.py:133: Dataset cached: id=iris train=150 test=None n_classes=3 duration_s=0.010
2026-02-02 17:01:18,405 INFO bench.orchestrators.dataset dataset.py:54: Dataset loaded: train=150 test=None graph=False fingerprint=ba055ddc9f9ca1b72ab8a14217263923c7ce2466a9ada1892118d69873fd8572 provider=openml
2026-02-02 17:01:18,405 INFO bench.orchestrators.dataset dataset.py:62: Dataset stage done: duration_s=0.010
2026-02-02 17:01:18,453 INFO bench.orchestrators.sampling sampling.py:86: Sampling start: seed=1 dataset_id=iris
2026-02-02 17:01:18,453 DEBUG bench.orchestrators.sampling sampling.py:87: Sampling plan: split={'kind': 'holdout', 'test_fraction': 0.2, 'val_fraction': 0.1, 'stratify': True, 'shuffle': True} labeling={'mode': 'fraction', 'value': 0.2, 'per_class': False, 'min_per_class': 1, 'strategy': 'balanced', 'fixed_indices': None} imbalance={'kind': 'none', 'apply_to': 'train', 'max_per_class': None, 'alpha': None, 'min_per_class': 1} policy={'respect_official_test': True, 'use_official_graph_masks': True, 'allow_override_official': False}
2026-02-02 17:01:18,453 DEBUG bench.orchestrators.sampling sampling.py:98: Sampling dataset_fingerprint=ba055ddc9f9ca1b72ab8a14217263923c7ce2466a9ada1892118d69873fd8572
2026-02-02 17:01:18,453 INFO modssc.sampling.api api.py:99: Sampling start: dataset_id=iris dataset_fingerprint=ba055ddc9f9ca1b72ab8a14217263923c7ce2466a9ada1892118d69873fd8572 seed=1 graph=False split=holdout
2026-02-02 17:01:18,453 DEBUG modssc.sampling.api api.py:107: Sampling plan: {'split': {'kind': 'holdout', 'test_fraction': 0.2, 'val_fraction': 0.1, 'stratify': True, 'shuffle': True}, 'labeling': {'mode': 'fraction', 'value': 0.2, 'per_class': False, 'min_per_class': 1, 'strategy': 'balanced', 'fixed_indices': None}, 'imbalance': {'kind': 'none', 'apply_to': 'train', 'max_per_class': None, 'alpha': None, 'min_per_class': 1}, 'policy': {'respect_official_test': True, 'use_official_graph_masks': True, 'allow_override_official': False}}
2026-02-02 17:01:18,461 INFO modssc.sampling.api api.py:141: Sampling done: train=108 val=12 test=30 labeled=22 unlabeled=86 duration_s=0.008
2026-02-02 17:01:18,461 DEBUG modssc.sampling.api api.py:150: Sampling stats: {'policy': {'respect_official_test': True, 'has_official_test': False, 'test_ref': 'train'}, 'train': {'n': 108, 'classes': {'Iris-setosa': 36, 'Iris-versicolor': 36, 'Iris-virginica': 36}}, 'val': {'n': 12, 'classes': {'Iris-setosa': 4, 'Iris-versicolor': 4, 'Iris-virginica': 4}}, 'train_labeled': {'n': 22, 'classes': {'Iris-setosa': 8, 'Iris-versicolor': 7, 'Iris-virginica': 7}}, 'train_unlabeled': {'n': 86}, 'test': {'n': 30, 'classes': {'Iris-setosa': 10, 'Iris-versicolor': 10, 'Iris-virginica': 10}}}
2026-02-02 17:01:18,461 INFO bench.orchestrators.sampling sampling.py:123: Sampling result: train=108 val=12 test=30 labeled=22 unlabeled=86 graph=False
2026-02-02 17:01:18,461 DEBUG bench.orchestrators.sampling sampling.py:132: Sampling stats: {'policy': {'respect_official_test': True, 'has_official_test': False, 'test_ref': 'train'}, 'train': {'n': 108, 'classes': {'Iris-setosa': 36, 'Iris-versicolor': 36, 'Iris-virginica': 36}}, 'val': {'n': 12, 'classes': {'Iris-setosa': 4, 'Iris-versicolor': 4, 'Iris-virginica': 4}}, 'train_labeled': {'n': 22, 'classes': {'Iris-setosa': 8, 'Iris-versicolor': 7, 'Iris-virginica': 7}}, 'train_unlabeled': {'n': 86}, 'test': {'n': 30, 'classes': {'Iris-setosa': 10, 'Iris-versicolor': 10, 'Iris-virginica': 10}}}
2026-02-02 17:01:18,461 INFO bench.orchestrators.sampling sampling.py:133: Sampling stage done: duration_s=0.008
2026-02-02 17:01:18,461 INFO bench.orchestrators.preprocess preprocess.py:105: Preprocess start: seed=1 cache=True n_steps=6 fit_indices=22
2026-02-02 17:01:18,461 DEBUG bench.orchestrators.preprocess preprocess.py:112: Preprocess plan: output_key=features.X steps=['labels.encode', 'labels.to_torch', 'core.ensure_2d', 'tabular.impute', 'tabular.standard_scaler', 'core.to_torch']
2026-02-02 17:01:18,461 INFO modssc.preprocess.api api.py:490: Preprocess start: dataset_fp=ba055ddc9f9ca1b72ab8a14217263923c7ce2466a9ada1892118d69873fd8572 steps=['labels.encode', 'labels.to_torch', 'core.ensure_2d', 'tabular.impute', 'tabular.standard_scaler', 'core.to_torch'] output_key=features.X seed=1 cache=True
2026-02-02 17:01:18,462 DEBUG modssc.preprocess.api api.py:498: Preprocess input shapes: train_X=(150, 4) train_y=(150,) test_X=None test_y=None
2026-02-02 17:01:18,462 INFO modssc.preprocess.api api.py:505: Preprocess input size: train_data=5.9 KB test_data=n/a
2026-02-02 17:01:18,462 DEBUG modssc.preprocess.api api.py:521: Preprocess step start: id=labels.encode index=0 kind=transform params={}
2026-02-02 17:01:18,464 DEBUG modssc.preprocess.api api.py:605: Preprocess step train outputs: id=labels.encode keys=['labels.classes', 'labels.y'] duration_s=0.002
2026-02-02 17:01:18,464 INFO modssc.preprocess.api api.py:679: Preprocess step done: id=labels.encode index=0 duration_s=0.002 train_data=5.9 KB test_data=n/a
2026-02-02 17:01:18,464 DEBUG modssc.preprocess.api api.py:521: Preprocess step start: id=labels.to_torch index=1 kind=transform params={'device': 'auto', 'dtype': 'int64'}
2026-02-02 17:01:18,562 DEBUG modssc.preprocess.api api.py:605: Preprocess step train outputs: id=labels.to_torch keys=['labels.y'] duration_s=0.098
2026-02-02 17:01:18,562 INFO modssc.preprocess.api api.py:267: Preprocess GPU device: device=cuda:0 model=NVIDIA L40
2026-02-02 17:01:18,562 INFO modssc.preprocess.api api.py:679: Preprocess step done: id=labels.to_torch index=1 duration_s=0.098 train_data=5.9 KB test_data=n/a
2026-02-02 17:01:18,563 DEBUG modssc.preprocess.api api.py:521: Preprocess step start: id=core.ensure_2d index=2 kind=transform params={}
2026-02-02 17:01:18,565 DEBUG modssc.preprocess.api api.py:605: Preprocess step train outputs: id=core.ensure_2d keys=['features.X'] duration_s=0.002
2026-02-02 17:01:18,565 INFO modssc.preprocess.api api.py:679: Preprocess step done: id=core.ensure_2d index=2 duration_s=0.002 train_data=5.9 KB test_data=n/a
2026-02-02 17:01:18,565 DEBUG modssc.preprocess.api api.py:521: Preprocess step start: id=tabular.impute index=3 kind=fittable params={}
2026-02-02 17:01:19,568 DEBUG modssc.preprocess.api api.py:605: Preprocess step train outputs: id=tabular.impute keys=['features.X'] duration_s=1.003
2026-02-02 17:01:19,568 INFO modssc.preprocess.api api.py:679: Preprocess step done: id=tabular.impute index=3 duration_s=1.003 train_data=5.9 KB test_data=n/a
2026-02-02 17:01:19,568 DEBUG modssc.preprocess.api api.py:521: Preprocess step start: id=tabular.standard_scaler index=4 kind=fittable params={}
2026-02-02 17:01:19,570 DEBUG modssc.preprocess.api api.py:605: Preprocess step train outputs: id=tabular.standard_scaler keys=['features.X'] duration_s=0.001
2026-02-02 17:01:19,570 INFO modssc.preprocess.api api.py:679: Preprocess step done: id=tabular.standard_scaler index=4 duration_s=0.002 train_data=3.5 KB test_data=n/a
2026-02-02 17:01:19,570 DEBUG modssc.preprocess.api api.py:521: Preprocess step start: id=core.to_torch index=5 kind=transform params={'device': 'auto', 'dtype': 'float32'}
2026-02-02 17:01:19,571 DEBUG modssc.preprocess.api api.py:605: Preprocess step train outputs: id=core.to_torch keys=['features.X'] duration_s=0.001
2026-02-02 17:01:19,571 INFO modssc.preprocess.api api.py:679: Preprocess step done: id=core.to_torch index=5 duration_s=0.001 train_data=3.5 KB test_data=n/a
2026-02-02 17:01:19,571 INFO modssc.preprocess.api api.py:730: Preprocess done: dataset_fp=ba055ddc9f9ca1b72ab8a14217263923c7ce2466a9ada1892118d69873fd8572 duration_s=1.110 train_X=(150, 4) test_X=None
2026-02-02 17:01:19,571 INFO bench.orchestrators.preprocess preprocess.py:124: Preprocess result: fingerprint=preprocess:75598ed099a81a08799b66a7d3baf5526adf278e3ed02c30f4109069d7106690 plan_fingerprint=resolved_plan:2fd28781de548db14dc25cb730c4a58beda13172ed36f45b2cc1411caf334e69 cache_dir=/nfs/home/mbarbaux/ModSSC/cache/preprocess/ba055ddc9f9ca1b72ab8a14217263923c7ce2466a9ada1892118d69873fd8572 skipped=[]
2026-02-02 17:01:19,571 DEBUG bench.orchestrators.preprocess preprocess.py:131: Preprocess output shapes: train_X=(150, 4) test_X=None
2026-02-02 17:01:19,571 INFO bench.orchestrators.preprocess preprocess.py:136: Preprocess stage done: duration_s=1.110
2026-02-02 17:01:19,588 INFO bench.orchestrators.augmentation augmentation.py:66: Augmentation start: mode=fixed modality=tabular seed=1 n_samples=86 strong_views=1
2026-02-02 17:01:19,588 DEBUG bench.orchestrators.augmentation augmentation.py:74: Augmentation steps: weak=['tabular.gaussian_noise'] strong=['tabular.swap_noise']
2026-02-02 17:01:19,625 INFO bench.orchestrators.augmentation augmentation.py:191: Augmentation done: duration_s=0.038
2026-02-02 17:01:19,625 DEBUG bench.orchestrators.augmentation augmentation.py:192: Augmentation output shapes: weak=(86, 4) strong=(86, 4) strong_1=None
2026-02-02 17:01:19,626 INFO bench.orchestrators.method_inductive method_inductive.py:441: Inductive method start: id=pi_model seed=398591604 device=auto dtype=float32 model=mlp
2026-02-02 17:01:19,626 DEBUG bench.orchestrators.method_inductive method_inductive.py:470: Inductive method params: {'lambda_u': 1.0, 'unsup_warm_up': 0.4, 'batch_size': 128, 'max_epochs': 50, 'freeze_bn': False, 'detach_target': True}
2026-02-02 17:01:19,626 INFO bench.orchestrators.method_inductive method_inductive.py:476: Inductive method data: n_labeled=22 n_unlabeled=86
2026-02-02 17:01:20,486 INFO modssc.inductive.methods.pi_model pi_model.py:69: Starting pi_model.fit
2026-02-02 17:01:20,486 DEBUG modssc.inductive.methods.pi_model pi_model.py:70: params lambda_u=1.0 unsup_warm_up=0.4 batch_size=128 max_epochs=50 freeze_bn=False detach_target=True has_model_bundle=True device=DeviceSpec(device='auto', dtype='float32') seed=398591604
2026-02-02 17:01:20,486 INFO modssc.inductive.methods.pi_model pi_model.py:100: Pi-Model sizes: n_labeled=22 n_unlabeled=86
2026-02-02 17:01:20,577 DEBUG modssc.inductive.methods.pi_model pi_model.py:194: Pi-Model epoch=0 warm=0.000 sup_loss=1.1297 unsup_loss=0.0005
2026-02-02 17:01:20,619 DEBUG modssc.inductive.methods.pi_model pi_model.py:194: Pi-Model epoch=1 warm=0.050 sup_loss=0.9875 unsup_loss=0.0007
2026-02-02 17:01:20,621 DEBUG modssc.inductive.methods.pi_model pi_model.py:194: Pi-Model epoch=2 warm=0.100 sup_loss=0.8479 unsup_loss=0.0007
2026-02-02 17:01:20,623 DEBUG modssc.inductive.methods.pi_model pi_model.py:194: Pi-Model epoch=3 warm=0.150 sup_loss=0.7516 unsup_loss=0.0008
2026-02-02 17:01:20,624 DEBUG modssc.inductive.methods.pi_model pi_model.py:194: Pi-Model epoch=4 warm=0.200 sup_loss=0.6564 unsup_loss=0.0008
2026-02-02 17:01:20,626 DEBUG modssc.inductive.methods.pi_model pi_model.py:194: Pi-Model epoch=5 warm=0.250 sup_loss=0.5950 unsup_loss=0.0009
2026-02-02 17:01:20,628 DEBUG modssc.inductive.methods.pi_model pi_model.py:194: Pi-Model epoch=6 warm=0.300 sup_loss=0.5458 unsup_loss=0.0014
2026-02-02 17:01:20,629 DEBUG modssc.inductive.methods.pi_model pi_model.py:194: Pi-Model epoch=7 warm=0.350 sup_loss=0.5057 unsup_loss=0.0017
2026-02-02 17:01:20,631 DEBUG modssc.inductive.methods.pi_model pi_model.py:194: Pi-Model epoch=8 warm=0.400 sup_loss=0.4608 unsup_loss=0.0017
2026-02-02 17:01:20,632 DEBUG modssc.inductive.methods.pi_model pi_model.py:194: Pi-Model epoch=9 warm=0.450 sup_loss=0.4493 unsup_loss=0.0018
2026-02-02 17:01:20,634 DEBUG modssc.inductive.methods.pi_model pi_model.py:194: Pi-Model epoch=10 warm=0.500 sup_loss=0.4309 unsup_loss=0.0021
2026-02-02 17:01:20,635 DEBUG modssc.inductive.methods.pi_model pi_model.py:194: Pi-Model epoch=11 warm=0.550 sup_loss=0.3866 unsup_loss=0.0029
2026-02-02 17:01:20,637 DEBUG modssc.inductive.methods.pi_model pi_model.py:194: Pi-Model epoch=12 warm=0.600 sup_loss=0.3907 unsup_loss=0.0025
2026-02-02 17:01:20,638 DEBUG modssc.inductive.methods.pi_model pi_model.py:194: Pi-Model epoch=13 warm=0.650 sup_loss=0.3765 unsup_loss=0.0028
2026-02-02 17:01:20,639 DEBUG modssc.inductive.methods.pi_model pi_model.py:194: Pi-Model epoch=14 warm=0.700 sup_loss=0.3276 unsup_loss=0.0044
2026-02-02 17:01:20,641 DEBUG modssc.inductive.methods.pi_model pi_model.py:194: Pi-Model epoch=15 warm=0.750 sup_loss=0.3396 unsup_loss=0.0046
2026-02-02 17:01:20,642 DEBUG modssc.inductive.methods.pi_model pi_model.py:194: Pi-Model epoch=16 warm=0.800 sup_loss=0.3049 unsup_loss=0.0044
2026-02-02 17:01:20,644 DEBUG modssc.inductive.methods.pi_model pi_model.py:194: Pi-Model epoch=17 warm=0.850 sup_loss=0.3178 unsup_loss=0.0052
2026-02-02 17:01:20,645 DEBUG modssc.inductive.methods.pi_model pi_model.py:194: Pi-Model epoch=18 warm=0.900 sup_loss=0.3079 unsup_loss=0.0054
2026-02-02 17:01:20,647 DEBUG modssc.inductive.methods.pi_model pi_model.py:194: Pi-Model epoch=19 warm=0.950 sup_loss=0.2863 unsup_loss=0.0057
2026-02-02 17:01:20,648 DEBUG modssc.inductive.methods.pi_model pi_model.py:194: Pi-Model epoch=20 warm=1.000 sup_loss=0.2779 unsup_loss=0.0065
2026-02-02 17:01:20,650 DEBUG modssc.inductive.methods.pi_model pi_model.py:194: Pi-Model epoch=21 warm=1.000 sup_loss=0.2597 unsup_loss=0.0064
2026-02-02 17:01:20,651 DEBUG modssc.inductive.methods.pi_model pi_model.py:194: Pi-Model epoch=22 warm=1.000 sup_loss=0.2676 unsup_loss=0.0054
2026-02-02 17:01:20,653 DEBUG modssc.inductive.methods.pi_model pi_model.py:194: Pi-Model epoch=23 warm=1.000 sup_loss=0.2446 unsup_loss=0.0069
2026-02-02 17:01:20,654 DEBUG modssc.inductive.methods.pi_model pi_model.py:194: Pi-Model epoch=24 warm=1.000 sup_loss=0.2021 unsup_loss=0.0070
2026-02-02 17:01:20,655 DEBUG modssc.inductive.methods.pi_model pi_model.py:194: Pi-Model epoch=25 warm=1.000 sup_loss=0.2457 unsup_loss=0.0058
2026-02-02 17:01:20,657 DEBUG modssc.inductive.methods.pi_model pi_model.py:194: Pi-Model epoch=26 warm=1.000 sup_loss=0.2210 unsup_loss=0.0033
2026-02-02 17:01:20,658 DEBUG modssc.inductive.methods.pi_model pi_model.py:194: Pi-Model epoch=27 warm=1.000 sup_loss=0.2103 unsup_loss=0.0055
2026-02-02 17:01:20,660 DEBUG modssc.inductive.methods.pi_model pi_model.py:194: Pi-Model epoch=28 warm=1.000 sup_loss=0.2190 unsup_loss=0.0058
2026-02-02 17:01:20,661 DEBUG modssc.inductive.methods.pi_model pi_model.py:194: Pi-Model epoch=29 warm=1.000 sup_loss=0.2105 unsup_loss=0.0055
2026-02-02 17:01:20,663 DEBUG modssc.inductive.methods.pi_model pi_model.py:194: Pi-Model epoch=30 warm=1.000 sup_loss=0.1873 unsup_loss=0.0042
2026-02-02 17:01:20,664 DEBUG modssc.inductive.methods.pi_model pi_model.py:194: Pi-Model epoch=31 warm=1.000 sup_loss=0.1626 unsup_loss=0.0056
2026-02-02 17:01:20,666 DEBUG modssc.inductive.methods.pi_model pi_model.py:194: Pi-Model epoch=32 warm=1.000 sup_loss=0.1698 unsup_loss=0.0064
2026-02-02 17:01:20,667 DEBUG modssc.inductive.methods.pi_model pi_model.py:194: Pi-Model epoch=33 warm=1.000 sup_loss=0.1543 unsup_loss=0.0049
2026-02-02 17:01:20,668 DEBUG modssc.inductive.methods.pi_model pi_model.py:194: Pi-Model epoch=34 warm=1.000 sup_loss=0.1568 unsup_loss=0.0072
2026-02-02 17:01:20,670 DEBUG modssc.inductive.methods.pi_model pi_model.py:194: Pi-Model epoch=35 warm=1.000 sup_loss=0.1484 unsup_loss=0.0043
2026-02-02 17:01:20,671 DEBUG modssc.inductive.methods.pi_model pi_model.py:194: Pi-Model epoch=36 warm=1.000 sup_loss=0.1484 unsup_loss=0.0040
2026-02-02 17:01:20,673 DEBUG modssc.inductive.methods.pi_model pi_model.py:194: Pi-Model epoch=37 warm=1.000 sup_loss=0.1453 unsup_loss=0.0031
2026-02-02 17:01:20,674 DEBUG modssc.inductive.methods.pi_model pi_model.py:194: Pi-Model epoch=38 warm=1.000 sup_loss=0.1204 unsup_loss=0.0042
2026-02-02 17:01:20,676 DEBUG modssc.inductive.methods.pi_model pi_model.py:194: Pi-Model epoch=39 warm=1.000 sup_loss=0.1205 unsup_loss=0.0036
2026-02-02 17:01:20,677 DEBUG modssc.inductive.methods.pi_model pi_model.py:194: Pi-Model epoch=40 warm=1.000 sup_loss=0.1268 unsup_loss=0.0046
2026-02-02 17:01:20,679 DEBUG modssc.inductive.methods.pi_model pi_model.py:194: Pi-Model epoch=41 warm=1.000 sup_loss=0.1191 unsup_loss=0.0047
2026-02-02 17:01:20,680 DEBUG modssc.inductive.methods.pi_model pi_model.py:194: Pi-Model epoch=42 warm=1.000 sup_loss=0.1296 unsup_loss=0.0056
2026-02-02 17:01:20,681 DEBUG modssc.inductive.methods.pi_model pi_model.py:194: Pi-Model epoch=43 warm=1.000 sup_loss=0.0901 unsup_loss=0.0045
2026-02-02 17:01:20,683 DEBUG modssc.inductive.methods.pi_model pi_model.py:194: Pi-Model epoch=44 warm=1.000 sup_loss=0.1030 unsup_loss=0.0045
2026-02-02 17:01:20,684 DEBUG modssc.inductive.methods.pi_model pi_model.py:194: Pi-Model epoch=45 warm=1.000 sup_loss=0.0844 unsup_loss=0.0085
2026-02-02 17:01:20,686 DEBUG modssc.inductive.methods.pi_model pi_model.py:194: Pi-Model epoch=46 warm=1.000 sup_loss=0.0876 unsup_loss=0.0058
2026-02-02 17:01:20,687 DEBUG modssc.inductive.methods.pi_model pi_model.py:194: Pi-Model epoch=47 warm=1.000 sup_loss=0.0844 unsup_loss=0.0047
2026-02-02 17:01:20,689 DEBUG modssc.inductive.methods.pi_model pi_model.py:194: Pi-Model epoch=48 warm=1.000 sup_loss=0.0729 unsup_loss=0.0080
2026-02-02 17:01:20,690 DEBUG modssc.inductive.methods.pi_model pi_model.py:194: Pi-Model epoch=49 warm=1.000 sup_loss=0.0817 unsup_loss=0.0068
2026-02-02 17:01:20,691 INFO modssc.inductive.methods.pi_model pi_model.py:210: Finished pi_model.fit in 0.205s
2026-02-02 17:01:20,691 INFO bench.orchestrators.method_inductive method_inductive.py:550: Inductive method done: id=pi_model duration_s=1.065
2026-02-02 17:01:20,691 INFO bench.orchestrators.evaluation evaluation.py:189: Evaluation (inductive): splits=['val', 'test'] metrics=['accuracy', 'macro_f1']
2026-02-02 17:01:20,695 INFO bench.orchestrators.evaluation evaluation.py:231: Evaluation (inductive) done: duration_s=0.004
2026-02-02 17:01:20,696 INFO bench.orchestrators.reporting reporting.py:54: Run summary written: /nfs/home/mbarbaux/ModSSC/runs/inductive/pi_model/tabular/iris/best_tabular_inductive_pi_model_iris-20260202T160118Z/run.json status=success duration_s=0.001
