2026-02-02 15:26:59,793 INFO bench.orchestrators.dataset dataset.py:36: Dataset start: id=adult download=True cache_dir=None
2026-02-02 15:26:59,793 DEBUG bench.orchestrators.dataset dataset.py:42: Dataset options: []
2026-02-02 15:26:59,797 DEBUG modssc.data_loader.providers __init__.py:38: Creating provider: openml
2026-02-02 15:26:59,797 DEBUG modssc.data_loader.api api.py:316: Resolved dataset id=adult provider=openml canonical_uri=openml:1590
2026-02-02 15:26:59,797 INFO modssc.data_loader.api api.py:117: Dataset load: id=adult provider=openml version=None fingerprint=f9281cab47a3de02bacdff6aeecab3cc3bec164d4d321622f81551b6b4f82967 download=True force=False cache_dir=/nfs/home/mbarbaux/ModSSC/cache/datasets
2026-02-02 15:26:59,797 DEBUG modssc.data_loader.api api.py:127: Dataset resolved_kwargs: {'data_id': 1590, 'name': None, 'version': None, 'as_frame': False, 'target_column': None, 'class_filter': None, 'max_samples': None, 'seed': None}
2026-02-02 15:26:59,858 DEBUG modssc.data_loader.api api.py:403: Loaded cached dataset: fingerprint=f9281cab47a3de02bacdff6aeecab3cc3bec164d4d321622f81551b6b4f82967
2026-02-02 15:26:59,880 INFO modssc.data_loader.api api.py:133: Dataset cached: id=adult train=48842 test=None n_classes=2 duration_s=0.086
2026-02-02 15:26:59,880 INFO bench.orchestrators.dataset dataset.py:54: Dataset loaded: train=48842 test=None graph=False fingerprint=f9281cab47a3de02bacdff6aeecab3cc3bec164d4d321622f81551b6b4f82967 provider=openml
2026-02-02 15:26:59,880 INFO bench.orchestrators.dataset dataset.py:62: Dataset stage done: duration_s=0.086
2026-02-02 15:26:59,907 INFO bench.orchestrators.sampling sampling.py:86: Sampling start: seed=1 dataset_id=adult
2026-02-02 15:26:59,907 DEBUG bench.orchestrators.sampling sampling.py:87: Sampling plan: split={'kind': 'holdout', 'test_fraction': 0.2, 'val_fraction': 0.1, 'stratify': True, 'shuffle': True} labeling={'mode': 'fraction', 'value': 0.2, 'per_class': False, 'min_per_class': 1, 'strategy': 'balanced', 'fixed_indices': None} imbalance={'kind': 'none', 'apply_to': 'train', 'max_per_class': None, 'alpha': None, 'min_per_class': 1} policy={'respect_official_test': True, 'use_official_graph_masks': True, 'allow_override_official': False}
2026-02-02 15:26:59,907 DEBUG bench.orchestrators.sampling sampling.py:98: Sampling dataset_fingerprint=f9281cab47a3de02bacdff6aeecab3cc3bec164d4d321622f81551b6b4f82967
2026-02-02 15:26:59,907 INFO modssc.sampling.api api.py:99: Sampling start: dataset_id=adult dataset_fingerprint=f9281cab47a3de02bacdff6aeecab3cc3bec164d4d321622f81551b6b4f82967 seed=1 graph=False split=holdout
2026-02-02 15:26:59,907 DEBUG modssc.sampling.api api.py:107: Sampling plan: {'split': {'kind': 'holdout', 'test_fraction': 0.2, 'val_fraction': 0.1, 'stratify': True, 'shuffle': True}, 'labeling': {'mode': 'fraction', 'value': 0.2, 'per_class': False, 'min_per_class': 1, 'strategy': 'balanced', 'fixed_indices': None}, 'imbalance': {'kind': 'none', 'apply_to': 'train', 'max_per_class': None, 'alpha': None, 'min_per_class': 1}, 'policy': {'respect_official_test': True, 'use_official_graph_masks': True, 'allow_override_official': False}}
2026-02-02 15:27:00,003 INFO modssc.sampling.api api.py:141: Sampling done: train=35167 val=3907 test=9768 labeled=7033 unlabeled=28134 duration_s=0.096
2026-02-02 15:27:00,003 DEBUG modssc.sampling.api api.py:150: Sampling stats: {'policy': {'respect_official_test': True, 'has_official_test': False, 'test_ref': 'train'}, 'train': {'n': 35167, 'classes': {'<=50K': 26752, '>50K': 8415}}, 'val': {'n': 3907, 'classes': {'<=50K': 2972, '>50K': 935}}, 'train_labeled': {'n': 7033, 'classes': {'<=50K': 3517, '>50K': 3516}}, 'train_unlabeled': {'n': 28134}, 'test': {'n': 9768, 'classes': {'<=50K': 7431, '>50K': 2337}}}
2026-02-02 15:27:00,024 INFO bench.orchestrators.sampling sampling.py:123: Sampling result: train=35167 val=3907 test=9768 labeled=7033 unlabeled=28134 graph=False
2026-02-02 15:27:00,024 DEBUG bench.orchestrators.sampling sampling.py:132: Sampling stats: {'policy': {'respect_official_test': True, 'has_official_test': False, 'test_ref': 'train'}, 'train': {'n': 35167, 'classes': {'<=50K': 26752, '>50K': 8415}}, 'val': {'n': 3907, 'classes': {'<=50K': 2972, '>50K': 935}}, 'train_labeled': {'n': 7033, 'classes': {'<=50K': 3517, '>50K': 3516}}, 'train_unlabeled': {'n': 28134}, 'test': {'n': 9768, 'classes': {'<=50K': 7431, '>50K': 2337}}}
2026-02-02 15:27:00,024 INFO bench.orchestrators.sampling sampling.py:133: Sampling stage done: duration_s=0.117
2026-02-02 15:27:00,024 INFO bench.orchestrators.preprocess preprocess.py:105: Preprocess start: seed=1 cache=True n_steps=5 fit_indices=7033
2026-02-02 15:27:00,024 DEBUG bench.orchestrators.preprocess preprocess.py:112: Preprocess plan: output_key=features.X steps=['labels.encode', 'tabular.one_hot', 'core.ensure_2d', 'core.pca', 'core.to_numpy']
2026-02-02 15:27:00,024 INFO modssc.preprocess.api api.py:490: Preprocess start: dataset_fp=f9281cab47a3de02bacdff6aeecab3cc3bec164d4d321622f81551b6b4f82967 steps=['labels.encode', 'tabular.one_hot', 'core.ensure_2d', 'core.pca', 'core.to_numpy'] output_key=features.X seed=1 cache=True
2026-02-02 15:27:00,024 DEBUG modssc.preprocess.api api.py:498: Preprocess input shapes: train_X=(48842, 14) train_y=(48842,) test_X=None test_y=None
2026-02-02 15:27:00,024 INFO modssc.preprocess.api api.py:505: Preprocess input size: train_data=5.6 MB test_data=n/a
2026-02-02 15:27:00,025 DEBUG modssc.preprocess.api api.py:521: Preprocess step start: id=labels.encode index=0 kind=transform params={}
2026-02-02 15:27:00,033 DEBUG modssc.preprocess.api api.py:605: Preprocess step train outputs: id=labels.encode keys=['labels.classes', 'labels.y'] duration_s=0.009
2026-02-02 15:27:00,033 INFO modssc.preprocess.api api.py:679: Preprocess step done: id=labels.encode index=0 duration_s=0.009 train_data=5.6 MB test_data=n/a
2026-02-02 15:27:00,033 DEBUG modssc.preprocess.api api.py:521: Preprocess step start: id=tabular.one_hot index=1 kind=fittable params={}
2026-02-02 15:27:01,045 DEBUG modssc.preprocess.api api.py:605: Preprocess step train outputs: id=tabular.one_hot keys=['features.X'] duration_s=1.012
2026-02-02 15:27:01,045 INFO modssc.preprocess.api api.py:679: Preprocess step done: id=tabular.one_hot index=1 duration_s=1.012 train_data=20.1 MB test_data=n/a
2026-02-02 15:27:01,045 DEBUG modssc.preprocess.api api.py:521: Preprocess step start: id=core.ensure_2d index=2 kind=transform params={}
2026-02-02 15:27:01,053 DEBUG modssc.preprocess.api api.py:605: Preprocess step train outputs: id=core.ensure_2d keys=['features.X'] duration_s=0.007
2026-02-02 15:27:01,053 INFO modssc.preprocess.api api.py:679: Preprocess step done: id=core.ensure_2d index=2 duration_s=0.007 train_data=20.1 MB test_data=n/a
2026-02-02 15:27:01,053 DEBUG modssc.preprocess.api api.py:521: Preprocess step start: id=core.pca index=3 kind=fittable params={'n_components': 30}
2026-02-02 15:27:03,143 DEBUG modssc.preprocess.api api.py:605: Preprocess step train outputs: id=core.pca keys=['features.X'] duration_s=2.090
2026-02-02 15:27:03,143 INFO modssc.preprocess.api api.py:679: Preprocess step done: id=core.pca index=3 duration_s=2.090 train_data=6.0 MB test_data=n/a
2026-02-02 15:27:03,143 DEBUG modssc.preprocess.api api.py:521: Preprocess step start: id=core.to_numpy index=4 kind=transform params={}
2026-02-02 15:27:03,155 DEBUG modssc.preprocess.api api.py:605: Preprocess step train outputs: id=core.to_numpy keys=['features.X'] duration_s=0.012
2026-02-02 15:27:03,155 INFO modssc.preprocess.api api.py:679: Preprocess step done: id=core.to_numpy index=4 duration_s=0.012 train_data=6.0 MB test_data=n/a
2026-02-02 15:27:03,155 INFO modssc.preprocess.api api.py:730: Preprocess done: dataset_fp=f9281cab47a3de02bacdff6aeecab3cc3bec164d4d321622f81551b6b4f82967 duration_s=3.131 train_X=(48842, 30) test_X=None
2026-02-02 15:27:03,155 INFO bench.orchestrators.preprocess preprocess.py:124: Preprocess result: fingerprint=preprocess:31a3bdc0449b8816bd86555011d98c6efa85f4f337dfdfb9fbb4a067efad09b5 plan_fingerprint=resolved_plan:17482c72b46c0128215067eeb16db0338f8d62fa6ee2badc8a99bb54672bbc45 cache_dir=/nfs/home/mbarbaux/ModSSC/cache/preprocess/f9281cab47a3de02bacdff6aeecab3cc3bec164d4d321622f81551b6b4f82967 skipped=[]
2026-02-02 15:27:03,155 DEBUG bench.orchestrators.preprocess preprocess.py:131: Preprocess output shapes: train_X=(48842, 30) test_X=None
2026-02-02 15:27:03,155 INFO bench.orchestrators.preprocess preprocess.py:136: Preprocess stage done: duration_s=3.131
2026-02-02 15:27:03,156 INFO bench.orchestrators.graph graph.py:67: Graph start: include_test=False cache=True
2026-02-02 15:27:03,156 DEBUG bench.orchestrators.graph graph.py:72: Graph spec: scheme=knn metric=cosine k=15 radius=None backend=numpy feature_field=features.X seed=1
2026-02-02 15:27:03,156 DEBUG bench.orchestrators.graph graph.py:89: Graph features: shape=(48842, 30)
2026-02-02 15:27:03,170 INFO modssc.graph.construction.api api.py:111: Graph cached: fingerprint=fb165a56a198c34aef9c4407753b69fa9c1a153056a34184039b0366b546aec5 n_nodes=48842 n_edges=356464 duration_s=0.014
2026-02-02 15:27:03,170 INFO bench.orchestrators.graph graph.py:100: Graph built: fingerprint=fb165a56a198c34aef9c4407753b69fa9c1a153056a34184039b0366b546aec5 n_nodes=48842 n_edges=356464 duration_s=0.014
2026-02-02 15:27:03,170 INFO bench.orchestrators.method_transductive method_transductive.py:139: Transductive method start: id=chebnet seed=398591604 device=auto resolved_device=cuda use_test=False
2026-02-02 15:27:03,170 DEBUG bench.orchestrators.method_transductive method_transductive.py:147: Transductive method params: {'hidden_dim': 32, 'k': 2, 'dropout': 0.5, 'lr': 0.01, 'weight_decay': 0.0005, 'max_epochs': 200, 'patience': 50, 'add_self_loops': True}
2026-02-02 15:27:03,170 INFO bench.orchestrators.method_transductive method_transductive.py:158: Transductive data: n_nodes=48842 n_train=48842 n_test=0
2026-02-02 15:27:03,170 INFO bench.orchestrators.method_transductive method_transductive.py:177: Transductive masks: labeled_count=7033 train_count=35167
2026-02-02 15:27:03,171 INFO modssc.transductive.methods.gnn.chebnet chebnet.py:107: Starting chebnet.fit
2026-02-02 15:27:03,171 DEBUG modssc.transductive.methods.gnn.chebnet chebnet.py:108: spec=ChebNetSpec(hidden_dim=32, k=2, dropout=0.5, lr=0.01, weight_decay=0.0005, max_epochs=200, patience=50, add_self_loops=True) device=cuda seed=398591604
2026-02-02 15:27:03,351 INFO modssc.transductive.methods.gnn.chebnet chebnet.py:120: ChebNet sizes: n_nodes=48842 n_classes=2 train=7033 val=3907
2026-02-02 15:27:04,332 DEBUG modssc.transductive.methods.gnn.common common.py:373: train_fullbatch epoch=0 val_loss=9146.8340 best updated
2026-02-02 15:27:04,337 DEBUG modssc.transductive.methods.gnn.common common.py:373: train_fullbatch epoch=1 val_loss=4068.8184 best updated
2026-02-02 15:27:04,341 DEBUG modssc.transductive.methods.gnn.common common.py:373: train_fullbatch epoch=2 val_loss=1928.6139 best updated
2026-02-02 15:27:04,345 DEBUG modssc.transductive.methods.gnn.common common.py:380: train_fullbatch epoch=3 val_loss=2529.9238 bad_epochs=1/50
2026-02-02 15:27:04,350 DEBUG modssc.transductive.methods.gnn.common common.py:380: train_fullbatch epoch=4 val_loss=2033.0786 bad_epochs=2/50
2026-02-02 15:27:04,354 DEBUG modssc.transductive.methods.gnn.common common.py:373: train_fullbatch epoch=5 val_loss=1073.1385 best updated
2026-02-02 15:27:04,358 DEBUG modssc.transductive.methods.gnn.common common.py:373: train_fullbatch epoch=6 val_loss=313.8102 best updated
2026-02-02 15:27:04,362 DEBUG modssc.transductive.methods.gnn.common common.py:380: train_fullbatch epoch=7 val_loss=1563.5006 bad_epochs=1/50
2026-02-02 15:27:04,367 DEBUG modssc.transductive.methods.gnn.common common.py:380: train_fullbatch epoch=8 val_loss=1452.4700 bad_epochs=2/50
2026-02-02 15:27:04,371 DEBUG modssc.transductive.methods.gnn.common common.py:380: train_fullbatch epoch=9 val_loss=346.6682 bad_epochs=3/50
2026-02-02 15:27:04,375 DEBUG modssc.transductive.methods.gnn.common common.py:380: train_fullbatch epoch=10 val_loss=410.1663 bad_epochs=4/50
2026-02-02 15:27:04,379 DEBUG modssc.transductive.methods.gnn.common common.py:380: train_fullbatch epoch=11 val_loss=701.1221 bad_epochs=5/50
2026-02-02 15:27:04,383 DEBUG modssc.transductive.methods.gnn.common common.py:380: train_fullbatch epoch=12 val_loss=771.1625 bad_epochs=6/50
2026-02-02 15:27:04,387 DEBUG modssc.transductive.methods.gnn.common common.py:380: train_fullbatch epoch=13 val_loss=635.2324 bad_epochs=7/50
2026-02-02 15:27:04,392 DEBUG modssc.transductive.methods.gnn.common common.py:380: train_fullbatch epoch=14 val_loss=342.2707 bad_epochs=8/50
2026-02-02 15:27:04,396 DEBUG modssc.transductive.methods.gnn.common common.py:373: train_fullbatch epoch=15 val_loss=169.4090 best updated
2026-02-02 15:27:04,400 DEBUG modssc.transductive.methods.gnn.common common.py:380: train_fullbatch epoch=16 val_loss=836.1193 bad_epochs=1/50
2026-02-02 15:27:04,404 DEBUG modssc.transductive.methods.gnn.common common.py:380: train_fullbatch epoch=17 val_loss=806.4921 bad_epochs=2/50
2026-02-02 15:27:04,408 DEBUG modssc.transductive.methods.gnn.common common.py:380: train_fullbatch epoch=18 val_loss=251.2912 bad_epochs=3/50
2026-02-02 15:27:04,413 DEBUG modssc.transductive.methods.gnn.common common.py:373: train_fullbatch epoch=19 val_loss=151.7616 best updated
2026-02-02 15:27:04,417 DEBUG modssc.transductive.methods.gnn.common common.py:380: train_fullbatch epoch=20 val_loss=250.5211 bad_epochs=1/50
2026-02-02 15:27:04,421 DEBUG modssc.transductive.methods.gnn.common common.py:380: train_fullbatch epoch=21 val_loss=260.2107 bad_epochs=2/50
2026-02-02 15:27:04,425 DEBUG modssc.transductive.methods.gnn.common common.py:373: train_fullbatch epoch=22 val_loss=145.6132 best updated
2026-02-02 15:27:04,429 DEBUG modssc.transductive.methods.gnn.common common.py:380: train_fullbatch epoch=23 val_loss=147.6612 bad_epochs=1/50
2026-02-02 15:27:04,433 DEBUG modssc.transductive.methods.gnn.common common.py:380: train_fullbatch epoch=24 val_loss=219.6921 bad_epochs=2/50
2026-02-02 15:27:04,438 DEBUG modssc.transductive.methods.gnn.common common.py:373: train_fullbatch epoch=25 val_loss=34.3042 best updated
2026-02-02 15:27:04,442 DEBUG modssc.transductive.methods.gnn.common common.py:380: train_fullbatch epoch=26 val_loss=105.3570 bad_epochs=1/50
2026-02-02 15:27:04,446 DEBUG modssc.transductive.methods.gnn.common common.py:380: train_fullbatch epoch=27 val_loss=152.2090 bad_epochs=2/50
2026-02-02 15:27:04,450 DEBUG modssc.transductive.methods.gnn.common common.py:380: train_fullbatch epoch=28 val_loss=115.8242 bad_epochs=3/50
2026-02-02 15:27:04,454 DEBUG modssc.transductive.methods.gnn.common common.py:380: train_fullbatch epoch=29 val_loss=34.9358 bad_epochs=4/50
2026-02-02 15:27:04,459 DEBUG modssc.transductive.methods.gnn.common common.py:380: train_fullbatch epoch=30 val_loss=249.4081 bad_epochs=5/50
2026-02-02 15:27:04,463 DEBUG modssc.transductive.methods.gnn.common common.py:380: train_fullbatch epoch=31 val_loss=289.5517 bad_epochs=6/50
2026-02-02 15:27:04,467 DEBUG modssc.transductive.methods.gnn.common common.py:380: train_fullbatch epoch=32 val_loss=98.2854 bad_epochs=7/50
2026-02-02 15:27:04,471 DEBUG modssc.transductive.methods.gnn.common common.py:380: train_fullbatch epoch=33 val_loss=46.0915 bad_epochs=8/50
2026-02-02 15:27:04,475 DEBUG modssc.transductive.methods.gnn.common common.py:380: train_fullbatch epoch=34 val_loss=57.4796 bad_epochs=9/50
2026-02-02 15:27:04,479 DEBUG modssc.transductive.methods.gnn.common common.py:373: train_fullbatch epoch=35 val_loss=31.7937 best updated
2026-02-02 15:27:04,484 DEBUG modssc.transductive.methods.gnn.common common.py:380: train_fullbatch epoch=36 val_loss=66.7018 bad_epochs=1/50
2026-02-02 15:27:04,488 DEBUG modssc.transductive.methods.gnn.common common.py:380: train_fullbatch epoch=37 val_loss=55.6874 bad_epochs=2/50
2026-02-02 15:27:04,492 DEBUG modssc.transductive.methods.gnn.common common.py:380: train_fullbatch epoch=38 val_loss=34.6489 bad_epochs=3/50
2026-02-02 15:27:04,496 DEBUG modssc.transductive.methods.gnn.common common.py:380: train_fullbatch epoch=39 val_loss=49.7823 bad_epochs=4/50
2026-02-02 15:27:04,500 DEBUG modssc.transductive.methods.gnn.common common.py:373: train_fullbatch epoch=40 val_loss=25.3343 best updated
2026-02-02 15:27:04,504 DEBUG modssc.transductive.methods.gnn.common common.py:380: train_fullbatch epoch=41 val_loss=71.2293 bad_epochs=1/50
2026-02-02 15:27:04,509 DEBUG modssc.transductive.methods.gnn.common common.py:380: train_fullbatch epoch=42 val_loss=55.4056 bad_epochs=2/50
2026-02-02 15:27:04,513 DEBUG modssc.transductive.methods.gnn.common common.py:380: train_fullbatch epoch=43 val_loss=26.4811 bad_epochs=3/50
2026-02-02 15:27:04,517 DEBUG modssc.transductive.methods.gnn.common common.py:380: train_fullbatch epoch=44 val_loss=40.2713 bad_epochs=4/50
2026-02-02 15:27:04,521 DEBUG modssc.transductive.methods.gnn.common common.py:373: train_fullbatch epoch=45 val_loss=22.5169 best updated
2026-02-02 15:27:04,525 DEBUG modssc.transductive.methods.gnn.common common.py:380: train_fullbatch epoch=46 val_loss=30.1844 bad_epochs=1/50
2026-02-02 15:27:04,530 DEBUG modssc.transductive.methods.gnn.common common.py:373: train_fullbatch epoch=47 val_loss=20.7877 best updated
2026-02-02 15:27:04,534 DEBUG modssc.transductive.methods.gnn.common common.py:380: train_fullbatch epoch=48 val_loss=20.8056 bad_epochs=1/50
2026-02-02 15:27:04,538 DEBUG modssc.transductive.methods.gnn.common common.py:373: train_fullbatch epoch=49 val_loss=12.1015 best updated
2026-02-02 15:27:04,542 DEBUG modssc.transductive.methods.gnn.common common.py:380: train_fullbatch epoch=50 val_loss=44.3321 bad_epochs=1/50
2026-02-02 15:27:04,546 DEBUG modssc.transductive.methods.gnn.common common.py:380: train_fullbatch epoch=51 val_loss=17.1747 bad_epochs=2/50
2026-02-02 15:27:04,551 DEBUG modssc.transductive.methods.gnn.common common.py:380: train_fullbatch epoch=52 val_loss=25.5318 bad_epochs=3/50
2026-02-02 15:27:04,555 DEBUG modssc.transductive.methods.gnn.common common.py:380: train_fullbatch epoch=53 val_loss=14.1020 bad_epochs=4/50
2026-02-02 15:27:04,559 DEBUG modssc.transductive.methods.gnn.common common.py:380: train_fullbatch epoch=54 val_loss=67.4145 bad_epochs=5/50
2026-02-02 15:27:04,563 DEBUG modssc.transductive.methods.gnn.common common.py:380: train_fullbatch epoch=55 val_loss=43.0823 bad_epochs=6/50
2026-02-02 15:27:04,567 DEBUG modssc.transductive.methods.gnn.common common.py:380: train_fullbatch epoch=56 val_loss=19.9583 bad_epochs=7/50
2026-02-02 15:27:04,571 DEBUG modssc.transductive.methods.gnn.common common.py:380: train_fullbatch epoch=57 val_loss=21.5711 bad_epochs=8/50
2026-02-02 15:27:04,576 DEBUG modssc.transductive.methods.gnn.common common.py:373: train_fullbatch epoch=58 val_loss=10.0786 best updated
2026-02-02 15:27:04,580 DEBUG modssc.transductive.methods.gnn.common common.py:373: train_fullbatch epoch=59 val_loss=8.8057 best updated
2026-02-02 15:27:04,584 DEBUG modssc.transductive.methods.gnn.common common.py:380: train_fullbatch epoch=60 val_loss=15.2513 bad_epochs=1/50
2026-02-02 15:27:04,588 DEBUG modssc.transductive.methods.gnn.common common.py:380: train_fullbatch epoch=61 val_loss=9.3809 bad_epochs=2/50
2026-02-02 15:27:04,592 DEBUG modssc.transductive.methods.gnn.common common.py:380: train_fullbatch epoch=62 val_loss=40.2482 bad_epochs=3/50
2026-02-02 15:27:04,597 DEBUG modssc.transductive.methods.gnn.common common.py:380: train_fullbatch epoch=63 val_loss=8.8488 bad_epochs=4/50
2026-02-02 15:27:04,601 DEBUG modssc.transductive.methods.gnn.common common.py:380: train_fullbatch epoch=64 val_loss=20.1495 bad_epochs=5/50
2026-02-02 15:27:04,605 DEBUG modssc.transductive.methods.gnn.common common.py:380: train_fullbatch epoch=65 val_loss=16.4475 bad_epochs=6/50
2026-02-02 15:27:04,609 DEBUG modssc.transductive.methods.gnn.common common.py:380: train_fullbatch epoch=66 val_loss=14.9854 bad_epochs=7/50
2026-02-02 15:27:04,613 DEBUG modssc.transductive.methods.gnn.common common.py:380: train_fullbatch epoch=67 val_loss=9.1567 bad_epochs=8/50
2026-02-02 15:27:04,617 DEBUG modssc.transductive.methods.gnn.common common.py:380: train_fullbatch epoch=68 val_loss=12.7650 bad_epochs=9/50
2026-02-02 15:27:04,622 DEBUG modssc.transductive.methods.gnn.common common.py:373: train_fullbatch epoch=69 val_loss=8.4146 best updated
2026-02-02 15:27:04,626 DEBUG modssc.transductive.methods.gnn.common common.py:380: train_fullbatch epoch=70 val_loss=23.2898 bad_epochs=1/50
2026-02-02 15:27:04,630 DEBUG modssc.transductive.methods.gnn.common common.py:380: train_fullbatch epoch=71 val_loss=11.0571 bad_epochs=2/50
2026-02-02 15:27:04,634 DEBUG modssc.transductive.methods.gnn.common common.py:380: train_fullbatch epoch=72 val_loss=11.2609 bad_epochs=3/50
2026-02-02 15:27:04,638 DEBUG modssc.transductive.methods.gnn.common common.py:380: train_fullbatch epoch=73 val_loss=23.9529 bad_epochs=4/50
2026-02-02 15:27:04,643 DEBUG modssc.transductive.methods.gnn.common common.py:373: train_fullbatch epoch=74 val_loss=5.6876 best updated
2026-02-02 15:27:04,647 DEBUG modssc.transductive.methods.gnn.common common.py:380: train_fullbatch epoch=75 val_loss=5.7803 bad_epochs=1/50
2026-02-02 15:27:04,651 DEBUG modssc.transductive.methods.gnn.common common.py:380: train_fullbatch epoch=76 val_loss=11.4652 bad_epochs=2/50
2026-02-02 15:27:04,655 DEBUG modssc.transductive.methods.gnn.common common.py:380: train_fullbatch epoch=77 val_loss=10.6598 bad_epochs=3/50
2026-02-02 15:27:04,659 DEBUG modssc.transductive.methods.gnn.common common.py:380: train_fullbatch epoch=78 val_loss=9.0784 bad_epochs=4/50
2026-02-02 15:27:04,663 DEBUG modssc.transductive.methods.gnn.common common.py:380: train_fullbatch epoch=79 val_loss=11.1573 bad_epochs=5/50
2026-02-02 15:27:04,667 DEBUG modssc.transductive.methods.gnn.common common.py:380: train_fullbatch epoch=80 val_loss=5.9699 bad_epochs=6/50
2026-02-02 15:27:04,672 DEBUG modssc.transductive.methods.gnn.common common.py:380: train_fullbatch epoch=81 val_loss=12.3584 bad_epochs=7/50
2026-02-02 15:27:04,676 DEBUG modssc.transductive.methods.gnn.common common.py:380: train_fullbatch epoch=82 val_loss=5.8623 bad_epochs=8/50
2026-02-02 15:27:04,680 DEBUG modssc.transductive.methods.gnn.common common.py:380: train_fullbatch epoch=83 val_loss=7.6353 bad_epochs=9/50
2026-02-02 15:27:04,684 DEBUG modssc.transductive.methods.gnn.common common.py:373: train_fullbatch epoch=84 val_loss=5.6686 best updated
2026-02-02 15:27:04,689 DEBUG modssc.transductive.methods.gnn.common common.py:373: train_fullbatch epoch=85 val_loss=4.9804 best updated
2026-02-02 15:27:04,693 DEBUG modssc.transductive.methods.gnn.common common.py:373: train_fullbatch epoch=86 val_loss=4.9612 best updated
2026-02-02 15:27:04,697 DEBUG modssc.transductive.methods.gnn.common common.py:380: train_fullbatch epoch=87 val_loss=10.9851 bad_epochs=1/50
2026-02-02 15:27:04,701 DEBUG modssc.transductive.methods.gnn.common common.py:380: train_fullbatch epoch=88 val_loss=6.8439 bad_epochs=2/50
2026-02-02 15:27:04,705 DEBUG modssc.transductive.methods.gnn.common common.py:380: train_fullbatch epoch=89 val_loss=5.5129 bad_epochs=3/50
2026-02-02 15:27:04,710 DEBUG modssc.transductive.methods.gnn.common common.py:373: train_fullbatch epoch=90 val_loss=4.1849 best updated
2026-02-02 15:27:04,714 DEBUG modssc.transductive.methods.gnn.common common.py:373: train_fullbatch epoch=91 val_loss=3.7376 best updated
2026-02-02 15:27:04,718 DEBUG modssc.transductive.methods.gnn.common common.py:380: train_fullbatch epoch=92 val_loss=26.0285 bad_epochs=1/50
2026-02-02 15:27:04,722 DEBUG modssc.transductive.methods.gnn.common common.py:380: train_fullbatch epoch=93 val_loss=4.6737 bad_epochs=2/50
2026-02-02 15:27:04,726 DEBUG modssc.transductive.methods.gnn.common common.py:380: train_fullbatch epoch=94 val_loss=8.0839 bad_epochs=3/50
2026-02-02 15:27:04,730 DEBUG modssc.transductive.methods.gnn.common common.py:380: train_fullbatch epoch=95 val_loss=7.3545 bad_epochs=4/50
2026-02-02 15:27:04,735 DEBUG modssc.transductive.methods.gnn.common common.py:380: train_fullbatch epoch=96 val_loss=5.9367 bad_epochs=5/50
2026-02-02 15:27:04,739 DEBUG modssc.transductive.methods.gnn.common common.py:380: train_fullbatch epoch=97 val_loss=4.3778 bad_epochs=6/50
2026-02-02 15:27:04,743 DEBUG modssc.transductive.methods.gnn.common common.py:380: train_fullbatch epoch=98 val_loss=27.2917 bad_epochs=7/50
2026-02-02 15:27:04,747 DEBUG modssc.transductive.methods.gnn.common common.py:380: train_fullbatch epoch=99 val_loss=20.9781 bad_epochs=8/50
2026-02-02 15:27:04,751 DEBUG modssc.transductive.methods.gnn.common common.py:380: train_fullbatch epoch=100 val_loss=7.8576 bad_epochs=9/50
2026-02-02 15:27:04,755 DEBUG modssc.transductive.methods.gnn.common common.py:380: train_fullbatch epoch=101 val_loss=9.4858 bad_epochs=10/50
2026-02-02 15:27:04,760 DEBUG modssc.transductive.methods.gnn.common common.py:380: train_fullbatch epoch=102 val_loss=7.6057 bad_epochs=11/50
2026-02-02 15:27:04,764 DEBUG modssc.transductive.methods.gnn.common common.py:380: train_fullbatch epoch=103 val_loss=5.0376 bad_epochs=12/50
2026-02-02 15:27:04,768 DEBUG modssc.transductive.methods.gnn.common common.py:380: train_fullbatch epoch=104 val_loss=20.9721 bad_epochs=13/50
2026-02-02 15:27:04,772 DEBUG modssc.transductive.methods.gnn.common common.py:380: train_fullbatch epoch=105 val_loss=12.2450 bad_epochs=14/50
2026-02-02 15:27:04,776 DEBUG modssc.transductive.methods.gnn.common common.py:380: train_fullbatch epoch=106 val_loss=7.0498 bad_epochs=15/50
2026-02-02 15:27:04,780 DEBUG modssc.transductive.methods.gnn.common common.py:380: train_fullbatch epoch=107 val_loss=8.6261 bad_epochs=16/50
2026-02-02 15:27:04,785 DEBUG modssc.transductive.methods.gnn.common common.py:380: train_fullbatch epoch=108 val_loss=6.0003 bad_epochs=17/50
2026-02-02 15:27:04,789 DEBUG modssc.transductive.methods.gnn.common common.py:373: train_fullbatch epoch=109 val_loss=3.2269 best updated
2026-02-02 15:27:04,793 DEBUG modssc.transductive.methods.gnn.common common.py:380: train_fullbatch epoch=110 val_loss=23.1317 bad_epochs=1/50
2026-02-02 15:27:04,797 DEBUG modssc.transductive.methods.gnn.common common.py:380: train_fullbatch epoch=111 val_loss=4.7784 bad_epochs=2/50
2026-02-02 15:27:04,801 DEBUG modssc.transductive.methods.gnn.common common.py:380: train_fullbatch epoch=112 val_loss=6.7632 bad_epochs=3/50
2026-02-02 15:27:04,805 DEBUG modssc.transductive.methods.gnn.common common.py:380: train_fullbatch epoch=113 val_loss=7.4411 bad_epochs=4/50
2026-02-02 15:27:04,810 DEBUG modssc.transductive.methods.gnn.common common.py:380: train_fullbatch epoch=114 val_loss=6.0313 bad_epochs=5/50
2026-02-02 15:27:04,814 DEBUG modssc.transductive.methods.gnn.common common.py:380: train_fullbatch epoch=115 val_loss=3.9733 bad_epochs=6/50
2026-02-02 15:27:04,818 DEBUG modssc.transductive.methods.gnn.common common.py:380: train_fullbatch epoch=116 val_loss=31.9280 bad_epochs=7/50
2026-02-02 15:27:04,822 DEBUG modssc.transductive.methods.gnn.common common.py:380: train_fullbatch epoch=117 val_loss=21.9239 bad_epochs=8/50
2026-02-02 15:27:04,826 DEBUG modssc.transductive.methods.gnn.common common.py:380: train_fullbatch epoch=118 val_loss=6.3443 bad_epochs=9/50
2026-02-02 15:27:04,830 DEBUG modssc.transductive.methods.gnn.common common.py:380: train_fullbatch epoch=119 val_loss=9.0675 bad_epochs=10/50
2026-02-02 15:27:04,835 DEBUG modssc.transductive.methods.gnn.common common.py:380: train_fullbatch epoch=120 val_loss=9.7366 bad_epochs=11/50
2026-02-02 15:27:04,839 DEBUG modssc.transductive.methods.gnn.common common.py:380: train_fullbatch epoch=121 val_loss=7.4738 bad_epochs=12/50
2026-02-02 15:27:04,843 DEBUG modssc.transductive.methods.gnn.common common.py:380: train_fullbatch epoch=122 val_loss=5.0528 bad_epochs=13/50
2026-02-02 15:27:04,847 DEBUG modssc.transductive.methods.gnn.common common.py:380: train_fullbatch epoch=123 val_loss=18.2813 bad_epochs=14/50
2026-02-02 15:27:04,851 DEBUG modssc.transductive.methods.gnn.common common.py:380: train_fullbatch epoch=124 val_loss=3.7529 bad_epochs=15/50
2026-02-02 15:27:04,855 DEBUG modssc.transductive.methods.gnn.common common.py:380: train_fullbatch epoch=125 val_loss=4.8125 bad_epochs=16/50
2026-02-02 15:27:04,860 DEBUG modssc.transductive.methods.gnn.common common.py:380: train_fullbatch epoch=126 val_loss=6.2879 bad_epochs=17/50
2026-02-02 15:27:04,864 DEBUG modssc.transductive.methods.gnn.common common.py:380: train_fullbatch epoch=127 val_loss=5.1934 bad_epochs=18/50
2026-02-02 15:27:04,868 DEBUG modssc.transductive.methods.gnn.common common.py:380: train_fullbatch epoch=128 val_loss=3.7901 bad_epochs=19/50
2026-02-02 15:27:04,872 DEBUG modssc.transductive.methods.gnn.common common.py:380: train_fullbatch epoch=129 val_loss=14.4626 bad_epochs=20/50
2026-02-02 15:27:04,876 DEBUG modssc.transductive.methods.gnn.common common.py:380: train_fullbatch epoch=130 val_loss=11.0606 bad_epochs=21/50
2026-02-02 15:27:04,880 DEBUG modssc.transductive.methods.gnn.common common.py:380: train_fullbatch epoch=131 val_loss=4.2814 bad_epochs=22/50
2026-02-02 15:27:04,885 DEBUG modssc.transductive.methods.gnn.common common.py:380: train_fullbatch epoch=132 val_loss=4.9831 bad_epochs=23/50
2026-02-02 15:27:04,889 DEBUG modssc.transductive.methods.gnn.common common.py:380: train_fullbatch epoch=133 val_loss=5.6732 bad_epochs=24/50
2026-02-02 15:27:04,893 DEBUG modssc.transductive.methods.gnn.common common.py:380: train_fullbatch epoch=134 val_loss=4.3281 bad_epochs=25/50
2026-02-02 15:27:04,897 DEBUG modssc.transductive.methods.gnn.common common.py:380: train_fullbatch epoch=135 val_loss=3.8382 bad_epochs=26/50
2026-02-02 15:27:04,901 DEBUG modssc.transductive.methods.gnn.common common.py:380: train_fullbatch epoch=136 val_loss=7.4246 bad_epochs=27/50
2026-02-02 15:27:04,905 DEBUG modssc.transductive.methods.gnn.common common.py:380: train_fullbatch epoch=137 val_loss=4.0769 bad_epochs=28/50
2026-02-02 15:27:04,910 DEBUG modssc.transductive.methods.gnn.common common.py:380: train_fullbatch epoch=138 val_loss=4.6447 bad_epochs=29/50
2026-02-02 15:27:04,914 DEBUG modssc.transductive.methods.gnn.common common.py:380: train_fullbatch epoch=139 val_loss=4.1049 bad_epochs=30/50
2026-02-02 15:27:04,918 DEBUG modssc.transductive.methods.gnn.common common.py:373: train_fullbatch epoch=140 val_loss=2.9410 best updated
2026-02-02 15:27:04,922 DEBUG modssc.transductive.methods.gnn.common common.py:380: train_fullbatch epoch=141 val_loss=9.8246 bad_epochs=1/50
2026-02-02 15:27:04,926 DEBUG modssc.transductive.methods.gnn.common common.py:380: train_fullbatch epoch=142 val_loss=4.4896 bad_epochs=2/50
2026-02-02 15:27:04,930 DEBUG modssc.transductive.methods.gnn.common common.py:380: train_fullbatch epoch=143 val_loss=3.9820 bad_epochs=3/50
2026-02-02 15:27:04,935 DEBUG modssc.transductive.methods.gnn.common common.py:380: train_fullbatch epoch=144 val_loss=4.6446 bad_epochs=4/50
2026-02-02 15:27:04,939 DEBUG modssc.transductive.methods.gnn.common common.py:380: train_fullbatch epoch=145 val_loss=2.9806 bad_epochs=5/50
2026-02-02 15:27:04,943 DEBUG modssc.transductive.methods.gnn.common common.py:380: train_fullbatch epoch=146 val_loss=4.8303 bad_epochs=6/50
2026-02-02 15:27:04,947 DEBUG modssc.transductive.methods.gnn.common common.py:373: train_fullbatch epoch=147 val_loss=2.5317 best updated
2026-02-02 15:27:04,951 DEBUG modssc.transductive.methods.gnn.common common.py:380: train_fullbatch epoch=148 val_loss=4.6022 bad_epochs=1/50
2026-02-02 15:27:04,956 DEBUG modssc.transductive.methods.gnn.common common.py:380: train_fullbatch epoch=149 val_loss=3.3961 bad_epochs=2/50
2026-02-02 15:27:04,960 DEBUG modssc.transductive.methods.gnn.common common.py:380: train_fullbatch epoch=150 val_loss=3.4058 bad_epochs=3/50
2026-02-02 15:27:04,964 DEBUG modssc.transductive.methods.gnn.common common.py:380: train_fullbatch epoch=151 val_loss=2.9376 bad_epochs=4/50
2026-02-02 15:27:04,968 DEBUG modssc.transductive.methods.gnn.common common.py:380: train_fullbatch epoch=152 val_loss=2.6202 bad_epochs=5/50
2026-02-02 15:27:04,972 DEBUG modssc.transductive.methods.gnn.common common.py:380: train_fullbatch epoch=153 val_loss=3.9836 bad_epochs=6/50
2026-02-02 15:27:04,976 DEBUG modssc.transductive.methods.gnn.common common.py:380: train_fullbatch epoch=154 val_loss=2.8298 bad_epochs=7/50
2026-02-02 15:27:04,980 DEBUG modssc.transductive.methods.gnn.common common.py:380: train_fullbatch epoch=155 val_loss=3.8366 bad_epochs=8/50
2026-02-02 15:27:04,985 DEBUG modssc.transductive.methods.gnn.common common.py:380: train_fullbatch epoch=156 val_loss=2.6320 bad_epochs=9/50
2026-02-02 15:27:04,989 DEBUG modssc.transductive.methods.gnn.common common.py:380: train_fullbatch epoch=157 val_loss=2.6424 bad_epochs=10/50
2026-02-02 15:27:04,993 DEBUG modssc.transductive.methods.gnn.common common.py:380: train_fullbatch epoch=158 val_loss=4.5225 bad_epochs=11/50
2026-02-02 15:27:04,997 DEBUG modssc.transductive.methods.gnn.common common.py:380: train_fullbatch epoch=159 val_loss=2.7478 bad_epochs=12/50
2026-02-02 15:27:05,001 DEBUG modssc.transductive.methods.gnn.common common.py:380: train_fullbatch epoch=160 val_loss=4.9805 bad_epochs=13/50
2026-02-02 15:27:05,005 DEBUG modssc.transductive.methods.gnn.common common.py:380: train_fullbatch epoch=161 val_loss=3.0895 bad_epochs=14/50
2026-02-02 15:27:05,010 DEBUG modssc.transductive.methods.gnn.common common.py:380: train_fullbatch epoch=162 val_loss=4.0998 bad_epochs=15/50
2026-02-02 15:27:05,014 DEBUG modssc.transductive.methods.gnn.common common.py:380: train_fullbatch epoch=163 val_loss=6.3876 bad_epochs=16/50
2026-02-02 15:27:05,018 DEBUG modssc.transductive.methods.gnn.common common.py:380: train_fullbatch epoch=164 val_loss=2.8362 bad_epochs=17/50
2026-02-02 15:27:05,022 DEBUG modssc.transductive.methods.gnn.common common.py:380: train_fullbatch epoch=165 val_loss=3.6133 bad_epochs=18/50
2026-02-02 15:27:05,026 DEBUG modssc.transductive.methods.gnn.common common.py:380: train_fullbatch epoch=166 val_loss=3.0554 bad_epochs=19/50
2026-02-02 15:27:05,030 DEBUG modssc.transductive.methods.gnn.common common.py:380: train_fullbatch epoch=167 val_loss=2.7427 bad_epochs=20/50
2026-02-02 15:27:05,035 DEBUG modssc.transductive.methods.gnn.common common.py:373: train_fullbatch epoch=168 val_loss=2.4886 best updated
2026-02-02 15:27:05,039 DEBUG modssc.transductive.methods.gnn.common common.py:373: train_fullbatch epoch=169 val_loss=2.1851 best updated
2026-02-02 15:27:05,043 DEBUG modssc.transductive.methods.gnn.common common.py:380: train_fullbatch epoch=170 val_loss=2.9611 bad_epochs=1/50
2026-02-02 15:27:05,047 DEBUG modssc.transductive.methods.gnn.common common.py:373: train_fullbatch epoch=171 val_loss=2.1476 best updated
2026-02-02 15:27:05,051 DEBUG modssc.transductive.methods.gnn.common common.py:380: train_fullbatch epoch=172 val_loss=4.7318 bad_epochs=1/50
2026-02-02 15:27:05,056 DEBUG modssc.transductive.methods.gnn.common common.py:380: train_fullbatch epoch=173 val_loss=2.3507 bad_epochs=2/50
2026-02-02 15:27:05,060 DEBUG modssc.transductive.methods.gnn.common common.py:380: train_fullbatch epoch=174 val_loss=2.5144 bad_epochs=3/50
2026-02-02 15:27:05,064 DEBUG modssc.transductive.methods.gnn.common common.py:380: train_fullbatch epoch=175 val_loss=3.8305 bad_epochs=4/50
2026-02-02 15:27:05,068 DEBUG modssc.transductive.methods.gnn.common common.py:380: train_fullbatch epoch=176 val_loss=2.4354 bad_epochs=5/50
2026-02-02 15:27:05,072 DEBUG modssc.transductive.methods.gnn.common common.py:380: train_fullbatch epoch=177 val_loss=2.3628 bad_epochs=6/50
2026-02-02 15:27:05,076 DEBUG modssc.transductive.methods.gnn.common common.py:380: train_fullbatch epoch=178 val_loss=4.2192 bad_epochs=7/50
2026-02-02 15:27:05,081 DEBUG modssc.transductive.methods.gnn.common common.py:373: train_fullbatch epoch=179 val_loss=1.8989 best updated
2026-02-02 15:27:05,085 DEBUG modssc.transductive.methods.gnn.common common.py:380: train_fullbatch epoch=180 val_loss=3.3095 bad_epochs=1/50
2026-02-02 15:27:05,089 DEBUG modssc.transductive.methods.gnn.common common.py:380: train_fullbatch epoch=181 val_loss=2.6654 bad_epochs=2/50
2026-02-02 15:27:05,093 DEBUG modssc.transductive.methods.gnn.common common.py:380: train_fullbatch epoch=182 val_loss=2.9602 bad_epochs=3/50
2026-02-02 15:27:05,097 DEBUG modssc.transductive.methods.gnn.common common.py:380: train_fullbatch epoch=183 val_loss=5.6753 bad_epochs=4/50
2026-02-02 15:27:05,101 DEBUG modssc.transductive.methods.gnn.common common.py:380: train_fullbatch epoch=184 val_loss=2.8000 bad_epochs=5/50
2026-02-02 15:27:05,106 DEBUG modssc.transductive.methods.gnn.common common.py:380: train_fullbatch epoch=185 val_loss=3.0416 bad_epochs=6/50
2026-02-02 15:27:05,110 DEBUG modssc.transductive.methods.gnn.common common.py:380: train_fullbatch epoch=186 val_loss=3.1033 bad_epochs=7/50
2026-02-02 15:27:05,114 DEBUG modssc.transductive.methods.gnn.common common.py:380: train_fullbatch epoch=187 val_loss=2.1581 bad_epochs=8/50
2026-02-02 15:27:05,118 DEBUG modssc.transductive.methods.gnn.common common.py:380: train_fullbatch epoch=188 val_loss=4.4785 bad_epochs=9/50
2026-02-02 15:27:05,122 DEBUG modssc.transductive.methods.gnn.common common.py:380: train_fullbatch epoch=189 val_loss=2.1434 bad_epochs=10/50
2026-02-02 15:27:05,126 DEBUG modssc.transductive.methods.gnn.common common.py:380: train_fullbatch epoch=190 val_loss=2.4581 bad_epochs=11/50
2026-02-02 15:27:05,131 DEBUG modssc.transductive.methods.gnn.common common.py:380: train_fullbatch epoch=191 val_loss=2.1281 bad_epochs=12/50
2026-02-02 15:27:05,135 DEBUG modssc.transductive.methods.gnn.common common.py:380: train_fullbatch epoch=192 val_loss=2.3186 bad_epochs=13/50
2026-02-02 15:27:05,139 DEBUG modssc.transductive.methods.gnn.common common.py:373: train_fullbatch epoch=193 val_loss=1.8562 best updated
2026-02-02 15:27:05,143 DEBUG modssc.transductive.methods.gnn.common common.py:380: train_fullbatch epoch=194 val_loss=2.6157 bad_epochs=1/50
2026-02-02 15:27:05,147 DEBUG modssc.transductive.methods.gnn.common common.py:373: train_fullbatch epoch=195 val_loss=1.5364 best updated
2026-02-02 15:27:05,152 DEBUG modssc.transductive.methods.gnn.common common.py:380: train_fullbatch epoch=196 val_loss=4.6541 bad_epochs=1/50
2026-02-02 15:27:05,156 DEBUG modssc.transductive.methods.gnn.common common.py:380: train_fullbatch epoch=197 val_loss=2.2962 bad_epochs=2/50
2026-02-02 15:27:05,160 DEBUG modssc.transductive.methods.gnn.common common.py:380: train_fullbatch epoch=198 val_loss=2.3201 bad_epochs=3/50
2026-02-02 15:27:05,164 DEBUG modssc.transductive.methods.gnn.common common.py:380: train_fullbatch epoch=199 val_loss=2.6763 bad_epochs=4/50
2026-02-02 15:27:05,164 DEBUG modssc.transductive.methods.gnn.common common.py:399: train_fullbatch done n_epochs=200 best_epoch=195 best_val_loss=1.536426305770874
2026-02-02 15:27:05,164 INFO modssc.transductive.methods.gnn.chebnet chebnet.py:150: Finished chebnet.fit in 1.994s
2026-02-02 15:27:05,164 INFO bench.orchestrators.method_transductive method_transductive.py:218: Transductive method done: id=chebnet duration_s=1.994
2026-02-02 15:27:05,164 INFO bench.orchestrators.evaluation evaluation.py:244: Evaluation (transductive): splits=['val', 'test'] metrics=['accuracy', 'macro_f1']
2026-02-02 15:27:05,168 INFO bench.orchestrators.evaluation evaluation.py:263: Evaluation (transductive) done: duration_s=0.004
2026-02-02 15:27:05,170 INFO bench.orchestrators.reporting reporting.py:54: Run summary written: /nfs/home/mbarbaux/ModSSC/runs/transductive/chebnet/tabular/adult/best_tabular_transductive_chebnet_adult-20260202T142659Z/run.json status=success duration_s=0.001
