2026-02-02 16:56:09,404 INFO bench.orchestrators.dataset dataset.py:36: Dataset start: id=breast_cancer download=True cache_dir=None
2026-02-02 16:56:09,404 DEBUG bench.orchestrators.dataset dataset.py:42: Dataset options: []
2026-02-02 16:56:09,409 DEBUG modssc.data_loader.providers __init__.py:38: Creating provider: openml
2026-02-02 16:56:09,409 DEBUG modssc.data_loader.api api.py:316: Resolved dataset id=breast_cancer provider=openml canonical_uri=openml:15
2026-02-02 16:56:09,409 INFO modssc.data_loader.api api.py:117: Dataset load: id=breast_cancer provider=openml version=None fingerprint=6dece738ab3dfc5f1500b389918a8723dfd218d54ba657c31846dda9cfbbc81f download=True force=False cache_dir=/nfs/home/mbarbaux/ModSSC/cache/datasets
2026-02-02 16:56:09,409 DEBUG modssc.data_loader.api api.py:127: Dataset resolved_kwargs: {'data_id': 15, 'name': None, 'version': None, 'as_frame': False, 'target_column': None, 'class_filter': None, 'max_samples': None, 'seed': None}
2026-02-02 16:56:09,411 DEBUG modssc.data_loader.api api.py:403: Loaded cached dataset: fingerprint=6dece738ab3dfc5f1500b389918a8723dfd218d54ba657c31846dda9cfbbc81f
2026-02-02 16:56:09,415 INFO modssc.data_loader.api api.py:133: Dataset cached: id=breast_cancer train=699 test=None n_classes=2 duration_s=0.011
2026-02-02 16:56:09,415 INFO bench.orchestrators.dataset dataset.py:54: Dataset loaded: train=699 test=None graph=False fingerprint=6dece738ab3dfc5f1500b389918a8723dfd218d54ba657c31846dda9cfbbc81f provider=openml
2026-02-02 16:56:09,415 INFO bench.orchestrators.dataset dataset.py:62: Dataset stage done: duration_s=0.011
2026-02-02 16:56:09,464 INFO bench.orchestrators.sampling sampling.py:86: Sampling start: seed=1 dataset_id=breast_cancer
2026-02-02 16:56:09,464 DEBUG bench.orchestrators.sampling sampling.py:87: Sampling plan: split={'kind': 'holdout', 'test_fraction': 0.2, 'val_fraction': 0.1, 'stratify': True, 'shuffle': True} labeling={'mode': 'fraction', 'value': 0.2, 'per_class': False, 'min_per_class': 1, 'strategy': 'balanced', 'fixed_indices': None} imbalance={'kind': 'none', 'apply_to': 'train', 'max_per_class': None, 'alpha': None, 'min_per_class': 1} policy={'respect_official_test': True, 'use_official_graph_masks': True, 'allow_override_official': False}
2026-02-02 16:56:09,464 DEBUG bench.orchestrators.sampling sampling.py:98: Sampling dataset_fingerprint=6dece738ab3dfc5f1500b389918a8723dfd218d54ba657c31846dda9cfbbc81f
2026-02-02 16:56:09,464 INFO modssc.sampling.api api.py:99: Sampling start: dataset_id=breast_cancer dataset_fingerprint=6dece738ab3dfc5f1500b389918a8723dfd218d54ba657c31846dda9cfbbc81f seed=1 graph=False split=holdout
2026-02-02 16:56:09,464 DEBUG modssc.sampling.api api.py:107: Sampling plan: {'split': {'kind': 'holdout', 'test_fraction': 0.2, 'val_fraction': 0.1, 'stratify': True, 'shuffle': True}, 'labeling': {'mode': 'fraction', 'value': 0.2, 'per_class': False, 'min_per_class': 1, 'strategy': 'balanced', 'fixed_indices': None}, 'imbalance': {'kind': 'none', 'apply_to': 'train', 'max_per_class': None, 'alpha': None, 'min_per_class': 1}, 'policy': {'respect_official_test': True, 'use_official_graph_masks': True, 'allow_override_official': False}}
2026-02-02 16:56:09,472 INFO modssc.sampling.api api.py:141: Sampling done: train=503 val=56 test=140 labeled=101 unlabeled=402 duration_s=0.008
2026-02-02 16:56:09,472 DEBUG modssc.sampling.api api.py:150: Sampling stats: {'policy': {'respect_official_test': True, 'has_official_test': False, 'test_ref': 'train'}, 'train': {'n': 503, 'classes': {'benign': 329, 'malignant': 174}}, 'val': {'n': 56, 'classes': {'benign': 37, 'malignant': 19}}, 'train_labeled': {'n': 101, 'classes': {'benign': 51, 'malignant': 50}}, 'train_unlabeled': {'n': 402}, 'test': {'n': 140, 'classes': {'benign': 92, 'malignant': 48}}}
2026-02-02 16:56:09,473 INFO bench.orchestrators.sampling sampling.py:123: Sampling result: train=503 val=56 test=140 labeled=101 unlabeled=402 graph=False
2026-02-02 16:56:09,473 DEBUG bench.orchestrators.sampling sampling.py:132: Sampling stats: {'policy': {'respect_official_test': True, 'has_official_test': False, 'test_ref': 'train'}, 'train': {'n': 503, 'classes': {'benign': 329, 'malignant': 174}}, 'val': {'n': 56, 'classes': {'benign': 37, 'malignant': 19}}, 'train_labeled': {'n': 101, 'classes': {'benign': 51, 'malignant': 50}}, 'train_unlabeled': {'n': 402}, 'test': {'n': 140, 'classes': {'benign': 92, 'malignant': 48}}}
2026-02-02 16:56:09,473 INFO bench.orchestrators.sampling sampling.py:133: Sampling stage done: duration_s=0.009
2026-02-02 16:56:09,473 INFO bench.orchestrators.preprocess preprocess.py:105: Preprocess start: seed=1 cache=True n_steps=6 fit_indices=101
2026-02-02 16:56:09,473 DEBUG bench.orchestrators.preprocess preprocess.py:112: Preprocess plan: output_key=features.X steps=['labels.encode', 'labels.to_torch', 'core.ensure_2d', 'tabular.impute', 'tabular.standard_scaler', 'core.to_torch']
2026-02-02 16:56:09,473 INFO modssc.preprocess.api api.py:490: Preprocess start: dataset_fp=6dece738ab3dfc5f1500b389918a8723dfd218d54ba657c31846dda9cfbbc81f steps=['labels.encode', 'labels.to_torch', 'core.ensure_2d', 'tabular.impute', 'tabular.standard_scaler', 'core.to_torch'] output_key=features.X seed=1 cache=True
2026-02-02 16:56:09,473 DEBUG modssc.preprocess.api api.py:498: Preprocess input shapes: train_X=(699, 9) train_y=(699,) test_X=None test_y=None
2026-02-02 16:56:09,473 INFO modssc.preprocess.api api.py:505: Preprocess input size: train_data=54.6 KB test_data=n/a
2026-02-02 16:56:09,473 DEBUG modssc.preprocess.api api.py:521: Preprocess step start: id=labels.encode index=0 kind=transform params={}
2026-02-02 16:56:09,475 DEBUG modssc.preprocess.api api.py:605: Preprocess step train outputs: id=labels.encode keys=['labels.classes', 'labels.y'] duration_s=0.002
2026-02-02 16:56:09,475 INFO modssc.preprocess.api api.py:679: Preprocess step done: id=labels.encode index=0 duration_s=0.002 train_data=54.6 KB test_data=n/a
2026-02-02 16:56:09,475 DEBUG modssc.preprocess.api api.py:521: Preprocess step start: id=labels.to_torch index=1 kind=transform params={'device': 'auto', 'dtype': 'int64'}
2026-02-02 16:56:09,571 DEBUG modssc.preprocess.api api.py:605: Preprocess step train outputs: id=labels.to_torch keys=['labels.y'] duration_s=0.096
2026-02-02 16:56:09,571 INFO modssc.preprocess.api api.py:267: Preprocess GPU device: device=cuda:0 model=NVIDIA L40
2026-02-02 16:56:09,571 INFO modssc.preprocess.api api.py:679: Preprocess step done: id=labels.to_torch index=1 duration_s=0.096 train_data=54.6 KB test_data=n/a
2026-02-02 16:56:09,572 DEBUG modssc.preprocess.api api.py:521: Preprocess step start: id=core.ensure_2d index=2 kind=transform params={}
2026-02-02 16:56:09,574 DEBUG modssc.preprocess.api api.py:605: Preprocess step train outputs: id=core.ensure_2d keys=['features.X'] duration_s=0.002
2026-02-02 16:56:09,574 INFO modssc.preprocess.api api.py:679: Preprocess step done: id=core.ensure_2d index=2 duration_s=0.002 train_data=54.6 KB test_data=n/a
2026-02-02 16:56:09,574 DEBUG modssc.preprocess.api api.py:521: Preprocess step start: id=tabular.impute index=3 kind=fittable params={}
2026-02-02 16:56:10,510 DEBUG modssc.preprocess.api api.py:605: Preprocess step train outputs: id=tabular.impute keys=['features.X'] duration_s=0.936
2026-02-02 16:56:10,510 INFO modssc.preprocess.api api.py:679: Preprocess step done: id=tabular.impute index=3 duration_s=0.936 train_data=54.6 KB test_data=n/a
2026-02-02 16:56:10,510 DEBUG modssc.preprocess.api api.py:521: Preprocess step start: id=tabular.standard_scaler index=4 kind=fittable params={}
2026-02-02 16:56:10,512 DEBUG modssc.preprocess.api api.py:605: Preprocess step train outputs: id=tabular.standard_scaler keys=['features.X'] duration_s=0.002
2026-02-02 16:56:10,512 INFO modssc.preprocess.api api.py:679: Preprocess step done: id=tabular.standard_scaler index=4 duration_s=0.002 train_data=30.0 KB test_data=n/a
2026-02-02 16:56:10,512 DEBUG modssc.preprocess.api api.py:521: Preprocess step start: id=core.to_torch index=5 kind=transform params={'device': 'auto', 'dtype': 'float32'}
2026-02-02 16:56:10,514 DEBUG modssc.preprocess.api api.py:605: Preprocess step train outputs: id=core.to_torch keys=['features.X'] duration_s=0.001
2026-02-02 16:56:10,514 INFO modssc.preprocess.api api.py:679: Preprocess step done: id=core.to_torch index=5 duration_s=0.001 train_data=30.0 KB test_data=n/a
2026-02-02 16:56:10,514 INFO modssc.preprocess.api api.py:730: Preprocess done: dataset_fp=6dece738ab3dfc5f1500b389918a8723dfd218d54ba657c31846dda9cfbbc81f duration_s=1.041 train_X=(699, 9) test_X=None
2026-02-02 16:56:10,514 INFO bench.orchestrators.preprocess preprocess.py:124: Preprocess result: fingerprint=preprocess:e8e31b503533acb1dd05d9db0c55e174d3debbf7553704fffeddcdd394c40699 plan_fingerprint=resolved_plan:2fd28781de548db14dc25cb730c4a58beda13172ed36f45b2cc1411caf334e69 cache_dir=/nfs/home/mbarbaux/ModSSC/cache/preprocess/6dece738ab3dfc5f1500b389918a8723dfd218d54ba657c31846dda9cfbbc81f skipped=[]
2026-02-02 16:56:10,514 DEBUG bench.orchestrators.preprocess preprocess.py:131: Preprocess output shapes: train_X=(699, 9) test_X=None
2026-02-02 16:56:10,514 INFO bench.orchestrators.preprocess preprocess.py:136: Preprocess stage done: duration_s=1.041
2026-02-02 16:56:10,528 INFO bench.orchestrators.augmentation augmentation.py:66: Augmentation start: mode=fixed modality=tabular seed=1 n_samples=402 strong_views=1
2026-02-02 16:56:10,528 DEBUG bench.orchestrators.augmentation augmentation.py:74: Augmentation steps: weak=['tabular.gaussian_noise'] strong=['tabular.swap_noise']
2026-02-02 16:56:10,611 INFO bench.orchestrators.augmentation augmentation.py:191: Augmentation done: duration_s=0.083
2026-02-02 16:56:10,611 DEBUG bench.orchestrators.augmentation augmentation.py:192: Augmentation output shapes: weak=(402, 9) strong=(402, 9) strong_1=None
2026-02-02 16:56:10,611 INFO bench.orchestrators.method_inductive method_inductive.py:441: Inductive method start: id=daso seed=398591604 device=auto dtype=float32 model=mlp
2026-02-02 16:56:10,611 DEBUG bench.orchestrators.method_inductive method_inductive.py:470: Inductive method params: {'lambda_u': 1.0, 'lambda_align': 1.0, 'p_cutoff': 0.95, 't_proto': 0.05, 't_dist': 1.5, 'queue_size': 256, 'pretrain_steps': 5000, 'dist_update_period': 100, 'ema_decay': 0.999, 'use_ema': True, 'dist_aware': True, 'interp_alpha': 0.5, 'hard_label': True, 'use_cat': False, 'batch_size': 128, 'max_epochs': 50, 'detach_target': True}
2026-02-02 16:56:10,611 INFO bench.orchestrators.method_inductive method_inductive.py:476: Inductive method data: n_labeled=101 n_unlabeled=402
2026-02-02 16:56:11,490 INFO modssc.inductive.methods.daso daso.py:218: Starting daso.fit
2026-02-02 16:56:11,490 DEBUG modssc.inductive.methods.daso daso.py:219: params lambda_u=1.0 lambda_align=1.0 p_cutoff=0.95 t_proto=0.05 t_dist=1.5 queue_size=256 pretrain_steps=5000 dist_update_period=100 ema_decay=0.999 use_ema=True dist_aware=True interp_alpha=0.5 hard_label=True use_cat=False batch_size=128 max_epochs=50 detach_target=True has_model_bundle=True device=DeviceSpec(device='auto', dtype='float32') seed=398591604
2026-02-02 16:56:11,490 INFO modssc.inductive.methods.daso daso.py:262: DASO sizes: n_labeled=101 n_unlabeled=402
2026-02-02 16:56:11,609 DEBUG modssc.inductive.methods.daso daso.py:504: DASO epoch=0 pretrain=True mask_mean=0.000 sup_loss=0.7134 unsup_loss=0.0000 align_loss=0.0000
2026-02-02 16:56:11,649 DEBUG modssc.inductive.methods.daso daso.py:504: DASO epoch=1 pretrain=True mask_mean=0.000 sup_loss=0.3244 unsup_loss=0.0000 align_loss=0.0000
2026-02-02 16:56:11,658 DEBUG modssc.inductive.methods.daso daso.py:504: DASO epoch=2 pretrain=True mask_mean=0.156 sup_loss=0.1726 unsup_loss=0.0378 align_loss=0.0000
2026-02-02 16:56:11,666 DEBUG modssc.inductive.methods.daso daso.py:504: DASO epoch=3 pretrain=True mask_mean=0.781 sup_loss=0.1428 unsup_loss=0.0677 align_loss=0.0000
2026-02-02 16:56:11,675 DEBUG modssc.inductive.methods.daso daso.py:504: DASO epoch=4 pretrain=True mask_mean=0.969 sup_loss=0.1500 unsup_loss=0.0576 align_loss=0.0000
2026-02-02 16:56:11,683 DEBUG modssc.inductive.methods.daso daso.py:504: DASO epoch=5 pretrain=True mask_mean=0.906 sup_loss=0.1661 unsup_loss=0.0100 align_loss=0.0000
2026-02-02 16:56:11,691 DEBUG modssc.inductive.methods.daso daso.py:504: DASO epoch=6 pretrain=True mask_mean=0.930 sup_loss=0.1593 unsup_loss=0.0205 align_loss=0.0000
2026-02-02 16:56:11,700 DEBUG modssc.inductive.methods.daso daso.py:504: DASO epoch=7 pretrain=True mask_mean=0.914 sup_loss=0.1262 unsup_loss=0.0344 align_loss=0.0000
2026-02-02 16:56:11,708 DEBUG modssc.inductive.methods.daso daso.py:504: DASO epoch=8 pretrain=True mask_mean=0.891 sup_loss=0.1141 unsup_loss=0.0243 align_loss=0.0000
2026-02-02 16:56:11,716 DEBUG modssc.inductive.methods.daso daso.py:504: DASO epoch=9 pretrain=True mask_mean=0.898 sup_loss=0.0886 unsup_loss=0.0308 align_loss=0.0000
2026-02-02 16:56:11,724 DEBUG modssc.inductive.methods.daso daso.py:504: DASO epoch=10 pretrain=True mask_mean=0.859 sup_loss=0.0820 unsup_loss=0.0352 align_loss=0.0000
2026-02-02 16:56:11,732 DEBUG modssc.inductive.methods.daso daso.py:504: DASO epoch=11 pretrain=True mask_mean=0.844 sup_loss=0.0776 unsup_loss=0.0245 align_loss=0.0000
2026-02-02 16:56:11,741 DEBUG modssc.inductive.methods.daso daso.py:504: DASO epoch=12 pretrain=True mask_mean=0.852 sup_loss=0.0729 unsup_loss=0.0225 align_loss=0.0000
2026-02-02 16:56:11,749 DEBUG modssc.inductive.methods.daso daso.py:504: DASO epoch=13 pretrain=True mask_mean=0.875 sup_loss=0.0723 unsup_loss=0.0423 align_loss=0.0000
2026-02-02 16:56:11,757 DEBUG modssc.inductive.methods.daso daso.py:504: DASO epoch=14 pretrain=True mask_mean=0.891 sup_loss=0.0657 unsup_loss=0.0299 align_loss=0.0000
2026-02-02 16:56:11,765 DEBUG modssc.inductive.methods.daso daso.py:504: DASO epoch=15 pretrain=True mask_mean=0.883 sup_loss=0.0535 unsup_loss=0.0405 align_loss=0.0000
2026-02-02 16:56:11,773 DEBUG modssc.inductive.methods.daso daso.py:504: DASO epoch=16 pretrain=True mask_mean=0.875 sup_loss=0.0495 unsup_loss=0.0350 align_loss=0.0000
2026-02-02 16:56:11,781 DEBUG modssc.inductive.methods.daso daso.py:504: DASO epoch=17 pretrain=True mask_mean=0.891 sup_loss=0.0448 unsup_loss=0.0365 align_loss=0.0000
2026-02-02 16:56:11,790 DEBUG modssc.inductive.methods.daso daso.py:504: DASO epoch=18 pretrain=True mask_mean=0.914 sup_loss=0.0404 unsup_loss=0.0419 align_loss=0.0000
2026-02-02 16:56:11,798 DEBUG modssc.inductive.methods.daso daso.py:504: DASO epoch=19 pretrain=True mask_mean=0.922 sup_loss=0.0443 unsup_loss=0.0297 align_loss=0.0000
2026-02-02 16:56:11,806 DEBUG modssc.inductive.methods.daso daso.py:504: DASO epoch=20 pretrain=True mask_mean=0.914 sup_loss=0.0399 unsup_loss=0.0072 align_loss=0.0000
2026-02-02 16:56:11,814 DEBUG modssc.inductive.methods.daso daso.py:504: DASO epoch=21 pretrain=True mask_mean=0.938 sup_loss=0.0351 unsup_loss=0.0185 align_loss=0.0000
2026-02-02 16:56:11,822 DEBUG modssc.inductive.methods.daso daso.py:504: DASO epoch=22 pretrain=True mask_mean=0.914 sup_loss=0.0256 unsup_loss=0.0289 align_loss=0.0000
2026-02-02 16:56:11,831 DEBUG modssc.inductive.methods.daso daso.py:504: DASO epoch=23 pretrain=True mask_mean=0.922 sup_loss=0.0222 unsup_loss=0.0303 align_loss=0.0000
2026-02-02 16:56:11,839 DEBUG modssc.inductive.methods.daso daso.py:504: DASO epoch=24 pretrain=True mask_mean=0.914 sup_loss=0.0223 unsup_loss=0.0131 align_loss=0.0000
2026-02-02 16:56:11,847 DEBUG modssc.inductive.methods.daso daso.py:504: DASO epoch=25 pretrain=True mask_mean=0.906 sup_loss=0.0353 unsup_loss=0.0185 align_loss=0.0000
2026-02-02 16:56:11,855 DEBUG modssc.inductive.methods.daso daso.py:504: DASO epoch=26 pretrain=True mask_mean=0.938 sup_loss=0.0249 unsup_loss=0.0139 align_loss=0.0000
2026-02-02 16:56:11,863 DEBUG modssc.inductive.methods.daso daso.py:504: DASO epoch=27 pretrain=True mask_mean=0.914 sup_loss=0.0236 unsup_loss=0.0160 align_loss=0.0000
2026-02-02 16:56:11,872 DEBUG modssc.inductive.methods.daso daso.py:504: DASO epoch=28 pretrain=True mask_mean=0.945 sup_loss=0.0179 unsup_loss=0.0059 align_loss=0.0000
2026-02-02 16:56:11,880 DEBUG modssc.inductive.methods.daso daso.py:504: DASO epoch=29 pretrain=True mask_mean=0.914 sup_loss=0.0191 unsup_loss=0.0168 align_loss=0.0000
2026-02-02 16:56:11,888 DEBUG modssc.inductive.methods.daso daso.py:504: DASO epoch=30 pretrain=True mask_mean=0.891 sup_loss=0.0227 unsup_loss=0.0256 align_loss=0.0000
2026-02-02 16:56:11,896 DEBUG modssc.inductive.methods.daso daso.py:504: DASO epoch=31 pretrain=True mask_mean=0.961 sup_loss=0.0176 unsup_loss=0.0169 align_loss=0.0000
2026-02-02 16:56:11,904 DEBUG modssc.inductive.methods.daso daso.py:504: DASO epoch=32 pretrain=True mask_mean=0.953 sup_loss=0.0105 unsup_loss=0.0276 align_loss=0.0000
2026-02-02 16:56:11,913 DEBUG modssc.inductive.methods.daso daso.py:504: DASO epoch=33 pretrain=True mask_mean=0.961 sup_loss=0.0117 unsup_loss=0.0032 align_loss=0.0000
2026-02-02 16:56:11,921 DEBUG modssc.inductive.methods.daso daso.py:504: DASO epoch=34 pretrain=True mask_mean=0.930 sup_loss=0.0082 unsup_loss=0.0060 align_loss=0.0000
2026-02-02 16:56:11,929 DEBUG modssc.inductive.methods.daso daso.py:504: DASO epoch=35 pretrain=True mask_mean=0.961 sup_loss=0.0113 unsup_loss=0.0081 align_loss=0.0000
2026-02-02 16:56:11,937 DEBUG modssc.inductive.methods.daso daso.py:504: DASO epoch=36 pretrain=True mask_mean=0.945 sup_loss=0.0185 unsup_loss=0.0069 align_loss=0.0000
2026-02-02 16:56:11,945 DEBUG modssc.inductive.methods.daso daso.py:504: DASO epoch=37 pretrain=True mask_mean=0.945 sup_loss=0.0075 unsup_loss=0.0083 align_loss=0.0000
2026-02-02 16:56:11,954 DEBUG modssc.inductive.methods.daso daso.py:504: DASO epoch=38 pretrain=True mask_mean=0.938 sup_loss=0.0084 unsup_loss=0.0070 align_loss=0.0000
2026-02-02 16:56:11,962 DEBUG modssc.inductive.methods.daso daso.py:504: DASO epoch=39 pretrain=True mask_mean=0.938 sup_loss=0.0068 unsup_loss=0.0048 align_loss=0.0000
2026-02-02 16:56:11,970 DEBUG modssc.inductive.methods.daso daso.py:504: DASO epoch=40 pretrain=True mask_mean=0.938 sup_loss=0.0061 unsup_loss=0.0097 align_loss=0.0000
2026-02-02 16:56:11,978 DEBUG modssc.inductive.methods.daso daso.py:504: DASO epoch=41 pretrain=True mask_mean=0.969 sup_loss=0.0077 unsup_loss=0.0058 align_loss=0.0000
2026-02-02 16:56:11,986 DEBUG modssc.inductive.methods.daso daso.py:504: DASO epoch=42 pretrain=True mask_mean=0.953 sup_loss=0.0079 unsup_loss=0.0046 align_loss=0.0000
2026-02-02 16:56:11,995 DEBUG modssc.inductive.methods.daso daso.py:504: DASO epoch=43 pretrain=True mask_mean=0.953 sup_loss=0.0092 unsup_loss=0.0026 align_loss=0.0000
2026-02-02 16:56:12,003 DEBUG modssc.inductive.methods.daso daso.py:504: DASO epoch=44 pretrain=True mask_mean=0.984 sup_loss=0.0142 unsup_loss=0.0068 align_loss=0.0000
2026-02-02 16:56:12,011 DEBUG modssc.inductive.methods.daso daso.py:504: DASO epoch=45 pretrain=True mask_mean=0.977 sup_loss=0.0059 unsup_loss=0.0022 align_loss=0.0000
2026-02-02 16:56:12,019 DEBUG modssc.inductive.methods.daso daso.py:504: DASO epoch=46 pretrain=True mask_mean=0.945 sup_loss=0.0083 unsup_loss=0.0064 align_loss=0.0000
2026-02-02 16:56:12,027 DEBUG modssc.inductive.methods.daso daso.py:504: DASO epoch=47 pretrain=True mask_mean=0.938 sup_loss=0.0059 unsup_loss=0.0054 align_loss=0.0000
2026-02-02 16:56:12,035 DEBUG modssc.inductive.methods.daso daso.py:504: DASO epoch=48 pretrain=True mask_mean=0.969 sup_loss=0.0038 unsup_loss=0.0048 align_loss=0.0000
2026-02-02 16:56:12,044 DEBUG modssc.inductive.methods.daso daso.py:504: DASO epoch=49 pretrain=True mask_mean=0.992 sup_loss=0.0061 unsup_loss=0.0036 align_loss=0.0000
2026-02-02 16:56:12,051 INFO modssc.inductive.methods.daso daso.py:537: Finished daso.fit in 0.561s
2026-02-02 16:56:12,051 INFO bench.orchestrators.method_inductive method_inductive.py:550: Inductive method done: id=daso duration_s=1.440
2026-02-02 16:56:12,051 INFO bench.orchestrators.evaluation evaluation.py:189: Evaluation (inductive): splits=['val', 'test'] metrics=['accuracy', 'macro_f1']
2026-02-02 16:56:12,055 INFO bench.orchestrators.evaluation evaluation.py:231: Evaluation (inductive) done: duration_s=0.004
2026-02-02 16:56:12,056 INFO bench.orchestrators.reporting reporting.py:54: Run summary written: /nfs/home/mbarbaux/ModSSC/runs/inductive/daso/tabular/breast_cancer/best_tabular_daso_breast_cancer-20260202T155609Z/run.json status=success duration_s=0.001
