2026-02-02 15:09:11,406 INFO bench.orchestrators.dataset dataset.py:36: Dataset start: id=cora download=True cache_dir=None
2026-02-02 15:09:11,406 DEBUG bench.orchestrators.dataset dataset.py:42: Dataset options: []
2026-02-02 15:09:11,409 DEBUG modssc.data_loader.providers __init__.py:38: Creating provider: pyg
2026-02-02 15:09:11,409 DEBUG modssc.data_loader.api api.py:316: Resolved dataset id=cora provider=pyg canonical_uri=pyg:Planetoid/Cora
2026-02-02 15:09:11,409 INFO modssc.data_loader.api api.py:117: Dataset load: id=cora provider=pyg version=None fingerprint=2919521af8679a8c84658219f16403f74aa1bfc03b19b6a08eb2565299400728 download=True force=False cache_dir=/nfs/home/mbarbaux/ModSSC/cache/datasets
2026-02-02 15:09:11,409 DEBUG modssc.data_loader.api api.py:127: Dataset resolved_kwargs: {'dataset_class': 'Planetoid', 'dataset_kwargs': {'name': 'Cora'}}
2026-02-02 15:09:11,414 DEBUG modssc.data_loader.api api.py:403: Loaded cached dataset: fingerprint=2919521af8679a8c84658219f16403f74aa1bfc03b19b6a08eb2565299400728
2026-02-02 15:09:11,414 INFO modssc.data_loader.api api.py:133: Dataset cached: id=cora train=2708 test=None n_classes=7 duration_s=0.008
2026-02-02 15:09:11,414 INFO bench.orchestrators.dataset dataset.py:54: Dataset loaded: train=2708 test=None graph=True fingerprint=2919521af8679a8c84658219f16403f74aa1bfc03b19b6a08eb2565299400728 provider=pyg
2026-02-02 15:09:11,414 INFO bench.orchestrators.dataset dataset.py:62: Dataset stage done: duration_s=0.008
2026-02-02 15:09:11,435 INFO bench.orchestrators.sampling sampling.py:86: Sampling start: seed=5 dataset_id=cora
2026-02-02 15:09:11,435 DEBUG bench.orchestrators.sampling sampling.py:87: Sampling plan: split={'kind': 'holdout', 'test_fraction': 0.2, 'val_fraction': 0.1, 'stratify': True, 'shuffle': True} labeling={'mode': 'fraction', 'value': 0.2, 'per_class': False, 'min_per_class': 1, 'strategy': 'balanced', 'fixed_indices': None} imbalance={'kind': 'none', 'apply_to': 'train', 'max_per_class': None, 'alpha': None, 'min_per_class': 1} policy={'respect_official_test': True, 'use_official_graph_masks': True, 'allow_override_official': False}
2026-02-02 15:09:11,435 DEBUG bench.orchestrators.sampling sampling.py:98: Sampling dataset_fingerprint=2919521af8679a8c84658219f16403f74aa1bfc03b19b6a08eb2565299400728
2026-02-02 15:09:11,435 INFO modssc.sampling.api api.py:99: Sampling start: dataset_id=cora dataset_fingerprint=2919521af8679a8c84658219f16403f74aa1bfc03b19b6a08eb2565299400728 seed=5 graph=True split=holdout
2026-02-02 15:09:11,435 DEBUG modssc.sampling.api api.py:107: Sampling plan: {'split': {'kind': 'holdout', 'test_fraction': 0.2, 'val_fraction': 0.1, 'stratify': True, 'shuffle': True}, 'labeling': {'mode': 'fraction', 'value': 0.2, 'per_class': False, 'min_per_class': 1, 'strategy': 'balanced', 'fixed_indices': None}, 'imbalance': {'kind': 'none', 'apply_to': 'train', 'max_per_class': None, 'alpha': None, 'min_per_class': 1}, 'policy': {'respect_official_test': True, 'use_official_graph_masks': True, 'allow_override_official': False}}
2026-02-02 15:09:11,445 INFO modssc.sampling.api api.py:141: Sampling done: train=140 val=500 test=1000 labeled=28 unlabeled=112 duration_s=0.010
2026-02-02 15:09:11,445 DEBUG modssc.sampling.api api.py:150: Sampling stats: {'nodes': 2708, 'train': 140, 'val': 500, 'test': 1000, 'labeled': 28, 'unlabeled': 112, 'labeled_class_dist': {'n': 28, 'classes': {'0': 4, '1': 4, '2': 4, '3': 4, '4': 4, '5': 4, '6': 4}}}
2026-02-02 15:09:11,445 INFO bench.orchestrators.sampling sampling.py:123: Sampling result: train=140 val=500 test=1000 labeled=28 unlabeled=112 graph=True
2026-02-02 15:09:11,445 DEBUG bench.orchestrators.sampling sampling.py:132: Sampling stats: {'nodes': 2708, 'train': 140, 'val': 500, 'test': 1000, 'labeled': 28, 'unlabeled': 112, 'labeled_class_dist': {'n': 28, 'classes': {'0': 4, '1': 4, '2': 4, '3': 4, '4': 4, '5': 4, '6': 4}}}
2026-02-02 15:09:11,445 INFO bench.orchestrators.sampling sampling.py:133: Sampling stage done: duration_s=0.010
2026-02-02 15:09:11,445 INFO bench.orchestrators.preprocess preprocess.py:105: Preprocess start: seed=5 cache=True n_steps=3 fit_indices=28
2026-02-02 15:09:11,445 DEBUG bench.orchestrators.preprocess preprocess.py:112: Preprocess plan: output_key=features.X steps=['labels.encode', 'core.ensure_2d', 'core.to_numpy']
2026-02-02 15:09:11,446 INFO modssc.preprocess.api api.py:490: Preprocess start: dataset_fp=2919521af8679a8c84658219f16403f74aa1bfc03b19b6a08eb2565299400728 steps=['labels.encode', 'core.ensure_2d', 'core.to_numpy'] output_key=features.X seed=5 cache=True
2026-02-02 15:09:11,446 DEBUG modssc.preprocess.api api.py:498: Preprocess input shapes: train_X=(2708, 1433) train_y=(2708,) test_X=None test_y=None
2026-02-02 15:09:11,446 INFO modssc.preprocess.api api.py:505: Preprocess input size: train_data=15.0 MB test_data=n/a
2026-02-02 15:09:11,446 DEBUG modssc.preprocess.api api.py:521: Preprocess step start: id=labels.encode index=0 kind=transform params={}
2026-02-02 15:09:11,451 DEBUG modssc.preprocess.api api.py:605: Preprocess step train outputs: id=labels.encode keys=['labels.classes', 'labels.y'] duration_s=0.005
2026-02-02 15:09:11,451 INFO modssc.preprocess.api api.py:679: Preprocess step done: id=labels.encode index=0 duration_s=0.005 train_data=15.0 MB test_data=n/a
2026-02-02 15:09:11,451 DEBUG modssc.preprocess.api api.py:521: Preprocess step start: id=core.ensure_2d index=1 kind=transform params={}
2026-02-02 15:09:11,457 DEBUG modssc.preprocess.api api.py:605: Preprocess step train outputs: id=core.ensure_2d keys=['features.X'] duration_s=0.006
2026-02-02 15:09:11,457 INFO modssc.preprocess.api api.py:679: Preprocess step done: id=core.ensure_2d index=1 duration_s=0.006 train_data=15.0 MB test_data=n/a
2026-02-02 15:09:11,457 DEBUG modssc.preprocess.api api.py:521: Preprocess step start: id=core.to_numpy index=2 kind=transform params={}
2026-02-02 15:09:11,461 DEBUG modssc.preprocess.api api.py:605: Preprocess step train outputs: id=core.to_numpy keys=['features.X'] duration_s=0.004
2026-02-02 15:09:11,461 INFO modssc.preprocess.api api.py:679: Preprocess step done: id=core.to_numpy index=2 duration_s=0.004 train_data=15.0 MB test_data=n/a
2026-02-02 15:09:11,461 INFO modssc.preprocess.api api.py:730: Preprocess done: dataset_fp=2919521af8679a8c84658219f16403f74aa1bfc03b19b6a08eb2565299400728 duration_s=0.016 train_X=(2708, 1433) test_X=None
2026-02-02 15:09:11,461 INFO bench.orchestrators.preprocess preprocess.py:124: Preprocess result: fingerprint=preprocess:6eaf9a71c3db86ab24260f10118a587c53889f7dd5582a4e0ff2cdabcdf4774f plan_fingerprint=resolved_plan:8a5e3ebe41a4f364f53ac26a625ef44f5a721631be61f65e32b92a3759853b68 cache_dir=/nfs/home/mbarbaux/ModSSC/cache/preprocess/2919521af8679a8c84658219f16403f74aa1bfc03b19b6a08eb2565299400728 skipped=[]
2026-02-02 15:09:11,461 DEBUG bench.orchestrators.preprocess preprocess.py:131: Preprocess output shapes: train_X=(2708, 1433) test_X=None
2026-02-02 15:09:11,461 INFO bench.orchestrators.preprocess preprocess.py:136: Preprocess stage done: duration_s=0.016
2026-02-02 15:09:11,461 INFO bench.orchestrators.method_transductive method_transductive.py:139: Transductive method start: id=gcnii seed=3274374610 device=auto resolved_device=cuda use_test=False
2026-02-02 15:09:11,461 DEBUG bench.orchestrators.method_transductive method_transductive.py:147: Transductive method params: {'hidden_dim': 64, 'num_layers': 16, 'alpha': 0.1, 'lam': 0.5, 'dropout': 0.5, 'lr': 0.01, 'weight_decay': 0.0005, 'max_epochs': 200, 'patience': 50, 'add_self_loops': True}
2026-02-02 15:09:11,461 INFO bench.orchestrators.method_transductive method_transductive.py:158: Transductive data: n_nodes=2708 n_train=2708 n_test=0
2026-02-02 15:09:11,461 INFO bench.orchestrators.method_transductive method_transductive.py:177: Transductive masks: labeled_count=28 train_count=140
2026-02-02 15:09:11,462 INFO modssc.transductive.methods.gnn.gcnii gcnii.py:102: Starting gcnii.fit
2026-02-02 15:09:11,462 DEBUG modssc.transductive.methods.gnn.gcnii gcnii.py:103: spec=GCNIISpec(hidden_dim=64, num_layers=16, alpha=0.1, lam=0.5, dropout=0.5, lr=0.01, weight_decay=0.0005, max_epochs=200, patience=50, add_self_loops=True) device=cuda seed=3274374610
2026-02-02 15:09:11,639 INFO modssc.transductive.methods.gnn.gcnii gcnii.py:115: GCNII sizes: n_nodes=2708 n_classes=7 train=28 val=500
2026-02-02 15:09:12,749 DEBUG modssc.transductive.methods.gnn.common common.py:373: train_fullbatch epoch=0 val_loss=1.9195 best updated
2026-02-02 15:09:12,759 DEBUG modssc.transductive.methods.gnn.common common.py:373: train_fullbatch epoch=1 val_loss=1.9109 best updated
2026-02-02 15:09:12,768 DEBUG modssc.transductive.methods.gnn.common common.py:373: train_fullbatch epoch=2 val_loss=1.8973 best updated
2026-02-02 15:09:12,777 DEBUG modssc.transductive.methods.gnn.common common.py:373: train_fullbatch epoch=3 val_loss=1.8791 best updated
2026-02-02 15:09:12,786 DEBUG modssc.transductive.methods.gnn.common common.py:373: train_fullbatch epoch=4 val_loss=1.8527 best updated
2026-02-02 15:09:12,795 DEBUG modssc.transductive.methods.gnn.common common.py:373: train_fullbatch epoch=5 val_loss=1.8216 best updated
2026-02-02 15:09:12,804 DEBUG modssc.transductive.methods.gnn.common common.py:373: train_fullbatch epoch=6 val_loss=1.7861 best updated
2026-02-02 15:09:12,813 DEBUG modssc.transductive.methods.gnn.common common.py:373: train_fullbatch epoch=7 val_loss=1.7438 best updated
2026-02-02 15:09:12,822 DEBUG modssc.transductive.methods.gnn.common common.py:373: train_fullbatch epoch=8 val_loss=1.6942 best updated
2026-02-02 15:09:12,831 DEBUG modssc.transductive.methods.gnn.common common.py:373: train_fullbatch epoch=9 val_loss=1.6373 best updated
2026-02-02 15:09:12,840 DEBUG modssc.transductive.methods.gnn.common common.py:373: train_fullbatch epoch=10 val_loss=1.5715 best updated
2026-02-02 15:09:12,849 DEBUG modssc.transductive.methods.gnn.common common.py:373: train_fullbatch epoch=11 val_loss=1.4988 best updated
2026-02-02 15:09:12,858 DEBUG modssc.transductive.methods.gnn.common common.py:373: train_fullbatch epoch=12 val_loss=1.4200 best updated
2026-02-02 15:09:12,867 DEBUG modssc.transductive.methods.gnn.common common.py:373: train_fullbatch epoch=13 val_loss=1.3454 best updated
2026-02-02 15:09:12,876 DEBUG modssc.transductive.methods.gnn.common common.py:373: train_fullbatch epoch=14 val_loss=1.2858 best updated
2026-02-02 15:09:12,885 DEBUG modssc.transductive.methods.gnn.common common.py:373: train_fullbatch epoch=15 val_loss=1.2275 best updated
2026-02-02 15:09:12,894 DEBUG modssc.transductive.methods.gnn.common common.py:373: train_fullbatch epoch=16 val_loss=1.1854 best updated
2026-02-02 15:09:12,903 DEBUG modssc.transductive.methods.gnn.common common.py:373: train_fullbatch epoch=17 val_loss=1.1456 best updated
2026-02-02 15:09:12,912 DEBUG modssc.transductive.methods.gnn.common common.py:373: train_fullbatch epoch=18 val_loss=1.1107 best updated
2026-02-02 15:09:12,921 DEBUG modssc.transductive.methods.gnn.common common.py:373: train_fullbatch epoch=19 val_loss=1.0789 best updated
2026-02-02 15:09:12,930 DEBUG modssc.transductive.methods.gnn.common common.py:373: train_fullbatch epoch=20 val_loss=1.0500 best updated
2026-02-02 15:09:12,939 DEBUG modssc.transductive.methods.gnn.common common.py:373: train_fullbatch epoch=21 val_loss=1.0341 best updated
2026-02-02 15:09:12,947 DEBUG modssc.transductive.methods.gnn.common common.py:373: train_fullbatch epoch=22 val_loss=1.0140 best updated
2026-02-02 15:09:12,956 DEBUG modssc.transductive.methods.gnn.common common.py:373: train_fullbatch epoch=23 val_loss=0.9927 best updated
2026-02-02 15:09:12,965 DEBUG modssc.transductive.methods.gnn.common common.py:373: train_fullbatch epoch=24 val_loss=0.9758 best updated
2026-02-02 15:09:12,974 DEBUG modssc.transductive.methods.gnn.common common.py:373: train_fullbatch epoch=25 val_loss=0.9574 best updated
2026-02-02 15:09:12,983 DEBUG modssc.transductive.methods.gnn.common common.py:380: train_fullbatch epoch=26 val_loss=0.9663 bad_epochs=1/50
2026-02-02 15:09:12,992 DEBUG modssc.transductive.methods.gnn.common common.py:380: train_fullbatch epoch=27 val_loss=1.0384 bad_epochs=2/50
2026-02-02 15:09:13,000 DEBUG modssc.transductive.methods.gnn.common common.py:380: train_fullbatch epoch=28 val_loss=1.1244 bad_epochs=3/50
2026-02-02 15:09:13,009 DEBUG modssc.transductive.methods.gnn.common common.py:380: train_fullbatch epoch=29 val_loss=1.1859 bad_epochs=4/50
2026-02-02 15:09:13,018 DEBUG modssc.transductive.methods.gnn.common common.py:380: train_fullbatch epoch=30 val_loss=1.2453 bad_epochs=5/50
2026-02-02 15:09:13,026 DEBUG modssc.transductive.methods.gnn.common common.py:380: train_fullbatch epoch=31 val_loss=1.1956 bad_epochs=6/50
2026-02-02 15:09:13,035 DEBUG modssc.transductive.methods.gnn.common common.py:380: train_fullbatch epoch=32 val_loss=1.1408 bad_epochs=7/50
2026-02-02 15:09:13,044 DEBUG modssc.transductive.methods.gnn.common common.py:380: train_fullbatch epoch=33 val_loss=1.0865 bad_epochs=8/50
2026-02-02 15:09:13,052 DEBUG modssc.transductive.methods.gnn.common common.py:380: train_fullbatch epoch=34 val_loss=1.0509 bad_epochs=9/50
2026-02-02 15:09:13,061 DEBUG modssc.transductive.methods.gnn.common common.py:380: train_fullbatch epoch=35 val_loss=1.0186 bad_epochs=10/50
2026-02-02 15:09:13,070 DEBUG modssc.transductive.methods.gnn.common common.py:380: train_fullbatch epoch=36 val_loss=0.9925 bad_epochs=11/50
2026-02-02 15:09:13,078 DEBUG modssc.transductive.methods.gnn.common common.py:380: train_fullbatch epoch=37 val_loss=0.9753 bad_epochs=12/50
2026-02-02 15:09:13,090 DEBUG modssc.transductive.methods.gnn.common common.py:380: train_fullbatch epoch=38 val_loss=0.9690 bad_epochs=13/50
2026-02-02 15:09:13,099 DEBUG modssc.transductive.methods.gnn.common common.py:380: train_fullbatch epoch=39 val_loss=0.9682 bad_epochs=14/50
2026-02-02 15:09:13,108 DEBUG modssc.transductive.methods.gnn.common common.py:380: train_fullbatch epoch=40 val_loss=0.9829 bad_epochs=15/50
2026-02-02 15:09:13,116 DEBUG modssc.transductive.methods.gnn.common common.py:380: train_fullbatch epoch=41 val_loss=0.9927 bad_epochs=16/50
2026-02-02 15:09:13,125 DEBUG modssc.transductive.methods.gnn.common common.py:380: train_fullbatch epoch=42 val_loss=0.9928 bad_epochs=17/50
2026-02-02 15:09:13,133 DEBUG modssc.transductive.methods.gnn.common common.py:380: train_fullbatch epoch=43 val_loss=1.0002 bad_epochs=18/50
2026-02-02 15:09:13,142 DEBUG modssc.transductive.methods.gnn.common common.py:380: train_fullbatch epoch=44 val_loss=1.0268 bad_epochs=19/50
2026-02-02 15:09:13,151 DEBUG modssc.transductive.methods.gnn.common common.py:380: train_fullbatch epoch=45 val_loss=1.0589 bad_epochs=20/50
2026-02-02 15:09:13,159 DEBUG modssc.transductive.methods.gnn.common common.py:380: train_fullbatch epoch=46 val_loss=1.0974 bad_epochs=21/50
2026-02-02 15:09:13,168 DEBUG modssc.transductive.methods.gnn.common common.py:380: train_fullbatch epoch=47 val_loss=1.1321 bad_epochs=22/50
2026-02-02 15:09:13,177 DEBUG modssc.transductive.methods.gnn.common common.py:380: train_fullbatch epoch=48 val_loss=1.1652 bad_epochs=23/50
2026-02-02 15:09:13,185 DEBUG modssc.transductive.methods.gnn.common common.py:380: train_fullbatch epoch=49 val_loss=1.1865 bad_epochs=24/50
2026-02-02 15:09:13,194 DEBUG modssc.transductive.methods.gnn.common common.py:380: train_fullbatch epoch=50 val_loss=1.1864 bad_epochs=25/50
2026-02-02 15:09:13,203 DEBUG modssc.transductive.methods.gnn.common common.py:380: train_fullbatch epoch=51 val_loss=1.1812 bad_epochs=26/50
2026-02-02 15:09:13,211 DEBUG modssc.transductive.methods.gnn.common common.py:380: train_fullbatch epoch=52 val_loss=1.1587 bad_epochs=27/50
2026-02-02 15:09:13,220 DEBUG modssc.transductive.methods.gnn.common common.py:380: train_fullbatch epoch=53 val_loss=1.1249 bad_epochs=28/50
2026-02-02 15:09:13,229 DEBUG modssc.transductive.methods.gnn.common common.py:380: train_fullbatch epoch=54 val_loss=1.0823 bad_epochs=29/50
2026-02-02 15:09:13,237 DEBUG modssc.transductive.methods.gnn.common common.py:380: train_fullbatch epoch=55 val_loss=1.0512 bad_epochs=30/50
2026-02-02 15:09:13,246 DEBUG modssc.transductive.methods.gnn.common common.py:380: train_fullbatch epoch=56 val_loss=1.0280 bad_epochs=31/50
2026-02-02 15:09:13,255 DEBUG modssc.transductive.methods.gnn.common common.py:380: train_fullbatch epoch=57 val_loss=1.0106 bad_epochs=32/50
2026-02-02 15:09:13,263 DEBUG modssc.transductive.methods.gnn.common common.py:380: train_fullbatch epoch=58 val_loss=0.9981 bad_epochs=33/50
2026-02-02 15:09:13,272 DEBUG modssc.transductive.methods.gnn.common common.py:380: train_fullbatch epoch=59 val_loss=0.9935 bad_epochs=34/50
2026-02-02 15:09:13,281 DEBUG modssc.transductive.methods.gnn.common common.py:380: train_fullbatch epoch=60 val_loss=1.0102 bad_epochs=35/50
2026-02-02 15:09:13,289 DEBUG modssc.transductive.methods.gnn.common common.py:380: train_fullbatch epoch=61 val_loss=1.0244 bad_epochs=36/50
2026-02-02 15:09:13,298 DEBUG modssc.transductive.methods.gnn.common common.py:380: train_fullbatch epoch=62 val_loss=1.0640 bad_epochs=37/50
2026-02-02 15:09:13,307 DEBUG modssc.transductive.methods.gnn.common common.py:380: train_fullbatch epoch=63 val_loss=1.1123 bad_epochs=38/50
2026-02-02 15:09:13,315 DEBUG modssc.transductive.methods.gnn.common common.py:380: train_fullbatch epoch=64 val_loss=1.1570 bad_epochs=39/50
2026-02-02 15:09:13,324 DEBUG modssc.transductive.methods.gnn.common common.py:380: train_fullbatch epoch=65 val_loss=1.2108 bad_epochs=40/50
2026-02-02 15:09:13,332 DEBUG modssc.transductive.methods.gnn.common common.py:380: train_fullbatch epoch=66 val_loss=1.2564 bad_epochs=41/50
2026-02-02 15:09:13,341 DEBUG modssc.transductive.methods.gnn.common common.py:380: train_fullbatch epoch=67 val_loss=1.3059 bad_epochs=42/50
2026-02-02 15:09:13,350 DEBUG modssc.transductive.methods.gnn.common common.py:380: train_fullbatch epoch=68 val_loss=1.3365 bad_epochs=43/50
2026-02-02 15:09:13,358 DEBUG modssc.transductive.methods.gnn.common common.py:380: train_fullbatch epoch=69 val_loss=1.2811 bad_epochs=44/50
2026-02-02 15:09:13,367 DEBUG modssc.transductive.methods.gnn.common common.py:380: train_fullbatch epoch=70 val_loss=1.1751 bad_epochs=45/50
2026-02-02 15:09:13,376 DEBUG modssc.transductive.methods.gnn.common common.py:380: train_fullbatch epoch=71 val_loss=1.0949 bad_epochs=46/50
2026-02-02 15:09:13,384 DEBUG modssc.transductive.methods.gnn.common common.py:380: train_fullbatch epoch=72 val_loss=1.0278 bad_epochs=47/50
2026-02-02 15:09:13,393 DEBUG modssc.transductive.methods.gnn.common common.py:380: train_fullbatch epoch=73 val_loss=0.9718 bad_epochs=48/50
2026-02-02 15:09:13,402 DEBUG modssc.transductive.methods.gnn.common common.py:373: train_fullbatch epoch=74 val_loss=0.9289 best updated
2026-02-02 15:09:13,411 DEBUG modssc.transductive.methods.gnn.common common.py:373: train_fullbatch epoch=75 val_loss=0.8957 best updated
2026-02-02 15:09:13,420 DEBUG modssc.transductive.methods.gnn.common common.py:373: train_fullbatch epoch=76 val_loss=0.8830 best updated
2026-02-02 15:09:13,429 DEBUG modssc.transductive.methods.gnn.common common.py:380: train_fullbatch epoch=77 val_loss=0.8924 bad_epochs=1/50
2026-02-02 15:09:13,437 DEBUG modssc.transductive.methods.gnn.common common.py:380: train_fullbatch epoch=78 val_loss=0.9081 bad_epochs=2/50
2026-02-02 15:09:13,446 DEBUG modssc.transductive.methods.gnn.common common.py:380: train_fullbatch epoch=79 val_loss=0.9262 bad_epochs=3/50
2026-02-02 15:09:13,455 DEBUG modssc.transductive.methods.gnn.common common.py:380: train_fullbatch epoch=80 val_loss=0.9404 bad_epochs=4/50
2026-02-02 15:09:13,463 DEBUG modssc.transductive.methods.gnn.common common.py:380: train_fullbatch epoch=81 val_loss=0.9597 bad_epochs=5/50
2026-02-02 15:09:13,472 DEBUG modssc.transductive.methods.gnn.common common.py:380: train_fullbatch epoch=82 val_loss=0.9746 bad_epochs=6/50
2026-02-02 15:09:13,481 DEBUG modssc.transductive.methods.gnn.common common.py:380: train_fullbatch epoch=83 val_loss=0.9933 bad_epochs=7/50
2026-02-02 15:09:13,489 DEBUG modssc.transductive.methods.gnn.common common.py:380: train_fullbatch epoch=84 val_loss=1.0179 bad_epochs=8/50
2026-02-02 15:09:13,498 DEBUG modssc.transductive.methods.gnn.common common.py:380: train_fullbatch epoch=85 val_loss=1.0466 bad_epochs=9/50
2026-02-02 15:09:13,507 DEBUG modssc.transductive.methods.gnn.common common.py:380: train_fullbatch epoch=86 val_loss=1.0124 bad_epochs=10/50
2026-02-02 15:09:13,515 DEBUG modssc.transductive.methods.gnn.common common.py:380: train_fullbatch epoch=87 val_loss=0.9713 bad_epochs=11/50
2026-02-02 15:09:13,524 DEBUG modssc.transductive.methods.gnn.common common.py:380: train_fullbatch epoch=88 val_loss=0.9508 bad_epochs=12/50
2026-02-02 15:09:13,533 DEBUG modssc.transductive.methods.gnn.common common.py:380: train_fullbatch epoch=89 val_loss=0.9429 bad_epochs=13/50
2026-02-02 15:09:13,541 DEBUG modssc.transductive.methods.gnn.common common.py:380: train_fullbatch epoch=90 val_loss=0.9405 bad_epochs=14/50
2026-02-02 15:09:13,550 DEBUG modssc.transductive.methods.gnn.common common.py:380: train_fullbatch epoch=91 val_loss=0.9487 bad_epochs=15/50
2026-02-02 15:09:13,559 DEBUG modssc.transductive.methods.gnn.common common.py:380: train_fullbatch epoch=92 val_loss=0.9518 bad_epochs=16/50
2026-02-02 15:09:13,567 DEBUG modssc.transductive.methods.gnn.common common.py:380: train_fullbatch epoch=93 val_loss=0.9578 bad_epochs=17/50
2026-02-02 15:09:13,576 DEBUG modssc.transductive.methods.gnn.common common.py:380: train_fullbatch epoch=94 val_loss=0.9532 bad_epochs=18/50
2026-02-02 15:09:13,585 DEBUG modssc.transductive.methods.gnn.common common.py:380: train_fullbatch epoch=95 val_loss=0.9360 bad_epochs=19/50
2026-02-02 15:09:13,593 DEBUG modssc.transductive.methods.gnn.common common.py:380: train_fullbatch epoch=96 val_loss=0.9282 bad_epochs=20/50
2026-02-02 15:09:13,602 DEBUG modssc.transductive.methods.gnn.common common.py:380: train_fullbatch epoch=97 val_loss=0.9321 bad_epochs=21/50
2026-02-02 15:09:13,611 DEBUG modssc.transductive.methods.gnn.common common.py:380: train_fullbatch epoch=98 val_loss=0.9413 bad_epochs=22/50
2026-02-02 15:09:13,619 DEBUG modssc.transductive.methods.gnn.common common.py:380: train_fullbatch epoch=99 val_loss=0.9505 bad_epochs=23/50
2026-02-02 15:09:13,628 DEBUG modssc.transductive.methods.gnn.common common.py:380: train_fullbatch epoch=100 val_loss=0.9614 bad_epochs=24/50
2026-02-02 15:09:13,637 DEBUG modssc.transductive.methods.gnn.common common.py:380: train_fullbatch epoch=101 val_loss=0.9740 bad_epochs=25/50
2026-02-02 15:09:13,645 DEBUG modssc.transductive.methods.gnn.common common.py:380: train_fullbatch epoch=102 val_loss=0.9972 bad_epochs=26/50
2026-02-02 15:09:13,654 DEBUG modssc.transductive.methods.gnn.common common.py:380: train_fullbatch epoch=103 val_loss=1.0144 bad_epochs=27/50
2026-02-02 15:09:13,663 DEBUG modssc.transductive.methods.gnn.common common.py:380: train_fullbatch epoch=104 val_loss=1.0239 bad_epochs=28/50
2026-02-02 15:09:13,671 DEBUG modssc.transductive.methods.gnn.common common.py:380: train_fullbatch epoch=105 val_loss=1.0353 bad_epochs=29/50
2026-02-02 15:09:13,680 DEBUG modssc.transductive.methods.gnn.common common.py:380: train_fullbatch epoch=106 val_loss=1.0521 bad_epochs=30/50
2026-02-02 15:09:13,689 DEBUG modssc.transductive.methods.gnn.common common.py:380: train_fullbatch epoch=107 val_loss=1.0672 bad_epochs=31/50
2026-02-02 15:09:13,697 DEBUG modssc.transductive.methods.gnn.common common.py:380: train_fullbatch epoch=108 val_loss=1.0823 bad_epochs=32/50
2026-02-02 15:09:13,706 DEBUG modssc.transductive.methods.gnn.common common.py:380: train_fullbatch epoch=109 val_loss=1.0995 bad_epochs=33/50
2026-02-02 15:09:13,715 DEBUG modssc.transductive.methods.gnn.common common.py:380: train_fullbatch epoch=110 val_loss=1.1008 bad_epochs=34/50
2026-02-02 15:09:13,723 DEBUG modssc.transductive.methods.gnn.common common.py:380: train_fullbatch epoch=111 val_loss=1.1054 bad_epochs=35/50
2026-02-02 15:09:13,732 DEBUG modssc.transductive.methods.gnn.common common.py:380: train_fullbatch epoch=112 val_loss=1.1066 bad_epochs=36/50
2026-02-02 15:09:13,741 DEBUG modssc.transductive.methods.gnn.common common.py:380: train_fullbatch epoch=113 val_loss=1.0930 bad_epochs=37/50
2026-02-02 15:09:13,749 DEBUG modssc.transductive.methods.gnn.common common.py:380: train_fullbatch epoch=114 val_loss=1.0862 bad_epochs=38/50
2026-02-02 15:09:13,758 DEBUG modssc.transductive.methods.gnn.common common.py:380: train_fullbatch epoch=115 val_loss=1.0840 bad_epochs=39/50
2026-02-02 15:09:13,767 DEBUG modssc.transductive.methods.gnn.common common.py:380: train_fullbatch epoch=116 val_loss=1.0809 bad_epochs=40/50
2026-02-02 15:09:13,775 DEBUG modssc.transductive.methods.gnn.common common.py:380: train_fullbatch epoch=117 val_loss=1.0889 bad_epochs=41/50
2026-02-02 15:09:13,784 DEBUG modssc.transductive.methods.gnn.common common.py:380: train_fullbatch epoch=118 val_loss=1.1051 bad_epochs=42/50
2026-02-02 15:09:13,793 DEBUG modssc.transductive.methods.gnn.common common.py:380: train_fullbatch epoch=119 val_loss=1.1148 bad_epochs=43/50
2026-02-02 15:09:13,801 DEBUG modssc.transductive.methods.gnn.common common.py:380: train_fullbatch epoch=120 val_loss=1.1038 bad_epochs=44/50
2026-02-02 15:09:13,810 DEBUG modssc.transductive.methods.gnn.common common.py:380: train_fullbatch epoch=121 val_loss=1.0833 bad_epochs=45/50
2026-02-02 15:09:13,819 DEBUG modssc.transductive.methods.gnn.common common.py:380: train_fullbatch epoch=122 val_loss=1.0685 bad_epochs=46/50
2026-02-02 15:09:13,827 DEBUG modssc.transductive.methods.gnn.common common.py:380: train_fullbatch epoch=123 val_loss=1.0545 bad_epochs=47/50
2026-02-02 15:09:13,836 DEBUG modssc.transductive.methods.gnn.common common.py:380: train_fullbatch epoch=124 val_loss=1.0364 bad_epochs=48/50
2026-02-02 15:09:13,845 DEBUG modssc.transductive.methods.gnn.common common.py:380: train_fullbatch epoch=125 val_loss=1.0369 bad_epochs=49/50
2026-02-02 15:09:13,853 DEBUG modssc.transductive.methods.gnn.common common.py:380: train_fullbatch epoch=126 val_loss=1.0483 bad_epochs=50/50
2026-02-02 15:09:13,853 DEBUG modssc.transductive.methods.gnn.common common.py:388: train_fullbatch early_stop epoch=126 best_epoch=76 best_val_loss=0.8830
2026-02-02 15:09:13,854 DEBUG modssc.transductive.methods.gnn.common common.py:399: train_fullbatch done n_epochs=127 best_epoch=76 best_val_loss=0.8829702138900757
2026-02-02 15:09:13,854 INFO modssc.transductive.methods.gnn.gcnii gcnii.py:147: Finished gcnii.fit in 2.393s
2026-02-02 15:09:13,854 INFO bench.orchestrators.method_transductive method_transductive.py:218: Transductive method done: id=gcnii duration_s=2.393
2026-02-02 15:09:13,854 INFO bench.orchestrators.evaluation evaluation.py:244: Evaluation (transductive): splits=['val', 'test'] metrics=['accuracy', 'macro_f1']
2026-02-02 15:09:13,857 INFO bench.orchestrators.evaluation evaluation.py:263: Evaluation (transductive) done: duration_s=0.003
2026-02-02 15:09:13,858 INFO bench.orchestrators.reporting reporting.py:54: Run summary written: /nfs/home/mbarbaux/ModSSC/runs/transductive/gcnii/graph/cora/best_graph_transductive_gcnii_cora-20260202T140911Z/run.json status=success duration_s=0.001
