2026-02-02 15:22:02,260 INFO bench.orchestrators.dataset dataset.py:36: Dataset start: id=pubmed download=True cache_dir=None
2026-02-02 15:22:02,260 DEBUG bench.orchestrators.dataset dataset.py:42: Dataset options: []
2026-02-02 15:22:02,265 DEBUG modssc.data_loader.providers __init__.py:38: Creating provider: pyg
2026-02-02 15:22:02,265 DEBUG modssc.data_loader.api api.py:316: Resolved dataset id=pubmed provider=pyg canonical_uri=pyg:Planetoid/PubMed
2026-02-02 15:22:02,265 INFO modssc.data_loader.api api.py:117: Dataset load: id=pubmed provider=pyg version=None fingerprint=33662ee2dd9f5386a1eb7438c7e711640858805e93f8cee2bfe9beda2eb3499a download=True force=False cache_dir=/nfs/home/mbarbaux/ModSSC/cache/datasets
2026-02-02 15:22:02,265 DEBUG modssc.data_loader.api api.py:127: Dataset resolved_kwargs: {'dataset_class': 'Planetoid', 'dataset_kwargs': {'name': 'PubMed'}}
2026-02-02 15:22:02,276 DEBUG modssc.data_loader.api api.py:403: Loaded cached dataset: fingerprint=33662ee2dd9f5386a1eb7438c7e711640858805e93f8cee2bfe9beda2eb3499a
2026-02-02 15:22:02,276 INFO modssc.data_loader.api api.py:133: Dataset cached: id=pubmed train=19717 test=None n_classes=3 duration_s=0.016
2026-02-02 15:22:02,276 INFO bench.orchestrators.dataset dataset.py:54: Dataset loaded: train=19717 test=None graph=True fingerprint=33662ee2dd9f5386a1eb7438c7e711640858805e93f8cee2bfe9beda2eb3499a provider=pyg
2026-02-02 15:22:02,276 INFO bench.orchestrators.dataset dataset.py:62: Dataset stage done: duration_s=0.016
2026-02-02 15:22:02,305 INFO bench.orchestrators.sampling sampling.py:86: Sampling start: seed=5 dataset_id=pubmed
2026-02-02 15:22:02,305 DEBUG bench.orchestrators.sampling sampling.py:87: Sampling plan: split={'kind': 'holdout', 'test_fraction': 0.2, 'val_fraction': 0.1, 'stratify': True, 'shuffle': True} labeling={'mode': 'fraction', 'value': 0.2, 'per_class': False, 'min_per_class': 1, 'strategy': 'balanced', 'fixed_indices': None} imbalance={'kind': 'none', 'apply_to': 'train', 'max_per_class': None, 'alpha': None, 'min_per_class': 1} policy={'respect_official_test': True, 'use_official_graph_masks': True, 'allow_override_official': False}
2026-02-02 15:22:02,305 DEBUG bench.orchestrators.sampling sampling.py:98: Sampling dataset_fingerprint=33662ee2dd9f5386a1eb7438c7e711640858805e93f8cee2bfe9beda2eb3499a
2026-02-02 15:22:02,305 INFO modssc.sampling.api api.py:99: Sampling start: dataset_id=pubmed dataset_fingerprint=33662ee2dd9f5386a1eb7438c7e711640858805e93f8cee2bfe9beda2eb3499a seed=5 graph=True split=holdout
2026-02-02 15:22:02,305 DEBUG modssc.sampling.api api.py:107: Sampling plan: {'split': {'kind': 'holdout', 'test_fraction': 0.2, 'val_fraction': 0.1, 'stratify': True, 'shuffle': True}, 'labeling': {'mode': 'fraction', 'value': 0.2, 'per_class': False, 'min_per_class': 1, 'strategy': 'balanced', 'fixed_indices': None}, 'imbalance': {'kind': 'none', 'apply_to': 'train', 'max_per_class': None, 'alpha': None, 'min_per_class': 1}, 'policy': {'respect_official_test': True, 'use_official_graph_masks': True, 'allow_override_official': False}}
2026-02-02 15:22:02,316 INFO modssc.sampling.api api.py:141: Sampling done: train=60 val=500 test=1000 labeled=12 unlabeled=48 duration_s=0.011
2026-02-02 15:22:02,316 DEBUG modssc.sampling.api api.py:150: Sampling stats: {'nodes': 19717, 'train': 60, 'val': 500, 'test': 1000, 'labeled': 12, 'unlabeled': 48, 'labeled_class_dist': {'n': 12, 'classes': {'0': 4, '1': 4, '2': 4}}}
2026-02-02 15:22:02,316 INFO bench.orchestrators.sampling sampling.py:123: Sampling result: train=60 val=500 test=1000 labeled=12 unlabeled=48 graph=True
2026-02-02 15:22:02,316 DEBUG bench.orchestrators.sampling sampling.py:132: Sampling stats: {'nodes': 19717, 'train': 60, 'val': 500, 'test': 1000, 'labeled': 12, 'unlabeled': 48, 'labeled_class_dist': {'n': 12, 'classes': {'0': 4, '1': 4, '2': 4}}}
2026-02-02 15:22:02,316 INFO bench.orchestrators.sampling sampling.py:133: Sampling stage done: duration_s=0.011
2026-02-02 15:22:02,316 INFO bench.orchestrators.preprocess preprocess.py:105: Preprocess start: seed=5 cache=True n_steps=3 fit_indices=12
2026-02-02 15:22:02,316 DEBUG bench.orchestrators.preprocess preprocess.py:112: Preprocess plan: output_key=features.X steps=['labels.encode', 'core.ensure_2d', 'core.to_numpy']
2026-02-02 15:22:02,316 INFO modssc.preprocess.api api.py:490: Preprocess start: dataset_fp=33662ee2dd9f5386a1eb7438c7e711640858805e93f8cee2bfe9beda2eb3499a steps=['labels.encode', 'core.ensure_2d', 'core.to_numpy'] output_key=features.X seed=5 cache=True
2026-02-02 15:22:02,316 DEBUG modssc.preprocess.api api.py:498: Preprocess input shapes: train_X=(19717, 500) train_y=(19717,) test_X=None test_y=None
2026-02-02 15:22:02,316 INFO modssc.preprocess.api api.py:505: Preprocess input size: train_data=39.2 MB test_data=n/a
2026-02-02 15:22:02,316 DEBUG modssc.preprocess.api api.py:521: Preprocess step start: id=labels.encode index=0 kind=transform params={}
2026-02-02 15:22:02,322 DEBUG modssc.preprocess.api api.py:605: Preprocess step train outputs: id=labels.encode keys=['labels.classes', 'labels.y'] duration_s=0.006
2026-02-02 15:22:02,322 INFO modssc.preprocess.api api.py:679: Preprocess step done: id=labels.encode index=0 duration_s=0.006 train_data=39.2 MB test_data=n/a
2026-02-02 15:22:02,322 DEBUG modssc.preprocess.api api.py:521: Preprocess step start: id=core.ensure_2d index=1 kind=transform params={}
2026-02-02 15:22:02,332 DEBUG modssc.preprocess.api api.py:605: Preprocess step train outputs: id=core.ensure_2d keys=['features.X'] duration_s=0.009
2026-02-02 15:22:02,332 INFO modssc.preprocess.api api.py:679: Preprocess step done: id=core.ensure_2d index=1 duration_s=0.009 train_data=39.2 MB test_data=n/a
2026-02-02 15:22:02,332 DEBUG modssc.preprocess.api api.py:521: Preprocess step start: id=core.to_numpy index=2 kind=transform params={}
2026-02-02 15:22:02,341 DEBUG modssc.preprocess.api api.py:605: Preprocess step train outputs: id=core.to_numpy keys=['features.X'] duration_s=0.009
2026-02-02 15:22:02,341 INFO modssc.preprocess.api api.py:679: Preprocess step done: id=core.to_numpy index=2 duration_s=0.009 train_data=39.2 MB test_data=n/a
2026-02-02 15:22:02,341 INFO modssc.preprocess.api api.py:730: Preprocess done: dataset_fp=33662ee2dd9f5386a1eb7438c7e711640858805e93f8cee2bfe9beda2eb3499a duration_s=0.025 train_X=(19717, 500) test_X=None
2026-02-02 15:22:02,341 INFO bench.orchestrators.preprocess preprocess.py:124: Preprocess result: fingerprint=preprocess:99e2d6e1d9f2a08d31c1fbb39ceec754bf3df24395d11ea5eb79d7325462efc1 plan_fingerprint=resolved_plan:8a5e3ebe41a4f364f53ac26a625ef44f5a721631be61f65e32b92a3759853b68 cache_dir=/nfs/home/mbarbaux/ModSSC/cache/preprocess/33662ee2dd9f5386a1eb7438c7e711640858805e93f8cee2bfe9beda2eb3499a skipped=[]
2026-02-02 15:22:02,341 DEBUG bench.orchestrators.preprocess preprocess.py:131: Preprocess output shapes: train_X=(19717, 500) test_X=None
2026-02-02 15:22:02,341 INFO bench.orchestrators.preprocess preprocess.py:136: Preprocess stage done: duration_s=0.025
2026-02-02 15:22:02,341 INFO bench.orchestrators.method_transductive method_transductive.py:139: Transductive method start: id=gcnii seed=3274374610 device=auto resolved_device=cuda use_test=False
2026-02-02 15:22:02,341 DEBUG bench.orchestrators.method_transductive method_transductive.py:147: Transductive method params: {'hidden_dim': 64, 'num_layers': 16, 'alpha': 0.1, 'lam': 0.5, 'dropout': 0.5, 'lr': 0.01, 'weight_decay': 0.0005, 'max_epochs': 200, 'patience': 50, 'add_self_loops': True}
2026-02-02 15:22:02,341 INFO bench.orchestrators.method_transductive method_transductive.py:158: Transductive data: n_nodes=19717 n_train=19717 n_test=0
2026-02-02 15:22:02,341 INFO bench.orchestrators.method_transductive method_transductive.py:177: Transductive masks: labeled_count=12 train_count=60
2026-02-02 15:22:02,342 INFO modssc.transductive.methods.gnn.gcnii gcnii.py:102: Starting gcnii.fit
2026-02-02 15:22:02,342 DEBUG modssc.transductive.methods.gnn.gcnii gcnii.py:103: spec=GCNIISpec(hidden_dim=64, num_layers=16, alpha=0.1, lam=0.5, dropout=0.5, lr=0.01, weight_decay=0.0005, max_epochs=200, patience=50, add_self_loops=True) device=cuda seed=3274374610
2026-02-02 15:22:02,526 INFO modssc.transductive.methods.gnn.gcnii gcnii.py:115: GCNII sizes: n_nodes=19717 n_classes=3 train=12 val=500
2026-02-02 15:22:03,476 DEBUG modssc.transductive.methods.gnn.common common.py:373: train_fullbatch epoch=0 val_loss=1.0902 best updated
2026-02-02 15:22:03,489 DEBUG modssc.transductive.methods.gnn.common common.py:380: train_fullbatch epoch=1 val_loss=1.0909 bad_epochs=1/50
2026-02-02 15:22:03,501 DEBUG modssc.transductive.methods.gnn.common common.py:380: train_fullbatch epoch=2 val_loss=1.0914 bad_epochs=2/50
2026-02-02 15:22:03,514 DEBUG modssc.transductive.methods.gnn.common common.py:380: train_fullbatch epoch=3 val_loss=1.0910 bad_epochs=3/50
2026-02-02 15:22:03,526 DEBUG modssc.transductive.methods.gnn.common common.py:380: train_fullbatch epoch=4 val_loss=1.0916 bad_epochs=4/50
2026-02-02 15:22:03,539 DEBUG modssc.transductive.methods.gnn.common common.py:380: train_fullbatch epoch=5 val_loss=1.0919 bad_epochs=5/50
2026-02-02 15:22:03,551 DEBUG modssc.transductive.methods.gnn.common common.py:380: train_fullbatch epoch=6 val_loss=1.0926 bad_epochs=6/50
2026-02-02 15:22:03,564 DEBUG modssc.transductive.methods.gnn.common common.py:380: train_fullbatch epoch=7 val_loss=1.0927 bad_epochs=7/50
2026-02-02 15:22:03,576 DEBUG modssc.transductive.methods.gnn.common common.py:380: train_fullbatch epoch=8 val_loss=1.0920 bad_epochs=8/50
2026-02-02 15:22:03,589 DEBUG modssc.transductive.methods.gnn.common common.py:380: train_fullbatch epoch=9 val_loss=1.0906 bad_epochs=9/50
2026-02-02 15:22:03,602 DEBUG modssc.transductive.methods.gnn.common common.py:373: train_fullbatch epoch=10 val_loss=1.0886 best updated
2026-02-02 15:22:03,615 DEBUG modssc.transductive.methods.gnn.common common.py:373: train_fullbatch epoch=11 val_loss=1.0853 best updated
2026-02-02 15:22:03,628 DEBUG modssc.transductive.methods.gnn.common common.py:373: train_fullbatch epoch=12 val_loss=1.0822 best updated
2026-02-02 15:22:03,640 DEBUG modssc.transductive.methods.gnn.common common.py:373: train_fullbatch epoch=13 val_loss=1.0782 best updated
2026-02-02 15:22:03,653 DEBUG modssc.transductive.methods.gnn.common common.py:373: train_fullbatch epoch=14 val_loss=1.0728 best updated
2026-02-02 15:22:03,666 DEBUG modssc.transductive.methods.gnn.common common.py:373: train_fullbatch epoch=15 val_loss=1.0676 best updated
2026-02-02 15:22:03,679 DEBUG modssc.transductive.methods.gnn.common common.py:373: train_fullbatch epoch=16 val_loss=1.0607 best updated
2026-02-02 15:22:03,692 DEBUG modssc.transductive.methods.gnn.common common.py:373: train_fullbatch epoch=17 val_loss=1.0521 best updated
2026-02-02 15:22:03,705 DEBUG modssc.transductive.methods.gnn.common common.py:373: train_fullbatch epoch=18 val_loss=1.0438 best updated
2026-02-02 15:22:03,717 DEBUG modssc.transductive.methods.gnn.common common.py:373: train_fullbatch epoch=19 val_loss=1.0349 best updated
2026-02-02 15:22:03,732 DEBUG modssc.transductive.methods.gnn.common common.py:373: train_fullbatch epoch=20 val_loss=1.0271 best updated
2026-02-02 15:22:03,745 DEBUG modssc.transductive.methods.gnn.common common.py:373: train_fullbatch epoch=21 val_loss=1.0188 best updated
2026-02-02 15:22:03,758 DEBUG modssc.transductive.methods.gnn.common common.py:373: train_fullbatch epoch=22 val_loss=1.0100 best updated
2026-02-02 15:22:03,771 DEBUG modssc.transductive.methods.gnn.common common.py:373: train_fullbatch epoch=23 val_loss=0.9974 best updated
2026-02-02 15:22:03,784 DEBUG modssc.transductive.methods.gnn.common common.py:373: train_fullbatch epoch=24 val_loss=0.9844 best updated
2026-02-02 15:22:03,796 DEBUG modssc.transductive.methods.gnn.common common.py:373: train_fullbatch epoch=25 val_loss=0.9707 best updated
2026-02-02 15:22:03,809 DEBUG modssc.transductive.methods.gnn.common common.py:373: train_fullbatch epoch=26 val_loss=0.9559 best updated
2026-02-02 15:22:03,822 DEBUG modssc.transductive.methods.gnn.common common.py:373: train_fullbatch epoch=27 val_loss=0.9426 best updated
2026-02-02 15:22:03,835 DEBUG modssc.transductive.methods.gnn.common common.py:373: train_fullbatch epoch=28 val_loss=0.9338 best updated
2026-02-02 15:22:03,848 DEBUG modssc.transductive.methods.gnn.common common.py:373: train_fullbatch epoch=29 val_loss=0.9224 best updated
2026-02-02 15:22:03,861 DEBUG modssc.transductive.methods.gnn.common common.py:373: train_fullbatch epoch=30 val_loss=0.9087 best updated
2026-02-02 15:22:03,873 DEBUG modssc.transductive.methods.gnn.common common.py:373: train_fullbatch epoch=31 val_loss=0.8992 best updated
2026-02-02 15:22:03,886 DEBUG modssc.transductive.methods.gnn.common common.py:380: train_fullbatch epoch=32 val_loss=0.9061 bad_epochs=1/50
2026-02-02 15:22:03,899 DEBUG modssc.transductive.methods.gnn.common common.py:380: train_fullbatch epoch=33 val_loss=0.9203 bad_epochs=2/50
2026-02-02 15:22:03,911 DEBUG modssc.transductive.methods.gnn.common common.py:380: train_fullbatch epoch=34 val_loss=0.9094 bad_epochs=3/50
2026-02-02 15:22:03,924 DEBUG modssc.transductive.methods.gnn.common common.py:373: train_fullbatch epoch=35 val_loss=0.8834 best updated
2026-02-02 15:22:03,936 DEBUG modssc.transductive.methods.gnn.common common.py:380: train_fullbatch epoch=36 val_loss=0.8956 bad_epochs=1/50
2026-02-02 15:22:03,949 DEBUG modssc.transductive.methods.gnn.common common.py:380: train_fullbatch epoch=37 val_loss=1.0568 bad_epochs=2/50
2026-02-02 15:22:03,961 DEBUG modssc.transductive.methods.gnn.common common.py:380: train_fullbatch epoch=38 val_loss=1.2373 bad_epochs=3/50
2026-02-02 15:22:03,974 DEBUG modssc.transductive.methods.gnn.common common.py:380: train_fullbatch epoch=39 val_loss=1.2080 bad_epochs=4/50
2026-02-02 15:22:03,987 DEBUG modssc.transductive.methods.gnn.common common.py:380: train_fullbatch epoch=40 val_loss=0.9781 bad_epochs=5/50
2026-02-02 15:22:03,999 DEBUG modssc.transductive.methods.gnn.common common.py:373: train_fullbatch epoch=41 val_loss=0.8426 best updated
2026-02-02 15:22:04,012 DEBUG modssc.transductive.methods.gnn.common common.py:380: train_fullbatch epoch=42 val_loss=0.8956 bad_epochs=1/50
2026-02-02 15:22:04,024 DEBUG modssc.transductive.methods.gnn.common common.py:380: train_fullbatch epoch=43 val_loss=0.8910 bad_epochs=2/50
2026-02-02 15:22:04,037 DEBUG modssc.transductive.methods.gnn.common common.py:380: train_fullbatch epoch=44 val_loss=0.9569 bad_epochs=3/50
2026-02-02 15:22:04,049 DEBUG modssc.transductive.methods.gnn.common common.py:380: train_fullbatch epoch=45 val_loss=1.0463 bad_epochs=4/50
2026-02-02 15:22:04,062 DEBUG modssc.transductive.methods.gnn.common common.py:380: train_fullbatch epoch=46 val_loss=1.1668 bad_epochs=5/50
2026-02-02 15:22:04,074 DEBUG modssc.transductive.methods.gnn.common common.py:380: train_fullbatch epoch=47 val_loss=1.2785 bad_epochs=6/50
2026-02-02 15:22:04,087 DEBUG modssc.transductive.methods.gnn.common common.py:380: train_fullbatch epoch=48 val_loss=1.2690 bad_epochs=7/50
2026-02-02 15:22:04,099 DEBUG modssc.transductive.methods.gnn.common common.py:380: train_fullbatch epoch=49 val_loss=1.0610 bad_epochs=8/50
2026-02-02 15:22:04,112 DEBUG modssc.transductive.methods.gnn.common common.py:380: train_fullbatch epoch=50 val_loss=0.8638 bad_epochs=9/50
2026-02-02 15:22:04,125 DEBUG modssc.transductive.methods.gnn.common common.py:373: train_fullbatch epoch=51 val_loss=0.7407 best updated
2026-02-02 15:22:04,138 DEBUG modssc.transductive.methods.gnn.common common.py:373: train_fullbatch epoch=52 val_loss=0.7206 best updated
2026-02-02 15:22:04,151 DEBUG modssc.transductive.methods.gnn.common common.py:373: train_fullbatch epoch=53 val_loss=0.7163 best updated
2026-02-02 15:22:04,163 DEBUG modssc.transductive.methods.gnn.common common.py:380: train_fullbatch epoch=54 val_loss=0.7244 bad_epochs=1/50
2026-02-02 15:22:04,176 DEBUG modssc.transductive.methods.gnn.common common.py:380: train_fullbatch epoch=55 val_loss=0.7595 bad_epochs=2/50
2026-02-02 15:22:04,188 DEBUG modssc.transductive.methods.gnn.common common.py:380: train_fullbatch epoch=56 val_loss=0.8872 bad_epochs=3/50
2026-02-02 15:22:04,201 DEBUG modssc.transductive.methods.gnn.common common.py:380: train_fullbatch epoch=57 val_loss=1.0857 bad_epochs=4/50
2026-02-02 15:22:04,213 DEBUG modssc.transductive.methods.gnn.common common.py:380: train_fullbatch epoch=58 val_loss=1.2996 bad_epochs=5/50
2026-02-02 15:22:04,226 DEBUG modssc.transductive.methods.gnn.common common.py:380: train_fullbatch epoch=59 val_loss=1.4618 bad_epochs=6/50
2026-02-02 15:22:04,238 DEBUG modssc.transductive.methods.gnn.common common.py:380: train_fullbatch epoch=60 val_loss=1.5669 bad_epochs=7/50
2026-02-02 15:22:04,251 DEBUG modssc.transductive.methods.gnn.common common.py:380: train_fullbatch epoch=61 val_loss=1.5494 bad_epochs=8/50
2026-02-02 15:22:04,263 DEBUG modssc.transductive.methods.gnn.common common.py:380: train_fullbatch epoch=62 val_loss=1.3177 bad_epochs=9/50
2026-02-02 15:22:04,276 DEBUG modssc.transductive.methods.gnn.common common.py:380: train_fullbatch epoch=63 val_loss=1.0908 bad_epochs=10/50
2026-02-02 15:22:04,288 DEBUG modssc.transductive.methods.gnn.common common.py:380: train_fullbatch epoch=64 val_loss=0.9168 bad_epochs=11/50
2026-02-02 15:22:04,301 DEBUG modssc.transductive.methods.gnn.common common.py:380: train_fullbatch epoch=65 val_loss=0.8401 bad_epochs=12/50
2026-02-02 15:22:04,313 DEBUG modssc.transductive.methods.gnn.common common.py:380: train_fullbatch epoch=66 val_loss=0.8086 bad_epochs=13/50
2026-02-02 15:22:04,326 DEBUG modssc.transductive.methods.gnn.common common.py:380: train_fullbatch epoch=67 val_loss=0.7974 bad_epochs=14/50
2026-02-02 15:22:04,338 DEBUG modssc.transductive.methods.gnn.common common.py:380: train_fullbatch epoch=68 val_loss=0.9567 bad_epochs=15/50
2026-02-02 15:22:04,351 DEBUG modssc.transductive.methods.gnn.common common.py:380: train_fullbatch epoch=69 val_loss=1.3196 bad_epochs=16/50
2026-02-02 15:22:04,363 DEBUG modssc.transductive.methods.gnn.common common.py:380: train_fullbatch epoch=70 val_loss=1.2125 bad_epochs=17/50
2026-02-02 15:22:04,376 DEBUG modssc.transductive.methods.gnn.common common.py:380: train_fullbatch epoch=71 val_loss=1.1525 bad_epochs=18/50
2026-02-02 15:22:04,388 DEBUG modssc.transductive.methods.gnn.common common.py:380: train_fullbatch epoch=72 val_loss=1.1353 bad_epochs=19/50
2026-02-02 15:22:04,401 DEBUG modssc.transductive.methods.gnn.common common.py:380: train_fullbatch epoch=73 val_loss=1.1073 bad_epochs=20/50
2026-02-02 15:22:04,413 DEBUG modssc.transductive.methods.gnn.common common.py:380: train_fullbatch epoch=74 val_loss=1.0805 bad_epochs=21/50
2026-02-02 15:22:04,426 DEBUG modssc.transductive.methods.gnn.common common.py:380: train_fullbatch epoch=75 val_loss=0.9974 bad_epochs=22/50
2026-02-02 15:22:04,438 DEBUG modssc.transductive.methods.gnn.common common.py:380: train_fullbatch epoch=76 val_loss=0.9258 bad_epochs=23/50
2026-02-02 15:22:04,451 DEBUG modssc.transductive.methods.gnn.common common.py:380: train_fullbatch epoch=77 val_loss=0.8776 bad_epochs=24/50
2026-02-02 15:22:04,463 DEBUG modssc.transductive.methods.gnn.common common.py:380: train_fullbatch epoch=78 val_loss=0.8758 bad_epochs=25/50
2026-02-02 15:22:04,476 DEBUG modssc.transductive.methods.gnn.common common.py:380: train_fullbatch epoch=79 val_loss=0.8706 bad_epochs=26/50
2026-02-02 15:22:04,488 DEBUG modssc.transductive.methods.gnn.common common.py:380: train_fullbatch epoch=80 val_loss=0.8682 bad_epochs=27/50
2026-02-02 15:22:04,501 DEBUG modssc.transductive.methods.gnn.common common.py:380: train_fullbatch epoch=81 val_loss=0.8522 bad_epochs=28/50
2026-02-02 15:22:04,514 DEBUG modssc.transductive.methods.gnn.common common.py:380: train_fullbatch epoch=82 val_loss=0.8922 bad_epochs=29/50
2026-02-02 15:22:04,526 DEBUG modssc.transductive.methods.gnn.common common.py:380: train_fullbatch epoch=83 val_loss=0.9335 bad_epochs=30/50
2026-02-02 15:22:04,539 DEBUG modssc.transductive.methods.gnn.common common.py:380: train_fullbatch epoch=84 val_loss=1.0382 bad_epochs=31/50
2026-02-02 15:22:04,551 DEBUG modssc.transductive.methods.gnn.common common.py:380: train_fullbatch epoch=85 val_loss=1.1246 bad_epochs=32/50
2026-02-02 15:22:04,564 DEBUG modssc.transductive.methods.gnn.common common.py:380: train_fullbatch epoch=86 val_loss=1.0818 bad_epochs=33/50
2026-02-02 15:22:04,576 DEBUG modssc.transductive.methods.gnn.common common.py:380: train_fullbatch epoch=87 val_loss=1.0464 bad_epochs=34/50
2026-02-02 15:22:04,589 DEBUG modssc.transductive.methods.gnn.common common.py:380: train_fullbatch epoch=88 val_loss=1.0030 bad_epochs=35/50
2026-02-02 15:22:04,601 DEBUG modssc.transductive.methods.gnn.common common.py:380: train_fullbatch epoch=89 val_loss=0.9579 bad_epochs=36/50
2026-02-02 15:22:04,614 DEBUG modssc.transductive.methods.gnn.common common.py:380: train_fullbatch epoch=90 val_loss=0.9121 bad_epochs=37/50
2026-02-02 15:22:04,626 DEBUG modssc.transductive.methods.gnn.common common.py:380: train_fullbatch epoch=91 val_loss=0.8738 bad_epochs=38/50
2026-02-02 15:22:04,639 DEBUG modssc.transductive.methods.gnn.common common.py:380: train_fullbatch epoch=92 val_loss=0.8566 bad_epochs=39/50
2026-02-02 15:22:04,651 DEBUG modssc.transductive.methods.gnn.common common.py:380: train_fullbatch epoch=93 val_loss=0.8796 bad_epochs=40/50
2026-02-02 15:22:04,664 DEBUG modssc.transductive.methods.gnn.common common.py:380: train_fullbatch epoch=94 val_loss=0.9237 bad_epochs=41/50
2026-02-02 15:22:04,676 DEBUG modssc.transductive.methods.gnn.common common.py:380: train_fullbatch epoch=95 val_loss=1.0291 bad_epochs=42/50
2026-02-02 15:22:04,689 DEBUG modssc.transductive.methods.gnn.common common.py:380: train_fullbatch epoch=96 val_loss=1.1341 bad_epochs=43/50
2026-02-02 15:22:04,701 DEBUG modssc.transductive.methods.gnn.common common.py:380: train_fullbatch epoch=97 val_loss=1.1454 bad_epochs=44/50
2026-02-02 15:22:04,714 DEBUG modssc.transductive.methods.gnn.common common.py:380: train_fullbatch epoch=98 val_loss=1.0763 bad_epochs=45/50
2026-02-02 15:22:04,726 DEBUG modssc.transductive.methods.gnn.common common.py:380: train_fullbatch epoch=99 val_loss=0.9456 bad_epochs=46/50
2026-02-02 15:22:04,739 DEBUG modssc.transductive.methods.gnn.common common.py:380: train_fullbatch epoch=100 val_loss=0.8598 bad_epochs=47/50
2026-02-02 15:22:04,751 DEBUG modssc.transductive.methods.gnn.common common.py:380: train_fullbatch epoch=101 val_loss=0.9389 bad_epochs=48/50
2026-02-02 15:22:04,764 DEBUG modssc.transductive.methods.gnn.common common.py:380: train_fullbatch epoch=102 val_loss=1.0250 bad_epochs=49/50
2026-02-02 15:22:04,776 DEBUG modssc.transductive.methods.gnn.common common.py:380: train_fullbatch epoch=103 val_loss=1.1830 bad_epochs=50/50
2026-02-02 15:22:04,776 DEBUG modssc.transductive.methods.gnn.common common.py:388: train_fullbatch early_stop epoch=103 best_epoch=53 best_val_loss=0.7163
2026-02-02 15:22:04,777 DEBUG modssc.transductive.methods.gnn.common common.py:399: train_fullbatch done n_epochs=104 best_epoch=53 best_val_loss=0.7163113951683044
2026-02-02 15:22:04,777 INFO modssc.transductive.methods.gnn.gcnii gcnii.py:147: Finished gcnii.fit in 2.436s
2026-02-02 15:22:04,777 INFO bench.orchestrators.method_transductive method_transductive.py:218: Transductive method done: id=gcnii duration_s=2.436
2026-02-02 15:22:04,777 INFO bench.orchestrators.evaluation evaluation.py:244: Evaluation (transductive): splits=['val', 'test'] metrics=['accuracy', 'macro_f1']
2026-02-02 15:22:04,782 INFO bench.orchestrators.evaluation evaluation.py:263: Evaluation (transductive) done: duration_s=0.005
2026-02-02 15:22:04,783 INFO bench.orchestrators.reporting reporting.py:54: Run summary written: /nfs/home/mbarbaux/ModSSC/runs/transductive/gcnii/graph/pubmed/best_graph_transductive_gcnii_pubmed-20260202T142202Z/run.json status=success duration_s=0.001
