2026-02-02 17:01:32,054 INFO bench.orchestrators.dataset dataset.py:36: Dataset start: id=iris download=True cache_dir=None
2026-02-02 17:01:32,054 DEBUG bench.orchestrators.dataset dataset.py:42: Dataset options: []
2026-02-02 17:01:32,057 DEBUG modssc.data_loader.providers __init__.py:38: Creating provider: openml
2026-02-02 17:01:32,057 DEBUG modssc.data_loader.api api.py:316: Resolved dataset id=iris provider=openml canonical_uri=openml:61
2026-02-02 17:01:32,058 INFO modssc.data_loader.api api.py:117: Dataset load: id=iris provider=openml version=None fingerprint=ba055ddc9f9ca1b72ab8a14217263923c7ce2466a9ada1892118d69873fd8572 download=True force=False cache_dir=/nfs/home/mbarbaux/ModSSC/cache/datasets
2026-02-02 17:01:32,058 DEBUG modssc.data_loader.api api.py:127: Dataset resolved_kwargs: {'data_id': 61, 'name': None, 'version': None, 'as_frame': False, 'target_column': None, 'class_filter': None, 'max_samples': None, 'seed': None}
2026-02-02 17:01:32,059 DEBUG modssc.data_loader.api api.py:403: Loaded cached dataset: fingerprint=ba055ddc9f9ca1b72ab8a14217263923c7ce2466a9ada1892118d69873fd8572
2026-02-02 17:01:32,064 INFO modssc.data_loader.api api.py:133: Dataset cached: id=iris train=150 test=None n_classes=3 duration_s=0.009
2026-02-02 17:01:32,064 INFO bench.orchestrators.dataset dataset.py:54: Dataset loaded: train=150 test=None graph=False fingerprint=ba055ddc9f9ca1b72ab8a14217263923c7ce2466a9ada1892118d69873fd8572 provider=openml
2026-02-02 17:01:32,064 INFO bench.orchestrators.dataset dataset.py:62: Dataset stage done: duration_s=0.009
2026-02-02 17:01:32,112 INFO bench.orchestrators.sampling sampling.py:86: Sampling start: seed=1 dataset_id=iris
2026-02-02 17:01:32,112 DEBUG bench.orchestrators.sampling sampling.py:87: Sampling plan: split={'kind': 'holdout', 'test_fraction': 0.2, 'val_fraction': 0.1, 'stratify': True, 'shuffle': True} labeling={'mode': 'fraction', 'value': 0.2, 'per_class': False, 'min_per_class': 1, 'strategy': 'balanced', 'fixed_indices': None} imbalance={'kind': 'none', 'apply_to': 'train', 'max_per_class': None, 'alpha': None, 'min_per_class': 1} policy={'respect_official_test': True, 'use_official_graph_masks': True, 'allow_override_official': False}
2026-02-02 17:01:32,112 DEBUG bench.orchestrators.sampling sampling.py:98: Sampling dataset_fingerprint=ba055ddc9f9ca1b72ab8a14217263923c7ce2466a9ada1892118d69873fd8572
2026-02-02 17:01:32,112 INFO modssc.sampling.api api.py:99: Sampling start: dataset_id=iris dataset_fingerprint=ba055ddc9f9ca1b72ab8a14217263923c7ce2466a9ada1892118d69873fd8572 seed=1 graph=False split=holdout
2026-02-02 17:01:32,112 DEBUG modssc.sampling.api api.py:107: Sampling plan: {'split': {'kind': 'holdout', 'test_fraction': 0.2, 'val_fraction': 0.1, 'stratify': True, 'shuffle': True}, 'labeling': {'mode': 'fraction', 'value': 0.2, 'per_class': False, 'min_per_class': 1, 'strategy': 'balanced', 'fixed_indices': None}, 'imbalance': {'kind': 'none', 'apply_to': 'train', 'max_per_class': None, 'alpha': None, 'min_per_class': 1}, 'policy': {'respect_official_test': True, 'use_official_graph_masks': True, 'allow_override_official': False}}
2026-02-02 17:01:32,120 INFO modssc.sampling.api api.py:141: Sampling done: train=108 val=12 test=30 labeled=22 unlabeled=86 duration_s=0.008
2026-02-02 17:01:32,120 DEBUG modssc.sampling.api api.py:150: Sampling stats: {'policy': {'respect_official_test': True, 'has_official_test': False, 'test_ref': 'train'}, 'train': {'n': 108, 'classes': {'Iris-setosa': 36, 'Iris-versicolor': 36, 'Iris-virginica': 36}}, 'val': {'n': 12, 'classes': {'Iris-setosa': 4, 'Iris-versicolor': 4, 'Iris-virginica': 4}}, 'train_labeled': {'n': 22, 'classes': {'Iris-setosa': 8, 'Iris-versicolor': 7, 'Iris-virginica': 7}}, 'train_unlabeled': {'n': 86}, 'test': {'n': 30, 'classes': {'Iris-setosa': 10, 'Iris-versicolor': 10, 'Iris-virginica': 10}}}
2026-02-02 17:01:32,120 INFO bench.orchestrators.sampling sampling.py:123: Sampling result: train=108 val=12 test=30 labeled=22 unlabeled=86 graph=False
2026-02-02 17:01:32,120 DEBUG bench.orchestrators.sampling sampling.py:132: Sampling stats: {'policy': {'respect_official_test': True, 'has_official_test': False, 'test_ref': 'train'}, 'train': {'n': 108, 'classes': {'Iris-setosa': 36, 'Iris-versicolor': 36, 'Iris-virginica': 36}}, 'val': {'n': 12, 'classes': {'Iris-setosa': 4, 'Iris-versicolor': 4, 'Iris-virginica': 4}}, 'train_labeled': {'n': 22, 'classes': {'Iris-setosa': 8, 'Iris-versicolor': 7, 'Iris-virginica': 7}}, 'train_unlabeled': {'n': 86}, 'test': {'n': 30, 'classes': {'Iris-setosa': 10, 'Iris-versicolor': 10, 'Iris-virginica': 10}}}
2026-02-02 17:01:32,120 INFO bench.orchestrators.sampling sampling.py:133: Sampling stage done: duration_s=0.008
2026-02-02 17:01:32,120 INFO bench.orchestrators.preprocess preprocess.py:105: Preprocess start: seed=1 cache=True n_steps=6 fit_indices=22
2026-02-02 17:01:32,120 DEBUG bench.orchestrators.preprocess preprocess.py:112: Preprocess plan: output_key=features.X steps=['labels.encode', 'labels.to_torch', 'core.ensure_2d', 'tabular.impute', 'tabular.standard_scaler', 'core.to_torch']
2026-02-02 17:01:32,120 INFO modssc.preprocess.api api.py:490: Preprocess start: dataset_fp=ba055ddc9f9ca1b72ab8a14217263923c7ce2466a9ada1892118d69873fd8572 steps=['labels.encode', 'labels.to_torch', 'core.ensure_2d', 'tabular.impute', 'tabular.standard_scaler', 'core.to_torch'] output_key=features.X seed=1 cache=True
2026-02-02 17:01:32,120 DEBUG modssc.preprocess.api api.py:498: Preprocess input shapes: train_X=(150, 4) train_y=(150,) test_X=None test_y=None
2026-02-02 17:01:32,120 INFO modssc.preprocess.api api.py:505: Preprocess input size: train_data=5.9 KB test_data=n/a
2026-02-02 17:01:32,120 DEBUG modssc.preprocess.api api.py:521: Preprocess step start: id=labels.encode index=0 kind=transform params={}
2026-02-02 17:01:32,123 DEBUG modssc.preprocess.api api.py:605: Preprocess step train outputs: id=labels.encode keys=['labels.classes', 'labels.y'] duration_s=0.002
2026-02-02 17:01:32,123 INFO modssc.preprocess.api api.py:679: Preprocess step done: id=labels.encode index=0 duration_s=0.002 train_data=5.9 KB test_data=n/a
2026-02-02 17:01:32,123 DEBUG modssc.preprocess.api api.py:521: Preprocess step start: id=labels.to_torch index=1 kind=transform params={'device': 'auto', 'dtype': 'int64'}
2026-02-02 17:01:32,223 DEBUG modssc.preprocess.api api.py:605: Preprocess step train outputs: id=labels.to_torch keys=['labels.y'] duration_s=0.100
2026-02-02 17:01:32,223 INFO modssc.preprocess.api api.py:267: Preprocess GPU device: device=cuda:0 model=NVIDIA L40
2026-02-02 17:01:32,223 INFO modssc.preprocess.api api.py:679: Preprocess step done: id=labels.to_torch index=1 duration_s=0.101 train_data=5.9 KB test_data=n/a
2026-02-02 17:01:32,224 DEBUG modssc.preprocess.api api.py:521: Preprocess step start: id=core.ensure_2d index=2 kind=transform params={}
2026-02-02 17:01:32,226 DEBUG modssc.preprocess.api api.py:605: Preprocess step train outputs: id=core.ensure_2d keys=['features.X'] duration_s=0.002
2026-02-02 17:01:32,226 INFO modssc.preprocess.api api.py:679: Preprocess step done: id=core.ensure_2d index=2 duration_s=0.002 train_data=5.9 KB test_data=n/a
2026-02-02 17:01:32,226 DEBUG modssc.preprocess.api api.py:521: Preprocess step start: id=tabular.impute index=3 kind=fittable params={}
2026-02-02 17:01:33,169 DEBUG modssc.preprocess.api api.py:605: Preprocess step train outputs: id=tabular.impute keys=['features.X'] duration_s=0.943
2026-02-02 17:01:33,169 INFO modssc.preprocess.api api.py:679: Preprocess step done: id=tabular.impute index=3 duration_s=0.943 train_data=5.9 KB test_data=n/a
2026-02-02 17:01:33,169 DEBUG modssc.preprocess.api api.py:521: Preprocess step start: id=tabular.standard_scaler index=4 kind=fittable params={}
2026-02-02 17:01:33,171 DEBUG modssc.preprocess.api api.py:605: Preprocess step train outputs: id=tabular.standard_scaler keys=['features.X'] duration_s=0.002
2026-02-02 17:01:33,171 INFO modssc.preprocess.api api.py:679: Preprocess step done: id=tabular.standard_scaler index=4 duration_s=0.002 train_data=3.5 KB test_data=n/a
2026-02-02 17:01:33,171 DEBUG modssc.preprocess.api api.py:521: Preprocess step start: id=core.to_torch index=5 kind=transform params={'device': 'auto', 'dtype': 'float32'}
2026-02-02 17:01:33,172 DEBUG modssc.preprocess.api api.py:605: Preprocess step train outputs: id=core.to_torch keys=['features.X'] duration_s=0.001
2026-02-02 17:01:33,172 INFO modssc.preprocess.api api.py:679: Preprocess step done: id=core.to_torch index=5 duration_s=0.001 train_data=3.5 KB test_data=n/a
2026-02-02 17:01:33,172 INFO modssc.preprocess.api api.py:730: Preprocess done: dataset_fp=ba055ddc9f9ca1b72ab8a14217263923c7ce2466a9ada1892118d69873fd8572 duration_s=1.052 train_X=(150, 4) test_X=None
2026-02-02 17:01:33,172 INFO bench.orchestrators.preprocess preprocess.py:124: Preprocess result: fingerprint=preprocess:75598ed099a81a08799b66a7d3baf5526adf278e3ed02c30f4109069d7106690 plan_fingerprint=resolved_plan:2fd28781de548db14dc25cb730c4a58beda13172ed36f45b2cc1411caf334e69 cache_dir=/nfs/home/mbarbaux/ModSSC/cache/preprocess/ba055ddc9f9ca1b72ab8a14217263923c7ce2466a9ada1892118d69873fd8572 skipped=[]
2026-02-02 17:01:33,172 DEBUG bench.orchestrators.preprocess preprocess.py:131: Preprocess output shapes: train_X=(150, 4) test_X=None
2026-02-02 17:01:33,173 INFO bench.orchestrators.preprocess preprocess.py:136: Preprocess stage done: duration_s=1.053
2026-02-02 17:01:33,173 INFO bench.orchestrators.method_inductive method_inductive.py:441: Inductive method start: id=setred seed=398591604 device=auto dtype=float32 model=None
2026-02-02 17:01:33,173 DEBUG bench.orchestrators.method_inductive method_inductive.py:470: Inductive method params: {'classifier_id': 'mlp', 'classifier_backend': 'torch', 'classifier_params': {'hidden_sizes': [256, 256], 'activation': 'relu', 'dropout': 0.1, 'lr': 0.001, 'weight_decay': 0.0, 'batch_size': 128, 'max_epochs': 50}, 'max_iter': 10, 'confidence_threshold': 0.95, 'pool_size': 200, 'max_new_labels': 50, 'min_new_labels': 1, 'theta': 0.05, 'graph_type': 'knn', 'knn_k': 10, 'edge_weight': 'uniform'}
2026-02-02 17:01:33,173 INFO bench.orchestrators.method_inductive method_inductive.py:476: Inductive method data: n_labeled=22 n_unlabeled=86
2026-02-02 17:01:33,190 INFO modssc.inductive.methods.setred setred.py:231: Starting setred.fit
2026-02-02 17:01:33,190 DEBUG modssc.inductive.methods.setred setred.py:232: spec=SetredSpec(classifier_id='mlp', classifier_backend='torch', classifier_params={'hidden_sizes': [256, 256], 'activation': 'relu', 'dropout': 0.1, 'lr': 0.001, 'weight_decay': 0.0, 'batch_size': 128, 'max_epochs': 50}, max_iter=10, pool_size=200, max_new_labels=50, min_new_labels=1, confidence_threshold=0.95, theta=0.05, graph_type='knn', knn_k=10, edge_weight='uniform', eps=1e-12) device=DeviceSpec(device='auto', dtype='float32') seed=398591604
2026-02-02 17:01:33,190 DEBUG modssc.inductive.methods.setred setred.py:235: backend=torch
2026-02-02 17:01:33,190 INFO modssc.inductive.methods.setred setred.py:380: Setred sizes: n_labeled=22 n_unlabeled=86
2026-02-02 17:01:33,193 INFO modssc.supervised.backends.torch.mlp mlp.py:75: Starting mlp.fit
2026-02-02 17:01:33,193 DEBUG modssc.supervised.backends.torch.mlp mlp.py:76: params hidden_sizes=(256, 256) activation=relu dropout=0.1 lr=0.001 weight_decay=0.0 batch_size=128 max_epochs=50 seed=398591604 n_jobs=None
2026-02-02 17:01:34,224 INFO modssc.supervised.backends.torch.mlp mlp.py:167: Finished mlp.fit in 1.031s
2026-02-02 17:01:34,230 DEBUG modssc.inductive.methods.setred setred.py:463: Setred iter=0 pool=86 selected=42 kept=42
2026-02-02 17:01:34,236 INFO modssc.supervised.backends.torch.mlp mlp.py:75: Starting mlp.fit
2026-02-02 17:01:34,236 DEBUG modssc.supervised.backends.torch.mlp mlp.py:76: params hidden_sizes=(256, 256) activation=relu dropout=0.1 lr=0.001 weight_decay=0.0 batch_size=128 max_epochs=50 seed=398591604 n_jobs=None
2026-02-02 17:01:34,273 INFO modssc.supervised.backends.torch.mlp mlp.py:167: Finished mlp.fit in 0.038s
2026-02-02 17:01:34,275 DEBUG modssc.inductive.methods.setred setred.py:463: Setred iter=1 pool=44 selected=20 kept=20
2026-02-02 17:01:34,275 INFO modssc.supervised.backends.torch.mlp mlp.py:75: Starting mlp.fit
2026-02-02 17:01:34,275 DEBUG modssc.supervised.backends.torch.mlp mlp.py:76: params hidden_sizes=(256, 256) activation=relu dropout=0.1 lr=0.001 weight_decay=0.0 batch_size=128 max_epochs=50 seed=398591604 n_jobs=None
2026-02-02 17:01:34,311 INFO modssc.supervised.backends.torch.mlp mlp.py:167: Finished mlp.fit in 0.036s
2026-02-02 17:01:34,313 DEBUG modssc.inductive.methods.setred setred.py:463: Setred iter=2 pool=24 selected=2 kept=2
2026-02-02 17:01:34,313 INFO modssc.supervised.backends.torch.mlp mlp.py:75: Starting mlp.fit
2026-02-02 17:01:34,313 DEBUG modssc.supervised.backends.torch.mlp mlp.py:76: params hidden_sizes=(256, 256) activation=relu dropout=0.1 lr=0.001 weight_decay=0.0 batch_size=128 max_epochs=50 seed=398591604 n_jobs=None
2026-02-02 17:01:34,349 INFO modssc.supervised.backends.torch.mlp mlp.py:167: Finished mlp.fit in 0.036s
2026-02-02 17:01:34,350 DEBUG modssc.inductive.methods.setred setred.py:429: Setred iter=3 no candidates selected; stopping.
2026-02-02 17:01:34,350 INFO modssc.supervised.backends.torch.mlp mlp.py:75: Starting mlp.fit
2026-02-02 17:01:34,350 DEBUG modssc.supervised.backends.torch.mlp mlp.py:76: params hidden_sizes=(256, 256) activation=relu dropout=0.1 lr=0.001 weight_decay=0.0 batch_size=128 max_epochs=50 seed=398591604 n_jobs=None
2026-02-02 17:01:34,386 INFO modssc.supervised.backends.torch.mlp mlp.py:167: Finished mlp.fit in 0.036s
2026-02-02 17:01:34,387 INFO modssc.inductive.methods.setred setred.py:499: Finished setred.fit in 1.197s
2026-02-02 17:01:34,387 INFO bench.orchestrators.method_inductive method_inductive.py:550: Inductive method done: id=setred duration_s=1.214
2026-02-02 17:01:34,387 INFO bench.orchestrators.evaluation evaluation.py:189: Evaluation (inductive): splits=['val', 'test'] metrics=['accuracy', 'macro_f1']
2026-02-02 17:01:34,401 INFO bench.orchestrators.evaluation evaluation.py:231: Evaluation (inductive) done: duration_s=0.014
2026-02-02 17:01:34,402 INFO bench.orchestrators.reporting reporting.py:54: Run summary written: /nfs/home/mbarbaux/ModSSC/runs/inductive/setred/tabular/iris/best_tabular_inductive_setred_iris-20260202T160132Z/run.json status=success duration_s=0.001
