2026-02-02 15:59:50,653 INFO bench.orchestrators.dataset dataset.py:36: Dataset start: id=pubmed download=True cache_dir=None
2026-02-02 15:59:50,653 DEBUG bench.orchestrators.dataset dataset.py:42: Dataset options: []
2026-02-02 15:59:50,656 DEBUG modssc.data_loader.providers __init__.py:38: Creating provider: pyg
2026-02-02 15:59:50,656 DEBUG modssc.data_loader.api api.py:316: Resolved dataset id=pubmed provider=pyg canonical_uri=pyg:Planetoid/PubMed
2026-02-02 15:59:50,656 INFO modssc.data_loader.api api.py:117: Dataset load: id=pubmed provider=pyg version=None fingerprint=33662ee2dd9f5386a1eb7438c7e711640858805e93f8cee2bfe9beda2eb3499a download=True force=False cache_dir=/nfs/home/mbarbaux/ModSSC/cache/datasets
2026-02-02 15:59:50,656 DEBUG modssc.data_loader.api api.py:127: Dataset resolved_kwargs: {'dataset_class': 'Planetoid', 'dataset_kwargs': {'name': 'PubMed'}}
2026-02-02 15:59:50,667 DEBUG modssc.data_loader.api api.py:403: Loaded cached dataset: fingerprint=33662ee2dd9f5386a1eb7438c7e711640858805e93f8cee2bfe9beda2eb3499a
2026-02-02 15:59:50,667 INFO modssc.data_loader.api api.py:133: Dataset cached: id=pubmed train=19717 test=None n_classes=3 duration_s=0.014
2026-02-02 15:59:50,667 INFO bench.orchestrators.dataset dataset.py:54: Dataset loaded: train=19717 test=None graph=True fingerprint=33662ee2dd9f5386a1eb7438c7e711640858805e93f8cee2bfe9beda2eb3499a provider=pyg
2026-02-02 15:59:50,667 INFO bench.orchestrators.dataset dataset.py:62: Dataset stage done: duration_s=0.014
2026-02-02 15:59:50,689 INFO bench.orchestrators.sampling sampling.py:86: Sampling start: seed=5 dataset_id=pubmed
2026-02-02 15:59:50,689 DEBUG bench.orchestrators.sampling sampling.py:87: Sampling plan: split={'kind': 'holdout', 'test_fraction': 0.2, 'val_fraction': 0.1, 'stratify': True, 'shuffle': True} labeling={'mode': 'fraction', 'value': 0.2, 'per_class': False, 'min_per_class': 1, 'strategy': 'balanced', 'fixed_indices': None} imbalance={'kind': 'none', 'apply_to': 'train', 'max_per_class': None, 'alpha': None, 'min_per_class': 1} policy={'respect_official_test': True, 'use_official_graph_masks': True, 'allow_override_official': False}
2026-02-02 15:59:50,689 DEBUG bench.orchestrators.sampling sampling.py:98: Sampling dataset_fingerprint=33662ee2dd9f5386a1eb7438c7e711640858805e93f8cee2bfe9beda2eb3499a
2026-02-02 15:59:50,689 INFO modssc.sampling.api api.py:99: Sampling start: dataset_id=pubmed dataset_fingerprint=33662ee2dd9f5386a1eb7438c7e711640858805e93f8cee2bfe9beda2eb3499a seed=5 graph=True split=holdout
2026-02-02 15:59:50,689 DEBUG modssc.sampling.api api.py:107: Sampling plan: {'split': {'kind': 'holdout', 'test_fraction': 0.2, 'val_fraction': 0.1, 'stratify': True, 'shuffle': True}, 'labeling': {'mode': 'fraction', 'value': 0.2, 'per_class': False, 'min_per_class': 1, 'strategy': 'balanced', 'fixed_indices': None}, 'imbalance': {'kind': 'none', 'apply_to': 'train', 'max_per_class': None, 'alpha': None, 'min_per_class': 1}, 'policy': {'respect_official_test': True, 'use_official_graph_masks': True, 'allow_override_official': False}}
2026-02-02 15:59:50,700 INFO modssc.sampling.api api.py:141: Sampling done: train=60 val=500 test=1000 labeled=12 unlabeled=48 duration_s=0.010
2026-02-02 15:59:50,700 DEBUG modssc.sampling.api api.py:150: Sampling stats: {'nodes': 19717, 'train': 60, 'val': 500, 'test': 1000, 'labeled': 12, 'unlabeled': 48, 'labeled_class_dist': {'n': 12, 'classes': {'0': 4, '1': 4, '2': 4}}}
2026-02-02 15:59:50,700 INFO bench.orchestrators.sampling sampling.py:123: Sampling result: train=60 val=500 test=1000 labeled=12 unlabeled=48 graph=True
2026-02-02 15:59:50,700 DEBUG bench.orchestrators.sampling sampling.py:132: Sampling stats: {'nodes': 19717, 'train': 60, 'val': 500, 'test': 1000, 'labeled': 12, 'unlabeled': 48, 'labeled_class_dist': {'n': 12, 'classes': {'0': 4, '1': 4, '2': 4}}}
2026-02-02 15:59:50,700 INFO bench.orchestrators.sampling sampling.py:133: Sampling stage done: duration_s=0.011
2026-02-02 15:59:50,700 INFO bench.orchestrators.preprocess preprocess.py:105: Preprocess start: seed=5 cache=True n_steps=3 fit_indices=12
2026-02-02 15:59:50,700 DEBUG bench.orchestrators.preprocess preprocess.py:112: Preprocess plan: output_key=features.X steps=['labels.encode', 'core.ensure_2d', 'core.to_numpy']
2026-02-02 15:59:50,700 INFO modssc.preprocess.api api.py:490: Preprocess start: dataset_fp=33662ee2dd9f5386a1eb7438c7e711640858805e93f8cee2bfe9beda2eb3499a steps=['labels.encode', 'core.ensure_2d', 'core.to_numpy'] output_key=features.X seed=5 cache=True
2026-02-02 15:59:50,700 DEBUG modssc.preprocess.api api.py:498: Preprocess input shapes: train_X=(19717, 500) train_y=(19717,) test_X=None test_y=None
2026-02-02 15:59:50,700 INFO modssc.preprocess.api api.py:505: Preprocess input size: train_data=39.2 MB test_data=n/a
2026-02-02 15:59:50,700 DEBUG modssc.preprocess.api api.py:521: Preprocess step start: id=labels.encode index=0 kind=transform params={}
2026-02-02 15:59:50,706 DEBUG modssc.preprocess.api api.py:605: Preprocess step train outputs: id=labels.encode keys=['labels.classes', 'labels.y'] duration_s=0.006
2026-02-02 15:59:50,706 INFO modssc.preprocess.api api.py:679: Preprocess step done: id=labels.encode index=0 duration_s=0.006 train_data=39.2 MB test_data=n/a
2026-02-02 15:59:50,706 DEBUG modssc.preprocess.api api.py:521: Preprocess step start: id=core.ensure_2d index=1 kind=transform params={}
2026-02-02 15:59:50,715 DEBUG modssc.preprocess.api api.py:605: Preprocess step train outputs: id=core.ensure_2d keys=['features.X'] duration_s=0.009
2026-02-02 15:59:50,715 INFO modssc.preprocess.api api.py:679: Preprocess step done: id=core.ensure_2d index=1 duration_s=0.009 train_data=39.2 MB test_data=n/a
2026-02-02 15:59:50,715 DEBUG modssc.preprocess.api api.py:521: Preprocess step start: id=core.to_numpy index=2 kind=transform params={}
2026-02-02 15:59:50,724 DEBUG modssc.preprocess.api api.py:605: Preprocess step train outputs: id=core.to_numpy keys=['features.X'] duration_s=0.009
2026-02-02 15:59:50,724 INFO modssc.preprocess.api api.py:679: Preprocess step done: id=core.to_numpy index=2 duration_s=0.009 train_data=39.2 MB test_data=n/a
2026-02-02 15:59:50,724 INFO modssc.preprocess.api api.py:730: Preprocess done: dataset_fp=33662ee2dd9f5386a1eb7438c7e711640858805e93f8cee2bfe9beda2eb3499a duration_s=0.024 train_X=(19717, 500) test_X=None
2026-02-02 15:59:50,724 INFO bench.orchestrators.preprocess preprocess.py:124: Preprocess result: fingerprint=preprocess:99e2d6e1d9f2a08d31c1fbb39ceec754bf3df24395d11ea5eb79d7325462efc1 plan_fingerprint=resolved_plan:8a5e3ebe41a4f364f53ac26a625ef44f5a721631be61f65e32b92a3759853b68 cache_dir=/nfs/home/mbarbaux/ModSSC/cache/preprocess/33662ee2dd9f5386a1eb7438c7e711640858805e93f8cee2bfe9beda2eb3499a skipped=[]
2026-02-02 15:59:50,724 DEBUG bench.orchestrators.preprocess preprocess.py:131: Preprocess output shapes: train_X=(19717, 500) test_X=None
2026-02-02 15:59:50,724 INFO bench.orchestrators.preprocess preprocess.py:136: Preprocess stage done: duration_s=0.024
2026-02-02 15:59:50,724 INFO bench.orchestrators.method_transductive method_transductive.py:139: Transductive method start: id=sgc seed=3274374610 device=auto resolved_device=cuda use_test=False
2026-02-02 15:59:50,724 DEBUG bench.orchestrators.method_transductive method_transductive.py:147: Transductive method params: {'k': 2, 'lr': 0.1, 'weight_decay': 0.0, 'max_epochs': 200, 'patience': 50, 'add_self_loops': True}
2026-02-02 15:59:50,724 INFO bench.orchestrators.method_transductive method_transductive.py:158: Transductive data: n_nodes=19717 n_train=19717 n_test=0
2026-02-02 15:59:50,724 INFO bench.orchestrators.method_transductive method_transductive.py:177: Transductive masks: labeled_count=12 train_count=60
2026-02-02 15:59:50,725 INFO modssc.transductive.methods.gnn.sgc sgc.py:60: Starting sgc.fit
2026-02-02 15:59:50,725 DEBUG modssc.transductive.methods.gnn.sgc sgc.py:61: spec=SGCSpec(k=2, lr=0.1, weight_decay=0.0, max_epochs=200, patience=50, add_self_loops=True) device=cuda seed=3274374610
2026-02-02 15:59:50,902 INFO modssc.transductive.methods.gnn.sgc sgc.py:73: SGC sizes: n_nodes=19717 n_classes=3 train=12 val=500
2026-02-02 15:59:51,881 DEBUG modssc.transductive.methods.gnn.common common.py:373: train_fullbatch epoch=0 val_loss=1.0848 best updated
2026-02-02 15:59:51,883 DEBUG modssc.transductive.methods.gnn.common common.py:373: train_fullbatch epoch=1 val_loss=1.0515 best updated
2026-02-02 15:59:51,884 DEBUG modssc.transductive.methods.gnn.common common.py:373: train_fullbatch epoch=2 val_loss=1.0141 best updated
2026-02-02 15:59:51,884 DEBUG modssc.transductive.methods.gnn.common common.py:373: train_fullbatch epoch=3 val_loss=0.9804 best updated
2026-02-02 15:59:51,885 DEBUG modssc.transductive.methods.gnn.common common.py:373: train_fullbatch epoch=4 val_loss=0.9551 best updated
2026-02-02 15:59:51,886 DEBUG modssc.transductive.methods.gnn.common common.py:373: train_fullbatch epoch=5 val_loss=0.9376 best updated
2026-02-02 15:59:51,887 DEBUG modssc.transductive.methods.gnn.common common.py:373: train_fullbatch epoch=6 val_loss=0.9253 best updated
2026-02-02 15:59:51,888 DEBUG modssc.transductive.methods.gnn.common common.py:373: train_fullbatch epoch=7 val_loss=0.9151 best updated
2026-02-02 15:59:51,889 DEBUG modssc.transductive.methods.gnn.common common.py:373: train_fullbatch epoch=8 val_loss=0.9042 best updated
2026-02-02 15:59:51,890 DEBUG modssc.transductive.methods.gnn.common common.py:373: train_fullbatch epoch=9 val_loss=0.8916 best updated
2026-02-02 15:59:51,890 DEBUG modssc.transductive.methods.gnn.common common.py:373: train_fullbatch epoch=10 val_loss=0.8778 best updated
2026-02-02 15:59:51,891 DEBUG modssc.transductive.methods.gnn.common common.py:373: train_fullbatch epoch=11 val_loss=0.8643 best updated
2026-02-02 15:59:51,892 DEBUG modssc.transductive.methods.gnn.common common.py:373: train_fullbatch epoch=12 val_loss=0.8524 best updated
2026-02-02 15:59:51,893 DEBUG modssc.transductive.methods.gnn.common common.py:373: train_fullbatch epoch=13 val_loss=0.8428 best updated
2026-02-02 15:59:51,894 DEBUG modssc.transductive.methods.gnn.common common.py:373: train_fullbatch epoch=14 val_loss=0.8356 best updated
2026-02-02 15:59:51,895 DEBUG modssc.transductive.methods.gnn.common common.py:373: train_fullbatch epoch=15 val_loss=0.8307 best updated
2026-02-02 15:59:51,895 DEBUG modssc.transductive.methods.gnn.common common.py:373: train_fullbatch epoch=16 val_loss=0.8276 best updated
2026-02-02 15:59:51,896 DEBUG modssc.transductive.methods.gnn.common common.py:373: train_fullbatch epoch=17 val_loss=0.8259 best updated
2026-02-02 15:59:51,897 DEBUG modssc.transductive.methods.gnn.common common.py:373: train_fullbatch epoch=18 val_loss=0.8251 best updated
2026-02-02 15:59:51,898 DEBUG modssc.transductive.methods.gnn.common common.py:373: train_fullbatch epoch=19 val_loss=0.8245 best updated
2026-02-02 15:59:51,899 DEBUG modssc.transductive.methods.gnn.common common.py:373: train_fullbatch epoch=20 val_loss=0.8239 best updated
2026-02-02 15:59:51,899 DEBUG modssc.transductive.methods.gnn.common common.py:373: train_fullbatch epoch=21 val_loss=0.8230 best updated
2026-02-02 15:59:51,900 DEBUG modssc.transductive.methods.gnn.common common.py:373: train_fullbatch epoch=22 val_loss=0.8218 best updated
2026-02-02 15:59:51,901 DEBUG modssc.transductive.methods.gnn.common common.py:373: train_fullbatch epoch=23 val_loss=0.8203 best updated
2026-02-02 15:59:51,902 DEBUG modssc.transductive.methods.gnn.common common.py:373: train_fullbatch epoch=24 val_loss=0.8188 best updated
2026-02-02 15:59:51,903 DEBUG modssc.transductive.methods.gnn.common common.py:373: train_fullbatch epoch=25 val_loss=0.8174 best updated
2026-02-02 15:59:51,904 DEBUG modssc.transductive.methods.gnn.common common.py:373: train_fullbatch epoch=26 val_loss=0.8162 best updated
2026-02-02 15:59:51,904 DEBUG modssc.transductive.methods.gnn.common common.py:373: train_fullbatch epoch=27 val_loss=0.8155 best updated
2026-02-02 15:59:51,905 DEBUG modssc.transductive.methods.gnn.common common.py:373: train_fullbatch epoch=28 val_loss=0.8151 best updated
2026-02-02 15:59:51,906 DEBUG modssc.transductive.methods.gnn.common common.py:380: train_fullbatch epoch=29 val_loss=0.8153 bad_epochs=1/50
2026-02-02 15:59:51,907 DEBUG modssc.transductive.methods.gnn.common common.py:380: train_fullbatch epoch=30 val_loss=0.8159 bad_epochs=2/50
2026-02-02 15:59:51,908 DEBUG modssc.transductive.methods.gnn.common common.py:380: train_fullbatch epoch=31 val_loss=0.8170 bad_epochs=3/50
2026-02-02 15:59:51,908 DEBUG modssc.transductive.methods.gnn.common common.py:380: train_fullbatch epoch=32 val_loss=0.8184 bad_epochs=4/50
2026-02-02 15:59:51,909 DEBUG modssc.transductive.methods.gnn.common common.py:380: train_fullbatch epoch=33 val_loss=0.8200 bad_epochs=5/50
2026-02-02 15:59:51,910 DEBUG modssc.transductive.methods.gnn.common common.py:380: train_fullbatch epoch=34 val_loss=0.8219 bad_epochs=6/50
2026-02-02 15:59:51,911 DEBUG modssc.transductive.methods.gnn.common common.py:380: train_fullbatch epoch=35 val_loss=0.8238 bad_epochs=7/50
2026-02-02 15:59:51,911 DEBUG modssc.transductive.methods.gnn.common common.py:380: train_fullbatch epoch=36 val_loss=0.8257 bad_epochs=8/50
2026-02-02 15:59:51,912 DEBUG modssc.transductive.methods.gnn.common common.py:380: train_fullbatch epoch=37 val_loss=0.8275 bad_epochs=9/50
2026-02-02 15:59:51,913 DEBUG modssc.transductive.methods.gnn.common common.py:380: train_fullbatch epoch=38 val_loss=0.8291 bad_epochs=10/50
2026-02-02 15:59:51,914 DEBUG modssc.transductive.methods.gnn.common common.py:380: train_fullbatch epoch=39 val_loss=0.8306 bad_epochs=11/50
2026-02-02 15:59:51,915 DEBUG modssc.transductive.methods.gnn.common common.py:380: train_fullbatch epoch=40 val_loss=0.8319 bad_epochs=12/50
2026-02-02 15:59:51,915 DEBUG modssc.transductive.methods.gnn.common common.py:380: train_fullbatch epoch=41 val_loss=0.8330 bad_epochs=13/50
2026-02-02 15:59:51,916 DEBUG modssc.transductive.methods.gnn.common common.py:380: train_fullbatch epoch=42 val_loss=0.8340 bad_epochs=14/50
2026-02-02 15:59:51,917 DEBUG modssc.transductive.methods.gnn.common common.py:380: train_fullbatch epoch=43 val_loss=0.8348 bad_epochs=15/50
2026-02-02 15:59:51,918 DEBUG modssc.transductive.methods.gnn.common common.py:380: train_fullbatch epoch=44 val_loss=0.8355 bad_epochs=16/50
2026-02-02 15:59:51,918 DEBUG modssc.transductive.methods.gnn.common common.py:380: train_fullbatch epoch=45 val_loss=0.8361 bad_epochs=17/50
2026-02-02 15:59:51,919 DEBUG modssc.transductive.methods.gnn.common common.py:380: train_fullbatch epoch=46 val_loss=0.8367 bad_epochs=18/50
2026-02-02 15:59:51,920 DEBUG modssc.transductive.methods.gnn.common common.py:380: train_fullbatch epoch=47 val_loss=0.8373 bad_epochs=19/50
2026-02-02 15:59:51,921 DEBUG modssc.transductive.methods.gnn.common common.py:380: train_fullbatch epoch=48 val_loss=0.8379 bad_epochs=20/50
2026-02-02 15:59:51,922 DEBUG modssc.transductive.methods.gnn.common common.py:380: train_fullbatch epoch=49 val_loss=0.8386 bad_epochs=21/50
2026-02-02 15:59:51,922 DEBUG modssc.transductive.methods.gnn.common common.py:380: train_fullbatch epoch=50 val_loss=0.8393 bad_epochs=22/50
2026-02-02 15:59:51,923 DEBUG modssc.transductive.methods.gnn.common common.py:380: train_fullbatch epoch=51 val_loss=0.8401 bad_epochs=23/50
2026-02-02 15:59:51,924 DEBUG modssc.transductive.methods.gnn.common common.py:380: train_fullbatch epoch=52 val_loss=0.8410 bad_epochs=24/50
2026-02-02 15:59:51,925 DEBUG modssc.transductive.methods.gnn.common common.py:380: train_fullbatch epoch=53 val_loss=0.8420 bad_epochs=25/50
2026-02-02 15:59:51,925 DEBUG modssc.transductive.methods.gnn.common common.py:380: train_fullbatch epoch=54 val_loss=0.8430 bad_epochs=26/50
2026-02-02 15:59:51,926 DEBUG modssc.transductive.methods.gnn.common common.py:380: train_fullbatch epoch=55 val_loss=0.8441 bad_epochs=27/50
2026-02-02 15:59:51,927 DEBUG modssc.transductive.methods.gnn.common common.py:380: train_fullbatch epoch=56 val_loss=0.8452 bad_epochs=28/50
2026-02-02 15:59:51,928 DEBUG modssc.transductive.methods.gnn.common common.py:380: train_fullbatch epoch=57 val_loss=0.8463 bad_epochs=29/50
2026-02-02 15:59:51,929 DEBUG modssc.transductive.methods.gnn.common common.py:380: train_fullbatch epoch=58 val_loss=0.8474 bad_epochs=30/50
2026-02-02 15:59:51,929 DEBUG modssc.transductive.methods.gnn.common common.py:380: train_fullbatch epoch=59 val_loss=0.8485 bad_epochs=31/50
2026-02-02 15:59:51,930 DEBUG modssc.transductive.methods.gnn.common common.py:380: train_fullbatch epoch=60 val_loss=0.8496 bad_epochs=32/50
2026-02-02 15:59:51,931 DEBUG modssc.transductive.methods.gnn.common common.py:380: train_fullbatch epoch=61 val_loss=0.8506 bad_epochs=33/50
2026-02-02 15:59:51,932 DEBUG modssc.transductive.methods.gnn.common common.py:380: train_fullbatch epoch=62 val_loss=0.8516 bad_epochs=34/50
2026-02-02 15:59:51,933 DEBUG modssc.transductive.methods.gnn.common common.py:380: train_fullbatch epoch=63 val_loss=0.8525 bad_epochs=35/50
2026-02-02 15:59:51,933 DEBUG modssc.transductive.methods.gnn.common common.py:380: train_fullbatch epoch=64 val_loss=0.8533 bad_epochs=36/50
2026-02-02 15:59:51,934 DEBUG modssc.transductive.methods.gnn.common common.py:380: train_fullbatch epoch=65 val_loss=0.8541 bad_epochs=37/50
2026-02-02 15:59:51,935 DEBUG modssc.transductive.methods.gnn.common common.py:380: train_fullbatch epoch=66 val_loss=0.8549 bad_epochs=38/50
2026-02-02 15:59:51,936 DEBUG modssc.transductive.methods.gnn.common common.py:380: train_fullbatch epoch=67 val_loss=0.8555 bad_epochs=39/50
2026-02-02 15:59:51,936 DEBUG modssc.transductive.methods.gnn.common common.py:380: train_fullbatch epoch=68 val_loss=0.8562 bad_epochs=40/50
2026-02-02 15:59:51,937 DEBUG modssc.transductive.methods.gnn.common common.py:380: train_fullbatch epoch=69 val_loss=0.8568 bad_epochs=41/50
2026-02-02 15:59:51,938 DEBUG modssc.transductive.methods.gnn.common common.py:380: train_fullbatch epoch=70 val_loss=0.8573 bad_epochs=42/50
2026-02-02 15:59:51,939 DEBUG modssc.transductive.methods.gnn.common common.py:380: train_fullbatch epoch=71 val_loss=0.8579 bad_epochs=43/50
2026-02-02 15:59:51,939 DEBUG modssc.transductive.methods.gnn.common common.py:380: train_fullbatch epoch=72 val_loss=0.8584 bad_epochs=44/50
2026-02-02 15:59:51,940 DEBUG modssc.transductive.methods.gnn.common common.py:380: train_fullbatch epoch=73 val_loss=0.8589 bad_epochs=45/50
2026-02-02 15:59:51,941 DEBUG modssc.transductive.methods.gnn.common common.py:380: train_fullbatch epoch=74 val_loss=0.8595 bad_epochs=46/50
2026-02-02 15:59:51,942 DEBUG modssc.transductive.methods.gnn.common common.py:380: train_fullbatch epoch=75 val_loss=0.8600 bad_epochs=47/50
2026-02-02 15:59:51,943 DEBUG modssc.transductive.methods.gnn.common common.py:380: train_fullbatch epoch=76 val_loss=0.8606 bad_epochs=48/50
2026-02-02 15:59:51,943 DEBUG modssc.transductive.methods.gnn.common common.py:380: train_fullbatch epoch=77 val_loss=0.8611 bad_epochs=49/50
2026-02-02 15:59:51,944 DEBUG modssc.transductive.methods.gnn.common common.py:380: train_fullbatch epoch=78 val_loss=0.8617 bad_epochs=50/50
2026-02-02 15:59:51,944 DEBUG modssc.transductive.methods.gnn.common common.py:388: train_fullbatch early_stop epoch=78 best_epoch=28 best_val_loss=0.8151
2026-02-02 15:59:51,944 DEBUG modssc.transductive.methods.gnn.common common.py:399: train_fullbatch done n_epochs=79 best_epoch=28 best_val_loss=0.8151496648788452
2026-02-02 15:59:51,944 INFO modssc.transductive.methods.gnn.sgc sgc.py:105: Finished sgc.fit in 1.220s
2026-02-02 15:59:51,944 INFO bench.orchestrators.method_transductive method_transductive.py:218: Transductive method done: id=sgc duration_s=1.220
2026-02-02 15:59:51,944 INFO bench.orchestrators.evaluation evaluation.py:244: Evaluation (transductive): splits=['val', 'test'] metrics=['accuracy', 'macro_f1']
2026-02-02 15:59:51,946 INFO bench.orchestrators.evaluation evaluation.py:263: Evaluation (transductive) done: duration_s=0.001
2026-02-02 15:59:51,947 INFO bench.orchestrators.reporting reporting.py:54: Run summary written: /nfs/home/mbarbaux/ModSSC/runs/transductive/sgc/graph/pubmed/best_graph_transductive_sgc_pubmed-20260202T145950Z/run.json status=success duration_s=0.001
