2026-02-02 14:59:25,902 INFO bench.orchestrators.dataset dataset.py:36: Dataset start: id=adult download=True cache_dir=None
2026-02-02 14:59:25,902 DEBUG bench.orchestrators.dataset dataset.py:42: Dataset options: []
2026-02-02 14:59:25,906 DEBUG modssc.data_loader.providers __init__.py:38: Creating provider: openml
2026-02-02 14:59:25,906 DEBUG modssc.data_loader.api api.py:316: Resolved dataset id=adult provider=openml canonical_uri=openml:1590
2026-02-02 14:59:25,906 INFO modssc.data_loader.api api.py:117: Dataset load: id=adult provider=openml version=None fingerprint=f9281cab47a3de02bacdff6aeecab3cc3bec164d4d321622f81551b6b4f82967 download=True force=False cache_dir=/nfs/home/mbarbaux/ModSSC/cache/datasets
2026-02-02 14:59:25,906 DEBUG modssc.data_loader.api api.py:127: Dataset resolved_kwargs: {'data_id': 1590, 'name': None, 'version': None, 'as_frame': False, 'target_column': None, 'class_filter': None, 'max_samples': None, 'seed': None}
2026-02-02 14:59:25,967 DEBUG modssc.data_loader.api api.py:403: Loaded cached dataset: fingerprint=f9281cab47a3de02bacdff6aeecab3cc3bec164d4d321622f81551b6b4f82967
2026-02-02 14:59:25,987 INFO modssc.data_loader.api api.py:133: Dataset cached: id=adult train=48842 test=None n_classes=2 duration_s=0.085
2026-02-02 14:59:25,987 INFO bench.orchestrators.dataset dataset.py:54: Dataset loaded: train=48842 test=None graph=False fingerprint=f9281cab47a3de02bacdff6aeecab3cc3bec164d4d321622f81551b6b4f82967 provider=openml
2026-02-02 14:59:25,987 INFO bench.orchestrators.dataset dataset.py:62: Dataset stage done: duration_s=0.085
2026-02-02 14:59:26,038 INFO bench.orchestrators.sampling sampling.py:86: Sampling start: seed=1 dataset_id=adult
2026-02-02 14:59:26,038 DEBUG bench.orchestrators.sampling sampling.py:87: Sampling plan: split={'kind': 'holdout', 'test_fraction': 0.2, 'val_fraction': 0.1, 'stratify': True, 'shuffle': True} labeling={'mode': 'fraction', 'value': 0.2, 'per_class': False, 'min_per_class': 1, 'strategy': 'balanced', 'fixed_indices': None} imbalance={'kind': 'none', 'apply_to': 'train', 'max_per_class': None, 'alpha': None, 'min_per_class': 1} policy={'respect_official_test': True, 'use_official_graph_masks': True, 'allow_override_official': False}
2026-02-02 14:59:26,038 DEBUG bench.orchestrators.sampling sampling.py:98: Sampling dataset_fingerprint=f9281cab47a3de02bacdff6aeecab3cc3bec164d4d321622f81551b6b4f82967
2026-02-02 14:59:26,039 INFO modssc.sampling.api api.py:99: Sampling start: dataset_id=adult dataset_fingerprint=f9281cab47a3de02bacdff6aeecab3cc3bec164d4d321622f81551b6b4f82967 seed=1 graph=False split=holdout
2026-02-02 14:59:26,039 DEBUG modssc.sampling.api api.py:107: Sampling plan: {'split': {'kind': 'holdout', 'test_fraction': 0.2, 'val_fraction': 0.1, 'stratify': True, 'shuffle': True}, 'labeling': {'mode': 'fraction', 'value': 0.2, 'per_class': False, 'min_per_class': 1, 'strategy': 'balanced', 'fixed_indices': None}, 'imbalance': {'kind': 'none', 'apply_to': 'train', 'max_per_class': None, 'alpha': None, 'min_per_class': 1}, 'policy': {'respect_official_test': True, 'use_official_graph_masks': True, 'allow_override_official': False}}
2026-02-02 14:59:26,138 INFO modssc.sampling.api api.py:141: Sampling done: train=35167 val=3907 test=9768 labeled=7033 unlabeled=28134 duration_s=0.099
2026-02-02 14:59:26,138 DEBUG modssc.sampling.api api.py:150: Sampling stats: {'policy': {'respect_official_test': True, 'has_official_test': False, 'test_ref': 'train'}, 'train': {'n': 35167, 'classes': {'<=50K': 26752, '>50K': 8415}}, 'val': {'n': 3907, 'classes': {'<=50K': 2972, '>50K': 935}}, 'train_labeled': {'n': 7033, 'classes': {'<=50K': 3517, '>50K': 3516}}, 'train_unlabeled': {'n': 28134}, 'test': {'n': 9768, 'classes': {'<=50K': 7431, '>50K': 2337}}}
2026-02-02 14:59:26,159 INFO bench.orchestrators.sampling sampling.py:123: Sampling result: train=35167 val=3907 test=9768 labeled=7033 unlabeled=28134 graph=False
2026-02-02 14:59:26,159 DEBUG bench.orchestrators.sampling sampling.py:132: Sampling stats: {'policy': {'respect_official_test': True, 'has_official_test': False, 'test_ref': 'train'}, 'train': {'n': 35167, 'classes': {'<=50K': 26752, '>50K': 8415}}, 'val': {'n': 3907, 'classes': {'<=50K': 2972, '>50K': 935}}, 'train_labeled': {'n': 7033, 'classes': {'<=50K': 3517, '>50K': 3516}}, 'train_unlabeled': {'n': 28134}, 'test': {'n': 9768, 'classes': {'<=50K': 7431, '>50K': 2337}}}
2026-02-02 14:59:26,159 INFO bench.orchestrators.sampling sampling.py:133: Sampling stage done: duration_s=0.121
2026-02-02 14:59:26,159 INFO bench.orchestrators.preprocess preprocess.py:105: Preprocess start: seed=1 cache=True n_steps=7 fit_indices=7033
2026-02-02 14:59:26,159 DEBUG bench.orchestrators.preprocess preprocess.py:112: Preprocess plan: output_key=features.X steps=['labels.encode', 'labels.to_torch', 'tabular.one_hot', 'core.ensure_2d', 'tabular.impute', 'tabular.standard_scaler', 'core.to_torch']
2026-02-02 14:59:26,159 INFO modssc.preprocess.api api.py:490: Preprocess start: dataset_fp=f9281cab47a3de02bacdff6aeecab3cc3bec164d4d321622f81551b6b4f82967 steps=['labels.encode', 'labels.to_torch', 'tabular.one_hot', 'core.ensure_2d', 'tabular.impute', 'tabular.standard_scaler', 'core.to_torch'] output_key=features.X seed=1 cache=True
2026-02-02 14:59:26,159 DEBUG modssc.preprocess.api api.py:498: Preprocess input shapes: train_X=(48842, 14) train_y=(48842,) test_X=None test_y=None
2026-02-02 14:59:26,159 INFO modssc.preprocess.api api.py:505: Preprocess input size: train_data=5.6 MB test_data=n/a
2026-02-02 14:59:26,160 DEBUG modssc.preprocess.api api.py:521: Preprocess step start: id=labels.encode index=0 kind=transform params={}
2026-02-02 14:59:26,164 DEBUG modssc.preprocess.api api.py:605: Preprocess step train outputs: id=labels.encode keys=['labels.classes', 'labels.y'] duration_s=0.004
2026-02-02 14:59:26,164 INFO modssc.preprocess.api api.py:679: Preprocess step done: id=labels.encode index=0 duration_s=0.004 train_data=5.6 MB test_data=n/a
2026-02-02 14:59:26,164 DEBUG modssc.preprocess.api api.py:521: Preprocess step start: id=labels.to_torch index=1 kind=transform params={'device': 'auto', 'dtype': 'int64'}
2026-02-02 14:59:26,262 DEBUG modssc.preprocess.api api.py:605: Preprocess step train outputs: id=labels.to_torch keys=['labels.y'] duration_s=0.098
2026-02-02 14:59:26,262 INFO modssc.preprocess.api api.py:267: Preprocess GPU device: device=cuda:0 model=NVIDIA L40
2026-02-02 14:59:26,262 INFO modssc.preprocess.api api.py:679: Preprocess step done: id=labels.to_torch index=1 duration_s=0.098 train_data=5.6 MB test_data=n/a
2026-02-02 14:59:26,262 DEBUG modssc.preprocess.api api.py:521: Preprocess step start: id=tabular.one_hot index=2 kind=fittable params={}
2026-02-02 14:59:27,308 DEBUG modssc.preprocess.api api.py:605: Preprocess step train outputs: id=tabular.one_hot keys=['features.X'] duration_s=1.046
2026-02-02 14:59:27,308 INFO modssc.preprocess.api api.py:679: Preprocess step done: id=tabular.one_hot index=2 duration_s=1.046 train_data=20.1 MB test_data=n/a
2026-02-02 14:59:27,309 DEBUG modssc.preprocess.api api.py:521: Preprocess step start: id=core.ensure_2d index=3 kind=transform params={}
2026-02-02 14:59:27,316 DEBUG modssc.preprocess.api api.py:605: Preprocess step train outputs: id=core.ensure_2d keys=['features.X'] duration_s=0.007
2026-02-02 14:59:27,316 INFO modssc.preprocess.api api.py:679: Preprocess step done: id=core.ensure_2d index=3 duration_s=0.007 train_data=20.1 MB test_data=n/a
2026-02-02 14:59:27,316 DEBUG modssc.preprocess.api api.py:521: Preprocess step start: id=tabular.impute index=4 kind=fittable params={}
2026-02-02 14:59:27,394 DEBUG modssc.preprocess.api api.py:605: Preprocess step train outputs: id=tabular.impute keys=['features.X'] duration_s=0.078
2026-02-02 14:59:27,394 INFO modssc.preprocess.api api.py:679: Preprocess step done: id=tabular.impute index=4 duration_s=0.079 train_data=20.1 MB test_data=n/a
2026-02-02 14:59:27,394 DEBUG modssc.preprocess.api api.py:521: Preprocess step start: id=tabular.standard_scaler index=5 kind=fittable params={}
2026-02-02 14:59:27,404 DEBUG modssc.preprocess.api api.py:605: Preprocess step train outputs: id=tabular.standard_scaler keys=['features.X'] duration_s=0.009
2026-02-02 14:59:27,404 INFO modssc.preprocess.api api.py:679: Preprocess step done: id=tabular.standard_scaler index=5 duration_s=0.010 train_data=20.1 MB test_data=n/a
2026-02-02 14:59:27,404 DEBUG modssc.preprocess.api api.py:521: Preprocess step start: id=core.to_torch index=6 kind=transform params={'device': 'auto', 'dtype': 'float32'}
2026-02-02 14:59:27,410 DEBUG modssc.preprocess.api api.py:605: Preprocess step train outputs: id=core.to_torch keys=['features.X'] duration_s=0.006
2026-02-02 14:59:27,410 INFO modssc.preprocess.api api.py:679: Preprocess step done: id=core.to_torch index=6 duration_s=0.006 train_data=20.1 MB test_data=n/a
2026-02-02 14:59:27,410 INFO modssc.preprocess.api api.py:730: Preprocess done: dataset_fp=f9281cab47a3de02bacdff6aeecab3cc3bec164d4d321622f81551b6b4f82967 duration_s=1.251 train_X=(48842, 106) test_X=None
2026-02-02 14:59:27,410 INFO bench.orchestrators.preprocess preprocess.py:124: Preprocess result: fingerprint=preprocess:4a34efb2af7b2f814e0c648ef7e59972547c0b2de37b10570aceee8bd9625ae2 plan_fingerprint=resolved_plan:6ed490995fe0d8f1eb30fd0ca8262522145e7cafa3ba073f9c42e71d197f40ef cache_dir=/nfs/home/mbarbaux/ModSSC/cache/preprocess/f9281cab47a3de02bacdff6aeecab3cc3bec164d4d321622f81551b6b4f82967 skipped=[]
2026-02-02 14:59:27,410 DEBUG bench.orchestrators.preprocess preprocess.py:131: Preprocess output shapes: train_X=(48842, 106) test_X=None
2026-02-02 14:59:27,410 INFO bench.orchestrators.preprocess preprocess.py:136: Preprocess stage done: duration_s=1.251
2026-02-02 14:59:27,410 INFO bench.orchestrators.method_inductive method_inductive.py:441: Inductive method start: id=democratic_co_learning seed=398591604 device=auto dtype=float32 model=None
2026-02-02 14:59:27,410 DEBUG bench.orchestrators.method_inductive method_inductive.py:470: Inductive method params: {'classifier_id': 'mlp', 'classifier_backend': 'torch', 'classifier_params': {'hidden_sizes': [256, 256], 'activation': 'relu', 'dropout': 0.1, 'lr': 0.001, 'weight_decay': 0.0, 'batch_size': 128, 'max_epochs': 50}, 'max_iter': 20, 'confidence_level': 0.95, 'min_confidence': 0.5, 'n_learners': 3}
2026-02-02 14:59:27,411 INFO bench.orchestrators.method_inductive method_inductive.py:476: Inductive method data: n_labeled=7033 n_unlabeled=28134
2026-02-02 14:59:27,424 INFO modssc.inductive.methods.democratic_co_learning democratic_co_learning.py:260: Starting democratic_co_learning.fit
2026-02-02 14:59:27,424 DEBUG modssc.inductive.methods.democratic_co_learning democratic_co_learning.py:261: spec=DemocraticCoLearningSpec(classifier_id='mlp', classifier_backend='torch', classifier_params={'hidden_sizes': [256, 256], 'activation': 'relu', 'dropout': 0.1, 'lr': 0.001, 'weight_decay': 0.0, 'batch_size': 128, 'max_epochs': 50}, max_iter=20, confidence_level=0.95, min_confidence=0.5, n_learners=3, classifier_specs=None) device=DeviceSpec(device='auto', dtype='float32') seed=398591604
2026-02-02 14:59:27,424 DEBUG modssc.inductive.methods.democratic_co_learning democratic_co_learning.py:266: backend=torch
2026-02-02 14:59:27,430 INFO modssc.supervised.backends.torch.mlp mlp.py:75: Starting mlp.fit
2026-02-02 14:59:27,430 DEBUG modssc.supervised.backends.torch.mlp mlp.py:76: params hidden_sizes=(256, 256) activation=relu dropout=0.1 lr=0.001 weight_decay=0.0 batch_size=128 max_epochs=50 seed=398591604 n_jobs=None
2026-02-02 14:59:30,238 INFO modssc.supervised.backends.torch.mlp mlp.py:167: Finished mlp.fit in 2.808s
2026-02-02 14:59:30,238 INFO modssc.supervised.backends.torch.mlp mlp.py:75: Starting mlp.fit
2026-02-02 14:59:30,238 DEBUG modssc.supervised.backends.torch.mlp mlp.py:76: params hidden_sizes=(256, 256) activation=relu dropout=0.1 lr=0.001 weight_decay=0.0 batch_size=128 max_epochs=50 seed=398591605 n_jobs=None
2026-02-02 14:59:32,014 INFO modssc.supervised.backends.torch.mlp mlp.py:167: Finished mlp.fit in 1.776s
2026-02-02 14:59:32,014 INFO modssc.supervised.backends.torch.mlp mlp.py:75: Starting mlp.fit
2026-02-02 14:59:32,014 DEBUG modssc.supervised.backends.torch.mlp mlp.py:76: params hidden_sizes=(256, 256) activation=relu dropout=0.1 lr=0.001 weight_decay=0.0 batch_size=128 max_epochs=50 seed=398591606 n_jobs=None
2026-02-02 14:59:33,789 INFO modssc.supervised.backends.torch.mlp mlp.py:167: Finished mlp.fit in 1.776s
2026-02-02 14:59:33,861 DEBUG modssc.inductive.methods.democratic_co_learning democratic_co_learning.py:424: Democratic co-learning iter=0 changed=True
2026-02-02 14:59:33,861 INFO modssc.supervised.backends.torch.mlp mlp.py:75: Starting mlp.fit
2026-02-02 14:59:33,861 DEBUG modssc.supervised.backends.torch.mlp mlp.py:76: params hidden_sizes=(256, 256) activation=relu dropout=0.1 lr=0.001 weight_decay=0.0 batch_size=128 max_epochs=50 seed=398591604 n_jobs=None
2026-02-02 14:59:35,914 INFO modssc.supervised.backends.torch.mlp mlp.py:167: Finished mlp.fit in 2.052s
2026-02-02 14:59:35,914 INFO modssc.supervised.backends.torch.mlp mlp.py:75: Starting mlp.fit
2026-02-02 14:59:35,914 DEBUG modssc.supervised.backends.torch.mlp mlp.py:76: params hidden_sizes=(256, 256) activation=relu dropout=0.1 lr=0.001 weight_decay=0.0 batch_size=128 max_epochs=50 seed=398591605 n_jobs=None
2026-02-02 14:59:37,905 INFO modssc.supervised.backends.torch.mlp mlp.py:167: Finished mlp.fit in 1.991s
2026-02-02 14:59:37,905 INFO modssc.supervised.backends.torch.mlp mlp.py:75: Starting mlp.fit
2026-02-02 14:59:37,905 DEBUG modssc.supervised.backends.torch.mlp mlp.py:76: params hidden_sizes=(256, 256) activation=relu dropout=0.1 lr=0.001 weight_decay=0.0 batch_size=128 max_epochs=50 seed=398591606 n_jobs=None
2026-02-02 14:59:39,841 INFO modssc.supervised.backends.torch.mlp mlp.py:167: Finished mlp.fit in 1.936s
2026-02-02 14:59:39,845 DEBUG modssc.inductive.methods.democratic_co_learning democratic_co_learning.py:424: Democratic co-learning iter=1 changed=True
2026-02-02 14:59:39,845 INFO modssc.supervised.backends.torch.mlp mlp.py:75: Starting mlp.fit
2026-02-02 14:59:39,845 DEBUG modssc.supervised.backends.torch.mlp mlp.py:76: params hidden_sizes=(256, 256) activation=relu dropout=0.1 lr=0.001 weight_decay=0.0 batch_size=128 max_epochs=50 seed=398591604 n_jobs=None
2026-02-02 14:59:41,930 INFO modssc.supervised.backends.torch.mlp mlp.py:167: Finished mlp.fit in 2.085s
2026-02-02 14:59:41,930 INFO modssc.supervised.backends.torch.mlp mlp.py:75: Starting mlp.fit
2026-02-02 14:59:41,930 DEBUG modssc.supervised.backends.torch.mlp mlp.py:76: params hidden_sizes=(256, 256) activation=relu dropout=0.1 lr=0.001 weight_decay=0.0 batch_size=128 max_epochs=50 seed=398591605 n_jobs=None
2026-02-02 14:59:44,017 INFO modssc.supervised.backends.torch.mlp mlp.py:167: Finished mlp.fit in 2.087s
2026-02-02 14:59:44,017 INFO modssc.supervised.backends.torch.mlp mlp.py:75: Starting mlp.fit
2026-02-02 14:59:44,017 DEBUG modssc.supervised.backends.torch.mlp mlp.py:76: params hidden_sizes=(256, 256) activation=relu dropout=0.1 lr=0.001 weight_decay=0.0 batch_size=128 max_epochs=50 seed=398591606 n_jobs=None
2026-02-02 14:59:46,096 INFO modssc.supervised.backends.torch.mlp mlp.py:167: Finished mlp.fit in 2.078s
2026-02-02 14:59:46,099 DEBUG modssc.inductive.methods.democratic_co_learning democratic_co_learning.py:424: Democratic co-learning iter=2 changed=True
2026-02-02 14:59:46,099 INFO modssc.supervised.backends.torch.mlp mlp.py:75: Starting mlp.fit
2026-02-02 14:59:46,099 DEBUG modssc.supervised.backends.torch.mlp mlp.py:76: params hidden_sizes=(256, 256) activation=relu dropout=0.1 lr=0.001 weight_decay=0.0 batch_size=128 max_epochs=50 seed=398591604 n_jobs=None
2026-02-02 14:59:48,364 INFO modssc.supervised.backends.torch.mlp mlp.py:167: Finished mlp.fit in 2.265s
2026-02-02 14:59:48,365 INFO modssc.supervised.backends.torch.mlp mlp.py:75: Starting mlp.fit
2026-02-02 14:59:48,365 DEBUG modssc.supervised.backends.torch.mlp mlp.py:76: params hidden_sizes=(256, 256) activation=relu dropout=0.1 lr=0.001 weight_decay=0.0 batch_size=128 max_epochs=50 seed=398591605 n_jobs=None
2026-02-02 14:59:50,620 INFO modssc.supervised.backends.torch.mlp mlp.py:167: Finished mlp.fit in 2.256s
2026-02-02 14:59:50,620 INFO modssc.supervised.backends.torch.mlp mlp.py:75: Starting mlp.fit
2026-02-02 14:59:50,620 DEBUG modssc.supervised.backends.torch.mlp mlp.py:76: params hidden_sizes=(256, 256) activation=relu dropout=0.1 lr=0.001 weight_decay=0.0 batch_size=128 max_epochs=50 seed=398591606 n_jobs=None
2026-02-02 14:59:52,911 INFO modssc.supervised.backends.torch.mlp mlp.py:167: Finished mlp.fit in 2.290s
2026-02-02 14:59:52,915 DEBUG modssc.inductive.methods.democratic_co_learning democratic_co_learning.py:424: Democratic co-learning iter=3 changed=True
2026-02-02 14:59:52,915 INFO modssc.supervised.backends.torch.mlp mlp.py:75: Starting mlp.fit
2026-02-02 14:59:52,915 DEBUG modssc.supervised.backends.torch.mlp mlp.py:76: params hidden_sizes=(256, 256) activation=relu dropout=0.1 lr=0.001 weight_decay=0.0 batch_size=128 max_epochs=50 seed=398591604 n_jobs=None
2026-02-02 14:59:55,387 INFO modssc.supervised.backends.torch.mlp mlp.py:167: Finished mlp.fit in 2.472s
2026-02-02 14:59:55,388 INFO modssc.supervised.backends.torch.mlp mlp.py:75: Starting mlp.fit
2026-02-02 14:59:55,388 DEBUG modssc.supervised.backends.torch.mlp mlp.py:76: params hidden_sizes=(256, 256) activation=relu dropout=0.1 lr=0.001 weight_decay=0.0 batch_size=128 max_epochs=50 seed=398591605 n_jobs=None
2026-02-02 14:59:57,770 INFO modssc.supervised.backends.torch.mlp mlp.py:167: Finished mlp.fit in 2.382s
2026-02-02 14:59:57,770 INFO modssc.supervised.backends.torch.mlp mlp.py:75: Starting mlp.fit
2026-02-02 14:59:57,770 DEBUG modssc.supervised.backends.torch.mlp mlp.py:76: params hidden_sizes=(256, 256) activation=relu dropout=0.1 lr=0.001 weight_decay=0.0 batch_size=128 max_epochs=50 seed=398591606 n_jobs=None
2026-02-02 15:00:00,204 INFO modssc.supervised.backends.torch.mlp mlp.py:167: Finished mlp.fit in 2.434s
2026-02-02 15:00:00,209 DEBUG modssc.inductive.methods.democratic_co_learning democratic_co_learning.py:424: Democratic co-learning iter=4 changed=True
2026-02-02 15:00:00,209 INFO modssc.supervised.backends.torch.mlp mlp.py:75: Starting mlp.fit
2026-02-02 15:00:00,209 DEBUG modssc.supervised.backends.torch.mlp mlp.py:76: params hidden_sizes=(256, 256) activation=relu dropout=0.1 lr=0.001 weight_decay=0.0 batch_size=128 max_epochs=50 seed=398591604 n_jobs=None
2026-02-02 15:00:02,727 INFO modssc.supervised.backends.torch.mlp mlp.py:167: Finished mlp.fit in 2.518s
2026-02-02 15:00:02,727 INFO modssc.supervised.backends.torch.mlp mlp.py:75: Starting mlp.fit
2026-02-02 15:00:02,727 DEBUG modssc.supervised.backends.torch.mlp mlp.py:76: params hidden_sizes=(256, 256) activation=relu dropout=0.1 lr=0.001 weight_decay=0.0 batch_size=128 max_epochs=50 seed=398591605 n_jobs=None
2026-02-02 15:00:05,185 INFO modssc.supervised.backends.torch.mlp mlp.py:167: Finished mlp.fit in 2.458s
2026-02-02 15:00:05,185 INFO modssc.supervised.backends.torch.mlp mlp.py:75: Starting mlp.fit
2026-02-02 15:00:05,185 DEBUG modssc.supervised.backends.torch.mlp mlp.py:76: params hidden_sizes=(256, 256) activation=relu dropout=0.1 lr=0.001 weight_decay=0.0 batch_size=128 max_epochs=50 seed=398591606 n_jobs=None
2026-02-02 15:00:07,771 INFO modssc.supervised.backends.torch.mlp mlp.py:167: Finished mlp.fit in 2.586s
2026-02-02 15:00:07,774 DEBUG modssc.inductive.methods.democratic_co_learning democratic_co_learning.py:424: Democratic co-learning iter=5 changed=True
2026-02-02 15:00:07,774 INFO modssc.supervised.backends.torch.mlp mlp.py:75: Starting mlp.fit
2026-02-02 15:00:07,774 DEBUG modssc.supervised.backends.torch.mlp mlp.py:76: params hidden_sizes=(256, 256) activation=relu dropout=0.1 lr=0.001 weight_decay=0.0 batch_size=128 max_epochs=50 seed=398591604 n_jobs=None
2026-02-02 15:00:10,360 INFO modssc.supervised.backends.torch.mlp mlp.py:167: Finished mlp.fit in 2.586s
2026-02-02 15:00:10,360 INFO modssc.supervised.backends.torch.mlp mlp.py:75: Starting mlp.fit
2026-02-02 15:00:10,360 DEBUG modssc.supervised.backends.torch.mlp mlp.py:76: params hidden_sizes=(256, 256) activation=relu dropout=0.1 lr=0.001 weight_decay=0.0 batch_size=128 max_epochs=50 seed=398591605 n_jobs=None
2026-02-02 15:00:12,890 INFO modssc.supervised.backends.torch.mlp mlp.py:167: Finished mlp.fit in 2.529s
2026-02-02 15:00:12,890 INFO modssc.supervised.backends.torch.mlp mlp.py:75: Starting mlp.fit
2026-02-02 15:00:12,890 DEBUG modssc.supervised.backends.torch.mlp mlp.py:76: params hidden_sizes=(256, 256) activation=relu dropout=0.1 lr=0.001 weight_decay=0.0 batch_size=128 max_epochs=50 seed=398591606 n_jobs=None
2026-02-02 15:00:15,503 INFO modssc.supervised.backends.torch.mlp mlp.py:167: Finished mlp.fit in 2.613s
2026-02-02 15:00:15,507 DEBUG modssc.inductive.methods.democratic_co_learning democratic_co_learning.py:424: Democratic co-learning iter=6 changed=True
2026-02-02 15:00:15,507 INFO modssc.supervised.backends.torch.mlp mlp.py:75: Starting mlp.fit
2026-02-02 15:00:15,507 DEBUG modssc.supervised.backends.torch.mlp mlp.py:76: params hidden_sizes=(256, 256) activation=relu dropout=0.1 lr=0.001 weight_decay=0.0 batch_size=128 max_epochs=50 seed=398591604 n_jobs=None
2026-02-02 15:00:18,141 INFO modssc.supervised.backends.torch.mlp mlp.py:167: Finished mlp.fit in 2.634s
2026-02-02 15:00:18,141 INFO modssc.supervised.backends.torch.mlp mlp.py:75: Starting mlp.fit
2026-02-02 15:00:18,141 DEBUG modssc.supervised.backends.torch.mlp mlp.py:76: params hidden_sizes=(256, 256) activation=relu dropout=0.1 lr=0.001 weight_decay=0.0 batch_size=128 max_epochs=50 seed=398591605 n_jobs=None
2026-02-02 15:00:20,731 INFO modssc.supervised.backends.torch.mlp mlp.py:167: Finished mlp.fit in 2.590s
2026-02-02 15:00:20,731 INFO modssc.supervised.backends.torch.mlp mlp.py:75: Starting mlp.fit
2026-02-02 15:00:20,731 DEBUG modssc.supervised.backends.torch.mlp mlp.py:76: params hidden_sizes=(256, 256) activation=relu dropout=0.1 lr=0.001 weight_decay=0.0 batch_size=128 max_epochs=50 seed=398591606 n_jobs=None
2026-02-02 15:00:23,414 INFO modssc.supervised.backends.torch.mlp mlp.py:167: Finished mlp.fit in 2.683s
2026-02-02 15:00:23,418 DEBUG modssc.inductive.methods.democratic_co_learning democratic_co_learning.py:424: Democratic co-learning iter=7 changed=True
2026-02-02 15:00:23,418 INFO modssc.supervised.backends.torch.mlp mlp.py:75: Starting mlp.fit
2026-02-02 15:00:23,418 DEBUG modssc.supervised.backends.torch.mlp mlp.py:76: params hidden_sizes=(256, 256) activation=relu dropout=0.1 lr=0.001 weight_decay=0.0 batch_size=128 max_epochs=50 seed=398591604 n_jobs=None
2026-02-02 15:00:26,089 INFO modssc.supervised.backends.torch.mlp mlp.py:167: Finished mlp.fit in 2.671s
2026-02-02 15:00:26,089 INFO modssc.supervised.backends.torch.mlp mlp.py:75: Starting mlp.fit
2026-02-02 15:00:26,089 DEBUG modssc.supervised.backends.torch.mlp mlp.py:76: params hidden_sizes=(256, 256) activation=relu dropout=0.1 lr=0.001 weight_decay=0.0 batch_size=128 max_epochs=50 seed=398591605 n_jobs=None
2026-02-02 15:00:28,728 INFO modssc.supervised.backends.torch.mlp mlp.py:167: Finished mlp.fit in 2.638s
2026-02-02 15:00:28,728 INFO modssc.supervised.backends.torch.mlp mlp.py:75: Starting mlp.fit
2026-02-02 15:00:28,728 DEBUG modssc.supervised.backends.torch.mlp mlp.py:76: params hidden_sizes=(256, 256) activation=relu dropout=0.1 lr=0.001 weight_decay=0.0 batch_size=128 max_epochs=50 seed=398591606 n_jobs=None
2026-02-02 15:00:31,426 INFO modssc.supervised.backends.torch.mlp mlp.py:167: Finished mlp.fit in 2.699s
2026-02-02 15:00:31,430 DEBUG modssc.inductive.methods.democratic_co_learning democratic_co_learning.py:424: Democratic co-learning iter=8 changed=True
2026-02-02 15:00:31,430 INFO modssc.supervised.backends.torch.mlp mlp.py:75: Starting mlp.fit
2026-02-02 15:00:31,430 DEBUG modssc.supervised.backends.torch.mlp mlp.py:76: params hidden_sizes=(256, 256) activation=relu dropout=0.1 lr=0.001 weight_decay=0.0 batch_size=128 max_epochs=50 seed=398591604 n_jobs=None
2026-02-02 15:00:34,120 INFO modssc.supervised.backends.torch.mlp mlp.py:167: Finished mlp.fit in 2.690s
2026-02-02 15:00:34,120 INFO modssc.supervised.backends.torch.mlp mlp.py:75: Starting mlp.fit
2026-02-02 15:00:34,120 DEBUG modssc.supervised.backends.torch.mlp mlp.py:76: params hidden_sizes=(256, 256) activation=relu dropout=0.1 lr=0.001 weight_decay=0.0 batch_size=128 max_epochs=50 seed=398591605 n_jobs=None
2026-02-02 15:00:36,794 INFO modssc.supervised.backends.torch.mlp mlp.py:167: Finished mlp.fit in 2.675s
2026-02-02 15:00:36,795 INFO modssc.supervised.backends.torch.mlp mlp.py:75: Starting mlp.fit
2026-02-02 15:00:36,795 DEBUG modssc.supervised.backends.torch.mlp mlp.py:76: params hidden_sizes=(256, 256) activation=relu dropout=0.1 lr=0.001 weight_decay=0.0 batch_size=128 max_epochs=50 seed=398591606 n_jobs=None
2026-02-02 15:00:39,554 INFO modssc.supervised.backends.torch.mlp mlp.py:167: Finished mlp.fit in 2.759s
2026-02-02 15:00:39,558 DEBUG modssc.inductive.methods.democratic_co_learning democratic_co_learning.py:424: Democratic co-learning iter=9 changed=True
2026-02-02 15:00:39,558 INFO modssc.supervised.backends.torch.mlp mlp.py:75: Starting mlp.fit
2026-02-02 15:00:39,558 DEBUG modssc.supervised.backends.torch.mlp mlp.py:76: params hidden_sizes=(256, 256) activation=relu dropout=0.1 lr=0.001 weight_decay=0.0 batch_size=128 max_epochs=50 seed=398591604 n_jobs=None
2026-02-02 15:00:42,284 INFO modssc.supervised.backends.torch.mlp mlp.py:167: Finished mlp.fit in 2.726s
2026-02-02 15:00:42,284 INFO modssc.supervised.backends.torch.mlp mlp.py:75: Starting mlp.fit
2026-02-02 15:00:42,284 DEBUG modssc.supervised.backends.torch.mlp mlp.py:76: params hidden_sizes=(256, 256) activation=relu dropout=0.1 lr=0.001 weight_decay=0.0 batch_size=128 max_epochs=50 seed=398591605 n_jobs=None
2026-02-02 15:00:44,957 INFO modssc.supervised.backends.torch.mlp mlp.py:167: Finished mlp.fit in 2.673s
2026-02-02 15:00:44,957 INFO modssc.supervised.backends.torch.mlp mlp.py:75: Starting mlp.fit
2026-02-02 15:00:44,957 DEBUG modssc.supervised.backends.torch.mlp mlp.py:76: params hidden_sizes=(256, 256) activation=relu dropout=0.1 lr=0.001 weight_decay=0.0 batch_size=128 max_epochs=50 seed=398591606 n_jobs=None
2026-02-02 15:00:47,711 INFO modssc.supervised.backends.torch.mlp mlp.py:167: Finished mlp.fit in 2.754s
2026-02-02 15:00:47,715 DEBUG modssc.inductive.methods.democratic_co_learning democratic_co_learning.py:424: Democratic co-learning iter=10 changed=True
2026-02-02 15:00:47,715 INFO modssc.supervised.backends.torch.mlp mlp.py:75: Starting mlp.fit
2026-02-02 15:00:47,715 DEBUG modssc.supervised.backends.torch.mlp mlp.py:76: params hidden_sizes=(256, 256) activation=relu dropout=0.1 lr=0.001 weight_decay=0.0 batch_size=128 max_epochs=50 seed=398591604 n_jobs=None
2026-02-02 15:00:50,471 INFO modssc.supervised.backends.torch.mlp mlp.py:167: Finished mlp.fit in 2.756s
2026-02-02 15:00:50,471 INFO modssc.supervised.backends.torch.mlp mlp.py:75: Starting mlp.fit
2026-02-02 15:00:50,471 DEBUG modssc.supervised.backends.torch.mlp mlp.py:76: params hidden_sizes=(256, 256) activation=relu dropout=0.1 lr=0.001 weight_decay=0.0 batch_size=128 max_epochs=50 seed=398591605 n_jobs=None
2026-02-02 15:00:53,152 INFO modssc.supervised.backends.torch.mlp mlp.py:167: Finished mlp.fit in 2.681s
2026-02-02 15:00:53,152 INFO modssc.supervised.backends.torch.mlp mlp.py:75: Starting mlp.fit
2026-02-02 15:00:53,152 DEBUG modssc.supervised.backends.torch.mlp mlp.py:76: params hidden_sizes=(256, 256) activation=relu dropout=0.1 lr=0.001 weight_decay=0.0 batch_size=128 max_epochs=50 seed=398591606 n_jobs=None
2026-02-02 15:00:55,934 INFO modssc.supervised.backends.torch.mlp mlp.py:167: Finished mlp.fit in 2.782s
2026-02-02 15:00:55,938 DEBUG modssc.inductive.methods.democratic_co_learning democratic_co_learning.py:424: Democratic co-learning iter=11 changed=True
2026-02-02 15:00:55,938 INFO modssc.supervised.backends.torch.mlp mlp.py:75: Starting mlp.fit
2026-02-02 15:00:55,938 DEBUG modssc.supervised.backends.torch.mlp mlp.py:76: params hidden_sizes=(256, 256) activation=relu dropout=0.1 lr=0.001 weight_decay=0.0 batch_size=128 max_epochs=50 seed=398591604 n_jobs=None
2026-02-02 15:00:58,716 INFO modssc.supervised.backends.torch.mlp mlp.py:167: Finished mlp.fit in 2.778s
2026-02-02 15:00:58,717 INFO modssc.supervised.backends.torch.mlp mlp.py:75: Starting mlp.fit
2026-02-02 15:00:58,717 DEBUG modssc.supervised.backends.torch.mlp mlp.py:76: params hidden_sizes=(256, 256) activation=relu dropout=0.1 lr=0.001 weight_decay=0.0 batch_size=128 max_epochs=50 seed=398591605 n_jobs=None
2026-02-02 15:01:01,439 INFO modssc.supervised.backends.torch.mlp mlp.py:167: Finished mlp.fit in 2.722s
2026-02-02 15:01:01,439 INFO modssc.supervised.backends.torch.mlp mlp.py:75: Starting mlp.fit
2026-02-02 15:01:01,439 DEBUG modssc.supervised.backends.torch.mlp mlp.py:76: params hidden_sizes=(256, 256) activation=relu dropout=0.1 lr=0.001 weight_decay=0.0 batch_size=128 max_epochs=50 seed=398591606 n_jobs=None
2026-02-02 15:01:04,226 INFO modssc.supervised.backends.torch.mlp mlp.py:167: Finished mlp.fit in 2.787s
2026-02-02 15:01:04,229 DEBUG modssc.inductive.methods.democratic_co_learning democratic_co_learning.py:424: Democratic co-learning iter=12 changed=True
2026-02-02 15:01:04,229 INFO modssc.supervised.backends.torch.mlp mlp.py:75: Starting mlp.fit
2026-02-02 15:01:04,230 DEBUG modssc.supervised.backends.torch.mlp mlp.py:76: params hidden_sizes=(256, 256) activation=relu dropout=0.1 lr=0.001 weight_decay=0.0 batch_size=128 max_epochs=50 seed=398591604 n_jobs=None
2026-02-02 15:01:07,031 INFO modssc.supervised.backends.torch.mlp mlp.py:167: Finished mlp.fit in 2.801s
2026-02-02 15:01:07,031 INFO modssc.supervised.backends.torch.mlp mlp.py:75: Starting mlp.fit
2026-02-02 15:01:07,031 DEBUG modssc.supervised.backends.torch.mlp mlp.py:76: params hidden_sizes=(256, 256) activation=relu dropout=0.1 lr=0.001 weight_decay=0.0 batch_size=128 max_epochs=50 seed=398591605 n_jobs=None
2026-02-02 15:01:09,766 INFO modssc.supervised.backends.torch.mlp mlp.py:167: Finished mlp.fit in 2.735s
2026-02-02 15:01:09,767 INFO modssc.supervised.backends.torch.mlp mlp.py:75: Starting mlp.fit
2026-02-02 15:01:09,767 DEBUG modssc.supervised.backends.torch.mlp mlp.py:76: params hidden_sizes=(256, 256) activation=relu dropout=0.1 lr=0.001 weight_decay=0.0 batch_size=128 max_epochs=50 seed=398591606 n_jobs=None
2026-02-02 15:01:12,579 INFO modssc.supervised.backends.torch.mlp mlp.py:167: Finished mlp.fit in 2.812s
2026-02-02 15:01:12,583 DEBUG modssc.inductive.methods.democratic_co_learning democratic_co_learning.py:424: Democratic co-learning iter=13 changed=True
2026-02-02 15:01:12,583 INFO modssc.supervised.backends.torch.mlp mlp.py:75: Starting mlp.fit
2026-02-02 15:01:12,583 DEBUG modssc.supervised.backends.torch.mlp mlp.py:76: params hidden_sizes=(256, 256) activation=relu dropout=0.1 lr=0.001 weight_decay=0.0 batch_size=128 max_epochs=50 seed=398591604 n_jobs=None
2026-02-02 15:01:15,384 INFO modssc.supervised.backends.torch.mlp mlp.py:167: Finished mlp.fit in 2.802s
2026-02-02 15:01:15,384 INFO modssc.supervised.backends.torch.mlp mlp.py:75: Starting mlp.fit
2026-02-02 15:01:15,385 DEBUG modssc.supervised.backends.torch.mlp mlp.py:76: params hidden_sizes=(256, 256) activation=relu dropout=0.1 lr=0.001 weight_decay=0.0 batch_size=128 max_epochs=50 seed=398591605 n_jobs=None
2026-02-02 15:01:18,128 INFO modssc.supervised.backends.torch.mlp mlp.py:167: Finished mlp.fit in 2.744s
2026-02-02 15:01:18,128 INFO modssc.supervised.backends.torch.mlp mlp.py:75: Starting mlp.fit
2026-02-02 15:01:18,128 DEBUG modssc.supervised.backends.torch.mlp mlp.py:76: params hidden_sizes=(256, 256) activation=relu dropout=0.1 lr=0.001 weight_decay=0.0 batch_size=128 max_epochs=50 seed=398591606 n_jobs=None
2026-02-02 15:01:20,927 INFO modssc.supervised.backends.torch.mlp mlp.py:167: Finished mlp.fit in 2.798s
2026-02-02 15:01:20,931 DEBUG modssc.inductive.methods.democratic_co_learning democratic_co_learning.py:424: Democratic co-learning iter=14 changed=True
2026-02-02 15:01:20,931 INFO modssc.supervised.backends.torch.mlp mlp.py:75: Starting mlp.fit
2026-02-02 15:01:20,931 DEBUG modssc.supervised.backends.torch.mlp mlp.py:76: params hidden_sizes=(256, 256) activation=relu dropout=0.1 lr=0.001 weight_decay=0.0 batch_size=128 max_epochs=50 seed=398591604 n_jobs=None
2026-02-02 15:01:23,772 INFO modssc.supervised.backends.torch.mlp mlp.py:167: Finished mlp.fit in 2.841s
2026-02-02 15:01:23,772 INFO modssc.supervised.backends.torch.mlp mlp.py:75: Starting mlp.fit
2026-02-02 15:01:23,772 DEBUG modssc.supervised.backends.torch.mlp mlp.py:76: params hidden_sizes=(256, 256) activation=relu dropout=0.1 lr=0.001 weight_decay=0.0 batch_size=128 max_epochs=50 seed=398591605 n_jobs=None
2026-02-02 15:01:26,526 INFO modssc.supervised.backends.torch.mlp mlp.py:167: Finished mlp.fit in 2.754s
2026-02-02 15:01:26,526 INFO modssc.supervised.backends.torch.mlp mlp.py:75: Starting mlp.fit
2026-02-02 15:01:26,526 DEBUG modssc.supervised.backends.torch.mlp mlp.py:76: params hidden_sizes=(256, 256) activation=relu dropout=0.1 lr=0.001 weight_decay=0.0 batch_size=128 max_epochs=50 seed=398591606 n_jobs=None
2026-02-02 15:01:29,377 INFO modssc.supervised.backends.torch.mlp mlp.py:167: Finished mlp.fit in 2.851s
2026-02-02 15:01:29,381 DEBUG modssc.inductive.methods.democratic_co_learning democratic_co_learning.py:424: Democratic co-learning iter=15 changed=True
2026-02-02 15:01:29,381 INFO modssc.supervised.backends.torch.mlp mlp.py:75: Starting mlp.fit
2026-02-02 15:01:29,381 DEBUG modssc.supervised.backends.torch.mlp mlp.py:76: params hidden_sizes=(256, 256) activation=relu dropout=0.1 lr=0.001 weight_decay=0.0 batch_size=128 max_epochs=50 seed=398591604 n_jobs=None
2026-02-02 15:01:32,224 INFO modssc.supervised.backends.torch.mlp mlp.py:167: Finished mlp.fit in 2.843s
2026-02-02 15:01:32,224 INFO modssc.supervised.backends.torch.mlp mlp.py:75: Starting mlp.fit
2026-02-02 15:01:32,224 DEBUG modssc.supervised.backends.torch.mlp mlp.py:76: params hidden_sizes=(256, 256) activation=relu dropout=0.1 lr=0.001 weight_decay=0.0 batch_size=128 max_epochs=50 seed=398591605 n_jobs=None
2026-02-02 15:01:35,007 INFO modssc.supervised.backends.torch.mlp mlp.py:167: Finished mlp.fit in 2.783s
2026-02-02 15:01:35,007 INFO modssc.supervised.backends.torch.mlp mlp.py:75: Starting mlp.fit
2026-02-02 15:01:35,007 DEBUG modssc.supervised.backends.torch.mlp mlp.py:76: params hidden_sizes=(256, 256) activation=relu dropout=0.1 lr=0.001 weight_decay=0.0 batch_size=128 max_epochs=50 seed=398591606 n_jobs=None
2026-02-02 15:01:37,847 INFO modssc.supervised.backends.torch.mlp mlp.py:167: Finished mlp.fit in 2.840s
2026-02-02 15:01:37,851 DEBUG modssc.inductive.methods.democratic_co_learning democratic_co_learning.py:424: Democratic co-learning iter=16 changed=True
2026-02-02 15:01:37,851 INFO modssc.supervised.backends.torch.mlp mlp.py:75: Starting mlp.fit
2026-02-02 15:01:37,851 DEBUG modssc.supervised.backends.torch.mlp mlp.py:76: params hidden_sizes=(256, 256) activation=relu dropout=0.1 lr=0.001 weight_decay=0.0 batch_size=128 max_epochs=50 seed=398591604 n_jobs=None
2026-02-02 15:01:40,691 INFO modssc.supervised.backends.torch.mlp mlp.py:167: Finished mlp.fit in 2.840s
2026-02-02 15:01:40,691 INFO modssc.supervised.backends.torch.mlp mlp.py:75: Starting mlp.fit
2026-02-02 15:01:40,691 DEBUG modssc.supervised.backends.torch.mlp mlp.py:76: params hidden_sizes=(256, 256) activation=relu dropout=0.1 lr=0.001 weight_decay=0.0 batch_size=128 max_epochs=50 seed=398591605 n_jobs=None
2026-02-02 15:01:43,473 INFO modssc.supervised.backends.torch.mlp mlp.py:167: Finished mlp.fit in 2.782s
2026-02-02 15:01:43,473 INFO modssc.supervised.backends.torch.mlp mlp.py:75: Starting mlp.fit
2026-02-02 15:01:43,473 DEBUG modssc.supervised.backends.torch.mlp mlp.py:76: params hidden_sizes=(256, 256) activation=relu dropout=0.1 lr=0.001 weight_decay=0.0 batch_size=128 max_epochs=50 seed=398591606 n_jobs=None
2026-02-02 15:01:46,291 INFO modssc.supervised.backends.torch.mlp mlp.py:167: Finished mlp.fit in 2.817s
2026-02-02 15:01:46,294 DEBUG modssc.inductive.methods.democratic_co_learning democratic_co_learning.py:424: Democratic co-learning iter=17 changed=True
2026-02-02 15:01:46,294 INFO modssc.supervised.backends.torch.mlp mlp.py:75: Starting mlp.fit
2026-02-02 15:01:46,294 DEBUG modssc.supervised.backends.torch.mlp mlp.py:76: params hidden_sizes=(256, 256) activation=relu dropout=0.1 lr=0.001 weight_decay=0.0 batch_size=128 max_epochs=50 seed=398591604 n_jobs=None
2026-02-02 15:01:49,143 INFO modssc.supervised.backends.torch.mlp mlp.py:167: Finished mlp.fit in 2.849s
2026-02-02 15:01:49,143 INFO modssc.supervised.backends.torch.mlp mlp.py:75: Starting mlp.fit
2026-02-02 15:01:49,143 DEBUG modssc.supervised.backends.torch.mlp mlp.py:76: params hidden_sizes=(256, 256) activation=relu dropout=0.1 lr=0.001 weight_decay=0.0 batch_size=128 max_epochs=50 seed=398591605 n_jobs=None
2026-02-02 15:01:51,922 INFO modssc.supervised.backends.torch.mlp mlp.py:167: Finished mlp.fit in 2.779s
2026-02-02 15:01:51,922 INFO modssc.supervised.backends.torch.mlp mlp.py:75: Starting mlp.fit
2026-02-02 15:01:51,922 DEBUG modssc.supervised.backends.torch.mlp mlp.py:76: params hidden_sizes=(256, 256) activation=relu dropout=0.1 lr=0.001 weight_decay=0.0 batch_size=128 max_epochs=50 seed=398591606 n_jobs=None
2026-02-02 15:01:54,803 INFO modssc.supervised.backends.torch.mlp mlp.py:167: Finished mlp.fit in 2.881s
2026-02-02 15:01:54,807 DEBUG modssc.inductive.methods.democratic_co_learning democratic_co_learning.py:424: Democratic co-learning iter=18 changed=True
2026-02-02 15:01:54,807 INFO modssc.supervised.backends.torch.mlp mlp.py:75: Starting mlp.fit
2026-02-02 15:01:54,807 DEBUG modssc.supervised.backends.torch.mlp mlp.py:76: params hidden_sizes=(256, 256) activation=relu dropout=0.1 lr=0.001 weight_decay=0.0 batch_size=128 max_epochs=50 seed=398591604 n_jobs=None
2026-02-02 15:01:57,640 INFO modssc.supervised.backends.torch.mlp mlp.py:167: Finished mlp.fit in 2.833s
2026-02-02 15:01:57,641 INFO modssc.supervised.backends.torch.mlp mlp.py:75: Starting mlp.fit
2026-02-02 15:01:57,641 DEBUG modssc.supervised.backends.torch.mlp mlp.py:76: params hidden_sizes=(256, 256) activation=relu dropout=0.1 lr=0.001 weight_decay=0.0 batch_size=128 max_epochs=50 seed=398591605 n_jobs=None
2026-02-02 15:02:00,452 INFO modssc.supervised.backends.torch.mlp mlp.py:167: Finished mlp.fit in 2.812s
2026-02-02 15:02:00,452 INFO modssc.supervised.backends.torch.mlp mlp.py:75: Starting mlp.fit
2026-02-02 15:02:00,453 DEBUG modssc.supervised.backends.torch.mlp mlp.py:76: params hidden_sizes=(256, 256) activation=relu dropout=0.1 lr=0.001 weight_decay=0.0 batch_size=128 max_epochs=50 seed=398591606 n_jobs=None
2026-02-02 15:02:03,322 INFO modssc.supervised.backends.torch.mlp mlp.py:167: Finished mlp.fit in 2.870s
2026-02-02 15:02:03,326 DEBUG modssc.inductive.methods.democratic_co_learning democratic_co_learning.py:424: Democratic co-learning iter=19 changed=True
2026-02-02 15:02:03,326 INFO modssc.supervised.backends.torch.mlp mlp.py:75: Starting mlp.fit
2026-02-02 15:02:03,326 DEBUG modssc.supervised.backends.torch.mlp mlp.py:76: params hidden_sizes=(256, 256) activation=relu dropout=0.1 lr=0.001 weight_decay=0.0 batch_size=128 max_epochs=50 seed=398591604 n_jobs=None
2026-02-02 15:02:06,204 INFO modssc.supervised.backends.torch.mlp mlp.py:167: Finished mlp.fit in 2.878s
2026-02-02 15:02:06,204 INFO modssc.supervised.backends.torch.mlp mlp.py:75: Starting mlp.fit
2026-02-02 15:02:06,204 DEBUG modssc.supervised.backends.torch.mlp mlp.py:76: params hidden_sizes=(256, 256) activation=relu dropout=0.1 lr=0.001 weight_decay=0.0 batch_size=128 max_epochs=50 seed=398591605 n_jobs=None
2026-02-02 15:02:09,008 INFO modssc.supervised.backends.torch.mlp mlp.py:167: Finished mlp.fit in 2.804s
2026-02-02 15:02:09,009 INFO modssc.supervised.backends.torch.mlp mlp.py:75: Starting mlp.fit
2026-02-02 15:02:09,009 DEBUG modssc.supervised.backends.torch.mlp mlp.py:76: params hidden_sizes=(256, 256) activation=relu dropout=0.1 lr=0.001 weight_decay=0.0 batch_size=128 max_epochs=50 seed=398591606 n_jobs=None
2026-02-02 15:02:11,881 INFO modssc.supervised.backends.torch.mlp mlp.py:167: Finished mlp.fit in 2.872s
2026-02-02 15:02:11,882 INFO modssc.inductive.methods.democratic_co_learning democratic_co_learning.py:433: Finished democratic_co_learning.fit in 164.459s
2026-02-02 15:02:11,882 INFO bench.orchestrators.method_inductive method_inductive.py:550: Inductive method done: id=democratic_co_learning duration_s=164.472
2026-02-02 15:02:11,882 INFO bench.orchestrators.evaluation evaluation.py:189: Evaluation (inductive): splits=['val', 'test'] metrics=['accuracy', 'macro_f1']
2026-02-02 15:02:11,901 INFO bench.orchestrators.evaluation evaluation.py:231: Evaluation (inductive) done: duration_s=0.019
2026-02-02 15:02:11,904 INFO bench.orchestrators.reporting reporting.py:54: Run summary written: /nfs/home/mbarbaux/ModSSC/runs/inductive/democratic_co_learning/tabular/adult/best_tabular_inductive_democratic_co_learning_adult-20260202T135925Z/run.json status=success duration_s=0.003
