2026-02-02 17:05:45,421 INFO bench.orchestrators.dataset dataset.py:36: Dataset start: id=toy download=True cache_dir=None
2026-02-02 17:05:45,421 DEBUG bench.orchestrators.dataset dataset.py:42: Dataset options: []
2026-02-02 17:05:45,424 DEBUG modssc.data_loader.providers __init__.py:38: Creating provider: toy
2026-02-02 17:05:45,424 DEBUG modssc.data_loader.api api.py:316: Resolved dataset id=toy provider=toy canonical_uri=toy:default
2026-02-02 17:05:45,424 INFO modssc.data_loader.api api.py:117: Dataset load: id=toy provider=toy version=1 fingerprint=e0c01c98d61086d3a0f9eed4436f4ecf49dcaace00195bf10f825786b9b12b89 download=True force=False cache_dir=/nfs/home/mbarbaux/ModSSC/cache/datasets
2026-02-02 17:05:45,424 DEBUG modssc.data_loader.api api.py:127: Dataset resolved_kwargs: {'n_samples': 64, 'n_features': 4, 'n_classes': 3, 'seed': 0, 'test': True, 'test_size': 0.25}
2026-02-02 17:05:45,426 DEBUG modssc.data_loader.api api.py:403: Loaded cached dataset: fingerprint=e0c01c98d61086d3a0f9eed4436f4ecf49dcaace00195bf10f825786b9b12b89
2026-02-02 17:05:45,426 INFO modssc.data_loader.api api.py:133: Dataset cached: id=toy train=48 test=16 n_classes=3 duration_s=0.005
2026-02-02 17:05:45,426 INFO bench.orchestrators.dataset dataset.py:54: Dataset loaded: train=48 test=16 graph=False fingerprint=e0c01c98d61086d3a0f9eed4436f4ecf49dcaace00195bf10f825786b9b12b89 provider=toy
2026-02-02 17:05:45,426 INFO bench.orchestrators.dataset dataset.py:62: Dataset stage done: duration_s=0.005
2026-02-02 17:05:45,448 INFO bench.orchestrators.sampling sampling.py:86: Sampling start: seed=1 dataset_id=toy
2026-02-02 17:05:45,448 DEBUG bench.orchestrators.sampling sampling.py:87: Sampling plan: split={'kind': 'holdout', 'test_fraction': 0.2, 'val_fraction': 0.1, 'stratify': True, 'shuffle': True} labeling={'mode': 'fraction', 'value': 0.2, 'per_class': False, 'min_per_class': 1, 'strategy': 'balanced', 'fixed_indices': None} imbalance={'kind': 'none', 'apply_to': 'train', 'max_per_class': None, 'alpha': None, 'min_per_class': 1} policy={'respect_official_test': True, 'use_official_graph_masks': True, 'allow_override_official': False}
2026-02-02 17:05:45,448 DEBUG bench.orchestrators.sampling sampling.py:98: Sampling dataset_fingerprint=e0c01c98d61086d3a0f9eed4436f4ecf49dcaace00195bf10f825786b9b12b89
2026-02-02 17:05:45,448 INFO modssc.sampling.api api.py:99: Sampling start: dataset_id=toy dataset_fingerprint=e0c01c98d61086d3a0f9eed4436f4ecf49dcaace00195bf10f825786b9b12b89 seed=1 graph=False split=holdout
2026-02-02 17:05:45,448 DEBUG modssc.sampling.api api.py:107: Sampling plan: {'split': {'kind': 'holdout', 'test_fraction': 0.2, 'val_fraction': 0.1, 'stratify': True, 'shuffle': True}, 'labeling': {'mode': 'fraction', 'value': 0.2, 'per_class': False, 'min_per_class': 1, 'strategy': 'balanced', 'fixed_indices': None}, 'imbalance': {'kind': 'none', 'apply_to': 'train', 'max_per_class': None, 'alpha': None, 'min_per_class': 1}, 'policy': {'respect_official_test': True, 'use_official_graph_masks': True, 'allow_override_official': False}}
2026-02-02 17:05:45,459 INFO modssc.sampling.api api.py:141: Sampling done: train=43 val=5 test=16 labeled=9 unlabeled=34 duration_s=0.011
2026-02-02 17:05:45,459 DEBUG modssc.sampling.api api.py:150: Sampling stats: {'policy': {'respect_official_test': True, 'has_official_test': True, 'test_ref': 'test'}, 'train': {'n': 43, 'classes': {'0': 14, '1': 15, '2': 14}}, 'val': {'n': 5, 'classes': {'0': 1, '1': 2, '2': 2}}, 'train_labeled': {'n': 9, 'classes': {'0': 3, '1': 3, '2': 3}}, 'train_unlabeled': {'n': 34}, 'test': {'n': 16, 'classes': {'0': 6, '1': 5, '2': 5}}}
2026-02-02 17:05:45,459 INFO bench.orchestrators.sampling sampling.py:123: Sampling result: train=43 val=5 test=16 labeled=9 unlabeled=34 graph=False
2026-02-02 17:05:45,459 DEBUG bench.orchestrators.sampling sampling.py:132: Sampling stats: {'policy': {'respect_official_test': True, 'has_official_test': True, 'test_ref': 'test'}, 'train': {'n': 43, 'classes': {'0': 14, '1': 15, '2': 14}}, 'val': {'n': 5, 'classes': {'0': 1, '1': 2, '2': 2}}, 'train_labeled': {'n': 9, 'classes': {'0': 3, '1': 3, '2': 3}}, 'train_unlabeled': {'n': 34}, 'test': {'n': 16, 'classes': {'0': 6, '1': 5, '2': 5}}}
2026-02-02 17:05:45,459 INFO bench.orchestrators.sampling sampling.py:133: Sampling stage done: duration_s=0.011
2026-02-02 17:05:45,459 INFO bench.orchestrators.preprocess preprocess.py:105: Preprocess start: seed=1 cache=True n_steps=4 fit_indices=9
2026-02-02 17:05:45,459 DEBUG bench.orchestrators.preprocess preprocess.py:112: Preprocess plan: output_key=features.X steps=['labels.encode', 'core.ensure_2d', 'core.pca', 'core.to_numpy']
2026-02-02 17:05:45,459 INFO modssc.preprocess.api api.py:490: Preprocess start: dataset_fp=e0c01c98d61086d3a0f9eed4436f4ecf49dcaace00195bf10f825786b9b12b89 steps=['labels.encode', 'core.ensure_2d', 'core.pca', 'core.to_numpy'] output_key=features.X seed=1 cache=True
2026-02-02 17:05:45,459 DEBUG modssc.preprocess.api api.py:498: Preprocess input shapes: train_X=(48, 4) train_y=(48,) test_X=(16, 4) test_y=(16,)
2026-02-02 17:05:45,459 INFO modssc.preprocess.api api.py:505: Preprocess input size: train_data=1.1 KB test_data=384 B
2026-02-02 17:05:45,459 DEBUG modssc.preprocess.api api.py:521: Preprocess step start: id=labels.encode index=0 kind=transform params={}
2026-02-02 17:05:45,465 DEBUG modssc.preprocess.api api.py:605: Preprocess step train outputs: id=labels.encode keys=['labels.classes', 'labels.y'] duration_s=0.005
2026-02-02 17:05:45,466 DEBUG modssc.preprocess.api api.py:654: Preprocess step test outputs: id=labels.encode keys=['labels.classes', 'labels.y']
2026-02-02 17:05:45,466 INFO modssc.preprocess.api api.py:679: Preprocess step done: id=labels.encode index=0 duration_s=0.006 train_data=1.1 KB test_data=384 B
2026-02-02 17:05:45,466 DEBUG modssc.preprocess.api api.py:521: Preprocess step start: id=core.ensure_2d index=1 kind=transform params={}
2026-02-02 17:05:45,467 DEBUG modssc.preprocess.api api.py:605: Preprocess step train outputs: id=core.ensure_2d keys=['features.X'] duration_s=0.002
2026-02-02 17:05:45,468 DEBUG modssc.preprocess.api api.py:654: Preprocess step test outputs: id=core.ensure_2d keys=['features.X']
2026-02-02 17:05:45,468 INFO modssc.preprocess.api api.py:679: Preprocess step done: id=core.ensure_2d index=1 duration_s=0.002 train_data=1.1 KB test_data=384 B
2026-02-02 17:05:45,468 DEBUG modssc.preprocess.api api.py:521: Preprocess step start: id=core.pca index=2 kind=fittable params={'n_components': 30}
2026-02-02 17:05:45,470 DEBUG modssc.preprocess.api api.py:605: Preprocess step train outputs: id=core.pca keys=['features.X'] duration_s=0.002
2026-02-02 17:05:45,470 DEBUG modssc.preprocess.api api.py:654: Preprocess step test outputs: id=core.pca keys=['features.X']
2026-02-02 17:05:45,470 INFO modssc.preprocess.api api.py:679: Preprocess step done: id=core.pca index=2 duration_s=0.002 train_data=1.1 KB test_data=384 B
2026-02-02 17:05:45,470 DEBUG modssc.preprocess.api api.py:521: Preprocess step start: id=core.to_numpy index=3 kind=transform params={}
2026-02-02 17:05:45,471 DEBUG modssc.preprocess.api api.py:605: Preprocess step train outputs: id=core.to_numpy keys=['features.X'] duration_s=0.001
2026-02-02 17:05:45,472 DEBUG modssc.preprocess.api api.py:654: Preprocess step test outputs: id=core.to_numpy keys=['features.X']
2026-02-02 17:05:45,472 INFO modssc.preprocess.api api.py:679: Preprocess step done: id=core.to_numpy index=3 duration_s=0.001 train_data=1.1 KB test_data=384 B
2026-02-02 17:05:45,472 INFO modssc.preprocess.api api.py:730: Preprocess done: dataset_fp=e0c01c98d61086d3a0f9eed4436f4ecf49dcaace00195bf10f825786b9b12b89 duration_s=0.013 train_X=(48, 4) test_X=(16, 4)
2026-02-02 17:05:45,472 INFO bench.orchestrators.preprocess preprocess.py:124: Preprocess result: fingerprint=preprocess:a4b302dcd398bdcf28f4f8764cdf7bc00b34c334059f8e7e116b0f68f026bbe5 plan_fingerprint=resolved_plan:482a0984f51742ea5d9dbcc35f660359eaee028ed4420e88d582a288bf1fe3f8 cache_dir=/nfs/home/mbarbaux/ModSSC/cache/preprocess/e0c01c98d61086d3a0f9eed4436f4ecf49dcaace00195bf10f825786b9b12b89 skipped=[]
2026-02-02 17:05:45,472 DEBUG bench.orchestrators.preprocess preprocess.py:131: Preprocess output shapes: train_X=(48, 4) test_X=(16, 4)
2026-02-02 17:05:45,472 INFO bench.orchestrators.preprocess preprocess.py:136: Preprocess stage done: duration_s=0.013
2026-02-02 17:05:45,472 INFO bench.orchestrators.graph graph.py:67: Graph start: include_test=True cache=True
2026-02-02 17:05:45,472 DEBUG bench.orchestrators.graph graph.py:72: Graph spec: scheme=knn metric=cosine k=15 radius=None backend=numpy feature_field=features.X seed=1
2026-02-02 17:05:45,472 DEBUG bench.orchestrators.graph graph.py:89: Graph features: shape=(64, 4)
2026-02-02 17:05:45,473 INFO modssc.graph.construction.api api.py:111: Graph cached: fingerprint=59a2790db7647357857ea9b695d8e62bee1a7755da35ef78b76f48c747828133 n_nodes=64 n_edges=880 duration_s=0.001
2026-02-02 17:05:45,473 INFO bench.orchestrators.graph graph.py:100: Graph built: fingerprint=59a2790db7647357857ea9b695d8e62bee1a7755da35ef78b76f48c747828133 n_nodes=64 n_edges=880 duration_s=0.001
2026-02-02 17:05:45,473 INFO bench.orchestrators.method_transductive method_transductive.py:139: Transductive method start: id=gcnii seed=398591604 device=auto resolved_device=cuda use_test=True
2026-02-02 17:05:45,473 DEBUG bench.orchestrators.method_transductive method_transductive.py:147: Transductive method params: {'hidden_dim': 64, 'num_layers': 16, 'alpha': 0.1, 'lam': 0.5, 'dropout': 0.5, 'lr': 0.01, 'weight_decay': 0.0005, 'max_epochs': 200, 'patience': 50, 'add_self_loops': True}
2026-02-02 17:05:45,473 INFO bench.orchestrators.method_transductive method_transductive.py:158: Transductive data: n_nodes=64 n_train=48 n_test=16
2026-02-02 17:05:45,473 INFO bench.orchestrators.method_transductive method_transductive.py:177: Transductive masks: labeled_count=9 train_count=43
2026-02-02 17:05:45,473 INFO modssc.transductive.methods.gnn.gcnii gcnii.py:102: Starting gcnii.fit
2026-02-02 17:05:45,473 DEBUG modssc.transductive.methods.gnn.gcnii gcnii.py:103: spec=GCNIISpec(hidden_dim=64, num_layers=16, alpha=0.1, lam=0.5, dropout=0.5, lr=0.01, weight_decay=0.0005, max_epochs=200, patience=50, add_self_loops=True) device=cuda seed=398591604
2026-02-02 17:05:45,658 INFO modssc.transductive.methods.gnn.gcnii gcnii.py:115: GCNII sizes: n_nodes=64 n_classes=3 train=9 val=5
2026-02-02 17:05:46,595 DEBUG modssc.transductive.methods.gnn.common common.py:373: train_fullbatch epoch=0 val_loss=1.1828 best updated
2026-02-02 17:05:46,605 DEBUG modssc.transductive.methods.gnn.common common.py:380: train_fullbatch epoch=1 val_loss=1.1933 bad_epochs=1/50
2026-02-02 17:05:46,614 DEBUG modssc.transductive.methods.gnn.common common.py:380: train_fullbatch epoch=2 val_loss=1.2072 bad_epochs=2/50
2026-02-02 17:05:46,622 DEBUG modssc.transductive.methods.gnn.common common.py:380: train_fullbatch epoch=3 val_loss=1.2142 bad_epochs=3/50
2026-02-02 17:05:46,631 DEBUG modssc.transductive.methods.gnn.common common.py:380: train_fullbatch epoch=4 val_loss=1.2147 bad_epochs=4/50
2026-02-02 17:05:46,639 DEBUG modssc.transductive.methods.gnn.common common.py:380: train_fullbatch epoch=5 val_loss=1.2060 bad_epochs=5/50
2026-02-02 17:05:46,648 DEBUG modssc.transductive.methods.gnn.common common.py:380: train_fullbatch epoch=6 val_loss=1.1947 bad_epochs=6/50
2026-02-02 17:05:46,657 DEBUG modssc.transductive.methods.gnn.common common.py:373: train_fullbatch epoch=7 val_loss=1.1812 best updated
2026-02-02 17:05:46,666 DEBUG modssc.transductive.methods.gnn.common common.py:373: train_fullbatch epoch=8 val_loss=1.1744 best updated
2026-02-02 17:05:46,675 DEBUG modssc.transductive.methods.gnn.common common.py:373: train_fullbatch epoch=9 val_loss=1.1691 best updated
2026-02-02 17:05:46,684 DEBUG modssc.transductive.methods.gnn.common common.py:373: train_fullbatch epoch=10 val_loss=1.1666 best updated
2026-02-02 17:05:46,692 DEBUG modssc.transductive.methods.gnn.common common.py:380: train_fullbatch epoch=11 val_loss=1.1670 bad_epochs=1/50
2026-02-02 17:05:46,701 DEBUG modssc.transductive.methods.gnn.common common.py:380: train_fullbatch epoch=12 val_loss=1.1695 bad_epochs=2/50
2026-02-02 17:05:46,710 DEBUG modssc.transductive.methods.gnn.common common.py:380: train_fullbatch epoch=13 val_loss=1.1718 bad_epochs=3/50
2026-02-02 17:05:46,718 DEBUG modssc.transductive.methods.gnn.common common.py:380: train_fullbatch epoch=14 val_loss=1.1750 bad_epochs=4/50
2026-02-02 17:05:46,727 DEBUG modssc.transductive.methods.gnn.common common.py:380: train_fullbatch epoch=15 val_loss=1.1820 bad_epochs=5/50
2026-02-02 17:05:46,735 DEBUG modssc.transductive.methods.gnn.common common.py:380: train_fullbatch epoch=16 val_loss=1.1895 bad_epochs=6/50
2026-02-02 17:05:46,744 DEBUG modssc.transductive.methods.gnn.common common.py:380: train_fullbatch epoch=17 val_loss=1.1976 bad_epochs=7/50
2026-02-02 17:05:46,752 DEBUG modssc.transductive.methods.gnn.common common.py:380: train_fullbatch epoch=18 val_loss=1.2059 bad_epochs=8/50
2026-02-02 17:05:46,761 DEBUG modssc.transductive.methods.gnn.common common.py:380: train_fullbatch epoch=19 val_loss=1.2129 bad_epochs=9/50
2026-02-02 17:05:46,770 DEBUG modssc.transductive.methods.gnn.common common.py:380: train_fullbatch epoch=20 val_loss=1.2218 bad_epochs=10/50
2026-02-02 17:05:46,778 DEBUG modssc.transductive.methods.gnn.common common.py:380: train_fullbatch epoch=21 val_loss=1.2319 bad_epochs=11/50
2026-02-02 17:05:46,787 DEBUG modssc.transductive.methods.gnn.common common.py:380: train_fullbatch epoch=22 val_loss=1.2416 bad_epochs=12/50
2026-02-02 17:05:46,795 DEBUG modssc.transductive.methods.gnn.common common.py:380: train_fullbatch epoch=23 val_loss=1.2563 bad_epochs=13/50
2026-02-02 17:05:46,804 DEBUG modssc.transductive.methods.gnn.common common.py:380: train_fullbatch epoch=24 val_loss=1.2722 bad_epochs=14/50
2026-02-02 17:05:46,812 DEBUG modssc.transductive.methods.gnn.common common.py:380: train_fullbatch epoch=25 val_loss=1.2867 bad_epochs=15/50
2026-02-02 17:05:46,821 DEBUG modssc.transductive.methods.gnn.common common.py:380: train_fullbatch epoch=26 val_loss=1.3016 bad_epochs=16/50
2026-02-02 17:05:46,830 DEBUG modssc.transductive.methods.gnn.common common.py:380: train_fullbatch epoch=27 val_loss=1.3137 bad_epochs=17/50
2026-02-02 17:05:46,838 DEBUG modssc.transductive.methods.gnn.common common.py:380: train_fullbatch epoch=28 val_loss=1.3259 bad_epochs=18/50
2026-02-02 17:05:46,847 DEBUG modssc.transductive.methods.gnn.common common.py:380: train_fullbatch epoch=29 val_loss=1.3388 bad_epochs=19/50
2026-02-02 17:05:46,855 DEBUG modssc.transductive.methods.gnn.common common.py:380: train_fullbatch epoch=30 val_loss=1.3563 bad_epochs=20/50
2026-02-02 17:05:46,864 DEBUG modssc.transductive.methods.gnn.common common.py:380: train_fullbatch epoch=31 val_loss=1.3796 bad_epochs=21/50
2026-02-02 17:05:46,872 DEBUG modssc.transductive.methods.gnn.common common.py:380: train_fullbatch epoch=32 val_loss=1.4036 bad_epochs=22/50
2026-02-02 17:05:46,881 DEBUG modssc.transductive.methods.gnn.common common.py:380: train_fullbatch epoch=33 val_loss=1.4204 bad_epochs=23/50
2026-02-02 17:05:46,890 DEBUG modssc.transductive.methods.gnn.common common.py:380: train_fullbatch epoch=34 val_loss=1.4381 bad_epochs=24/50
2026-02-02 17:05:46,898 DEBUG modssc.transductive.methods.gnn.common common.py:380: train_fullbatch epoch=35 val_loss=1.4498 bad_epochs=25/50
2026-02-02 17:05:46,907 DEBUG modssc.transductive.methods.gnn.common common.py:380: train_fullbatch epoch=36 val_loss=1.4685 bad_epochs=26/50
2026-02-02 17:05:46,915 DEBUG modssc.transductive.methods.gnn.common common.py:380: train_fullbatch epoch=37 val_loss=1.4949 bad_epochs=27/50
2026-02-02 17:05:46,924 DEBUG modssc.transductive.methods.gnn.common common.py:380: train_fullbatch epoch=38 val_loss=1.5208 bad_epochs=28/50
2026-02-02 17:05:46,933 DEBUG modssc.transductive.methods.gnn.common common.py:380: train_fullbatch epoch=39 val_loss=1.5391 bad_epochs=29/50
2026-02-02 17:05:46,941 DEBUG modssc.transductive.methods.gnn.common common.py:380: train_fullbatch epoch=40 val_loss=1.5609 bad_epochs=30/50
2026-02-02 17:05:46,950 DEBUG modssc.transductive.methods.gnn.common common.py:380: train_fullbatch epoch=41 val_loss=1.5855 bad_epochs=31/50
2026-02-02 17:05:46,958 DEBUG modssc.transductive.methods.gnn.common common.py:380: train_fullbatch epoch=42 val_loss=1.6009 bad_epochs=32/50
2026-02-02 17:05:46,967 DEBUG modssc.transductive.methods.gnn.common common.py:380: train_fullbatch epoch=43 val_loss=1.6191 bad_epochs=33/50
2026-02-02 17:05:46,975 DEBUG modssc.transductive.methods.gnn.common common.py:380: train_fullbatch epoch=44 val_loss=1.6396 bad_epochs=34/50
2026-02-02 17:05:46,984 DEBUG modssc.transductive.methods.gnn.common common.py:380: train_fullbatch epoch=45 val_loss=1.6610 bad_epochs=35/50
2026-02-02 17:05:46,993 DEBUG modssc.transductive.methods.gnn.common common.py:380: train_fullbatch epoch=46 val_loss=1.6837 bad_epochs=36/50
2026-02-02 17:05:47,001 DEBUG modssc.transductive.methods.gnn.common common.py:380: train_fullbatch epoch=47 val_loss=1.7133 bad_epochs=37/50
2026-02-02 17:05:47,010 DEBUG modssc.transductive.methods.gnn.common common.py:380: train_fullbatch epoch=48 val_loss=1.7396 bad_epochs=38/50
2026-02-02 17:05:47,018 DEBUG modssc.transductive.methods.gnn.common common.py:380: train_fullbatch epoch=49 val_loss=1.7624 bad_epochs=39/50
2026-02-02 17:05:47,027 DEBUG modssc.transductive.methods.gnn.common common.py:380: train_fullbatch epoch=50 val_loss=1.7832 bad_epochs=40/50
2026-02-02 17:05:47,035 DEBUG modssc.transductive.methods.gnn.common common.py:380: train_fullbatch epoch=51 val_loss=1.8044 bad_epochs=41/50
2026-02-02 17:05:47,044 DEBUG modssc.transductive.methods.gnn.common common.py:380: train_fullbatch epoch=52 val_loss=1.8299 bad_epochs=42/50
2026-02-02 17:05:47,053 DEBUG modssc.transductive.methods.gnn.common common.py:380: train_fullbatch epoch=53 val_loss=1.8561 bad_epochs=43/50
2026-02-02 17:05:47,061 DEBUG modssc.transductive.methods.gnn.common common.py:380: train_fullbatch epoch=54 val_loss=1.8712 bad_epochs=44/50
2026-02-02 17:05:47,070 DEBUG modssc.transductive.methods.gnn.common common.py:380: train_fullbatch epoch=55 val_loss=1.8885 bad_epochs=45/50
2026-02-02 17:05:47,078 DEBUG modssc.transductive.methods.gnn.common common.py:380: train_fullbatch epoch=56 val_loss=1.9053 bad_epochs=46/50
2026-02-02 17:05:47,087 DEBUG modssc.transductive.methods.gnn.common common.py:380: train_fullbatch epoch=57 val_loss=1.9120 bad_epochs=47/50
2026-02-02 17:05:47,096 DEBUG modssc.transductive.methods.gnn.common common.py:380: train_fullbatch epoch=58 val_loss=1.9032 bad_epochs=48/50
2026-02-02 17:05:47,104 DEBUG modssc.transductive.methods.gnn.common common.py:380: train_fullbatch epoch=59 val_loss=1.8987 bad_epochs=49/50
2026-02-02 17:05:47,113 DEBUG modssc.transductive.methods.gnn.common common.py:380: train_fullbatch epoch=60 val_loss=1.8980 bad_epochs=50/50
2026-02-02 17:05:47,113 DEBUG modssc.transductive.methods.gnn.common common.py:388: train_fullbatch early_stop epoch=60 best_epoch=10 best_val_loss=1.1666
2026-02-02 17:05:47,113 DEBUG modssc.transductive.methods.gnn.common common.py:399: train_fullbatch done n_epochs=61 best_epoch=10 best_val_loss=1.1665674448013306
2026-02-02 17:05:47,114 INFO modssc.transductive.methods.gnn.gcnii gcnii.py:147: Finished gcnii.fit in 1.640s
2026-02-02 17:05:47,114 INFO bench.orchestrators.method_transductive method_transductive.py:218: Transductive method done: id=gcnii duration_s=1.641
2026-02-02 17:05:47,114 INFO bench.orchestrators.evaluation evaluation.py:244: Evaluation (transductive): splits=['val', 'test'] metrics=['accuracy', 'macro_f1']
2026-02-02 17:05:47,116 INFO bench.orchestrators.evaluation evaluation.py:263: Evaluation (transductive) done: duration_s=0.003
2026-02-02 17:05:47,118 INFO bench.orchestrators.reporting reporting.py:54: Run summary written: /nfs/home/mbarbaux/ModSSC/runs/transductive/gcnii/tabular/toy/best_tabular_transductive_gcnii_toy-20260202T160545Z/run.json status=success duration_s=0.001
