2026-02-02 15:07:10,355 INFO bench.orchestrators.dataset dataset.py:36: Dataset start: id=adult download=True cache_dir=None
2026-02-02 15:07:10,355 DEBUG bench.orchestrators.dataset dataset.py:42: Dataset options: []
2026-02-02 15:07:10,359 DEBUG modssc.data_loader.providers __init__.py:38: Creating provider: openml
2026-02-02 15:07:10,359 DEBUG modssc.data_loader.api api.py:316: Resolved dataset id=adult provider=openml canonical_uri=openml:1590
2026-02-02 15:07:10,359 INFO modssc.data_loader.api api.py:117: Dataset load: id=adult provider=openml version=None fingerprint=f9281cab47a3de02bacdff6aeecab3cc3bec164d4d321622f81551b6b4f82967 download=True force=False cache_dir=/nfs/home/mbarbaux/ModSSC/cache/datasets
2026-02-02 15:07:10,359 DEBUG modssc.data_loader.api api.py:127: Dataset resolved_kwargs: {'data_id': 1590, 'name': None, 'version': None, 'as_frame': False, 'target_column': None, 'class_filter': None, 'max_samples': None, 'seed': None}
2026-02-02 15:07:10,421 DEBUG modssc.data_loader.api api.py:403: Loaded cached dataset: fingerprint=f9281cab47a3de02bacdff6aeecab3cc3bec164d4d321622f81551b6b4f82967
2026-02-02 15:07:10,440 INFO modssc.data_loader.api api.py:133: Dataset cached: id=adult train=48842 test=None n_classes=2 duration_s=0.085
2026-02-02 15:07:10,441 INFO bench.orchestrators.dataset dataset.py:54: Dataset loaded: train=48842 test=None graph=False fingerprint=f9281cab47a3de02bacdff6aeecab3cc3bec164d4d321622f81551b6b4f82967 provider=openml
2026-02-02 15:07:10,441 INFO bench.orchestrators.dataset dataset.py:62: Dataset stage done: duration_s=0.085
2026-02-02 15:07:10,492 INFO bench.orchestrators.sampling sampling.py:86: Sampling start: seed=1 dataset_id=adult
2026-02-02 15:07:10,492 DEBUG bench.orchestrators.sampling sampling.py:87: Sampling plan: split={'kind': 'holdout', 'test_fraction': 0.2, 'val_fraction': 0.1, 'stratify': True, 'shuffle': True} labeling={'mode': 'fraction', 'value': 0.2, 'per_class': False, 'min_per_class': 1, 'strategy': 'balanced', 'fixed_indices': None} imbalance={'kind': 'none', 'apply_to': 'train', 'max_per_class': None, 'alpha': None, 'min_per_class': 1} policy={'respect_official_test': True, 'use_official_graph_masks': True, 'allow_override_official': False}
2026-02-02 15:07:10,492 DEBUG bench.orchestrators.sampling sampling.py:98: Sampling dataset_fingerprint=f9281cab47a3de02bacdff6aeecab3cc3bec164d4d321622f81551b6b4f82967
2026-02-02 15:07:10,492 INFO modssc.sampling.api api.py:99: Sampling start: dataset_id=adult dataset_fingerprint=f9281cab47a3de02bacdff6aeecab3cc3bec164d4d321622f81551b6b4f82967 seed=1 graph=False split=holdout
2026-02-02 15:07:10,492 DEBUG modssc.sampling.api api.py:107: Sampling plan: {'split': {'kind': 'holdout', 'test_fraction': 0.2, 'val_fraction': 0.1, 'stratify': True, 'shuffle': True}, 'labeling': {'mode': 'fraction', 'value': 0.2, 'per_class': False, 'min_per_class': 1, 'strategy': 'balanced', 'fixed_indices': None}, 'imbalance': {'kind': 'none', 'apply_to': 'train', 'max_per_class': None, 'alpha': None, 'min_per_class': 1}, 'policy': {'respect_official_test': True, 'use_official_graph_masks': True, 'allow_override_official': False}}
2026-02-02 15:07:10,593 INFO modssc.sampling.api api.py:141: Sampling done: train=35167 val=3907 test=9768 labeled=7033 unlabeled=28134 duration_s=0.101
2026-02-02 15:07:10,593 DEBUG modssc.sampling.api api.py:150: Sampling stats: {'policy': {'respect_official_test': True, 'has_official_test': False, 'test_ref': 'train'}, 'train': {'n': 35167, 'classes': {'<=50K': 26752, '>50K': 8415}}, 'val': {'n': 3907, 'classes': {'<=50K': 2972, '>50K': 935}}, 'train_labeled': {'n': 7033, 'classes': {'<=50K': 3517, '>50K': 3516}}, 'train_unlabeled': {'n': 28134}, 'test': {'n': 9768, 'classes': {'<=50K': 7431, '>50K': 2337}}}
2026-02-02 15:07:10,614 INFO bench.orchestrators.sampling sampling.py:123: Sampling result: train=35167 val=3907 test=9768 labeled=7033 unlabeled=28134 graph=False
2026-02-02 15:07:10,614 DEBUG bench.orchestrators.sampling sampling.py:132: Sampling stats: {'policy': {'respect_official_test': True, 'has_official_test': False, 'test_ref': 'train'}, 'train': {'n': 35167, 'classes': {'<=50K': 26752, '>50K': 8415}}, 'val': {'n': 3907, 'classes': {'<=50K': 2972, '>50K': 935}}, 'train_labeled': {'n': 7033, 'classes': {'<=50K': 3517, '>50K': 3516}}, 'train_unlabeled': {'n': 28134}, 'test': {'n': 9768, 'classes': {'<=50K': 7431, '>50K': 2337}}}
2026-02-02 15:07:10,614 INFO bench.orchestrators.sampling sampling.py:133: Sampling stage done: duration_s=0.122
2026-02-02 15:07:10,614 INFO bench.orchestrators.preprocess preprocess.py:105: Preprocess start: seed=1 cache=True n_steps=7 fit_indices=7033
2026-02-02 15:07:10,614 DEBUG bench.orchestrators.preprocess preprocess.py:112: Preprocess plan: output_key=features.X steps=['labels.encode', 'labels.to_torch', 'tabular.one_hot', 'core.ensure_2d', 'tabular.impute', 'tabular.standard_scaler', 'core.to_torch']
2026-02-02 15:07:10,614 INFO modssc.preprocess.api api.py:490: Preprocess start: dataset_fp=f9281cab47a3de02bacdff6aeecab3cc3bec164d4d321622f81551b6b4f82967 steps=['labels.encode', 'labels.to_torch', 'tabular.one_hot', 'core.ensure_2d', 'tabular.impute', 'tabular.standard_scaler', 'core.to_torch'] output_key=features.X seed=1 cache=True
2026-02-02 15:07:10,614 DEBUG modssc.preprocess.api api.py:498: Preprocess input shapes: train_X=(48842, 14) train_y=(48842,) test_X=None test_y=None
2026-02-02 15:07:10,614 INFO modssc.preprocess.api api.py:505: Preprocess input size: train_data=5.6 MB test_data=n/a
2026-02-02 15:07:10,615 DEBUG modssc.preprocess.api api.py:521: Preprocess step start: id=labels.encode index=0 kind=transform params={}
2026-02-02 15:07:10,619 DEBUG modssc.preprocess.api api.py:605: Preprocess step train outputs: id=labels.encode keys=['labels.classes', 'labels.y'] duration_s=0.004
2026-02-02 15:07:10,619 INFO modssc.preprocess.api api.py:679: Preprocess step done: id=labels.encode index=0 duration_s=0.004 train_data=5.6 MB test_data=n/a
2026-02-02 15:07:10,619 DEBUG modssc.preprocess.api api.py:521: Preprocess step start: id=labels.to_torch index=1 kind=transform params={'device': 'auto', 'dtype': 'int64'}
2026-02-02 15:07:10,712 DEBUG modssc.preprocess.api api.py:605: Preprocess step train outputs: id=labels.to_torch keys=['labels.y'] duration_s=0.093
2026-02-02 15:07:10,712 INFO modssc.preprocess.api api.py:267: Preprocess GPU device: device=cuda:0 model=NVIDIA L40
2026-02-02 15:07:10,712 INFO modssc.preprocess.api api.py:679: Preprocess step done: id=labels.to_torch index=1 duration_s=0.094 train_data=5.6 MB test_data=n/a
2026-02-02 15:07:10,713 DEBUG modssc.preprocess.api api.py:521: Preprocess step start: id=tabular.one_hot index=2 kind=fittable params={}
2026-02-02 15:07:11,696 DEBUG modssc.preprocess.api api.py:605: Preprocess step train outputs: id=tabular.one_hot keys=['features.X'] duration_s=0.983
2026-02-02 15:07:11,696 INFO modssc.preprocess.api api.py:679: Preprocess step done: id=tabular.one_hot index=2 duration_s=0.983 train_data=20.1 MB test_data=n/a
2026-02-02 15:07:11,696 DEBUG modssc.preprocess.api api.py:521: Preprocess step start: id=core.ensure_2d index=3 kind=transform params={}
2026-02-02 15:07:11,704 DEBUG modssc.preprocess.api api.py:605: Preprocess step train outputs: id=core.ensure_2d keys=['features.X'] duration_s=0.008
2026-02-02 15:07:11,704 INFO modssc.preprocess.api api.py:679: Preprocess step done: id=core.ensure_2d index=3 duration_s=0.008 train_data=20.1 MB test_data=n/a
2026-02-02 15:07:11,704 DEBUG modssc.preprocess.api api.py:521: Preprocess step start: id=tabular.impute index=4 kind=fittable params={}
2026-02-02 15:07:11,787 DEBUG modssc.preprocess.api api.py:605: Preprocess step train outputs: id=tabular.impute keys=['features.X'] duration_s=0.083
2026-02-02 15:07:11,787 INFO modssc.preprocess.api api.py:679: Preprocess step done: id=tabular.impute index=4 duration_s=0.083 train_data=20.1 MB test_data=n/a
2026-02-02 15:07:11,787 DEBUG modssc.preprocess.api api.py:521: Preprocess step start: id=tabular.standard_scaler index=5 kind=fittable params={}
2026-02-02 15:07:11,797 DEBUG modssc.preprocess.api api.py:605: Preprocess step train outputs: id=tabular.standard_scaler keys=['features.X'] duration_s=0.010
2026-02-02 15:07:11,797 INFO modssc.preprocess.api api.py:679: Preprocess step done: id=tabular.standard_scaler index=5 duration_s=0.010 train_data=20.1 MB test_data=n/a
2026-02-02 15:07:11,797 DEBUG modssc.preprocess.api api.py:521: Preprocess step start: id=core.to_torch index=6 kind=transform params={'device': 'auto', 'dtype': 'float32'}
2026-02-02 15:07:11,803 DEBUG modssc.preprocess.api api.py:605: Preprocess step train outputs: id=core.to_torch keys=['features.X'] duration_s=0.006
2026-02-02 15:07:11,803 INFO modssc.preprocess.api api.py:679: Preprocess step done: id=core.to_torch index=6 duration_s=0.006 train_data=20.1 MB test_data=n/a
2026-02-02 15:07:11,803 INFO modssc.preprocess.api api.py:730: Preprocess done: dataset_fp=f9281cab47a3de02bacdff6aeecab3cc3bec164d4d321622f81551b6b4f82967 duration_s=1.189 train_X=(48842, 106) test_X=None
2026-02-02 15:07:11,803 INFO bench.orchestrators.preprocess preprocess.py:124: Preprocess result: fingerprint=preprocess:4a34efb2af7b2f814e0c648ef7e59972547c0b2de37b10570aceee8bd9625ae2 plan_fingerprint=resolved_plan:6ed490995fe0d8f1eb30fd0ca8262522145e7cafa3ba073f9c42e71d197f40ef cache_dir=/nfs/home/mbarbaux/ModSSC/cache/preprocess/f9281cab47a3de02bacdff6aeecab3cc3bec164d4d321622f81551b6b4f82967 skipped=[]
2026-02-02 15:07:11,803 DEBUG bench.orchestrators.preprocess preprocess.py:131: Preprocess output shapes: train_X=(48842, 106) test_X=None
2026-02-02 15:07:11,803 INFO bench.orchestrators.preprocess preprocess.py:136: Preprocess stage done: duration_s=1.189
2026-02-02 15:07:11,803 INFO bench.orchestrators.method_inductive method_inductive.py:441: Inductive method start: id=s4vm seed=398591604 device=auto dtype=float32 model=None
2026-02-02 15:07:11,803 DEBUG bench.orchestrators.method_inductive method_inductive.py:470: Inductive method params: {'classifier_id': 'mlp', 'classifier_backend': 'torch', 'classifier_params': {'hidden_sizes': [256, 256], 'activation': 'relu', 'dropout': 0.1, 'lr': 0.001, 'weight_decay': 0.0, 'batch_size': 128, 'max_epochs': 50}, 'k_candidates': 6, 'flip_rate': 0.05}
2026-02-02 15:07:11,803 INFO bench.orchestrators.method_inductive method_inductive.py:476: Inductive method data: n_labeled=7033 n_unlabeled=28134
2026-02-02 15:07:11,816 INFO modssc.inductive.methods.s4vm s4vm.py:60: Starting s4vm.fit
2026-02-02 15:07:11,816 DEBUG modssc.inductive.methods.s4vm s4vm.py:61: spec=S4VMSpec(classifier_id='mlp', classifier_backend='torch', classifier_params={'hidden_sizes': [256, 256], 'activation': 'relu', 'dropout': 0.1, 'lr': 0.001, 'weight_decay': 0.0, 'batch_size': 128, 'max_epochs': 50}, k_candidates=6, flip_rate=0.05) device=DeviceSpec(device='auto', dtype='float32') seed=398591604
2026-02-02 15:07:11,816 DEBUG modssc.inductive.methods.s4vm s4vm.py:64: backend=torch
2026-02-02 15:07:11,826 INFO modssc.inductive.methods.s4vm s4vm.py:139: S4VM sizes: n_labeled=7033 n_unlabeled=28134
2026-02-02 15:07:11,829 INFO modssc.supervised.backends.torch.mlp mlp.py:75: Starting mlp.fit
2026-02-02 15:07:11,829 DEBUG modssc.supervised.backends.torch.mlp mlp.py:76: params hidden_sizes=(256, 256) activation=relu dropout=0.1 lr=0.001 weight_decay=0.0 batch_size=128 max_epochs=50 seed=398591604 n_jobs=None
2026-02-02 15:07:14,646 INFO modssc.supervised.backends.torch.mlp mlp.py:167: Finished mlp.fit in 2.817s
2026-02-02 15:07:14,678 INFO modssc.supervised.backends.torch.mlp mlp.py:75: Starting mlp.fit
2026-02-02 15:07:14,678 DEBUG modssc.supervised.backends.torch.mlp mlp.py:76: params hidden_sizes=(256, 256) activation=relu dropout=0.1 lr=0.001 weight_decay=0.0 batch_size=128 max_epochs=50 seed=398591605 n_jobs=None
2026-02-02 15:07:23,007 INFO modssc.supervised.backends.torch.mlp mlp.py:167: Finished mlp.fit in 8.329s
2026-02-02 15:07:23,008 INFO modssc.supervised.backends.torch.mlp mlp.py:75: Starting mlp.fit
2026-02-02 15:07:23,009 DEBUG modssc.supervised.backends.torch.mlp mlp.py:76: params hidden_sizes=(256, 256) activation=relu dropout=0.1 lr=0.001 weight_decay=0.0 batch_size=128 max_epochs=50 seed=398591606 n_jobs=None
2026-02-02 15:07:30,983 INFO modssc.supervised.backends.torch.mlp mlp.py:167: Finished mlp.fit in 7.975s
2026-02-02 15:07:30,984 INFO modssc.supervised.backends.torch.mlp mlp.py:75: Starting mlp.fit
2026-02-02 15:07:30,984 DEBUG modssc.supervised.backends.torch.mlp mlp.py:76: params hidden_sizes=(256, 256) activation=relu dropout=0.1 lr=0.001 weight_decay=0.0 batch_size=128 max_epochs=50 seed=398591607 n_jobs=None
2026-02-02 15:07:38,974 INFO modssc.supervised.backends.torch.mlp mlp.py:167: Finished mlp.fit in 7.990s
2026-02-02 15:07:38,975 INFO modssc.supervised.backends.torch.mlp mlp.py:75: Starting mlp.fit
2026-02-02 15:07:38,975 DEBUG modssc.supervised.backends.torch.mlp mlp.py:76: params hidden_sizes=(256, 256) activation=relu dropout=0.1 lr=0.001 weight_decay=0.0 batch_size=128 max_epochs=50 seed=398591608 n_jobs=None
2026-02-02 15:07:46,963 INFO modssc.supervised.backends.torch.mlp mlp.py:167: Finished mlp.fit in 7.988s
2026-02-02 15:07:46,963 INFO modssc.supervised.backends.torch.mlp mlp.py:75: Starting mlp.fit
2026-02-02 15:07:46,963 DEBUG modssc.supervised.backends.torch.mlp mlp.py:76: params hidden_sizes=(256, 256) activation=relu dropout=0.1 lr=0.001 weight_decay=0.0 batch_size=128 max_epochs=50 seed=398591609 n_jobs=None
2026-02-02 15:07:54,940 INFO modssc.supervised.backends.torch.mlp mlp.py:167: Finished mlp.fit in 7.976s
2026-02-02 15:07:54,941 INFO modssc.supervised.backends.torch.mlp mlp.py:75: Starting mlp.fit
2026-02-02 15:07:54,941 DEBUG modssc.supervised.backends.torch.mlp mlp.py:76: params hidden_sizes=(256, 256) activation=relu dropout=0.1 lr=0.001 weight_decay=0.0 batch_size=128 max_epochs=50 seed=398591610 n_jobs=None
2026-02-02 15:08:02,879 INFO modssc.supervised.backends.torch.mlp mlp.py:167: Finished mlp.fit in 7.938s
2026-02-02 15:08:02,879 INFO modssc.inductive.methods.s4vm s4vm.py:182: Finished s4vm.fit in 51.063s
2026-02-02 15:08:02,879 INFO bench.orchestrators.method_inductive method_inductive.py:550: Inductive method done: id=s4vm duration_s=51.076
2026-02-02 15:08:02,879 INFO bench.orchestrators.evaluation evaluation.py:189: Evaluation (inductive): splits=['val', 'test'] metrics=['accuracy', 'macro_f1']
2026-02-02 15:08:02,887 INFO bench.orchestrators.evaluation evaluation.py:231: Evaluation (inductive) done: duration_s=0.007
2026-02-02 15:08:02,889 INFO bench.orchestrators.reporting reporting.py:54: Run summary written: /nfs/home/mbarbaux/ModSSC/runs/inductive/s4vm/tabular/adult/best_tabular_inductive_s4vm_adult-20260202T140710Z/run.json status=success duration_s=0.002
