2026-02-02 15:10:10,707 INFO bench.orchestrators.dataset dataset.py:36: Dataset start: id=cora download=True cache_dir=None
2026-02-02 15:10:10,707 DEBUG bench.orchestrators.dataset dataset.py:42: Dataset options: []
2026-02-02 15:10:10,710 DEBUG modssc.data_loader.providers __init__.py:38: Creating provider: pyg
2026-02-02 15:10:10,710 DEBUG modssc.data_loader.api api.py:316: Resolved dataset id=cora provider=pyg canonical_uri=pyg:Planetoid/Cora
2026-02-02 15:10:10,710 INFO modssc.data_loader.api api.py:117: Dataset load: id=cora provider=pyg version=None fingerprint=2919521af8679a8c84658219f16403f74aa1bfc03b19b6a08eb2565299400728 download=True force=False cache_dir=/nfs/home/mbarbaux/ModSSC/cache/datasets
2026-02-02 15:10:10,710 DEBUG modssc.data_loader.api api.py:127: Dataset resolved_kwargs: {'dataset_class': 'Planetoid', 'dataset_kwargs': {'name': 'Cora'}}
2026-02-02 15:10:10,715 DEBUG modssc.data_loader.api api.py:403: Loaded cached dataset: fingerprint=2919521af8679a8c84658219f16403f74aa1bfc03b19b6a08eb2565299400728
2026-02-02 15:10:10,715 INFO modssc.data_loader.api api.py:133: Dataset cached: id=cora train=2708 test=None n_classes=7 duration_s=0.008
2026-02-02 15:10:10,716 INFO bench.orchestrators.dataset dataset.py:54: Dataset loaded: train=2708 test=None graph=True fingerprint=2919521af8679a8c84658219f16403f74aa1bfc03b19b6a08eb2565299400728 provider=pyg
2026-02-02 15:10:10,716 INFO bench.orchestrators.dataset dataset.py:62: Dataset stage done: duration_s=0.009
2026-02-02 15:10:10,737 INFO bench.orchestrators.sampling sampling.py:86: Sampling start: seed=5 dataset_id=cora
2026-02-02 15:10:10,737 DEBUG bench.orchestrators.sampling sampling.py:87: Sampling plan: split={'kind': 'holdout', 'test_fraction': 0.2, 'val_fraction': 0.1, 'stratify': True, 'shuffle': True} labeling={'mode': 'fraction', 'value': 0.2, 'per_class': False, 'min_per_class': 1, 'strategy': 'balanced', 'fixed_indices': None} imbalance={'kind': 'none', 'apply_to': 'train', 'max_per_class': None, 'alpha': None, 'min_per_class': 1} policy={'respect_official_test': True, 'use_official_graph_masks': True, 'allow_override_official': False}
2026-02-02 15:10:10,737 DEBUG bench.orchestrators.sampling sampling.py:98: Sampling dataset_fingerprint=2919521af8679a8c84658219f16403f74aa1bfc03b19b6a08eb2565299400728
2026-02-02 15:10:10,737 INFO modssc.sampling.api api.py:99: Sampling start: dataset_id=cora dataset_fingerprint=2919521af8679a8c84658219f16403f74aa1bfc03b19b6a08eb2565299400728 seed=5 graph=True split=holdout
2026-02-02 15:10:10,737 DEBUG modssc.sampling.api api.py:107: Sampling plan: {'split': {'kind': 'holdout', 'test_fraction': 0.2, 'val_fraction': 0.1, 'stratify': True, 'shuffle': True}, 'labeling': {'mode': 'fraction', 'value': 0.2, 'per_class': False, 'min_per_class': 1, 'strategy': 'balanced', 'fixed_indices': None}, 'imbalance': {'kind': 'none', 'apply_to': 'train', 'max_per_class': None, 'alpha': None, 'min_per_class': 1}, 'policy': {'respect_official_test': True, 'use_official_graph_masks': True, 'allow_override_official': False}}
2026-02-02 15:10:10,747 INFO modssc.sampling.api api.py:141: Sampling done: train=140 val=500 test=1000 labeled=28 unlabeled=112 duration_s=0.010
2026-02-02 15:10:10,747 DEBUG modssc.sampling.api api.py:150: Sampling stats: {'nodes': 2708, 'train': 140, 'val': 500, 'test': 1000, 'labeled': 28, 'unlabeled': 112, 'labeled_class_dist': {'n': 28, 'classes': {'0': 4, '1': 4, '2': 4, '3': 4, '4': 4, '5': 4, '6': 4}}}
2026-02-02 15:10:10,747 INFO bench.orchestrators.sampling sampling.py:123: Sampling result: train=140 val=500 test=1000 labeled=28 unlabeled=112 graph=True
2026-02-02 15:10:10,748 DEBUG bench.orchestrators.sampling sampling.py:132: Sampling stats: {'nodes': 2708, 'train': 140, 'val': 500, 'test': 1000, 'labeled': 28, 'unlabeled': 112, 'labeled_class_dist': {'n': 28, 'classes': {'0': 4, '1': 4, '2': 4, '3': 4, '4': 4, '5': 4, '6': 4}}}
2026-02-02 15:10:10,748 INFO bench.orchestrators.sampling sampling.py:133: Sampling stage done: duration_s=0.010
2026-02-02 15:10:10,748 INFO bench.orchestrators.preprocess preprocess.py:105: Preprocess start: seed=5 cache=True n_steps=3 fit_indices=28
2026-02-02 15:10:10,748 DEBUG bench.orchestrators.preprocess preprocess.py:112: Preprocess plan: output_key=features.X steps=['labels.encode', 'core.ensure_2d', 'core.to_numpy']
2026-02-02 15:10:10,748 INFO modssc.preprocess.api api.py:490: Preprocess start: dataset_fp=2919521af8679a8c84658219f16403f74aa1bfc03b19b6a08eb2565299400728 steps=['labels.encode', 'core.ensure_2d', 'core.to_numpy'] output_key=features.X seed=5 cache=True
2026-02-02 15:10:10,748 DEBUG modssc.preprocess.api api.py:498: Preprocess input shapes: train_X=(2708, 1433) train_y=(2708,) test_X=None test_y=None
2026-02-02 15:10:10,748 INFO modssc.preprocess.api api.py:505: Preprocess input size: train_data=15.0 MB test_data=n/a
2026-02-02 15:10:10,748 DEBUG modssc.preprocess.api api.py:521: Preprocess step start: id=labels.encode index=0 kind=transform params={}
2026-02-02 15:10:10,753 DEBUG modssc.preprocess.api api.py:605: Preprocess step train outputs: id=labels.encode keys=['labels.classes', 'labels.y'] duration_s=0.005
2026-02-02 15:10:10,753 INFO modssc.preprocess.api api.py:679: Preprocess step done: id=labels.encode index=0 duration_s=0.005 train_data=15.0 MB test_data=n/a
2026-02-02 15:10:10,753 DEBUG modssc.preprocess.api api.py:521: Preprocess step start: id=core.ensure_2d index=1 kind=transform params={}
2026-02-02 15:10:10,759 DEBUG modssc.preprocess.api api.py:605: Preprocess step train outputs: id=core.ensure_2d keys=['features.X'] duration_s=0.005
2026-02-02 15:10:10,759 INFO modssc.preprocess.api api.py:679: Preprocess step done: id=core.ensure_2d index=1 duration_s=0.005 train_data=15.0 MB test_data=n/a
2026-02-02 15:10:10,759 DEBUG modssc.preprocess.api api.py:521: Preprocess step start: id=core.to_numpy index=2 kind=transform params={}
2026-02-02 15:10:10,763 DEBUG modssc.preprocess.api api.py:605: Preprocess step train outputs: id=core.to_numpy keys=['features.X'] duration_s=0.004
2026-02-02 15:10:10,763 INFO modssc.preprocess.api api.py:679: Preprocess step done: id=core.to_numpy index=2 duration_s=0.005 train_data=15.0 MB test_data=n/a
2026-02-02 15:10:10,763 INFO modssc.preprocess.api api.py:730: Preprocess done: dataset_fp=2919521af8679a8c84658219f16403f74aa1bfc03b19b6a08eb2565299400728 duration_s=0.016 train_X=(2708, 1433) test_X=None
2026-02-02 15:10:10,764 INFO bench.orchestrators.preprocess preprocess.py:124: Preprocess result: fingerprint=preprocess:6eaf9a71c3db86ab24260f10118a587c53889f7dd5582a4e0ff2cdabcdf4774f plan_fingerprint=resolved_plan:8a5e3ebe41a4f364f53ac26a625ef44f5a721631be61f65e32b92a3759853b68 cache_dir=/nfs/home/mbarbaux/ModSSC/cache/preprocess/2919521af8679a8c84658219f16403f74aa1bfc03b19b6a08eb2565299400728 skipped=[]
2026-02-02 15:10:10,764 DEBUG bench.orchestrators.preprocess preprocess.py:131: Preprocess output shapes: train_X=(2708, 1433) test_X=None
2026-02-02 15:10:10,764 INFO bench.orchestrators.preprocess preprocess.py:136: Preprocess stage done: duration_s=0.016
2026-02-02 15:10:10,764 INFO bench.orchestrators.method_transductive method_transductive.py:139: Transductive method start: id=n_gcn seed=3274374610 device=auto resolved_device=cuda use_test=False
2026-02-02 15:10:10,764 DEBUG bench.orchestrators.method_transductive method_transductive.py:147: Transductive method params: {'hidden_dim': 16, 'gcn_layers': 2, 'K': 6, 'r': 4, 'classifier': 'fc', 'dropout': 0.5, 'lr': 0.01, 'weight_decay': 1e-05, 'max_epochs': 200, 'patience': 50, 'add_self_loops': True, 'symmetrize': True}
2026-02-02 15:10:10,764 INFO bench.orchestrators.method_transductive method_transductive.py:158: Transductive data: n_nodes=2708 n_train=2708 n_test=0
2026-02-02 15:10:10,764 INFO bench.orchestrators.method_transductive method_transductive.py:177: Transductive masks: labeled_count=28 train_count=140
2026-02-02 15:10:10,764 INFO modssc.transductive.methods.gnn.n_gcn n_gcn.py:202: Starting n_gcn.fit
2026-02-02 15:10:10,764 DEBUG modssc.transductive.methods.gnn.n_gcn n_gcn.py:203: spec=NGCNSpec(hidden_dim=16, gcn_layers=2, K=6, r=4, classifier='fc', dropout=0.5, lr=0.01, weight_decay=1e-05, max_epochs=200, patience=50, add_self_loops=True, symmetrize=True) device=cuda seed=3274374610
2026-02-02 15:10:10,908 INFO modssc.transductive.methods.gnn.n_gcn n_gcn.py:226: N-GCN sizes: n_nodes=2708 n_classes=7 train=28 val=500
2026-02-02 15:10:12,192 DEBUG modssc.transductive.methods.gnn.common common.py:373: train_fullbatch epoch=0 val_loss=1.9468 best updated
2026-02-02 15:10:12,220 DEBUG modssc.transductive.methods.gnn.common common.py:373: train_fullbatch epoch=1 val_loss=1.8421 best updated
2026-02-02 15:10:12,249 DEBUG modssc.transductive.methods.gnn.common common.py:373: train_fullbatch epoch=2 val_loss=1.7153 best updated
2026-02-02 15:10:12,278 DEBUG modssc.transductive.methods.gnn.common common.py:373: train_fullbatch epoch=3 val_loss=1.5649 best updated
2026-02-02 15:10:12,306 DEBUG modssc.transductive.methods.gnn.common common.py:373: train_fullbatch epoch=4 val_loss=1.3961 best updated
2026-02-02 15:10:12,335 DEBUG modssc.transductive.methods.gnn.common common.py:373: train_fullbatch epoch=5 val_loss=1.2228 best updated
2026-02-02 15:10:12,364 DEBUG modssc.transductive.methods.gnn.common common.py:373: train_fullbatch epoch=6 val_loss=1.0778 best updated
2026-02-02 15:10:12,393 DEBUG modssc.transductive.methods.gnn.common common.py:373: train_fullbatch epoch=7 val_loss=0.9980 best updated
2026-02-02 15:10:12,422 DEBUG modssc.transductive.methods.gnn.common common.py:373: train_fullbatch epoch=8 val_loss=0.9975 best updated
2026-02-02 15:10:12,451 DEBUG modssc.transductive.methods.gnn.common common.py:380: train_fullbatch epoch=9 val_loss=1.0368 bad_epochs=1/50
2026-02-02 15:10:12,478 DEBUG modssc.transductive.methods.gnn.common common.py:380: train_fullbatch epoch=10 val_loss=1.1339 bad_epochs=2/50
2026-02-02 15:10:12,506 DEBUG modssc.transductive.methods.gnn.common common.py:380: train_fullbatch epoch=11 val_loss=1.2505 bad_epochs=3/50
2026-02-02 15:10:12,534 DEBUG modssc.transductive.methods.gnn.common common.py:380: train_fullbatch epoch=12 val_loss=1.3866 bad_epochs=4/50
2026-02-02 15:10:12,562 DEBUG modssc.transductive.methods.gnn.common common.py:380: train_fullbatch epoch=13 val_loss=1.5464 bad_epochs=5/50
2026-02-02 15:10:12,591 DEBUG modssc.transductive.methods.gnn.common common.py:380: train_fullbatch epoch=14 val_loss=1.7184 bad_epochs=6/50
2026-02-02 15:10:12,620 DEBUG modssc.transductive.methods.gnn.common common.py:380: train_fullbatch epoch=15 val_loss=1.8923 bad_epochs=7/50
2026-02-02 15:10:12,648 DEBUG modssc.transductive.methods.gnn.common common.py:380: train_fullbatch epoch=16 val_loss=2.0693 bad_epochs=8/50
2026-02-02 15:10:12,676 DEBUG modssc.transductive.methods.gnn.common common.py:380: train_fullbatch epoch=17 val_loss=2.2425 bad_epochs=9/50
2026-02-02 15:10:12,704 DEBUG modssc.transductive.methods.gnn.common common.py:380: train_fullbatch epoch=18 val_loss=2.4100 bad_epochs=10/50
2026-02-02 15:10:12,733 DEBUG modssc.transductive.methods.gnn.common common.py:380: train_fullbatch epoch=19 val_loss=2.5640 bad_epochs=11/50
2026-02-02 15:10:12,761 DEBUG modssc.transductive.methods.gnn.common common.py:380: train_fullbatch epoch=20 val_loss=2.7100 bad_epochs=12/50
2026-02-02 15:10:12,789 DEBUG modssc.transductive.methods.gnn.common common.py:380: train_fullbatch epoch=21 val_loss=2.8476 bad_epochs=13/50
2026-02-02 15:10:12,818 DEBUG modssc.transductive.methods.gnn.common common.py:380: train_fullbatch epoch=22 val_loss=2.9766 bad_epochs=14/50
2026-02-02 15:10:12,846 DEBUG modssc.transductive.methods.gnn.common common.py:380: train_fullbatch epoch=23 val_loss=3.0968 bad_epochs=15/50
2026-02-02 15:10:12,874 DEBUG modssc.transductive.methods.gnn.common common.py:380: train_fullbatch epoch=24 val_loss=3.2083 bad_epochs=16/50
2026-02-02 15:10:12,902 DEBUG modssc.transductive.methods.gnn.common common.py:380: train_fullbatch epoch=25 val_loss=3.3114 bad_epochs=17/50
2026-02-02 15:10:12,930 DEBUG modssc.transductive.methods.gnn.common common.py:380: train_fullbatch epoch=26 val_loss=3.4062 bad_epochs=18/50
2026-02-02 15:10:12,958 DEBUG modssc.transductive.methods.gnn.common common.py:380: train_fullbatch epoch=27 val_loss=3.4930 bad_epochs=19/50
2026-02-02 15:10:12,986 DEBUG modssc.transductive.methods.gnn.common common.py:380: train_fullbatch epoch=28 val_loss=3.5723 bad_epochs=20/50
2026-02-02 15:10:13,015 DEBUG modssc.transductive.methods.gnn.common common.py:380: train_fullbatch epoch=29 val_loss=3.6442 bad_epochs=21/50
2026-02-02 15:10:13,043 DEBUG modssc.transductive.methods.gnn.common common.py:380: train_fullbatch epoch=30 val_loss=3.7078 bad_epochs=22/50
2026-02-02 15:10:13,071 DEBUG modssc.transductive.methods.gnn.common common.py:380: train_fullbatch epoch=31 val_loss=3.7649 bad_epochs=23/50
2026-02-02 15:10:13,100 DEBUG modssc.transductive.methods.gnn.common common.py:380: train_fullbatch epoch=32 val_loss=3.8159 bad_epochs=24/50
2026-02-02 15:10:13,128 DEBUG modssc.transductive.methods.gnn.common common.py:380: train_fullbatch epoch=33 val_loss=3.8614 bad_epochs=25/50
2026-02-02 15:10:13,156 DEBUG modssc.transductive.methods.gnn.common common.py:380: train_fullbatch epoch=34 val_loss=3.9016 bad_epochs=26/50
2026-02-02 15:10:13,184 DEBUG modssc.transductive.methods.gnn.common common.py:380: train_fullbatch epoch=35 val_loss=3.9370 bad_epochs=27/50
2026-02-02 15:10:13,213 DEBUG modssc.transductive.methods.gnn.common common.py:380: train_fullbatch epoch=36 val_loss=3.9679 bad_epochs=28/50
2026-02-02 15:10:13,241 DEBUG modssc.transductive.methods.gnn.common common.py:380: train_fullbatch epoch=37 val_loss=3.9947 bad_epochs=29/50
2026-02-02 15:10:13,269 DEBUG modssc.transductive.methods.gnn.common common.py:380: train_fullbatch epoch=38 val_loss=4.0178 bad_epochs=30/50
2026-02-02 15:10:13,298 DEBUG modssc.transductive.methods.gnn.common common.py:380: train_fullbatch epoch=39 val_loss=4.0374 bad_epochs=31/50
2026-02-02 15:10:13,326 DEBUG modssc.transductive.methods.gnn.common common.py:380: train_fullbatch epoch=40 val_loss=4.0538 bad_epochs=32/50
2026-02-02 15:10:13,354 DEBUG modssc.transductive.methods.gnn.common common.py:380: train_fullbatch epoch=41 val_loss=4.0671 bad_epochs=33/50
2026-02-02 15:10:13,382 DEBUG modssc.transductive.methods.gnn.common common.py:380: train_fullbatch epoch=42 val_loss=4.0776 bad_epochs=34/50
2026-02-02 15:10:13,410 DEBUG modssc.transductive.methods.gnn.common common.py:380: train_fullbatch epoch=43 val_loss=4.0857 bad_epochs=35/50
2026-02-02 15:10:13,439 DEBUG modssc.transductive.methods.gnn.common common.py:380: train_fullbatch epoch=44 val_loss=4.0914 bad_epochs=36/50
2026-02-02 15:10:13,467 DEBUG modssc.transductive.methods.gnn.common common.py:380: train_fullbatch epoch=45 val_loss=4.0952 bad_epochs=37/50
2026-02-02 15:10:13,495 DEBUG modssc.transductive.methods.gnn.common common.py:380: train_fullbatch epoch=46 val_loss=4.0968 bad_epochs=38/50
2026-02-02 15:10:13,523 DEBUG modssc.transductive.methods.gnn.common common.py:380: train_fullbatch epoch=47 val_loss=4.0968 bad_epochs=39/50
2026-02-02 15:10:13,552 DEBUG modssc.transductive.methods.gnn.common common.py:380: train_fullbatch epoch=48 val_loss=4.0953 bad_epochs=40/50
2026-02-02 15:10:13,580 DEBUG modssc.transductive.methods.gnn.common common.py:380: train_fullbatch epoch=49 val_loss=4.0925 bad_epochs=41/50
2026-02-02 15:10:13,608 DEBUG modssc.transductive.methods.gnn.common common.py:380: train_fullbatch epoch=50 val_loss=4.0886 bad_epochs=42/50
2026-02-02 15:10:13,637 DEBUG modssc.transductive.methods.gnn.common common.py:380: train_fullbatch epoch=51 val_loss=4.0836 bad_epochs=43/50
2026-02-02 15:10:13,665 DEBUG modssc.transductive.methods.gnn.common common.py:380: train_fullbatch epoch=52 val_loss=4.0777 bad_epochs=44/50
2026-02-02 15:10:13,693 DEBUG modssc.transductive.methods.gnn.common common.py:380: train_fullbatch epoch=53 val_loss=4.0709 bad_epochs=45/50
2026-02-02 15:10:13,721 DEBUG modssc.transductive.methods.gnn.common common.py:380: train_fullbatch epoch=54 val_loss=4.0634 bad_epochs=46/50
2026-02-02 15:10:13,750 DEBUG modssc.transductive.methods.gnn.common common.py:380: train_fullbatch epoch=55 val_loss=4.0551 bad_epochs=47/50
2026-02-02 15:10:13,778 DEBUG modssc.transductive.methods.gnn.common common.py:380: train_fullbatch epoch=56 val_loss=4.0461 bad_epochs=48/50
2026-02-02 15:10:13,806 DEBUG modssc.transductive.methods.gnn.common common.py:380: train_fullbatch epoch=57 val_loss=4.0365 bad_epochs=49/50
2026-02-02 15:10:13,834 DEBUG modssc.transductive.methods.gnn.common common.py:380: train_fullbatch epoch=58 val_loss=4.0264 bad_epochs=50/50
2026-02-02 15:10:13,835 DEBUG modssc.transductive.methods.gnn.common common.py:388: train_fullbatch early_stop epoch=58 best_epoch=8 best_val_loss=0.9975
2026-02-02 15:10:13,836 DEBUG modssc.transductive.methods.gnn.common common.py:399: train_fullbatch done n_epochs=59 best_epoch=8 best_val_loss=0.9974979162216187
2026-02-02 15:10:13,836 INFO modssc.transductive.methods.gnn.n_gcn n_gcn.py:289: Finished n_gcn.fit in 3.072s
2026-02-02 15:10:13,836 INFO bench.orchestrators.method_transductive method_transductive.py:218: Transductive method done: id=n_gcn duration_s=3.073
2026-02-02 15:10:13,836 INFO bench.orchestrators.evaluation evaluation.py:244: Evaluation (transductive): splits=['val', 'test'] metrics=['accuracy', 'macro_f1']
2026-02-02 15:10:13,849 INFO bench.orchestrators.evaluation evaluation.py:263: Evaluation (transductive) done: duration_s=0.012
2026-02-02 15:10:13,850 INFO bench.orchestrators.reporting reporting.py:54: Run summary written: /nfs/home/mbarbaux/ModSSC/runs/transductive/n_gcn/graph/cora/best_graph_transductive_n_gcn_cora-20260202T141010Z/run.json status=success duration_s=0.001
