2026-02-02 16:58:54,665 INFO bench.orchestrators.dataset dataset.py:36: Dataset start: id=breast_cancer download=True cache_dir=None
2026-02-02 16:58:54,666 DEBUG bench.orchestrators.dataset dataset.py:42: Dataset options: []
2026-02-02 16:58:54,670 DEBUG modssc.data_loader.providers __init__.py:38: Creating provider: openml
2026-02-02 16:58:54,670 DEBUG modssc.data_loader.api api.py:316: Resolved dataset id=breast_cancer provider=openml canonical_uri=openml:15
2026-02-02 16:58:54,670 INFO modssc.data_loader.api api.py:117: Dataset load: id=breast_cancer provider=openml version=None fingerprint=6dece738ab3dfc5f1500b389918a8723dfd218d54ba657c31846dda9cfbbc81f download=True force=False cache_dir=/nfs/home/mbarbaux/ModSSC/cache/datasets
2026-02-02 16:58:54,670 DEBUG modssc.data_loader.api api.py:127: Dataset resolved_kwargs: {'data_id': 15, 'name': None, 'version': None, 'as_frame': False, 'target_column': None, 'class_filter': None, 'max_samples': None, 'seed': None}
2026-02-02 16:58:54,673 DEBUG modssc.data_loader.api api.py:403: Loaded cached dataset: fingerprint=6dece738ab3dfc5f1500b389918a8723dfd218d54ba657c31846dda9cfbbc81f
2026-02-02 16:58:54,678 INFO modssc.data_loader.api api.py:133: Dataset cached: id=breast_cancer train=699 test=None n_classes=2 duration_s=0.012
2026-02-02 16:58:54,678 INFO bench.orchestrators.dataset dataset.py:54: Dataset loaded: train=699 test=None graph=False fingerprint=6dece738ab3dfc5f1500b389918a8723dfd218d54ba657c31846dda9cfbbc81f provider=openml
2026-02-02 16:58:54,678 INFO bench.orchestrators.dataset dataset.py:62: Dataset stage done: duration_s=0.013
2026-02-02 16:58:54,701 INFO bench.orchestrators.sampling sampling.py:86: Sampling start: seed=1 dataset_id=breast_cancer
2026-02-02 16:58:54,701 DEBUG bench.orchestrators.sampling sampling.py:87: Sampling plan: split={'kind': 'holdout', 'test_fraction': 0.2, 'val_fraction': 0.1, 'stratify': True, 'shuffle': True} labeling={'mode': 'fraction', 'value': 0.2, 'per_class': False, 'min_per_class': 1, 'strategy': 'balanced', 'fixed_indices': None} imbalance={'kind': 'none', 'apply_to': 'train', 'max_per_class': None, 'alpha': None, 'min_per_class': 1} policy={'respect_official_test': True, 'use_official_graph_masks': True, 'allow_override_official': False}
2026-02-02 16:58:54,701 DEBUG bench.orchestrators.sampling sampling.py:98: Sampling dataset_fingerprint=6dece738ab3dfc5f1500b389918a8723dfd218d54ba657c31846dda9cfbbc81f
2026-02-02 16:58:54,701 INFO modssc.sampling.api api.py:99: Sampling start: dataset_id=breast_cancer dataset_fingerprint=6dece738ab3dfc5f1500b389918a8723dfd218d54ba657c31846dda9cfbbc81f seed=1 graph=False split=holdout
2026-02-02 16:58:54,701 DEBUG modssc.sampling.api api.py:107: Sampling plan: {'split': {'kind': 'holdout', 'test_fraction': 0.2, 'val_fraction': 0.1, 'stratify': True, 'shuffle': True}, 'labeling': {'mode': 'fraction', 'value': 0.2, 'per_class': False, 'min_per_class': 1, 'strategy': 'balanced', 'fixed_indices': None}, 'imbalance': {'kind': 'none', 'apply_to': 'train', 'max_per_class': None, 'alpha': None, 'min_per_class': 1}, 'policy': {'respect_official_test': True, 'use_official_graph_masks': True, 'allow_override_official': False}}
2026-02-02 16:58:54,710 INFO modssc.sampling.api api.py:141: Sampling done: train=503 val=56 test=140 labeled=101 unlabeled=402 duration_s=0.009
2026-02-02 16:58:54,710 DEBUG modssc.sampling.api api.py:150: Sampling stats: {'policy': {'respect_official_test': True, 'has_official_test': False, 'test_ref': 'train'}, 'train': {'n': 503, 'classes': {'benign': 329, 'malignant': 174}}, 'val': {'n': 56, 'classes': {'benign': 37, 'malignant': 19}}, 'train_labeled': {'n': 101, 'classes': {'benign': 51, 'malignant': 50}}, 'train_unlabeled': {'n': 402}, 'test': {'n': 140, 'classes': {'benign': 92, 'malignant': 48}}}
2026-02-02 16:58:54,710 INFO bench.orchestrators.sampling sampling.py:123: Sampling result: train=503 val=56 test=140 labeled=101 unlabeled=402 graph=False
2026-02-02 16:58:54,711 DEBUG bench.orchestrators.sampling sampling.py:132: Sampling stats: {'policy': {'respect_official_test': True, 'has_official_test': False, 'test_ref': 'train'}, 'train': {'n': 503, 'classes': {'benign': 329, 'malignant': 174}}, 'val': {'n': 56, 'classes': {'benign': 37, 'malignant': 19}}, 'train_labeled': {'n': 101, 'classes': {'benign': 51, 'malignant': 50}}, 'train_unlabeled': {'n': 402}, 'test': {'n': 140, 'classes': {'benign': 92, 'malignant': 48}}}
2026-02-02 16:58:54,711 INFO bench.orchestrators.sampling sampling.py:133: Sampling stage done: duration_s=0.009
2026-02-02 16:58:54,711 INFO bench.orchestrators.preprocess preprocess.py:105: Preprocess start: seed=1 cache=True n_steps=4 fit_indices=101
2026-02-02 16:58:54,711 DEBUG bench.orchestrators.preprocess preprocess.py:112: Preprocess plan: output_key=features.X steps=['labels.encode', 'core.ensure_2d', 'core.pca', 'core.to_numpy']
2026-02-02 16:58:54,711 INFO modssc.preprocess.api api.py:490: Preprocess start: dataset_fp=6dece738ab3dfc5f1500b389918a8723dfd218d54ba657c31846dda9cfbbc81f steps=['labels.encode', 'core.ensure_2d', 'core.pca', 'core.to_numpy'] output_key=features.X seed=1 cache=True
2026-02-02 16:58:54,711 DEBUG modssc.preprocess.api api.py:498: Preprocess input shapes: train_X=(699, 9) train_y=(699,) test_X=None test_y=None
2026-02-02 16:58:54,711 INFO modssc.preprocess.api api.py:505: Preprocess input size: train_data=54.6 KB test_data=n/a
2026-02-02 16:58:54,711 DEBUG modssc.preprocess.api api.py:521: Preprocess step start: id=labels.encode index=0 kind=transform params={}
2026-02-02 16:58:54,719 DEBUG modssc.preprocess.api api.py:605: Preprocess step train outputs: id=labels.encode keys=['labels.classes', 'labels.y'] duration_s=0.008
2026-02-02 16:58:54,719 INFO modssc.preprocess.api api.py:679: Preprocess step done: id=labels.encode index=0 duration_s=0.008 train_data=54.6 KB test_data=n/a
2026-02-02 16:58:54,719 DEBUG modssc.preprocess.api api.py:521: Preprocess step start: id=core.ensure_2d index=1 kind=transform params={}
2026-02-02 16:58:54,723 DEBUG modssc.preprocess.api api.py:605: Preprocess step train outputs: id=core.ensure_2d keys=['features.X'] duration_s=0.004
2026-02-02 16:58:54,723 INFO modssc.preprocess.api api.py:679: Preprocess step done: id=core.ensure_2d index=1 duration_s=0.004 train_data=54.6 KB test_data=n/a
2026-02-02 16:58:54,723 DEBUG modssc.preprocess.api api.py:521: Preprocess step start: id=core.pca index=2 kind=fittable params={'n_components': 30}
2026-02-02 16:58:54,726 DEBUG modssc.preprocess.api api.py:605: Preprocess step train outputs: id=core.pca keys=['features.X'] duration_s=0.003
2026-02-02 16:58:54,726 INFO modssc.preprocess.api api.py:679: Preprocess step done: id=core.pca index=2 duration_s=0.003 train_data=30.0 KB test_data=n/a
2026-02-02 16:58:54,726 DEBUG modssc.preprocess.api api.py:521: Preprocess step start: id=core.to_numpy index=3 kind=transform params={}
2026-02-02 16:58:54,727 DEBUG modssc.preprocess.api api.py:605: Preprocess step train outputs: id=core.to_numpy keys=['features.X'] duration_s=0.001
2026-02-02 16:58:54,727 INFO modssc.preprocess.api api.py:679: Preprocess step done: id=core.to_numpy index=3 duration_s=0.001 train_data=30.0 KB test_data=n/a
2026-02-02 16:58:54,727 INFO modssc.preprocess.api api.py:730: Preprocess done: dataset_fp=6dece738ab3dfc5f1500b389918a8723dfd218d54ba657c31846dda9cfbbc81f duration_s=0.016 train_X=(699, 9) test_X=None
2026-02-02 16:58:54,727 INFO bench.orchestrators.preprocess preprocess.py:124: Preprocess result: fingerprint=preprocess:ef881b7f44da6f0c9372f759ec8256cbf9b2f8ea77b4677dc811e99f90fde611 plan_fingerprint=resolved_plan:482a0984f51742ea5d9dbcc35f660359eaee028ed4420e88d582a288bf1fe3f8 cache_dir=/nfs/home/mbarbaux/ModSSC/cache/preprocess/6dece738ab3dfc5f1500b389918a8723dfd218d54ba657c31846dda9cfbbc81f skipped=[]
2026-02-02 16:58:54,727 DEBUG bench.orchestrators.preprocess preprocess.py:131: Preprocess output shapes: train_X=(699, 9) test_X=None
2026-02-02 16:58:54,727 INFO bench.orchestrators.preprocess preprocess.py:136: Preprocess stage done: duration_s=0.017
2026-02-02 16:58:54,727 INFO bench.orchestrators.graph graph.py:67: Graph start: include_test=False cache=True
2026-02-02 16:58:54,727 DEBUG bench.orchestrators.graph graph.py:72: Graph spec: scheme=knn metric=cosine k=15 radius=None backend=numpy feature_field=features.X seed=1
2026-02-02 16:58:54,727 DEBUG bench.orchestrators.graph graph.py:89: Graph features: shape=(699, 9)
2026-02-02 16:58:54,729 INFO modssc.graph.construction.api api.py:111: Graph cached: fingerprint=65024bb7060a6b3872999dd7c00f41425e8ecea3c93cf10d5f0ab2d4ee4d2787 n_nodes=699 n_edges=5983 duration_s=0.001
2026-02-02 16:58:54,729 INFO bench.orchestrators.graph graph.py:100: Graph built: fingerprint=65024bb7060a6b3872999dd7c00f41425e8ecea3c93cf10d5f0ab2d4ee4d2787 n_nodes=699 n_edges=5983 duration_s=0.001
2026-02-02 16:58:54,729 INFO bench.orchestrators.method_transductive method_transductive.py:139: Transductive method start: id=graphsage seed=398591604 device=auto resolved_device=cuda use_test=False
2026-02-02 16:58:54,729 DEBUG bench.orchestrators.method_transductive method_transductive.py:147: Transductive method params: {'hidden_dim': 32, 'dropout': 0.5, 'lr': 0.01, 'weight_decay': 0.0005, 'max_epochs': 200, 'patience': 50, 'add_self_loops': False}
2026-02-02 16:58:54,729 INFO bench.orchestrators.method_transductive method_transductive.py:158: Transductive data: n_nodes=699 n_train=699 n_test=0
2026-02-02 16:58:54,729 INFO bench.orchestrators.method_transductive method_transductive.py:177: Transductive masks: labeled_count=101 train_count=503
2026-02-02 16:58:54,729 INFO modssc.transductive.methods.gnn.graphsage graphsage.py:80: Starting graphsage.fit
2026-02-02 16:58:54,729 DEBUG modssc.transductive.methods.gnn.graphsage graphsage.py:81: spec=GraphSAGESpec(hidden_dim=32, dropout=0.5, lr=0.01, weight_decay=0.0005, max_epochs=200, patience=50, add_self_loops=False) device=cuda seed=398591604
2026-02-02 16:58:54,881 INFO modssc.transductive.methods.gnn.graphsage graphsage.py:93: GraphSAGE sizes: n_nodes=699 n_classes=2 train=101 val=56
2026-02-02 16:58:55,846 DEBUG modssc.transductive.methods.gnn.common common.py:373: train_fullbatch epoch=0 val_loss=0.3647 best updated
2026-02-02 16:58:55,849 DEBUG modssc.transductive.methods.gnn.common common.py:373: train_fullbatch epoch=1 val_loss=0.2288 best updated
2026-02-02 16:58:55,850 DEBUG modssc.transductive.methods.gnn.common common.py:373: train_fullbatch epoch=2 val_loss=0.1751 best updated
2026-02-02 16:58:55,852 DEBUG modssc.transductive.methods.gnn.common common.py:373: train_fullbatch epoch=3 val_loss=0.1660 best updated
2026-02-02 16:58:55,853 DEBUG modssc.transductive.methods.gnn.common common.py:380: train_fullbatch epoch=4 val_loss=0.1714 bad_epochs=1/50
2026-02-02 16:58:55,855 DEBUG modssc.transductive.methods.gnn.common common.py:380: train_fullbatch epoch=5 val_loss=0.1820 bad_epochs=2/50
2026-02-02 16:58:55,856 DEBUG modssc.transductive.methods.gnn.common common.py:380: train_fullbatch epoch=6 val_loss=0.1940 bad_epochs=3/50
2026-02-02 16:58:55,858 DEBUG modssc.transductive.methods.gnn.common common.py:380: train_fullbatch epoch=7 val_loss=0.2084 bad_epochs=4/50
2026-02-02 16:58:55,859 DEBUG modssc.transductive.methods.gnn.common common.py:380: train_fullbatch epoch=8 val_loss=0.2216 bad_epochs=5/50
2026-02-02 16:58:55,860 DEBUG modssc.transductive.methods.gnn.common common.py:380: train_fullbatch epoch=9 val_loss=0.2308 bad_epochs=6/50
2026-02-02 16:58:55,862 DEBUG modssc.transductive.methods.gnn.common common.py:380: train_fullbatch epoch=10 val_loss=0.2379 bad_epochs=7/50
2026-02-02 16:58:55,863 DEBUG modssc.transductive.methods.gnn.common common.py:380: train_fullbatch epoch=11 val_loss=0.2438 bad_epochs=8/50
2026-02-02 16:58:55,864 DEBUG modssc.transductive.methods.gnn.common common.py:380: train_fullbatch epoch=12 val_loss=0.2471 bad_epochs=9/50
2026-02-02 16:58:55,866 DEBUG modssc.transductive.methods.gnn.common common.py:380: train_fullbatch epoch=13 val_loss=0.2475 bad_epochs=10/50
2026-02-02 16:58:55,867 DEBUG modssc.transductive.methods.gnn.common common.py:380: train_fullbatch epoch=14 val_loss=0.2452 bad_epochs=11/50
2026-02-02 16:58:55,869 DEBUG modssc.transductive.methods.gnn.common common.py:380: train_fullbatch epoch=15 val_loss=0.2429 bad_epochs=12/50
2026-02-02 16:58:55,870 DEBUG modssc.transductive.methods.gnn.common common.py:380: train_fullbatch epoch=16 val_loss=0.2430 bad_epochs=13/50
2026-02-02 16:58:55,871 DEBUG modssc.transductive.methods.gnn.common common.py:380: train_fullbatch epoch=17 val_loss=0.2445 bad_epochs=14/50
2026-02-02 16:58:55,873 DEBUG modssc.transductive.methods.gnn.common common.py:380: train_fullbatch epoch=18 val_loss=0.2437 bad_epochs=15/50
2026-02-02 16:58:55,874 DEBUG modssc.transductive.methods.gnn.common common.py:380: train_fullbatch epoch=19 val_loss=0.2396 bad_epochs=16/50
2026-02-02 16:58:55,875 DEBUG modssc.transductive.methods.gnn.common common.py:380: train_fullbatch epoch=20 val_loss=0.2347 bad_epochs=17/50
2026-02-02 16:58:55,877 DEBUG modssc.transductive.methods.gnn.common common.py:380: train_fullbatch epoch=21 val_loss=0.2292 bad_epochs=18/50
2026-02-02 16:58:55,878 DEBUG modssc.transductive.methods.gnn.common common.py:380: train_fullbatch epoch=22 val_loss=0.2253 bad_epochs=19/50
2026-02-02 16:58:55,880 DEBUG modssc.transductive.methods.gnn.common common.py:380: train_fullbatch epoch=23 val_loss=0.2241 bad_epochs=20/50
2026-02-02 16:58:55,881 DEBUG modssc.transductive.methods.gnn.common common.py:380: train_fullbatch epoch=24 val_loss=0.2221 bad_epochs=21/50
2026-02-02 16:58:55,882 DEBUG modssc.transductive.methods.gnn.common common.py:380: train_fullbatch epoch=25 val_loss=0.2197 bad_epochs=22/50
2026-02-02 16:58:55,884 DEBUG modssc.transductive.methods.gnn.common common.py:380: train_fullbatch epoch=26 val_loss=0.2203 bad_epochs=23/50
2026-02-02 16:58:55,885 DEBUG modssc.transductive.methods.gnn.common common.py:380: train_fullbatch epoch=27 val_loss=0.2219 bad_epochs=24/50
2026-02-02 16:58:55,886 DEBUG modssc.transductive.methods.gnn.common common.py:380: train_fullbatch epoch=28 val_loss=0.2271 bad_epochs=25/50
2026-02-02 16:58:55,888 DEBUG modssc.transductive.methods.gnn.common common.py:380: train_fullbatch epoch=29 val_loss=0.2317 bad_epochs=26/50
2026-02-02 16:58:55,889 DEBUG modssc.transductive.methods.gnn.common common.py:380: train_fullbatch epoch=30 val_loss=0.2398 bad_epochs=27/50
2026-02-02 16:58:55,890 DEBUG modssc.transductive.methods.gnn.common common.py:380: train_fullbatch epoch=31 val_loss=0.2497 bad_epochs=28/50
2026-02-02 16:58:55,892 DEBUG modssc.transductive.methods.gnn.common common.py:380: train_fullbatch epoch=32 val_loss=0.2631 bad_epochs=29/50
2026-02-02 16:58:55,893 DEBUG modssc.transductive.methods.gnn.common common.py:380: train_fullbatch epoch=33 val_loss=0.2737 bad_epochs=30/50
2026-02-02 16:58:55,895 DEBUG modssc.transductive.methods.gnn.common common.py:380: train_fullbatch epoch=34 val_loss=0.2853 bad_epochs=31/50
2026-02-02 16:58:55,896 DEBUG modssc.transductive.methods.gnn.common common.py:380: train_fullbatch epoch=35 val_loss=0.2885 bad_epochs=32/50
2026-02-02 16:58:55,897 DEBUG modssc.transductive.methods.gnn.common common.py:380: train_fullbatch epoch=36 val_loss=0.2785 bad_epochs=33/50
2026-02-02 16:58:55,899 DEBUG modssc.transductive.methods.gnn.common common.py:380: train_fullbatch epoch=37 val_loss=0.2665 bad_epochs=34/50
2026-02-02 16:58:55,900 DEBUG modssc.transductive.methods.gnn.common common.py:380: train_fullbatch epoch=38 val_loss=0.2558 bad_epochs=35/50
2026-02-02 16:58:55,901 DEBUG modssc.transductive.methods.gnn.common common.py:380: train_fullbatch epoch=39 val_loss=0.2499 bad_epochs=36/50
2026-02-02 16:58:55,903 DEBUG modssc.transductive.methods.gnn.common common.py:380: train_fullbatch epoch=40 val_loss=0.2475 bad_epochs=37/50
2026-02-02 16:58:55,904 DEBUG modssc.transductive.methods.gnn.common common.py:380: train_fullbatch epoch=41 val_loss=0.2455 bad_epochs=38/50
2026-02-02 16:58:55,906 DEBUG modssc.transductive.methods.gnn.common common.py:380: train_fullbatch epoch=42 val_loss=0.2439 bad_epochs=39/50
2026-02-02 16:58:55,907 DEBUG modssc.transductive.methods.gnn.common common.py:380: train_fullbatch epoch=43 val_loss=0.2438 bad_epochs=40/50
2026-02-02 16:58:55,908 DEBUG modssc.transductive.methods.gnn.common common.py:380: train_fullbatch epoch=44 val_loss=0.2425 bad_epochs=41/50
2026-02-02 16:58:55,910 DEBUG modssc.transductive.methods.gnn.common common.py:380: train_fullbatch epoch=45 val_loss=0.2420 bad_epochs=42/50
2026-02-02 16:58:55,911 DEBUG modssc.transductive.methods.gnn.common common.py:380: train_fullbatch epoch=46 val_loss=0.2425 bad_epochs=43/50
2026-02-02 16:58:55,912 DEBUG modssc.transductive.methods.gnn.common common.py:380: train_fullbatch epoch=47 val_loss=0.2451 bad_epochs=44/50
2026-02-02 16:58:55,914 DEBUG modssc.transductive.methods.gnn.common common.py:380: train_fullbatch epoch=48 val_loss=0.2488 bad_epochs=45/50
2026-02-02 16:58:55,915 DEBUG modssc.transductive.methods.gnn.common common.py:380: train_fullbatch epoch=49 val_loss=0.2528 bad_epochs=46/50
2026-02-02 16:58:55,916 DEBUG modssc.transductive.methods.gnn.common common.py:380: train_fullbatch epoch=50 val_loss=0.2558 bad_epochs=47/50
2026-02-02 16:58:55,918 DEBUG modssc.transductive.methods.gnn.common common.py:380: train_fullbatch epoch=51 val_loss=0.2603 bad_epochs=48/50
2026-02-02 16:58:55,919 DEBUG modssc.transductive.methods.gnn.common common.py:380: train_fullbatch epoch=52 val_loss=0.2628 bad_epochs=49/50
2026-02-02 16:58:55,921 DEBUG modssc.transductive.methods.gnn.common common.py:380: train_fullbatch epoch=53 val_loss=0.2637 bad_epochs=50/50
2026-02-02 16:58:55,921 DEBUG modssc.transductive.methods.gnn.common common.py:388: train_fullbatch early_stop epoch=53 best_epoch=3 best_val_loss=0.1660
2026-02-02 16:58:55,921 DEBUG modssc.transductive.methods.gnn.common common.py:399: train_fullbatch done n_epochs=54 best_epoch=3 best_val_loss=0.16603848338127136
2026-02-02 16:58:55,921 INFO modssc.transductive.methods.gnn.graphsage graphsage.py:122: Finished graphsage.fit in 1.192s
2026-02-02 16:58:55,921 INFO bench.orchestrators.method_transductive method_transductive.py:218: Transductive method done: id=graphsage duration_s=1.192
2026-02-02 16:58:55,921 INFO bench.orchestrators.evaluation evaluation.py:244: Evaluation (transductive): splits=['val', 'test'] metrics=['accuracy', 'macro_f1']
2026-02-02 16:58:55,923 INFO bench.orchestrators.evaluation evaluation.py:263: Evaluation (transductive) done: duration_s=0.002
2026-02-02 16:58:55,924 INFO bench.orchestrators.reporting reporting.py:54: Run summary written: /nfs/home/mbarbaux/ModSSC/runs/transductive/graphsage/tabular/breast_cancer/best_tabular_transductive_graphsage_breast_cancer-20260202T155854Z/run.json status=success duration_s=0.001
