2026-02-02 17:06:07,642 INFO bench.orchestrators.dataset dataset.py:36: Dataset start: id=toy download=True cache_dir=None
2026-02-02 17:06:07,642 DEBUG bench.orchestrators.dataset dataset.py:42: Dataset options: []
2026-02-02 17:06:07,645 DEBUG modssc.data_loader.providers __init__.py:38: Creating provider: toy
2026-02-02 17:06:07,646 DEBUG modssc.data_loader.api api.py:316: Resolved dataset id=toy provider=toy canonical_uri=toy:default
2026-02-02 17:06:07,646 INFO modssc.data_loader.api api.py:117: Dataset load: id=toy provider=toy version=1 fingerprint=e0c01c98d61086d3a0f9eed4436f4ecf49dcaace00195bf10f825786b9b12b89 download=True force=False cache_dir=/nfs/home/mbarbaux/ModSSC/cache/datasets
2026-02-02 17:06:07,646 DEBUG modssc.data_loader.api api.py:127: Dataset resolved_kwargs: {'n_samples': 64, 'n_features': 4, 'n_classes': 3, 'seed': 0, 'test': True, 'test_size': 0.25}
2026-02-02 17:06:07,648 DEBUG modssc.data_loader.api api.py:403: Loaded cached dataset: fingerprint=e0c01c98d61086d3a0f9eed4436f4ecf49dcaace00195bf10f825786b9b12b89
2026-02-02 17:06:07,648 INFO modssc.data_loader.api api.py:133: Dataset cached: id=toy train=48 test=16 n_classes=3 duration_s=0.006
2026-02-02 17:06:07,648 INFO bench.orchestrators.dataset dataset.py:54: Dataset loaded: train=48 test=16 graph=False fingerprint=e0c01c98d61086d3a0f9eed4436f4ecf49dcaace00195bf10f825786b9b12b89 provider=toy
2026-02-02 17:06:07,648 INFO bench.orchestrators.dataset dataset.py:62: Dataset stage done: duration_s=0.006
2026-02-02 17:06:07,669 INFO bench.orchestrators.sampling sampling.py:86: Sampling start: seed=1 dataset_id=toy
2026-02-02 17:06:07,669 DEBUG bench.orchestrators.sampling sampling.py:87: Sampling plan: split={'kind': 'holdout', 'test_fraction': 0.2, 'val_fraction': 0.1, 'stratify': True, 'shuffle': True} labeling={'mode': 'fraction', 'value': 0.2, 'per_class': False, 'min_per_class': 1, 'strategy': 'balanced', 'fixed_indices': None} imbalance={'kind': 'none', 'apply_to': 'train', 'max_per_class': None, 'alpha': None, 'min_per_class': 1} policy={'respect_official_test': True, 'use_official_graph_masks': True, 'allow_override_official': False}
2026-02-02 17:06:07,669 DEBUG bench.orchestrators.sampling sampling.py:98: Sampling dataset_fingerprint=e0c01c98d61086d3a0f9eed4436f4ecf49dcaace00195bf10f825786b9b12b89
2026-02-02 17:06:07,669 INFO modssc.sampling.api api.py:99: Sampling start: dataset_id=toy dataset_fingerprint=e0c01c98d61086d3a0f9eed4436f4ecf49dcaace00195bf10f825786b9b12b89 seed=1 graph=False split=holdout
2026-02-02 17:06:07,669 DEBUG modssc.sampling.api api.py:107: Sampling plan: {'split': {'kind': 'holdout', 'test_fraction': 0.2, 'val_fraction': 0.1, 'stratify': True, 'shuffle': True}, 'labeling': {'mode': 'fraction', 'value': 0.2, 'per_class': False, 'min_per_class': 1, 'strategy': 'balanced', 'fixed_indices': None}, 'imbalance': {'kind': 'none', 'apply_to': 'train', 'max_per_class': None, 'alpha': None, 'min_per_class': 1}, 'policy': {'respect_official_test': True, 'use_official_graph_masks': True, 'allow_override_official': False}}
2026-02-02 17:06:07,682 INFO modssc.sampling.api api.py:141: Sampling done: train=43 val=5 test=16 labeled=9 unlabeled=34 duration_s=0.013
2026-02-02 17:06:07,682 DEBUG modssc.sampling.api api.py:150: Sampling stats: {'policy': {'respect_official_test': True, 'has_official_test': True, 'test_ref': 'test'}, 'train': {'n': 43, 'classes': {'0': 14, '1': 15, '2': 14}}, 'val': {'n': 5, 'classes': {'0': 1, '1': 2, '2': 2}}, 'train_labeled': {'n': 9, 'classes': {'0': 3, '1': 3, '2': 3}}, 'train_unlabeled': {'n': 34}, 'test': {'n': 16, 'classes': {'0': 6, '1': 5, '2': 5}}}
2026-02-02 17:06:07,682 INFO bench.orchestrators.sampling sampling.py:123: Sampling result: train=43 val=5 test=16 labeled=9 unlabeled=34 graph=False
2026-02-02 17:06:07,682 DEBUG bench.orchestrators.sampling sampling.py:132: Sampling stats: {'policy': {'respect_official_test': True, 'has_official_test': True, 'test_ref': 'test'}, 'train': {'n': 43, 'classes': {'0': 14, '1': 15, '2': 14}}, 'val': {'n': 5, 'classes': {'0': 1, '1': 2, '2': 2}}, 'train_labeled': {'n': 9, 'classes': {'0': 3, '1': 3, '2': 3}}, 'train_unlabeled': {'n': 34}, 'test': {'n': 16, 'classes': {'0': 6, '1': 5, '2': 5}}}
2026-02-02 17:06:07,682 INFO bench.orchestrators.sampling sampling.py:133: Sampling stage done: duration_s=0.013
2026-02-02 17:06:07,682 INFO bench.orchestrators.preprocess preprocess.py:105: Preprocess start: seed=1 cache=True n_steps=4 fit_indices=9
2026-02-02 17:06:07,682 DEBUG bench.orchestrators.preprocess preprocess.py:112: Preprocess plan: output_key=features.X steps=['labels.encode', 'core.ensure_2d', 'core.pca', 'core.to_numpy']
2026-02-02 17:06:07,683 INFO modssc.preprocess.api api.py:490: Preprocess start: dataset_fp=e0c01c98d61086d3a0f9eed4436f4ecf49dcaace00195bf10f825786b9b12b89 steps=['labels.encode', 'core.ensure_2d', 'core.pca', 'core.to_numpy'] output_key=features.X seed=1 cache=True
2026-02-02 17:06:07,683 DEBUG modssc.preprocess.api api.py:498: Preprocess input shapes: train_X=(48, 4) train_y=(48,) test_X=(16, 4) test_y=(16,)
2026-02-02 17:06:07,683 INFO modssc.preprocess.api api.py:505: Preprocess input size: train_data=1.1 KB test_data=384 B
2026-02-02 17:06:07,683 DEBUG modssc.preprocess.api api.py:521: Preprocess step start: id=labels.encode index=0 kind=transform params={}
2026-02-02 17:06:07,690 DEBUG modssc.preprocess.api api.py:605: Preprocess step train outputs: id=labels.encode keys=['labels.classes', 'labels.y'] duration_s=0.007
2026-02-02 17:06:07,691 DEBUG modssc.preprocess.api api.py:654: Preprocess step test outputs: id=labels.encode keys=['labels.classes', 'labels.y']
2026-02-02 17:06:07,691 INFO modssc.preprocess.api api.py:679: Preprocess step done: id=labels.encode index=0 duration_s=0.008 train_data=1.1 KB test_data=384 B
2026-02-02 17:06:07,691 DEBUG modssc.preprocess.api api.py:521: Preprocess step start: id=core.ensure_2d index=1 kind=transform params={}
2026-02-02 17:06:07,693 DEBUG modssc.preprocess.api api.py:605: Preprocess step train outputs: id=core.ensure_2d keys=['features.X'] duration_s=0.002
2026-02-02 17:06:07,694 DEBUG modssc.preprocess.api api.py:654: Preprocess step test outputs: id=core.ensure_2d keys=['features.X']
2026-02-02 17:06:07,694 INFO modssc.preprocess.api api.py:679: Preprocess step done: id=core.ensure_2d index=1 duration_s=0.003 train_data=1.1 KB test_data=384 B
2026-02-02 17:06:07,694 DEBUG modssc.preprocess.api api.py:521: Preprocess step start: id=core.pca index=2 kind=fittable params={'n_components': 30}
2026-02-02 17:06:07,696 DEBUG modssc.preprocess.api api.py:605: Preprocess step train outputs: id=core.pca keys=['features.X'] duration_s=0.002
2026-02-02 17:06:07,697 DEBUG modssc.preprocess.api api.py:654: Preprocess step test outputs: id=core.pca keys=['features.X']
2026-02-02 17:06:07,697 INFO modssc.preprocess.api api.py:679: Preprocess step done: id=core.pca index=2 duration_s=0.003 train_data=1.1 KB test_data=384 B
2026-02-02 17:06:07,697 DEBUG modssc.preprocess.api api.py:521: Preprocess step start: id=core.to_numpy index=3 kind=transform params={}
2026-02-02 17:06:07,698 DEBUG modssc.preprocess.api api.py:605: Preprocess step train outputs: id=core.to_numpy keys=['features.X'] duration_s=0.001
2026-02-02 17:06:07,699 DEBUG modssc.preprocess.api api.py:654: Preprocess step test outputs: id=core.to_numpy keys=['features.X']
2026-02-02 17:06:07,699 INFO modssc.preprocess.api api.py:679: Preprocess step done: id=core.to_numpy index=3 duration_s=0.002 train_data=1.1 KB test_data=384 B
2026-02-02 17:06:07,699 INFO modssc.preprocess.api api.py:730: Preprocess done: dataset_fp=e0c01c98d61086d3a0f9eed4436f4ecf49dcaace00195bf10f825786b9b12b89 duration_s=0.017 train_X=(48, 4) test_X=(16, 4)
2026-02-02 17:06:07,699 INFO bench.orchestrators.preprocess preprocess.py:124: Preprocess result: fingerprint=preprocess:a4b302dcd398bdcf28f4f8764cdf7bc00b34c334059f8e7e116b0f68f026bbe5 plan_fingerprint=resolved_plan:482a0984f51742ea5d9dbcc35f660359eaee028ed4420e88d582a288bf1fe3f8 cache_dir=/nfs/home/mbarbaux/ModSSC/cache/preprocess/e0c01c98d61086d3a0f9eed4436f4ecf49dcaace00195bf10f825786b9b12b89 skipped=[]
2026-02-02 17:06:07,699 DEBUG bench.orchestrators.preprocess preprocess.py:131: Preprocess output shapes: train_X=(48, 4) test_X=(16, 4)
2026-02-02 17:06:07,699 INFO bench.orchestrators.preprocess preprocess.py:136: Preprocess stage done: duration_s=0.017
2026-02-02 17:06:07,699 INFO bench.orchestrators.graph graph.py:67: Graph start: include_test=True cache=True
2026-02-02 17:06:07,699 DEBUG bench.orchestrators.graph graph.py:72: Graph spec: scheme=knn metric=cosine k=15 radius=None backend=numpy feature_field=features.X seed=1
2026-02-02 17:06:07,699 DEBUG bench.orchestrators.graph graph.py:89: Graph features: shape=(64, 4)
2026-02-02 17:06:07,701 INFO modssc.graph.construction.api api.py:111: Graph cached: fingerprint=59a2790db7647357857ea9b695d8e62bee1a7755da35ef78b76f48c747828133 n_nodes=64 n_edges=880 duration_s=0.001
2026-02-02 17:06:07,701 INFO bench.orchestrators.graph graph.py:100: Graph built: fingerprint=59a2790db7647357857ea9b695d8e62bee1a7755da35ef78b76f48c747828133 n_nodes=64 n_edges=880 duration_s=0.001
2026-02-02 17:06:07,701 INFO bench.orchestrators.method_transductive method_transductive.py:139: Transductive method start: id=graphsage seed=398591604 device=auto resolved_device=cuda use_test=True
2026-02-02 17:06:07,701 DEBUG bench.orchestrators.method_transductive method_transductive.py:147: Transductive method params: {'hidden_dim': 32, 'dropout': 0.5, 'lr': 0.01, 'weight_decay': 0.0005, 'max_epochs': 200, 'patience': 50, 'add_self_loops': False}
2026-02-02 17:06:07,701 INFO bench.orchestrators.method_transductive method_transductive.py:158: Transductive data: n_nodes=64 n_train=48 n_test=16
2026-02-02 17:06:07,701 INFO bench.orchestrators.method_transductive method_transductive.py:177: Transductive masks: labeled_count=9 train_count=43
2026-02-02 17:06:07,701 INFO modssc.transductive.methods.gnn.graphsage graphsage.py:80: Starting graphsage.fit
2026-02-02 17:06:07,701 DEBUG modssc.transductive.methods.gnn.graphsage graphsage.py:81: spec=GraphSAGESpec(hidden_dim=32, dropout=0.5, lr=0.01, weight_decay=0.0005, max_epochs=200, patience=50, add_self_loops=False) device=cuda seed=398591604
2026-02-02 17:06:07,858 INFO modssc.transductive.methods.gnn.graphsage graphsage.py:93: GraphSAGE sizes: n_nodes=64 n_classes=3 train=9 val=5
2026-02-02 17:06:08,820 DEBUG modssc.transductive.methods.gnn.common common.py:373: train_fullbatch epoch=0 val_loss=1.0707 best updated
2026-02-02 17:06:08,823 DEBUG modssc.transductive.methods.gnn.common common.py:380: train_fullbatch epoch=1 val_loss=1.1135 bad_epochs=1/50
2026-02-02 17:06:08,824 DEBUG modssc.transductive.methods.gnn.common common.py:380: train_fullbatch epoch=2 val_loss=1.1552 bad_epochs=2/50
2026-02-02 17:06:08,826 DEBUG modssc.transductive.methods.gnn.common common.py:380: train_fullbatch epoch=3 val_loss=1.1871 bad_epochs=3/50
2026-02-02 17:06:08,827 DEBUG modssc.transductive.methods.gnn.common common.py:380: train_fullbatch epoch=4 val_loss=1.2268 bad_epochs=4/50
2026-02-02 17:06:08,828 DEBUG modssc.transductive.methods.gnn.common common.py:380: train_fullbatch epoch=5 val_loss=1.2742 bad_epochs=5/50
2026-02-02 17:06:08,830 DEBUG modssc.transductive.methods.gnn.common common.py:380: train_fullbatch epoch=6 val_loss=1.3289 bad_epochs=6/50
2026-02-02 17:06:08,831 DEBUG modssc.transductive.methods.gnn.common common.py:380: train_fullbatch epoch=7 val_loss=1.3814 bad_epochs=7/50
2026-02-02 17:06:08,833 DEBUG modssc.transductive.methods.gnn.common common.py:380: train_fullbatch epoch=8 val_loss=1.4337 bad_epochs=8/50
2026-02-02 17:06:08,834 DEBUG modssc.transductive.methods.gnn.common common.py:380: train_fullbatch epoch=9 val_loss=1.4850 bad_epochs=9/50
2026-02-02 17:06:08,835 DEBUG modssc.transductive.methods.gnn.common common.py:380: train_fullbatch epoch=10 val_loss=1.5383 bad_epochs=10/50
2026-02-02 17:06:08,837 DEBUG modssc.transductive.methods.gnn.common common.py:380: train_fullbatch epoch=11 val_loss=1.5935 bad_epochs=11/50
2026-02-02 17:06:08,838 DEBUG modssc.transductive.methods.gnn.common common.py:380: train_fullbatch epoch=12 val_loss=1.6518 bad_epochs=12/50
2026-02-02 17:06:08,840 DEBUG modssc.transductive.methods.gnn.common common.py:380: train_fullbatch epoch=13 val_loss=1.7109 bad_epochs=13/50
2026-02-02 17:06:08,841 DEBUG modssc.transductive.methods.gnn.common common.py:380: train_fullbatch epoch=14 val_loss=1.7806 bad_epochs=14/50
2026-02-02 17:06:08,842 DEBUG modssc.transductive.methods.gnn.common common.py:380: train_fullbatch epoch=15 val_loss=1.8494 bad_epochs=15/50
2026-02-02 17:06:08,844 DEBUG modssc.transductive.methods.gnn.common common.py:380: train_fullbatch epoch=16 val_loss=1.9286 bad_epochs=16/50
2026-02-02 17:06:08,845 DEBUG modssc.transductive.methods.gnn.common common.py:380: train_fullbatch epoch=17 val_loss=2.0030 bad_epochs=17/50
2026-02-02 17:06:08,846 DEBUG modssc.transductive.methods.gnn.common common.py:380: train_fullbatch epoch=18 val_loss=2.0671 bad_epochs=18/50
2026-02-02 17:06:08,848 DEBUG modssc.transductive.methods.gnn.common common.py:380: train_fullbatch epoch=19 val_loss=2.1275 bad_epochs=19/50
2026-02-02 17:06:08,849 DEBUG modssc.transductive.methods.gnn.common common.py:380: train_fullbatch epoch=20 val_loss=2.1785 bad_epochs=20/50
2026-02-02 17:06:08,850 DEBUG modssc.transductive.methods.gnn.common common.py:380: train_fullbatch epoch=21 val_loss=2.2387 bad_epochs=21/50
2026-02-02 17:06:08,852 DEBUG modssc.transductive.methods.gnn.common common.py:380: train_fullbatch epoch=22 val_loss=2.3089 bad_epochs=22/50
2026-02-02 17:06:08,853 DEBUG modssc.transductive.methods.gnn.common common.py:380: train_fullbatch epoch=23 val_loss=2.3727 bad_epochs=23/50
2026-02-02 17:06:08,854 DEBUG modssc.transductive.methods.gnn.common common.py:380: train_fullbatch epoch=24 val_loss=2.4341 bad_epochs=24/50
2026-02-02 17:06:08,856 DEBUG modssc.transductive.methods.gnn.common common.py:380: train_fullbatch epoch=25 val_loss=2.5192 bad_epochs=25/50
2026-02-02 17:06:08,857 DEBUG modssc.transductive.methods.gnn.common common.py:380: train_fullbatch epoch=26 val_loss=2.5964 bad_epochs=26/50
2026-02-02 17:06:08,858 DEBUG modssc.transductive.methods.gnn.common common.py:380: train_fullbatch epoch=27 val_loss=2.6831 bad_epochs=27/50
2026-02-02 17:06:08,860 DEBUG modssc.transductive.methods.gnn.common common.py:380: train_fullbatch epoch=28 val_loss=2.7517 bad_epochs=28/50
2026-02-02 17:06:08,861 DEBUG modssc.transductive.methods.gnn.common common.py:380: train_fullbatch epoch=29 val_loss=2.8217 bad_epochs=29/50
2026-02-02 17:06:08,863 DEBUG modssc.transductive.methods.gnn.common common.py:380: train_fullbatch epoch=30 val_loss=2.8919 bad_epochs=30/50
2026-02-02 17:06:08,864 DEBUG modssc.transductive.methods.gnn.common common.py:380: train_fullbatch epoch=31 val_loss=2.9342 bad_epochs=31/50
2026-02-02 17:06:08,865 DEBUG modssc.transductive.methods.gnn.common common.py:380: train_fullbatch epoch=32 val_loss=2.9821 bad_epochs=32/50
2026-02-02 17:06:08,867 DEBUG modssc.transductive.methods.gnn.common common.py:380: train_fullbatch epoch=33 val_loss=3.0291 bad_epochs=33/50
2026-02-02 17:06:08,868 DEBUG modssc.transductive.methods.gnn.common common.py:380: train_fullbatch epoch=34 val_loss=3.0823 bad_epochs=34/50
2026-02-02 17:06:08,869 DEBUG modssc.transductive.methods.gnn.common common.py:380: train_fullbatch epoch=35 val_loss=3.1373 bad_epochs=35/50
2026-02-02 17:06:08,871 DEBUG modssc.transductive.methods.gnn.common common.py:380: train_fullbatch epoch=36 val_loss=3.1865 bad_epochs=36/50
2026-02-02 17:06:08,872 DEBUG modssc.transductive.methods.gnn.common common.py:380: train_fullbatch epoch=37 val_loss=3.2401 bad_epochs=37/50
2026-02-02 17:06:08,873 DEBUG modssc.transductive.methods.gnn.common common.py:380: train_fullbatch epoch=38 val_loss=3.2874 bad_epochs=38/50
2026-02-02 17:06:08,875 DEBUG modssc.transductive.methods.gnn.common common.py:380: train_fullbatch epoch=39 val_loss=3.3453 bad_epochs=39/50
2026-02-02 17:06:08,876 DEBUG modssc.transductive.methods.gnn.common common.py:380: train_fullbatch epoch=40 val_loss=3.3797 bad_epochs=40/50
2026-02-02 17:06:08,877 DEBUG modssc.transductive.methods.gnn.common common.py:380: train_fullbatch epoch=41 val_loss=3.4149 bad_epochs=41/50
2026-02-02 17:06:08,879 DEBUG modssc.transductive.methods.gnn.common common.py:380: train_fullbatch epoch=42 val_loss=3.4661 bad_epochs=42/50
2026-02-02 17:06:08,880 DEBUG modssc.transductive.methods.gnn.common common.py:380: train_fullbatch epoch=43 val_loss=3.5085 bad_epochs=43/50
2026-02-02 17:06:08,881 DEBUG modssc.transductive.methods.gnn.common common.py:380: train_fullbatch epoch=44 val_loss=3.5428 bad_epochs=44/50
2026-02-02 17:06:08,883 DEBUG modssc.transductive.methods.gnn.common common.py:380: train_fullbatch epoch=45 val_loss=3.5763 bad_epochs=45/50
2026-02-02 17:06:08,884 DEBUG modssc.transductive.methods.gnn.common common.py:380: train_fullbatch epoch=46 val_loss=3.5924 bad_epochs=46/50
2026-02-02 17:06:08,885 DEBUG modssc.transductive.methods.gnn.common common.py:380: train_fullbatch epoch=47 val_loss=3.6169 bad_epochs=47/50
2026-02-02 17:06:08,887 DEBUG modssc.transductive.methods.gnn.common common.py:380: train_fullbatch epoch=48 val_loss=3.6296 bad_epochs=48/50
2026-02-02 17:06:08,888 DEBUG modssc.transductive.methods.gnn.common common.py:380: train_fullbatch epoch=49 val_loss=3.6446 bad_epochs=49/50
2026-02-02 17:06:08,890 DEBUG modssc.transductive.methods.gnn.common common.py:380: train_fullbatch epoch=50 val_loss=3.6741 bad_epochs=50/50
2026-02-02 17:06:08,890 DEBUG modssc.transductive.methods.gnn.common common.py:388: train_fullbatch early_stop epoch=50 best_epoch=0 best_val_loss=1.0707
2026-02-02 17:06:08,890 DEBUG modssc.transductive.methods.gnn.common common.py:399: train_fullbatch done n_epochs=51 best_epoch=0 best_val_loss=1.0706758499145508
2026-02-02 17:06:08,890 INFO modssc.transductive.methods.gnn.graphsage graphsage.py:122: Finished graphsage.fit in 1.189s
2026-02-02 17:06:08,890 INFO bench.orchestrators.method_transductive method_transductive.py:218: Transductive method done: id=graphsage duration_s=1.189
2026-02-02 17:06:08,890 INFO bench.orchestrators.evaluation evaluation.py:244: Evaluation (transductive): splits=['val', 'test'] metrics=['accuracy', 'macro_f1']
2026-02-02 17:06:08,891 INFO bench.orchestrators.evaluation evaluation.py:263: Evaluation (transductive) done: duration_s=0.001
2026-02-02 17:06:08,893 INFO bench.orchestrators.reporting reporting.py:54: Run summary written: /nfs/home/mbarbaux/ModSSC/runs/transductive/graphsage/tabular/toy/best_tabular_transductive_graphsage_toy-20260202T160607Z/run.json status=success duration_s=0.002
