2026-02-02 15:06:25,626 INFO bench.orchestrators.dataset dataset.py:36: Dataset start: id=cora download=True cache_dir=None
2026-02-02 15:06:25,626 DEBUG bench.orchestrators.dataset dataset.py:42: Dataset options: []
2026-02-02 15:06:25,629 DEBUG modssc.data_loader.providers __init__.py:38: Creating provider: pyg
2026-02-02 15:06:25,629 DEBUG modssc.data_loader.api api.py:316: Resolved dataset id=cora provider=pyg canonical_uri=pyg:Planetoid/Cora
2026-02-02 15:06:25,629 INFO modssc.data_loader.api api.py:117: Dataset load: id=cora provider=pyg version=None fingerprint=2919521af8679a8c84658219f16403f74aa1bfc03b19b6a08eb2565299400728 download=True force=False cache_dir=/nfs/home/mbarbaux/ModSSC/cache/datasets
2026-02-02 15:06:25,629 DEBUG modssc.data_loader.api api.py:127: Dataset resolved_kwargs: {'dataset_class': 'Planetoid', 'dataset_kwargs': {'name': 'Cora'}}
2026-02-02 15:06:25,634 DEBUG modssc.data_loader.api api.py:403: Loaded cached dataset: fingerprint=2919521af8679a8c84658219f16403f74aa1bfc03b19b6a08eb2565299400728
2026-02-02 15:06:25,634 INFO modssc.data_loader.api api.py:133: Dataset cached: id=cora train=2708 test=None n_classes=7 duration_s=0.008
2026-02-02 15:06:25,634 INFO bench.orchestrators.dataset dataset.py:54: Dataset loaded: train=2708 test=None graph=True fingerprint=2919521af8679a8c84658219f16403f74aa1bfc03b19b6a08eb2565299400728 provider=pyg
2026-02-02 15:06:25,634 INFO bench.orchestrators.dataset dataset.py:62: Dataset stage done: duration_s=0.008
2026-02-02 15:06:25,677 INFO bench.orchestrators.sampling sampling.py:86: Sampling start: seed=5 dataset_id=cora
2026-02-02 15:06:25,677 DEBUG bench.orchestrators.sampling sampling.py:87: Sampling plan: split={'kind': 'holdout', 'test_fraction': 0.2, 'val_fraction': 0.1, 'stratify': True, 'shuffle': True} labeling={'mode': 'fraction', 'value': 0.2, 'per_class': False, 'min_per_class': 1, 'strategy': 'balanced', 'fixed_indices': None} imbalance={'kind': 'none', 'apply_to': 'train', 'max_per_class': None, 'alpha': None, 'min_per_class': 1} policy={'respect_official_test': True, 'use_official_graph_masks': True, 'allow_override_official': False}
2026-02-02 15:06:25,678 DEBUG bench.orchestrators.sampling sampling.py:98: Sampling dataset_fingerprint=2919521af8679a8c84658219f16403f74aa1bfc03b19b6a08eb2565299400728
2026-02-02 15:06:25,678 INFO modssc.sampling.api api.py:99: Sampling start: dataset_id=cora dataset_fingerprint=2919521af8679a8c84658219f16403f74aa1bfc03b19b6a08eb2565299400728 seed=5 graph=True split=holdout
2026-02-02 15:06:25,678 DEBUG modssc.sampling.api api.py:107: Sampling plan: {'split': {'kind': 'holdout', 'test_fraction': 0.2, 'val_fraction': 0.1, 'stratify': True, 'shuffle': True}, 'labeling': {'mode': 'fraction', 'value': 0.2, 'per_class': False, 'min_per_class': 1, 'strategy': 'balanced', 'fixed_indices': None}, 'imbalance': {'kind': 'none', 'apply_to': 'train', 'max_per_class': None, 'alpha': None, 'min_per_class': 1}, 'policy': {'respect_official_test': True, 'use_official_graph_masks': True, 'allow_override_official': False}}
2026-02-02 15:06:25,689 INFO modssc.sampling.api api.py:141: Sampling done: train=140 val=500 test=1000 labeled=28 unlabeled=112 duration_s=0.011
2026-02-02 15:06:25,689 DEBUG modssc.sampling.api api.py:150: Sampling stats: {'nodes': 2708, 'train': 140, 'val': 500, 'test': 1000, 'labeled': 28, 'unlabeled': 112, 'labeled_class_dist': {'n': 28, 'classes': {'0': 4, '1': 4, '2': 4, '3': 4, '4': 4, '5': 4, '6': 4}}}
2026-02-02 15:06:25,689 INFO bench.orchestrators.sampling sampling.py:123: Sampling result: train=140 val=500 test=1000 labeled=28 unlabeled=112 graph=True
2026-02-02 15:06:25,689 DEBUG bench.orchestrators.sampling sampling.py:132: Sampling stats: {'nodes': 2708, 'train': 140, 'val': 500, 'test': 1000, 'labeled': 28, 'unlabeled': 112, 'labeled_class_dist': {'n': 28, 'classes': {'0': 4, '1': 4, '2': 4, '3': 4, '4': 4, '5': 4, '6': 4}}}
2026-02-02 15:06:25,689 INFO bench.orchestrators.sampling sampling.py:133: Sampling stage done: duration_s=0.012
Inductive method on graph dataset; converting graph masks to indices.
2026-02-02 15:06:25,689 INFO bench.orchestrators.preprocess preprocess.py:105: Preprocess start: seed=5 cache=True n_steps=4 fit_indices=28
2026-02-02 15:06:25,689 DEBUG bench.orchestrators.preprocess preprocess.py:112: Preprocess plan: output_key=features.X steps=['labels.encode', 'labels.to_torch', 'graph.sparse_adjacency', 'core.to_torch']
2026-02-02 15:06:25,689 INFO modssc.preprocess.api api.py:490: Preprocess start: dataset_fp=2919521af8679a8c84658219f16403f74aa1bfc03b19b6a08eb2565299400728 steps=['labels.encode', 'labels.to_torch', 'graph.sparse_adjacency', 'core.to_torch'] output_key=features.X seed=5 cache=True
2026-02-02 15:06:25,689 DEBUG modssc.preprocess.api api.py:498: Preprocess input shapes: train_X=(2708, 1433) train_y=(2708,) test_X=None test_y=None
2026-02-02 15:06:25,689 INFO modssc.preprocess.api api.py:505: Preprocess input size: train_data=15.0 MB test_data=n/a
2026-02-02 15:06:25,689 DEBUG modssc.preprocess.api api.py:521: Preprocess step start: id=labels.encode index=0 kind=transform params={}
2026-02-02 15:06:25,692 DEBUG modssc.preprocess.api api.py:605: Preprocess step train outputs: id=labels.encode keys=['labels.classes', 'labels.y'] duration_s=0.002
2026-02-02 15:06:25,692 INFO modssc.preprocess.api api.py:679: Preprocess step done: id=labels.encode index=0 duration_s=0.003 train_data=15.0 MB test_data=n/a
2026-02-02 15:06:25,692 DEBUG modssc.preprocess.api api.py:521: Preprocess step start: id=labels.to_torch index=1 kind=transform params={'device': 'auto', 'dtype': 'int64'}
2026-02-02 15:06:25,782 DEBUG modssc.preprocess.api api.py:605: Preprocess step train outputs: id=labels.to_torch keys=['labels.y'] duration_s=0.090
2026-02-02 15:06:25,782 INFO modssc.preprocess.api api.py:267: Preprocess GPU device: device=cuda:0 model=NVIDIA L40
2026-02-02 15:06:25,782 INFO modssc.preprocess.api api.py:679: Preprocess step done: id=labels.to_torch index=1 duration_s=0.090 train_data=15.0 MB test_data=n/a
2026-02-02 15:06:25,782 DEBUG modssc.preprocess.api api.py:521: Preprocess step start: id=graph.sparse_adjacency index=2 kind=transform params={'max_nodes': 20000, 'batch_size': 32, 'embed_epochs': 5, 'embed_lr': 0.01, 'undirected': True, 'device': 'auto'}
2026-02-02 15:06:25,784 WARNING modssc.preprocess.api api.py:575: Preprocess cache miss for graph.sparse_adjacency (train): Incomplete cached outputs for step 'graph.sparse_adjacency' (train)
2026-02-02 15:06:25,786 DEBUG modssc.preprocess.api api.py:605: Preprocess step train outputs: id=graph.sparse_adjacency keys=['features.X'] duration_s=0.003
2026-02-02 15:06:25,786 INFO modssc.preprocess.api api.py:679: Preprocess step done: id=graph.sparse_adjacency index=2 duration_s=0.003 train_data=15.2 MB test_data=n/a
2026-02-02 15:06:25,786 DEBUG modssc.preprocess.api api.py:521: Preprocess step start: id=core.to_torch index=3 kind=transform params={'device': 'auto', 'dtype': 'float32'}
2026-02-02 15:06:25,787 WARNING modssc.preprocess.api api.py:575: Preprocess cache miss for core.to_torch (train): Incomplete cached outputs for step 'core.to_torch' (train)
2026-02-02 15:06:25,789 DEBUG modssc.preprocess.api api.py:605: Preprocess step train outputs: id=core.to_torch keys=['features.X'] duration_s=0.003
2026-02-02 15:06:25,789 INFO modssc.preprocess.api api.py:679: Preprocess step done: id=core.to_torch index=3 duration_s=0.003 train_data=15.2 MB test_data=n/a
2026-02-02 15:06:25,789 INFO modssc.preprocess.api api.py:730: Preprocess done: dataset_fp=2919521af8679a8c84658219f16403f74aa1bfc03b19b6a08eb2565299400728 duration_s=0.100 train_X=None test_X=None
2026-02-02 15:06:25,789 INFO bench.orchestrators.preprocess preprocess.py:124: Preprocess result: fingerprint=preprocess:169265f8bd8d4cf86a27523c10e74ddb6b072ed41e8057863440cf0ebfa9b6d2 plan_fingerprint=resolved_plan:95213a523f045acfbe48296ceac122bc48b9fd73dbd5843390244a44a4946c42 cache_dir=/nfs/home/mbarbaux/ModSSC/cache/preprocess/2919521af8679a8c84658219f16403f74aa1bfc03b19b6a08eb2565299400728 skipped=[]
2026-02-02 15:06:25,789 DEBUG bench.orchestrators.preprocess preprocess.py:131: Preprocess output shapes: train_X=None test_X=None
2026-02-02 15:06:25,789 INFO bench.orchestrators.preprocess preprocess.py:136: Preprocess stage done: duration_s=0.100
2026-02-02 15:06:28,075 INFO bench.orchestrators.augmentation augmentation.py:66: Augmentation start: mode=fixed modality=tabular seed=5 n_samples=112 strong_views=1
2026-02-02 15:06:28,075 DEBUG bench.orchestrators.augmentation augmentation.py:74: Augmentation steps: weak=['tabular.gaussian_noise'] strong=['tabular.feature_dropout']
2026-02-02 15:06:28,102 INFO bench.orchestrators.augmentation augmentation.py:191: Augmentation done: duration_s=0.028
2026-02-02 15:06:28,102 DEBUG bench.orchestrators.augmentation augmentation.py:192: Augmentation output shapes: weak=(112, 1433) strong=(112, 1433) strong_1=None
2026-02-02 15:06:28,103 INFO bench.orchestrators.method_inductive method_inductive.py:441: Inductive method start: id=daso seed=3274374610 device=auto dtype=float32 model=graphsage_inductive
2026-02-02 15:06:28,103 DEBUG bench.orchestrators.method_inductive method_inductive.py:470: Inductive method params: {'lambda_u': 1.0, 'lambda_align': 1.0, 'p_cutoff': 0.95, 't_proto': 0.05, 't_dist': 1.5, 'queue_size': 256, 'pretrain_steps': 5000, 'dist_update_period': 100, 'ema_decay': 0.999, 'use_ema': True, 'dist_aware': True, 'interp_alpha': 0.5, 'hard_label': True, 'use_cat': False, 'batch_size': 128, 'max_epochs': 50, 'detach_target': True}
2026-02-02 15:06:28,103 INFO bench.orchestrators.method_inductive method_inductive.py:476: Inductive method data: n_labeled=28 n_unlabeled=112
2026-02-02 15:06:28,139 INFO modssc.inductive.methods.daso daso.py:218: Starting daso.fit
2026-02-02 15:06:28,139 DEBUG modssc.inductive.methods.daso daso.py:219: params lambda_u=1.0 lambda_align=1.0 p_cutoff=0.95 t_proto=0.05 t_dist=1.5 queue_size=256 pretrain_steps=5000 dist_update_period=100 ema_decay=0.999 use_ema=True dist_aware=True interp_alpha=0.5 hard_label=True use_cat=False batch_size=128 max_epochs=50 detach_target=True has_model_bundle=True device=DeviceSpec(device='auto', dtype='float32') seed=3274374610
2026-02-02 15:06:28,139 INFO modssc.inductive.methods.daso daso.py:262: DASO sizes: n_labeled=28 n_unlabeled=112
2026-02-02 15:06:28,267 DEBUG modssc.inductive.methods.daso daso.py:504: DASO epoch=0 pretrain=True mask_mean=0.000 sup_loss=1.9433 unsup_loss=0.0000 align_loss=0.0000
2026-02-02 15:06:28,329 DEBUG modssc.inductive.methods.daso daso.py:504: DASO epoch=1 pretrain=True mask_mean=0.000 sup_loss=1.9037 unsup_loss=0.0000 align_loss=0.0000
2026-02-02 15:06:28,333 DEBUG modssc.inductive.methods.daso daso.py:504: DASO epoch=2 pretrain=True mask_mean=0.000 sup_loss=1.8677 unsup_loss=0.0000 align_loss=0.0000
2026-02-02 15:06:28,337 DEBUG modssc.inductive.methods.daso daso.py:504: DASO epoch=3 pretrain=True mask_mean=0.000 sup_loss=1.8357 unsup_loss=0.0000 align_loss=0.0000
2026-02-02 15:06:28,341 DEBUG modssc.inductive.methods.daso daso.py:504: DASO epoch=4 pretrain=True mask_mean=0.000 sup_loss=1.8036 unsup_loss=0.0000 align_loss=0.0000
2026-02-02 15:06:28,345 DEBUG modssc.inductive.methods.daso daso.py:504: DASO epoch=5 pretrain=True mask_mean=0.000 sup_loss=1.7669 unsup_loss=0.0000 align_loss=0.0000
2026-02-02 15:06:28,349 DEBUG modssc.inductive.methods.daso daso.py:504: DASO epoch=6 pretrain=True mask_mean=0.000 sup_loss=1.7362 unsup_loss=0.0000 align_loss=0.0000
2026-02-02 15:06:28,353 DEBUG modssc.inductive.methods.daso daso.py:504: DASO epoch=7 pretrain=True mask_mean=0.000 sup_loss=1.6996 unsup_loss=0.0000 align_loss=0.0000
2026-02-02 15:06:28,357 DEBUG modssc.inductive.methods.daso daso.py:504: DASO epoch=8 pretrain=True mask_mean=0.000 sup_loss=1.6638 unsup_loss=0.0000 align_loss=0.0000
2026-02-02 15:06:28,361 DEBUG modssc.inductive.methods.daso daso.py:504: DASO epoch=9 pretrain=True mask_mean=0.000 sup_loss=1.6308 unsup_loss=0.0000 align_loss=0.0000
2026-02-02 15:06:28,365 DEBUG modssc.inductive.methods.daso daso.py:504: DASO epoch=10 pretrain=True mask_mean=0.000 sup_loss=1.6024 unsup_loss=0.0000 align_loss=0.0000
2026-02-02 15:06:28,369 DEBUG modssc.inductive.methods.daso daso.py:504: DASO epoch=11 pretrain=True mask_mean=0.000 sup_loss=1.5439 unsup_loss=0.0000 align_loss=0.0000
2026-02-02 15:06:28,373 DEBUG modssc.inductive.methods.daso daso.py:504: DASO epoch=12 pretrain=True mask_mean=0.000 sup_loss=1.5050 unsup_loss=0.0000 align_loss=0.0000
2026-02-02 15:06:28,376 DEBUG modssc.inductive.methods.daso daso.py:504: DASO epoch=13 pretrain=True mask_mean=0.000 sup_loss=1.4771 unsup_loss=0.0000 align_loss=0.0000
2026-02-02 15:06:28,380 DEBUG modssc.inductive.methods.daso daso.py:504: DASO epoch=14 pretrain=True mask_mean=0.000 sup_loss=1.4294 unsup_loss=0.0000 align_loss=0.0000
2026-02-02 15:06:28,384 DEBUG modssc.inductive.methods.daso daso.py:504: DASO epoch=15 pretrain=True mask_mean=0.000 sup_loss=1.3879 unsup_loss=0.0000 align_loss=0.0000
2026-02-02 15:06:28,388 DEBUG modssc.inductive.methods.daso daso.py:504: DASO epoch=16 pretrain=True mask_mean=0.000 sup_loss=1.3322 unsup_loss=0.0000 align_loss=0.0000
2026-02-02 15:06:28,392 DEBUG modssc.inductive.methods.daso daso.py:504: DASO epoch=17 pretrain=True mask_mean=0.000 sup_loss=1.3008 unsup_loss=0.0000 align_loss=0.0000
2026-02-02 15:06:28,396 DEBUG modssc.inductive.methods.daso daso.py:504: DASO epoch=18 pretrain=True mask_mean=0.000 sup_loss=1.2352 unsup_loss=0.0000 align_loss=0.0000
2026-02-02 15:06:28,400 DEBUG modssc.inductive.methods.daso daso.py:504: DASO epoch=19 pretrain=True mask_mean=0.000 sup_loss=1.1862 unsup_loss=0.0000 align_loss=0.0000
2026-02-02 15:06:28,404 DEBUG modssc.inductive.methods.daso daso.py:504: DASO epoch=20 pretrain=True mask_mean=0.000 sup_loss=1.1429 unsup_loss=0.0000 align_loss=0.0000
2026-02-02 15:06:28,408 DEBUG modssc.inductive.methods.daso daso.py:504: DASO epoch=21 pretrain=True mask_mean=0.000 sup_loss=1.1102 unsup_loss=0.0000 align_loss=0.0000
2026-02-02 15:06:28,412 DEBUG modssc.inductive.methods.daso daso.py:504: DASO epoch=22 pretrain=True mask_mean=0.000 sup_loss=1.0355 unsup_loss=0.0000 align_loss=0.0000
2026-02-02 15:06:28,415 DEBUG modssc.inductive.methods.daso daso.py:504: DASO epoch=23 pretrain=True mask_mean=0.000 sup_loss=0.9801 unsup_loss=0.0000 align_loss=0.0000
2026-02-02 15:06:28,419 DEBUG modssc.inductive.methods.daso daso.py:504: DASO epoch=24 pretrain=True mask_mean=0.000 sup_loss=0.9271 unsup_loss=0.0000 align_loss=0.0000
2026-02-02 15:06:28,423 DEBUG modssc.inductive.methods.daso daso.py:504: DASO epoch=25 pretrain=True mask_mean=0.000 sup_loss=0.8920 unsup_loss=0.0000 align_loss=0.0000
2026-02-02 15:06:28,427 DEBUG modssc.inductive.methods.daso daso.py:504: DASO epoch=26 pretrain=True mask_mean=0.000 sup_loss=0.8280 unsup_loss=0.0000 align_loss=0.0000
2026-02-02 15:06:28,431 DEBUG modssc.inductive.methods.daso daso.py:504: DASO epoch=27 pretrain=True mask_mean=0.000 sup_loss=0.7944 unsup_loss=0.0000 align_loss=0.0000
2026-02-02 15:06:28,435 DEBUG modssc.inductive.methods.daso daso.py:504: DASO epoch=28 pretrain=True mask_mean=0.000 sup_loss=0.7263 unsup_loss=0.0000 align_loss=0.0000
2026-02-02 15:06:28,439 DEBUG modssc.inductive.methods.daso daso.py:504: DASO epoch=29 pretrain=True mask_mean=0.000 sup_loss=0.6784 unsup_loss=0.0000 align_loss=0.0000
2026-02-02 15:06:28,443 DEBUG modssc.inductive.methods.daso daso.py:504: DASO epoch=30 pretrain=True mask_mean=0.000 sup_loss=0.6352 unsup_loss=0.0000 align_loss=0.0000
2026-02-02 15:06:28,447 DEBUG modssc.inductive.methods.daso daso.py:504: DASO epoch=31 pretrain=True mask_mean=0.000 sup_loss=0.5874 unsup_loss=0.0000 align_loss=0.0000
2026-02-02 15:06:28,451 DEBUG modssc.inductive.methods.daso daso.py:504: DASO epoch=32 pretrain=True mask_mean=0.000 sup_loss=0.5453 unsup_loss=0.0000 align_loss=0.0000
2026-02-02 15:06:28,454 DEBUG modssc.inductive.methods.daso daso.py:504: DASO epoch=33 pretrain=True mask_mean=0.000 sup_loss=0.5299 unsup_loss=0.0000 align_loss=0.0000
2026-02-02 15:06:28,458 DEBUG modssc.inductive.methods.daso daso.py:504: DASO epoch=34 pretrain=True mask_mean=0.000 sup_loss=0.4797 unsup_loss=0.0000 align_loss=0.0000
2026-02-02 15:06:28,462 DEBUG modssc.inductive.methods.daso daso.py:504: DASO epoch=35 pretrain=True mask_mean=0.000 sup_loss=0.4374 unsup_loss=0.0000 align_loss=0.0000
2026-02-02 15:06:28,466 DEBUG modssc.inductive.methods.daso daso.py:504: DASO epoch=36 pretrain=True mask_mean=0.000 sup_loss=0.4016 unsup_loss=0.0000 align_loss=0.0000
2026-02-02 15:06:28,470 DEBUG modssc.inductive.methods.daso daso.py:504: DASO epoch=37 pretrain=True mask_mean=0.000 sup_loss=0.4014 unsup_loss=0.0000 align_loss=0.0000
2026-02-02 15:06:28,474 DEBUG modssc.inductive.methods.daso daso.py:504: DASO epoch=38 pretrain=True mask_mean=0.000 sup_loss=0.3388 unsup_loss=0.0000 align_loss=0.0000
2026-02-02 15:06:28,478 DEBUG modssc.inductive.methods.daso daso.py:504: DASO epoch=39 pretrain=True mask_mean=0.000 sup_loss=0.3151 unsup_loss=0.0000 align_loss=0.0000
2026-02-02 15:06:28,482 DEBUG modssc.inductive.methods.daso daso.py:504: DASO epoch=40 pretrain=True mask_mean=0.000 sup_loss=0.3017 unsup_loss=0.0000 align_loss=0.0000
2026-02-02 15:06:28,486 DEBUG modssc.inductive.methods.daso daso.py:504: DASO epoch=41 pretrain=True mask_mean=0.000 sup_loss=0.2731 unsup_loss=0.0000 align_loss=0.0000
2026-02-02 15:06:28,489 DEBUG modssc.inductive.methods.daso daso.py:504: DASO epoch=42 pretrain=True mask_mean=0.000 sup_loss=0.2563 unsup_loss=0.0000 align_loss=0.0000
2026-02-02 15:06:28,493 DEBUG modssc.inductive.methods.daso daso.py:504: DASO epoch=43 pretrain=True mask_mean=0.000 sup_loss=0.2339 unsup_loss=0.0000 align_loss=0.0000
2026-02-02 15:06:28,497 DEBUG modssc.inductive.methods.daso daso.py:504: DASO epoch=44 pretrain=True mask_mean=0.000 sup_loss=0.2161 unsup_loss=0.0000 align_loss=0.0000
2026-02-02 15:06:28,501 DEBUG modssc.inductive.methods.daso daso.py:504: DASO epoch=45 pretrain=True mask_mean=0.000 sup_loss=0.2011 unsup_loss=0.0000 align_loss=0.0000
2026-02-02 15:06:28,505 DEBUG modssc.inductive.methods.daso daso.py:504: DASO epoch=46 pretrain=True mask_mean=0.000 sup_loss=0.1872 unsup_loss=0.0000 align_loss=0.0000
2026-02-02 15:06:28,509 DEBUG modssc.inductive.methods.daso daso.py:504: DASO epoch=47 pretrain=True mask_mean=0.000 sup_loss=0.1713 unsup_loss=0.0000 align_loss=0.0000
2026-02-02 15:06:28,513 DEBUG modssc.inductive.methods.daso daso.py:504: DASO epoch=48 pretrain=True mask_mean=0.000 sup_loss=0.1564 unsup_loss=0.0000 align_loss=0.0000
2026-02-02 15:06:28,517 DEBUG modssc.inductive.methods.daso daso.py:504: DASO epoch=49 pretrain=True mask_mean=0.000 sup_loss=0.1517 unsup_loss=0.0000 align_loss=0.0000
2026-02-02 15:06:28,518 INFO modssc.inductive.methods.daso daso.py:537: Finished daso.fit in 0.379s
2026-02-02 15:06:28,518 INFO bench.orchestrators.method_inductive method_inductive.py:550: Inductive method done: id=daso duration_s=0.416
2026-02-02 15:06:28,518 INFO bench.orchestrators.evaluation evaluation.py:189: Evaluation (inductive): splits=['val', 'test'] metrics=['accuracy', 'macro_f1']
2026-02-02 15:06:28,526 INFO bench.orchestrators.evaluation evaluation.py:231: Evaluation (inductive) done: duration_s=0.008
2026-02-02 15:06:28,527 INFO bench.orchestrators.reporting reporting.py:54: Run summary written: /nfs/home/mbarbaux/ModSSC/runs/inductive/daso/graph/cora/best_graph_inductive_daso_cora-20260202T140625Z/run.json status=success duration_s=0.001
