2026-02-02 15:19:49,509 INFO bench.orchestrators.dataset dataset.py:36: Dataset start: id=pubmed download=True cache_dir=None
2026-02-02 15:19:49,510 DEBUG bench.orchestrators.dataset dataset.py:42: Dataset options: []
2026-02-02 15:19:49,513 DEBUG modssc.data_loader.providers __init__.py:38: Creating provider: pyg
2026-02-02 15:19:49,513 DEBUG modssc.data_loader.api api.py:316: Resolved dataset id=pubmed provider=pyg canonical_uri=pyg:Planetoid/PubMed
2026-02-02 15:19:49,513 INFO modssc.data_loader.api api.py:117: Dataset load: id=pubmed provider=pyg version=None fingerprint=33662ee2dd9f5386a1eb7438c7e711640858805e93f8cee2bfe9beda2eb3499a download=True force=False cache_dir=/nfs/home/mbarbaux/ModSSC/cache/datasets
2026-02-02 15:19:49,513 DEBUG modssc.data_loader.api api.py:127: Dataset resolved_kwargs: {'dataset_class': 'Planetoid', 'dataset_kwargs': {'name': 'PubMed'}}
2026-02-02 15:19:49,524 DEBUG modssc.data_loader.api api.py:403: Loaded cached dataset: fingerprint=33662ee2dd9f5386a1eb7438c7e711640858805e93f8cee2bfe9beda2eb3499a
2026-02-02 15:19:49,524 INFO modssc.data_loader.api api.py:133: Dataset cached: id=pubmed train=19717 test=None n_classes=3 duration_s=0.014
2026-02-02 15:19:49,524 INFO bench.orchestrators.dataset dataset.py:54: Dataset loaded: train=19717 test=None graph=True fingerprint=33662ee2dd9f5386a1eb7438c7e711640858805e93f8cee2bfe9beda2eb3499a provider=pyg
2026-02-02 15:19:49,524 INFO bench.orchestrators.dataset dataset.py:62: Dataset stage done: duration_s=0.014
2026-02-02 15:19:49,568 INFO bench.orchestrators.sampling sampling.py:86: Sampling start: seed=5 dataset_id=pubmed
2026-02-02 15:19:49,568 DEBUG bench.orchestrators.sampling sampling.py:87: Sampling plan: split={'kind': 'holdout', 'test_fraction': 0.2, 'val_fraction': 0.1, 'stratify': True, 'shuffle': True} labeling={'mode': 'fraction', 'value': 0.2, 'per_class': False, 'min_per_class': 1, 'strategy': 'balanced', 'fixed_indices': None} imbalance={'kind': 'none', 'apply_to': 'train', 'max_per_class': None, 'alpha': None, 'min_per_class': 1} policy={'respect_official_test': True, 'use_official_graph_masks': True, 'allow_override_official': False}
2026-02-02 15:19:49,568 DEBUG bench.orchestrators.sampling sampling.py:98: Sampling dataset_fingerprint=33662ee2dd9f5386a1eb7438c7e711640858805e93f8cee2bfe9beda2eb3499a
2026-02-02 15:19:49,568 INFO modssc.sampling.api api.py:99: Sampling start: dataset_id=pubmed dataset_fingerprint=33662ee2dd9f5386a1eb7438c7e711640858805e93f8cee2bfe9beda2eb3499a seed=5 graph=True split=holdout
2026-02-02 15:19:49,568 DEBUG modssc.sampling.api api.py:107: Sampling plan: {'split': {'kind': 'holdout', 'test_fraction': 0.2, 'val_fraction': 0.1, 'stratify': True, 'shuffle': True}, 'labeling': {'mode': 'fraction', 'value': 0.2, 'per_class': False, 'min_per_class': 1, 'strategy': 'balanced', 'fixed_indices': None}, 'imbalance': {'kind': 'none', 'apply_to': 'train', 'max_per_class': None, 'alpha': None, 'min_per_class': 1}, 'policy': {'respect_official_test': True, 'use_official_graph_masks': True, 'allow_override_official': False}}
2026-02-02 15:19:49,580 INFO modssc.sampling.api api.py:141: Sampling done: train=60 val=500 test=1000 labeled=12 unlabeled=48 duration_s=0.012
2026-02-02 15:19:49,580 DEBUG modssc.sampling.api api.py:150: Sampling stats: {'nodes': 19717, 'train': 60, 'val': 500, 'test': 1000, 'labeled': 12, 'unlabeled': 48, 'labeled_class_dist': {'n': 12, 'classes': {'0': 4, '1': 4, '2': 4}}}
2026-02-02 15:19:49,580 INFO bench.orchestrators.sampling sampling.py:123: Sampling result: train=60 val=500 test=1000 labeled=12 unlabeled=48 graph=True
2026-02-02 15:19:49,580 DEBUG bench.orchestrators.sampling sampling.py:132: Sampling stats: {'nodes': 19717, 'train': 60, 'val': 500, 'test': 1000, 'labeled': 12, 'unlabeled': 48, 'labeled_class_dist': {'n': 12, 'classes': {'0': 4, '1': 4, '2': 4}}}
2026-02-02 15:19:49,580 INFO bench.orchestrators.sampling sampling.py:133: Sampling stage done: duration_s=0.012
Inductive method on graph dataset; converting graph masks to indices.
2026-02-02 15:19:49,580 INFO bench.orchestrators.preprocess preprocess.py:105: Preprocess start: seed=5 cache=True n_steps=4 fit_indices=12
2026-02-02 15:19:49,580 DEBUG bench.orchestrators.preprocess preprocess.py:112: Preprocess plan: output_key=features.X steps=['labels.encode', 'labels.to_torch', 'graph.sparse_adjacency', 'core.to_torch']
2026-02-02 15:19:49,580 INFO modssc.preprocess.api api.py:490: Preprocess start: dataset_fp=33662ee2dd9f5386a1eb7438c7e711640858805e93f8cee2bfe9beda2eb3499a steps=['labels.encode', 'labels.to_torch', 'graph.sparse_adjacency', 'core.to_torch'] output_key=features.X seed=5 cache=True
2026-02-02 15:19:49,580 DEBUG modssc.preprocess.api api.py:498: Preprocess input shapes: train_X=(19717, 500) train_y=(19717,) test_X=None test_y=None
2026-02-02 15:19:49,581 INFO modssc.preprocess.api api.py:505: Preprocess input size: train_data=39.2 MB test_data=n/a
2026-02-02 15:19:49,581 DEBUG modssc.preprocess.api api.py:521: Preprocess step start: id=labels.encode index=0 kind=transform params={}
2026-02-02 15:19:49,583 DEBUG modssc.preprocess.api api.py:605: Preprocess step train outputs: id=labels.encode keys=['labels.classes', 'labels.y'] duration_s=0.003
2026-02-02 15:19:49,583 INFO modssc.preprocess.api api.py:679: Preprocess step done: id=labels.encode index=0 duration_s=0.003 train_data=39.2 MB test_data=n/a
2026-02-02 15:19:49,583 DEBUG modssc.preprocess.api api.py:521: Preprocess step start: id=labels.to_torch index=1 kind=transform params={'device': 'auto', 'dtype': 'int64'}
2026-02-02 15:19:49,673 DEBUG modssc.preprocess.api api.py:605: Preprocess step train outputs: id=labels.to_torch keys=['labels.y'] duration_s=0.090
2026-02-02 15:19:49,673 INFO modssc.preprocess.api api.py:267: Preprocess GPU device: device=cuda:0 model=NVIDIA L40
2026-02-02 15:19:49,673 INFO modssc.preprocess.api api.py:679: Preprocess step done: id=labels.to_torch index=1 duration_s=0.090 train_data=39.2 MB test_data=n/a
2026-02-02 15:19:49,673 DEBUG modssc.preprocess.api api.py:521: Preprocess step start: id=graph.sparse_adjacency index=2 kind=transform params={'max_nodes': 20000, 'batch_size': 32, 'embed_epochs': 5, 'embed_lr': 0.01, 'undirected': True, 'device': 'auto'}
2026-02-02 15:19:49,675 WARNING modssc.preprocess.api api.py:575: Preprocess cache miss for graph.sparse_adjacency (train): Incomplete cached outputs for step 'graph.sparse_adjacency' (train)
2026-02-02 15:19:49,676 DEBUG modssc.preprocess.api api.py:605: Preprocess step train outputs: id=graph.sparse_adjacency keys=['features.X'] duration_s=0.003
2026-02-02 15:19:49,676 INFO modssc.preprocess.api api.py:679: Preprocess step done: id=graph.sparse_adjacency index=2 duration_s=0.003 train_data=40.5 MB test_data=n/a
2026-02-02 15:19:49,677 DEBUG modssc.preprocess.api api.py:521: Preprocess step start: id=core.to_torch index=3 kind=transform params={'device': 'auto', 'dtype': 'float32'}
2026-02-02 15:19:49,678 WARNING modssc.preprocess.api api.py:575: Preprocess cache miss for core.to_torch (train): Incomplete cached outputs for step 'core.to_torch' (train)
2026-02-02 15:19:49,681 DEBUG modssc.preprocess.api api.py:605: Preprocess step train outputs: id=core.to_torch keys=['features.X'] duration_s=0.005
2026-02-02 15:19:49,681 INFO modssc.preprocess.api api.py:679: Preprocess step done: id=core.to_torch index=3 duration_s=0.005 train_data=40.5 MB test_data=n/a
2026-02-02 15:19:49,681 INFO modssc.preprocess.api api.py:730: Preprocess done: dataset_fp=33662ee2dd9f5386a1eb7438c7e711640858805e93f8cee2bfe9beda2eb3499a duration_s=0.101 train_X=None test_X=None
2026-02-02 15:19:49,681 INFO bench.orchestrators.preprocess preprocess.py:124: Preprocess result: fingerprint=preprocess:584d87f3e51ad43dbb76f2111dd9667b5f1d4499adb725baefb05b6fc64659f8 plan_fingerprint=resolved_plan:95213a523f045acfbe48296ceac122bc48b9fd73dbd5843390244a44a4946c42 cache_dir=/nfs/home/mbarbaux/ModSSC/cache/preprocess/33662ee2dd9f5386a1eb7438c7e711640858805e93f8cee2bfe9beda2eb3499a skipped=[]
2026-02-02 15:19:49,681 DEBUG bench.orchestrators.preprocess preprocess.py:131: Preprocess output shapes: train_X=None test_X=None
2026-02-02 15:19:49,681 INFO bench.orchestrators.preprocess preprocess.py:136: Preprocess stage done: duration_s=0.101
2026-02-02 15:19:51,748 INFO bench.orchestrators.augmentation augmentation.py:66: Augmentation start: mode=fixed modality=tabular seed=5 n_samples=48 strong_views=1
2026-02-02 15:19:51,748 DEBUG bench.orchestrators.augmentation augmentation.py:74: Augmentation steps: weak=['tabular.gaussian_noise'] strong=['tabular.feature_dropout']
2026-02-02 15:19:51,765 INFO bench.orchestrators.augmentation augmentation.py:191: Augmentation done: duration_s=0.017
2026-02-02 15:19:51,766 DEBUG bench.orchestrators.augmentation augmentation.py:192: Augmentation output shapes: weak=(48, 500) strong=(48, 500) strong_1=None
2026-02-02 15:19:51,766 INFO bench.orchestrators.method_inductive method_inductive.py:441: Inductive method start: id=pi_model seed=3274374610 device=auto dtype=float32 model=graphsage_inductive
2026-02-02 15:19:51,766 DEBUG bench.orchestrators.method_inductive method_inductive.py:470: Inductive method params: {'lambda_u': 1.0, 'unsup_warm_up': 0.4, 'batch_size': 128, 'max_epochs': 50, 'freeze_bn': False, 'detach_target': True}
2026-02-02 15:19:51,766 INFO bench.orchestrators.method_inductive method_inductive.py:476: Inductive method data: n_labeled=12 n_unlabeled=48
2026-02-02 15:19:51,800 INFO modssc.inductive.methods.pi_model pi_model.py:69: Starting pi_model.fit
2026-02-02 15:19:51,800 DEBUG modssc.inductive.methods.pi_model pi_model.py:70: params lambda_u=1.0 unsup_warm_up=0.4 batch_size=128 max_epochs=50 freeze_bn=False detach_target=True has_model_bundle=True device=DeviceSpec(device='auto', dtype='float32') seed=3274374610
2026-02-02 15:19:51,800 INFO modssc.inductive.methods.pi_model pi_model.py:100: Pi-Model sizes: n_labeled=12 n_unlabeled=48
2026-02-02 15:19:51,894 DEBUG modssc.inductive.methods.pi_model pi_model.py:194: Pi-Model epoch=0 warm=0.000 sup_loss=1.0975 unsup_loss=0.0000
2026-02-02 15:19:51,957 DEBUG modssc.inductive.methods.pi_model pi_model.py:194: Pi-Model epoch=1 warm=0.050 sup_loss=1.0946 unsup_loss=0.0000
2026-02-02 15:19:51,960 DEBUG modssc.inductive.methods.pi_model pi_model.py:194: Pi-Model epoch=2 warm=0.100 sup_loss=1.0934 unsup_loss=0.0000
2026-02-02 15:19:51,962 DEBUG modssc.inductive.methods.pi_model pi_model.py:194: Pi-Model epoch=3 warm=0.150 sup_loss=1.0889 unsup_loss=0.0000
2026-02-02 15:19:51,965 DEBUG modssc.inductive.methods.pi_model pi_model.py:194: Pi-Model epoch=4 warm=0.200 sup_loss=1.0860 unsup_loss=0.0000
2026-02-02 15:19:51,967 DEBUG modssc.inductive.methods.pi_model pi_model.py:194: Pi-Model epoch=5 warm=0.250 sup_loss=1.0789 unsup_loss=0.0000
2026-02-02 15:19:51,970 DEBUG modssc.inductive.methods.pi_model pi_model.py:194: Pi-Model epoch=6 warm=0.300 sup_loss=1.0758 unsup_loss=0.0000
2026-02-02 15:19:51,973 DEBUG modssc.inductive.methods.pi_model pi_model.py:194: Pi-Model epoch=7 warm=0.350 sup_loss=1.0737 unsup_loss=0.0000
2026-02-02 15:19:51,975 DEBUG modssc.inductive.methods.pi_model pi_model.py:194: Pi-Model epoch=8 warm=0.400 sup_loss=1.0680 unsup_loss=0.0000
2026-02-02 15:19:51,978 DEBUG modssc.inductive.methods.pi_model pi_model.py:194: Pi-Model epoch=9 warm=0.450 sup_loss=1.0623 unsup_loss=0.0000
2026-02-02 15:19:51,980 DEBUG modssc.inductive.methods.pi_model pi_model.py:194: Pi-Model epoch=10 warm=0.500 sup_loss=1.0575 unsup_loss=0.0000
2026-02-02 15:19:51,983 DEBUG modssc.inductive.methods.pi_model pi_model.py:194: Pi-Model epoch=11 warm=0.550 sup_loss=1.0546 unsup_loss=0.0000
2026-02-02 15:19:51,985 DEBUG modssc.inductive.methods.pi_model pi_model.py:194: Pi-Model epoch=12 warm=0.600 sup_loss=1.0492 unsup_loss=0.0000
2026-02-02 15:19:51,988 DEBUG modssc.inductive.methods.pi_model pi_model.py:194: Pi-Model epoch=13 warm=0.650 sup_loss=1.0456 unsup_loss=0.0000
2026-02-02 15:19:51,990 DEBUG modssc.inductive.methods.pi_model pi_model.py:194: Pi-Model epoch=14 warm=0.700 sup_loss=1.0405 unsup_loss=0.0000
2026-02-02 15:19:51,993 DEBUG modssc.inductive.methods.pi_model pi_model.py:194: Pi-Model epoch=15 warm=0.750 sup_loss=1.0321 unsup_loss=0.0000
2026-02-02 15:19:51,995 DEBUG modssc.inductive.methods.pi_model pi_model.py:194: Pi-Model epoch=16 warm=0.800 sup_loss=1.0277 unsup_loss=0.0000
2026-02-02 15:19:51,998 DEBUG modssc.inductive.methods.pi_model pi_model.py:194: Pi-Model epoch=17 warm=0.850 sup_loss=1.0193 unsup_loss=0.0000
2026-02-02 15:19:52,001 DEBUG modssc.inductive.methods.pi_model pi_model.py:194: Pi-Model epoch=18 warm=0.900 sup_loss=1.0182 unsup_loss=0.0000
2026-02-02 15:19:52,003 DEBUG modssc.inductive.methods.pi_model pi_model.py:194: Pi-Model epoch=19 warm=0.950 sup_loss=1.0076 unsup_loss=0.0000
2026-02-02 15:19:52,006 DEBUG modssc.inductive.methods.pi_model pi_model.py:194: Pi-Model epoch=20 warm=1.000 sup_loss=1.0074 unsup_loss=0.0000
2026-02-02 15:19:52,008 DEBUG modssc.inductive.methods.pi_model pi_model.py:194: Pi-Model epoch=21 warm=1.000 sup_loss=0.9953 unsup_loss=0.0000
2026-02-02 15:19:52,011 DEBUG modssc.inductive.methods.pi_model pi_model.py:194: Pi-Model epoch=22 warm=1.000 sup_loss=0.9907 unsup_loss=0.0000
2026-02-02 15:19:52,013 DEBUG modssc.inductive.methods.pi_model pi_model.py:194: Pi-Model epoch=23 warm=1.000 sup_loss=0.9775 unsup_loss=0.0000
2026-02-02 15:19:52,016 DEBUG modssc.inductive.methods.pi_model pi_model.py:194: Pi-Model epoch=24 warm=1.000 sup_loss=0.9741 unsup_loss=0.0000
2026-02-02 15:19:52,018 DEBUG modssc.inductive.methods.pi_model pi_model.py:194: Pi-Model epoch=25 warm=1.000 sup_loss=0.9646 unsup_loss=0.0000
2026-02-02 15:19:52,021 DEBUG modssc.inductive.methods.pi_model pi_model.py:194: Pi-Model epoch=26 warm=1.000 sup_loss=0.9566 unsup_loss=0.0000
2026-02-02 15:19:52,024 DEBUG modssc.inductive.methods.pi_model pi_model.py:194: Pi-Model epoch=27 warm=1.000 sup_loss=0.9507 unsup_loss=0.0000
2026-02-02 15:19:52,026 DEBUG modssc.inductive.methods.pi_model pi_model.py:194: Pi-Model epoch=28 warm=1.000 sup_loss=0.9383 unsup_loss=0.0000
2026-02-02 15:19:52,029 DEBUG modssc.inductive.methods.pi_model pi_model.py:194: Pi-Model epoch=29 warm=1.000 sup_loss=0.9330 unsup_loss=0.0000
2026-02-02 15:19:52,031 DEBUG modssc.inductive.methods.pi_model pi_model.py:194: Pi-Model epoch=30 warm=1.000 sup_loss=0.9187 unsup_loss=0.0000
2026-02-02 15:19:52,034 DEBUG modssc.inductive.methods.pi_model pi_model.py:194: Pi-Model epoch=31 warm=1.000 sup_loss=0.9076 unsup_loss=0.0000
2026-02-02 15:19:52,036 DEBUG modssc.inductive.methods.pi_model pi_model.py:194: Pi-Model epoch=32 warm=1.000 sup_loss=0.9022 unsup_loss=0.0001
2026-02-02 15:19:52,039 DEBUG modssc.inductive.methods.pi_model pi_model.py:194: Pi-Model epoch=33 warm=1.000 sup_loss=0.8915 unsup_loss=0.0001
2026-02-02 15:19:52,041 DEBUG modssc.inductive.methods.pi_model pi_model.py:194: Pi-Model epoch=34 warm=1.000 sup_loss=0.8863 unsup_loss=0.0001
2026-02-02 15:19:52,044 DEBUG modssc.inductive.methods.pi_model pi_model.py:194: Pi-Model epoch=35 warm=1.000 sup_loss=0.8742 unsup_loss=0.0001
2026-02-02 15:19:52,047 DEBUG modssc.inductive.methods.pi_model pi_model.py:194: Pi-Model epoch=36 warm=1.000 sup_loss=0.8542 unsup_loss=0.0001
2026-02-02 15:19:52,049 DEBUG modssc.inductive.methods.pi_model pi_model.py:194: Pi-Model epoch=37 warm=1.000 sup_loss=0.8583 unsup_loss=0.0001
2026-02-02 15:19:52,052 DEBUG modssc.inductive.methods.pi_model pi_model.py:194: Pi-Model epoch=38 warm=1.000 sup_loss=0.8387 unsup_loss=0.0001
2026-02-02 15:19:52,054 DEBUG modssc.inductive.methods.pi_model pi_model.py:194: Pi-Model epoch=39 warm=1.000 sup_loss=0.8347 unsup_loss=0.0001
2026-02-02 15:19:52,057 DEBUG modssc.inductive.methods.pi_model pi_model.py:194: Pi-Model epoch=40 warm=1.000 sup_loss=0.8147 unsup_loss=0.0001
2026-02-02 15:19:52,059 DEBUG modssc.inductive.methods.pi_model pi_model.py:194: Pi-Model epoch=41 warm=1.000 sup_loss=0.8146 unsup_loss=0.0001
2026-02-02 15:19:52,062 DEBUG modssc.inductive.methods.pi_model pi_model.py:194: Pi-Model epoch=42 warm=1.000 sup_loss=0.8009 unsup_loss=0.0002
2026-02-02 15:19:52,064 DEBUG modssc.inductive.methods.pi_model pi_model.py:194: Pi-Model epoch=43 warm=1.000 sup_loss=0.7828 unsup_loss=0.0002
2026-02-02 15:19:52,067 DEBUG modssc.inductive.methods.pi_model pi_model.py:194: Pi-Model epoch=44 warm=1.000 sup_loss=0.7653 unsup_loss=0.0002
2026-02-02 15:19:52,069 DEBUG modssc.inductive.methods.pi_model pi_model.py:194: Pi-Model epoch=45 warm=1.000 sup_loss=0.7651 unsup_loss=0.0002
2026-02-02 15:19:52,072 DEBUG modssc.inductive.methods.pi_model pi_model.py:194: Pi-Model epoch=46 warm=1.000 sup_loss=0.7462 unsup_loss=0.0002
2026-02-02 15:19:52,075 DEBUG modssc.inductive.methods.pi_model pi_model.py:194: Pi-Model epoch=47 warm=1.000 sup_loss=0.7302 unsup_loss=0.0002
2026-02-02 15:19:52,077 DEBUG modssc.inductive.methods.pi_model pi_model.py:194: Pi-Model epoch=48 warm=1.000 sup_loss=0.7136 unsup_loss=0.0003
2026-02-02 15:19:52,080 DEBUG modssc.inductive.methods.pi_model pi_model.py:194: Pi-Model epoch=49 warm=1.000 sup_loss=0.6954 unsup_loss=0.0003
2026-02-02 15:19:52,081 INFO modssc.inductive.methods.pi_model pi_model.py:210: Finished pi_model.fit in 0.281s
2026-02-02 15:19:52,081 INFO bench.orchestrators.method_inductive method_inductive.py:550: Inductive method done: id=pi_model duration_s=0.315
2026-02-02 15:19:52,081 INFO bench.orchestrators.evaluation evaluation.py:189: Evaluation (inductive): splits=['val', 'test'] metrics=['accuracy', 'macro_f1']
2026-02-02 15:19:52,097 INFO bench.orchestrators.evaluation evaluation.py:231: Evaluation (inductive) done: duration_s=0.016
2026-02-02 15:19:52,098 INFO bench.orchestrators.reporting reporting.py:54: Run summary written: /nfs/home/mbarbaux/ModSSC/runs/inductive/pi_model/graph/pubmed/best_graph_inductive_pi_model_pubmed-20260202T141949Z/run.json status=success duration_s=0.001
