2026-02-02 14:58:21,800 INFO bench.orchestrators.dataset dataset.py:36: Dataset start: id=citeseer download=True cache_dir=None
2026-02-02 14:58:21,800 DEBUG bench.orchestrators.dataset dataset.py:42: Dataset options: ['class_filter']
2026-02-02 14:58:21,804 DEBUG modssc.data_loader.providers __init__.py:38: Creating provider: pyg
2026-02-02 14:58:21,804 DEBUG modssc.data_loader.api api.py:316: Resolved dataset id=citeseer provider=pyg canonical_uri=pyg:Planetoid/CiteSeer
2026-02-02 14:58:21,804 INFO modssc.data_loader.api api.py:117: Dataset load: id=citeseer provider=pyg version=None fingerprint=f9466d4eb716a2a519275ad47f5a635173a4937386323ce30ae4668e026077f8 download=True force=False cache_dir=/nfs/home/mbarbaux/ModSSC/cache/datasets
2026-02-02 14:58:21,804 DEBUG modssc.data_loader.api api.py:127: Dataset resolved_kwargs: {'dataset_class': 'Planetoid', 'dataset_kwargs': {'name': 'CiteSeer'}, 'class_filter': [0, 1]}
2026-02-02 14:58:21,807 DEBUG modssc.data_loader.providers __init__.py:38: Creating provider: pyg
2026-02-02 14:58:21,807 INFO modssc.data_loader.api api.py:356: Loading provider dataset: provider=pyg dataset_id=Planetoid version=None raw_dir=/nfs/home/mbarbaux/ModSSC/cache/datasets/raw/pyg/Planetoid/noversion
2026-02-02 14:58:23,961 INFO modssc.data_loader.api api.py:387: Dataset stored: provider=pyg dataset_id=Planetoid fingerprint=f9466d4eb716a2a519275ad47f5a635173a4937386323ce30ae4668e026077f8
2026-02-02 14:58:23,961 INFO modssc.data_loader.api api.py:149: Dataset ready: id=citeseer train=854 test=None n_classes=2 duration_s=2.161
2026-02-02 14:58:23,961 INFO bench.orchestrators.dataset dataset.py:54: Dataset loaded: train=854 test=None graph=True fingerprint=f9466d4eb716a2a519275ad47f5a635173a4937386323ce30ae4668e026077f8 provider=pyg
2026-02-02 14:58:23,961 INFO bench.orchestrators.dataset dataset.py:62: Dataset stage done: duration_s=2.161
2026-02-02 14:58:23,980 INFO bench.orchestrators.sampling sampling.py:86: Sampling start: seed=5 dataset_id=citeseer
2026-02-02 14:58:23,980 DEBUG bench.orchestrators.sampling sampling.py:87: Sampling plan: split={'kind': 'holdout', 'test_fraction': 0.2, 'val_fraction': 0.1, 'stratify': True, 'shuffle': True} labeling={'mode': 'fraction', 'value': 0.2, 'per_class': False, 'min_per_class': 1, 'strategy': 'balanced', 'fixed_indices': None} imbalance={'kind': 'none', 'apply_to': 'train', 'max_per_class': None, 'alpha': None, 'min_per_class': 1} policy={'respect_official_test': True, 'use_official_graph_masks': True, 'allow_override_official': False}
2026-02-02 14:58:23,980 DEBUG bench.orchestrators.sampling sampling.py:98: Sampling dataset_fingerprint=f9466d4eb716a2a519275ad47f5a635173a4937386323ce30ae4668e026077f8
2026-02-02 14:58:23,981 INFO modssc.sampling.api api.py:99: Sampling start: dataset_id=citeseer dataset_fingerprint=f9466d4eb716a2a519275ad47f5a635173a4937386323ce30ae4668e026077f8 seed=5 graph=True split=holdout
2026-02-02 14:58:23,981 DEBUG modssc.sampling.api api.py:107: Sampling plan: {'split': {'kind': 'holdout', 'test_fraction': 0.2, 'val_fraction': 0.1, 'stratify': True, 'shuffle': True}, 'labeling': {'mode': 'fraction', 'value': 0.2, 'per_class': False, 'min_per_class': 1, 'strategy': 'balanced', 'fixed_indices': None}, 'imbalance': {'kind': 'none', 'apply_to': 'train', 'max_per_class': None, 'alpha': None, 'min_per_class': 1}, 'policy': {'respect_official_test': True, 'use_official_graph_masks': True, 'allow_override_official': False}}
2026-02-02 14:58:23,981 INFO modssc.sampling.api api.py:141: Sampling done: train=40 val=115 test=259 labeled=8 unlabeled=32 duration_s=0.001
2026-02-02 14:58:23,981 DEBUG modssc.sampling.api api.py:150: Sampling stats: {'nodes': 854, 'train': 40, 'val': 115, 'test': 259, 'labeled': 8, 'unlabeled': 32, 'labeled_class_dist': {'n': 8, 'classes': {'0': 4, '1': 4}}}
2026-02-02 14:58:23,981 INFO bench.orchestrators.sampling sampling.py:123: Sampling result: train=40 val=115 test=259 labeled=8 unlabeled=32 graph=True
2026-02-02 14:58:23,981 DEBUG bench.orchestrators.sampling sampling.py:132: Sampling stats: {'nodes': 854, 'train': 40, 'val': 115, 'test': 259, 'labeled': 8, 'unlabeled': 32, 'labeled_class_dist': {'n': 8, 'classes': {'0': 4, '1': 4}}}
2026-02-02 14:58:23,981 INFO bench.orchestrators.sampling sampling.py:133: Sampling stage done: duration_s=0.001
2026-02-02 14:58:23,981 INFO bench.orchestrators.preprocess preprocess.py:105: Preprocess start: seed=5 cache=True n_steps=3 fit_indices=8
2026-02-02 14:58:23,981 DEBUG bench.orchestrators.preprocess preprocess.py:112: Preprocess plan: output_key=features.X steps=['labels.encode', 'core.ensure_2d', 'core.to_numpy']
2026-02-02 14:58:23,981 INFO modssc.preprocess.api api.py:490: Preprocess start: dataset_fp=f9466d4eb716a2a519275ad47f5a635173a4937386323ce30ae4668e026077f8 steps=['labels.encode', 'core.ensure_2d', 'core.to_numpy'] output_key=features.X seed=5 cache=True
2026-02-02 14:58:23,981 DEBUG modssc.preprocess.api api.py:498: Preprocess input shapes: train_X=(854, 3703) train_y=(854,) test_X=None test_y=None
2026-02-02 14:58:23,981 INFO modssc.preprocess.api api.py:505: Preprocess input size: train_data=12.1 MB test_data=n/a
2026-02-02 14:58:23,981 DEBUG modssc.preprocess.api api.py:521: Preprocess step start: id=labels.encode index=0 kind=transform params={}
2026-02-02 14:58:23,990 DEBUG modssc.preprocess.api api.py:605: Preprocess step train outputs: id=labels.encode keys=['labels.classes', 'labels.y'] duration_s=0.008
2026-02-02 14:58:23,990 INFO modssc.preprocess.api api.py:679: Preprocess step done: id=labels.encode index=0 duration_s=0.009 train_data=12.1 MB test_data=n/a
2026-02-02 14:58:23,990 DEBUG modssc.preprocess.api api.py:521: Preprocess step start: id=core.ensure_2d index=1 kind=transform params={}
2026-02-02 14:58:24,013 DEBUG modssc.preprocess.api api.py:605: Preprocess step train outputs: id=core.ensure_2d keys=['features.X'] duration_s=0.023
2026-02-02 14:58:24,013 INFO modssc.preprocess.api api.py:679: Preprocess step done: id=core.ensure_2d index=1 duration_s=0.023 train_data=12.1 MB test_data=n/a
2026-02-02 14:58:24,013 DEBUG modssc.preprocess.api api.py:521: Preprocess step start: id=core.to_numpy index=2 kind=transform params={}
2026-02-02 14:58:24,034 DEBUG modssc.preprocess.api api.py:605: Preprocess step train outputs: id=core.to_numpy keys=['features.X'] duration_s=0.021
2026-02-02 14:58:24,034 INFO modssc.preprocess.api api.py:679: Preprocess step done: id=core.to_numpy index=2 duration_s=0.021 train_data=12.1 MB test_data=n/a
2026-02-02 14:58:24,034 INFO modssc.preprocess.api api.py:730: Preprocess done: dataset_fp=f9466d4eb716a2a519275ad47f5a635173a4937386323ce30ae4668e026077f8 duration_s=0.053 train_X=(854, 3703) test_X=None
2026-02-02 14:58:24,034 INFO bench.orchestrators.preprocess preprocess.py:124: Preprocess result: fingerprint=preprocess:746693e96e2d9628cc82ba8ec37eef6949303dca866dfe5a33cba9a44070acc5 plan_fingerprint=resolved_plan:8a5e3ebe41a4f364f53ac26a625ef44f5a721631be61f65e32b92a3759853b68 cache_dir=/nfs/home/mbarbaux/ModSSC/cache/preprocess/f9466d4eb716a2a519275ad47f5a635173a4937386323ce30ae4668e026077f8 skipped=[]
2026-02-02 14:58:24,034 DEBUG bench.orchestrators.preprocess preprocess.py:131: Preprocess output shapes: train_X=(854, 3703) test_X=None
2026-02-02 14:58:24,034 INFO bench.orchestrators.preprocess preprocess.py:136: Preprocess stage done: duration_s=0.053
2026-02-02 14:58:24,034 INFO bench.orchestrators.method_transductive method_transductive.py:139: Transductive method start: id=graph_mincuts seed=3274374610 device=auto resolved_device=cpu use_test=False
2026-02-02 14:58:24,034 DEBUG bench.orchestrators.method_transductive method_transductive.py:147: Transductive method params: {'backend': 'scipy', 'capacity_scale': 1000.0, 'min_capacity': 1}
2026-02-02 14:58:24,035 INFO bench.orchestrators.method_transductive method_transductive.py:158: Transductive data: n_nodes=854 n_train=854 n_test=0
2026-02-02 14:58:24,035 INFO bench.orchestrators.method_transductive method_transductive.py:177: Transductive masks: labeled_count=8 train_count=40
2026-02-02 14:58:24,035 INFO modssc.transductive.methods.classic.graph_mincuts graph_mincuts.py:246: Starting graph_mincuts.fit
2026-02-02 14:58:24,035 DEBUG modssc.transductive.methods.classic.graph_mincuts graph_mincuts.py:247: spec=GraphMincutsSpec(backend='scipy', capacity_scale=1000.0, min_capacity=1) device=cpu seed=3274374610
2026-02-02 14:58:24,035 INFO modssc.transductive.methods.classic.graph_mincuts graph_mincuts.py:256: Graph mincuts sizes: n_nodes=854 labeled=8
2026-02-02 14:58:24,175 INFO modssc.transductive.methods.classic.graph_mincuts graph_mincuts.py:272: Finished graph_mincuts.fit in 0.140s
2026-02-02 14:58:24,175 INFO bench.orchestrators.method_transductive method_transductive.py:218: Transductive method done: id=graph_mincuts duration_s=0.141
2026-02-02 14:58:24,175 INFO bench.orchestrators.evaluation evaluation.py:244: Evaluation (transductive): splits=['val', 'test'] metrics=['accuracy', 'macro_f1']
2026-02-02 14:58:24,175 INFO bench.orchestrators.evaluation evaluation.py:263: Evaluation (transductive) done: duration_s=0.000
2026-02-02 14:58:24,176 INFO bench.orchestrators.reporting reporting.py:54: Run summary written: /nfs/home/mbarbaux/ModSSC/runs/transductive/graph_mincuts/graph/citeseer/best_graph_transductive_graph_mincuts_citeseer-20260202T135821Z/run.json status=success duration_s=0.001
