2026-02-02 17:00:17,378 INFO bench.orchestrators.dataset dataset.py:36: Dataset start: id=iris download=True cache_dir=None
2026-02-02 17:00:17,378 DEBUG bench.orchestrators.dataset dataset.py:42: Dataset options: []
2026-02-02 17:00:17,381 DEBUG modssc.data_loader.providers __init__.py:38: Creating provider: openml
2026-02-02 17:00:17,382 DEBUG modssc.data_loader.api api.py:316: Resolved dataset id=iris provider=openml canonical_uri=openml:61
2026-02-02 17:00:17,382 INFO modssc.data_loader.api api.py:117: Dataset load: id=iris provider=openml version=None fingerprint=ba055ddc9f9ca1b72ab8a14217263923c7ce2466a9ada1892118d69873fd8572 download=True force=False cache_dir=/nfs/home/mbarbaux/ModSSC/cache/datasets
2026-02-02 17:00:17,382 DEBUG modssc.data_loader.api api.py:127: Dataset resolved_kwargs: {'data_id': 61, 'name': None, 'version': None, 'as_frame': False, 'target_column': None, 'class_filter': None, 'max_samples': None, 'seed': None}
2026-02-02 17:00:17,383 DEBUG modssc.data_loader.api api.py:403: Loaded cached dataset: fingerprint=ba055ddc9f9ca1b72ab8a14217263923c7ce2466a9ada1892118d69873fd8572
2026-02-02 17:00:17,387 INFO modssc.data_loader.api api.py:133: Dataset cached: id=iris train=150 test=None n_classes=3 duration_s=0.009
2026-02-02 17:00:17,387 INFO bench.orchestrators.dataset dataset.py:54: Dataset loaded: train=150 test=None graph=False fingerprint=ba055ddc9f9ca1b72ab8a14217263923c7ce2466a9ada1892118d69873fd8572 provider=openml
2026-02-02 17:00:17,387 INFO bench.orchestrators.dataset dataset.py:62: Dataset stage done: duration_s=0.010
2026-02-02 17:00:17,434 INFO bench.orchestrators.sampling sampling.py:86: Sampling start: seed=1 dataset_id=iris
2026-02-02 17:00:17,434 DEBUG bench.orchestrators.sampling sampling.py:87: Sampling plan: split={'kind': 'holdout', 'test_fraction': 0.2, 'val_fraction': 0.1, 'stratify': True, 'shuffle': True} labeling={'mode': 'fraction', 'value': 0.2, 'per_class': False, 'min_per_class': 1, 'strategy': 'balanced', 'fixed_indices': None} imbalance={'kind': 'none', 'apply_to': 'train', 'max_per_class': None, 'alpha': None, 'min_per_class': 1} policy={'respect_official_test': True, 'use_official_graph_masks': True, 'allow_override_official': False}
2026-02-02 17:00:17,434 DEBUG bench.orchestrators.sampling sampling.py:98: Sampling dataset_fingerprint=ba055ddc9f9ca1b72ab8a14217263923c7ce2466a9ada1892118d69873fd8572
2026-02-02 17:00:17,434 INFO modssc.sampling.api api.py:99: Sampling start: dataset_id=iris dataset_fingerprint=ba055ddc9f9ca1b72ab8a14217263923c7ce2466a9ada1892118d69873fd8572 seed=1 graph=False split=holdout
2026-02-02 17:00:17,434 DEBUG modssc.sampling.api api.py:107: Sampling plan: {'split': {'kind': 'holdout', 'test_fraction': 0.2, 'val_fraction': 0.1, 'stratify': True, 'shuffle': True}, 'labeling': {'mode': 'fraction', 'value': 0.2, 'per_class': False, 'min_per_class': 1, 'strategy': 'balanced', 'fixed_indices': None}, 'imbalance': {'kind': 'none', 'apply_to': 'train', 'max_per_class': None, 'alpha': None, 'min_per_class': 1}, 'policy': {'respect_official_test': True, 'use_official_graph_masks': True, 'allow_override_official': False}}
2026-02-02 17:00:17,441 INFO modssc.sampling.api api.py:141: Sampling done: train=108 val=12 test=30 labeled=22 unlabeled=86 duration_s=0.007
2026-02-02 17:00:17,441 DEBUG modssc.sampling.api api.py:150: Sampling stats: {'policy': {'respect_official_test': True, 'has_official_test': False, 'test_ref': 'train'}, 'train': {'n': 108, 'classes': {'Iris-setosa': 36, 'Iris-versicolor': 36, 'Iris-virginica': 36}}, 'val': {'n': 12, 'classes': {'Iris-setosa': 4, 'Iris-versicolor': 4, 'Iris-virginica': 4}}, 'train_labeled': {'n': 22, 'classes': {'Iris-setosa': 8, 'Iris-versicolor': 7, 'Iris-virginica': 7}}, 'train_unlabeled': {'n': 86}, 'test': {'n': 30, 'classes': {'Iris-setosa': 10, 'Iris-versicolor': 10, 'Iris-virginica': 10}}}
2026-02-02 17:00:17,441 INFO bench.orchestrators.sampling sampling.py:123: Sampling result: train=108 val=12 test=30 labeled=22 unlabeled=86 graph=False
2026-02-02 17:00:17,441 DEBUG bench.orchestrators.sampling sampling.py:132: Sampling stats: {'policy': {'respect_official_test': True, 'has_official_test': False, 'test_ref': 'train'}, 'train': {'n': 108, 'classes': {'Iris-setosa': 36, 'Iris-versicolor': 36, 'Iris-virginica': 36}}, 'val': {'n': 12, 'classes': {'Iris-setosa': 4, 'Iris-versicolor': 4, 'Iris-virginica': 4}}, 'train_labeled': {'n': 22, 'classes': {'Iris-setosa': 8, 'Iris-versicolor': 7, 'Iris-virginica': 7}}, 'train_unlabeled': {'n': 86}, 'test': {'n': 30, 'classes': {'Iris-setosa': 10, 'Iris-versicolor': 10, 'Iris-virginica': 10}}}
2026-02-02 17:00:17,441 INFO bench.orchestrators.sampling sampling.py:133: Sampling stage done: duration_s=0.008
2026-02-02 17:00:17,441 INFO bench.orchestrators.preprocess preprocess.py:105: Preprocess start: seed=1 cache=True n_steps=6 fit_indices=22
2026-02-02 17:00:17,441 DEBUG bench.orchestrators.preprocess preprocess.py:112: Preprocess plan: output_key=features.X steps=['labels.encode', 'labels.to_torch', 'core.ensure_2d', 'tabular.impute', 'tabular.standard_scaler', 'core.to_torch']
2026-02-02 17:00:17,442 INFO modssc.preprocess.api api.py:490: Preprocess start: dataset_fp=ba055ddc9f9ca1b72ab8a14217263923c7ce2466a9ada1892118d69873fd8572 steps=['labels.encode', 'labels.to_torch', 'core.ensure_2d', 'tabular.impute', 'tabular.standard_scaler', 'core.to_torch'] output_key=features.X seed=1 cache=True
2026-02-02 17:00:17,442 DEBUG modssc.preprocess.api api.py:498: Preprocess input shapes: train_X=(150, 4) train_y=(150,) test_X=None test_y=None
2026-02-02 17:00:17,442 INFO modssc.preprocess.api api.py:505: Preprocess input size: train_data=5.9 KB test_data=n/a
2026-02-02 17:00:17,442 DEBUG modssc.preprocess.api api.py:521: Preprocess step start: id=labels.encode index=0 kind=transform params={}
2026-02-02 17:00:17,444 DEBUG modssc.preprocess.api api.py:605: Preprocess step train outputs: id=labels.encode keys=['labels.classes', 'labels.y'] duration_s=0.002
2026-02-02 17:00:17,444 INFO modssc.preprocess.api api.py:679: Preprocess step done: id=labels.encode index=0 duration_s=0.002 train_data=5.9 KB test_data=n/a
2026-02-02 17:00:17,444 DEBUG modssc.preprocess.api api.py:521: Preprocess step start: id=labels.to_torch index=1 kind=transform params={'device': 'auto', 'dtype': 'int64'}
2026-02-02 17:00:17,541 DEBUG modssc.preprocess.api api.py:605: Preprocess step train outputs: id=labels.to_torch keys=['labels.y'] duration_s=0.097
2026-02-02 17:00:17,542 INFO modssc.preprocess.api api.py:267: Preprocess GPU device: device=cuda:0 model=NVIDIA L40
2026-02-02 17:00:17,542 INFO modssc.preprocess.api api.py:679: Preprocess step done: id=labels.to_torch index=1 duration_s=0.098 train_data=5.9 KB test_data=n/a
2026-02-02 17:00:17,542 DEBUG modssc.preprocess.api api.py:521: Preprocess step start: id=core.ensure_2d index=2 kind=transform params={}
2026-02-02 17:00:17,544 DEBUG modssc.preprocess.api api.py:605: Preprocess step train outputs: id=core.ensure_2d keys=['features.X'] duration_s=0.002
2026-02-02 17:00:17,544 INFO modssc.preprocess.api api.py:679: Preprocess step done: id=core.ensure_2d index=2 duration_s=0.002 train_data=5.9 KB test_data=n/a
2026-02-02 17:00:17,544 DEBUG modssc.preprocess.api api.py:521: Preprocess step start: id=tabular.impute index=3 kind=fittable params={}
2026-02-02 17:00:18,451 DEBUG modssc.preprocess.api api.py:605: Preprocess step train outputs: id=tabular.impute keys=['features.X'] duration_s=0.907
2026-02-02 17:00:18,451 INFO modssc.preprocess.api api.py:679: Preprocess step done: id=tabular.impute index=3 duration_s=0.907 train_data=5.9 KB test_data=n/a
2026-02-02 17:00:18,451 DEBUG modssc.preprocess.api api.py:521: Preprocess step start: id=tabular.standard_scaler index=4 kind=fittable params={}
2026-02-02 17:00:18,453 DEBUG modssc.preprocess.api api.py:605: Preprocess step train outputs: id=tabular.standard_scaler keys=['features.X'] duration_s=0.002
2026-02-02 17:00:18,453 INFO modssc.preprocess.api api.py:679: Preprocess step done: id=tabular.standard_scaler index=4 duration_s=0.002 train_data=3.5 KB test_data=n/a
2026-02-02 17:00:18,453 DEBUG modssc.preprocess.api api.py:521: Preprocess step start: id=core.to_torch index=5 kind=transform params={'device': 'auto', 'dtype': 'float32'}
2026-02-02 17:00:18,454 DEBUG modssc.preprocess.api api.py:605: Preprocess step train outputs: id=core.to_torch keys=['features.X'] duration_s=0.001
2026-02-02 17:00:18,454 INFO modssc.preprocess.api api.py:679: Preprocess step done: id=core.to_torch index=5 duration_s=0.001 train_data=3.5 KB test_data=n/a
2026-02-02 17:00:18,454 INFO modssc.preprocess.api api.py:730: Preprocess done: dataset_fp=ba055ddc9f9ca1b72ab8a14217263923c7ce2466a9ada1892118d69873fd8572 duration_s=1.013 train_X=(150, 4) test_X=None
2026-02-02 17:00:18,454 INFO bench.orchestrators.preprocess preprocess.py:124: Preprocess result: fingerprint=preprocess:75598ed099a81a08799b66a7d3baf5526adf278e3ed02c30f4109069d7106690 plan_fingerprint=resolved_plan:2fd28781de548db14dc25cb730c4a58beda13172ed36f45b2cc1411caf334e69 cache_dir=/nfs/home/mbarbaux/ModSSC/cache/preprocess/ba055ddc9f9ca1b72ab8a14217263923c7ce2466a9ada1892118d69873fd8572 skipped=[]
2026-02-02 17:00:18,454 DEBUG bench.orchestrators.preprocess preprocess.py:131: Preprocess output shapes: train_X=(150, 4) test_X=None
2026-02-02 17:00:18,454 INFO bench.orchestrators.preprocess preprocess.py:136: Preprocess stage done: duration_s=1.013
2026-02-02 17:00:18,455 INFO bench.orchestrators.views views.py:73: Views start: seed=1 cache=True n_views=2
2026-02-02 17:00:18,455 DEBUG bench.orchestrators.views views.py:79: Views plan: names=['view_a', 'view_b'] fit_indices=22
2026-02-02 17:00:18,455 INFO modssc.views.api api.py:140: Views start: views=['view_a', 'view_b'] seed=1 cache=True dataset_fp=ba055ddc9f9ca1b72ab8a14217263923c7ce2466a9ada1892118d69873fd8572
2026-02-02 17:00:18,455 DEBUG modssc.views.api api.py:236: View built: name=view_a train_shape=(150, 2) test_shape=None duration_s=0.000
2026-02-02 17:00:18,455 DEBUG modssc.views.api api.py:236: View built: name=view_b train_shape=(150, 2) test_shape=None duration_s=0.000
2026-02-02 17:00:18,455 INFO modssc.views.api api.py:251: Views done: count=2 duration_s=0.001
2026-02-02 17:00:18,455 INFO bench.orchestrators.views views.py:92: Views result: n_views=2
2026-02-02 17:00:18,455 DEBUG bench.orchestrators.views views.py:93: Views columns: {'view_a': 2, 'view_b': 2}
2026-02-02 17:00:18,455 DEBUG bench.orchestrators.views views.py:94: Views meta: {'n_views': 2}
2026-02-02 17:00:18,455 INFO bench.orchestrators.views views.py:95: Views stage done: duration_s=0.001
2026-02-02 17:00:18,455 INFO bench.orchestrators.method_inductive method_inductive.py:441: Inductive method start: id=co_training seed=398591604 device=auto dtype=float32 model=None
2026-02-02 17:00:18,455 DEBUG bench.orchestrators.method_inductive method_inductive.py:470: Inductive method params: {'classifier_id': 'mlp', 'classifier_backend': 'torch', 'classifier_params': {'hidden_sizes': [256, 256], 'activation': 'relu', 'dropout': 0.1, 'lr': 0.001, 'weight_decay': 0.0, 'batch_size': 128, 'max_epochs': 50}, 'max_iter': 20, 'k_per_class': 1}
2026-02-02 17:00:18,455 INFO bench.orchestrators.method_inductive method_inductive.py:476: Inductive method data: n_labeled=22 n_unlabeled=86
2026-02-02 17:00:18,471 INFO modssc.inductive.methods.co_training co_training.py:236: Starting co_training.fit
2026-02-02 17:00:18,472 DEBUG modssc.inductive.methods.co_training co_training.py:237: spec=CoTrainingSpec(classifier_id='mlp', classifier_backend='torch', classifier_params={'hidden_sizes': [256, 256], 'activation': 'relu', 'dropout': 0.1, 'lr': 0.001, 'weight_decay': 0.0, 'batch_size': 128, 'max_epochs': 50}, view_keys=None, max_iter=20, k_per_class=1, confidence_threshold=None) device=DeviceSpec(device='auto', dtype='float32') seed=398591604
2026-02-02 17:00:18,472 DEBUG modssc.inductive.methods.co_training co_training.py:245: backend=torch
2026-02-02 17:00:18,472 INFO modssc.inductive.methods.co_training co_training.py:313: Co-training sizes: n_labeled=22 n_unlabeled=86
2026-02-02 17:00:18,474 INFO modssc.supervised.backends.torch.mlp mlp.py:75: Starting mlp.fit
2026-02-02 17:00:18,474 DEBUG modssc.supervised.backends.torch.mlp mlp.py:76: params hidden_sizes=(256, 256) activation=relu dropout=0.1 lr=0.001 weight_decay=0.0 batch_size=128 max_epochs=50 seed=398591604 n_jobs=None
2026-02-02 17:00:19,490 INFO modssc.supervised.backends.torch.mlp mlp.py:167: Finished mlp.fit in 1.016s
2026-02-02 17:00:19,490 INFO modssc.supervised.backends.torch.mlp mlp.py:75: Starting mlp.fit
2026-02-02 17:00:19,490 DEBUG modssc.supervised.backends.torch.mlp mlp.py:76: params hidden_sizes=(256, 256) activation=relu dropout=0.1 lr=0.001 weight_decay=0.0 batch_size=128 max_epochs=50 seed=398591604 n_jobs=None
2026-02-02 17:00:19,527 INFO modssc.supervised.backends.torch.mlp mlp.py:167: Finished mlp.fit in 0.037s
2026-02-02 17:00:19,559 DEBUG modssc.inductive.methods.co_training co_training.py:408: Co-training iter=0 selected_view1=3 selected_view2=3 remaining=80
2026-02-02 17:00:19,559 INFO modssc.supervised.backends.torch.mlp mlp.py:75: Starting mlp.fit
2026-02-02 17:00:19,559 DEBUG modssc.supervised.backends.torch.mlp mlp.py:76: params hidden_sizes=(256, 256) activation=relu dropout=0.1 lr=0.001 weight_decay=0.0 batch_size=128 max_epochs=50 seed=398591604 n_jobs=None
2026-02-02 17:00:19,597 INFO modssc.supervised.backends.torch.mlp mlp.py:167: Finished mlp.fit in 0.038s
2026-02-02 17:00:19,597 INFO modssc.supervised.backends.torch.mlp mlp.py:75: Starting mlp.fit
2026-02-02 17:00:19,597 DEBUG modssc.supervised.backends.torch.mlp mlp.py:76: params hidden_sizes=(256, 256) activation=relu dropout=0.1 lr=0.001 weight_decay=0.0 batch_size=128 max_epochs=50 seed=398591604 n_jobs=None
2026-02-02 17:00:19,633 INFO modssc.supervised.backends.torch.mlp mlp.py:167: Finished mlp.fit in 0.036s
2026-02-02 17:00:19,634 DEBUG modssc.inductive.methods.co_training co_training.py:408: Co-training iter=1 selected_view1=3 selected_view2=3 remaining=74
2026-02-02 17:00:19,635 INFO modssc.supervised.backends.torch.mlp mlp.py:75: Starting mlp.fit
2026-02-02 17:00:19,635 DEBUG modssc.supervised.backends.torch.mlp mlp.py:76: params hidden_sizes=(256, 256) activation=relu dropout=0.1 lr=0.001 weight_decay=0.0 batch_size=128 max_epochs=50 seed=398591604 n_jobs=None
2026-02-02 17:00:19,671 INFO modssc.supervised.backends.torch.mlp mlp.py:167: Finished mlp.fit in 0.036s
2026-02-02 17:00:19,671 INFO modssc.supervised.backends.torch.mlp mlp.py:75: Starting mlp.fit
2026-02-02 17:00:19,671 DEBUG modssc.supervised.backends.torch.mlp mlp.py:76: params hidden_sizes=(256, 256) activation=relu dropout=0.1 lr=0.001 weight_decay=0.0 batch_size=128 max_epochs=50 seed=398591604 n_jobs=None
2026-02-02 17:00:19,707 INFO modssc.supervised.backends.torch.mlp mlp.py:167: Finished mlp.fit in 0.036s
2026-02-02 17:00:19,708 DEBUG modssc.inductive.methods.co_training co_training.py:408: Co-training iter=2 selected_view1=3 selected_view2=3 remaining=68
2026-02-02 17:00:19,708 INFO modssc.supervised.backends.torch.mlp mlp.py:75: Starting mlp.fit
2026-02-02 17:00:19,708 DEBUG modssc.supervised.backends.torch.mlp mlp.py:76: params hidden_sizes=(256, 256) activation=relu dropout=0.1 lr=0.001 weight_decay=0.0 batch_size=128 max_epochs=50 seed=398591604 n_jobs=None
2026-02-02 17:00:19,744 INFO modssc.supervised.backends.torch.mlp mlp.py:167: Finished mlp.fit in 0.036s
2026-02-02 17:00:19,744 INFO modssc.supervised.backends.torch.mlp mlp.py:75: Starting mlp.fit
2026-02-02 17:00:19,744 DEBUG modssc.supervised.backends.torch.mlp mlp.py:76: params hidden_sizes=(256, 256) activation=relu dropout=0.1 lr=0.001 weight_decay=0.0 batch_size=128 max_epochs=50 seed=398591604 n_jobs=None
2026-02-02 17:00:19,780 INFO modssc.supervised.backends.torch.mlp mlp.py:167: Finished mlp.fit in 0.036s
2026-02-02 17:00:19,782 DEBUG modssc.inductive.methods.co_training co_training.py:408: Co-training iter=3 selected_view1=3 selected_view2=3 remaining=63
2026-02-02 17:00:19,782 INFO modssc.supervised.backends.torch.mlp mlp.py:75: Starting mlp.fit
2026-02-02 17:00:19,782 DEBUG modssc.supervised.backends.torch.mlp mlp.py:76: params hidden_sizes=(256, 256) activation=relu dropout=0.1 lr=0.001 weight_decay=0.0 batch_size=128 max_epochs=50 seed=398591604 n_jobs=None
2026-02-02 17:00:19,818 INFO modssc.supervised.backends.torch.mlp mlp.py:167: Finished mlp.fit in 0.036s
2026-02-02 17:00:19,818 INFO modssc.supervised.backends.torch.mlp mlp.py:75: Starting mlp.fit
2026-02-02 17:00:19,818 DEBUG modssc.supervised.backends.torch.mlp mlp.py:76: params hidden_sizes=(256, 256) activation=relu dropout=0.1 lr=0.001 weight_decay=0.0 batch_size=128 max_epochs=50 seed=398591604 n_jobs=None
2026-02-02 17:00:19,854 INFO modssc.supervised.backends.torch.mlp mlp.py:167: Finished mlp.fit in 0.036s
2026-02-02 17:00:19,855 DEBUG modssc.inductive.methods.co_training co_training.py:408: Co-training iter=4 selected_view1=3 selected_view2=3 remaining=57
2026-02-02 17:00:19,856 INFO modssc.supervised.backends.torch.mlp mlp.py:75: Starting mlp.fit
2026-02-02 17:00:19,856 DEBUG modssc.supervised.backends.torch.mlp mlp.py:76: params hidden_sizes=(256, 256) activation=relu dropout=0.1 lr=0.001 weight_decay=0.0 batch_size=128 max_epochs=50 seed=398591604 n_jobs=None
2026-02-02 17:00:19,891 INFO modssc.supervised.backends.torch.mlp mlp.py:167: Finished mlp.fit in 0.036s
2026-02-02 17:00:19,891 INFO modssc.supervised.backends.torch.mlp mlp.py:75: Starting mlp.fit
2026-02-02 17:00:19,891 DEBUG modssc.supervised.backends.torch.mlp mlp.py:76: params hidden_sizes=(256, 256) activation=relu dropout=0.1 lr=0.001 weight_decay=0.0 batch_size=128 max_epochs=50 seed=398591604 n_jobs=None
2026-02-02 17:00:19,927 INFO modssc.supervised.backends.torch.mlp mlp.py:167: Finished mlp.fit in 0.036s
2026-02-02 17:00:19,929 DEBUG modssc.inductive.methods.co_training co_training.py:408: Co-training iter=5 selected_view1=3 selected_view2=3 remaining=51
2026-02-02 17:00:19,929 INFO modssc.supervised.backends.torch.mlp mlp.py:75: Starting mlp.fit
2026-02-02 17:00:19,929 DEBUG modssc.supervised.backends.torch.mlp mlp.py:76: params hidden_sizes=(256, 256) activation=relu dropout=0.1 lr=0.001 weight_decay=0.0 batch_size=128 max_epochs=50 seed=398591604 n_jobs=None
2026-02-02 17:00:19,965 INFO modssc.supervised.backends.torch.mlp mlp.py:167: Finished mlp.fit in 0.036s
2026-02-02 17:00:19,965 INFO modssc.supervised.backends.torch.mlp mlp.py:75: Starting mlp.fit
2026-02-02 17:00:19,965 DEBUG modssc.supervised.backends.torch.mlp mlp.py:76: params hidden_sizes=(256, 256) activation=relu dropout=0.1 lr=0.001 weight_decay=0.0 batch_size=128 max_epochs=50 seed=398591604 n_jobs=None
2026-02-02 17:00:20,001 INFO modssc.supervised.backends.torch.mlp mlp.py:167: Finished mlp.fit in 0.036s
2026-02-02 17:00:20,002 DEBUG modssc.inductive.methods.co_training co_training.py:408: Co-training iter=6 selected_view1=3 selected_view2=3 remaining=46
2026-02-02 17:00:20,002 INFO modssc.supervised.backends.torch.mlp mlp.py:75: Starting mlp.fit
2026-02-02 17:00:20,002 DEBUG modssc.supervised.backends.torch.mlp mlp.py:76: params hidden_sizes=(256, 256) activation=relu dropout=0.1 lr=0.001 weight_decay=0.0 batch_size=128 max_epochs=50 seed=398591604 n_jobs=None
2026-02-02 17:00:20,038 INFO modssc.supervised.backends.torch.mlp mlp.py:167: Finished mlp.fit in 0.036s
2026-02-02 17:00:20,038 INFO modssc.supervised.backends.torch.mlp mlp.py:75: Starting mlp.fit
2026-02-02 17:00:20,038 DEBUG modssc.supervised.backends.torch.mlp mlp.py:76: params hidden_sizes=(256, 256) activation=relu dropout=0.1 lr=0.001 weight_decay=0.0 batch_size=128 max_epochs=50 seed=398591604 n_jobs=None
2026-02-02 17:00:20,074 INFO modssc.supervised.backends.torch.mlp mlp.py:167: Finished mlp.fit in 0.036s
2026-02-02 17:00:20,075 DEBUG modssc.inductive.methods.co_training co_training.py:408: Co-training iter=7 selected_view1=3 selected_view2=3 remaining=40
2026-02-02 17:00:20,075 INFO modssc.supervised.backends.torch.mlp mlp.py:75: Starting mlp.fit
2026-02-02 17:00:20,075 DEBUG modssc.supervised.backends.torch.mlp mlp.py:76: params hidden_sizes=(256, 256) activation=relu dropout=0.1 lr=0.001 weight_decay=0.0 batch_size=128 max_epochs=50 seed=398591604 n_jobs=None
2026-02-02 17:00:20,111 INFO modssc.supervised.backends.torch.mlp mlp.py:167: Finished mlp.fit in 0.036s
2026-02-02 17:00:20,111 INFO modssc.supervised.backends.torch.mlp mlp.py:75: Starting mlp.fit
2026-02-02 17:00:20,111 DEBUG modssc.supervised.backends.torch.mlp mlp.py:76: params hidden_sizes=(256, 256) activation=relu dropout=0.1 lr=0.001 weight_decay=0.0 batch_size=128 max_epochs=50 seed=398591604 n_jobs=None
2026-02-02 17:00:20,147 INFO modssc.supervised.backends.torch.mlp mlp.py:167: Finished mlp.fit in 0.036s
2026-02-02 17:00:20,149 DEBUG modssc.inductive.methods.co_training co_training.py:408: Co-training iter=8 selected_view1=3 selected_view2=3 remaining=34
2026-02-02 17:00:20,149 INFO modssc.supervised.backends.torch.mlp mlp.py:75: Starting mlp.fit
2026-02-02 17:00:20,149 DEBUG modssc.supervised.backends.torch.mlp mlp.py:76: params hidden_sizes=(256, 256) activation=relu dropout=0.1 lr=0.001 weight_decay=0.0 batch_size=128 max_epochs=50 seed=398591604 n_jobs=None
2026-02-02 17:00:20,184 INFO modssc.supervised.backends.torch.mlp mlp.py:167: Finished mlp.fit in 0.036s
2026-02-02 17:00:20,185 INFO modssc.supervised.backends.torch.mlp mlp.py:75: Starting mlp.fit
2026-02-02 17:00:20,185 DEBUG modssc.supervised.backends.torch.mlp mlp.py:76: params hidden_sizes=(256, 256) activation=relu dropout=0.1 lr=0.001 weight_decay=0.0 batch_size=128 max_epochs=50 seed=398591604 n_jobs=None
2026-02-02 17:00:20,220 INFO modssc.supervised.backends.torch.mlp mlp.py:167: Finished mlp.fit in 0.036s
2026-02-02 17:00:20,222 DEBUG modssc.inductive.methods.co_training co_training.py:408: Co-training iter=9 selected_view1=3 selected_view2=3 remaining=29
2026-02-02 17:00:20,222 INFO modssc.supervised.backends.torch.mlp mlp.py:75: Starting mlp.fit
2026-02-02 17:00:20,222 DEBUG modssc.supervised.backends.torch.mlp mlp.py:76: params hidden_sizes=(256, 256) activation=relu dropout=0.1 lr=0.001 weight_decay=0.0 batch_size=128 max_epochs=50 seed=398591604 n_jobs=None
2026-02-02 17:00:20,257 INFO modssc.supervised.backends.torch.mlp mlp.py:167: Finished mlp.fit in 0.036s
2026-02-02 17:00:20,258 INFO modssc.supervised.backends.torch.mlp mlp.py:75: Starting mlp.fit
2026-02-02 17:00:20,258 DEBUG modssc.supervised.backends.torch.mlp mlp.py:76: params hidden_sizes=(256, 256) activation=relu dropout=0.1 lr=0.001 weight_decay=0.0 batch_size=128 max_epochs=50 seed=398591604 n_jobs=None
2026-02-02 17:00:20,293 INFO modssc.supervised.backends.torch.mlp mlp.py:167: Finished mlp.fit in 0.036s
2026-02-02 17:00:20,295 DEBUG modssc.inductive.methods.co_training co_training.py:408: Co-training iter=10 selected_view1=3 selected_view2=3 remaining=23
2026-02-02 17:00:20,295 INFO modssc.supervised.backends.torch.mlp mlp.py:75: Starting mlp.fit
2026-02-02 17:00:20,295 DEBUG modssc.supervised.backends.torch.mlp mlp.py:76: params hidden_sizes=(256, 256) activation=relu dropout=0.1 lr=0.001 weight_decay=0.0 batch_size=128 max_epochs=50 seed=398591604 n_jobs=None
2026-02-02 17:00:20,331 INFO modssc.supervised.backends.torch.mlp mlp.py:167: Finished mlp.fit in 0.036s
2026-02-02 17:00:20,331 INFO modssc.supervised.backends.torch.mlp mlp.py:75: Starting mlp.fit
2026-02-02 17:00:20,331 DEBUG modssc.supervised.backends.torch.mlp mlp.py:76: params hidden_sizes=(256, 256) activation=relu dropout=0.1 lr=0.001 weight_decay=0.0 batch_size=128 max_epochs=50 seed=398591604 n_jobs=None
2026-02-02 17:00:20,366 INFO modssc.supervised.backends.torch.mlp mlp.py:167: Finished mlp.fit in 0.036s
2026-02-02 17:00:20,368 DEBUG modssc.inductive.methods.co_training co_training.py:408: Co-training iter=11 selected_view1=3 selected_view2=3 remaining=18
2026-02-02 17:00:20,368 INFO modssc.supervised.backends.torch.mlp mlp.py:75: Starting mlp.fit
2026-02-02 17:00:20,368 DEBUG modssc.supervised.backends.torch.mlp mlp.py:76: params hidden_sizes=(256, 256) activation=relu dropout=0.1 lr=0.001 weight_decay=0.0 batch_size=128 max_epochs=50 seed=398591604 n_jobs=None
2026-02-02 17:00:20,404 INFO modssc.supervised.backends.torch.mlp mlp.py:167: Finished mlp.fit in 0.036s
2026-02-02 17:00:20,404 INFO modssc.supervised.backends.torch.mlp mlp.py:75: Starting mlp.fit
2026-02-02 17:00:20,404 DEBUG modssc.supervised.backends.torch.mlp mlp.py:76: params hidden_sizes=(256, 256) activation=relu dropout=0.1 lr=0.001 weight_decay=0.0 batch_size=128 max_epochs=50 seed=398591604 n_jobs=None
2026-02-02 17:00:20,439 INFO modssc.supervised.backends.torch.mlp mlp.py:167: Finished mlp.fit in 0.036s
2026-02-02 17:00:20,441 DEBUG modssc.inductive.methods.co_training co_training.py:408: Co-training iter=12 selected_view1=3 selected_view2=3 remaining=12
2026-02-02 17:00:20,441 INFO modssc.supervised.backends.torch.mlp mlp.py:75: Starting mlp.fit
2026-02-02 17:00:20,441 DEBUG modssc.supervised.backends.torch.mlp mlp.py:76: params hidden_sizes=(256, 256) activation=relu dropout=0.1 lr=0.001 weight_decay=0.0 batch_size=128 max_epochs=50 seed=398591604 n_jobs=None
2026-02-02 17:00:20,477 INFO modssc.supervised.backends.torch.mlp mlp.py:167: Finished mlp.fit in 0.036s
2026-02-02 17:00:20,477 INFO modssc.supervised.backends.torch.mlp mlp.py:75: Starting mlp.fit
2026-02-02 17:00:20,477 DEBUG modssc.supervised.backends.torch.mlp mlp.py:76: params hidden_sizes=(256, 256) activation=relu dropout=0.1 lr=0.001 weight_decay=0.0 batch_size=128 max_epochs=50 seed=398591604 n_jobs=None
2026-02-02 17:00:20,512 INFO modssc.supervised.backends.torch.mlp mlp.py:167: Finished mlp.fit in 0.036s
2026-02-02 17:00:20,514 DEBUG modssc.inductive.methods.co_training co_training.py:408: Co-training iter=13 selected_view1=3 selected_view2=2 remaining=8
2026-02-02 17:00:20,514 INFO modssc.supervised.backends.torch.mlp mlp.py:75: Starting mlp.fit
2026-02-02 17:00:20,514 DEBUG modssc.supervised.backends.torch.mlp mlp.py:76: params hidden_sizes=(256, 256) activation=relu dropout=0.1 lr=0.001 weight_decay=0.0 batch_size=128 max_epochs=50 seed=398591604 n_jobs=None
2026-02-02 17:00:20,550 INFO modssc.supervised.backends.torch.mlp mlp.py:167: Finished mlp.fit in 0.036s
2026-02-02 17:00:20,550 INFO modssc.supervised.backends.torch.mlp mlp.py:75: Starting mlp.fit
2026-02-02 17:00:20,550 DEBUG modssc.supervised.backends.torch.mlp mlp.py:76: params hidden_sizes=(256, 256) activation=relu dropout=0.1 lr=0.001 weight_decay=0.0 batch_size=128 max_epochs=50 seed=398591604 n_jobs=None
2026-02-02 17:00:20,586 INFO modssc.supervised.backends.torch.mlp mlp.py:167: Finished mlp.fit in 0.036s
2026-02-02 17:00:20,587 DEBUG modssc.inductive.methods.co_training co_training.py:408: Co-training iter=14 selected_view1=3 selected_view2=2 remaining=5
2026-02-02 17:00:20,587 INFO modssc.supervised.backends.torch.mlp mlp.py:75: Starting mlp.fit
2026-02-02 17:00:20,587 DEBUG modssc.supervised.backends.torch.mlp mlp.py:76: params hidden_sizes=(256, 256) activation=relu dropout=0.1 lr=0.001 weight_decay=0.0 batch_size=128 max_epochs=50 seed=398591604 n_jobs=None
2026-02-02 17:00:20,623 INFO modssc.supervised.backends.torch.mlp mlp.py:167: Finished mlp.fit in 0.036s
2026-02-02 17:00:20,623 INFO modssc.supervised.backends.torch.mlp mlp.py:75: Starting mlp.fit
2026-02-02 17:00:20,623 DEBUG modssc.supervised.backends.torch.mlp mlp.py:76: params hidden_sizes=(256, 256) activation=relu dropout=0.1 lr=0.001 weight_decay=0.0 batch_size=128 max_epochs=50 seed=398591604 n_jobs=None
2026-02-02 17:00:20,659 INFO modssc.supervised.backends.torch.mlp mlp.py:167: Finished mlp.fit in 0.036s
2026-02-02 17:00:20,663 DEBUG modssc.inductive.methods.co_training co_training.py:408: Co-training iter=15 selected_view1=2 selected_view2=1 remaining=3
2026-02-02 17:00:20,663 INFO modssc.supervised.backends.torch.mlp mlp.py:75: Starting mlp.fit
2026-02-02 17:00:20,663 DEBUG modssc.supervised.backends.torch.mlp mlp.py:76: params hidden_sizes=(256, 256) activation=relu dropout=0.1 lr=0.001 weight_decay=0.0 batch_size=128 max_epochs=50 seed=398591604 n_jobs=None
2026-02-02 17:00:20,699 INFO modssc.supervised.backends.torch.mlp mlp.py:167: Finished mlp.fit in 0.036s
2026-02-02 17:00:20,699 INFO modssc.supervised.backends.torch.mlp mlp.py:75: Starting mlp.fit
2026-02-02 17:00:20,699 DEBUG modssc.supervised.backends.torch.mlp mlp.py:76: params hidden_sizes=(256, 256) activation=relu dropout=0.1 lr=0.001 weight_decay=0.0 batch_size=128 max_epochs=50 seed=398591604 n_jobs=None
2026-02-02 17:00:20,735 INFO modssc.supervised.backends.torch.mlp mlp.py:167: Finished mlp.fit in 0.036s
2026-02-02 17:00:20,737 DEBUG modssc.inductive.methods.co_training co_training.py:408: Co-training iter=16 selected_view1=1 selected_view2=1 remaining=2
2026-02-02 17:00:20,737 INFO modssc.supervised.backends.torch.mlp mlp.py:75: Starting mlp.fit
2026-02-02 17:00:20,737 DEBUG modssc.supervised.backends.torch.mlp mlp.py:76: params hidden_sizes=(256, 256) activation=relu dropout=0.1 lr=0.001 weight_decay=0.0 batch_size=128 max_epochs=50 seed=398591604 n_jobs=None
2026-02-02 17:00:20,773 INFO modssc.supervised.backends.torch.mlp mlp.py:167: Finished mlp.fit in 0.036s
2026-02-02 17:00:20,773 INFO modssc.supervised.backends.torch.mlp mlp.py:75: Starting mlp.fit
2026-02-02 17:00:20,773 DEBUG modssc.supervised.backends.torch.mlp mlp.py:76: params hidden_sizes=(256, 256) activation=relu dropout=0.1 lr=0.001 weight_decay=0.0 batch_size=128 max_epochs=50 seed=398591604 n_jobs=None
2026-02-02 17:00:20,808 INFO modssc.supervised.backends.torch.mlp mlp.py:167: Finished mlp.fit in 0.036s
2026-02-02 17:00:20,810 DEBUG modssc.inductive.methods.co_training co_training.py:408: Co-training iter=17 selected_view1=1 selected_view2=1 remaining=0
2026-02-02 17:00:20,810 INFO modssc.supervised.backends.torch.mlp mlp.py:75: Starting mlp.fit
2026-02-02 17:00:20,810 DEBUG modssc.supervised.backends.torch.mlp mlp.py:76: params hidden_sizes=(256, 256) activation=relu dropout=0.1 lr=0.001 weight_decay=0.0 batch_size=128 max_epochs=50 seed=398591604 n_jobs=None
2026-02-02 17:00:20,846 INFO modssc.supervised.backends.torch.mlp mlp.py:167: Finished mlp.fit in 0.036s
2026-02-02 17:00:20,846 INFO modssc.supervised.backends.torch.mlp mlp.py:75: Starting mlp.fit
2026-02-02 17:00:20,846 DEBUG modssc.supervised.backends.torch.mlp mlp.py:76: params hidden_sizes=(256, 256) activation=relu dropout=0.1 lr=0.001 weight_decay=0.0 batch_size=128 max_epochs=50 seed=398591604 n_jobs=None
2026-02-02 17:00:20,882 INFO modssc.supervised.backends.torch.mlp mlp.py:167: Finished mlp.fit in 0.036s
2026-02-02 17:00:20,882 INFO modssc.supervised.backends.torch.mlp mlp.py:75: Starting mlp.fit
2026-02-02 17:00:20,882 DEBUG modssc.supervised.backends.torch.mlp mlp.py:76: params hidden_sizes=(256, 256) activation=relu dropout=0.1 lr=0.001 weight_decay=0.0 batch_size=128 max_epochs=50 seed=398591604 n_jobs=None
2026-02-02 17:00:20,918 INFO modssc.supervised.backends.torch.mlp mlp.py:167: Finished mlp.fit in 0.036s
2026-02-02 17:00:20,918 INFO modssc.supervised.backends.torch.mlp mlp.py:75: Starting mlp.fit
2026-02-02 17:00:20,918 DEBUG modssc.supervised.backends.torch.mlp mlp.py:76: params hidden_sizes=(256, 256) activation=relu dropout=0.1 lr=0.001 weight_decay=0.0 batch_size=128 max_epochs=50 seed=398591604 n_jobs=None
2026-02-02 17:00:20,954 INFO modssc.supervised.backends.torch.mlp mlp.py:167: Finished mlp.fit in 0.036s
2026-02-02 17:00:20,954 INFO modssc.inductive.methods.co_training co_training.py:424: Finished co_training.fit in 2.482s
2026-02-02 17:00:20,954 INFO bench.orchestrators.method_inductive method_inductive.py:550: Inductive method done: id=co_training duration_s=2.499
2026-02-02 17:00:20,954 INFO bench.orchestrators.evaluation evaluation.py:189: Evaluation (inductive): splits=['val', 'test'] metrics=['accuracy', 'macro_f1']
2026-02-02 17:00:20,965 INFO bench.orchestrators.evaluation evaluation.py:231: Evaluation (inductive) done: duration_s=0.012
2026-02-02 17:00:20,967 INFO bench.orchestrators.reporting reporting.py:54: Run summary written: /nfs/home/mbarbaux/ModSSC/runs/inductive/co_training/tabular/iris/best_tabular_inductive_co_training_iris-20260202T160017Z/run.json status=success duration_s=0.001
