2026-02-02 15:11:10,379 INFO bench.orchestrators.dataset dataset.py:36: Dataset start: id=adult download=True cache_dir=None
2026-02-02 15:11:10,379 DEBUG bench.orchestrators.dataset dataset.py:42: Dataset options: []
2026-02-02 15:11:10,382 DEBUG modssc.data_loader.providers __init__.py:38: Creating provider: openml
2026-02-02 15:11:10,382 DEBUG modssc.data_loader.api api.py:316: Resolved dataset id=adult provider=openml canonical_uri=openml:1590
2026-02-02 15:11:10,383 INFO modssc.data_loader.api api.py:117: Dataset load: id=adult provider=openml version=None fingerprint=f9281cab47a3de02bacdff6aeecab3cc3bec164d4d321622f81551b6b4f82967 download=True force=False cache_dir=/nfs/home/mbarbaux/ModSSC/cache/datasets
2026-02-02 15:11:10,383 DEBUG modssc.data_loader.api api.py:127: Dataset resolved_kwargs: {'data_id': 1590, 'name': None, 'version': None, 'as_frame': False, 'target_column': None, 'class_filter': None, 'max_samples': None, 'seed': None}
2026-02-02 15:11:10,444 DEBUG modssc.data_loader.api api.py:403: Loaded cached dataset: fingerprint=f9281cab47a3de02bacdff6aeecab3cc3bec164d4d321622f81551b6b4f82967
2026-02-02 15:11:10,464 INFO modssc.data_loader.api api.py:133: Dataset cached: id=adult train=48842 test=None n_classes=2 duration_s=0.084
2026-02-02 15:11:10,464 INFO bench.orchestrators.dataset dataset.py:54: Dataset loaded: train=48842 test=None graph=False fingerprint=f9281cab47a3de02bacdff6aeecab3cc3bec164d4d321622f81551b6b4f82967 provider=openml
2026-02-02 15:11:10,464 INFO bench.orchestrators.dataset dataset.py:62: Dataset stage done: duration_s=0.085
2026-02-02 15:11:10,512 INFO bench.orchestrators.sampling sampling.py:86: Sampling start: seed=1 dataset_id=adult
2026-02-02 15:11:10,512 DEBUG bench.orchestrators.sampling sampling.py:87: Sampling plan: split={'kind': 'holdout', 'test_fraction': 0.2, 'val_fraction': 0.1, 'stratify': True, 'shuffle': True} labeling={'mode': 'fraction', 'value': 0.2, 'per_class': False, 'min_per_class': 1, 'strategy': 'balanced', 'fixed_indices': None} imbalance={'kind': 'none', 'apply_to': 'train', 'max_per_class': None, 'alpha': None, 'min_per_class': 1} policy={'respect_official_test': True, 'use_official_graph_masks': True, 'allow_override_official': False}
2026-02-02 15:11:10,512 DEBUG bench.orchestrators.sampling sampling.py:98: Sampling dataset_fingerprint=f9281cab47a3de02bacdff6aeecab3cc3bec164d4d321622f81551b6b4f82967
2026-02-02 15:11:10,512 INFO modssc.sampling.api api.py:99: Sampling start: dataset_id=adult dataset_fingerprint=f9281cab47a3de02bacdff6aeecab3cc3bec164d4d321622f81551b6b4f82967 seed=1 graph=False split=holdout
2026-02-02 15:11:10,512 DEBUG modssc.sampling.api api.py:107: Sampling plan: {'split': {'kind': 'holdout', 'test_fraction': 0.2, 'val_fraction': 0.1, 'stratify': True, 'shuffle': True}, 'labeling': {'mode': 'fraction', 'value': 0.2, 'per_class': False, 'min_per_class': 1, 'strategy': 'balanced', 'fixed_indices': None}, 'imbalance': {'kind': 'none', 'apply_to': 'train', 'max_per_class': None, 'alpha': None, 'min_per_class': 1}, 'policy': {'respect_official_test': True, 'use_official_graph_masks': True, 'allow_override_official': False}}
2026-02-02 15:11:10,609 INFO modssc.sampling.api api.py:141: Sampling done: train=35167 val=3907 test=9768 labeled=7033 unlabeled=28134 duration_s=0.097
2026-02-02 15:11:10,609 DEBUG modssc.sampling.api api.py:150: Sampling stats: {'policy': {'respect_official_test': True, 'has_official_test': False, 'test_ref': 'train'}, 'train': {'n': 35167, 'classes': {'<=50K': 26752, '>50K': 8415}}, 'val': {'n': 3907, 'classes': {'<=50K': 2972, '>50K': 935}}, 'train_labeled': {'n': 7033, 'classes': {'<=50K': 3517, '>50K': 3516}}, 'train_unlabeled': {'n': 28134}, 'test': {'n': 9768, 'classes': {'<=50K': 7431, '>50K': 2337}}}
2026-02-02 15:11:10,630 INFO bench.orchestrators.sampling sampling.py:123: Sampling result: train=35167 val=3907 test=9768 labeled=7033 unlabeled=28134 graph=False
2026-02-02 15:11:10,630 DEBUG bench.orchestrators.sampling sampling.py:132: Sampling stats: {'policy': {'respect_official_test': True, 'has_official_test': False, 'test_ref': 'train'}, 'train': {'n': 35167, 'classes': {'<=50K': 26752, '>50K': 8415}}, 'val': {'n': 3907, 'classes': {'<=50K': 2972, '>50K': 935}}, 'train_labeled': {'n': 7033, 'classes': {'<=50K': 3517, '>50K': 3516}}, 'train_unlabeled': {'n': 28134}, 'test': {'n': 9768, 'classes': {'<=50K': 7431, '>50K': 2337}}}
2026-02-02 15:11:10,630 INFO bench.orchestrators.sampling sampling.py:133: Sampling stage done: duration_s=0.118
2026-02-02 15:11:10,631 INFO bench.orchestrators.preprocess preprocess.py:105: Preprocess start: seed=1 cache=True n_steps=7 fit_indices=7033
2026-02-02 15:11:10,631 DEBUG bench.orchestrators.preprocess preprocess.py:112: Preprocess plan: output_key=features.X steps=['labels.encode', 'labels.to_torch', 'tabular.one_hot', 'core.ensure_2d', 'tabular.impute', 'tabular.standard_scaler', 'core.to_torch']
2026-02-02 15:11:10,631 INFO modssc.preprocess.api api.py:490: Preprocess start: dataset_fp=f9281cab47a3de02bacdff6aeecab3cc3bec164d4d321622f81551b6b4f82967 steps=['labels.encode', 'labels.to_torch', 'tabular.one_hot', 'core.ensure_2d', 'tabular.impute', 'tabular.standard_scaler', 'core.to_torch'] output_key=features.X seed=1 cache=True
2026-02-02 15:11:10,631 DEBUG modssc.preprocess.api api.py:498: Preprocess input shapes: train_X=(48842, 14) train_y=(48842,) test_X=None test_y=None
2026-02-02 15:11:10,631 INFO modssc.preprocess.api api.py:505: Preprocess input size: train_data=5.6 MB test_data=n/a
2026-02-02 15:11:10,631 DEBUG modssc.preprocess.api api.py:521: Preprocess step start: id=labels.encode index=0 kind=transform params={}
2026-02-02 15:11:10,634 DEBUG modssc.preprocess.api api.py:605: Preprocess step train outputs: id=labels.encode keys=['labels.classes', 'labels.y'] duration_s=0.003
2026-02-02 15:11:10,634 INFO modssc.preprocess.api api.py:679: Preprocess step done: id=labels.encode index=0 duration_s=0.003 train_data=5.6 MB test_data=n/a
2026-02-02 15:11:10,634 DEBUG modssc.preprocess.api api.py:521: Preprocess step start: id=labels.to_torch index=1 kind=transform params={'device': 'auto', 'dtype': 'int64'}
2026-02-02 15:11:10,730 DEBUG modssc.preprocess.api api.py:605: Preprocess step train outputs: id=labels.to_torch keys=['labels.y'] duration_s=0.096
2026-02-02 15:11:10,730 INFO modssc.preprocess.api api.py:267: Preprocess GPU device: device=cuda:0 model=NVIDIA L40
2026-02-02 15:11:10,730 INFO modssc.preprocess.api api.py:679: Preprocess step done: id=labels.to_torch index=1 duration_s=0.096 train_data=5.6 MB test_data=n/a
2026-02-02 15:11:10,731 DEBUG modssc.preprocess.api api.py:521: Preprocess step start: id=tabular.one_hot index=2 kind=fittable params={}
2026-02-02 15:11:11,616 DEBUG modssc.preprocess.api api.py:605: Preprocess step train outputs: id=tabular.one_hot keys=['features.X'] duration_s=0.885
2026-02-02 15:11:11,616 INFO modssc.preprocess.api api.py:679: Preprocess step done: id=tabular.one_hot index=2 duration_s=0.885 train_data=20.1 MB test_data=n/a
2026-02-02 15:11:11,616 DEBUG modssc.preprocess.api api.py:521: Preprocess step start: id=core.ensure_2d index=3 kind=transform params={}
2026-02-02 15:11:11,623 DEBUG modssc.preprocess.api api.py:605: Preprocess step train outputs: id=core.ensure_2d keys=['features.X'] duration_s=0.006
2026-02-02 15:11:11,623 INFO modssc.preprocess.api api.py:679: Preprocess step done: id=core.ensure_2d index=3 duration_s=0.007 train_data=20.1 MB test_data=n/a
2026-02-02 15:11:11,623 DEBUG modssc.preprocess.api api.py:521: Preprocess step start: id=tabular.impute index=4 kind=fittable params={}
2026-02-02 15:11:11,693 DEBUG modssc.preprocess.api api.py:605: Preprocess step train outputs: id=tabular.impute keys=['features.X'] duration_s=0.070
2026-02-02 15:11:11,693 INFO modssc.preprocess.api api.py:679: Preprocess step done: id=tabular.impute index=4 duration_s=0.070 train_data=20.1 MB test_data=n/a
2026-02-02 15:11:11,693 DEBUG modssc.preprocess.api api.py:521: Preprocess step start: id=tabular.standard_scaler index=5 kind=fittable params={}
2026-02-02 15:11:11,702 DEBUG modssc.preprocess.api api.py:605: Preprocess step train outputs: id=tabular.standard_scaler keys=['features.X'] duration_s=0.009
2026-02-02 15:11:11,702 INFO modssc.preprocess.api api.py:679: Preprocess step done: id=tabular.standard_scaler index=5 duration_s=0.009 train_data=20.1 MB test_data=n/a
2026-02-02 15:11:11,702 DEBUG modssc.preprocess.api api.py:521: Preprocess step start: id=core.to_torch index=6 kind=transform params={'device': 'auto', 'dtype': 'float32'}
2026-02-02 15:11:11,708 DEBUG modssc.preprocess.api api.py:605: Preprocess step train outputs: id=core.to_torch keys=['features.X'] duration_s=0.006
2026-02-02 15:11:11,708 INFO modssc.preprocess.api api.py:679: Preprocess step done: id=core.to_torch index=6 duration_s=0.006 train_data=20.1 MB test_data=n/a
2026-02-02 15:11:11,708 INFO modssc.preprocess.api api.py:730: Preprocess done: dataset_fp=f9281cab47a3de02bacdff6aeecab3cc3bec164d4d321622f81551b6b4f82967 duration_s=1.077 train_X=(48842, 106) test_X=None
2026-02-02 15:11:11,708 INFO bench.orchestrators.preprocess preprocess.py:124: Preprocess result: fingerprint=preprocess:4a34efb2af7b2f814e0c648ef7e59972547c0b2de37b10570aceee8bd9625ae2 plan_fingerprint=resolved_plan:6ed490995fe0d8f1eb30fd0ca8262522145e7cafa3ba073f9c42e71d197f40ef cache_dir=/nfs/home/mbarbaux/ModSSC/cache/preprocess/f9281cab47a3de02bacdff6aeecab3cc3bec164d4d321622f81551b6b4f82967 skipped=[]
2026-02-02 15:11:11,708 DEBUG bench.orchestrators.preprocess preprocess.py:131: Preprocess output shapes: train_X=(48842, 106) test_X=None
2026-02-02 15:11:11,708 INFO bench.orchestrators.preprocess preprocess.py:136: Preprocess stage done: duration_s=1.077
2026-02-02 15:11:11,708 INFO bench.orchestrators.method_inductive method_inductive.py:441: Inductive method start: id=tri_training seed=398591604 device=auto dtype=float32 model=None
2026-02-02 15:11:11,708 DEBUG bench.orchestrators.method_inductive method_inductive.py:470: Inductive method params: {'classifier_id': 'mlp', 'classifier_backend': 'torch', 'classifier_params': {'hidden_sizes': [256, 256], 'activation': 'relu', 'dropout': 0.1, 'lr': 0.001, 'weight_decay': 0.0, 'batch_size': 128, 'max_epochs': 50}, 'max_iter': 20, 'bootstrap_ratio': 1.0}
2026-02-02 15:11:11,708 INFO bench.orchestrators.method_inductive method_inductive.py:476: Inductive method data: n_labeled=7033 n_unlabeled=28134
2026-02-02 15:11:11,720 INFO modssc.inductive.methods.tri_training tri_training.py:66: Starting tri_training.fit
2026-02-02 15:11:11,720 DEBUG modssc.inductive.methods.tri_training tri_training.py:67: spec=TriTrainingSpec(classifier_id='mlp', classifier_backend='torch', classifier_params={'hidden_sizes': [256, 256], 'activation': 'relu', 'dropout': 0.1, 'lr': 0.001, 'weight_decay': 0.0, 'batch_size': 128, 'max_epochs': 50}, max_iter=20, confidence_threshold=None, max_new_labels=None, bootstrap_ratio=1.0) device=DeviceSpec(device='auto', dtype='float32') seed=398591604
2026-02-02 15:11:11,720 DEBUG modssc.inductive.methods.tri_training tri_training.py:70: backend=torch
2026-02-02 15:11:11,720 INFO modssc.inductive.methods.tri_training tri_training.py:178: Tri-training sizes: n_labeled=7033 n_unlabeled=28134
2026-02-02 15:11:11,727 INFO modssc.supervised.backends.torch.mlp mlp.py:75: Starting mlp.fit
2026-02-02 15:11:11,727 DEBUG modssc.supervised.backends.torch.mlp mlp.py:76: params hidden_sizes=(256, 256) activation=relu dropout=0.1 lr=0.001 weight_decay=0.0 batch_size=128 max_epochs=50 seed=398591604 n_jobs=None
2026-02-02 15:11:14,441 INFO modssc.supervised.backends.torch.mlp mlp.py:167: Finished mlp.fit in 2.714s
2026-02-02 15:11:14,441 INFO modssc.supervised.backends.torch.mlp mlp.py:75: Starting mlp.fit
2026-02-02 15:11:14,442 DEBUG modssc.supervised.backends.torch.mlp mlp.py:76: params hidden_sizes=(256, 256) activation=relu dropout=0.1 lr=0.001 weight_decay=0.0 batch_size=128 max_epochs=50 seed=398591605 n_jobs=None
2026-02-02 15:11:16,217 INFO modssc.supervised.backends.torch.mlp mlp.py:167: Finished mlp.fit in 1.776s
2026-02-02 15:11:16,218 INFO modssc.supervised.backends.torch.mlp mlp.py:75: Starting mlp.fit
2026-02-02 15:11:16,218 DEBUG modssc.supervised.backends.torch.mlp mlp.py:76: params hidden_sizes=(256, 256) activation=relu dropout=0.1 lr=0.001 weight_decay=0.0 batch_size=128 max_epochs=50 seed=398591606 n_jobs=None
2026-02-02 15:11:17,996 INFO modssc.supervised.backends.torch.mlp mlp.py:167: Finished mlp.fit in 1.778s
2026-02-02 15:11:18,039 DEBUG modssc.inductive.methods.tri_training tri_training.py:263: Tri-training iter=0 new_added=73802 threshold=None
2026-02-02 15:11:18,047 INFO modssc.supervised.backends.torch.mlp mlp.py:75: Starting mlp.fit
2026-02-02 15:11:18,047 DEBUG modssc.supervised.backends.torch.mlp mlp.py:76: params hidden_sizes=(256, 256) activation=relu dropout=0.1 lr=0.001 weight_decay=0.0 batch_size=128 max_epochs=50 seed=398591604 n_jobs=None
2026-02-02 15:11:25,187 INFO modssc.supervised.backends.torch.mlp mlp.py:167: Finished mlp.fit in 7.140s
2026-02-02 15:11:25,192 INFO modssc.supervised.backends.torch.mlp mlp.py:75: Starting mlp.fit
2026-02-02 15:11:25,192 DEBUG modssc.supervised.backends.torch.mlp mlp.py:76: params hidden_sizes=(256, 256) activation=relu dropout=0.1 lr=0.001 weight_decay=0.0 batch_size=128 max_epochs=50 seed=398591605 n_jobs=None
2026-02-02 15:11:32,301 INFO modssc.supervised.backends.torch.mlp mlp.py:167: Finished mlp.fit in 7.109s
2026-02-02 15:11:32,306 INFO modssc.supervised.backends.torch.mlp mlp.py:75: Starting mlp.fit
2026-02-02 15:11:32,306 DEBUG modssc.supervised.backends.torch.mlp mlp.py:76: params hidden_sizes=(256, 256) activation=relu dropout=0.1 lr=0.001 weight_decay=0.0 batch_size=128 max_epochs=50 seed=398591606 n_jobs=None
2026-02-02 15:11:39,493 INFO modssc.supervised.backends.torch.mlp mlp.py:167: Finished mlp.fit in 7.187s
2026-02-02 15:11:39,503 DEBUG modssc.inductive.methods.tri_training tri_training.py:263: Tri-training iter=1 new_added=7473 threshold=None
2026-02-02 15:11:39,508 INFO modssc.supervised.backends.torch.mlp mlp.py:75: Starting mlp.fit
2026-02-02 15:11:39,508 DEBUG modssc.supervised.backends.torch.mlp mlp.py:76: params hidden_sizes=(256, 256) activation=relu dropout=0.1 lr=0.001 weight_decay=0.0 batch_size=128 max_epochs=50 seed=398591604 n_jobs=None
2026-02-02 15:11:47,259 INFO modssc.supervised.backends.torch.mlp mlp.py:167: Finished mlp.fit in 7.751s
2026-02-02 15:11:47,265 INFO modssc.supervised.backends.torch.mlp mlp.py:75: Starting mlp.fit
2026-02-02 15:11:47,265 DEBUG modssc.supervised.backends.torch.mlp mlp.py:76: params hidden_sizes=(256, 256) activation=relu dropout=0.1 lr=0.001 weight_decay=0.0 batch_size=128 max_epochs=50 seed=398591605 n_jobs=None
2026-02-02 15:11:54,926 INFO modssc.supervised.backends.torch.mlp mlp.py:167: Finished mlp.fit in 7.662s
2026-02-02 15:11:54,932 INFO modssc.supervised.backends.torch.mlp mlp.py:75: Starting mlp.fit
2026-02-02 15:11:54,932 DEBUG modssc.supervised.backends.torch.mlp mlp.py:76: params hidden_sizes=(256, 256) activation=relu dropout=0.1 lr=0.001 weight_decay=0.0 batch_size=128 max_epochs=50 seed=398591606 n_jobs=None
2026-02-02 15:12:02,651 INFO modssc.supervised.backends.torch.mlp mlp.py:167: Finished mlp.fit in 7.719s
2026-02-02 15:12:02,660 DEBUG modssc.inductive.methods.tri_training tri_training.py:263: Tri-training iter=2 new_added=2063 threshold=None
2026-02-02 15:12:02,665 INFO modssc.supervised.backends.torch.mlp mlp.py:75: Starting mlp.fit
2026-02-02 15:12:02,665 DEBUG modssc.supervised.backends.torch.mlp mlp.py:76: params hidden_sizes=(256, 256) activation=relu dropout=0.1 lr=0.001 weight_decay=0.0 batch_size=128 max_epochs=50 seed=398591604 n_jobs=None
2026-02-02 15:12:10,608 INFO modssc.supervised.backends.torch.mlp mlp.py:167: Finished mlp.fit in 7.942s
2026-02-02 15:12:10,613 INFO modssc.supervised.backends.torch.mlp mlp.py:75: Starting mlp.fit
2026-02-02 15:12:10,613 DEBUG modssc.supervised.backends.torch.mlp mlp.py:76: params hidden_sizes=(256, 256) activation=relu dropout=0.1 lr=0.001 weight_decay=0.0 batch_size=128 max_epochs=50 seed=398591605 n_jobs=None
2026-02-02 15:12:18,491 INFO modssc.supervised.backends.torch.mlp mlp.py:167: Finished mlp.fit in 7.877s
2026-02-02 15:12:18,497 INFO modssc.supervised.backends.torch.mlp mlp.py:75: Starting mlp.fit
2026-02-02 15:12:18,497 DEBUG modssc.supervised.backends.torch.mlp mlp.py:76: params hidden_sizes=(256, 256) activation=relu dropout=0.1 lr=0.001 weight_decay=0.0 batch_size=128 max_epochs=50 seed=398591606 n_jobs=None
2026-02-02 15:12:26,458 INFO modssc.supervised.backends.torch.mlp mlp.py:167: Finished mlp.fit in 7.962s
2026-02-02 15:12:26,468 DEBUG modssc.inductive.methods.tri_training tri_training.py:263: Tri-training iter=3 new_added=487 threshold=None
2026-02-02 15:12:26,474 INFO modssc.supervised.backends.torch.mlp mlp.py:75: Starting mlp.fit
2026-02-02 15:12:26,474 DEBUG modssc.supervised.backends.torch.mlp mlp.py:76: params hidden_sizes=(256, 256) activation=relu dropout=0.1 lr=0.001 weight_decay=0.0 batch_size=128 max_epochs=50 seed=398591604 n_jobs=None
2026-02-02 15:12:34,367 INFO modssc.supervised.backends.torch.mlp mlp.py:167: Finished mlp.fit in 7.893s
2026-02-02 15:12:34,374 INFO modssc.supervised.backends.torch.mlp mlp.py:75: Starting mlp.fit
2026-02-02 15:12:34,374 DEBUG modssc.supervised.backends.torch.mlp mlp.py:76: params hidden_sizes=(256, 256) activation=relu dropout=0.1 lr=0.001 weight_decay=0.0 batch_size=128 max_epochs=50 seed=398591605 n_jobs=None
2026-02-02 15:12:42,320 INFO modssc.supervised.backends.torch.mlp mlp.py:167: Finished mlp.fit in 7.947s
2026-02-02 15:12:42,326 INFO modssc.supervised.backends.torch.mlp mlp.py:75: Starting mlp.fit
2026-02-02 15:12:42,326 DEBUG modssc.supervised.backends.torch.mlp mlp.py:76: params hidden_sizes=(256, 256) activation=relu dropout=0.1 lr=0.001 weight_decay=0.0 batch_size=128 max_epochs=50 seed=398591606 n_jobs=None
2026-02-02 15:12:50,246 INFO modssc.supervised.backends.torch.mlp mlp.py:167: Finished mlp.fit in 7.920s
2026-02-02 15:12:50,255 DEBUG modssc.inductive.methods.tri_training tri_training.py:263: Tri-training iter=4 new_added=205 threshold=None
2026-02-02 15:12:50,261 INFO modssc.supervised.backends.torch.mlp mlp.py:75: Starting mlp.fit
2026-02-02 15:12:50,261 DEBUG modssc.supervised.backends.torch.mlp mlp.py:76: params hidden_sizes=(256, 256) activation=relu dropout=0.1 lr=0.001 weight_decay=0.0 batch_size=128 max_epochs=50 seed=398591604 n_jobs=None
2026-02-02 15:12:58,168 INFO modssc.supervised.backends.torch.mlp mlp.py:167: Finished mlp.fit in 7.907s
2026-02-02 15:12:58,175 INFO modssc.supervised.backends.torch.mlp mlp.py:75: Starting mlp.fit
2026-02-02 15:12:58,175 DEBUG modssc.supervised.backends.torch.mlp mlp.py:76: params hidden_sizes=(256, 256) activation=relu dropout=0.1 lr=0.001 weight_decay=0.0 batch_size=128 max_epochs=50 seed=398591605 n_jobs=None
2026-02-02 15:13:06,069 INFO modssc.supervised.backends.torch.mlp mlp.py:167: Finished mlp.fit in 7.894s
2026-02-02 15:13:06,075 INFO modssc.supervised.backends.torch.mlp mlp.py:75: Starting mlp.fit
2026-02-02 15:13:06,075 DEBUG modssc.supervised.backends.torch.mlp mlp.py:76: params hidden_sizes=(256, 256) activation=relu dropout=0.1 lr=0.001 weight_decay=0.0 batch_size=128 max_epochs=50 seed=398591606 n_jobs=None
2026-02-02 15:13:14,026 INFO modssc.supervised.backends.torch.mlp mlp.py:167: Finished mlp.fit in 7.951s
2026-02-02 15:13:14,035 DEBUG modssc.inductive.methods.tri_training tri_training.py:263: Tri-training iter=5 new_added=89 threshold=None
2026-02-02 15:13:14,041 INFO modssc.supervised.backends.torch.mlp mlp.py:75: Starting mlp.fit
2026-02-02 15:13:14,041 DEBUG modssc.supervised.backends.torch.mlp mlp.py:76: params hidden_sizes=(256, 256) activation=relu dropout=0.1 lr=0.001 weight_decay=0.0 batch_size=128 max_epochs=50 seed=398591604 n_jobs=None
2026-02-02 15:13:21,986 INFO modssc.supervised.backends.torch.mlp mlp.py:167: Finished mlp.fit in 7.945s
2026-02-02 15:13:21,992 INFO modssc.supervised.backends.torch.mlp mlp.py:75: Starting mlp.fit
2026-02-02 15:13:21,992 DEBUG modssc.supervised.backends.torch.mlp mlp.py:76: params hidden_sizes=(256, 256) activation=relu dropout=0.1 lr=0.001 weight_decay=0.0 batch_size=128 max_epochs=50 seed=398591605 n_jobs=None
2026-02-02 15:13:29,936 INFO modssc.supervised.backends.torch.mlp mlp.py:167: Finished mlp.fit in 7.944s
2026-02-02 15:13:29,942 INFO modssc.supervised.backends.torch.mlp mlp.py:75: Starting mlp.fit
2026-02-02 15:13:29,942 DEBUG modssc.supervised.backends.torch.mlp mlp.py:76: params hidden_sizes=(256, 256) activation=relu dropout=0.1 lr=0.001 weight_decay=0.0 batch_size=128 max_epochs=50 seed=398591606 n_jobs=None
2026-02-02 15:13:37,876 INFO modssc.supervised.backends.torch.mlp mlp.py:167: Finished mlp.fit in 7.934s
2026-02-02 15:13:37,885 DEBUG modssc.inductive.methods.tri_training tri_training.py:263: Tri-training iter=6 new_added=74 threshold=None
2026-02-02 15:13:37,890 INFO modssc.supervised.backends.torch.mlp mlp.py:75: Starting mlp.fit
2026-02-02 15:13:37,890 DEBUG modssc.supervised.backends.torch.mlp mlp.py:76: params hidden_sizes=(256, 256) activation=relu dropout=0.1 lr=0.001 weight_decay=0.0 batch_size=128 max_epochs=50 seed=398591604 n_jobs=None
2026-02-02 15:13:45,811 INFO modssc.supervised.backends.torch.mlp mlp.py:167: Finished mlp.fit in 7.922s
2026-02-02 15:13:45,819 INFO modssc.supervised.backends.torch.mlp mlp.py:75: Starting mlp.fit
2026-02-02 15:13:45,819 DEBUG modssc.supervised.backends.torch.mlp mlp.py:76: params hidden_sizes=(256, 256) activation=relu dropout=0.1 lr=0.001 weight_decay=0.0 batch_size=128 max_epochs=50 seed=398591605 n_jobs=None
2026-02-02 15:13:53,738 INFO modssc.supervised.backends.torch.mlp mlp.py:167: Finished mlp.fit in 7.920s
2026-02-02 15:13:53,745 INFO modssc.supervised.backends.torch.mlp mlp.py:75: Starting mlp.fit
2026-02-02 15:13:53,745 DEBUG modssc.supervised.backends.torch.mlp mlp.py:76: params hidden_sizes=(256, 256) activation=relu dropout=0.1 lr=0.001 weight_decay=0.0 batch_size=128 max_epochs=50 seed=398591606 n_jobs=None
2026-02-02 15:14:01,667 INFO modssc.supervised.backends.torch.mlp mlp.py:167: Finished mlp.fit in 7.923s
2026-02-02 15:14:01,676 DEBUG modssc.inductive.methods.tri_training tri_training.py:263: Tri-training iter=7 new_added=36 threshold=None
2026-02-02 15:14:01,682 INFO modssc.supervised.backends.torch.mlp mlp.py:75: Starting mlp.fit
2026-02-02 15:14:01,682 DEBUG modssc.supervised.backends.torch.mlp mlp.py:76: params hidden_sizes=(256, 256) activation=relu dropout=0.1 lr=0.001 weight_decay=0.0 batch_size=128 max_epochs=50 seed=398591604 n_jobs=None
2026-02-02 15:14:09,618 INFO modssc.supervised.backends.torch.mlp mlp.py:167: Finished mlp.fit in 7.936s
2026-02-02 15:14:09,624 INFO modssc.supervised.backends.torch.mlp mlp.py:75: Starting mlp.fit
2026-02-02 15:14:09,624 DEBUG modssc.supervised.backends.torch.mlp mlp.py:76: params hidden_sizes=(256, 256) activation=relu dropout=0.1 lr=0.001 weight_decay=0.0 batch_size=128 max_epochs=50 seed=398591605 n_jobs=None
2026-02-02 15:14:17,523 INFO modssc.supervised.backends.torch.mlp mlp.py:167: Finished mlp.fit in 7.899s
2026-02-02 15:14:17,530 INFO modssc.supervised.backends.torch.mlp mlp.py:75: Starting mlp.fit
2026-02-02 15:14:17,530 DEBUG modssc.supervised.backends.torch.mlp mlp.py:76: params hidden_sizes=(256, 256) activation=relu dropout=0.1 lr=0.001 weight_decay=0.0 batch_size=128 max_epochs=50 seed=398591606 n_jobs=None
2026-02-02 15:14:25,477 INFO modssc.supervised.backends.torch.mlp mlp.py:167: Finished mlp.fit in 7.947s
2026-02-02 15:14:25,487 DEBUG modssc.inductive.methods.tri_training tri_training.py:263: Tri-training iter=8 new_added=28 threshold=None
2026-02-02 15:14:25,492 INFO modssc.supervised.backends.torch.mlp mlp.py:75: Starting mlp.fit
2026-02-02 15:14:25,492 DEBUG modssc.supervised.backends.torch.mlp mlp.py:76: params hidden_sizes=(256, 256) activation=relu dropout=0.1 lr=0.001 weight_decay=0.0 batch_size=128 max_epochs=50 seed=398591604 n_jobs=None
2026-02-02 15:14:33,406 INFO modssc.supervised.backends.torch.mlp mlp.py:167: Finished mlp.fit in 7.913s
2026-02-02 15:14:33,412 INFO modssc.supervised.backends.torch.mlp mlp.py:75: Starting mlp.fit
2026-02-02 15:14:33,412 DEBUG modssc.supervised.backends.torch.mlp mlp.py:76: params hidden_sizes=(256, 256) activation=relu dropout=0.1 lr=0.001 weight_decay=0.0 batch_size=128 max_epochs=50 seed=398591605 n_jobs=None
2026-02-02 15:14:41,348 INFO modssc.supervised.backends.torch.mlp mlp.py:167: Finished mlp.fit in 7.936s
2026-02-02 15:14:41,354 INFO modssc.supervised.backends.torch.mlp mlp.py:75: Starting mlp.fit
2026-02-02 15:14:41,354 DEBUG modssc.supervised.backends.torch.mlp mlp.py:76: params hidden_sizes=(256, 256) activation=relu dropout=0.1 lr=0.001 weight_decay=0.0 batch_size=128 max_epochs=50 seed=398591606 n_jobs=None
2026-02-02 15:14:49,249 INFO modssc.supervised.backends.torch.mlp mlp.py:167: Finished mlp.fit in 7.895s
2026-02-02 15:14:49,257 DEBUG modssc.inductive.methods.tri_training tri_training.py:263: Tri-training iter=9 new_added=19 threshold=None
2026-02-02 15:14:49,263 INFO modssc.supervised.backends.torch.mlp mlp.py:75: Starting mlp.fit
2026-02-02 15:14:49,263 DEBUG modssc.supervised.backends.torch.mlp mlp.py:76: params hidden_sizes=(256, 256) activation=relu dropout=0.1 lr=0.001 weight_decay=0.0 batch_size=128 max_epochs=50 seed=398591604 n_jobs=None
2026-02-02 15:14:57,194 INFO modssc.supervised.backends.torch.mlp mlp.py:167: Finished mlp.fit in 7.931s
2026-02-02 15:14:57,199 INFO modssc.supervised.backends.torch.mlp mlp.py:75: Starting mlp.fit
2026-02-02 15:14:57,199 DEBUG modssc.supervised.backends.torch.mlp mlp.py:76: params hidden_sizes=(256, 256) activation=relu dropout=0.1 lr=0.001 weight_decay=0.0 batch_size=128 max_epochs=50 seed=398591605 n_jobs=None
2026-02-02 15:15:05,117 INFO modssc.supervised.backends.torch.mlp mlp.py:167: Finished mlp.fit in 7.917s
2026-02-02 15:15:05,123 INFO modssc.supervised.backends.torch.mlp mlp.py:75: Starting mlp.fit
2026-02-02 15:15:05,123 DEBUG modssc.supervised.backends.torch.mlp mlp.py:76: params hidden_sizes=(256, 256) activation=relu dropout=0.1 lr=0.001 weight_decay=0.0 batch_size=128 max_epochs=50 seed=398591606 n_jobs=None
2026-02-02 15:15:13,090 INFO modssc.supervised.backends.torch.mlp mlp.py:167: Finished mlp.fit in 7.968s
2026-02-02 15:15:13,099 DEBUG modssc.inductive.methods.tri_training tri_training.py:263: Tri-training iter=10 new_added=16 threshold=None
2026-02-02 15:15:13,104 INFO modssc.supervised.backends.torch.mlp mlp.py:75: Starting mlp.fit
2026-02-02 15:15:13,104 DEBUG modssc.supervised.backends.torch.mlp mlp.py:76: params hidden_sizes=(256, 256) activation=relu dropout=0.1 lr=0.001 weight_decay=0.0 batch_size=128 max_epochs=50 seed=398591604 n_jobs=None
2026-02-02 15:15:21,012 INFO modssc.supervised.backends.torch.mlp mlp.py:167: Finished mlp.fit in 7.908s
2026-02-02 15:15:21,020 INFO modssc.supervised.backends.torch.mlp mlp.py:75: Starting mlp.fit
2026-02-02 15:15:21,020 DEBUG modssc.supervised.backends.torch.mlp mlp.py:76: params hidden_sizes=(256, 256) activation=relu dropout=0.1 lr=0.001 weight_decay=0.0 batch_size=128 max_epochs=50 seed=398591605 n_jobs=None
2026-02-02 15:15:29,024 INFO modssc.supervised.backends.torch.mlp mlp.py:167: Finished mlp.fit in 8.004s
2026-02-02 15:15:29,030 INFO modssc.supervised.backends.torch.mlp mlp.py:75: Starting mlp.fit
2026-02-02 15:15:29,030 DEBUG modssc.supervised.backends.torch.mlp mlp.py:76: params hidden_sizes=(256, 256) activation=relu dropout=0.1 lr=0.001 weight_decay=0.0 batch_size=128 max_epochs=50 seed=398591606 n_jobs=None
2026-02-02 15:15:36,914 INFO modssc.supervised.backends.torch.mlp mlp.py:167: Finished mlp.fit in 7.885s
2026-02-02 15:15:36,923 DEBUG modssc.inductive.methods.tri_training tri_training.py:263: Tri-training iter=11 new_added=12 threshold=None
2026-02-02 15:15:36,929 INFO modssc.supervised.backends.torch.mlp mlp.py:75: Starting mlp.fit
2026-02-02 15:15:36,929 DEBUG modssc.supervised.backends.torch.mlp mlp.py:76: params hidden_sizes=(256, 256) activation=relu dropout=0.1 lr=0.001 weight_decay=0.0 batch_size=128 max_epochs=50 seed=398591604 n_jobs=None
2026-02-02 15:15:44,853 INFO modssc.supervised.backends.torch.mlp mlp.py:167: Finished mlp.fit in 7.924s
2026-02-02 15:15:44,858 INFO modssc.supervised.backends.torch.mlp mlp.py:75: Starting mlp.fit
2026-02-02 15:15:44,858 DEBUG modssc.supervised.backends.torch.mlp mlp.py:76: params hidden_sizes=(256, 256) activation=relu dropout=0.1 lr=0.001 weight_decay=0.0 batch_size=128 max_epochs=50 seed=398591605 n_jobs=None
2026-02-02 15:15:52,756 INFO modssc.supervised.backends.torch.mlp mlp.py:167: Finished mlp.fit in 7.898s
2026-02-02 15:15:52,762 INFO modssc.supervised.backends.torch.mlp mlp.py:75: Starting mlp.fit
2026-02-02 15:15:52,762 DEBUG modssc.supervised.backends.torch.mlp mlp.py:76: params hidden_sizes=(256, 256) activation=relu dropout=0.1 lr=0.001 weight_decay=0.0 batch_size=128 max_epochs=50 seed=398591606 n_jobs=None
2026-02-02 15:16:00,699 INFO modssc.supervised.backends.torch.mlp mlp.py:167: Finished mlp.fit in 7.937s
2026-02-02 15:16:00,709 DEBUG modssc.inductive.methods.tri_training tri_training.py:263: Tri-training iter=12 new_added=6 threshold=None
2026-02-02 15:16:00,715 INFO modssc.supervised.backends.torch.mlp mlp.py:75: Starting mlp.fit
2026-02-02 15:16:00,715 DEBUG modssc.supervised.backends.torch.mlp mlp.py:76: params hidden_sizes=(256, 256) activation=relu dropout=0.1 lr=0.001 weight_decay=0.0 batch_size=128 max_epochs=50 seed=398591604 n_jobs=None
2026-02-02 15:16:08,649 INFO modssc.supervised.backends.torch.mlp mlp.py:167: Finished mlp.fit in 7.934s
2026-02-02 15:16:08,656 INFO modssc.supervised.backends.torch.mlp mlp.py:75: Starting mlp.fit
2026-02-02 15:16:08,656 DEBUG modssc.supervised.backends.torch.mlp mlp.py:76: params hidden_sizes=(256, 256) activation=relu dropout=0.1 lr=0.001 weight_decay=0.0 batch_size=128 max_epochs=50 seed=398591605 n_jobs=None
2026-02-02 15:16:16,583 INFO modssc.supervised.backends.torch.mlp mlp.py:167: Finished mlp.fit in 7.927s
2026-02-02 15:16:16,588 INFO modssc.supervised.backends.torch.mlp mlp.py:75: Starting mlp.fit
2026-02-02 15:16:16,588 DEBUG modssc.supervised.backends.torch.mlp mlp.py:76: params hidden_sizes=(256, 256) activation=relu dropout=0.1 lr=0.001 weight_decay=0.0 batch_size=128 max_epochs=50 seed=398591606 n_jobs=None
2026-02-02 15:16:24,519 INFO modssc.supervised.backends.torch.mlp mlp.py:167: Finished mlp.fit in 7.931s
2026-02-02 15:16:24,528 DEBUG modssc.inductive.methods.tri_training tri_training.py:263: Tri-training iter=13 new_added=14 threshold=None
2026-02-02 15:16:24,533 INFO modssc.supervised.backends.torch.mlp mlp.py:75: Starting mlp.fit
2026-02-02 15:16:24,533 DEBUG modssc.supervised.backends.torch.mlp mlp.py:76: params hidden_sizes=(256, 256) activation=relu dropout=0.1 lr=0.001 weight_decay=0.0 batch_size=128 max_epochs=50 seed=398591604 n_jobs=None
2026-02-02 15:16:32,426 INFO modssc.supervised.backends.torch.mlp mlp.py:167: Finished mlp.fit in 7.893s
2026-02-02 15:16:32,432 INFO modssc.supervised.backends.torch.mlp mlp.py:75: Starting mlp.fit
2026-02-02 15:16:32,432 DEBUG modssc.supervised.backends.torch.mlp mlp.py:76: params hidden_sizes=(256, 256) activation=relu dropout=0.1 lr=0.001 weight_decay=0.0 batch_size=128 max_epochs=50 seed=398591605 n_jobs=None
2026-02-02 15:16:40,390 INFO modssc.supervised.backends.torch.mlp mlp.py:167: Finished mlp.fit in 7.958s
2026-02-02 15:16:40,396 INFO modssc.supervised.backends.torch.mlp mlp.py:75: Starting mlp.fit
2026-02-02 15:16:40,396 DEBUG modssc.supervised.backends.torch.mlp mlp.py:76: params hidden_sizes=(256, 256) activation=relu dropout=0.1 lr=0.001 weight_decay=0.0 batch_size=128 max_epochs=50 seed=398591606 n_jobs=None
2026-02-02 15:16:48,299 INFO modssc.supervised.backends.torch.mlp mlp.py:167: Finished mlp.fit in 7.903s
2026-02-02 15:16:48,308 DEBUG modssc.inductive.methods.tri_training tri_training.py:263: Tri-training iter=14 new_added=6 threshold=None
2026-02-02 15:16:48,313 INFO modssc.supervised.backends.torch.mlp mlp.py:75: Starting mlp.fit
2026-02-02 15:16:48,313 DEBUG modssc.supervised.backends.torch.mlp mlp.py:76: params hidden_sizes=(256, 256) activation=relu dropout=0.1 lr=0.001 weight_decay=0.0 batch_size=128 max_epochs=50 seed=398591604 n_jobs=None
2026-02-02 15:16:56,249 INFO modssc.supervised.backends.torch.mlp mlp.py:167: Finished mlp.fit in 7.936s
2026-02-02 15:16:56,255 INFO modssc.supervised.backends.torch.mlp mlp.py:75: Starting mlp.fit
2026-02-02 15:16:56,255 DEBUG modssc.supervised.backends.torch.mlp mlp.py:76: params hidden_sizes=(256, 256) activation=relu dropout=0.1 lr=0.001 weight_decay=0.0 batch_size=128 max_epochs=50 seed=398591605 n_jobs=None
2026-02-02 15:17:04,197 INFO modssc.supervised.backends.torch.mlp mlp.py:167: Finished mlp.fit in 7.942s
2026-02-02 15:17:04,203 INFO modssc.supervised.backends.torch.mlp mlp.py:75: Starting mlp.fit
2026-02-02 15:17:04,203 DEBUG modssc.supervised.backends.torch.mlp mlp.py:76: params hidden_sizes=(256, 256) activation=relu dropout=0.1 lr=0.001 weight_decay=0.0 batch_size=128 max_epochs=50 seed=398591606 n_jobs=None
2026-02-02 15:17:12,181 INFO modssc.supervised.backends.torch.mlp mlp.py:167: Finished mlp.fit in 7.978s
2026-02-02 15:17:12,189 DEBUG modssc.inductive.methods.tri_training tri_training.py:263: Tri-training iter=15 new_added=9 threshold=None
2026-02-02 15:17:12,195 INFO modssc.supervised.backends.torch.mlp mlp.py:75: Starting mlp.fit
2026-02-02 15:17:12,195 DEBUG modssc.supervised.backends.torch.mlp mlp.py:76: params hidden_sizes=(256, 256) activation=relu dropout=0.1 lr=0.001 weight_decay=0.0 batch_size=128 max_epochs=50 seed=398591604 n_jobs=None
2026-02-02 15:17:20,130 INFO modssc.supervised.backends.torch.mlp mlp.py:167: Finished mlp.fit in 7.936s
2026-02-02 15:17:20,136 INFO modssc.supervised.backends.torch.mlp mlp.py:75: Starting mlp.fit
2026-02-02 15:17:20,136 DEBUG modssc.supervised.backends.torch.mlp mlp.py:76: params hidden_sizes=(256, 256) activation=relu dropout=0.1 lr=0.001 weight_decay=0.0 batch_size=128 max_epochs=50 seed=398591605 n_jobs=None
2026-02-02 15:17:28,067 INFO modssc.supervised.backends.torch.mlp mlp.py:167: Finished mlp.fit in 7.931s
2026-02-02 15:17:28,072 INFO modssc.supervised.backends.torch.mlp mlp.py:75: Starting mlp.fit
2026-02-02 15:17:28,072 DEBUG modssc.supervised.backends.torch.mlp mlp.py:76: params hidden_sizes=(256, 256) activation=relu dropout=0.1 lr=0.001 weight_decay=0.0 batch_size=128 max_epochs=50 seed=398591606 n_jobs=None
2026-02-02 15:17:35,993 INFO modssc.supervised.backends.torch.mlp mlp.py:167: Finished mlp.fit in 7.921s
2026-02-02 15:17:36,002 DEBUG modssc.inductive.methods.tri_training tri_training.py:263: Tri-training iter=16 new_added=3 threshold=None
2026-02-02 15:17:36,007 INFO modssc.supervised.backends.torch.mlp mlp.py:75: Starting mlp.fit
2026-02-02 15:17:36,007 DEBUG modssc.supervised.backends.torch.mlp mlp.py:76: params hidden_sizes=(256, 256) activation=relu dropout=0.1 lr=0.001 weight_decay=0.0 batch_size=128 max_epochs=50 seed=398591604 n_jobs=None
2026-02-02 15:17:43,959 INFO modssc.supervised.backends.torch.mlp mlp.py:167: Finished mlp.fit in 7.953s
2026-02-02 15:17:43,965 INFO modssc.supervised.backends.torch.mlp mlp.py:75: Starting mlp.fit
2026-02-02 15:17:43,965 DEBUG modssc.supervised.backends.torch.mlp mlp.py:76: params hidden_sizes=(256, 256) activation=relu dropout=0.1 lr=0.001 weight_decay=0.0 batch_size=128 max_epochs=50 seed=398591605 n_jobs=None
2026-02-02 15:17:51,886 INFO modssc.supervised.backends.torch.mlp mlp.py:167: Finished mlp.fit in 7.921s
2026-02-02 15:17:51,892 INFO modssc.supervised.backends.torch.mlp mlp.py:75: Starting mlp.fit
2026-02-02 15:17:51,892 DEBUG modssc.supervised.backends.torch.mlp mlp.py:76: params hidden_sizes=(256, 256) activation=relu dropout=0.1 lr=0.001 weight_decay=0.0 batch_size=128 max_epochs=50 seed=398591606 n_jobs=None
2026-02-02 15:17:59,830 INFO modssc.supervised.backends.torch.mlp mlp.py:167: Finished mlp.fit in 7.938s
2026-02-02 15:17:59,838 DEBUG modssc.inductive.methods.tri_training tri_training.py:263: Tri-training iter=17 new_added=1 threshold=None
2026-02-02 15:17:59,843 INFO modssc.supervised.backends.torch.mlp mlp.py:75: Starting mlp.fit
2026-02-02 15:17:59,843 DEBUG modssc.supervised.backends.torch.mlp mlp.py:76: params hidden_sizes=(256, 256) activation=relu dropout=0.1 lr=0.001 weight_decay=0.0 batch_size=128 max_epochs=50 seed=398591604 n_jobs=None
2026-02-02 15:18:07,783 INFO modssc.supervised.backends.torch.mlp mlp.py:167: Finished mlp.fit in 7.940s
2026-02-02 15:18:07,789 INFO modssc.supervised.backends.torch.mlp mlp.py:75: Starting mlp.fit
2026-02-02 15:18:07,789 DEBUG modssc.supervised.backends.torch.mlp mlp.py:76: params hidden_sizes=(256, 256) activation=relu dropout=0.1 lr=0.001 weight_decay=0.0 batch_size=128 max_epochs=50 seed=398591605 n_jobs=None
2026-02-02 15:18:15,753 INFO modssc.supervised.backends.torch.mlp mlp.py:167: Finished mlp.fit in 7.965s
2026-02-02 15:18:15,759 INFO modssc.supervised.backends.torch.mlp mlp.py:75: Starting mlp.fit
2026-02-02 15:18:15,759 DEBUG modssc.supervised.backends.torch.mlp mlp.py:76: params hidden_sizes=(256, 256) activation=relu dropout=0.1 lr=0.001 weight_decay=0.0 batch_size=128 max_epochs=50 seed=398591606 n_jobs=None
2026-02-02 15:18:23,682 INFO modssc.supervised.backends.torch.mlp mlp.py:167: Finished mlp.fit in 7.923s
2026-02-02 15:18:23,691 DEBUG modssc.inductive.methods.tri_training tri_training.py:263: Tri-training iter=18 new_added=1 threshold=None
2026-02-02 15:18:23,696 INFO modssc.supervised.backends.torch.mlp mlp.py:75: Starting mlp.fit
2026-02-02 15:18:23,696 DEBUG modssc.supervised.backends.torch.mlp mlp.py:76: params hidden_sizes=(256, 256) activation=relu dropout=0.1 lr=0.001 weight_decay=0.0 batch_size=128 max_epochs=50 seed=398591604 n_jobs=None
2026-02-02 15:18:31,669 INFO modssc.supervised.backends.torch.mlp mlp.py:167: Finished mlp.fit in 7.973s
2026-02-02 15:18:31,675 INFO modssc.supervised.backends.torch.mlp mlp.py:75: Starting mlp.fit
2026-02-02 15:18:31,675 DEBUG modssc.supervised.backends.torch.mlp mlp.py:76: params hidden_sizes=(256, 256) activation=relu dropout=0.1 lr=0.001 weight_decay=0.0 batch_size=128 max_epochs=50 seed=398591605 n_jobs=None
2026-02-02 15:18:39,641 INFO modssc.supervised.backends.torch.mlp mlp.py:167: Finished mlp.fit in 7.966s
2026-02-02 15:18:39,647 INFO modssc.supervised.backends.torch.mlp mlp.py:75: Starting mlp.fit
2026-02-02 15:18:39,647 DEBUG modssc.supervised.backends.torch.mlp mlp.py:76: params hidden_sizes=(256, 256) activation=relu dropout=0.1 lr=0.001 weight_decay=0.0 batch_size=128 max_epochs=50 seed=398591606 n_jobs=None
2026-02-02 15:18:47,573 INFO modssc.supervised.backends.torch.mlp mlp.py:167: Finished mlp.fit in 7.927s
2026-02-02 15:18:47,582 DEBUG modssc.inductive.methods.tri_training tri_training.py:261: Tri-training iter=19 no new labels; stopping.
2026-02-02 15:18:47,588 INFO modssc.supervised.backends.torch.mlp mlp.py:75: Starting mlp.fit
2026-02-02 15:18:47,588 DEBUG modssc.supervised.backends.torch.mlp mlp.py:76: params hidden_sizes=(256, 256) activation=relu dropout=0.1 lr=0.001 weight_decay=0.0 batch_size=128 max_epochs=50 seed=398591604 n_jobs=None
2026-02-02 15:18:55,543 INFO modssc.supervised.backends.torch.mlp mlp.py:167: Finished mlp.fit in 7.955s
2026-02-02 15:18:55,549 INFO modssc.supervised.backends.torch.mlp mlp.py:75: Starting mlp.fit
2026-02-02 15:18:55,549 DEBUG modssc.supervised.backends.torch.mlp mlp.py:76: params hidden_sizes=(256, 256) activation=relu dropout=0.1 lr=0.001 weight_decay=0.0 batch_size=128 max_epochs=50 seed=398591605 n_jobs=None
2026-02-02 15:19:03,507 INFO modssc.supervised.backends.torch.mlp mlp.py:167: Finished mlp.fit in 7.958s
2026-02-02 15:19:03,513 INFO modssc.supervised.backends.torch.mlp mlp.py:75: Starting mlp.fit
2026-02-02 15:19:03,513 DEBUG modssc.supervised.backends.torch.mlp mlp.py:76: params hidden_sizes=(256, 256) activation=relu dropout=0.1 lr=0.001 weight_decay=0.0 batch_size=128 max_epochs=50 seed=398591606 n_jobs=None
2026-02-02 15:19:11,495 INFO modssc.supervised.backends.torch.mlp mlp.py:167: Finished mlp.fit in 7.983s
2026-02-02 15:19:11,495 INFO modssc.inductive.methods.tri_training tri_training.py:276: Finished tri_training.fit in 479.775s
2026-02-02 15:19:11,496 INFO bench.orchestrators.method_inductive method_inductive.py:550: Inductive method done: id=tri_training duration_s=479.788
2026-02-02 15:19:11,496 INFO bench.orchestrators.evaluation evaluation.py:189: Evaluation (inductive): splits=['val', 'test'] metrics=['accuracy', 'macro_f1']
2026-02-02 15:19:11,507 INFO bench.orchestrators.evaluation evaluation.py:231: Evaluation (inductive) done: duration_s=0.011
2026-02-02 15:19:11,511 INFO bench.orchestrators.reporting reporting.py:54: Run summary written: /nfs/home/mbarbaux/ModSSC/runs/inductive/tri_training/tabular/adult/best_tabular_inductive_tri_training_adult-20260202T141110Z/run.json status=success duration_s=0.003
