2026-02-02 14:57:38,155 INFO bench.orchestrators.dataset dataset.py:36: Dataset start: id=adult download=True cache_dir=None
2026-02-02 14:57:38,155 DEBUG bench.orchestrators.dataset dataset.py:42: Dataset options: []
2026-02-02 14:57:38,158 DEBUG modssc.data_loader.providers __init__.py:38: Creating provider: openml
2026-02-02 14:57:38,158 DEBUG modssc.data_loader.api api.py:316: Resolved dataset id=adult provider=openml canonical_uri=openml:1590
2026-02-02 14:57:38,159 INFO modssc.data_loader.api api.py:117: Dataset load: id=adult provider=openml version=None fingerprint=f9281cab47a3de02bacdff6aeecab3cc3bec164d4d321622f81551b6b4f82967 download=True force=False cache_dir=/nfs/home/mbarbaux/ModSSC/cache/datasets
2026-02-02 14:57:38,159 DEBUG modssc.data_loader.api api.py:127: Dataset resolved_kwargs: {'data_id': 1590, 'name': None, 'version': None, 'as_frame': False, 'target_column': None, 'class_filter': None, 'max_samples': None, 'seed': None}
2026-02-02 14:57:38,219 DEBUG modssc.data_loader.api api.py:403: Loaded cached dataset: fingerprint=f9281cab47a3de02bacdff6aeecab3cc3bec164d4d321622f81551b6b4f82967
2026-02-02 14:57:38,240 INFO modssc.data_loader.api api.py:133: Dataset cached: id=adult train=48842 test=None n_classes=2 duration_s=0.084
2026-02-02 14:57:38,240 INFO bench.orchestrators.dataset dataset.py:54: Dataset loaded: train=48842 test=None graph=False fingerprint=f9281cab47a3de02bacdff6aeecab3cc3bec164d4d321622f81551b6b4f82967 provider=openml
2026-02-02 14:57:38,240 INFO bench.orchestrators.dataset dataset.py:62: Dataset stage done: duration_s=0.084
2026-02-02 14:57:38,288 INFO bench.orchestrators.sampling sampling.py:86: Sampling start: seed=1 dataset_id=adult
2026-02-02 14:57:38,288 DEBUG bench.orchestrators.sampling sampling.py:87: Sampling plan: split={'kind': 'holdout', 'test_fraction': 0.2, 'val_fraction': 0.1, 'stratify': True, 'shuffle': True} labeling={'mode': 'fraction', 'value': 0.2, 'per_class': False, 'min_per_class': 1, 'strategy': 'balanced', 'fixed_indices': None} imbalance={'kind': 'none', 'apply_to': 'train', 'max_per_class': None, 'alpha': None, 'min_per_class': 1} policy={'respect_official_test': True, 'use_official_graph_masks': True, 'allow_override_official': False}
2026-02-02 14:57:38,288 DEBUG bench.orchestrators.sampling sampling.py:98: Sampling dataset_fingerprint=f9281cab47a3de02bacdff6aeecab3cc3bec164d4d321622f81551b6b4f82967
2026-02-02 14:57:38,289 INFO modssc.sampling.api api.py:99: Sampling start: dataset_id=adult dataset_fingerprint=f9281cab47a3de02bacdff6aeecab3cc3bec164d4d321622f81551b6b4f82967 seed=1 graph=False split=holdout
2026-02-02 14:57:38,289 DEBUG modssc.sampling.api api.py:107: Sampling plan: {'split': {'kind': 'holdout', 'test_fraction': 0.2, 'val_fraction': 0.1, 'stratify': True, 'shuffle': True}, 'labeling': {'mode': 'fraction', 'value': 0.2, 'per_class': False, 'min_per_class': 1, 'strategy': 'balanced', 'fixed_indices': None}, 'imbalance': {'kind': 'none', 'apply_to': 'train', 'max_per_class': None, 'alpha': None, 'min_per_class': 1}, 'policy': {'respect_official_test': True, 'use_official_graph_masks': True, 'allow_override_official': False}}
2026-02-02 14:57:38,385 INFO modssc.sampling.api api.py:141: Sampling done: train=35167 val=3907 test=9768 labeled=7033 unlabeled=28134 duration_s=0.097
2026-02-02 14:57:38,386 DEBUG modssc.sampling.api api.py:150: Sampling stats: {'policy': {'respect_official_test': True, 'has_official_test': False, 'test_ref': 'train'}, 'train': {'n': 35167, 'classes': {'<=50K': 26752, '>50K': 8415}}, 'val': {'n': 3907, 'classes': {'<=50K': 2972, '>50K': 935}}, 'train_labeled': {'n': 7033, 'classes': {'<=50K': 3517, '>50K': 3516}}, 'train_unlabeled': {'n': 28134}, 'test': {'n': 9768, 'classes': {'<=50K': 7431, '>50K': 2337}}}
2026-02-02 14:57:38,406 INFO bench.orchestrators.sampling sampling.py:123: Sampling result: train=35167 val=3907 test=9768 labeled=7033 unlabeled=28134 graph=False
2026-02-02 14:57:38,406 DEBUG bench.orchestrators.sampling sampling.py:132: Sampling stats: {'policy': {'respect_official_test': True, 'has_official_test': False, 'test_ref': 'train'}, 'train': {'n': 35167, 'classes': {'<=50K': 26752, '>50K': 8415}}, 'val': {'n': 3907, 'classes': {'<=50K': 2972, '>50K': 935}}, 'train_labeled': {'n': 7033, 'classes': {'<=50K': 3517, '>50K': 3516}}, 'train_unlabeled': {'n': 28134}, 'test': {'n': 9768, 'classes': {'<=50K': 7431, '>50K': 2337}}}
2026-02-02 14:57:38,406 INFO bench.orchestrators.sampling sampling.py:133: Sampling stage done: duration_s=0.118
2026-02-02 14:57:38,407 INFO bench.orchestrators.preprocess preprocess.py:105: Preprocess start: seed=1 cache=True n_steps=7 fit_indices=7033
2026-02-02 14:57:38,407 DEBUG bench.orchestrators.preprocess preprocess.py:112: Preprocess plan: output_key=features.X steps=['labels.encode', 'labels.to_torch', 'tabular.one_hot', 'core.ensure_2d', 'tabular.impute', 'tabular.standard_scaler', 'core.to_torch']
2026-02-02 14:57:38,407 INFO modssc.preprocess.api api.py:490: Preprocess start: dataset_fp=f9281cab47a3de02bacdff6aeecab3cc3bec164d4d321622f81551b6b4f82967 steps=['labels.encode', 'labels.to_torch', 'tabular.one_hot', 'core.ensure_2d', 'tabular.impute', 'tabular.standard_scaler', 'core.to_torch'] output_key=features.X seed=1 cache=True
2026-02-02 14:57:38,407 DEBUG modssc.preprocess.api api.py:498: Preprocess input shapes: train_X=(48842, 14) train_y=(48842,) test_X=None test_y=None
2026-02-02 14:57:38,407 INFO modssc.preprocess.api api.py:505: Preprocess input size: train_data=5.6 MB test_data=n/a
2026-02-02 14:57:38,407 DEBUG modssc.preprocess.api api.py:521: Preprocess step start: id=labels.encode index=0 kind=transform params={}
2026-02-02 14:57:38,410 DEBUG modssc.preprocess.api api.py:605: Preprocess step train outputs: id=labels.encode keys=['labels.classes', 'labels.y'] duration_s=0.003
2026-02-02 14:57:38,410 INFO modssc.preprocess.api api.py:679: Preprocess step done: id=labels.encode index=0 duration_s=0.003 train_data=5.6 MB test_data=n/a
2026-02-02 14:57:38,410 DEBUG modssc.preprocess.api api.py:521: Preprocess step start: id=labels.to_torch index=1 kind=transform params={'device': 'auto', 'dtype': 'int64'}
2026-02-02 14:57:38,508 DEBUG modssc.preprocess.api api.py:605: Preprocess step train outputs: id=labels.to_torch keys=['labels.y'] duration_s=0.098
2026-02-02 14:57:38,508 INFO modssc.preprocess.api api.py:267: Preprocess GPU device: device=cuda:0 model=NVIDIA L40
2026-02-02 14:57:38,508 INFO modssc.preprocess.api api.py:679: Preprocess step done: id=labels.to_torch index=1 duration_s=0.098 train_data=5.6 MB test_data=n/a
2026-02-02 14:57:38,508 DEBUG modssc.preprocess.api api.py:521: Preprocess step start: id=tabular.one_hot index=2 kind=fittable params={}
2026-02-02 14:57:39,446 DEBUG modssc.preprocess.api api.py:605: Preprocess step train outputs: id=tabular.one_hot keys=['features.X'] duration_s=0.938
2026-02-02 14:57:39,446 INFO modssc.preprocess.api api.py:679: Preprocess step done: id=tabular.one_hot index=2 duration_s=0.938 train_data=20.1 MB test_data=n/a
2026-02-02 14:57:39,446 DEBUG modssc.preprocess.api api.py:521: Preprocess step start: id=core.ensure_2d index=3 kind=transform params={}
2026-02-02 14:57:39,453 DEBUG modssc.preprocess.api api.py:605: Preprocess step train outputs: id=core.ensure_2d keys=['features.X'] duration_s=0.006
2026-02-02 14:57:39,453 INFO modssc.preprocess.api api.py:679: Preprocess step done: id=core.ensure_2d index=3 duration_s=0.006 train_data=20.1 MB test_data=n/a
2026-02-02 14:57:39,453 DEBUG modssc.preprocess.api api.py:521: Preprocess step start: id=tabular.impute index=4 kind=fittable params={}
2026-02-02 14:57:39,522 DEBUG modssc.preprocess.api api.py:605: Preprocess step train outputs: id=tabular.impute keys=['features.X'] duration_s=0.069
2026-02-02 14:57:39,522 INFO modssc.preprocess.api api.py:679: Preprocess step done: id=tabular.impute index=4 duration_s=0.069 train_data=20.1 MB test_data=n/a
2026-02-02 14:57:39,522 DEBUG modssc.preprocess.api api.py:521: Preprocess step start: id=tabular.standard_scaler index=5 kind=fittable params={}
2026-02-02 14:57:39,531 DEBUG modssc.preprocess.api api.py:605: Preprocess step train outputs: id=tabular.standard_scaler keys=['features.X'] duration_s=0.009
2026-02-02 14:57:39,531 INFO modssc.preprocess.api api.py:679: Preprocess step done: id=tabular.standard_scaler index=5 duration_s=0.009 train_data=20.1 MB test_data=n/a
2026-02-02 14:57:39,531 DEBUG modssc.preprocess.api api.py:521: Preprocess step start: id=core.to_torch index=6 kind=transform params={'device': 'auto', 'dtype': 'float32'}
2026-02-02 14:57:39,537 DEBUG modssc.preprocess.api api.py:605: Preprocess step train outputs: id=core.to_torch keys=['features.X'] duration_s=0.006
2026-02-02 14:57:39,537 INFO modssc.preprocess.api api.py:679: Preprocess step done: id=core.to_torch index=6 duration_s=0.006 train_data=20.1 MB test_data=n/a
2026-02-02 14:57:39,537 INFO modssc.preprocess.api api.py:730: Preprocess done: dataset_fp=f9281cab47a3de02bacdff6aeecab3cc3bec164d4d321622f81551b6b4f82967 duration_s=1.130 train_X=(48842, 106) test_X=None
2026-02-02 14:57:39,537 INFO bench.orchestrators.preprocess preprocess.py:124: Preprocess result: fingerprint=preprocess:4a34efb2af7b2f814e0c648ef7e59972547c0b2de37b10570aceee8bd9625ae2 plan_fingerprint=resolved_plan:6ed490995fe0d8f1eb30fd0ca8262522145e7cafa3ba073f9c42e71d197f40ef cache_dir=/nfs/home/mbarbaux/ModSSC/cache/preprocess/f9281cab47a3de02bacdff6aeecab3cc3bec164d4d321622f81551b6b4f82967 skipped=[]
2026-02-02 14:57:39,537 DEBUG bench.orchestrators.preprocess preprocess.py:131: Preprocess output shapes: train_X=(48842, 106) test_X=None
2026-02-02 14:57:39,537 INFO bench.orchestrators.preprocess preprocess.py:136: Preprocess stage done: duration_s=1.131
2026-02-02 14:57:39,549 INFO bench.orchestrators.augmentation augmentation.py:66: Augmentation start: mode=fixed modality=tabular seed=1 n_samples=28134 strong_views=1
2026-02-02 14:57:39,549 DEBUG bench.orchestrators.augmentation augmentation.py:74: Augmentation steps: weak=['tabular.gaussian_noise'] strong=['tabular.swap_noise']
2026-02-02 14:57:43,675 INFO bench.orchestrators.augmentation augmentation.py:191: Augmentation done: duration_s=4.126
2026-02-02 14:57:43,676 DEBUG bench.orchestrators.augmentation augmentation.py:192: Augmentation output shapes: weak=(28134, 106) strong=(28134, 106) strong_1=None
2026-02-02 14:57:43,676 INFO bench.orchestrators.method_inductive method_inductive.py:441: Inductive method start: id=daso seed=398591604 device=auto dtype=float32 model=mlp
2026-02-02 14:57:43,676 DEBUG bench.orchestrators.method_inductive method_inductive.py:470: Inductive method params: {'lambda_u': 1.0, 'lambda_align': 1.0, 'p_cutoff': 0.95, 't_proto': 0.05, 't_dist': 1.5, 'queue_size': 256, 'pretrain_steps': 5000, 'dist_update_period': 100, 'ema_decay': 0.999, 'use_ema': True, 'dist_aware': True, 'interp_alpha': 0.5, 'hard_label': True, 'use_cat': False, 'batch_size': 128, 'max_epochs': 50, 'detach_target': True}
2026-02-02 14:57:43,676 INFO bench.orchestrators.method_inductive method_inductive.py:476: Inductive method data: n_labeled=7033 n_unlabeled=28134
2026-02-02 14:57:44,542 INFO modssc.inductive.methods.daso daso.py:218: Starting daso.fit
2026-02-02 14:57:44,542 DEBUG modssc.inductive.methods.daso daso.py:219: params lambda_u=1.0 lambda_align=1.0 p_cutoff=0.95 t_proto=0.05 t_dist=1.5 queue_size=256 pretrain_steps=5000 dist_update_period=100 ema_decay=0.999 use_ema=True dist_aware=True interp_alpha=0.5 hard_label=True use_cat=False batch_size=128 max_epochs=50 detach_target=True has_model_bundle=True device=DeviceSpec(device='auto', dtype='float32') seed=398591604
2026-02-02 14:57:44,542 INFO modssc.inductive.methods.daso daso.py:262: DASO sizes: n_labeled=7033 n_unlabeled=28134
2026-02-02 14:57:44,657 DEBUG modssc.inductive.methods.daso daso.py:504: DASO epoch=0 pretrain=True mask_mean=0.000 sup_loss=0.6823 unsup_loss=0.0000 align_loss=0.0000
2026-02-02 14:57:45,116 DEBUG modssc.inductive.methods.daso daso.py:504: DASO epoch=1 pretrain=True mask_mean=0.570 sup_loss=0.3599 unsup_loss=0.0429 align_loss=0.0000
2026-02-02 14:57:45,541 DEBUG modssc.inductive.methods.daso daso.py:504: DASO epoch=2 pretrain=True mask_mean=0.516 sup_loss=0.4364 unsup_loss=0.0425 align_loss=0.0000
2026-02-02 14:57:45,967 DEBUG modssc.inductive.methods.daso daso.py:504: DASO epoch=3 pretrain=True mask_mean=0.445 sup_loss=0.2855 unsup_loss=0.0356 align_loss=0.0000
2026-02-02 14:57:46,393 DEBUG modssc.inductive.methods.daso daso.py:504: DASO epoch=4 pretrain=True mask_mean=0.578 sup_loss=0.2978 unsup_loss=0.0137 align_loss=0.0000
2026-02-02 14:57:46,793 DEBUG modssc.inductive.methods.daso daso.py:504: DASO epoch=5 pretrain=True mask_mean=0.547 sup_loss=0.3815 unsup_loss=0.1314 align_loss=0.0000
2026-02-02 14:57:47,192 DEBUG modssc.inductive.methods.daso daso.py:504: DASO epoch=6 pretrain=True mask_mean=0.625 sup_loss=0.1681 unsup_loss=0.0273 align_loss=0.0000
2026-02-02 14:57:47,591 DEBUG modssc.inductive.methods.daso daso.py:504: DASO epoch=7 pretrain=True mask_mean=0.648 sup_loss=0.2557 unsup_loss=0.0427 align_loss=0.0000
2026-02-02 14:57:47,988 DEBUG modssc.inductive.methods.daso daso.py:504: DASO epoch=8 pretrain=True mask_mean=0.602 sup_loss=0.2311 unsup_loss=0.0273 align_loss=0.0000
2026-02-02 14:57:48,388 DEBUG modssc.inductive.methods.daso daso.py:504: DASO epoch=9 pretrain=True mask_mean=0.664 sup_loss=0.2251 unsup_loss=0.0310 align_loss=0.0000
2026-02-02 14:57:48,786 DEBUG modssc.inductive.methods.daso daso.py:504: DASO epoch=10 pretrain=True mask_mean=0.711 sup_loss=0.2101 unsup_loss=0.0132 align_loss=0.0000
2026-02-02 14:57:49,184 DEBUG modssc.inductive.methods.daso daso.py:504: DASO epoch=11 pretrain=True mask_mean=0.625 sup_loss=0.1739 unsup_loss=0.1214 align_loss=0.0000
2026-02-02 14:57:49,585 DEBUG modssc.inductive.methods.daso daso.py:504: DASO epoch=12 pretrain=True mask_mean=0.680 sup_loss=0.1996 unsup_loss=0.0365 align_loss=0.0000
2026-02-02 14:57:49,983 DEBUG modssc.inductive.methods.daso daso.py:504: DASO epoch=13 pretrain=True mask_mean=0.648 sup_loss=0.1355 unsup_loss=0.0671 align_loss=0.0000
2026-02-02 14:57:50,381 DEBUG modssc.inductive.methods.daso daso.py:504: DASO epoch=14 pretrain=True mask_mean=0.672 sup_loss=0.1391 unsup_loss=0.0328 align_loss=0.0000
2026-02-02 14:57:50,779 DEBUG modssc.inductive.methods.daso daso.py:504: DASO epoch=15 pretrain=True mask_mean=0.734 sup_loss=0.1675 unsup_loss=0.0259 align_loss=0.0000
2026-02-02 14:57:51,177 DEBUG modssc.inductive.methods.daso daso.py:504: DASO epoch=16 pretrain=True mask_mean=0.688 sup_loss=0.1917 unsup_loss=0.0210 align_loss=0.0000
2026-02-02 14:57:51,575 DEBUG modssc.inductive.methods.daso daso.py:504: DASO epoch=17 pretrain=True mask_mean=0.750 sup_loss=0.2086 unsup_loss=0.0389 align_loss=0.0000
2026-02-02 14:57:51,973 DEBUG modssc.inductive.methods.daso daso.py:504: DASO epoch=18 pretrain=True mask_mean=0.711 sup_loss=0.1447 unsup_loss=0.0175 align_loss=0.0000
2026-02-02 14:57:52,371 DEBUG modssc.inductive.methods.daso daso.py:504: DASO epoch=19 pretrain=True mask_mean=0.766 sup_loss=0.1314 unsup_loss=0.0418 align_loss=0.0000
2026-02-02 14:57:52,769 DEBUG modssc.inductive.methods.daso daso.py:504: DASO epoch=20 pretrain=True mask_mean=0.656 sup_loss=0.1886 unsup_loss=0.0263 align_loss=0.0000
2026-02-02 14:57:53,167 DEBUG modssc.inductive.methods.daso daso.py:504: DASO epoch=21 pretrain=True mask_mean=0.711 sup_loss=0.2008 unsup_loss=0.0352 align_loss=0.0000
2026-02-02 14:57:53,565 DEBUG modssc.inductive.methods.daso daso.py:504: DASO epoch=22 pretrain=True mask_mean=0.750 sup_loss=0.1866 unsup_loss=0.0843 align_loss=0.0000
2026-02-02 14:57:54,043 DEBUG modssc.inductive.methods.daso daso.py:504: DASO epoch=23 pretrain=False mask_mean=0.766 sup_loss=0.4588 unsup_loss=0.2285 align_loss=0.4973
2026-02-02 14:57:54,534 DEBUG modssc.inductive.methods.daso daso.py:504: DASO epoch=24 pretrain=False mask_mean=0.484 sup_loss=0.2306 unsup_loss=0.0290 align_loss=0.3199
2026-02-02 14:57:55,026 DEBUG modssc.inductive.methods.daso daso.py:504: DASO epoch=25 pretrain=False mask_mean=0.328 sup_loss=0.1876 unsup_loss=0.0279 align_loss=0.4074
2026-02-02 14:57:55,518 DEBUG modssc.inductive.methods.daso daso.py:504: DASO epoch=26 pretrain=False mask_mean=0.062 sup_loss=0.1570 unsup_loss=0.0002 align_loss=0.5180
2026-02-02 14:57:56,009 DEBUG modssc.inductive.methods.daso daso.py:504: DASO epoch=27 pretrain=False mask_mean=0.016 sup_loss=0.2595 unsup_loss=0.0015 align_loss=0.5795
2026-02-02 14:57:56,501 DEBUG modssc.inductive.methods.daso daso.py:504: DASO epoch=28 pretrain=False mask_mean=0.008 sup_loss=0.1920 unsup_loss=0.0000 align_loss=0.6208
2026-02-02 14:57:56,991 DEBUG modssc.inductive.methods.daso daso.py:504: DASO epoch=29 pretrain=False mask_mean=0.000 sup_loss=0.1381 unsup_loss=0.0000 align_loss=0.6305
2026-02-02 14:57:57,483 DEBUG modssc.inductive.methods.daso daso.py:504: DASO epoch=30 pretrain=False mask_mean=0.000 sup_loss=0.1173 unsup_loss=0.0000 align_loss=0.6524
2026-02-02 14:57:57,974 DEBUG modssc.inductive.methods.daso daso.py:504: DASO epoch=31 pretrain=False mask_mean=0.000 sup_loss=0.1276 unsup_loss=0.0000 align_loss=0.6462
2026-02-02 14:57:58,466 DEBUG modssc.inductive.methods.daso daso.py:504: DASO epoch=32 pretrain=False mask_mean=0.000 sup_loss=0.1499 unsup_loss=0.0000 align_loss=0.6519
2026-02-02 14:57:58,957 DEBUG modssc.inductive.methods.daso daso.py:504: DASO epoch=33 pretrain=False mask_mean=0.000 sup_loss=0.0992 unsup_loss=0.0000 align_loss=0.6534
2026-02-02 14:57:59,449 DEBUG modssc.inductive.methods.daso daso.py:504: DASO epoch=34 pretrain=False mask_mean=0.000 sup_loss=0.1020 unsup_loss=0.0000 align_loss=0.6554
2026-02-02 14:57:59,940 DEBUG modssc.inductive.methods.daso daso.py:504: DASO epoch=35 pretrain=False mask_mean=0.000 sup_loss=0.1372 unsup_loss=0.0000 align_loss=0.6694
2026-02-02 14:58:00,431 DEBUG modssc.inductive.methods.daso daso.py:504: DASO epoch=36 pretrain=False mask_mean=0.000 sup_loss=0.1062 unsup_loss=0.0000 align_loss=0.6584
2026-02-02 14:58:00,923 DEBUG modssc.inductive.methods.daso daso.py:504: DASO epoch=37 pretrain=False mask_mean=0.000 sup_loss=0.1169 unsup_loss=0.0000 align_loss=0.6648
2026-02-02 14:58:01,415 DEBUG modssc.inductive.methods.daso daso.py:504: DASO epoch=38 pretrain=False mask_mean=0.000 sup_loss=0.0907 unsup_loss=0.0000 align_loss=0.6549
2026-02-02 14:58:01,906 DEBUG modssc.inductive.methods.daso daso.py:504: DASO epoch=39 pretrain=False mask_mean=0.000 sup_loss=0.1342 unsup_loss=0.0000 align_loss=0.6682
2026-02-02 14:58:02,397 DEBUG modssc.inductive.methods.daso daso.py:504: DASO epoch=40 pretrain=False mask_mean=0.000 sup_loss=0.0897 unsup_loss=0.0000 align_loss=0.6618
2026-02-02 14:58:02,889 DEBUG modssc.inductive.methods.daso daso.py:504: DASO epoch=41 pretrain=False mask_mean=0.000 sup_loss=0.1428 unsup_loss=0.0000 align_loss=0.6609
2026-02-02 14:58:03,381 DEBUG modssc.inductive.methods.daso daso.py:504: DASO epoch=42 pretrain=False mask_mean=0.000 sup_loss=0.1702 unsup_loss=0.0000 align_loss=0.6565
2026-02-02 14:58:03,873 DEBUG modssc.inductive.methods.daso daso.py:504: DASO epoch=43 pretrain=False mask_mean=0.000 sup_loss=0.1397 unsup_loss=0.0000 align_loss=0.6681
2026-02-02 14:58:04,365 DEBUG modssc.inductive.methods.daso daso.py:504: DASO epoch=44 pretrain=False mask_mean=0.000 sup_loss=0.1144 unsup_loss=0.0000 align_loss=0.6635
2026-02-02 14:58:04,857 DEBUG modssc.inductive.methods.daso daso.py:504: DASO epoch=45 pretrain=False mask_mean=0.000 sup_loss=0.0847 unsup_loss=0.0000 align_loss=0.6470
2026-02-02 14:58:05,349 DEBUG modssc.inductive.methods.daso daso.py:504: DASO epoch=46 pretrain=False mask_mean=0.000 sup_loss=0.0768 unsup_loss=0.0000 align_loss=0.6678
2026-02-02 14:58:05,841 DEBUG modssc.inductive.methods.daso daso.py:504: DASO epoch=47 pretrain=False mask_mean=0.000 sup_loss=0.0912 unsup_loss=0.0000 align_loss=0.6730
2026-02-02 14:58:06,333 DEBUG modssc.inductive.methods.daso daso.py:504: DASO epoch=48 pretrain=False mask_mean=0.000 sup_loss=0.0690 unsup_loss=0.0000 align_loss=0.6710
2026-02-02 14:58:06,825 DEBUG modssc.inductive.methods.daso daso.py:504: DASO epoch=49 pretrain=False mask_mean=0.000 sup_loss=0.0994 unsup_loss=0.0000 align_loss=0.6675
2026-02-02 14:58:07,315 INFO modssc.inductive.methods.daso daso.py:537: Finished daso.fit in 22.773s
2026-02-02 14:58:07,315 INFO bench.orchestrators.method_inductive method_inductive.py:550: Inductive method done: id=daso duration_s=23.639
2026-02-02 14:58:07,315 INFO bench.orchestrators.evaluation evaluation.py:189: Evaluation (inductive): splits=['val', 'test'] metrics=['accuracy', 'macro_f1']
2026-02-02 14:58:07,325 INFO bench.orchestrators.evaluation evaluation.py:231: Evaluation (inductive) done: duration_s=0.009
2026-02-02 14:58:07,327 INFO bench.orchestrators.reporting reporting.py:54: Run summary written: /nfs/home/mbarbaux/ModSSC/runs/inductive/daso/tabular/adult/best_tabular_inductive_daso_adult-20260202T135738Z/run.json status=success duration_s=0.002
