2026-02-02 14:57:38,372 INFO bench.orchestrators.dataset dataset.py:36: Dataset start: id=citeseer download=True cache_dir=None
2026-02-02 14:57:38,372 DEBUG bench.orchestrators.dataset dataset.py:42: Dataset options: []
2026-02-02 14:57:38,375 DEBUG modssc.data_loader.providers __init__.py:38: Creating provider: pyg
2026-02-02 14:57:38,375 DEBUG modssc.data_loader.api api.py:316: Resolved dataset id=citeseer provider=pyg canonical_uri=pyg:Planetoid/CiteSeer
2026-02-02 14:57:38,375 INFO modssc.data_loader.api api.py:117: Dataset load: id=citeseer provider=pyg version=None fingerprint=3fb862b6bc9dc5b9bfd36e222d5bbeab653ca6c7a430c3accea136e424ca3744 download=True force=False cache_dir=/nfs/home/mbarbaux/ModSSC/cache/datasets
2026-02-02 14:57:38,375 DEBUG modssc.data_loader.api api.py:127: Dataset resolved_kwargs: {'dataset_class': 'Planetoid', 'dataset_kwargs': {'name': 'CiteSeer'}}
2026-02-02 14:57:38,387 DEBUG modssc.data_loader.api api.py:403: Loaded cached dataset: fingerprint=3fb862b6bc9dc5b9bfd36e222d5bbeab653ca6c7a430c3accea136e424ca3744
2026-02-02 14:57:38,387 INFO modssc.data_loader.api api.py:133: Dataset cached: id=citeseer train=3327 test=None n_classes=6 duration_s=0.015
2026-02-02 14:57:38,387 INFO bench.orchestrators.dataset dataset.py:54: Dataset loaded: train=3327 test=None graph=True fingerprint=3fb862b6bc9dc5b9bfd36e222d5bbeab653ca6c7a430c3accea136e424ca3744 provider=pyg
2026-02-02 14:57:38,387 INFO bench.orchestrators.dataset dataset.py:62: Dataset stage done: duration_s=0.015
2026-02-02 14:57:38,418 INFO bench.orchestrators.sampling sampling.py:86: Sampling start: seed=5 dataset_id=citeseer
2026-02-02 14:57:38,418 DEBUG bench.orchestrators.sampling sampling.py:87: Sampling plan: split={'kind': 'holdout', 'test_fraction': 0.2, 'val_fraction': 0.1, 'stratify': True, 'shuffle': True} labeling={'mode': 'fraction', 'value': 0.2, 'per_class': False, 'min_per_class': 1, 'strategy': 'balanced', 'fixed_indices': None} imbalance={'kind': 'none', 'apply_to': 'train', 'max_per_class': None, 'alpha': None, 'min_per_class': 1} policy={'respect_official_test': True, 'use_official_graph_masks': True, 'allow_override_official': False}
2026-02-02 14:57:38,418 DEBUG bench.orchestrators.sampling sampling.py:98: Sampling dataset_fingerprint=3fb862b6bc9dc5b9bfd36e222d5bbeab653ca6c7a430c3accea136e424ca3744
2026-02-02 14:57:38,418 INFO modssc.sampling.api api.py:99: Sampling start: dataset_id=citeseer dataset_fingerprint=3fb862b6bc9dc5b9bfd36e222d5bbeab653ca6c7a430c3accea136e424ca3744 seed=5 graph=True split=holdout
2026-02-02 14:57:38,418 DEBUG modssc.sampling.api api.py:107: Sampling plan: {'split': {'kind': 'holdout', 'test_fraction': 0.2, 'val_fraction': 0.1, 'stratify': True, 'shuffle': True}, 'labeling': {'mode': 'fraction', 'value': 0.2, 'per_class': False, 'min_per_class': 1, 'strategy': 'balanced', 'fixed_indices': None}, 'imbalance': {'kind': 'none', 'apply_to': 'train', 'max_per_class': None, 'alpha': None, 'min_per_class': 1}, 'policy': {'respect_official_test': True, 'use_official_graph_masks': True, 'allow_override_official': False}}
2026-02-02 14:57:38,428 INFO modssc.sampling.api api.py:141: Sampling done: train=120 val=500 test=1000 labeled=24 unlabeled=96 duration_s=0.010
2026-02-02 14:57:38,428 DEBUG modssc.sampling.api api.py:150: Sampling stats: {'nodes': 3327, 'train': 120, 'val': 500, 'test': 1000, 'labeled': 24, 'unlabeled': 96, 'labeled_class_dist': {'n': 24, 'classes': {'0': 4, '1': 4, '2': 4, '3': 4, '4': 4, '5': 4}}}
2026-02-02 14:57:38,428 INFO bench.orchestrators.sampling sampling.py:123: Sampling result: train=120 val=500 test=1000 labeled=24 unlabeled=96 graph=True
2026-02-02 14:57:38,428 DEBUG bench.orchestrators.sampling sampling.py:132: Sampling stats: {'nodes': 3327, 'train': 120, 'val': 500, 'test': 1000, 'labeled': 24, 'unlabeled': 96, 'labeled_class_dist': {'n': 24, 'classes': {'0': 4, '1': 4, '2': 4, '3': 4, '4': 4, '5': 4}}}
2026-02-02 14:57:38,428 INFO bench.orchestrators.sampling sampling.py:133: Sampling stage done: duration_s=0.010
2026-02-02 14:57:38,428 INFO bench.orchestrators.preprocess preprocess.py:105: Preprocess start: seed=5 cache=True n_steps=3 fit_indices=24
2026-02-02 14:57:38,428 DEBUG bench.orchestrators.preprocess preprocess.py:112: Preprocess plan: output_key=features.X steps=['labels.encode', 'core.ensure_2d', 'core.to_numpy']
2026-02-02 14:57:38,428 INFO modssc.preprocess.api api.py:490: Preprocess start: dataset_fp=3fb862b6bc9dc5b9bfd36e222d5bbeab653ca6c7a430c3accea136e424ca3744 steps=['labels.encode', 'core.ensure_2d', 'core.to_numpy'] output_key=features.X seed=5 cache=True
2026-02-02 14:57:38,428 DEBUG modssc.preprocess.api api.py:498: Preprocess input shapes: train_X=(3327, 3703) train_y=(3327,) test_X=None test_y=None
2026-02-02 14:57:38,428 INFO modssc.preprocess.api api.py:505: Preprocess input size: train_data=47.2 MB test_data=n/a
2026-02-02 14:57:38,429 DEBUG modssc.preprocess.api api.py:521: Preprocess step start: id=labels.encode index=0 kind=transform params={}
2026-02-02 14:57:38,434 DEBUG modssc.preprocess.api api.py:605: Preprocess step train outputs: id=labels.encode keys=['labels.classes', 'labels.y'] duration_s=0.005
2026-02-02 14:57:38,434 INFO modssc.preprocess.api api.py:679: Preprocess step done: id=labels.encode index=0 duration_s=0.005 train_data=47.2 MB test_data=n/a
2026-02-02 14:57:38,434 DEBUG modssc.preprocess.api api.py:521: Preprocess step start: id=core.ensure_2d index=1 kind=transform params={}
2026-02-02 14:57:38,533 DEBUG modssc.preprocess.api api.py:605: Preprocess step train outputs: id=core.ensure_2d keys=['features.X'] duration_s=0.099
2026-02-02 14:57:38,533 INFO modssc.preprocess.api api.py:679: Preprocess step done: id=core.ensure_2d index=1 duration_s=0.099 train_data=47.2 MB test_data=n/a
2026-02-02 14:57:38,533 DEBUG modssc.preprocess.api api.py:521: Preprocess step start: id=core.to_numpy index=2 kind=transform params={}
2026-02-02 14:57:38,613 DEBUG modssc.preprocess.api api.py:605: Preprocess step train outputs: id=core.to_numpy keys=['features.X'] duration_s=0.080
2026-02-02 14:57:38,613 INFO modssc.preprocess.api api.py:679: Preprocess step done: id=core.to_numpy index=2 duration_s=0.080 train_data=47.2 MB test_data=n/a
2026-02-02 14:57:38,613 INFO modssc.preprocess.api api.py:730: Preprocess done: dataset_fp=3fb862b6bc9dc5b9bfd36e222d5bbeab653ca6c7a430c3accea136e424ca3744 duration_s=0.185 train_X=(3327, 3703) test_X=None
2026-02-02 14:57:38,613 INFO bench.orchestrators.preprocess preprocess.py:124: Preprocess result: fingerprint=preprocess:1069b34df5ccf35e8af20c1a0d052e7352ec159e264e72d1990d4ec20c0a9338 plan_fingerprint=resolved_plan:8a5e3ebe41a4f364f53ac26a625ef44f5a721631be61f65e32b92a3759853b68 cache_dir=/nfs/home/mbarbaux/ModSSC/cache/preprocess/3fb862b6bc9dc5b9bfd36e222d5bbeab653ca6c7a430c3accea136e424ca3744 skipped=[]
2026-02-02 14:57:38,613 DEBUG bench.orchestrators.preprocess preprocess.py:131: Preprocess output shapes: train_X=(3327, 3703) test_X=None
2026-02-02 14:57:38,613 INFO bench.orchestrators.preprocess preprocess.py:136: Preprocess stage done: duration_s=0.185
2026-02-02 14:57:38,614 INFO bench.orchestrators.method_transductive method_transductive.py:139: Transductive method start: id=appnp seed=3274374610 device=auto resolved_device=cuda use_test=False
2026-02-02 14:57:38,614 DEBUG bench.orchestrators.method_transductive method_transductive.py:147: Transductive method params: {'hidden_dim': 64, 'dropout': 0.5, 'k': 10, 'alpha': 0.1, 'lr': 0.01, 'weight_decay': 0.0005, 'max_epochs': 200, 'patience': 50, 'add_self_loops': True}
2026-02-02 14:57:38,614 INFO bench.orchestrators.method_transductive method_transductive.py:158: Transductive data: n_nodes=3327 n_train=3327 n_test=0
2026-02-02 14:57:38,614 INFO bench.orchestrators.method_transductive method_transductive.py:177: Transductive masks: labeled_count=24 train_count=120
2026-02-02 14:57:38,614 INFO modssc.transductive.methods.gnn.appnp appnp.py:97: Starting appnp.fit
2026-02-02 14:57:38,614 DEBUG modssc.transductive.methods.gnn.appnp appnp.py:98: spec=APPNPSpec(hidden_dim=64, dropout=0.5, k=10, alpha=0.1, lr=0.01, weight_decay=0.0005, max_epochs=200, patience=50, add_self_loops=True) device=cuda seed=3274374610
2026-02-02 14:57:38,786 INFO modssc.transductive.methods.gnn.appnp appnp.py:110: APPNP sizes: n_nodes=3327 n_classes=6 train=24 val=500
2026-02-02 14:57:39,767 DEBUG modssc.transductive.methods.gnn.common common.py:373: train_fullbatch epoch=0 val_loss=1.7189 best updated
2026-02-02 14:57:39,771 DEBUG modssc.transductive.methods.gnn.common common.py:373: train_fullbatch epoch=1 val_loss=1.6296 best updated
2026-02-02 14:57:39,775 DEBUG modssc.transductive.methods.gnn.common common.py:373: train_fullbatch epoch=2 val_loss=1.5245 best updated
2026-02-02 14:57:39,778 DEBUG modssc.transductive.methods.gnn.common common.py:373: train_fullbatch epoch=3 val_loss=1.4170 best updated
2026-02-02 14:57:39,781 DEBUG modssc.transductive.methods.gnn.common common.py:373: train_fullbatch epoch=4 val_loss=1.3139 best updated
2026-02-02 14:57:39,784 DEBUG modssc.transductive.methods.gnn.common common.py:373: train_fullbatch epoch=5 val_loss=1.2270 best updated
2026-02-02 14:57:39,787 DEBUG modssc.transductive.methods.gnn.common common.py:373: train_fullbatch epoch=6 val_loss=1.1640 best updated
2026-02-02 14:57:39,790 DEBUG modssc.transductive.methods.gnn.common common.py:373: train_fullbatch epoch=7 val_loss=1.1323 best updated
2026-02-02 14:57:39,793 DEBUG modssc.transductive.methods.gnn.common common.py:373: train_fullbatch epoch=8 val_loss=1.1219 best updated
2026-02-02 14:57:39,796 DEBUG modssc.transductive.methods.gnn.common common.py:380: train_fullbatch epoch=9 val_loss=1.1275 bad_epochs=1/50
2026-02-02 14:57:39,799 DEBUG modssc.transductive.methods.gnn.common common.py:380: train_fullbatch epoch=10 val_loss=1.1322 bad_epochs=2/50
2026-02-02 14:57:39,802 DEBUG modssc.transductive.methods.gnn.common common.py:380: train_fullbatch epoch=11 val_loss=1.1376 bad_epochs=3/50
2026-02-02 14:57:39,805 DEBUG modssc.transductive.methods.gnn.common common.py:380: train_fullbatch epoch=12 val_loss=1.1420 bad_epochs=4/50
2026-02-02 14:57:39,808 DEBUG modssc.transductive.methods.gnn.common common.py:380: train_fullbatch epoch=13 val_loss=1.1411 bad_epochs=5/50
2026-02-02 14:57:39,811 DEBUG modssc.transductive.methods.gnn.common common.py:380: train_fullbatch epoch=14 val_loss=1.1415 bad_epochs=6/50
2026-02-02 14:57:39,814 DEBUG modssc.transductive.methods.gnn.common common.py:380: train_fullbatch epoch=15 val_loss=1.1440 bad_epochs=7/50
2026-02-02 14:57:39,817 DEBUG modssc.transductive.methods.gnn.common common.py:380: train_fullbatch epoch=16 val_loss=1.1478 bad_epochs=8/50
2026-02-02 14:57:39,821 DEBUG modssc.transductive.methods.gnn.common common.py:380: train_fullbatch epoch=17 val_loss=1.1502 bad_epochs=9/50
2026-02-02 14:57:39,823 DEBUG modssc.transductive.methods.gnn.common common.py:380: train_fullbatch epoch=18 val_loss=1.1514 bad_epochs=10/50
2026-02-02 14:57:39,826 DEBUG modssc.transductive.methods.gnn.common common.py:380: train_fullbatch epoch=19 val_loss=1.1521 bad_epochs=11/50
2026-02-02 14:57:39,830 DEBUG modssc.transductive.methods.gnn.common common.py:380: train_fullbatch epoch=20 val_loss=1.1517 bad_epochs=12/50
2026-02-02 14:57:39,833 DEBUG modssc.transductive.methods.gnn.common common.py:380: train_fullbatch epoch=21 val_loss=1.1509 bad_epochs=13/50
2026-02-02 14:57:39,836 DEBUG modssc.transductive.methods.gnn.common common.py:380: train_fullbatch epoch=22 val_loss=1.1506 bad_epochs=14/50
2026-02-02 14:57:39,839 DEBUG modssc.transductive.methods.gnn.common common.py:380: train_fullbatch epoch=23 val_loss=1.1506 bad_epochs=15/50
2026-02-02 14:57:39,842 DEBUG modssc.transductive.methods.gnn.common common.py:380: train_fullbatch epoch=24 val_loss=1.1506 bad_epochs=16/50
2026-02-02 14:57:39,845 DEBUG modssc.transductive.methods.gnn.common common.py:380: train_fullbatch epoch=25 val_loss=1.1510 bad_epochs=17/50
2026-02-02 14:57:39,848 DEBUG modssc.transductive.methods.gnn.common common.py:380: train_fullbatch epoch=26 val_loss=1.1515 bad_epochs=18/50
2026-02-02 14:57:39,851 DEBUG modssc.transductive.methods.gnn.common common.py:380: train_fullbatch epoch=27 val_loss=1.1515 bad_epochs=19/50
2026-02-02 14:57:39,854 DEBUG modssc.transductive.methods.gnn.common common.py:380: train_fullbatch epoch=28 val_loss=1.1513 bad_epochs=20/50
2026-02-02 14:57:39,857 DEBUG modssc.transductive.methods.gnn.common common.py:380: train_fullbatch epoch=29 val_loss=1.1512 bad_epochs=21/50
2026-02-02 14:57:39,860 DEBUG modssc.transductive.methods.gnn.common common.py:380: train_fullbatch epoch=30 val_loss=1.1507 bad_epochs=22/50
2026-02-02 14:57:39,863 DEBUG modssc.transductive.methods.gnn.common common.py:380: train_fullbatch epoch=31 val_loss=1.1499 bad_epochs=23/50
2026-02-02 14:57:39,866 DEBUG modssc.transductive.methods.gnn.common common.py:380: train_fullbatch epoch=32 val_loss=1.1490 bad_epochs=24/50
2026-02-02 14:57:39,869 DEBUG modssc.transductive.methods.gnn.common common.py:380: train_fullbatch epoch=33 val_loss=1.1482 bad_epochs=25/50
2026-02-02 14:57:39,872 DEBUG modssc.transductive.methods.gnn.common common.py:380: train_fullbatch epoch=34 val_loss=1.1471 bad_epochs=26/50
2026-02-02 14:57:39,875 DEBUG modssc.transductive.methods.gnn.common common.py:380: train_fullbatch epoch=35 val_loss=1.1459 bad_epochs=27/50
2026-02-02 14:57:39,878 DEBUG modssc.transductive.methods.gnn.common common.py:380: train_fullbatch epoch=36 val_loss=1.1448 bad_epochs=28/50
2026-02-02 14:57:39,881 DEBUG modssc.transductive.methods.gnn.common common.py:380: train_fullbatch epoch=37 val_loss=1.1439 bad_epochs=29/50
2026-02-02 14:57:39,884 DEBUG modssc.transductive.methods.gnn.common common.py:380: train_fullbatch epoch=38 val_loss=1.1432 bad_epochs=30/50
2026-02-02 14:57:39,887 DEBUG modssc.transductive.methods.gnn.common common.py:380: train_fullbatch epoch=39 val_loss=1.1436 bad_epochs=31/50
2026-02-02 14:57:39,890 DEBUG modssc.transductive.methods.gnn.common common.py:380: train_fullbatch epoch=40 val_loss=1.1432 bad_epochs=32/50
2026-02-02 14:57:39,893 DEBUG modssc.transductive.methods.gnn.common common.py:380: train_fullbatch epoch=41 val_loss=1.1424 bad_epochs=33/50
2026-02-02 14:57:39,896 DEBUG modssc.transductive.methods.gnn.common common.py:380: train_fullbatch epoch=42 val_loss=1.1414 bad_epochs=34/50
2026-02-02 14:57:39,899 DEBUG modssc.transductive.methods.gnn.common common.py:380: train_fullbatch epoch=43 val_loss=1.1401 bad_epochs=35/50
2026-02-02 14:57:39,902 DEBUG modssc.transductive.methods.gnn.common common.py:380: train_fullbatch epoch=44 val_loss=1.1386 bad_epochs=36/50
2026-02-02 14:57:39,905 DEBUG modssc.transductive.methods.gnn.common common.py:380: train_fullbatch epoch=45 val_loss=1.1369 bad_epochs=37/50
2026-02-02 14:57:39,908 DEBUG modssc.transductive.methods.gnn.common common.py:380: train_fullbatch epoch=46 val_loss=1.1335 bad_epochs=38/50
2026-02-02 14:57:39,911 DEBUG modssc.transductive.methods.gnn.common common.py:380: train_fullbatch epoch=47 val_loss=1.1295 bad_epochs=39/50
2026-02-02 14:57:39,914 DEBUG modssc.transductive.methods.gnn.common common.py:380: train_fullbatch epoch=48 val_loss=1.1252 bad_epochs=40/50
2026-02-02 14:57:39,917 DEBUG modssc.transductive.methods.gnn.common common.py:373: train_fullbatch epoch=49 val_loss=1.1203 best updated
2026-02-02 14:57:39,920 DEBUG modssc.transductive.methods.gnn.common common.py:373: train_fullbatch epoch=50 val_loss=1.1145 best updated
2026-02-02 14:57:39,923 DEBUG modssc.transductive.methods.gnn.common common.py:373: train_fullbatch epoch=51 val_loss=1.1091 best updated
2026-02-02 14:57:39,926 DEBUG modssc.transductive.methods.gnn.common common.py:373: train_fullbatch epoch=52 val_loss=1.0989 best updated
2026-02-02 14:57:39,929 DEBUG modssc.transductive.methods.gnn.common common.py:373: train_fullbatch epoch=53 val_loss=1.0892 best updated
2026-02-02 14:57:39,932 DEBUG modssc.transductive.methods.gnn.common common.py:373: train_fullbatch epoch=54 val_loss=1.0804 best updated
2026-02-02 14:57:39,935 DEBUG modssc.transductive.methods.gnn.common common.py:373: train_fullbatch epoch=55 val_loss=1.0721 best updated
2026-02-02 14:57:39,938 DEBUG modssc.transductive.methods.gnn.common common.py:373: train_fullbatch epoch=56 val_loss=1.0681 best updated
2026-02-02 14:57:39,942 DEBUG modssc.transductive.methods.gnn.common common.py:373: train_fullbatch epoch=57 val_loss=1.0654 best updated
2026-02-02 14:57:39,945 DEBUG modssc.transductive.methods.gnn.common common.py:373: train_fullbatch epoch=58 val_loss=1.0652 best updated
2026-02-02 14:57:39,948 DEBUG modssc.transductive.methods.gnn.common common.py:380: train_fullbatch epoch=59 val_loss=1.0657 bad_epochs=1/50
2026-02-02 14:57:39,951 DEBUG modssc.transductive.methods.gnn.common common.py:380: train_fullbatch epoch=60 val_loss=1.0683 bad_epochs=2/50
2026-02-02 14:57:39,954 DEBUG modssc.transductive.methods.gnn.common common.py:380: train_fullbatch epoch=61 val_loss=1.0717 bad_epochs=3/50
2026-02-02 14:57:39,957 DEBUG modssc.transductive.methods.gnn.common common.py:380: train_fullbatch epoch=62 val_loss=1.0750 bad_epochs=4/50
2026-02-02 14:57:39,960 DEBUG modssc.transductive.methods.gnn.common common.py:380: train_fullbatch epoch=63 val_loss=1.0780 bad_epochs=5/50
2026-02-02 14:57:39,963 DEBUG modssc.transductive.methods.gnn.common common.py:380: train_fullbatch epoch=64 val_loss=1.0812 bad_epochs=6/50
2026-02-02 14:57:39,966 DEBUG modssc.transductive.methods.gnn.common common.py:380: train_fullbatch epoch=65 val_loss=1.0829 bad_epochs=7/50
2026-02-02 14:57:39,969 DEBUG modssc.transductive.methods.gnn.common common.py:380: train_fullbatch epoch=66 val_loss=1.0827 bad_epochs=8/50
2026-02-02 14:57:39,972 DEBUG modssc.transductive.methods.gnn.common common.py:380: train_fullbatch epoch=67 val_loss=1.0843 bad_epochs=9/50
2026-02-02 14:57:39,975 DEBUG modssc.transductive.methods.gnn.common common.py:380: train_fullbatch epoch=68 val_loss=1.0858 bad_epochs=10/50
2026-02-02 14:57:39,978 DEBUG modssc.transductive.methods.gnn.common common.py:380: train_fullbatch epoch=69 val_loss=1.0829 bad_epochs=11/50
2026-02-02 14:57:39,981 DEBUG modssc.transductive.methods.gnn.common common.py:380: train_fullbatch epoch=70 val_loss=1.0796 bad_epochs=12/50
2026-02-02 14:57:39,984 DEBUG modssc.transductive.methods.gnn.common common.py:380: train_fullbatch epoch=71 val_loss=1.0785 bad_epochs=13/50
2026-02-02 14:57:39,987 DEBUG modssc.transductive.methods.gnn.common common.py:380: train_fullbatch epoch=72 val_loss=1.0805 bad_epochs=14/50
2026-02-02 14:57:39,990 DEBUG modssc.transductive.methods.gnn.common common.py:380: train_fullbatch epoch=73 val_loss=1.0834 bad_epochs=15/50
2026-02-02 14:57:39,996 DEBUG modssc.transductive.methods.gnn.common common.py:380: train_fullbatch epoch=74 val_loss=1.0868 bad_epochs=16/50
2026-02-02 14:57:39,999 DEBUG modssc.transductive.methods.gnn.common common.py:380: train_fullbatch epoch=75 val_loss=1.0867 bad_epochs=17/50
2026-02-02 14:57:40,002 DEBUG modssc.transductive.methods.gnn.common common.py:380: train_fullbatch epoch=76 val_loss=1.0850 bad_epochs=18/50
2026-02-02 14:57:40,005 DEBUG modssc.transductive.methods.gnn.common common.py:380: train_fullbatch epoch=77 val_loss=1.0819 bad_epochs=19/50
2026-02-02 14:57:40,008 DEBUG modssc.transductive.methods.gnn.common common.py:380: train_fullbatch epoch=78 val_loss=1.0771 bad_epochs=20/50
2026-02-02 14:57:40,011 DEBUG modssc.transductive.methods.gnn.common common.py:380: train_fullbatch epoch=79 val_loss=1.0689 bad_epochs=21/50
2026-02-02 14:57:40,015 DEBUG modssc.transductive.methods.gnn.common common.py:373: train_fullbatch epoch=80 val_loss=1.0620 best updated
2026-02-02 14:57:40,018 DEBUG modssc.transductive.methods.gnn.common common.py:373: train_fullbatch epoch=81 val_loss=1.0565 best updated
2026-02-02 14:57:40,021 DEBUG modssc.transductive.methods.gnn.common common.py:373: train_fullbatch epoch=82 val_loss=1.0536 best updated
2026-02-02 14:57:40,024 DEBUG modssc.transductive.methods.gnn.common common.py:373: train_fullbatch epoch=83 val_loss=1.0513 best updated
2026-02-02 14:57:40,027 DEBUG modssc.transductive.methods.gnn.common common.py:373: train_fullbatch epoch=84 val_loss=1.0505 best updated
2026-02-02 14:57:40,030 DEBUG modssc.transductive.methods.gnn.common common.py:380: train_fullbatch epoch=85 val_loss=1.0518 bad_epochs=1/50
2026-02-02 14:57:40,033 DEBUG modssc.transductive.methods.gnn.common common.py:380: train_fullbatch epoch=86 val_loss=1.0553 bad_epochs=2/50
2026-02-02 14:57:40,036 DEBUG modssc.transductive.methods.gnn.common common.py:380: train_fullbatch epoch=87 val_loss=1.0627 bad_epochs=3/50
2026-02-02 14:57:40,039 DEBUG modssc.transductive.methods.gnn.common common.py:380: train_fullbatch epoch=88 val_loss=1.0712 bad_epochs=4/50
2026-02-02 14:57:40,042 DEBUG modssc.transductive.methods.gnn.common common.py:380: train_fullbatch epoch=89 val_loss=1.0741 bad_epochs=5/50
2026-02-02 14:57:40,045 DEBUG modssc.transductive.methods.gnn.common common.py:380: train_fullbatch epoch=90 val_loss=1.0755 bad_epochs=6/50
2026-02-02 14:57:40,048 DEBUG modssc.transductive.methods.gnn.common common.py:380: train_fullbatch epoch=91 val_loss=1.0764 bad_epochs=7/50
2026-02-02 14:57:40,051 DEBUG modssc.transductive.methods.gnn.common common.py:380: train_fullbatch epoch=92 val_loss=1.0811 bad_epochs=8/50
2026-02-02 14:57:40,054 DEBUG modssc.transductive.methods.gnn.common common.py:380: train_fullbatch epoch=93 val_loss=1.0854 bad_epochs=9/50
2026-02-02 14:57:40,057 DEBUG modssc.transductive.methods.gnn.common common.py:380: train_fullbatch epoch=94 val_loss=1.0889 bad_epochs=10/50
2026-02-02 14:57:40,060 DEBUG modssc.transductive.methods.gnn.common common.py:380: train_fullbatch epoch=95 val_loss=1.0912 bad_epochs=11/50
2026-02-02 14:57:40,063 DEBUG modssc.transductive.methods.gnn.common common.py:380: train_fullbatch epoch=96 val_loss=1.0917 bad_epochs=12/50
2026-02-02 14:57:40,066 DEBUG modssc.transductive.methods.gnn.common common.py:380: train_fullbatch epoch=97 val_loss=1.0897 bad_epochs=13/50
2026-02-02 14:57:40,069 DEBUG modssc.transductive.methods.gnn.common common.py:380: train_fullbatch epoch=98 val_loss=1.0824 bad_epochs=14/50
2026-02-02 14:57:40,072 DEBUG modssc.transductive.methods.gnn.common common.py:380: train_fullbatch epoch=99 val_loss=1.0761 bad_epochs=15/50
2026-02-02 14:57:40,075 DEBUG modssc.transductive.methods.gnn.common common.py:380: train_fullbatch epoch=100 val_loss=1.0695 bad_epochs=16/50
2026-02-02 14:57:40,078 DEBUG modssc.transductive.methods.gnn.common common.py:380: train_fullbatch epoch=101 val_loss=1.0638 bad_epochs=17/50
2026-02-02 14:57:40,082 DEBUG modssc.transductive.methods.gnn.common common.py:380: train_fullbatch epoch=102 val_loss=1.0589 bad_epochs=18/50
2026-02-02 14:57:40,085 DEBUG modssc.transductive.methods.gnn.common common.py:380: train_fullbatch epoch=103 val_loss=1.0557 bad_epochs=19/50
2026-02-02 14:57:40,088 DEBUG modssc.transductive.methods.gnn.common common.py:380: train_fullbatch epoch=104 val_loss=1.0526 bad_epochs=20/50
2026-02-02 14:57:40,091 DEBUG modssc.transductive.methods.gnn.common common.py:373: train_fullbatch epoch=105 val_loss=1.0500 best updated
2026-02-02 14:57:40,094 DEBUG modssc.transductive.methods.gnn.common common.py:373: train_fullbatch epoch=106 val_loss=1.0479 best updated
2026-02-02 14:57:40,097 DEBUG modssc.transductive.methods.gnn.common common.py:373: train_fullbatch epoch=107 val_loss=1.0459 best updated
2026-02-02 14:57:40,100 DEBUG modssc.transductive.methods.gnn.common common.py:373: train_fullbatch epoch=108 val_loss=1.0420 best updated
2026-02-02 14:57:40,103 DEBUG modssc.transductive.methods.gnn.common common.py:373: train_fullbatch epoch=109 val_loss=1.0392 best updated
2026-02-02 14:57:40,106 DEBUG modssc.transductive.methods.gnn.common common.py:373: train_fullbatch epoch=110 val_loss=1.0358 best updated
2026-02-02 14:57:40,109 DEBUG modssc.transductive.methods.gnn.common common.py:373: train_fullbatch epoch=111 val_loss=1.0345 best updated
2026-02-02 14:57:40,112 DEBUG modssc.transductive.methods.gnn.common common.py:380: train_fullbatch epoch=112 val_loss=1.0358 bad_epochs=1/50
2026-02-02 14:57:40,115 DEBUG modssc.transductive.methods.gnn.common common.py:380: train_fullbatch epoch=113 val_loss=1.0388 bad_epochs=2/50
2026-02-02 14:57:40,118 DEBUG modssc.transductive.methods.gnn.common common.py:380: train_fullbatch epoch=114 val_loss=1.0440 bad_epochs=3/50
2026-02-02 14:57:40,121 DEBUG modssc.transductive.methods.gnn.common common.py:380: train_fullbatch epoch=115 val_loss=1.0502 bad_epochs=4/50
2026-02-02 14:57:40,124 DEBUG modssc.transductive.methods.gnn.common common.py:380: train_fullbatch epoch=116 val_loss=1.0572 bad_epochs=5/50
2026-02-02 14:57:40,127 DEBUG modssc.transductive.methods.gnn.common common.py:380: train_fullbatch epoch=117 val_loss=1.0634 bad_epochs=6/50
2026-02-02 14:57:40,130 DEBUG modssc.transductive.methods.gnn.common common.py:380: train_fullbatch epoch=118 val_loss=1.0691 bad_epochs=7/50
2026-02-02 14:57:40,133 DEBUG modssc.transductive.methods.gnn.common common.py:380: train_fullbatch epoch=119 val_loss=1.0745 bad_epochs=8/50
2026-02-02 14:57:40,136 DEBUG modssc.transductive.methods.gnn.common common.py:380: train_fullbatch epoch=120 val_loss=1.0782 bad_epochs=9/50
2026-02-02 14:57:40,139 DEBUG modssc.transductive.methods.gnn.common common.py:380: train_fullbatch epoch=121 val_loss=1.0803 bad_epochs=10/50
2026-02-02 14:57:40,142 DEBUG modssc.transductive.methods.gnn.common common.py:380: train_fullbatch epoch=122 val_loss=1.0852 bad_epochs=11/50
2026-02-02 14:57:40,145 DEBUG modssc.transductive.methods.gnn.common common.py:380: train_fullbatch epoch=123 val_loss=1.0849 bad_epochs=12/50
2026-02-02 14:57:40,148 DEBUG modssc.transductive.methods.gnn.common common.py:380: train_fullbatch epoch=124 val_loss=1.0835 bad_epochs=13/50
2026-02-02 14:57:40,151 DEBUG modssc.transductive.methods.gnn.common common.py:380: train_fullbatch epoch=125 val_loss=1.0787 bad_epochs=14/50
2026-02-02 14:57:40,154 DEBUG modssc.transductive.methods.gnn.common common.py:380: train_fullbatch epoch=126 val_loss=1.0738 bad_epochs=15/50
2026-02-02 14:57:40,157 DEBUG modssc.transductive.methods.gnn.common common.py:380: train_fullbatch epoch=127 val_loss=1.0708 bad_epochs=16/50
2026-02-02 14:57:40,160 DEBUG modssc.transductive.methods.gnn.common common.py:380: train_fullbatch epoch=128 val_loss=1.0694 bad_epochs=17/50
2026-02-02 14:57:40,163 DEBUG modssc.transductive.methods.gnn.common common.py:380: train_fullbatch epoch=129 val_loss=1.0676 bad_epochs=18/50
2026-02-02 14:57:40,166 DEBUG modssc.transductive.methods.gnn.common common.py:380: train_fullbatch epoch=130 val_loss=1.0647 bad_epochs=19/50
2026-02-02 14:57:40,169 DEBUG modssc.transductive.methods.gnn.common common.py:380: train_fullbatch epoch=131 val_loss=1.0615 bad_epochs=20/50
2026-02-02 14:57:40,172 DEBUG modssc.transductive.methods.gnn.common common.py:380: train_fullbatch epoch=132 val_loss=1.0604 bad_epochs=21/50
2026-02-02 14:57:40,175 DEBUG modssc.transductive.methods.gnn.common common.py:380: train_fullbatch epoch=133 val_loss=1.0591 bad_epochs=22/50
2026-02-02 14:57:40,178 DEBUG modssc.transductive.methods.gnn.common common.py:380: train_fullbatch epoch=134 val_loss=1.0568 bad_epochs=23/50
2026-02-02 14:57:40,181 DEBUG modssc.transductive.methods.gnn.common common.py:380: train_fullbatch epoch=135 val_loss=1.0540 bad_epochs=24/50
2026-02-02 14:57:40,184 DEBUG modssc.transductive.methods.gnn.common common.py:380: train_fullbatch epoch=136 val_loss=1.0530 bad_epochs=25/50
2026-02-02 14:57:40,187 DEBUG modssc.transductive.methods.gnn.common common.py:380: train_fullbatch epoch=137 val_loss=1.0542 bad_epochs=26/50
2026-02-02 14:57:40,190 DEBUG modssc.transductive.methods.gnn.common common.py:380: train_fullbatch epoch=138 val_loss=1.0594 bad_epochs=27/50
2026-02-02 14:57:40,193 DEBUG modssc.transductive.methods.gnn.common common.py:380: train_fullbatch epoch=139 val_loss=1.0596 bad_epochs=28/50
2026-02-02 14:57:40,196 DEBUG modssc.transductive.methods.gnn.common common.py:380: train_fullbatch epoch=140 val_loss=1.0590 bad_epochs=29/50
2026-02-02 14:57:40,199 DEBUG modssc.transductive.methods.gnn.common common.py:380: train_fullbatch epoch=141 val_loss=1.0582 bad_epochs=30/50
2026-02-02 14:57:40,202 DEBUG modssc.transductive.methods.gnn.common common.py:380: train_fullbatch epoch=142 val_loss=1.0589 bad_epochs=31/50
2026-02-02 14:57:40,205 DEBUG modssc.transductive.methods.gnn.common common.py:380: train_fullbatch epoch=143 val_loss=1.0613 bad_epochs=32/50
2026-02-02 14:57:40,208 DEBUG modssc.transductive.methods.gnn.common common.py:380: train_fullbatch epoch=144 val_loss=1.0629 bad_epochs=33/50
2026-02-02 14:57:40,211 DEBUG modssc.transductive.methods.gnn.common common.py:380: train_fullbatch epoch=145 val_loss=1.0622 bad_epochs=34/50
2026-02-02 14:57:40,214 DEBUG modssc.transductive.methods.gnn.common common.py:380: train_fullbatch epoch=146 val_loss=1.0631 bad_epochs=35/50
2026-02-02 14:57:40,217 DEBUG modssc.transductive.methods.gnn.common common.py:380: train_fullbatch epoch=147 val_loss=1.0629 bad_epochs=36/50
2026-02-02 14:57:40,220 DEBUG modssc.transductive.methods.gnn.common common.py:380: train_fullbatch epoch=148 val_loss=1.0631 bad_epochs=37/50
2026-02-02 14:57:40,223 DEBUG modssc.transductive.methods.gnn.common common.py:380: train_fullbatch epoch=149 val_loss=1.0628 bad_epochs=38/50
2026-02-02 14:57:40,226 DEBUG modssc.transductive.methods.gnn.common common.py:380: train_fullbatch epoch=150 val_loss=1.0617 bad_epochs=39/50
2026-02-02 14:57:40,229 DEBUG modssc.transductive.methods.gnn.common common.py:380: train_fullbatch epoch=151 val_loss=1.0618 bad_epochs=40/50
2026-02-02 14:57:40,232 DEBUG modssc.transductive.methods.gnn.common common.py:380: train_fullbatch epoch=152 val_loss=1.0623 bad_epochs=41/50
2026-02-02 14:57:40,235 DEBUG modssc.transductive.methods.gnn.common common.py:380: train_fullbatch epoch=153 val_loss=1.0634 bad_epochs=42/50
2026-02-02 14:57:40,238 DEBUG modssc.transductive.methods.gnn.common common.py:380: train_fullbatch epoch=154 val_loss=1.0651 bad_epochs=43/50
2026-02-02 14:57:40,241 DEBUG modssc.transductive.methods.gnn.common common.py:380: train_fullbatch epoch=155 val_loss=1.0636 bad_epochs=44/50
2026-02-02 14:57:40,244 DEBUG modssc.transductive.methods.gnn.common common.py:380: train_fullbatch epoch=156 val_loss=1.0637 bad_epochs=45/50
2026-02-02 14:57:40,247 DEBUG modssc.transductive.methods.gnn.common common.py:380: train_fullbatch epoch=157 val_loss=1.0618 bad_epochs=46/50
2026-02-02 14:57:40,250 DEBUG modssc.transductive.methods.gnn.common common.py:380: train_fullbatch epoch=158 val_loss=1.0641 bad_epochs=47/50
2026-02-02 14:57:40,253 DEBUG modssc.transductive.methods.gnn.common common.py:380: train_fullbatch epoch=159 val_loss=1.0660 bad_epochs=48/50
2026-02-02 14:57:40,256 DEBUG modssc.transductive.methods.gnn.common common.py:380: train_fullbatch epoch=160 val_loss=1.0681 bad_epochs=49/50
2026-02-02 14:57:40,259 DEBUG modssc.transductive.methods.gnn.common common.py:380: train_fullbatch epoch=161 val_loss=1.0680 bad_epochs=50/50
2026-02-02 14:57:40,259 DEBUG modssc.transductive.methods.gnn.common common.py:388: train_fullbatch early_stop epoch=161 best_epoch=111 best_val_loss=1.0345
2026-02-02 14:57:40,260 DEBUG modssc.transductive.methods.gnn.common common.py:399: train_fullbatch done n_epochs=162 best_epoch=111 best_val_loss=1.034468650817871
2026-02-02 14:57:40,260 INFO modssc.transductive.methods.gnn.appnp appnp.py:141: Finished appnp.fit in 1.646s
2026-02-02 14:57:40,260 INFO bench.orchestrators.method_transductive method_transductive.py:218: Transductive method done: id=appnp duration_s=1.646
2026-02-02 14:57:40,260 INFO bench.orchestrators.evaluation evaluation.py:244: Evaluation (transductive): splits=['val', 'test'] metrics=['accuracy', 'macro_f1']
2026-02-02 14:57:40,261 INFO bench.orchestrators.evaluation evaluation.py:263: Evaluation (transductive) done: duration_s=0.002
2026-02-02 14:57:40,263 INFO bench.orchestrators.reporting reporting.py:54: Run summary written: /nfs/home/mbarbaux/ModSSC/runs/transductive/appnp/graph/citeseer/best_graph_transductive_appnp_citeseer-20260202T135738Z/run.json status=success duration_s=0.001
