2026-02-02 15:08:48,287 INFO bench.orchestrators.dataset dataset.py:36: Dataset start: id=cora download=True cache_dir=None
2026-02-02 15:08:48,287 DEBUG bench.orchestrators.dataset dataset.py:42: Dataset options: []
2026-02-02 15:08:48,290 DEBUG modssc.data_loader.providers __init__.py:38: Creating provider: pyg
2026-02-02 15:08:48,291 DEBUG modssc.data_loader.api api.py:316: Resolved dataset id=cora provider=pyg canonical_uri=pyg:Planetoid/Cora
2026-02-02 15:08:48,291 INFO modssc.data_loader.api api.py:117: Dataset load: id=cora provider=pyg version=None fingerprint=2919521af8679a8c84658219f16403f74aa1bfc03b19b6a08eb2565299400728 download=True force=False cache_dir=/nfs/home/mbarbaux/ModSSC/cache/datasets
2026-02-02 15:08:48,291 DEBUG modssc.data_loader.api api.py:127: Dataset resolved_kwargs: {'dataset_class': 'Planetoid', 'dataset_kwargs': {'name': 'Cora'}}
2026-02-02 15:08:48,296 DEBUG modssc.data_loader.api api.py:403: Loaded cached dataset: fingerprint=2919521af8679a8c84658219f16403f74aa1bfc03b19b6a08eb2565299400728
2026-02-02 15:08:48,296 INFO modssc.data_loader.api api.py:133: Dataset cached: id=cora train=2708 test=None n_classes=7 duration_s=0.009
2026-02-02 15:08:48,296 INFO bench.orchestrators.dataset dataset.py:54: Dataset loaded: train=2708 test=None graph=True fingerprint=2919521af8679a8c84658219f16403f74aa1bfc03b19b6a08eb2565299400728 provider=pyg
2026-02-02 15:08:48,296 INFO bench.orchestrators.dataset dataset.py:62: Dataset stage done: duration_s=0.009
2026-02-02 15:08:48,321 INFO bench.orchestrators.sampling sampling.py:86: Sampling start: seed=5 dataset_id=cora
2026-02-02 15:08:48,321 DEBUG bench.orchestrators.sampling sampling.py:87: Sampling plan: split={'kind': 'holdout', 'test_fraction': 0.2, 'val_fraction': 0.1, 'stratify': True, 'shuffle': True} labeling={'mode': 'fraction', 'value': 0.2, 'per_class': False, 'min_per_class': 1, 'strategy': 'balanced', 'fixed_indices': None} imbalance={'kind': 'none', 'apply_to': 'train', 'max_per_class': None, 'alpha': None, 'min_per_class': 1} policy={'respect_official_test': True, 'use_official_graph_masks': True, 'allow_override_official': False}
2026-02-02 15:08:48,321 DEBUG bench.orchestrators.sampling sampling.py:98: Sampling dataset_fingerprint=2919521af8679a8c84658219f16403f74aa1bfc03b19b6a08eb2565299400728
2026-02-02 15:08:48,321 INFO modssc.sampling.api api.py:99: Sampling start: dataset_id=cora dataset_fingerprint=2919521af8679a8c84658219f16403f74aa1bfc03b19b6a08eb2565299400728 seed=5 graph=True split=holdout
2026-02-02 15:08:48,321 DEBUG modssc.sampling.api api.py:107: Sampling plan: {'split': {'kind': 'holdout', 'test_fraction': 0.2, 'val_fraction': 0.1, 'stratify': True, 'shuffle': True}, 'labeling': {'mode': 'fraction', 'value': 0.2, 'per_class': False, 'min_per_class': 1, 'strategy': 'balanced', 'fixed_indices': None}, 'imbalance': {'kind': 'none', 'apply_to': 'train', 'max_per_class': None, 'alpha': None, 'min_per_class': 1}, 'policy': {'respect_official_test': True, 'use_official_graph_masks': True, 'allow_override_official': False}}
2026-02-02 15:08:48,332 INFO modssc.sampling.api api.py:141: Sampling done: train=140 val=500 test=1000 labeled=28 unlabeled=112 duration_s=0.011
2026-02-02 15:08:48,332 DEBUG modssc.sampling.api api.py:150: Sampling stats: {'nodes': 2708, 'train': 140, 'val': 500, 'test': 1000, 'labeled': 28, 'unlabeled': 112, 'labeled_class_dist': {'n': 28, 'classes': {'0': 4, '1': 4, '2': 4, '3': 4, '4': 4, '5': 4, '6': 4}}}
2026-02-02 15:08:48,332 INFO bench.orchestrators.sampling sampling.py:123: Sampling result: train=140 val=500 test=1000 labeled=28 unlabeled=112 graph=True
2026-02-02 15:08:48,332 DEBUG bench.orchestrators.sampling sampling.py:132: Sampling stats: {'nodes': 2708, 'train': 140, 'val': 500, 'test': 1000, 'labeled': 28, 'unlabeled': 112, 'labeled_class_dist': {'n': 28, 'classes': {'0': 4, '1': 4, '2': 4, '3': 4, '4': 4, '5': 4, '6': 4}}}
2026-02-02 15:08:48,332 INFO bench.orchestrators.sampling sampling.py:133: Sampling stage done: duration_s=0.011
2026-02-02 15:08:48,332 INFO bench.orchestrators.preprocess preprocess.py:105: Preprocess start: seed=5 cache=True n_steps=3 fit_indices=28
2026-02-02 15:08:48,332 DEBUG bench.orchestrators.preprocess preprocess.py:112: Preprocess plan: output_key=features.X steps=['labels.encode', 'core.ensure_2d', 'core.to_numpy']
2026-02-02 15:08:48,332 INFO modssc.preprocess.api api.py:490: Preprocess start: dataset_fp=2919521af8679a8c84658219f16403f74aa1bfc03b19b6a08eb2565299400728 steps=['labels.encode', 'core.ensure_2d', 'core.to_numpy'] output_key=features.X seed=5 cache=True
2026-02-02 15:08:48,332 DEBUG modssc.preprocess.api api.py:498: Preprocess input shapes: train_X=(2708, 1433) train_y=(2708,) test_X=None test_y=None
2026-02-02 15:08:48,332 INFO modssc.preprocess.api api.py:505: Preprocess input size: train_data=15.0 MB test_data=n/a
2026-02-02 15:08:48,332 DEBUG modssc.preprocess.api api.py:521: Preprocess step start: id=labels.encode index=0 kind=transform params={}
2026-02-02 15:08:48,338 DEBUG modssc.preprocess.api api.py:605: Preprocess step train outputs: id=labels.encode keys=['labels.classes', 'labels.y'] duration_s=0.006
2026-02-02 15:08:48,338 INFO modssc.preprocess.api api.py:679: Preprocess step done: id=labels.encode index=0 duration_s=0.006 train_data=15.0 MB test_data=n/a
2026-02-02 15:08:48,338 DEBUG modssc.preprocess.api api.py:521: Preprocess step start: id=core.ensure_2d index=1 kind=transform params={}
2026-02-02 15:08:48,378 DEBUG modssc.preprocess.api api.py:605: Preprocess step train outputs: id=core.ensure_2d keys=['features.X'] duration_s=0.040
2026-02-02 15:08:48,378 INFO modssc.preprocess.api api.py:679: Preprocess step done: id=core.ensure_2d index=1 duration_s=0.040 train_data=15.0 MB test_data=n/a
2026-02-02 15:08:48,378 DEBUG modssc.preprocess.api api.py:521: Preprocess step start: id=core.to_numpy index=2 kind=transform params={}
2026-02-02 15:08:48,407 DEBUG modssc.preprocess.api api.py:605: Preprocess step train outputs: id=core.to_numpy keys=['features.X'] duration_s=0.029
2026-02-02 15:08:48,407 INFO modssc.preprocess.api api.py:679: Preprocess step done: id=core.to_numpy index=2 duration_s=0.029 train_data=15.0 MB test_data=n/a
2026-02-02 15:08:48,407 INFO modssc.preprocess.api api.py:730: Preprocess done: dataset_fp=2919521af8679a8c84658219f16403f74aa1bfc03b19b6a08eb2565299400728 duration_s=0.075 train_X=(2708, 1433) test_X=None
2026-02-02 15:08:48,407 INFO bench.orchestrators.preprocess preprocess.py:124: Preprocess result: fingerprint=preprocess:6eaf9a71c3db86ab24260f10118a587c53889f7dd5582a4e0ff2cdabcdf4774f plan_fingerprint=resolved_plan:8a5e3ebe41a4f364f53ac26a625ef44f5a721631be61f65e32b92a3759853b68 cache_dir=/nfs/home/mbarbaux/ModSSC/cache/preprocess/2919521af8679a8c84658219f16403f74aa1bfc03b19b6a08eb2565299400728 skipped=[]
2026-02-02 15:08:48,407 DEBUG bench.orchestrators.preprocess preprocess.py:131: Preprocess output shapes: train_X=(2708, 1433) test_X=None
2026-02-02 15:08:48,407 INFO bench.orchestrators.preprocess preprocess.py:136: Preprocess stage done: duration_s=0.075
2026-02-02 15:08:48,407 INFO bench.orchestrators.method_transductive method_transductive.py:139: Transductive method start: id=appnp seed=3274374610 device=auto resolved_device=cuda use_test=False
2026-02-02 15:08:48,407 DEBUG bench.orchestrators.method_transductive method_transductive.py:147: Transductive method params: {'hidden_dim': 64, 'dropout': 0.5, 'k': 10, 'alpha': 0.1, 'lr': 0.01, 'weight_decay': 0.0005, 'max_epochs': 200, 'patience': 50, 'add_self_loops': True}
2026-02-02 15:08:48,408 INFO bench.orchestrators.method_transductive method_transductive.py:158: Transductive data: n_nodes=2708 n_train=2708 n_test=0
2026-02-02 15:08:48,408 INFO bench.orchestrators.method_transductive method_transductive.py:177: Transductive masks: labeled_count=28 train_count=140
2026-02-02 15:08:48,408 INFO modssc.transductive.methods.gnn.appnp appnp.py:97: Starting appnp.fit
2026-02-02 15:08:48,408 DEBUG modssc.transductive.methods.gnn.appnp appnp.py:98: spec=APPNPSpec(hidden_dim=64, dropout=0.5, k=10, alpha=0.1, lr=0.01, weight_decay=0.0005, max_epochs=200, patience=50, add_self_loops=True) device=cuda seed=3274374610
2026-02-02 15:08:48,578 INFO modssc.transductive.methods.gnn.appnp appnp.py:110: APPNP sizes: n_nodes=2708 n_classes=7 train=28 val=500
2026-02-02 15:08:49,489 DEBUG modssc.transductive.methods.gnn.common common.py:373: train_fullbatch epoch=0 val_loss=1.9107 best updated
2026-02-02 15:08:49,493 DEBUG modssc.transductive.methods.gnn.common common.py:373: train_fullbatch epoch=1 val_loss=1.8598 best updated
2026-02-02 15:08:49,496 DEBUG modssc.transductive.methods.gnn.common common.py:373: train_fullbatch epoch=2 val_loss=1.7901 best updated
2026-02-02 15:08:49,499 DEBUG modssc.transductive.methods.gnn.common common.py:373: train_fullbatch epoch=3 val_loss=1.7064 best updated
2026-02-02 15:08:49,502 DEBUG modssc.transductive.methods.gnn.common common.py:373: train_fullbatch epoch=4 val_loss=1.6132 best updated
2026-02-02 15:08:49,505 DEBUG modssc.transductive.methods.gnn.common common.py:373: train_fullbatch epoch=5 val_loss=1.5149 best updated
2026-02-02 15:08:49,508 DEBUG modssc.transductive.methods.gnn.common common.py:373: train_fullbatch epoch=6 val_loss=1.4176 best updated
2026-02-02 15:08:49,512 DEBUG modssc.transductive.methods.gnn.common common.py:373: train_fullbatch epoch=7 val_loss=1.3246 best updated
2026-02-02 15:08:49,515 DEBUG modssc.transductive.methods.gnn.common common.py:373: train_fullbatch epoch=8 val_loss=1.2383 best updated
2026-02-02 15:08:49,518 DEBUG modssc.transductive.methods.gnn.common common.py:373: train_fullbatch epoch=9 val_loss=1.1602 best updated
2026-02-02 15:08:49,521 DEBUG modssc.transductive.methods.gnn.common common.py:373: train_fullbatch epoch=10 val_loss=1.0952 best updated
2026-02-02 15:08:49,524 DEBUG modssc.transductive.methods.gnn.common common.py:373: train_fullbatch epoch=11 val_loss=1.0391 best updated
2026-02-02 15:08:49,527 DEBUG modssc.transductive.methods.gnn.common common.py:373: train_fullbatch epoch=12 val_loss=0.9984 best updated
2026-02-02 15:08:49,530 DEBUG modssc.transductive.methods.gnn.common common.py:373: train_fullbatch epoch=13 val_loss=0.9766 best updated
2026-02-02 15:08:49,533 DEBUG modssc.transductive.methods.gnn.common common.py:373: train_fullbatch epoch=14 val_loss=0.9725 best updated
2026-02-02 15:08:49,536 DEBUG modssc.transductive.methods.gnn.common common.py:380: train_fullbatch epoch=15 val_loss=0.9854 bad_epochs=1/50
2026-02-02 15:08:49,539 DEBUG modssc.transductive.methods.gnn.common common.py:380: train_fullbatch epoch=16 val_loss=1.0243 bad_epochs=2/50
2026-02-02 15:08:49,541 DEBUG modssc.transductive.methods.gnn.common common.py:380: train_fullbatch epoch=17 val_loss=1.0739 bad_epochs=3/50
2026-02-02 15:08:49,544 DEBUG modssc.transductive.methods.gnn.common common.py:380: train_fullbatch epoch=18 val_loss=1.1257 bad_epochs=4/50
2026-02-02 15:08:49,547 DEBUG modssc.transductive.methods.gnn.common common.py:380: train_fullbatch epoch=19 val_loss=1.1562 bad_epochs=5/50
2026-02-02 15:08:49,550 DEBUG modssc.transductive.methods.gnn.common common.py:380: train_fullbatch epoch=20 val_loss=1.1439 bad_epochs=6/50
2026-02-02 15:08:49,553 DEBUG modssc.transductive.methods.gnn.common common.py:380: train_fullbatch epoch=21 val_loss=1.1262 bad_epochs=7/50
2026-02-02 15:08:49,556 DEBUG modssc.transductive.methods.gnn.common common.py:380: train_fullbatch epoch=22 val_loss=1.1083 bad_epochs=8/50
2026-02-02 15:08:49,559 DEBUG modssc.transductive.methods.gnn.common common.py:380: train_fullbatch epoch=23 val_loss=1.0912 bad_epochs=9/50
2026-02-02 15:08:49,562 DEBUG modssc.transductive.methods.gnn.common common.py:380: train_fullbatch epoch=24 val_loss=1.0871 bad_epochs=10/50
2026-02-02 15:08:49,565 DEBUG modssc.transductive.methods.gnn.common common.py:380: train_fullbatch epoch=25 val_loss=1.1012 bad_epochs=11/50
2026-02-02 15:08:49,568 DEBUG modssc.transductive.methods.gnn.common common.py:380: train_fullbatch epoch=26 val_loss=1.1121 bad_epochs=12/50
2026-02-02 15:08:49,571 DEBUG modssc.transductive.methods.gnn.common common.py:380: train_fullbatch epoch=27 val_loss=1.1187 bad_epochs=13/50
2026-02-02 15:08:49,574 DEBUG modssc.transductive.methods.gnn.common common.py:380: train_fullbatch epoch=28 val_loss=1.1258 bad_epochs=14/50
2026-02-02 15:08:49,577 DEBUG modssc.transductive.methods.gnn.common common.py:380: train_fullbatch epoch=29 val_loss=1.1478 bad_epochs=15/50
2026-02-02 15:08:49,580 DEBUG modssc.transductive.methods.gnn.common common.py:380: train_fullbatch epoch=30 val_loss=1.1609 bad_epochs=16/50
2026-02-02 15:08:49,583 DEBUG modssc.transductive.methods.gnn.common common.py:380: train_fullbatch epoch=31 val_loss=1.1749 bad_epochs=17/50
2026-02-02 15:08:49,586 DEBUG modssc.transductive.methods.gnn.common common.py:380: train_fullbatch epoch=32 val_loss=1.1823 bad_epochs=18/50
2026-02-02 15:08:49,588 DEBUG modssc.transductive.methods.gnn.common common.py:380: train_fullbatch epoch=33 val_loss=1.1747 bad_epochs=19/50
2026-02-02 15:08:49,591 DEBUG modssc.transductive.methods.gnn.common common.py:380: train_fullbatch epoch=34 val_loss=1.1657 bad_epochs=20/50
2026-02-02 15:08:49,594 DEBUG modssc.transductive.methods.gnn.common common.py:380: train_fullbatch epoch=35 val_loss=1.1584 bad_epochs=21/50
2026-02-02 15:08:49,597 DEBUG modssc.transductive.methods.gnn.common common.py:380: train_fullbatch epoch=36 val_loss=1.1343 bad_epochs=22/50
2026-02-02 15:08:49,600 DEBUG modssc.transductive.methods.gnn.common common.py:380: train_fullbatch epoch=37 val_loss=1.1127 bad_epochs=23/50
2026-02-02 15:08:49,603 DEBUG modssc.transductive.methods.gnn.common common.py:380: train_fullbatch epoch=38 val_loss=1.0932 bad_epochs=24/50
2026-02-02 15:08:49,606 DEBUG modssc.transductive.methods.gnn.common common.py:380: train_fullbatch epoch=39 val_loss=1.0869 bad_epochs=25/50
2026-02-02 15:08:49,609 DEBUG modssc.transductive.methods.gnn.common common.py:380: train_fullbatch epoch=40 val_loss=1.0827 bad_epochs=26/50
2026-02-02 15:08:49,612 DEBUG modssc.transductive.methods.gnn.common common.py:380: train_fullbatch epoch=41 val_loss=1.0824 bad_epochs=27/50
2026-02-02 15:08:49,615 DEBUG modssc.transductive.methods.gnn.common common.py:380: train_fullbatch epoch=42 val_loss=1.0969 bad_epochs=28/50
2026-02-02 15:08:49,618 DEBUG modssc.transductive.methods.gnn.common common.py:380: train_fullbatch epoch=43 val_loss=1.0987 bad_epochs=29/50
2026-02-02 15:08:49,621 DEBUG modssc.transductive.methods.gnn.common common.py:380: train_fullbatch epoch=44 val_loss=1.0902 bad_epochs=30/50
2026-02-02 15:08:49,624 DEBUG modssc.transductive.methods.gnn.common common.py:380: train_fullbatch epoch=45 val_loss=1.0657 bad_epochs=31/50
2026-02-02 15:08:49,627 DEBUG modssc.transductive.methods.gnn.common common.py:380: train_fullbatch epoch=46 val_loss=1.0386 bad_epochs=32/50
2026-02-02 15:08:49,630 DEBUG modssc.transductive.methods.gnn.common common.py:380: train_fullbatch epoch=47 val_loss=1.0201 bad_epochs=33/50
2026-02-02 15:08:49,633 DEBUG modssc.transductive.methods.gnn.common common.py:380: train_fullbatch epoch=48 val_loss=1.0104 bad_epochs=34/50
2026-02-02 15:08:49,636 DEBUG modssc.transductive.methods.gnn.common common.py:380: train_fullbatch epoch=49 val_loss=1.0064 bad_epochs=35/50
2026-02-02 15:08:49,638 DEBUG modssc.transductive.methods.gnn.common common.py:380: train_fullbatch epoch=50 val_loss=1.0071 bad_epochs=36/50
2026-02-02 15:08:49,641 DEBUG modssc.transductive.methods.gnn.common common.py:380: train_fullbatch epoch=51 val_loss=1.0077 bad_epochs=37/50
2026-02-02 15:08:49,644 DEBUG modssc.transductive.methods.gnn.common common.py:380: train_fullbatch epoch=52 val_loss=1.0087 bad_epochs=38/50
2026-02-02 15:08:49,647 DEBUG modssc.transductive.methods.gnn.common common.py:380: train_fullbatch epoch=53 val_loss=1.0120 bad_epochs=39/50
2026-02-02 15:08:49,650 DEBUG modssc.transductive.methods.gnn.common common.py:380: train_fullbatch epoch=54 val_loss=1.0143 bad_epochs=40/50
2026-02-02 15:08:49,653 DEBUG modssc.transductive.methods.gnn.common common.py:380: train_fullbatch epoch=55 val_loss=1.0255 bad_epochs=41/50
2026-02-02 15:08:49,656 DEBUG modssc.transductive.methods.gnn.common common.py:380: train_fullbatch epoch=56 val_loss=1.0414 bad_epochs=42/50
2026-02-02 15:08:49,659 DEBUG modssc.transductive.methods.gnn.common common.py:380: train_fullbatch epoch=57 val_loss=1.0549 bad_epochs=43/50
2026-02-02 15:08:49,662 DEBUG modssc.transductive.methods.gnn.common common.py:380: train_fullbatch epoch=58 val_loss=1.0732 bad_epochs=44/50
2026-02-02 15:08:49,665 DEBUG modssc.transductive.methods.gnn.common common.py:380: train_fullbatch epoch=59 val_loss=1.0856 bad_epochs=45/50
2026-02-02 15:08:49,668 DEBUG modssc.transductive.methods.gnn.common common.py:380: train_fullbatch epoch=60 val_loss=1.0937 bad_epochs=46/50
2026-02-02 15:08:49,671 DEBUG modssc.transductive.methods.gnn.common common.py:380: train_fullbatch epoch=61 val_loss=1.1044 bad_epochs=47/50
2026-02-02 15:08:49,674 DEBUG modssc.transductive.methods.gnn.common common.py:380: train_fullbatch epoch=62 val_loss=1.1080 bad_epochs=48/50
2026-02-02 15:08:49,677 DEBUG modssc.transductive.methods.gnn.common common.py:380: train_fullbatch epoch=63 val_loss=1.1052 bad_epochs=49/50
2026-02-02 15:08:49,680 DEBUG modssc.transductive.methods.gnn.common common.py:380: train_fullbatch epoch=64 val_loss=1.1010 bad_epochs=50/50
2026-02-02 15:08:49,680 DEBUG modssc.transductive.methods.gnn.common common.py:388: train_fullbatch early_stop epoch=64 best_epoch=14 best_val_loss=0.9725
2026-02-02 15:08:49,680 DEBUG modssc.transductive.methods.gnn.common common.py:399: train_fullbatch done n_epochs=65 best_epoch=14 best_val_loss=0.9725244641304016
2026-02-02 15:08:49,680 INFO modssc.transductive.methods.gnn.appnp appnp.py:141: Finished appnp.fit in 1.272s
2026-02-02 15:08:49,680 INFO bench.orchestrators.method_transductive method_transductive.py:218: Transductive method done: id=appnp duration_s=1.273
2026-02-02 15:08:49,680 INFO bench.orchestrators.evaluation evaluation.py:244: Evaluation (transductive): splits=['val', 'test'] metrics=['accuracy', 'macro_f1']
2026-02-02 15:08:49,681 INFO bench.orchestrators.evaluation evaluation.py:263: Evaluation (transductive) done: duration_s=0.001
2026-02-02 15:08:49,683 INFO bench.orchestrators.reporting reporting.py:54: Run summary written: /nfs/home/mbarbaux/ModSSC/runs/transductive/appnp/graph/cora/best_graph_transductive_appnp_cora-20260202T140848Z/run.json status=success duration_s=0.001
