2026-02-02 15:27:07,298 INFO bench.orchestrators.dataset dataset.py:36: Dataset start: id=adult download=True cache_dir=None
2026-02-02 15:27:07,298 DEBUG bench.orchestrators.dataset dataset.py:42: Dataset options: []
2026-02-02 15:27:07,301 DEBUG modssc.data_loader.providers __init__.py:38: Creating provider: openml
2026-02-02 15:27:07,301 DEBUG modssc.data_loader.api api.py:316: Resolved dataset id=adult provider=openml canonical_uri=openml:1590
2026-02-02 15:27:07,301 INFO modssc.data_loader.api api.py:117: Dataset load: id=adult provider=openml version=None fingerprint=f9281cab47a3de02bacdff6aeecab3cc3bec164d4d321622f81551b6b4f82967 download=True force=False cache_dir=/nfs/home/mbarbaux/ModSSC/cache/datasets
2026-02-02 15:27:07,301 DEBUG modssc.data_loader.api api.py:127: Dataset resolved_kwargs: {'data_id': 1590, 'name': None, 'version': None, 'as_frame': False, 'target_column': None, 'class_filter': None, 'max_samples': None, 'seed': None}
2026-02-02 15:27:07,361 DEBUG modssc.data_loader.api api.py:403: Loaded cached dataset: fingerprint=f9281cab47a3de02bacdff6aeecab3cc3bec164d4d321622f81551b6b4f82967
2026-02-02 15:27:07,382 INFO modssc.data_loader.api api.py:133: Dataset cached: id=adult train=48842 test=None n_classes=2 duration_s=0.084
2026-02-02 15:27:07,382 INFO bench.orchestrators.dataset dataset.py:54: Dataset loaded: train=48842 test=None graph=False fingerprint=f9281cab47a3de02bacdff6aeecab3cc3bec164d4d321622f81551b6b4f82967 provider=openml
2026-02-02 15:27:07,382 INFO bench.orchestrators.dataset dataset.py:62: Dataset stage done: duration_s=0.084
2026-02-02 15:27:07,404 INFO bench.orchestrators.sampling sampling.py:86: Sampling start: seed=1 dataset_id=adult
2026-02-02 15:27:07,404 DEBUG bench.orchestrators.sampling sampling.py:87: Sampling plan: split={'kind': 'holdout', 'test_fraction': 0.2, 'val_fraction': 0.1, 'stratify': True, 'shuffle': True} labeling={'mode': 'fraction', 'value': 0.2, 'per_class': False, 'min_per_class': 1, 'strategy': 'balanced', 'fixed_indices': None} imbalance={'kind': 'none', 'apply_to': 'train', 'max_per_class': None, 'alpha': None, 'min_per_class': 1} policy={'respect_official_test': True, 'use_official_graph_masks': True, 'allow_override_official': False}
2026-02-02 15:27:07,404 DEBUG bench.orchestrators.sampling sampling.py:98: Sampling dataset_fingerprint=f9281cab47a3de02bacdff6aeecab3cc3bec164d4d321622f81551b6b4f82967
2026-02-02 15:27:07,404 INFO modssc.sampling.api api.py:99: Sampling start: dataset_id=adult dataset_fingerprint=f9281cab47a3de02bacdff6aeecab3cc3bec164d4d321622f81551b6b4f82967 seed=1 graph=False split=holdout
2026-02-02 15:27:07,404 DEBUG modssc.sampling.api api.py:107: Sampling plan: {'split': {'kind': 'holdout', 'test_fraction': 0.2, 'val_fraction': 0.1, 'stratify': True, 'shuffle': True}, 'labeling': {'mode': 'fraction', 'value': 0.2, 'per_class': False, 'min_per_class': 1, 'strategy': 'balanced', 'fixed_indices': None}, 'imbalance': {'kind': 'none', 'apply_to': 'train', 'max_per_class': None, 'alpha': None, 'min_per_class': 1}, 'policy': {'respect_official_test': True, 'use_official_graph_masks': True, 'allow_override_official': False}}
2026-02-02 15:27:07,503 INFO modssc.sampling.api api.py:141: Sampling done: train=35167 val=3907 test=9768 labeled=7033 unlabeled=28134 duration_s=0.099
2026-02-02 15:27:07,503 DEBUG modssc.sampling.api api.py:150: Sampling stats: {'policy': {'respect_official_test': True, 'has_official_test': False, 'test_ref': 'train'}, 'train': {'n': 35167, 'classes': {'<=50K': 26752, '>50K': 8415}}, 'val': {'n': 3907, 'classes': {'<=50K': 2972, '>50K': 935}}, 'train_labeled': {'n': 7033, 'classes': {'<=50K': 3517, '>50K': 3516}}, 'train_unlabeled': {'n': 28134}, 'test': {'n': 9768, 'classes': {'<=50K': 7431, '>50K': 2337}}}
2026-02-02 15:27:07,524 INFO bench.orchestrators.sampling sampling.py:123: Sampling result: train=35167 val=3907 test=9768 labeled=7033 unlabeled=28134 graph=False
2026-02-02 15:27:07,524 DEBUG bench.orchestrators.sampling sampling.py:132: Sampling stats: {'policy': {'respect_official_test': True, 'has_official_test': False, 'test_ref': 'train'}, 'train': {'n': 35167, 'classes': {'<=50K': 26752, '>50K': 8415}}, 'val': {'n': 3907, 'classes': {'<=50K': 2972, '>50K': 935}}, 'train_labeled': {'n': 7033, 'classes': {'<=50K': 3517, '>50K': 3516}}, 'train_unlabeled': {'n': 28134}, 'test': {'n': 9768, 'classes': {'<=50K': 7431, '>50K': 2337}}}
2026-02-02 15:27:07,524 INFO bench.orchestrators.sampling sampling.py:133: Sampling stage done: duration_s=0.120
2026-02-02 15:27:07,524 INFO bench.orchestrators.preprocess preprocess.py:105: Preprocess start: seed=1 cache=True n_steps=5 fit_indices=7033
2026-02-02 15:27:07,524 DEBUG bench.orchestrators.preprocess preprocess.py:112: Preprocess plan: output_key=features.X steps=['labels.encode', 'tabular.one_hot', 'core.ensure_2d', 'core.pca', 'core.to_numpy']
2026-02-02 15:27:07,524 INFO modssc.preprocess.api api.py:490: Preprocess start: dataset_fp=f9281cab47a3de02bacdff6aeecab3cc3bec164d4d321622f81551b6b4f82967 steps=['labels.encode', 'tabular.one_hot', 'core.ensure_2d', 'core.pca', 'core.to_numpy'] output_key=features.X seed=1 cache=True
2026-02-02 15:27:07,524 DEBUG modssc.preprocess.api api.py:498: Preprocess input shapes: train_X=(48842, 14) train_y=(48842,) test_X=None test_y=None
2026-02-02 15:27:07,524 INFO modssc.preprocess.api api.py:505: Preprocess input size: train_data=5.6 MB test_data=n/a
2026-02-02 15:27:07,524 DEBUG modssc.preprocess.api api.py:521: Preprocess step start: id=labels.encode index=0 kind=transform params={}
2026-02-02 15:27:07,531 DEBUG modssc.preprocess.api api.py:605: Preprocess step train outputs: id=labels.encode keys=['labels.classes', 'labels.y'] duration_s=0.006
2026-02-02 15:27:07,531 INFO modssc.preprocess.api api.py:679: Preprocess step done: id=labels.encode index=0 duration_s=0.006 train_data=5.6 MB test_data=n/a
2026-02-02 15:27:07,531 DEBUG modssc.preprocess.api api.py:521: Preprocess step start: id=tabular.one_hot index=1 kind=fittable params={}
2026-02-02 15:27:08,537 DEBUG modssc.preprocess.api api.py:605: Preprocess step train outputs: id=tabular.one_hot keys=['features.X'] duration_s=1.007
2026-02-02 15:27:08,537 INFO modssc.preprocess.api api.py:679: Preprocess step done: id=tabular.one_hot index=1 duration_s=1.007 train_data=20.1 MB test_data=n/a
2026-02-02 15:27:08,538 DEBUG modssc.preprocess.api api.py:521: Preprocess step start: id=core.ensure_2d index=2 kind=transform params={}
2026-02-02 15:27:08,544 DEBUG modssc.preprocess.api api.py:605: Preprocess step train outputs: id=core.ensure_2d keys=['features.X'] duration_s=0.007
2026-02-02 15:27:08,544 INFO modssc.preprocess.api api.py:679: Preprocess step done: id=core.ensure_2d index=2 duration_s=0.007 train_data=20.1 MB test_data=n/a
2026-02-02 15:27:08,544 DEBUG modssc.preprocess.api api.py:521: Preprocess step start: id=core.pca index=3 kind=fittable params={'n_components': 30}
2026-02-02 15:27:09,943 DEBUG modssc.preprocess.api api.py:605: Preprocess step train outputs: id=core.pca keys=['features.X'] duration_s=1.399
2026-02-02 15:27:09,943 INFO modssc.preprocess.api api.py:679: Preprocess step done: id=core.pca index=3 duration_s=1.399 train_data=6.0 MB test_data=n/a
2026-02-02 15:27:09,943 DEBUG modssc.preprocess.api api.py:521: Preprocess step start: id=core.to_numpy index=4 kind=transform params={}
2026-02-02 15:27:09,946 DEBUG modssc.preprocess.api api.py:605: Preprocess step train outputs: id=core.to_numpy keys=['features.X'] duration_s=0.002
2026-02-02 15:27:09,946 INFO modssc.preprocess.api api.py:679: Preprocess step done: id=core.to_numpy index=4 duration_s=0.002 train_data=6.0 MB test_data=n/a
2026-02-02 15:27:09,946 INFO modssc.preprocess.api api.py:730: Preprocess done: dataset_fp=f9281cab47a3de02bacdff6aeecab3cc3bec164d4d321622f81551b6b4f82967 duration_s=2.422 train_X=(48842, 30) test_X=None
2026-02-02 15:27:09,946 INFO bench.orchestrators.preprocess preprocess.py:124: Preprocess result: fingerprint=preprocess:31a3bdc0449b8816bd86555011d98c6efa85f4f337dfdfb9fbb4a067efad09b5 plan_fingerprint=resolved_plan:17482c72b46c0128215067eeb16db0338f8d62fa6ee2badc8a99bb54672bbc45 cache_dir=/nfs/home/mbarbaux/ModSSC/cache/preprocess/f9281cab47a3de02bacdff6aeecab3cc3bec164d4d321622f81551b6b4f82967 skipped=[]
2026-02-02 15:27:09,946 DEBUG bench.orchestrators.preprocess preprocess.py:131: Preprocess output shapes: train_X=(48842, 30) test_X=None
2026-02-02 15:27:09,946 INFO bench.orchestrators.preprocess preprocess.py:136: Preprocess stage done: duration_s=2.422
2026-02-02 15:27:09,946 INFO bench.orchestrators.graph graph.py:67: Graph start: include_test=False cache=True
2026-02-02 15:27:09,946 DEBUG bench.orchestrators.graph graph.py:72: Graph spec: scheme=knn metric=cosine k=15 radius=None backend=numpy feature_field=features.X seed=1
2026-02-02 15:27:09,946 DEBUG bench.orchestrators.graph graph.py:89: Graph features: shape=(48842, 30)
2026-02-02 15:27:10,001 INFO modssc.graph.construction.api api.py:111: Graph cached: fingerprint=38c0cf903f302d6cf68907c8aa345d733c2013c03806df02ab913b4784fdf95f n_nodes=48842 n_edges=1206480 duration_s=0.055
2026-02-02 15:27:10,001 INFO bench.orchestrators.graph graph.py:100: Graph built: fingerprint=38c0cf903f302d6cf68907c8aa345d733c2013c03806df02ab913b4784fdf95f n_nodes=48842 n_edges=1206480 duration_s=0.055
2026-02-02 15:27:10,002 INFO bench.orchestrators.method_transductive method_transductive.py:139: Transductive method start: id=dynamic_label_propagation seed=398591604 device=auto resolved_device=cuda use_test=False
2026-02-02 15:27:10,002 DEBUG bench.orchestrators.method_transductive method_transductive.py:147: Transductive method params: {'k_neighbors': 10, 'alpha': 0.05, 'lambda_value': 0.1, 'max_iter': 30}
2026-02-02 15:27:10,002 INFO bench.orchestrators.method_transductive method_transductive.py:158: Transductive data: n_nodes=48842 n_train=48842 n_test=0
2026-02-02 15:27:10,002 INFO bench.orchestrators.method_transductive method_transductive.py:177: Transductive masks: labeled_count=7033 train_count=35167
2026-02-02 15:27:10,002 INFO modssc.transductive.methods.classic.dynamic_label_propagation dynamic_label_propagation.py:295: Starting dynamic_label_propagation.fit
2026-02-02 15:27:10,002 DEBUG modssc.transductive.methods.classic.dynamic_label_propagation dynamic_label_propagation.py:296: spec=DynamicLabelPropagationSpec(k_neighbors=10, alpha=0.05, lambda_value=0.1, max_iter=30) device=cuda seed=398591604
2026-02-02 15:27:10,003 DEBUG modssc.transductive.methods.classic.dynamic_label_propagation dynamic_label_propagation.py:307: backend=torch
2026-02-02 15:27:10,003 INFO modssc.transductive.methods.classic.dynamic_label_propagation dynamic_label_propagation.py:308: Dynamic label propagation sizes: n_nodes=48842 labeled=7033
Run failed
Traceback (most recent call last):
  File "/nfs/home/mbarbaux/ModSSC/src/modssc/transductive/methods/classic/dynamic_label_propagation.py", line 261, in dynamic_label_propagation
    return dynamic_label_propagation_torch(
           ^^^^^^^^^^^^^^^^^^^^^^^^^^^^^^^^
  File "/nfs/home/mbarbaux/ModSSC/src/modssc/transductive/methods/classic/dynamic_label_propagation.py", line 203, in dynamic_label_propagation_torch
    identity = torch.eye(n_nodes, dtype=torch.float32, device=W.device)
               ^^^^^^^^^^^^^^^^^^^^^^^^^^^^^^^^^^^^^^^^^^^^^^^^^^^^^^^^
torch.OutOfMemoryError: CUDA out of memory. Tried to allocate 8.89 GiB. GPU 0 has a total capacity of 44.40 GiB of which 6.53 GiB is free. Process 2850152 has 1.79 GiB memory in use. Including non-PyTorch memory, this process has 36.08 GiB memory in use. Of the allocated memory 35.57 GiB is allocated by PyTorch, and 25.17 MiB is reserved by PyTorch but unallocated. If reserved but unallocated memory is large try setting PYTORCH_CUDA_ALLOC_CONF=expandable_segments:True to avoid fragmentation.  See documentation for Memory Management  (https://pytorch.org/docs/stable/notes/cuda.html#environment-variables)

The above exception was the direct cause of the following exception:

Traceback (most recent call last):
  File "/nfs/home/mbarbaux/ModSSC/bench/main.py", line 624, in run_experiment
    method, data = transductive_orch.run(
                   ^^^^^^^^^^^^^^^^^^^^^^
  File "/nfs/home/mbarbaux/ModSSC/bench/orchestrators/method_transductive.py", line 217, in run
    method.fit(data, device=resolved_device, seed=int(seed))
  File "/nfs/home/mbarbaux/ModSSC/src/modssc/transductive/methods/classic/dynamic_label_propagation.py", line 313, in fit
    self._result = dynamic_label_propagation(
                   ^^^^^^^^^^^^^^^^^^^^^^^^^^
  File "/nfs/home/mbarbaux/ModSSC/src/modssc/transductive/methods/classic/dynamic_label_propagation.py", line 270, in dynamic_label_propagation
    raise RuntimeError(
RuntimeError: DynamicLabelPropagation ran out of memory on device=cuda. Retry with device='cpu' or reduce graph size.
2026-02-02 15:27:10,521 INFO bench.orchestrators.reporting reporting.py:54: Run summary written: /nfs/home/mbarbaux/ModSSC/runs/transductive/dynamic_label_propagation/tabular/adult/best_tabular_transductive_dynamic_label_propagation_adult-20260202T142707Z/run.json status=failed duration_s=0.001
Traceback (most recent call last):
  File "/nfs/home/mbarbaux/ModSSC/src/modssc/transductive/methods/classic/dynamic_label_propagation.py", line 261, in dynamic_label_propagation
    return dynamic_label_propagation_torch(
           ^^^^^^^^^^^^^^^^^^^^^^^^^^^^^^^^
  File "/nfs/home/mbarbaux/ModSSC/src/modssc/transductive/methods/classic/dynamic_label_propagation.py", line 203, in dynamic_label_propagation_torch
    identity = torch.eye(n_nodes, dtype=torch.float32, device=W.device)
               ^^^^^^^^^^^^^^^^^^^^^^^^^^^^^^^^^^^^^^^^^^^^^^^^^^^^^^^^
torch.OutOfMemoryError: CUDA out of memory. Tried to allocate 8.89 GiB. GPU 0 has a total capacity of 44.40 GiB of which 6.53 GiB is free. Process 2850152 has 1.79 GiB memory in use. Including non-PyTorch memory, this process has 36.08 GiB memory in use. Of the allocated memory 35.57 GiB is allocated by PyTorch, and 25.17 MiB is reserved by PyTorch but unallocated. If reserved but unallocated memory is large try setting PYTORCH_CUDA_ALLOC_CONF=expandable_segments:True to avoid fragmentation.  See documentation for Memory Management  (https://pytorch.org/docs/stable/notes/cuda.html#environment-variables)

The above exception was the direct cause of the following exception:

Traceback (most recent call last):
  File "<frozen runpy>", line 198, in _run_module_as_main
  File "<frozen runpy>", line 88, in _run_code
  File "/nfs/home/mbarbaux/ModSSC/bench/main.py", line 691, in <module>
    raise SystemExit(main())
                     ^^^^^^
  File "/nfs/home/mbarbaux/ModSSC/bench/main.py", line 687, in main
    return run_experiment(Path(args.config))
           ^^^^^^^^^^^^^^^^^^^^^^^^^^^^^^^^^
  File "/nfs/home/mbarbaux/ModSSC/bench/main.py", line 624, in run_experiment
    method, data = transductive_orch.run(
                   ^^^^^^^^^^^^^^^^^^^^^^
  File "/nfs/home/mbarbaux/ModSSC/bench/orchestrators/method_transductive.py", line 217, in run
    method.fit(data, device=resolved_device, seed=int(seed))
  File "/nfs/home/mbarbaux/ModSSC/src/modssc/transductive/methods/classic/dynamic_label_propagation.py", line 313, in fit
    self._result = dynamic_label_propagation(
                   ^^^^^^^^^^^^^^^^^^^^^^^^^^
  File "/nfs/home/mbarbaux/ModSSC/src/modssc/transductive/methods/classic/dynamic_label_propagation.py", line 270, in dynamic_label_propagation
    raise RuntimeError(
RuntimeError: DynamicLabelPropagation ran out of memory on device=cuda. Retry with device='cpu' or reduce graph size.
