2026-02-02 17:03:02,960 INFO bench.orchestrators.dataset dataset.py:36: Dataset start: id=iris download=True cache_dir=None
2026-02-02 17:03:02,960 DEBUG bench.orchestrators.dataset dataset.py:42: Dataset options: []
2026-02-02 17:03:02,963 DEBUG modssc.data_loader.providers __init__.py:38: Creating provider: openml
2026-02-02 17:03:02,963 DEBUG modssc.data_loader.api api.py:316: Resolved dataset id=iris provider=openml canonical_uri=openml:61
2026-02-02 17:03:02,963 INFO modssc.data_loader.api api.py:117: Dataset load: id=iris provider=openml version=None fingerprint=ba055ddc9f9ca1b72ab8a14217263923c7ce2466a9ada1892118d69873fd8572 download=True force=False cache_dir=/nfs/home/mbarbaux/ModSSC/cache/datasets
2026-02-02 17:03:02,963 DEBUG modssc.data_loader.api api.py:127: Dataset resolved_kwargs: {'data_id': 61, 'name': None, 'version': None, 'as_frame': False, 'target_column': None, 'class_filter': None, 'max_samples': None, 'seed': None}
2026-02-02 17:03:02,965 DEBUG modssc.data_loader.api api.py:403: Loaded cached dataset: fingerprint=ba055ddc9f9ca1b72ab8a14217263923c7ce2466a9ada1892118d69873fd8572
2026-02-02 17:03:02,969 INFO modssc.data_loader.api api.py:133: Dataset cached: id=iris train=150 test=None n_classes=3 duration_s=0.009
2026-02-02 17:03:02,969 INFO bench.orchestrators.dataset dataset.py:54: Dataset loaded: train=150 test=None graph=False fingerprint=ba055ddc9f9ca1b72ab8a14217263923c7ce2466a9ada1892118d69873fd8572 provider=openml
2026-02-02 17:03:02,969 INFO bench.orchestrators.dataset dataset.py:62: Dataset stage done: duration_s=0.009
2026-02-02 17:03:02,989 INFO bench.orchestrators.sampling sampling.py:86: Sampling start: seed=1 dataset_id=iris
2026-02-02 17:03:02,989 DEBUG bench.orchestrators.sampling sampling.py:87: Sampling plan: split={'kind': 'holdout', 'test_fraction': 0.2, 'val_fraction': 0.1, 'stratify': True, 'shuffle': True} labeling={'mode': 'fraction', 'value': 0.2, 'per_class': False, 'min_per_class': 1, 'strategy': 'balanced', 'fixed_indices': None} imbalance={'kind': 'none', 'apply_to': 'train', 'max_per_class': None, 'alpha': None, 'min_per_class': 1} policy={'respect_official_test': True, 'use_official_graph_masks': True, 'allow_override_official': False}
2026-02-02 17:03:02,989 DEBUG bench.orchestrators.sampling sampling.py:98: Sampling dataset_fingerprint=ba055ddc9f9ca1b72ab8a14217263923c7ce2466a9ada1892118d69873fd8572
2026-02-02 17:03:02,989 INFO modssc.sampling.api api.py:99: Sampling start: dataset_id=iris dataset_fingerprint=ba055ddc9f9ca1b72ab8a14217263923c7ce2466a9ada1892118d69873fd8572 seed=1 graph=False split=holdout
2026-02-02 17:03:02,989 DEBUG modssc.sampling.api api.py:107: Sampling plan: {'split': {'kind': 'holdout', 'test_fraction': 0.2, 'val_fraction': 0.1, 'stratify': True, 'shuffle': True}, 'labeling': {'mode': 'fraction', 'value': 0.2, 'per_class': False, 'min_per_class': 1, 'strategy': 'balanced', 'fixed_indices': None}, 'imbalance': {'kind': 'none', 'apply_to': 'train', 'max_per_class': None, 'alpha': None, 'min_per_class': 1}, 'policy': {'respect_official_test': True, 'use_official_graph_masks': True, 'allow_override_official': False}}
2026-02-02 17:03:02,997 INFO modssc.sampling.api api.py:141: Sampling done: train=108 val=12 test=30 labeled=22 unlabeled=86 duration_s=0.008
2026-02-02 17:03:02,997 DEBUG modssc.sampling.api api.py:150: Sampling stats: {'policy': {'respect_official_test': True, 'has_official_test': False, 'test_ref': 'train'}, 'train': {'n': 108, 'classes': {'Iris-setosa': 36, 'Iris-versicolor': 36, 'Iris-virginica': 36}}, 'val': {'n': 12, 'classes': {'Iris-setosa': 4, 'Iris-versicolor': 4, 'Iris-virginica': 4}}, 'train_labeled': {'n': 22, 'classes': {'Iris-setosa': 8, 'Iris-versicolor': 7, 'Iris-virginica': 7}}, 'train_unlabeled': {'n': 86}, 'test': {'n': 30, 'classes': {'Iris-setosa': 10, 'Iris-versicolor': 10, 'Iris-virginica': 10}}}
2026-02-02 17:03:02,997 INFO bench.orchestrators.sampling sampling.py:123: Sampling result: train=108 val=12 test=30 labeled=22 unlabeled=86 graph=False
2026-02-02 17:03:02,997 DEBUG bench.orchestrators.sampling sampling.py:132: Sampling stats: {'policy': {'respect_official_test': True, 'has_official_test': False, 'test_ref': 'train'}, 'train': {'n': 108, 'classes': {'Iris-setosa': 36, 'Iris-versicolor': 36, 'Iris-virginica': 36}}, 'val': {'n': 12, 'classes': {'Iris-setosa': 4, 'Iris-versicolor': 4, 'Iris-virginica': 4}}, 'train_labeled': {'n': 22, 'classes': {'Iris-setosa': 8, 'Iris-versicolor': 7, 'Iris-virginica': 7}}, 'train_unlabeled': {'n': 86}, 'test': {'n': 30, 'classes': {'Iris-setosa': 10, 'Iris-versicolor': 10, 'Iris-virginica': 10}}}
2026-02-02 17:03:02,997 INFO bench.orchestrators.sampling sampling.py:133: Sampling stage done: duration_s=0.008
2026-02-02 17:03:02,997 INFO bench.orchestrators.preprocess preprocess.py:105: Preprocess start: seed=1 cache=True n_steps=4 fit_indices=22
2026-02-02 17:03:02,997 DEBUG bench.orchestrators.preprocess preprocess.py:112: Preprocess plan: output_key=features.X steps=['labels.encode', 'core.ensure_2d', 'core.pca', 'core.to_numpy']
2026-02-02 17:03:02,997 INFO modssc.preprocess.api api.py:490: Preprocess start: dataset_fp=ba055ddc9f9ca1b72ab8a14217263923c7ce2466a9ada1892118d69873fd8572 steps=['labels.encode', 'core.ensure_2d', 'core.pca', 'core.to_numpy'] output_key=features.X seed=1 cache=True
2026-02-02 17:03:02,997 DEBUG modssc.preprocess.api api.py:498: Preprocess input shapes: train_X=(150, 4) train_y=(150,) test_X=None test_y=None
2026-02-02 17:03:02,997 INFO modssc.preprocess.api api.py:505: Preprocess input size: train_data=5.9 KB test_data=n/a
2026-02-02 17:03:02,997 DEBUG modssc.preprocess.api api.py:521: Preprocess step start: id=labels.encode index=0 kind=transform params={}
2026-02-02 17:03:03,003 DEBUG modssc.preprocess.api api.py:605: Preprocess step train outputs: id=labels.encode keys=['labels.classes', 'labels.y'] duration_s=0.006
2026-02-02 17:03:03,003 INFO modssc.preprocess.api api.py:679: Preprocess step done: id=labels.encode index=0 duration_s=0.006 train_data=5.9 KB test_data=n/a
2026-02-02 17:03:03,003 DEBUG modssc.preprocess.api api.py:521: Preprocess step start: id=core.ensure_2d index=1 kind=transform params={}
2026-02-02 17:03:03,005 DEBUG modssc.preprocess.api api.py:605: Preprocess step train outputs: id=core.ensure_2d keys=['features.X'] duration_s=0.002
2026-02-02 17:03:03,005 INFO modssc.preprocess.api api.py:679: Preprocess step done: id=core.ensure_2d index=1 duration_s=0.002 train_data=5.9 KB test_data=n/a
2026-02-02 17:03:03,005 DEBUG modssc.preprocess.api api.py:521: Preprocess step start: id=core.pca index=2 kind=fittable params={'n_components': 30}
2026-02-02 17:03:03,007 DEBUG modssc.preprocess.api api.py:605: Preprocess step train outputs: id=core.pca keys=['features.X'] duration_s=0.002
2026-02-02 17:03:03,007 INFO modssc.preprocess.api api.py:679: Preprocess step done: id=core.pca index=2 duration_s=0.002 train_data=3.5 KB test_data=n/a
2026-02-02 17:03:03,007 DEBUG modssc.preprocess.api api.py:521: Preprocess step start: id=core.to_numpy index=3 kind=transform params={}
2026-02-02 17:03:03,008 DEBUG modssc.preprocess.api api.py:605: Preprocess step train outputs: id=core.to_numpy keys=['features.X'] duration_s=0.001
2026-02-02 17:03:03,008 INFO modssc.preprocess.api api.py:679: Preprocess step done: id=core.to_numpy index=3 duration_s=0.001 train_data=3.5 KB test_data=n/a
2026-02-02 17:03:03,008 INFO modssc.preprocess.api api.py:730: Preprocess done: dataset_fp=ba055ddc9f9ca1b72ab8a14217263923c7ce2466a9ada1892118d69873fd8572 duration_s=0.012 train_X=(150, 4) test_X=None
2026-02-02 17:03:03,009 INFO bench.orchestrators.preprocess preprocess.py:124: Preprocess result: fingerprint=preprocess:b6b1c4c39e1e6824211dff3e25a871abb8d6e7745886b9d24299e0c03848f43c plan_fingerprint=resolved_plan:482a0984f51742ea5d9dbcc35f660359eaee028ed4420e88d582a288bf1fe3f8 cache_dir=/nfs/home/mbarbaux/ModSSC/cache/preprocess/ba055ddc9f9ca1b72ab8a14217263923c7ce2466a9ada1892118d69873fd8572 skipped=[]
2026-02-02 17:03:03,009 DEBUG bench.orchestrators.preprocess preprocess.py:131: Preprocess output shapes: train_X=(150, 4) test_X=None
2026-02-02 17:03:03,009 INFO bench.orchestrators.preprocess preprocess.py:136: Preprocess stage done: duration_s=0.012
2026-02-02 17:03:03,009 INFO bench.orchestrators.graph graph.py:67: Graph start: include_test=False cache=True
2026-02-02 17:03:03,009 DEBUG bench.orchestrators.graph graph.py:72: Graph spec: scheme=knn metric=cosine k=15 radius=None backend=numpy feature_field=features.X seed=1
2026-02-02 17:03:03,009 DEBUG bench.orchestrators.graph graph.py:89: Graph features: shape=(150, 4)
2026-02-02 17:03:03,009 INFO modssc.graph.construction.api api.py:111: Graph cached: fingerprint=31ce5b148fad7173f46fa64b405818ac5b6694320511849cdec564d9574f4634 n_nodes=150 n_edges=2980 duration_s=0.001
2026-02-02 17:03:03,010 INFO bench.orchestrators.graph graph.py:100: Graph built: fingerprint=31ce5b148fad7173f46fa64b405818ac5b6694320511849cdec564d9574f4634 n_nodes=150 n_edges=2980 duration_s=0.001
2026-02-02 17:03:03,010 INFO bench.orchestrators.method_transductive method_transductive.py:139: Transductive method start: id=lazy_random_walk seed=398591604 device=auto resolved_device=cuda use_test=False
2026-02-02 17:03:03,010 DEBUG bench.orchestrators.method_transductive method_transductive.py:147: Transductive method params: {'alpha': 0.99}
2026-02-02 17:03:03,010 INFO bench.orchestrators.method_transductive method_transductive.py:158: Transductive data: n_nodes=150 n_train=150 n_test=0
2026-02-02 17:03:03,010 INFO bench.orchestrators.method_transductive method_transductive.py:177: Transductive masks: labeled_count=22 train_count=108
2026-02-02 17:03:03,010 INFO modssc.transductive.methods.classic.lazy_random_walk lazy_random_walk.py:250: Starting lazy_random_walk.fit
2026-02-02 17:03:03,010 DEBUG modssc.transductive.methods.classic.lazy_random_walk lazy_random_walk.py:251: spec=LazyRandomWalkSpec(alpha=0.99) device=cuda seed=398591604
2026-02-02 17:03:03,010 DEBUG modssc.transductive.methods.classic.lazy_random_walk lazy_random_walk.py:262: backend=torch
2026-02-02 17:03:03,010 INFO modssc.transductive.methods.classic.lazy_random_walk lazy_random_walk.py:263: Lazy random walk sizes: n_nodes=150 labeled=22
Run failed
Traceback (most recent call last):
  File "/nfs/home/mbarbaux/ModSSC/bench/main.py", line 624, in run_experiment
    method, data = transductive_orch.run(
                   ^^^^^^^^^^^^^^^^^^^^^^
  File "/nfs/home/mbarbaux/ModSSC/bench/orchestrators/method_transductive.py", line 217, in run
    method.fit(data, device=resolved_device, seed=int(seed))
  File "/nfs/home/mbarbaux/ModSSC/src/modssc/transductive/methods/classic/lazy_random_walk.py", line 268, in fit
    self._result = lazy_random_walk(
                   ^^^^^^^^^^^^^^^^^
  File "/nfs/home/mbarbaux/ModSSC/src/modssc/transductive/methods/classic/lazy_random_walk.py", line 223, in lazy_random_walk
    return lazy_random_walk_torch(
           ^^^^^^^^^^^^^^^^^^^^^^^
  File "/nfs/home/mbarbaux/ModSSC/src/modssc/transductive/methods/classic/lazy_random_walk.py", line 150, in lazy_random_walk_torch
    y_pm1, classes = _encode_binary(to_numpy(y), labeled_mask=to_numpy(labeled_mask).astype(bool))
                     ^^^^^^^^^^^^^^^^^^^^^^^^^^^^^^^^^^^^^^^^^^^^^^^^^^^^^^^^^^^^^^^^^^^^^^^^^^^^^
  File "/nfs/home/mbarbaux/ModSSC/src/modssc/transductive/methods/classic/lazy_random_walk.py", line 45, in _encode_binary
    raise ValueError(
ValueError: LazyRandomWalk supports binary classification only (got 3 classes).
2026-02-02 17:03:03,124 INFO bench.orchestrators.reporting reporting.py:54: Run summary written: /nfs/home/mbarbaux/ModSSC/runs/transductive/lazy_random_walk/tabular/iris/best_tabular_transductive_lazy_random_walk_iris-20260202T160302Z/run.json status=failed duration_s=0.001
Traceback (most recent call last):
  File "<frozen runpy>", line 198, in _run_module_as_main
  File "<frozen runpy>", line 88, in _run_code
  File "/nfs/home/mbarbaux/ModSSC/bench/main.py", line 691, in <module>
    raise SystemExit(main())
                     ^^^^^^
  File "/nfs/home/mbarbaux/ModSSC/bench/main.py", line 687, in main
    return run_experiment(Path(args.config))
           ^^^^^^^^^^^^^^^^^^^^^^^^^^^^^^^^^
  File "/nfs/home/mbarbaux/ModSSC/bench/main.py", line 624, in run_experiment
    method, data = transductive_orch.run(
                   ^^^^^^^^^^^^^^^^^^^^^^
  File "/nfs/home/mbarbaux/ModSSC/bench/orchestrators/method_transductive.py", line 217, in run
    method.fit(data, device=resolved_device, seed=int(seed))
  File "/nfs/home/mbarbaux/ModSSC/src/modssc/transductive/methods/classic/lazy_random_walk.py", line 268, in fit
    self._result = lazy_random_walk(
                   ^^^^^^^^^^^^^^^^^
  File "/nfs/home/mbarbaux/ModSSC/src/modssc/transductive/methods/classic/lazy_random_walk.py", line 223, in lazy_random_walk
    return lazy_random_walk_torch(
           ^^^^^^^^^^^^^^^^^^^^^^^
  File "/nfs/home/mbarbaux/ModSSC/src/modssc/transductive/methods/classic/lazy_random_walk.py", line 150, in lazy_random_walk_torch
    y_pm1, classes = _encode_binary(to_numpy(y), labeled_mask=to_numpy(labeled_mask).astype(bool))
                     ^^^^^^^^^^^^^^^^^^^^^^^^^^^^^^^^^^^^^^^^^^^^^^^^^^^^^^^^^^^^^^^^^^^^^^^^^^^^^
  File "/nfs/home/mbarbaux/ModSSC/src/modssc/transductive/methods/classic/lazy_random_walk.py", line 45, in _encode_binary
    raise ValueError(
ValueError: LazyRandomWalk supports binary classification only (got 3 classes).
