2026-02-02 15:07:11,959 INFO bench.orchestrators.dataset dataset.py:36: Dataset start: id=cora download=True cache_dir=None
2026-02-02 15:07:11,959 DEBUG bench.orchestrators.dataset dataset.py:42: Dataset options: []
2026-02-02 15:07:11,962 DEBUG modssc.data_loader.providers __init__.py:38: Creating provider: pyg
2026-02-02 15:07:11,962 DEBUG modssc.data_loader.api api.py:316: Resolved dataset id=cora provider=pyg canonical_uri=pyg:Planetoid/Cora
2026-02-02 15:07:11,962 INFO modssc.data_loader.api api.py:117: Dataset load: id=cora provider=pyg version=None fingerprint=2919521af8679a8c84658219f16403f74aa1bfc03b19b6a08eb2565299400728 download=True force=False cache_dir=/nfs/home/mbarbaux/ModSSC/cache/datasets
2026-02-02 15:07:11,962 DEBUG modssc.data_loader.api api.py:127: Dataset resolved_kwargs: {'dataset_class': 'Planetoid', 'dataset_kwargs': {'name': 'Cora'}}
2026-02-02 15:07:11,967 DEBUG modssc.data_loader.api api.py:403: Loaded cached dataset: fingerprint=2919521af8679a8c84658219f16403f74aa1bfc03b19b6a08eb2565299400728
2026-02-02 15:07:11,967 INFO modssc.data_loader.api api.py:133: Dataset cached: id=cora train=2708 test=None n_classes=7 duration_s=0.008
2026-02-02 15:07:11,967 INFO bench.orchestrators.dataset dataset.py:54: Dataset loaded: train=2708 test=None graph=True fingerprint=2919521af8679a8c84658219f16403f74aa1bfc03b19b6a08eb2565299400728 provider=pyg
2026-02-02 15:07:11,968 INFO bench.orchestrators.dataset dataset.py:62: Dataset stage done: duration_s=0.009
2026-02-02 15:07:12,010 INFO bench.orchestrators.sampling sampling.py:86: Sampling start: seed=5 dataset_id=cora
2026-02-02 15:07:12,010 DEBUG bench.orchestrators.sampling sampling.py:87: Sampling plan: split={'kind': 'holdout', 'test_fraction': 0.2, 'val_fraction': 0.1, 'stratify': True, 'shuffle': True} labeling={'mode': 'fraction', 'value': 0.2, 'per_class': False, 'min_per_class': 1, 'strategy': 'balanced', 'fixed_indices': None} imbalance={'kind': 'none', 'apply_to': 'train', 'max_per_class': None, 'alpha': None, 'min_per_class': 1} policy={'respect_official_test': True, 'use_official_graph_masks': True, 'allow_override_official': False}
2026-02-02 15:07:12,010 DEBUG bench.orchestrators.sampling sampling.py:98: Sampling dataset_fingerprint=2919521af8679a8c84658219f16403f74aa1bfc03b19b6a08eb2565299400728
2026-02-02 15:07:12,011 INFO modssc.sampling.api api.py:99: Sampling start: dataset_id=cora dataset_fingerprint=2919521af8679a8c84658219f16403f74aa1bfc03b19b6a08eb2565299400728 seed=5 graph=True split=holdout
2026-02-02 15:07:12,011 DEBUG modssc.sampling.api api.py:107: Sampling plan: {'split': {'kind': 'holdout', 'test_fraction': 0.2, 'val_fraction': 0.1, 'stratify': True, 'shuffle': True}, 'labeling': {'mode': 'fraction', 'value': 0.2, 'per_class': False, 'min_per_class': 1, 'strategy': 'balanced', 'fixed_indices': None}, 'imbalance': {'kind': 'none', 'apply_to': 'train', 'max_per_class': None, 'alpha': None, 'min_per_class': 1}, 'policy': {'respect_official_test': True, 'use_official_graph_masks': True, 'allow_override_official': False}}
2026-02-02 15:07:12,022 INFO modssc.sampling.api api.py:141: Sampling done: train=140 val=500 test=1000 labeled=28 unlabeled=112 duration_s=0.011
2026-02-02 15:07:12,022 DEBUG modssc.sampling.api api.py:150: Sampling stats: {'nodes': 2708, 'train': 140, 'val': 500, 'test': 1000, 'labeled': 28, 'unlabeled': 112, 'labeled_class_dist': {'n': 28, 'classes': {'0': 4, '1': 4, '2': 4, '3': 4, '4': 4, '5': 4, '6': 4}}}
2026-02-02 15:07:12,022 INFO bench.orchestrators.sampling sampling.py:123: Sampling result: train=140 val=500 test=1000 labeled=28 unlabeled=112 graph=True
2026-02-02 15:07:12,022 DEBUG bench.orchestrators.sampling sampling.py:132: Sampling stats: {'nodes': 2708, 'train': 140, 'val': 500, 'test': 1000, 'labeled': 28, 'unlabeled': 112, 'labeled_class_dist': {'n': 28, 'classes': {'0': 4, '1': 4, '2': 4, '3': 4, '4': 4, '5': 4, '6': 4}}}
2026-02-02 15:07:12,022 INFO bench.orchestrators.sampling sampling.py:133: Sampling stage done: duration_s=0.011
Inductive method on graph dataset; converting graph masks to indices.
2026-02-02 15:07:12,022 INFO bench.orchestrators.preprocess preprocess.py:105: Preprocess start: seed=5 cache=True n_steps=4 fit_indices=28
2026-02-02 15:07:12,022 DEBUG bench.orchestrators.preprocess preprocess.py:112: Preprocess plan: output_key=features.X steps=['labels.encode', 'labels.to_torch', 'graph.sparse_adjacency', 'core.to_torch']
2026-02-02 15:07:12,022 INFO modssc.preprocess.api api.py:490: Preprocess start: dataset_fp=2919521af8679a8c84658219f16403f74aa1bfc03b19b6a08eb2565299400728 steps=['labels.encode', 'labels.to_torch', 'graph.sparse_adjacency', 'core.to_torch'] output_key=features.X seed=5 cache=True
2026-02-02 15:07:12,022 DEBUG modssc.preprocess.api api.py:498: Preprocess input shapes: train_X=(2708, 1433) train_y=(2708,) test_X=None test_y=None
2026-02-02 15:07:12,022 INFO modssc.preprocess.api api.py:505: Preprocess input size: train_data=15.0 MB test_data=n/a
2026-02-02 15:07:12,022 DEBUG modssc.preprocess.api api.py:521: Preprocess step start: id=labels.encode index=0 kind=transform params={}
2026-02-02 15:07:12,024 DEBUG modssc.preprocess.api api.py:605: Preprocess step train outputs: id=labels.encode keys=['labels.classes', 'labels.y'] duration_s=0.002
2026-02-02 15:07:12,024 INFO modssc.preprocess.api api.py:679: Preprocess step done: id=labels.encode index=0 duration_s=0.002 train_data=15.0 MB test_data=n/a
2026-02-02 15:07:12,024 DEBUG modssc.preprocess.api api.py:521: Preprocess step start: id=labels.to_torch index=1 kind=transform params={'device': 'auto', 'dtype': 'int64'}
2026-02-02 15:07:12,115 DEBUG modssc.preprocess.api api.py:605: Preprocess step train outputs: id=labels.to_torch keys=['labels.y'] duration_s=0.091
2026-02-02 15:07:12,116 INFO modssc.preprocess.api api.py:267: Preprocess GPU device: device=cuda:0 model=NVIDIA L40
2026-02-02 15:07:12,116 INFO modssc.preprocess.api api.py:679: Preprocess step done: id=labels.to_torch index=1 duration_s=0.091 train_data=15.0 MB test_data=n/a
2026-02-02 15:07:12,116 DEBUG modssc.preprocess.api api.py:521: Preprocess step start: id=graph.sparse_adjacency index=2 kind=transform params={'max_nodes': 20000, 'batch_size': 32, 'embed_epochs': 5, 'embed_lr': 0.01, 'undirected': True, 'device': 'auto'}
2026-02-02 15:07:12,118 WARNING modssc.preprocess.api api.py:575: Preprocess cache miss for graph.sparse_adjacency (train): Incomplete cached outputs for step 'graph.sparse_adjacency' (train)
2026-02-02 15:07:12,119 DEBUG modssc.preprocess.api api.py:605: Preprocess step train outputs: id=graph.sparse_adjacency keys=['features.X'] duration_s=0.003
2026-02-02 15:07:12,119 INFO modssc.preprocess.api api.py:679: Preprocess step done: id=graph.sparse_adjacency index=2 duration_s=0.003 train_data=15.2 MB test_data=n/a
2026-02-02 15:07:12,119 DEBUG modssc.preprocess.api api.py:521: Preprocess step start: id=core.to_torch index=3 kind=transform params={'device': 'auto', 'dtype': 'float32'}
2026-02-02 15:07:12,121 WARNING modssc.preprocess.api api.py:575: Preprocess cache miss for core.to_torch (train): Incomplete cached outputs for step 'core.to_torch' (train)
2026-02-02 15:07:12,122 DEBUG modssc.preprocess.api api.py:605: Preprocess step train outputs: id=core.to_torch keys=['features.X'] duration_s=0.003
2026-02-02 15:07:12,122 INFO modssc.preprocess.api api.py:679: Preprocess step done: id=core.to_torch index=3 duration_s=0.003 train_data=15.2 MB test_data=n/a
2026-02-02 15:07:12,122 INFO modssc.preprocess.api api.py:730: Preprocess done: dataset_fp=2919521af8679a8c84658219f16403f74aa1bfc03b19b6a08eb2565299400728 duration_s=0.101 train_X=None test_X=None
2026-02-02 15:07:12,123 INFO bench.orchestrators.preprocess preprocess.py:124: Preprocess result: fingerprint=preprocess:169265f8bd8d4cf86a27523c10e74ddb6b072ed41e8057863440cf0ebfa9b6d2 plan_fingerprint=resolved_plan:95213a523f045acfbe48296ceac122bc48b9fd73dbd5843390244a44a4946c42 cache_dir=/nfs/home/mbarbaux/ModSSC/cache/preprocess/2919521af8679a8c84658219f16403f74aa1bfc03b19b6a08eb2565299400728 skipped=[]
2026-02-02 15:07:12,123 DEBUG bench.orchestrators.preprocess preprocess.py:131: Preprocess output shapes: train_X=None test_X=None
2026-02-02 15:07:12,123 INFO bench.orchestrators.preprocess preprocess.py:136: Preprocess stage done: duration_s=0.101
2026-02-02 15:07:14,202 INFO bench.orchestrators.augmentation augmentation.py:66: Augmentation start: mode=fixed modality=tabular seed=5 n_samples=112 strong_views=1
2026-02-02 15:07:14,202 DEBUG bench.orchestrators.augmentation augmentation.py:74: Augmentation steps: weak=['tabular.gaussian_noise'] strong=['tabular.feature_dropout']
2026-02-02 15:07:14,229 INFO bench.orchestrators.augmentation augmentation.py:191: Augmentation done: duration_s=0.027
2026-02-02 15:07:14,230 DEBUG bench.orchestrators.augmentation augmentation.py:192: Augmentation output shapes: weak=(112, 1433) strong=(112, 1433) strong_1=None
2026-02-02 15:07:14,230 INFO bench.orchestrators.method_inductive method_inductive.py:441: Inductive method start: id=mean_teacher seed=3274374610 device=auto dtype=float32 model=graphsage_inductive
2026-02-02 15:07:14,230 DEBUG bench.orchestrators.method_inductive method_inductive.py:470: Inductive method params: {'lambda_u': 1.0, 'unsup_warm_up': 0.4, 'batch_size': 128, 'max_epochs': 50, 'ema_decay': 0.999, 'freeze_bn': True, 'detach_target': True}
2026-02-02 15:07:14,230 INFO bench.orchestrators.method_inductive method_inductive.py:476: Inductive method data: n_labeled=28 n_unlabeled=112
2026-02-02 15:07:14,267 INFO modssc.inductive.methods.mean_teacher mean_teacher.py:95: Starting mean_teacher.fit
2026-02-02 15:07:14,267 DEBUG modssc.inductive.methods.mean_teacher mean_teacher.py:96: params lambda_u=1.0 unsup_warm_up=0.4 batch_size=128 max_epochs=50 ema_decay=0.999 freeze_bn=True detach_target=True has_model_bundle=True device=DeviceSpec(device='auto', dtype='float32') seed=3274374610
2026-02-02 15:07:14,267 INFO modssc.inductive.methods.mean_teacher mean_teacher.py:127: Mean Teacher sizes: n_labeled=28 n_unlabeled=112
2026-02-02 15:07:14,367 DEBUG modssc.inductive.methods.mean_teacher mean_teacher.py:233: MeanTeacher epoch=0 warm=0.000 sup_loss=1.9433 unsup_loss=0.0000 ema_decay=0.999
2026-02-02 15:07:14,432 DEBUG modssc.inductive.methods.mean_teacher mean_teacher.py:233: MeanTeacher epoch=1 warm=0.050 sup_loss=1.9037 unsup_loss=0.0000 ema_decay=0.999
2026-02-02 15:07:14,435 DEBUG modssc.inductive.methods.mean_teacher mean_teacher.py:233: MeanTeacher epoch=2 warm=0.100 sup_loss=1.8677 unsup_loss=0.0000 ema_decay=0.999
2026-02-02 15:07:14,438 DEBUG modssc.inductive.methods.mean_teacher mean_teacher.py:233: MeanTeacher epoch=3 warm=0.150 sup_loss=1.8358 unsup_loss=0.0000 ema_decay=0.999
2026-02-02 15:07:14,441 DEBUG modssc.inductive.methods.mean_teacher mean_teacher.py:233: MeanTeacher epoch=4 warm=0.200 sup_loss=1.8038 unsup_loss=0.0000 ema_decay=0.999
2026-02-02 15:07:14,444 DEBUG modssc.inductive.methods.mean_teacher mean_teacher.py:233: MeanTeacher epoch=5 warm=0.250 sup_loss=1.7671 unsup_loss=0.0000 ema_decay=0.999
2026-02-02 15:07:14,447 DEBUG modssc.inductive.methods.mean_teacher mean_teacher.py:233: MeanTeacher epoch=6 warm=0.300 sup_loss=1.7365 unsup_loss=0.0000 ema_decay=0.999
2026-02-02 15:07:14,450 DEBUG modssc.inductive.methods.mean_teacher mean_teacher.py:233: MeanTeacher epoch=7 warm=0.350 sup_loss=1.7003 unsup_loss=0.0000 ema_decay=0.999
2026-02-02 15:07:14,453 DEBUG modssc.inductive.methods.mean_teacher mean_teacher.py:233: MeanTeacher epoch=8 warm=0.400 sup_loss=1.6651 unsup_loss=0.0000 ema_decay=0.999
2026-02-02 15:07:14,456 DEBUG modssc.inductive.methods.mean_teacher mean_teacher.py:233: MeanTeacher epoch=9 warm=0.450 sup_loss=1.6329 unsup_loss=0.0000 ema_decay=0.999
2026-02-02 15:07:14,459 DEBUG modssc.inductive.methods.mean_teacher mean_teacher.py:233: MeanTeacher epoch=10 warm=0.500 sup_loss=1.6051 unsup_loss=0.0000 ema_decay=0.999
2026-02-02 15:07:14,461 DEBUG modssc.inductive.methods.mean_teacher mean_teacher.py:233: MeanTeacher epoch=11 warm=0.550 sup_loss=1.5477 unsup_loss=0.0000 ema_decay=0.999
2026-02-02 15:07:14,464 DEBUG modssc.inductive.methods.mean_teacher mean_teacher.py:233: MeanTeacher epoch=12 warm=0.600 sup_loss=1.5106 unsup_loss=0.0000 ema_decay=0.999
2026-02-02 15:07:14,467 DEBUG modssc.inductive.methods.mean_teacher mean_teacher.py:233: MeanTeacher epoch=13 warm=0.650 sup_loss=1.4831 unsup_loss=0.0000 ema_decay=0.999
2026-02-02 15:07:14,470 DEBUG modssc.inductive.methods.mean_teacher mean_teacher.py:233: MeanTeacher epoch=14 warm=0.700 sup_loss=1.4368 unsup_loss=0.0000 ema_decay=0.999
2026-02-02 15:07:14,473 DEBUG modssc.inductive.methods.mean_teacher mean_teacher.py:233: MeanTeacher epoch=15 warm=0.750 sup_loss=1.3971 unsup_loss=0.0000 ema_decay=0.999
2026-02-02 15:07:14,476 DEBUG modssc.inductive.methods.mean_teacher mean_teacher.py:233: MeanTeacher epoch=16 warm=0.800 sup_loss=1.3429 unsup_loss=0.0000 ema_decay=0.999
2026-02-02 15:07:14,479 DEBUG modssc.inductive.methods.mean_teacher mean_teacher.py:233: MeanTeacher epoch=17 warm=0.850 sup_loss=1.3141 unsup_loss=0.0000 ema_decay=0.999
2026-02-02 15:07:14,482 DEBUG modssc.inductive.methods.mean_teacher mean_teacher.py:233: MeanTeacher epoch=18 warm=0.900 sup_loss=1.2500 unsup_loss=0.0000 ema_decay=0.999
2026-02-02 15:07:14,485 DEBUG modssc.inductive.methods.mean_teacher mean_teacher.py:233: MeanTeacher epoch=19 warm=0.950 sup_loss=1.2023 unsup_loss=0.0000 ema_decay=0.999
2026-02-02 15:07:14,487 DEBUG modssc.inductive.methods.mean_teacher mean_teacher.py:233: MeanTeacher epoch=20 warm=1.000 sup_loss=1.1612 unsup_loss=0.0000 ema_decay=0.999
2026-02-02 15:07:14,490 DEBUG modssc.inductive.methods.mean_teacher mean_teacher.py:233: MeanTeacher epoch=21 warm=1.000 sup_loss=1.1296 unsup_loss=0.0000 ema_decay=0.999
2026-02-02 15:07:14,493 DEBUG modssc.inductive.methods.mean_teacher mean_teacher.py:233: MeanTeacher epoch=22 warm=1.000 sup_loss=1.0602 unsup_loss=0.0000 ema_decay=0.999
2026-02-02 15:07:14,496 DEBUG modssc.inductive.methods.mean_teacher mean_teacher.py:233: MeanTeacher epoch=23 warm=1.000 sup_loss=1.0054 unsup_loss=0.0000 ema_decay=0.999
2026-02-02 15:07:14,499 DEBUG modssc.inductive.methods.mean_teacher mean_teacher.py:233: MeanTeacher epoch=24 warm=1.000 sup_loss=0.9559 unsup_loss=0.0000 ema_decay=0.999
2026-02-02 15:07:14,502 DEBUG modssc.inductive.methods.mean_teacher mean_teacher.py:233: MeanTeacher epoch=25 warm=1.000 sup_loss=0.9233 unsup_loss=0.0000 ema_decay=0.999
2026-02-02 15:07:14,505 DEBUG modssc.inductive.methods.mean_teacher mean_teacher.py:233: MeanTeacher epoch=26 warm=1.000 sup_loss=0.8617 unsup_loss=0.0000 ema_decay=0.999
2026-02-02 15:07:14,508 DEBUG modssc.inductive.methods.mean_teacher mean_teacher.py:233: MeanTeacher epoch=27 warm=1.000 sup_loss=0.8290 unsup_loss=0.0000 ema_decay=0.999
2026-02-02 15:07:14,511 DEBUG modssc.inductive.methods.mean_teacher mean_teacher.py:233: MeanTeacher epoch=28 warm=1.000 sup_loss=0.7633 unsup_loss=0.0000 ema_decay=0.999
2026-02-02 15:07:14,513 DEBUG modssc.inductive.methods.mean_teacher mean_teacher.py:233: MeanTeacher epoch=29 warm=1.000 sup_loss=0.7162 unsup_loss=0.0000 ema_decay=0.999
2026-02-02 15:07:14,516 DEBUG modssc.inductive.methods.mean_teacher mean_teacher.py:233: MeanTeacher epoch=30 warm=1.000 sup_loss=0.6752 unsup_loss=0.0000 ema_decay=0.999
2026-02-02 15:07:14,519 DEBUG modssc.inductive.methods.mean_teacher mean_teacher.py:233: MeanTeacher epoch=31 warm=1.000 sup_loss=0.6262 unsup_loss=0.0000 ema_decay=0.999
2026-02-02 15:07:14,522 DEBUG modssc.inductive.methods.mean_teacher mean_teacher.py:233: MeanTeacher epoch=32 warm=1.000 sup_loss=0.5858 unsup_loss=0.0001 ema_decay=0.999
2026-02-02 15:07:14,525 DEBUG modssc.inductive.methods.mean_teacher mean_teacher.py:233: MeanTeacher epoch=33 warm=1.000 sup_loss=0.5729 unsup_loss=0.0001 ema_decay=0.999
2026-02-02 15:07:14,528 DEBUG modssc.inductive.methods.mean_teacher mean_teacher.py:233: MeanTeacher epoch=34 warm=1.000 sup_loss=0.5191 unsup_loss=0.0001 ema_decay=0.999
2026-02-02 15:07:14,531 DEBUG modssc.inductive.methods.mean_teacher mean_teacher.py:233: MeanTeacher epoch=35 warm=1.000 sup_loss=0.4786 unsup_loss=0.0001 ema_decay=0.999
2026-02-02 15:07:14,534 DEBUG modssc.inductive.methods.mean_teacher mean_teacher.py:233: MeanTeacher epoch=36 warm=1.000 sup_loss=0.4429 unsup_loss=0.0001 ema_decay=0.999
2026-02-02 15:07:14,537 DEBUG modssc.inductive.methods.mean_teacher mean_teacher.py:233: MeanTeacher epoch=37 warm=1.000 sup_loss=0.4439 unsup_loss=0.0001 ema_decay=0.999
2026-02-02 15:07:14,539 DEBUG modssc.inductive.methods.mean_teacher mean_teacher.py:233: MeanTeacher epoch=38 warm=1.000 sup_loss=0.3779 unsup_loss=0.0001 ema_decay=0.999
2026-02-02 15:07:14,542 DEBUG modssc.inductive.methods.mean_teacher mean_teacher.py:233: MeanTeacher epoch=39 warm=1.000 sup_loss=0.3499 unsup_loss=0.0001 ema_decay=0.999
2026-02-02 15:07:14,545 DEBUG modssc.inductive.methods.mean_teacher mean_teacher.py:233: MeanTeacher epoch=40 warm=1.000 sup_loss=0.3362 unsup_loss=0.0001 ema_decay=0.999
2026-02-02 15:07:14,548 DEBUG modssc.inductive.methods.mean_teacher mean_teacher.py:233: MeanTeacher epoch=41 warm=1.000 sup_loss=0.3089 unsup_loss=0.0001 ema_decay=0.999
2026-02-02 15:07:14,551 DEBUG modssc.inductive.methods.mean_teacher mean_teacher.py:233: MeanTeacher epoch=42 warm=1.000 sup_loss=0.2897 unsup_loss=0.0001 ema_decay=0.999
2026-02-02 15:07:14,554 DEBUG modssc.inductive.methods.mean_teacher mean_teacher.py:233: MeanTeacher epoch=43 warm=1.000 sup_loss=0.2639 unsup_loss=0.0001 ema_decay=0.999
2026-02-02 15:07:14,557 DEBUG modssc.inductive.methods.mean_teacher mean_teacher.py:233: MeanTeacher epoch=44 warm=1.000 sup_loss=0.2431 unsup_loss=0.0001 ema_decay=0.999
2026-02-02 15:07:14,560 DEBUG modssc.inductive.methods.mean_teacher mean_teacher.py:233: MeanTeacher epoch=45 warm=1.000 sup_loss=0.2296 unsup_loss=0.0001 ema_decay=0.999
2026-02-02 15:07:14,562 DEBUG modssc.inductive.methods.mean_teacher mean_teacher.py:233: MeanTeacher epoch=46 warm=1.000 sup_loss=0.2125 unsup_loss=0.0001 ema_decay=0.999
2026-02-02 15:07:14,565 DEBUG modssc.inductive.methods.mean_teacher mean_teacher.py:233: MeanTeacher epoch=47 warm=1.000 sup_loss=0.1962 unsup_loss=0.0001 ema_decay=0.999
2026-02-02 15:07:14,568 DEBUG modssc.inductive.methods.mean_teacher mean_teacher.py:233: MeanTeacher epoch=48 warm=1.000 sup_loss=0.1813 unsup_loss=0.0001 ema_decay=0.999
2026-02-02 15:07:14,571 DEBUG modssc.inductive.methods.mean_teacher mean_teacher.py:233: MeanTeacher epoch=49 warm=1.000 sup_loss=0.1723 unsup_loss=0.0001 ema_decay=0.999
2026-02-02 15:07:14,572 INFO modssc.inductive.methods.mean_teacher mean_teacher.py:251: Finished mean_teacher.fit in 0.305s
2026-02-02 15:07:14,572 INFO bench.orchestrators.method_inductive method_inductive.py:550: Inductive method done: id=mean_teacher duration_s=0.343
2026-02-02 15:07:14,572 INFO bench.orchestrators.evaluation evaluation.py:189: Evaluation (inductive): splits=['val', 'test'] metrics=['accuracy', 'macro_f1']
2026-02-02 15:07:14,584 INFO bench.orchestrators.evaluation evaluation.py:231: Evaluation (inductive) done: duration_s=0.011
2026-02-02 15:07:14,585 INFO bench.orchestrators.reporting reporting.py:54: Run summary written: /nfs/home/mbarbaux/ModSSC/runs/inductive/mean_teacher/graph/cora/best_graph_inductive_mean_teacher_cora-20260202T140711Z/run.json status=success duration_s=0.001
