2026-02-02 16:57:08,393 INFO bench.orchestrators.dataset dataset.py:36: Dataset start: id=breast_cancer download=True cache_dir=None
2026-02-02 16:57:08,393 DEBUG bench.orchestrators.dataset dataset.py:42: Dataset options: []
2026-02-02 16:57:08,397 DEBUG modssc.data_loader.providers __init__.py:38: Creating provider: openml
2026-02-02 16:57:08,397 DEBUG modssc.data_loader.api api.py:316: Resolved dataset id=breast_cancer provider=openml canonical_uri=openml:15
2026-02-02 16:57:08,398 INFO modssc.data_loader.api api.py:117: Dataset load: id=breast_cancer provider=openml version=None fingerprint=6dece738ab3dfc5f1500b389918a8723dfd218d54ba657c31846dda9cfbbc81f download=True force=False cache_dir=/nfs/home/mbarbaux/ModSSC/cache/datasets
2026-02-02 16:57:08,398 DEBUG modssc.data_loader.api api.py:127: Dataset resolved_kwargs: {'data_id': 15, 'name': None, 'version': None, 'as_frame': False, 'target_column': None, 'class_filter': None, 'max_samples': None, 'seed': None}
2026-02-02 16:57:08,400 DEBUG modssc.data_loader.api api.py:403: Loaded cached dataset: fingerprint=6dece738ab3dfc5f1500b389918a8723dfd218d54ba657c31846dda9cfbbc81f
2026-02-02 16:57:08,405 INFO modssc.data_loader.api api.py:133: Dataset cached: id=breast_cancer train=699 test=None n_classes=2 duration_s=0.011
2026-02-02 16:57:08,405 INFO bench.orchestrators.dataset dataset.py:54: Dataset loaded: train=699 test=None graph=False fingerprint=6dece738ab3dfc5f1500b389918a8723dfd218d54ba657c31846dda9cfbbc81f provider=openml
2026-02-02 16:57:08,405 INFO bench.orchestrators.dataset dataset.py:62: Dataset stage done: duration_s=0.011
2026-02-02 16:57:08,453 INFO bench.orchestrators.sampling sampling.py:86: Sampling start: seed=1 dataset_id=breast_cancer
2026-02-02 16:57:08,453 DEBUG bench.orchestrators.sampling sampling.py:87: Sampling plan: split={'kind': 'holdout', 'test_fraction': 0.2, 'val_fraction': 0.1, 'stratify': True, 'shuffle': True} labeling={'mode': 'fraction', 'value': 0.2, 'per_class': False, 'min_per_class': 1, 'strategy': 'balanced', 'fixed_indices': None} imbalance={'kind': 'none', 'apply_to': 'train', 'max_per_class': None, 'alpha': None, 'min_per_class': 1} policy={'respect_official_test': True, 'use_official_graph_masks': True, 'allow_override_official': False}
2026-02-02 16:57:08,453 DEBUG bench.orchestrators.sampling sampling.py:98: Sampling dataset_fingerprint=6dece738ab3dfc5f1500b389918a8723dfd218d54ba657c31846dda9cfbbc81f
2026-02-02 16:57:08,453 INFO modssc.sampling.api api.py:99: Sampling start: dataset_id=breast_cancer dataset_fingerprint=6dece738ab3dfc5f1500b389918a8723dfd218d54ba657c31846dda9cfbbc81f seed=1 graph=False split=holdout
2026-02-02 16:57:08,453 DEBUG modssc.sampling.api api.py:107: Sampling plan: {'split': {'kind': 'holdout', 'test_fraction': 0.2, 'val_fraction': 0.1, 'stratify': True, 'shuffle': True}, 'labeling': {'mode': 'fraction', 'value': 0.2, 'per_class': False, 'min_per_class': 1, 'strategy': 'balanced', 'fixed_indices': None}, 'imbalance': {'kind': 'none', 'apply_to': 'train', 'max_per_class': None, 'alpha': None, 'min_per_class': 1}, 'policy': {'respect_official_test': True, 'use_official_graph_masks': True, 'allow_override_official': False}}
2026-02-02 16:57:08,461 INFO modssc.sampling.api api.py:141: Sampling done: train=503 val=56 test=140 labeled=101 unlabeled=402 duration_s=0.009
2026-02-02 16:57:08,461 DEBUG modssc.sampling.api api.py:150: Sampling stats: {'policy': {'respect_official_test': True, 'has_official_test': False, 'test_ref': 'train'}, 'train': {'n': 503, 'classes': {'benign': 329, 'malignant': 174}}, 'val': {'n': 56, 'classes': {'benign': 37, 'malignant': 19}}, 'train_labeled': {'n': 101, 'classes': {'benign': 51, 'malignant': 50}}, 'train_unlabeled': {'n': 402}, 'test': {'n': 140, 'classes': {'benign': 92, 'malignant': 48}}}
2026-02-02 16:57:08,462 INFO bench.orchestrators.sampling sampling.py:123: Sampling result: train=503 val=56 test=140 labeled=101 unlabeled=402 graph=False
2026-02-02 16:57:08,462 DEBUG bench.orchestrators.sampling sampling.py:132: Sampling stats: {'policy': {'respect_official_test': True, 'has_official_test': False, 'test_ref': 'train'}, 'train': {'n': 503, 'classes': {'benign': 329, 'malignant': 174}}, 'val': {'n': 56, 'classes': {'benign': 37, 'malignant': 19}}, 'train_labeled': {'n': 101, 'classes': {'benign': 51, 'malignant': 50}}, 'train_unlabeled': {'n': 402}, 'test': {'n': 140, 'classes': {'benign': 92, 'malignant': 48}}}
2026-02-02 16:57:08,462 INFO bench.orchestrators.sampling sampling.py:133: Sampling stage done: duration_s=0.009
2026-02-02 16:57:08,462 INFO bench.orchestrators.preprocess preprocess.py:105: Preprocess start: seed=1 cache=True n_steps=6 fit_indices=101
2026-02-02 16:57:08,462 DEBUG bench.orchestrators.preprocess preprocess.py:112: Preprocess plan: output_key=features.X steps=['labels.encode', 'labels.to_torch', 'core.ensure_2d', 'tabular.impute', 'tabular.standard_scaler', 'core.to_torch']
2026-02-02 16:57:08,462 INFO modssc.preprocess.api api.py:490: Preprocess start: dataset_fp=6dece738ab3dfc5f1500b389918a8723dfd218d54ba657c31846dda9cfbbc81f steps=['labels.encode', 'labels.to_torch', 'core.ensure_2d', 'tabular.impute', 'tabular.standard_scaler', 'core.to_torch'] output_key=features.X seed=1 cache=True
2026-02-02 16:57:08,462 DEBUG modssc.preprocess.api api.py:498: Preprocess input shapes: train_X=(699, 9) train_y=(699,) test_X=None test_y=None
2026-02-02 16:57:08,462 INFO modssc.preprocess.api api.py:505: Preprocess input size: train_data=54.6 KB test_data=n/a
2026-02-02 16:57:08,462 DEBUG modssc.preprocess.api api.py:521: Preprocess step start: id=labels.encode index=0 kind=transform params={}
2026-02-02 16:57:08,465 DEBUG modssc.preprocess.api api.py:605: Preprocess step train outputs: id=labels.encode keys=['labels.classes', 'labels.y'] duration_s=0.002
2026-02-02 16:57:08,465 INFO modssc.preprocess.api api.py:679: Preprocess step done: id=labels.encode index=0 duration_s=0.003 train_data=54.6 KB test_data=n/a
2026-02-02 16:57:08,465 DEBUG modssc.preprocess.api api.py:521: Preprocess step start: id=labels.to_torch index=1 kind=transform params={'device': 'auto', 'dtype': 'int64'}
2026-02-02 16:57:08,565 DEBUG modssc.preprocess.api api.py:605: Preprocess step train outputs: id=labels.to_torch keys=['labels.y'] duration_s=0.100
2026-02-02 16:57:08,565 INFO modssc.preprocess.api api.py:267: Preprocess GPU device: device=cuda:0 model=NVIDIA L40
2026-02-02 16:57:08,566 INFO modssc.preprocess.api api.py:679: Preprocess step done: id=labels.to_torch index=1 duration_s=0.101 train_data=54.6 KB test_data=n/a
2026-02-02 16:57:08,566 DEBUG modssc.preprocess.api api.py:521: Preprocess step start: id=core.ensure_2d index=2 kind=transform params={}
2026-02-02 16:57:08,568 DEBUG modssc.preprocess.api api.py:605: Preprocess step train outputs: id=core.ensure_2d keys=['features.X'] duration_s=0.002
2026-02-02 16:57:08,568 INFO modssc.preprocess.api api.py:679: Preprocess step done: id=core.ensure_2d index=2 duration_s=0.002 train_data=54.6 KB test_data=n/a
2026-02-02 16:57:08,568 DEBUG modssc.preprocess.api api.py:521: Preprocess step start: id=tabular.impute index=3 kind=fittable params={}
2026-02-02 16:57:09,480 DEBUG modssc.preprocess.api api.py:605: Preprocess step train outputs: id=tabular.impute keys=['features.X'] duration_s=0.912
2026-02-02 16:57:09,480 INFO modssc.preprocess.api api.py:679: Preprocess step done: id=tabular.impute index=3 duration_s=0.912 train_data=54.6 KB test_data=n/a
2026-02-02 16:57:09,480 DEBUG modssc.preprocess.api api.py:521: Preprocess step start: id=tabular.standard_scaler index=4 kind=fittable params={}
2026-02-02 16:57:09,482 DEBUG modssc.preprocess.api api.py:605: Preprocess step train outputs: id=tabular.standard_scaler keys=['features.X'] duration_s=0.002
2026-02-02 16:57:09,482 INFO modssc.preprocess.api api.py:679: Preprocess step done: id=tabular.standard_scaler index=4 duration_s=0.002 train_data=30.0 KB test_data=n/a
2026-02-02 16:57:09,482 DEBUG modssc.preprocess.api api.py:521: Preprocess step start: id=core.to_torch index=5 kind=transform params={'device': 'auto', 'dtype': 'float32'}
2026-02-02 16:57:09,483 DEBUG modssc.preprocess.api api.py:605: Preprocess step train outputs: id=core.to_torch keys=['features.X'] duration_s=0.001
2026-02-02 16:57:09,483 INFO modssc.preprocess.api api.py:679: Preprocess step done: id=core.to_torch index=5 duration_s=0.001 train_data=30.0 KB test_data=n/a
2026-02-02 16:57:09,483 INFO modssc.preprocess.api api.py:730: Preprocess done: dataset_fp=6dece738ab3dfc5f1500b389918a8723dfd218d54ba657c31846dda9cfbbc81f duration_s=1.021 train_X=(699, 9) test_X=None
2026-02-02 16:57:09,483 INFO bench.orchestrators.preprocess preprocess.py:124: Preprocess result: fingerprint=preprocess:e8e31b503533acb1dd05d9db0c55e174d3debbf7553704fffeddcdd394c40699 plan_fingerprint=resolved_plan:2fd28781de548db14dc25cb730c4a58beda13172ed36f45b2cc1411caf334e69 cache_dir=/nfs/home/mbarbaux/ModSSC/cache/preprocess/6dece738ab3dfc5f1500b389918a8723dfd218d54ba657c31846dda9cfbbc81f skipped=[]
2026-02-02 16:57:09,483 DEBUG bench.orchestrators.preprocess preprocess.py:131: Preprocess output shapes: train_X=(699, 9) test_X=None
2026-02-02 16:57:09,483 INFO bench.orchestrators.preprocess preprocess.py:136: Preprocess stage done: duration_s=1.022
2026-02-02 16:57:09,484 INFO bench.orchestrators.method_inductive method_inductive.py:441: Inductive method start: id=pseudo_label seed=398591604 device=auto dtype=float32 model=None
2026-02-02 16:57:09,484 DEBUG bench.orchestrators.method_inductive method_inductive.py:470: Inductive method params: {'classifier_id': 'mlp', 'classifier_backend': 'torch', 'classifier_params': {'hidden_sizes': [256, 256], 'activation': 'relu', 'dropout': 0.1, 'lr': 0.001, 'weight_decay': 0.0, 'batch_size': 128, 'max_epochs': 50}, 'max_iter': 10, 'confidence_threshold': 0.95, 'min_new_labels': 1}
2026-02-02 16:57:09,484 INFO bench.orchestrators.method_inductive method_inductive.py:476: Inductive method data: n_labeled=101 n_unlabeled=402
2026-02-02 16:57:09,500 INFO modssc.inductive.methods.pseudo_label pseudo_label.py:67: Starting pseudo_label.fit
2026-02-02 16:57:09,501 DEBUG modssc.inductive.methods.pseudo_label pseudo_label.py:68: spec=PseudoLabelSpec(classifier_id='mlp', classifier_backend='torch', classifier_params={'hidden_sizes': [256, 256], 'activation': 'relu', 'dropout': 0.1, 'lr': 0.001, 'weight_decay': 0.0, 'batch_size': 128, 'max_epochs': 50}, max_iter=10, confidence_threshold=0.95, max_new_labels=None, min_new_labels=1) device=DeviceSpec(device='auto', dtype='float32') seed=398591604
2026-02-02 16:57:09,501 DEBUG modssc.inductive.methods.pseudo_label pseudo_label.py:71: backend=torch
2026-02-02 16:57:09,501 INFO modssc.inductive.methods.pseudo_label pseudo_label.py:154: Pseudo-label sizes: n_labeled=101 n_unlabeled=402
2026-02-02 16:57:09,505 INFO modssc.supervised.backends.torch.mlp mlp.py:75: Starting mlp.fit
2026-02-02 16:57:09,505 DEBUG modssc.supervised.backends.torch.mlp mlp.py:76: params hidden_sizes=(256, 256) activation=relu dropout=0.1 lr=0.001 weight_decay=0.0 batch_size=128 max_epochs=50 seed=398591604 n_jobs=None
2026-02-02 16:57:10,539 INFO modssc.supervised.backends.torch.mlp mlp.py:167: Finished mlp.fit in 1.035s
2026-02-02 16:57:10,550 DEBUG modssc.inductive.methods.pseudo_label pseudo_label.py:176: Pseudo-label iter=0 accepted=332 remaining=402
2026-02-02 16:57:10,557 INFO modssc.supervised.backends.torch.mlp mlp.py:75: Starting mlp.fit
2026-02-02 16:57:10,557 DEBUG modssc.supervised.backends.torch.mlp mlp.py:76: params hidden_sizes=(256, 256) activation=relu dropout=0.1 lr=0.001 weight_decay=0.0 batch_size=128 max_epochs=50 seed=398591604 n_jobs=None
2026-02-02 16:57:10,693 INFO modssc.supervised.backends.torch.mlp mlp.py:167: Finished mlp.fit in 0.136s
2026-02-02 16:57:10,694 DEBUG modssc.inductive.methods.pseudo_label pseudo_label.py:176: Pseudo-label iter=1 accepted=43 remaining=70
2026-02-02 16:57:10,694 INFO modssc.supervised.backends.torch.mlp mlp.py:75: Starting mlp.fit
2026-02-02 16:57:10,694 DEBUG modssc.supervised.backends.torch.mlp mlp.py:76: params hidden_sizes=(256, 256) activation=relu dropout=0.1 lr=0.001 weight_decay=0.0 batch_size=128 max_epochs=50 seed=398591604 n_jobs=None
2026-02-02 16:57:10,828 INFO modssc.supervised.backends.torch.mlp mlp.py:167: Finished mlp.fit in 0.134s
2026-02-02 16:57:10,829 DEBUG modssc.inductive.methods.pseudo_label pseudo_label.py:176: Pseudo-label iter=2 accepted=9 remaining=27
2026-02-02 16:57:10,831 INFO modssc.supervised.backends.torch.mlp mlp.py:75: Starting mlp.fit
2026-02-02 16:57:10,831 DEBUG modssc.supervised.backends.torch.mlp mlp.py:76: params hidden_sizes=(256, 256) activation=relu dropout=0.1 lr=0.001 weight_decay=0.0 batch_size=128 max_epochs=50 seed=398591604 n_jobs=None
2026-02-02 16:57:10,966 INFO modssc.supervised.backends.torch.mlp mlp.py:167: Finished mlp.fit in 0.134s
2026-02-02 16:57:10,966 DEBUG modssc.inductive.methods.pseudo_label pseudo_label.py:176: Pseudo-label iter=3 accepted=4 remaining=18
2026-02-02 16:57:10,967 INFO modssc.supervised.backends.torch.mlp mlp.py:75: Starting mlp.fit
2026-02-02 16:57:10,967 DEBUG modssc.supervised.backends.torch.mlp mlp.py:76: params hidden_sizes=(256, 256) activation=relu dropout=0.1 lr=0.001 weight_decay=0.0 batch_size=128 max_epochs=50 seed=398591604 n_jobs=None
2026-02-02 16:57:11,100 INFO modssc.supervised.backends.torch.mlp mlp.py:167: Finished mlp.fit in 0.134s
2026-02-02 16:57:11,101 DEBUG modssc.inductive.methods.pseudo_label pseudo_label.py:176: Pseudo-label iter=4 accepted=1 remaining=14
2026-02-02 16:57:11,104 INFO modssc.supervised.backends.torch.mlp mlp.py:75: Starting mlp.fit
2026-02-02 16:57:11,104 DEBUG modssc.supervised.backends.torch.mlp mlp.py:76: params hidden_sizes=(256, 256) activation=relu dropout=0.1 lr=0.001 weight_decay=0.0 batch_size=128 max_epochs=50 seed=398591604 n_jobs=None
2026-02-02 16:57:11,238 INFO modssc.supervised.backends.torch.mlp mlp.py:167: Finished mlp.fit in 0.134s
2026-02-02 16:57:11,238 DEBUG modssc.inductive.methods.pseudo_label pseudo_label.py:176: Pseudo-label iter=5 accepted=0 remaining=13
2026-02-02 16:57:11,238 INFO modssc.supervised.backends.torch.mlp mlp.py:75: Starting mlp.fit
2026-02-02 16:57:11,238 DEBUG modssc.supervised.backends.torch.mlp mlp.py:76: params hidden_sizes=(256, 256) activation=relu dropout=0.1 lr=0.001 weight_decay=0.0 batch_size=128 max_epochs=50 seed=398591604 n_jobs=None
2026-02-02 16:57:11,373 INFO modssc.supervised.backends.torch.mlp mlp.py:167: Finished mlp.fit in 0.134s
2026-02-02 16:57:11,373 INFO modssc.inductive.methods.pseudo_label pseudo_label.py:203: Finished pseudo_label.fit in 1.873s
2026-02-02 16:57:11,373 INFO bench.orchestrators.method_inductive method_inductive.py:550: Inductive method done: id=pseudo_label duration_s=1.889
2026-02-02 16:57:11,373 INFO bench.orchestrators.evaluation evaluation.py:189: Evaluation (inductive): splits=['val', 'test'] metrics=['accuracy', 'macro_f1']
2026-02-02 16:57:11,385 INFO bench.orchestrators.evaluation evaluation.py:231: Evaluation (inductive) done: duration_s=0.012
2026-02-02 16:57:11,387 INFO bench.orchestrators.reporting reporting.py:54: Run summary written: /nfs/home/mbarbaux/ModSSC/runs/inductive/pseudo_label/tabular/breast_cancer/best_tabular_inductive_pseudo_label_breast_cancer-20260202T155708Z/run.json status=success duration_s=0.001
