2026-02-02 16:59:07,867 INFO bench.orchestrators.dataset dataset.py:36: Dataset start: id=breast_cancer download=True cache_dir=None
2026-02-02 16:59:07,867 DEBUG bench.orchestrators.dataset dataset.py:42: Dataset options: []
2026-02-02 16:59:07,871 DEBUG modssc.data_loader.providers __init__.py:38: Creating provider: openml
2026-02-02 16:59:07,871 DEBUG modssc.data_loader.api api.py:316: Resolved dataset id=breast_cancer provider=openml canonical_uri=openml:15
2026-02-02 16:59:07,871 INFO modssc.data_loader.api api.py:117: Dataset load: id=breast_cancer provider=openml version=None fingerprint=6dece738ab3dfc5f1500b389918a8723dfd218d54ba657c31846dda9cfbbc81f download=True force=False cache_dir=/nfs/home/mbarbaux/ModSSC/cache/datasets
2026-02-02 16:59:07,871 DEBUG modssc.data_loader.api api.py:127: Dataset resolved_kwargs: {'data_id': 15, 'name': None, 'version': None, 'as_frame': False, 'target_column': None, 'class_filter': None, 'max_samples': None, 'seed': None}
2026-02-02 16:59:07,873 DEBUG modssc.data_loader.api api.py:403: Loaded cached dataset: fingerprint=6dece738ab3dfc5f1500b389918a8723dfd218d54ba657c31846dda9cfbbc81f
2026-02-02 16:59:07,878 INFO modssc.data_loader.api api.py:133: Dataset cached: id=breast_cancer train=699 test=None n_classes=2 duration_s=0.011
2026-02-02 16:59:07,878 INFO bench.orchestrators.dataset dataset.py:54: Dataset loaded: train=699 test=None graph=False fingerprint=6dece738ab3dfc5f1500b389918a8723dfd218d54ba657c31846dda9cfbbc81f provider=openml
2026-02-02 16:59:07,878 INFO bench.orchestrators.dataset dataset.py:62: Dataset stage done: duration_s=0.011
2026-02-02 16:59:07,900 INFO bench.orchestrators.sampling sampling.py:86: Sampling start: seed=1 dataset_id=breast_cancer
2026-02-02 16:59:07,900 DEBUG bench.orchestrators.sampling sampling.py:87: Sampling plan: split={'kind': 'holdout', 'test_fraction': 0.2, 'val_fraction': 0.1, 'stratify': True, 'shuffle': True} labeling={'mode': 'fraction', 'value': 0.2, 'per_class': False, 'min_per_class': 1, 'strategy': 'balanced', 'fixed_indices': None} imbalance={'kind': 'none', 'apply_to': 'train', 'max_per_class': None, 'alpha': None, 'min_per_class': 1} policy={'respect_official_test': True, 'use_official_graph_masks': True, 'allow_override_official': False}
2026-02-02 16:59:07,900 DEBUG bench.orchestrators.sampling sampling.py:98: Sampling dataset_fingerprint=6dece738ab3dfc5f1500b389918a8723dfd218d54ba657c31846dda9cfbbc81f
2026-02-02 16:59:07,900 INFO modssc.sampling.api api.py:99: Sampling start: dataset_id=breast_cancer dataset_fingerprint=6dece738ab3dfc5f1500b389918a8723dfd218d54ba657c31846dda9cfbbc81f seed=1 graph=False split=holdout
2026-02-02 16:59:07,900 DEBUG modssc.sampling.api api.py:107: Sampling plan: {'split': {'kind': 'holdout', 'test_fraction': 0.2, 'val_fraction': 0.1, 'stratify': True, 'shuffle': True}, 'labeling': {'mode': 'fraction', 'value': 0.2, 'per_class': False, 'min_per_class': 1, 'strategy': 'balanced', 'fixed_indices': None}, 'imbalance': {'kind': 'none', 'apply_to': 'train', 'max_per_class': None, 'alpha': None, 'min_per_class': 1}, 'policy': {'respect_official_test': True, 'use_official_graph_masks': True, 'allow_override_official': False}}
2026-02-02 16:59:07,909 INFO modssc.sampling.api api.py:141: Sampling done: train=503 val=56 test=140 labeled=101 unlabeled=402 duration_s=0.008
2026-02-02 16:59:07,909 DEBUG modssc.sampling.api api.py:150: Sampling stats: {'policy': {'respect_official_test': True, 'has_official_test': False, 'test_ref': 'train'}, 'train': {'n': 503, 'classes': {'benign': 329, 'malignant': 174}}, 'val': {'n': 56, 'classes': {'benign': 37, 'malignant': 19}}, 'train_labeled': {'n': 101, 'classes': {'benign': 51, 'malignant': 50}}, 'train_unlabeled': {'n': 402}, 'test': {'n': 140, 'classes': {'benign': 92, 'malignant': 48}}}
2026-02-02 16:59:07,909 INFO bench.orchestrators.sampling sampling.py:123: Sampling result: train=503 val=56 test=140 labeled=101 unlabeled=402 graph=False
2026-02-02 16:59:07,909 DEBUG bench.orchestrators.sampling sampling.py:132: Sampling stats: {'policy': {'respect_official_test': True, 'has_official_test': False, 'test_ref': 'train'}, 'train': {'n': 503, 'classes': {'benign': 329, 'malignant': 174}}, 'val': {'n': 56, 'classes': {'benign': 37, 'malignant': 19}}, 'train_labeled': {'n': 101, 'classes': {'benign': 51, 'malignant': 50}}, 'train_unlabeled': {'n': 402}, 'test': {'n': 140, 'classes': {'benign': 92, 'malignant': 48}}}
2026-02-02 16:59:07,909 INFO bench.orchestrators.sampling sampling.py:133: Sampling stage done: duration_s=0.009
2026-02-02 16:59:07,909 INFO bench.orchestrators.preprocess preprocess.py:105: Preprocess start: seed=1 cache=True n_steps=4 fit_indices=101
2026-02-02 16:59:07,909 DEBUG bench.orchestrators.preprocess preprocess.py:112: Preprocess plan: output_key=features.X steps=['labels.encode', 'core.ensure_2d', 'core.pca', 'core.to_numpy']
2026-02-02 16:59:07,909 INFO modssc.preprocess.api api.py:490: Preprocess start: dataset_fp=6dece738ab3dfc5f1500b389918a8723dfd218d54ba657c31846dda9cfbbc81f steps=['labels.encode', 'core.ensure_2d', 'core.pca', 'core.to_numpy'] output_key=features.X seed=1 cache=True
2026-02-02 16:59:07,909 DEBUG modssc.preprocess.api api.py:498: Preprocess input shapes: train_X=(699, 9) train_y=(699,) test_X=None test_y=None
2026-02-02 16:59:07,909 INFO modssc.preprocess.api api.py:505: Preprocess input size: train_data=54.6 KB test_data=n/a
2026-02-02 16:59:07,909 DEBUG modssc.preprocess.api api.py:521: Preprocess step start: id=labels.encode index=0 kind=transform params={}
2026-02-02 16:59:07,916 DEBUG modssc.preprocess.api api.py:605: Preprocess step train outputs: id=labels.encode keys=['labels.classes', 'labels.y'] duration_s=0.007
2026-02-02 16:59:07,916 INFO modssc.preprocess.api api.py:679: Preprocess step done: id=labels.encode index=0 duration_s=0.007 train_data=54.6 KB test_data=n/a
2026-02-02 16:59:07,916 DEBUG modssc.preprocess.api api.py:521: Preprocess step start: id=core.ensure_2d index=1 kind=transform params={}
2026-02-02 16:59:07,918 DEBUG modssc.preprocess.api api.py:605: Preprocess step train outputs: id=core.ensure_2d keys=['features.X'] duration_s=0.002
2026-02-02 16:59:07,918 INFO modssc.preprocess.api api.py:679: Preprocess step done: id=core.ensure_2d index=1 duration_s=0.002 train_data=54.6 KB test_data=n/a
2026-02-02 16:59:07,918 DEBUG modssc.preprocess.api api.py:521: Preprocess step start: id=core.pca index=2 kind=fittable params={'n_components': 30}
2026-02-02 16:59:07,920 DEBUG modssc.preprocess.api api.py:605: Preprocess step train outputs: id=core.pca keys=['features.X'] duration_s=0.002
2026-02-02 16:59:07,920 INFO modssc.preprocess.api api.py:679: Preprocess step done: id=core.pca index=2 duration_s=0.002 train_data=30.0 KB test_data=n/a
2026-02-02 16:59:07,921 DEBUG modssc.preprocess.api api.py:521: Preprocess step start: id=core.to_numpy index=3 kind=transform params={}
2026-02-02 16:59:07,922 DEBUG modssc.preprocess.api api.py:605: Preprocess step train outputs: id=core.to_numpy keys=['features.X'] duration_s=0.001
2026-02-02 16:59:07,922 INFO modssc.preprocess.api api.py:679: Preprocess step done: id=core.to_numpy index=3 duration_s=0.001 train_data=30.0 KB test_data=n/a
2026-02-02 16:59:07,922 INFO modssc.preprocess.api api.py:730: Preprocess done: dataset_fp=6dece738ab3dfc5f1500b389918a8723dfd218d54ba657c31846dda9cfbbc81f duration_s=0.013 train_X=(699, 9) test_X=None
2026-02-02 16:59:07,922 INFO bench.orchestrators.preprocess preprocess.py:124: Preprocess result: fingerprint=preprocess:ef881b7f44da6f0c9372f759ec8256cbf9b2f8ea77b4677dc811e99f90fde611 plan_fingerprint=resolved_plan:482a0984f51742ea5d9dbcc35f660359eaee028ed4420e88d582a288bf1fe3f8 cache_dir=/nfs/home/mbarbaux/ModSSC/cache/preprocess/6dece738ab3dfc5f1500b389918a8723dfd218d54ba657c31846dda9cfbbc81f skipped=[]
2026-02-02 16:59:07,922 DEBUG bench.orchestrators.preprocess preprocess.py:131: Preprocess output shapes: train_X=(699, 9) test_X=None
2026-02-02 16:59:07,922 INFO bench.orchestrators.preprocess preprocess.py:136: Preprocess stage done: duration_s=0.013
2026-02-02 16:59:07,922 INFO bench.orchestrators.graph graph.py:67: Graph start: include_test=False cache=True
2026-02-02 16:59:07,922 DEBUG bench.orchestrators.graph graph.py:72: Graph spec: scheme=knn metric=cosine k=15 radius=None backend=numpy feature_field=features.X seed=1
2026-02-02 16:59:07,922 DEBUG bench.orchestrators.graph graph.py:89: Graph features: shape=(699, 9)
2026-02-02 16:59:07,923 INFO modssc.graph.construction.api api.py:111: Graph cached: fingerprint=1ecbface91a43e85f88e9c78abdff2da6f7f5a68dd16785287b2cec2a5c5e004 n_nodes=699 n_edges=16385 duration_s=0.001
2026-02-02 16:59:07,923 INFO bench.orchestrators.graph graph.py:100: Graph built: fingerprint=1ecbface91a43e85f88e9c78abdff2da6f7f5a68dd16785287b2cec2a5c5e004 n_nodes=699 n_edges=16385 duration_s=0.001
2026-02-02 16:59:07,923 INFO bench.orchestrators.method_transductive method_transductive.py:139: Transductive method start: id=lazy_random_walk seed=398591604 device=auto resolved_device=cuda use_test=False
2026-02-02 16:59:07,923 DEBUG bench.orchestrators.method_transductive method_transductive.py:147: Transductive method params: {'alpha': 0.99}
2026-02-02 16:59:07,923 INFO bench.orchestrators.method_transductive method_transductive.py:158: Transductive data: n_nodes=699 n_train=699 n_test=0
2026-02-02 16:59:07,923 INFO bench.orchestrators.method_transductive method_transductive.py:177: Transductive masks: labeled_count=101 train_count=503
2026-02-02 16:59:07,923 INFO modssc.transductive.methods.classic.lazy_random_walk lazy_random_walk.py:250: Starting lazy_random_walk.fit
2026-02-02 16:59:07,923 DEBUG modssc.transductive.methods.classic.lazy_random_walk lazy_random_walk.py:251: spec=LazyRandomWalkSpec(alpha=0.99) device=cuda seed=398591604
2026-02-02 16:59:07,923 DEBUG modssc.transductive.methods.classic.lazy_random_walk lazy_random_walk.py:262: backend=torch
2026-02-02 16:59:07,923 INFO modssc.transductive.methods.classic.lazy_random_walk lazy_random_walk.py:263: Lazy random walk sizes: n_nodes=699 labeled=101
2026-02-02 16:59:08,219 INFO modssc.transductive.methods.classic.lazy_random_walk lazy_random_walk.py:280: Finished lazy_random_walk.fit in 0.295s
2026-02-02 16:59:08,219 INFO bench.orchestrators.method_transductive method_transductive.py:218: Transductive method done: id=lazy_random_walk duration_s=0.296
2026-02-02 16:59:08,219 INFO bench.orchestrators.evaluation evaluation.py:244: Evaluation (transductive): splits=['val', 'test'] metrics=['accuracy', 'macro_f1']
2026-02-02 16:59:08,220 INFO bench.orchestrators.evaluation evaluation.py:263: Evaluation (transductive) done: duration_s=0.001
2026-02-02 16:59:08,221 INFO bench.orchestrators.reporting reporting.py:54: Run summary written: /nfs/home/mbarbaux/ModSSC/runs/transductive/lazy_random_walk/tabular/breast_cancer/best_tabular_transductive_lazy_random_walk_breast_cancer-20260202T155907Z/run.json status=success duration_s=0.001
