2026-02-02 15:23:27,193 INFO bench.orchestrators.dataset dataset.py:36: Dataset start: id=pubmed download=True cache_dir=None
2026-02-02 15:23:27,193 DEBUG bench.orchestrators.dataset dataset.py:42: Dataset options: []
2026-02-02 15:23:27,197 DEBUG modssc.data_loader.providers __init__.py:38: Creating provider: pyg
2026-02-02 15:23:27,197 DEBUG modssc.data_loader.api api.py:316: Resolved dataset id=pubmed provider=pyg canonical_uri=pyg:Planetoid/PubMed
2026-02-02 15:23:27,197 INFO modssc.data_loader.api api.py:117: Dataset load: id=pubmed provider=pyg version=None fingerprint=33662ee2dd9f5386a1eb7438c7e711640858805e93f8cee2bfe9beda2eb3499a download=True force=False cache_dir=/nfs/home/mbarbaux/ModSSC/cache/datasets
2026-02-02 15:23:27,197 DEBUG modssc.data_loader.api api.py:127: Dataset resolved_kwargs: {'dataset_class': 'Planetoid', 'dataset_kwargs': {'name': 'PubMed'}}
2026-02-02 15:23:27,208 DEBUG modssc.data_loader.api api.py:403: Loaded cached dataset: fingerprint=33662ee2dd9f5386a1eb7438c7e711640858805e93f8cee2bfe9beda2eb3499a
2026-02-02 15:23:27,208 INFO modssc.data_loader.api api.py:133: Dataset cached: id=pubmed train=19717 test=None n_classes=3 duration_s=0.014
2026-02-02 15:23:27,208 INFO bench.orchestrators.dataset dataset.py:54: Dataset loaded: train=19717 test=None graph=True fingerprint=33662ee2dd9f5386a1eb7438c7e711640858805e93f8cee2bfe9beda2eb3499a provider=pyg
2026-02-02 15:23:27,208 INFO bench.orchestrators.dataset dataset.py:62: Dataset stage done: duration_s=0.014
2026-02-02 15:23:27,231 INFO bench.orchestrators.sampling sampling.py:86: Sampling start: seed=5 dataset_id=pubmed
2026-02-02 15:23:27,231 DEBUG bench.orchestrators.sampling sampling.py:87: Sampling plan: split={'kind': 'holdout', 'test_fraction': 0.2, 'val_fraction': 0.1, 'stratify': True, 'shuffle': True} labeling={'mode': 'fraction', 'value': 0.2, 'per_class': False, 'min_per_class': 1, 'strategy': 'balanced', 'fixed_indices': None} imbalance={'kind': 'none', 'apply_to': 'train', 'max_per_class': None, 'alpha': None, 'min_per_class': 1} policy={'respect_official_test': True, 'use_official_graph_masks': True, 'allow_override_official': False}
2026-02-02 15:23:27,231 DEBUG bench.orchestrators.sampling sampling.py:98: Sampling dataset_fingerprint=33662ee2dd9f5386a1eb7438c7e711640858805e93f8cee2bfe9beda2eb3499a
2026-02-02 15:23:27,231 INFO modssc.sampling.api api.py:99: Sampling start: dataset_id=pubmed dataset_fingerprint=33662ee2dd9f5386a1eb7438c7e711640858805e93f8cee2bfe9beda2eb3499a seed=5 graph=True split=holdout
2026-02-02 15:23:27,231 DEBUG modssc.sampling.api api.py:107: Sampling plan: {'split': {'kind': 'holdout', 'test_fraction': 0.2, 'val_fraction': 0.1, 'stratify': True, 'shuffle': True}, 'labeling': {'mode': 'fraction', 'value': 0.2, 'per_class': False, 'min_per_class': 1, 'strategy': 'balanced', 'fixed_indices': None}, 'imbalance': {'kind': 'none', 'apply_to': 'train', 'max_per_class': None, 'alpha': None, 'min_per_class': 1}, 'policy': {'respect_official_test': True, 'use_official_graph_masks': True, 'allow_override_official': False}}
2026-02-02 15:23:27,241 INFO modssc.sampling.api api.py:141: Sampling done: train=60 val=500 test=1000 labeled=12 unlabeled=48 duration_s=0.010
2026-02-02 15:23:27,241 DEBUG modssc.sampling.api api.py:150: Sampling stats: {'nodes': 19717, 'train': 60, 'val': 500, 'test': 1000, 'labeled': 12, 'unlabeled': 48, 'labeled_class_dist': {'n': 12, 'classes': {'0': 4, '1': 4, '2': 4}}}
2026-02-02 15:23:27,241 INFO bench.orchestrators.sampling sampling.py:123: Sampling result: train=60 val=500 test=1000 labeled=12 unlabeled=48 graph=True
2026-02-02 15:23:27,241 DEBUG bench.orchestrators.sampling sampling.py:132: Sampling stats: {'nodes': 19717, 'train': 60, 'val': 500, 'test': 1000, 'labeled': 12, 'unlabeled': 48, 'labeled_class_dist': {'n': 12, 'classes': {'0': 4, '1': 4, '2': 4}}}
2026-02-02 15:23:27,241 INFO bench.orchestrators.sampling sampling.py:133: Sampling stage done: duration_s=0.010
2026-02-02 15:23:27,241 INFO bench.orchestrators.preprocess preprocess.py:105: Preprocess start: seed=5 cache=True n_steps=3 fit_indices=12
2026-02-02 15:23:27,241 DEBUG bench.orchestrators.preprocess preprocess.py:112: Preprocess plan: output_key=features.X steps=['labels.encode', 'core.ensure_2d', 'core.to_numpy']
2026-02-02 15:23:27,242 INFO modssc.preprocess.api api.py:490: Preprocess start: dataset_fp=33662ee2dd9f5386a1eb7438c7e711640858805e93f8cee2bfe9beda2eb3499a steps=['labels.encode', 'core.ensure_2d', 'core.to_numpy'] output_key=features.X seed=5 cache=True
2026-02-02 15:23:27,242 DEBUG modssc.preprocess.api api.py:498: Preprocess input shapes: train_X=(19717, 500) train_y=(19717,) test_X=None test_y=None
2026-02-02 15:23:27,242 INFO modssc.preprocess.api api.py:505: Preprocess input size: train_data=39.2 MB test_data=n/a
2026-02-02 15:23:27,242 DEBUG modssc.preprocess.api api.py:521: Preprocess step start: id=labels.encode index=0 kind=transform params={}
2026-02-02 15:23:27,247 DEBUG modssc.preprocess.api api.py:605: Preprocess step train outputs: id=labels.encode keys=['labels.classes', 'labels.y'] duration_s=0.006
2026-02-02 15:23:27,248 INFO modssc.preprocess.api api.py:679: Preprocess step done: id=labels.encode index=0 duration_s=0.006 train_data=39.2 MB test_data=n/a
2026-02-02 15:23:27,248 DEBUG modssc.preprocess.api api.py:521: Preprocess step start: id=core.ensure_2d index=1 kind=transform params={}
2026-02-02 15:23:27,257 DEBUG modssc.preprocess.api api.py:605: Preprocess step train outputs: id=core.ensure_2d keys=['features.X'] duration_s=0.009
2026-02-02 15:23:27,257 INFO modssc.preprocess.api api.py:679: Preprocess step done: id=core.ensure_2d index=1 duration_s=0.010 train_data=39.2 MB test_data=n/a
2026-02-02 15:23:27,257 DEBUG modssc.preprocess.api api.py:521: Preprocess step start: id=core.to_numpy index=2 kind=transform params={}
2026-02-02 15:23:27,266 DEBUG modssc.preprocess.api api.py:605: Preprocess step train outputs: id=core.to_numpy keys=['features.X'] duration_s=0.009
2026-02-02 15:23:27,266 INFO modssc.preprocess.api api.py:679: Preprocess step done: id=core.to_numpy index=2 duration_s=0.009 train_data=39.2 MB test_data=n/a
2026-02-02 15:23:27,266 INFO modssc.preprocess.api api.py:730: Preprocess done: dataset_fp=33662ee2dd9f5386a1eb7438c7e711640858805e93f8cee2bfe9beda2eb3499a duration_s=0.025 train_X=(19717, 500) test_X=None
2026-02-02 15:23:27,266 INFO bench.orchestrators.preprocess preprocess.py:124: Preprocess result: fingerprint=preprocess:99e2d6e1d9f2a08d31c1fbb39ceec754bf3df24395d11ea5eb79d7325462efc1 plan_fingerprint=resolved_plan:8a5e3ebe41a4f364f53ac26a625ef44f5a721631be61f65e32b92a3759853b68 cache_dir=/nfs/home/mbarbaux/ModSSC/cache/preprocess/33662ee2dd9f5386a1eb7438c7e711640858805e93f8cee2bfe9beda2eb3499a skipped=[]
2026-02-02 15:23:27,266 DEBUG bench.orchestrators.preprocess preprocess.py:131: Preprocess output shapes: train_X=(19717, 500) test_X=None
2026-02-02 15:23:27,266 INFO bench.orchestrators.preprocess preprocess.py:136: Preprocess stage done: duration_s=0.025
2026-02-02 15:23:27,266 INFO bench.orchestrators.method_transductive method_transductive.py:139: Transductive method start: id=n_gcn seed=3274374610 device=auto resolved_device=cuda use_test=False
2026-02-02 15:23:27,266 DEBUG bench.orchestrators.method_transductive method_transductive.py:147: Transductive method params: {'hidden_dim': 16, 'gcn_layers': 2, 'K': 6, 'r': 4, 'classifier': 'fc', 'dropout': 0.5, 'lr': 0.01, 'weight_decay': 1e-05, 'max_epochs': 200, 'patience': 50, 'add_self_loops': True, 'symmetrize': True}
2026-02-02 15:23:27,267 INFO bench.orchestrators.method_transductive method_transductive.py:158: Transductive data: n_nodes=19717 n_train=19717 n_test=0
2026-02-02 15:23:27,267 INFO bench.orchestrators.method_transductive method_transductive.py:177: Transductive masks: labeled_count=12 train_count=60
2026-02-02 15:23:27,267 INFO modssc.transductive.methods.gnn.n_gcn n_gcn.py:202: Starting n_gcn.fit
2026-02-02 15:23:27,267 DEBUG modssc.transductive.methods.gnn.n_gcn n_gcn.py:203: spec=NGCNSpec(hidden_dim=16, gcn_layers=2, K=6, r=4, classifier='fc', dropout=0.5, lr=0.01, weight_decay=1e-05, max_epochs=200, patience=50, add_self_loops=True, symmetrize=True) device=cuda seed=3274374610
2026-02-02 15:23:27,410 INFO modssc.transductive.methods.gnn.n_gcn n_gcn.py:226: N-GCN sizes: n_nodes=19717 n_classes=3 train=12 val=500
2026-02-02 15:23:33,538 DEBUG modssc.transductive.methods.gnn.common common.py:373: train_fullbatch epoch=0 val_loss=1.0923 best updated
2026-02-02 15:23:34,195 DEBUG modssc.transductive.methods.gnn.common common.py:380: train_fullbatch epoch=1 val_loss=1.1065 bad_epochs=1/50
2026-02-02 15:23:34,865 DEBUG modssc.transductive.methods.gnn.common common.py:380: train_fullbatch epoch=2 val_loss=1.1112 bad_epochs=2/50
2026-02-02 15:23:35,534 DEBUG modssc.transductive.methods.gnn.common common.py:380: train_fullbatch epoch=3 val_loss=1.1027 bad_epochs=3/50
2026-02-02 15:23:36,205 DEBUG modssc.transductive.methods.gnn.common common.py:373: train_fullbatch epoch=4 val_loss=1.0860 best updated
2026-02-02 15:23:36,874 DEBUG modssc.transductive.methods.gnn.common common.py:373: train_fullbatch epoch=5 val_loss=1.0659 best updated
2026-02-02 15:23:37,550 DEBUG modssc.transductive.methods.gnn.common common.py:373: train_fullbatch epoch=6 val_loss=1.0452 best updated
2026-02-02 15:23:38,226 DEBUG modssc.transductive.methods.gnn.common common.py:373: train_fullbatch epoch=7 val_loss=1.0245 best updated
2026-02-02 15:23:38,904 DEBUG modssc.transductive.methods.gnn.common common.py:373: train_fullbatch epoch=8 val_loss=1.0029 best updated
2026-02-02 15:23:39,583 DEBUG modssc.transductive.methods.gnn.common common.py:373: train_fullbatch epoch=9 val_loss=0.9800 best updated
2026-02-02 15:23:40,263 DEBUG modssc.transductive.methods.gnn.common common.py:373: train_fullbatch epoch=10 val_loss=0.9557 best updated
2026-02-02 15:23:40,945 DEBUG modssc.transductive.methods.gnn.common common.py:373: train_fullbatch epoch=11 val_loss=0.9318 best updated
2026-02-02 15:23:41,625 DEBUG modssc.transductive.methods.gnn.common common.py:373: train_fullbatch epoch=12 val_loss=0.9105 best updated
2026-02-02 15:23:42,308 DEBUG modssc.transductive.methods.gnn.common common.py:373: train_fullbatch epoch=13 val_loss=0.8916 best updated
2026-02-02 15:23:42,989 DEBUG modssc.transductive.methods.gnn.common common.py:373: train_fullbatch epoch=14 val_loss=0.8707 best updated
2026-02-02 15:23:43,672 DEBUG modssc.transductive.methods.gnn.common common.py:373: train_fullbatch epoch=15 val_loss=0.8477 best updated
2026-02-02 15:23:44,354 DEBUG modssc.transductive.methods.gnn.common common.py:373: train_fullbatch epoch=16 val_loss=0.8307 best updated
2026-02-02 15:23:45,036 DEBUG modssc.transductive.methods.gnn.common common.py:373: train_fullbatch epoch=17 val_loss=0.8152 best updated
2026-02-02 15:23:45,719 DEBUG modssc.transductive.methods.gnn.common common.py:373: train_fullbatch epoch=18 val_loss=0.8064 best updated
2026-02-02 15:23:46,406 DEBUG modssc.transductive.methods.gnn.common common.py:380: train_fullbatch epoch=19 val_loss=0.8118 bad_epochs=1/50
2026-02-02 15:23:47,092 DEBUG modssc.transductive.methods.gnn.common common.py:380: train_fullbatch epoch=20 val_loss=0.8314 bad_epochs=2/50
2026-02-02 15:23:47,776 DEBUG modssc.transductive.methods.gnn.common common.py:380: train_fullbatch epoch=21 val_loss=0.8573 bad_epochs=3/50
2026-02-02 15:23:48,465 DEBUG modssc.transductive.methods.gnn.common common.py:380: train_fullbatch epoch=22 val_loss=0.8923 bad_epochs=4/50
2026-02-02 15:23:49,153 DEBUG modssc.transductive.methods.gnn.common common.py:380: train_fullbatch epoch=23 val_loss=0.9283 bad_epochs=5/50
2026-02-02 15:23:49,840 DEBUG modssc.transductive.methods.gnn.common common.py:380: train_fullbatch epoch=24 val_loss=0.9694 bad_epochs=6/50
2026-02-02 15:23:50,530 DEBUG modssc.transductive.methods.gnn.common common.py:380: train_fullbatch epoch=25 val_loss=1.0130 bad_epochs=7/50
2026-02-02 15:23:51,215 DEBUG modssc.transductive.methods.gnn.common common.py:380: train_fullbatch epoch=26 val_loss=1.0622 bad_epochs=8/50
2026-02-02 15:23:51,904 DEBUG modssc.transductive.methods.gnn.common common.py:380: train_fullbatch epoch=27 val_loss=1.1091 bad_epochs=9/50
2026-02-02 15:23:52,595 DEBUG modssc.transductive.methods.gnn.common common.py:380: train_fullbatch epoch=28 val_loss=1.1524 bad_epochs=10/50
2026-02-02 15:23:53,287 DEBUG modssc.transductive.methods.gnn.common common.py:380: train_fullbatch epoch=29 val_loss=1.1911 bad_epochs=11/50
2026-02-02 15:23:53,976 DEBUG modssc.transductive.methods.gnn.common common.py:380: train_fullbatch epoch=30 val_loss=1.2248 bad_epochs=12/50
2026-02-02 15:23:54,669 DEBUG modssc.transductive.methods.gnn.common common.py:380: train_fullbatch epoch=31 val_loss=1.2551 bad_epochs=13/50
2026-02-02 15:23:55,357 DEBUG modssc.transductive.methods.gnn.common common.py:380: train_fullbatch epoch=32 val_loss=1.2809 bad_epochs=14/50
2026-02-02 15:23:56,052 DEBUG modssc.transductive.methods.gnn.common common.py:380: train_fullbatch epoch=33 val_loss=1.3054 bad_epochs=15/50
2026-02-02 15:23:56,746 DEBUG modssc.transductive.methods.gnn.common common.py:380: train_fullbatch epoch=34 val_loss=1.3274 bad_epochs=16/50
2026-02-02 15:23:57,438 DEBUG modssc.transductive.methods.gnn.common common.py:380: train_fullbatch epoch=35 val_loss=1.3470 bad_epochs=17/50
2026-02-02 15:23:58,134 DEBUG modssc.transductive.methods.gnn.common common.py:380: train_fullbatch epoch=36 val_loss=1.3659 bad_epochs=18/50
2026-02-02 15:23:58,830 DEBUG modssc.transductive.methods.gnn.common common.py:380: train_fullbatch epoch=37 val_loss=1.3834 bad_epochs=19/50
2026-02-02 15:23:59,527 DEBUG modssc.transductive.methods.gnn.common common.py:380: train_fullbatch epoch=38 val_loss=1.3981 bad_epochs=20/50
2026-02-02 15:24:00,224 DEBUG modssc.transductive.methods.gnn.common common.py:380: train_fullbatch epoch=39 val_loss=1.4107 bad_epochs=21/50
2026-02-02 15:24:00,918 DEBUG modssc.transductive.methods.gnn.common common.py:380: train_fullbatch epoch=40 val_loss=1.4217 bad_epochs=22/50
2026-02-02 15:24:01,617 DEBUG modssc.transductive.methods.gnn.common common.py:380: train_fullbatch epoch=41 val_loss=1.4308 bad_epochs=23/50
2026-02-02 15:24:02,316 DEBUG modssc.transductive.methods.gnn.common common.py:380: train_fullbatch epoch=42 val_loss=1.4374 bad_epochs=24/50
2026-02-02 15:24:03,014 DEBUG modssc.transductive.methods.gnn.common common.py:380: train_fullbatch epoch=43 val_loss=1.4417 bad_epochs=25/50
2026-02-02 15:24:03,713 DEBUG modssc.transductive.methods.gnn.common common.py:380: train_fullbatch epoch=44 val_loss=1.4447 bad_epochs=26/50
2026-02-02 15:24:04,411 DEBUG modssc.transductive.methods.gnn.common common.py:380: train_fullbatch epoch=45 val_loss=1.4462 bad_epochs=27/50
2026-02-02 15:24:05,110 DEBUG modssc.transductive.methods.gnn.common common.py:380: train_fullbatch epoch=46 val_loss=1.4463 bad_epochs=28/50
2026-02-02 15:24:05,811 DEBUG modssc.transductive.methods.gnn.common common.py:380: train_fullbatch epoch=47 val_loss=1.4452 bad_epochs=29/50
2026-02-02 15:24:06,510 DEBUG modssc.transductive.methods.gnn.common common.py:380: train_fullbatch epoch=48 val_loss=1.4428 bad_epochs=30/50
2026-02-02 15:24:07,210 DEBUG modssc.transductive.methods.gnn.common common.py:380: train_fullbatch epoch=49 val_loss=1.4390 bad_epochs=31/50
2026-02-02 15:24:07,910 DEBUG modssc.transductive.methods.gnn.common common.py:380: train_fullbatch epoch=50 val_loss=1.4345 bad_epochs=32/50
2026-02-02 15:24:08,610 DEBUG modssc.transductive.methods.gnn.common common.py:380: train_fullbatch epoch=51 val_loss=1.4294 bad_epochs=33/50
2026-02-02 15:24:09,310 DEBUG modssc.transductive.methods.gnn.common common.py:380: train_fullbatch epoch=52 val_loss=1.4240 bad_epochs=34/50
2026-02-02 15:24:10,010 DEBUG modssc.transductive.methods.gnn.common common.py:380: train_fullbatch epoch=53 val_loss=1.4180 bad_epochs=35/50
2026-02-02 15:24:10,710 DEBUG modssc.transductive.methods.gnn.common common.py:380: train_fullbatch epoch=54 val_loss=1.4115 bad_epochs=36/50
2026-02-02 15:24:11,410 DEBUG modssc.transductive.methods.gnn.common common.py:380: train_fullbatch epoch=55 val_loss=1.4047 bad_epochs=37/50
2026-02-02 15:24:12,110 DEBUG modssc.transductive.methods.gnn.common common.py:380: train_fullbatch epoch=56 val_loss=1.3975 bad_epochs=38/50
2026-02-02 15:24:12,812 DEBUG modssc.transductive.methods.gnn.common common.py:380: train_fullbatch epoch=57 val_loss=1.3898 bad_epochs=39/50
2026-02-02 15:24:13,513 DEBUG modssc.transductive.methods.gnn.common common.py:380: train_fullbatch epoch=58 val_loss=1.3823 bad_epochs=40/50
2026-02-02 15:24:14,215 DEBUG modssc.transductive.methods.gnn.common common.py:380: train_fullbatch epoch=59 val_loss=1.3746 bad_epochs=41/50
2026-02-02 15:24:14,915 DEBUG modssc.transductive.methods.gnn.common common.py:380: train_fullbatch epoch=60 val_loss=1.3670 bad_epochs=42/50
2026-02-02 15:24:15,615 DEBUG modssc.transductive.methods.gnn.common common.py:380: train_fullbatch epoch=61 val_loss=1.3590 bad_epochs=43/50
2026-02-02 15:24:16,316 DEBUG modssc.transductive.methods.gnn.common common.py:380: train_fullbatch epoch=62 val_loss=1.3513 bad_epochs=44/50
2026-02-02 15:24:17,016 DEBUG modssc.transductive.methods.gnn.common common.py:380: train_fullbatch epoch=63 val_loss=1.3436 bad_epochs=45/50
2026-02-02 15:24:17,716 DEBUG modssc.transductive.methods.gnn.common common.py:380: train_fullbatch epoch=64 val_loss=1.3360 bad_epochs=46/50
2026-02-02 15:24:18,415 DEBUG modssc.transductive.methods.gnn.common common.py:380: train_fullbatch epoch=65 val_loss=1.3280 bad_epochs=47/50
2026-02-02 15:24:19,117 DEBUG modssc.transductive.methods.gnn.common common.py:380: train_fullbatch epoch=66 val_loss=1.3204 bad_epochs=48/50
2026-02-02 15:24:19,815 DEBUG modssc.transductive.methods.gnn.common common.py:380: train_fullbatch epoch=67 val_loss=1.3129 bad_epochs=49/50
2026-02-02 15:24:20,516 DEBUG modssc.transductive.methods.gnn.common common.py:380: train_fullbatch epoch=68 val_loss=1.3051 bad_epochs=50/50
2026-02-02 15:24:20,516 DEBUG modssc.transductive.methods.gnn.common common.py:388: train_fullbatch early_stop epoch=68 best_epoch=18 best_val_loss=0.8064
2026-02-02 15:24:20,518 DEBUG modssc.transductive.methods.gnn.common common.py:399: train_fullbatch done n_epochs=69 best_epoch=18 best_val_loss=0.8063958883285522
2026-02-02 15:24:20,518 INFO modssc.transductive.methods.gnn.n_gcn n_gcn.py:289: Finished n_gcn.fit in 53.252s
2026-02-02 15:24:20,525 INFO bench.orchestrators.method_transductive method_transductive.py:218: Transductive method done: id=n_gcn duration_s=53.258
2026-02-02 15:24:20,525 INFO bench.orchestrators.evaluation evaluation.py:244: Evaluation (transductive): splits=['val', 'test'] metrics=['accuracy', 'macro_f1']
2026-02-02 15:24:20,843 INFO bench.orchestrators.evaluation evaluation.py:263: Evaluation (transductive) done: duration_s=0.318
2026-02-02 15:24:20,845 INFO bench.orchestrators.reporting reporting.py:54: Run summary written: /nfs/home/mbarbaux/ModSSC/runs/transductive/n_gcn/graph/pubmed/best_graph_transductive_n_gcn_pubmed-20260202T142327Z/run.json status=success duration_s=0.002
