2026-02-02 15:09:06,692 INFO bench.orchestrators.dataset dataset.py:36: Dataset start: id=cora download=True cache_dir=None
2026-02-02 15:09:06,692 DEBUG bench.orchestrators.dataset dataset.py:42: Dataset options: []
2026-02-02 15:09:06,695 DEBUG modssc.data_loader.providers __init__.py:38: Creating provider: pyg
2026-02-02 15:09:06,695 DEBUG modssc.data_loader.api api.py:316: Resolved dataset id=cora provider=pyg canonical_uri=pyg:Planetoid/Cora
2026-02-02 15:09:06,695 INFO modssc.data_loader.api api.py:117: Dataset load: id=cora provider=pyg version=None fingerprint=2919521af8679a8c84658219f16403f74aa1bfc03b19b6a08eb2565299400728 download=True force=False cache_dir=/nfs/home/mbarbaux/ModSSC/cache/datasets
2026-02-02 15:09:06,695 DEBUG modssc.data_loader.api api.py:127: Dataset resolved_kwargs: {'dataset_class': 'Planetoid', 'dataset_kwargs': {'name': 'Cora'}}
2026-02-02 15:09:06,700 DEBUG modssc.data_loader.api api.py:403: Loaded cached dataset: fingerprint=2919521af8679a8c84658219f16403f74aa1bfc03b19b6a08eb2565299400728
2026-02-02 15:09:06,700 INFO modssc.data_loader.api api.py:133: Dataset cached: id=cora train=2708 test=None n_classes=7 duration_s=0.008
2026-02-02 15:09:06,700 INFO bench.orchestrators.dataset dataset.py:54: Dataset loaded: train=2708 test=None graph=True fingerprint=2919521af8679a8c84658219f16403f74aa1bfc03b19b6a08eb2565299400728 provider=pyg
2026-02-02 15:09:06,701 INFO bench.orchestrators.dataset dataset.py:62: Dataset stage done: duration_s=0.009
2026-02-02 15:09:06,723 INFO bench.orchestrators.sampling sampling.py:86: Sampling start: seed=5 dataset_id=cora
2026-02-02 15:09:06,723 DEBUG bench.orchestrators.sampling sampling.py:87: Sampling plan: split={'kind': 'holdout', 'test_fraction': 0.2, 'val_fraction': 0.1, 'stratify': True, 'shuffle': True} labeling={'mode': 'fraction', 'value': 0.2, 'per_class': False, 'min_per_class': 1, 'strategy': 'balanced', 'fixed_indices': None} imbalance={'kind': 'none', 'apply_to': 'train', 'max_per_class': None, 'alpha': None, 'min_per_class': 1} policy={'respect_official_test': True, 'use_official_graph_masks': True, 'allow_override_official': False}
2026-02-02 15:09:06,723 DEBUG bench.orchestrators.sampling sampling.py:98: Sampling dataset_fingerprint=2919521af8679a8c84658219f16403f74aa1bfc03b19b6a08eb2565299400728
2026-02-02 15:09:06,723 INFO modssc.sampling.api api.py:99: Sampling start: dataset_id=cora dataset_fingerprint=2919521af8679a8c84658219f16403f74aa1bfc03b19b6a08eb2565299400728 seed=5 graph=True split=holdout
2026-02-02 15:09:06,723 DEBUG modssc.sampling.api api.py:107: Sampling plan: {'split': {'kind': 'holdout', 'test_fraction': 0.2, 'val_fraction': 0.1, 'stratify': True, 'shuffle': True}, 'labeling': {'mode': 'fraction', 'value': 0.2, 'per_class': False, 'min_per_class': 1, 'strategy': 'balanced', 'fixed_indices': None}, 'imbalance': {'kind': 'none', 'apply_to': 'train', 'max_per_class': None, 'alpha': None, 'min_per_class': 1}, 'policy': {'respect_official_test': True, 'use_official_graph_masks': True, 'allow_override_official': False}}
2026-02-02 15:09:06,734 INFO modssc.sampling.api api.py:141: Sampling done: train=140 val=500 test=1000 labeled=28 unlabeled=112 duration_s=0.010
2026-02-02 15:09:06,734 DEBUG modssc.sampling.api api.py:150: Sampling stats: {'nodes': 2708, 'train': 140, 'val': 500, 'test': 1000, 'labeled': 28, 'unlabeled': 112, 'labeled_class_dist': {'n': 28, 'classes': {'0': 4, '1': 4, '2': 4, '3': 4, '4': 4, '5': 4, '6': 4}}}
2026-02-02 15:09:06,734 INFO bench.orchestrators.sampling sampling.py:123: Sampling result: train=140 val=500 test=1000 labeled=28 unlabeled=112 graph=True
2026-02-02 15:09:06,734 DEBUG bench.orchestrators.sampling sampling.py:132: Sampling stats: {'nodes': 2708, 'train': 140, 'val': 500, 'test': 1000, 'labeled': 28, 'unlabeled': 112, 'labeled_class_dist': {'n': 28, 'classes': {'0': 4, '1': 4, '2': 4, '3': 4, '4': 4, '5': 4, '6': 4}}}
2026-02-02 15:09:06,734 INFO bench.orchestrators.sampling sampling.py:133: Sampling stage done: duration_s=0.011
2026-02-02 15:09:06,734 INFO bench.orchestrators.preprocess preprocess.py:105: Preprocess start: seed=5 cache=True n_steps=3 fit_indices=28
2026-02-02 15:09:06,734 DEBUG bench.orchestrators.preprocess preprocess.py:112: Preprocess plan: output_key=features.X steps=['labels.encode', 'core.ensure_2d', 'core.to_numpy']
2026-02-02 15:09:06,734 INFO modssc.preprocess.api api.py:490: Preprocess start: dataset_fp=2919521af8679a8c84658219f16403f74aa1bfc03b19b6a08eb2565299400728 steps=['labels.encode', 'core.ensure_2d', 'core.to_numpy'] output_key=features.X seed=5 cache=True
2026-02-02 15:09:06,734 DEBUG modssc.preprocess.api api.py:498: Preprocess input shapes: train_X=(2708, 1433) train_y=(2708,) test_X=None test_y=None
2026-02-02 15:09:06,734 INFO modssc.preprocess.api api.py:505: Preprocess input size: train_data=15.0 MB test_data=n/a
2026-02-02 15:09:06,734 DEBUG modssc.preprocess.api api.py:521: Preprocess step start: id=labels.encode index=0 kind=transform params={}
2026-02-02 15:09:06,740 DEBUG modssc.preprocess.api api.py:605: Preprocess step train outputs: id=labels.encode keys=['labels.classes', 'labels.y'] duration_s=0.005
2026-02-02 15:09:06,740 INFO modssc.preprocess.api api.py:679: Preprocess step done: id=labels.encode index=0 duration_s=0.005 train_data=15.0 MB test_data=n/a
2026-02-02 15:09:06,740 DEBUG modssc.preprocess.api api.py:521: Preprocess step start: id=core.ensure_2d index=1 kind=transform params={}
2026-02-02 15:09:06,745 DEBUG modssc.preprocess.api api.py:605: Preprocess step train outputs: id=core.ensure_2d keys=['features.X'] duration_s=0.005
2026-02-02 15:09:06,745 INFO modssc.preprocess.api api.py:679: Preprocess step done: id=core.ensure_2d index=1 duration_s=0.006 train_data=15.0 MB test_data=n/a
2026-02-02 15:09:06,745 DEBUG modssc.preprocess.api api.py:521: Preprocess step start: id=core.to_numpy index=2 kind=transform params={}
2026-02-02 15:09:06,750 DEBUG modssc.preprocess.api api.py:605: Preprocess step train outputs: id=core.to_numpy keys=['features.X'] duration_s=0.004
2026-02-02 15:09:06,750 INFO modssc.preprocess.api api.py:679: Preprocess step done: id=core.to_numpy index=2 duration_s=0.004 train_data=15.0 MB test_data=n/a
2026-02-02 15:09:06,750 INFO modssc.preprocess.api api.py:730: Preprocess done: dataset_fp=2919521af8679a8c84658219f16403f74aa1bfc03b19b6a08eb2565299400728 duration_s=0.016 train_X=(2708, 1433) test_X=None
2026-02-02 15:09:06,750 INFO bench.orchestrators.preprocess preprocess.py:124: Preprocess result: fingerprint=preprocess:6eaf9a71c3db86ab24260f10118a587c53889f7dd5582a4e0ff2cdabcdf4774f plan_fingerprint=resolved_plan:8a5e3ebe41a4f364f53ac26a625ef44f5a721631be61f65e32b92a3759853b68 cache_dir=/nfs/home/mbarbaux/ModSSC/cache/preprocess/2919521af8679a8c84658219f16403f74aa1bfc03b19b6a08eb2565299400728 skipped=[]
2026-02-02 15:09:06,750 DEBUG bench.orchestrators.preprocess preprocess.py:131: Preprocess output shapes: train_X=(2708, 1433) test_X=None
2026-02-02 15:09:06,750 INFO bench.orchestrators.preprocess preprocess.py:136: Preprocess stage done: duration_s=0.016
2026-02-02 15:09:06,750 INFO bench.orchestrators.method_transductive method_transductive.py:139: Transductive method start: id=gcn seed=3274374610 device=auto resolved_device=cuda use_test=False
2026-02-02 15:09:06,750 DEBUG bench.orchestrators.method_transductive method_transductive.py:147: Transductive method params: {'hidden_dim': 16, 'dropout': 0.5, 'lr': 0.01, 'weight_decay': 0.0005, 'max_epochs': 200, 'patience': 50, 'add_self_loops': True}
2026-02-02 15:09:06,750 INFO bench.orchestrators.method_transductive method_transductive.py:158: Transductive data: n_nodes=2708 n_train=2708 n_test=0
2026-02-02 15:09:06,750 INFO bench.orchestrators.method_transductive method_transductive.py:177: Transductive masks: labeled_count=28 train_count=140
2026-02-02 15:09:06,750 INFO modssc.transductive.methods.gnn.gcn gcn.py:80: Starting gcn.fit
2026-02-02 15:09:06,750 DEBUG modssc.transductive.methods.gnn.gcn gcn.py:81: spec=GCNSpec(hidden_dim=16, dropout=0.5, lr=0.01, weight_decay=0.0005, max_epochs=200, patience=50, add_self_loops=True) device=cuda seed=3274374610
2026-02-02 15:09:06,925 INFO modssc.transductive.methods.gnn.gcn gcn.py:93: GCN sizes: n_nodes=2708 n_classes=7 train=28 val=500
2026-02-02 15:09:07,821 DEBUG modssc.transductive.methods.gnn.common common.py:373: train_fullbatch epoch=0 val_loss=1.9463 best updated
2026-02-02 15:09:07,823 DEBUG modssc.transductive.methods.gnn.common common.py:373: train_fullbatch epoch=1 val_loss=1.9286 best updated
2026-02-02 15:09:07,824 DEBUG modssc.transductive.methods.gnn.common common.py:373: train_fullbatch epoch=2 val_loss=1.9075 best updated
2026-02-02 15:09:07,826 DEBUG modssc.transductive.methods.gnn.common common.py:373: train_fullbatch epoch=3 val_loss=1.8852 best updated
2026-02-02 15:09:07,827 DEBUG modssc.transductive.methods.gnn.common common.py:373: train_fullbatch epoch=4 val_loss=1.8581 best updated
2026-02-02 15:09:07,829 DEBUG modssc.transductive.methods.gnn.common common.py:373: train_fullbatch epoch=5 val_loss=1.8276 best updated
2026-02-02 15:09:07,830 DEBUG modssc.transductive.methods.gnn.common common.py:373: train_fullbatch epoch=6 val_loss=1.7959 best updated
2026-02-02 15:09:07,832 DEBUG modssc.transductive.methods.gnn.common common.py:373: train_fullbatch epoch=7 val_loss=1.7609 best updated
2026-02-02 15:09:07,833 DEBUG modssc.transductive.methods.gnn.common common.py:373: train_fullbatch epoch=8 val_loss=1.7240 best updated
2026-02-02 15:09:07,835 DEBUG modssc.transductive.methods.gnn.common common.py:373: train_fullbatch epoch=9 val_loss=1.6858 best updated
2026-02-02 15:09:07,836 DEBUG modssc.transductive.methods.gnn.common common.py:373: train_fullbatch epoch=10 val_loss=1.6463 best updated
2026-02-02 15:09:07,838 DEBUG modssc.transductive.methods.gnn.common common.py:373: train_fullbatch epoch=11 val_loss=1.6074 best updated
2026-02-02 15:09:07,839 DEBUG modssc.transductive.methods.gnn.common common.py:373: train_fullbatch epoch=12 val_loss=1.5683 best updated
2026-02-02 15:09:07,840 DEBUG modssc.transductive.methods.gnn.common common.py:373: train_fullbatch epoch=13 val_loss=1.5302 best updated
2026-02-02 15:09:07,842 DEBUG modssc.transductive.methods.gnn.common common.py:373: train_fullbatch epoch=14 val_loss=1.4938 best updated
2026-02-02 15:09:07,843 DEBUG modssc.transductive.methods.gnn.common common.py:373: train_fullbatch epoch=15 val_loss=1.4578 best updated
2026-02-02 15:09:07,845 DEBUG modssc.transductive.methods.gnn.common common.py:373: train_fullbatch epoch=16 val_loss=1.4244 best updated
2026-02-02 15:09:07,846 DEBUG modssc.transductive.methods.gnn.common common.py:373: train_fullbatch epoch=17 val_loss=1.3929 best updated
2026-02-02 15:09:07,847 DEBUG modssc.transductive.methods.gnn.common common.py:373: train_fullbatch epoch=18 val_loss=1.3614 best updated
2026-02-02 15:09:07,849 DEBUG modssc.transductive.methods.gnn.common common.py:373: train_fullbatch epoch=19 val_loss=1.3332 best updated
2026-02-02 15:09:07,850 DEBUG modssc.transductive.methods.gnn.common common.py:373: train_fullbatch epoch=20 val_loss=1.3087 best updated
2026-02-02 15:09:07,852 DEBUG modssc.transductive.methods.gnn.common common.py:373: train_fullbatch epoch=21 val_loss=1.2847 best updated
2026-02-02 15:09:07,853 DEBUG modssc.transductive.methods.gnn.common common.py:373: train_fullbatch epoch=22 val_loss=1.2627 best updated
2026-02-02 15:09:07,854 DEBUG modssc.transductive.methods.gnn.common common.py:373: train_fullbatch epoch=23 val_loss=1.2387 best updated
2026-02-02 15:09:07,856 DEBUG modssc.transductive.methods.gnn.common common.py:373: train_fullbatch epoch=24 val_loss=1.2221 best updated
2026-02-02 15:09:07,857 DEBUG modssc.transductive.methods.gnn.common common.py:373: train_fullbatch epoch=25 val_loss=1.2137 best updated
2026-02-02 15:09:07,859 DEBUG modssc.transductive.methods.gnn.common common.py:373: train_fullbatch epoch=26 val_loss=1.2108 best updated
2026-02-02 15:09:07,860 DEBUG modssc.transductive.methods.gnn.common common.py:373: train_fullbatch epoch=27 val_loss=1.2088 best updated
2026-02-02 15:09:07,861 DEBUG modssc.transductive.methods.gnn.common common.py:373: train_fullbatch epoch=28 val_loss=1.2058 best updated
2026-02-02 15:09:07,863 DEBUG modssc.transductive.methods.gnn.common common.py:373: train_fullbatch epoch=29 val_loss=1.2052 best updated
2026-02-02 15:09:07,864 DEBUG modssc.transductive.methods.gnn.common common.py:380: train_fullbatch epoch=30 val_loss=1.2063 bad_epochs=1/50
2026-02-02 15:09:07,866 DEBUG modssc.transductive.methods.gnn.common common.py:373: train_fullbatch epoch=31 val_loss=1.2038 best updated
2026-02-02 15:09:07,867 DEBUG modssc.transductive.methods.gnn.common common.py:373: train_fullbatch epoch=32 val_loss=1.2016 best updated
2026-02-02 15:09:07,868 DEBUG modssc.transductive.methods.gnn.common common.py:373: train_fullbatch epoch=33 val_loss=1.1956 best updated
2026-02-02 15:09:07,870 DEBUG modssc.transductive.methods.gnn.common common.py:373: train_fullbatch epoch=34 val_loss=1.1925 best updated
2026-02-02 15:09:07,871 DEBUG modssc.transductive.methods.gnn.common common.py:380: train_fullbatch epoch=35 val_loss=1.1926 bad_epochs=1/50
2026-02-02 15:09:07,872 DEBUG modssc.transductive.methods.gnn.common common.py:380: train_fullbatch epoch=36 val_loss=1.1938 bad_epochs=2/50
2026-02-02 15:09:07,874 DEBUG modssc.transductive.methods.gnn.common common.py:380: train_fullbatch epoch=37 val_loss=1.1950 bad_epochs=3/50
2026-02-02 15:09:07,875 DEBUG modssc.transductive.methods.gnn.common common.py:380: train_fullbatch epoch=38 val_loss=1.1942 bad_epochs=4/50
2026-02-02 15:09:07,876 DEBUG modssc.transductive.methods.gnn.common common.py:380: train_fullbatch epoch=39 val_loss=1.1927 bad_epochs=5/50
2026-02-02 15:09:07,878 DEBUG modssc.transductive.methods.gnn.common common.py:373: train_fullbatch epoch=40 val_loss=1.1866 best updated
2026-02-02 15:09:07,879 DEBUG modssc.transductive.methods.gnn.common common.py:380: train_fullbatch epoch=41 val_loss=1.1896 bad_epochs=1/50
2026-02-02 15:09:07,880 DEBUG modssc.transductive.methods.gnn.common common.py:380: train_fullbatch epoch=42 val_loss=1.1908 bad_epochs=2/50
2026-02-02 15:09:07,882 DEBUG modssc.transductive.methods.gnn.common common.py:380: train_fullbatch epoch=43 val_loss=1.1924 bad_epochs=3/50
2026-02-02 15:09:07,883 DEBUG modssc.transductive.methods.gnn.common common.py:380: train_fullbatch epoch=44 val_loss=1.1946 bad_epochs=4/50
2026-02-02 15:09:07,884 DEBUG modssc.transductive.methods.gnn.common common.py:380: train_fullbatch epoch=45 val_loss=1.1936 bad_epochs=5/50
2026-02-02 15:09:07,886 DEBUG modssc.transductive.methods.gnn.common common.py:380: train_fullbatch epoch=46 val_loss=1.1926 bad_epochs=6/50
2026-02-02 15:09:07,887 DEBUG modssc.transductive.methods.gnn.common common.py:380: train_fullbatch epoch=47 val_loss=1.2038 bad_epochs=7/50
2026-02-02 15:09:07,888 DEBUG modssc.transductive.methods.gnn.common common.py:380: train_fullbatch epoch=48 val_loss=1.2110 bad_epochs=8/50
2026-02-02 15:09:07,890 DEBUG modssc.transductive.methods.gnn.common common.py:380: train_fullbatch epoch=49 val_loss=1.2174 bad_epochs=9/50
2026-02-02 15:09:07,891 DEBUG modssc.transductive.methods.gnn.common common.py:380: train_fullbatch epoch=50 val_loss=1.2226 bad_epochs=10/50
2026-02-02 15:09:07,892 DEBUG modssc.transductive.methods.gnn.common common.py:380: train_fullbatch epoch=51 val_loss=1.2250 bad_epochs=11/50
2026-02-02 15:09:07,894 DEBUG modssc.transductive.methods.gnn.common common.py:380: train_fullbatch epoch=52 val_loss=1.2271 bad_epochs=12/50
2026-02-02 15:09:07,895 DEBUG modssc.transductive.methods.gnn.common common.py:380: train_fullbatch epoch=53 val_loss=1.2262 bad_epochs=13/50
2026-02-02 15:09:07,896 DEBUG modssc.transductive.methods.gnn.common common.py:380: train_fullbatch epoch=54 val_loss=1.2267 bad_epochs=14/50
2026-02-02 15:09:07,898 DEBUG modssc.transductive.methods.gnn.common common.py:380: train_fullbatch epoch=55 val_loss=1.2245 bad_epochs=15/50
2026-02-02 15:09:07,899 DEBUG modssc.transductive.methods.gnn.common common.py:380: train_fullbatch epoch=56 val_loss=1.2236 bad_epochs=16/50
2026-02-02 15:09:07,900 DEBUG modssc.transductive.methods.gnn.common common.py:380: train_fullbatch epoch=57 val_loss=1.2193 bad_epochs=17/50
2026-02-02 15:09:07,902 DEBUG modssc.transductive.methods.gnn.common common.py:380: train_fullbatch epoch=58 val_loss=1.2176 bad_epochs=18/50
2026-02-02 15:09:07,903 DEBUG modssc.transductive.methods.gnn.common common.py:380: train_fullbatch epoch=59 val_loss=1.2166 bad_epochs=19/50
2026-02-02 15:09:07,904 DEBUG modssc.transductive.methods.gnn.common common.py:380: train_fullbatch epoch=60 val_loss=1.2121 bad_epochs=20/50
2026-02-02 15:09:07,906 DEBUG modssc.transductive.methods.gnn.common common.py:380: train_fullbatch epoch=61 val_loss=1.2078 bad_epochs=21/50
2026-02-02 15:09:07,907 DEBUG modssc.transductive.methods.gnn.common common.py:380: train_fullbatch epoch=62 val_loss=1.2042 bad_epochs=22/50
2026-02-02 15:09:07,908 DEBUG modssc.transductive.methods.gnn.common common.py:380: train_fullbatch epoch=63 val_loss=1.1998 bad_epochs=23/50
2026-02-02 15:09:07,910 DEBUG modssc.transductive.methods.gnn.common common.py:380: train_fullbatch epoch=64 val_loss=1.2014 bad_epochs=24/50
2026-02-02 15:09:07,911 DEBUG modssc.transductive.methods.gnn.common common.py:380: train_fullbatch epoch=65 val_loss=1.2003 bad_epochs=25/50
2026-02-02 15:09:07,912 DEBUG modssc.transductive.methods.gnn.common common.py:380: train_fullbatch epoch=66 val_loss=1.1984 bad_epochs=26/50
2026-02-02 15:09:07,914 DEBUG modssc.transductive.methods.gnn.common common.py:380: train_fullbatch epoch=67 val_loss=1.1978 bad_epochs=27/50
2026-02-02 15:09:07,915 DEBUG modssc.transductive.methods.gnn.common common.py:380: train_fullbatch epoch=68 val_loss=1.1979 bad_epochs=28/50
2026-02-02 15:09:07,916 DEBUG modssc.transductive.methods.gnn.common common.py:380: train_fullbatch epoch=69 val_loss=1.2010 bad_epochs=29/50
2026-02-02 15:09:07,918 DEBUG modssc.transductive.methods.gnn.common common.py:380: train_fullbatch epoch=70 val_loss=1.2043 bad_epochs=30/50
2026-02-02 15:09:07,919 DEBUG modssc.transductive.methods.gnn.common common.py:380: train_fullbatch epoch=71 val_loss=1.2086 bad_epochs=31/50
2026-02-02 15:09:07,920 DEBUG modssc.transductive.methods.gnn.common common.py:380: train_fullbatch epoch=72 val_loss=1.2132 bad_epochs=32/50
2026-02-02 15:09:07,922 DEBUG modssc.transductive.methods.gnn.common common.py:380: train_fullbatch epoch=73 val_loss=1.2140 bad_epochs=33/50
2026-02-02 15:09:07,923 DEBUG modssc.transductive.methods.gnn.common common.py:380: train_fullbatch epoch=74 val_loss=1.2116 bad_epochs=34/50
2026-02-02 15:09:07,924 DEBUG modssc.transductive.methods.gnn.common common.py:380: train_fullbatch epoch=75 val_loss=1.2109 bad_epochs=35/50
2026-02-02 15:09:07,926 DEBUG modssc.transductive.methods.gnn.common common.py:380: train_fullbatch epoch=76 val_loss=1.2106 bad_epochs=36/50
2026-02-02 15:09:07,927 DEBUG modssc.transductive.methods.gnn.common common.py:380: train_fullbatch epoch=77 val_loss=1.2041 bad_epochs=37/50
2026-02-02 15:09:07,928 DEBUG modssc.transductive.methods.gnn.common common.py:380: train_fullbatch epoch=78 val_loss=1.1993 bad_epochs=38/50
2026-02-02 15:09:07,930 DEBUG modssc.transductive.methods.gnn.common common.py:380: train_fullbatch epoch=79 val_loss=1.1946 bad_epochs=39/50
2026-02-02 15:09:07,931 DEBUG modssc.transductive.methods.gnn.common common.py:373: train_fullbatch epoch=80 val_loss=1.1856 best updated
2026-02-02 15:09:07,932 DEBUG modssc.transductive.methods.gnn.common common.py:373: train_fullbatch epoch=81 val_loss=1.1828 best updated
2026-02-02 15:09:07,934 DEBUG modssc.transductive.methods.gnn.common common.py:373: train_fullbatch epoch=82 val_loss=1.1814 best updated
2026-02-02 15:09:07,935 DEBUG modssc.transductive.methods.gnn.common common.py:380: train_fullbatch epoch=83 val_loss=1.1823 bad_epochs=1/50
2026-02-02 15:09:07,936 DEBUG modssc.transductive.methods.gnn.common common.py:380: train_fullbatch epoch=84 val_loss=1.1824 bad_epochs=2/50
2026-02-02 15:09:07,938 DEBUG modssc.transductive.methods.gnn.common common.py:373: train_fullbatch epoch=85 val_loss=1.1802 best updated
2026-02-02 15:09:07,939 DEBUG modssc.transductive.methods.gnn.common common.py:380: train_fullbatch epoch=86 val_loss=1.1827 bad_epochs=1/50
2026-02-02 15:09:07,940 DEBUG modssc.transductive.methods.gnn.common common.py:380: train_fullbatch epoch=87 val_loss=1.1897 bad_epochs=2/50
2026-02-02 15:09:07,942 DEBUG modssc.transductive.methods.gnn.common common.py:380: train_fullbatch epoch=88 val_loss=1.1938 bad_epochs=3/50
2026-02-02 15:09:07,943 DEBUG modssc.transductive.methods.gnn.common common.py:380: train_fullbatch epoch=89 val_loss=1.2058 bad_epochs=4/50
2026-02-02 15:09:07,944 DEBUG modssc.transductive.methods.gnn.common common.py:380: train_fullbatch epoch=90 val_loss=1.2175 bad_epochs=5/50
2026-02-02 15:09:07,946 DEBUG modssc.transductive.methods.gnn.common common.py:380: train_fullbatch epoch=91 val_loss=1.2231 bad_epochs=6/50
2026-02-02 15:09:07,947 DEBUG modssc.transductive.methods.gnn.common common.py:380: train_fullbatch epoch=92 val_loss=1.2308 bad_epochs=7/50
2026-02-02 15:09:07,948 DEBUG modssc.transductive.methods.gnn.common common.py:380: train_fullbatch epoch=93 val_loss=1.2352 bad_epochs=8/50
2026-02-02 15:09:07,950 DEBUG modssc.transductive.methods.gnn.common common.py:380: train_fullbatch epoch=94 val_loss=1.2388 bad_epochs=9/50
2026-02-02 15:09:07,951 DEBUG modssc.transductive.methods.gnn.common common.py:380: train_fullbatch epoch=95 val_loss=1.2336 bad_epochs=10/50
2026-02-02 15:09:07,952 DEBUG modssc.transductive.methods.gnn.common common.py:380: train_fullbatch epoch=96 val_loss=1.2306 bad_epochs=11/50
2026-02-02 15:09:07,954 DEBUG modssc.transductive.methods.gnn.common common.py:380: train_fullbatch epoch=97 val_loss=1.2136 bad_epochs=12/50
2026-02-02 15:09:07,955 DEBUG modssc.transductive.methods.gnn.common common.py:380: train_fullbatch epoch=98 val_loss=1.1971 bad_epochs=13/50
2026-02-02 15:09:07,956 DEBUG modssc.transductive.methods.gnn.common common.py:380: train_fullbatch epoch=99 val_loss=1.1802 bad_epochs=14/50
2026-02-02 15:09:07,958 DEBUG modssc.transductive.methods.gnn.common common.py:373: train_fullbatch epoch=100 val_loss=1.1683 best updated
2026-02-02 15:09:07,959 DEBUG modssc.transductive.methods.gnn.common common.py:373: train_fullbatch epoch=101 val_loss=1.1522 best updated
2026-02-02 15:09:07,961 DEBUG modssc.transductive.methods.gnn.common common.py:373: train_fullbatch epoch=102 val_loss=1.1404 best updated
2026-02-02 15:09:07,962 DEBUG modssc.transductive.methods.gnn.common common.py:373: train_fullbatch epoch=103 val_loss=1.1311 best updated
2026-02-02 15:09:07,963 DEBUG modssc.transductive.methods.gnn.common common.py:373: train_fullbatch epoch=104 val_loss=1.1268 best updated
2026-02-02 15:09:07,965 DEBUG modssc.transductive.methods.gnn.common common.py:373: train_fullbatch epoch=105 val_loss=1.1232 best updated
2026-02-02 15:09:07,966 DEBUG modssc.transductive.methods.gnn.common common.py:373: train_fullbatch epoch=106 val_loss=1.1185 best updated
2026-02-02 15:09:07,968 DEBUG modssc.transductive.methods.gnn.common common.py:373: train_fullbatch epoch=107 val_loss=1.1141 best updated
2026-02-02 15:09:07,969 DEBUG modssc.transductive.methods.gnn.common common.py:373: train_fullbatch epoch=108 val_loss=1.1116 best updated
2026-02-02 15:09:07,970 DEBUG modssc.transductive.methods.gnn.common common.py:380: train_fullbatch epoch=109 val_loss=1.1119 bad_epochs=1/50
2026-02-02 15:09:07,972 DEBUG modssc.transductive.methods.gnn.common common.py:373: train_fullbatch epoch=110 val_loss=1.1097 best updated
2026-02-02 15:09:07,973 DEBUG modssc.transductive.methods.gnn.common common.py:380: train_fullbatch epoch=111 val_loss=1.1107 bad_epochs=1/50
2026-02-02 15:09:07,974 DEBUG modssc.transductive.methods.gnn.common common.py:380: train_fullbatch epoch=112 val_loss=1.1112 bad_epochs=2/50
2026-02-02 15:09:07,976 DEBUG modssc.transductive.methods.gnn.common common.py:373: train_fullbatch epoch=113 val_loss=1.1081 best updated
2026-02-02 15:09:07,977 DEBUG modssc.transductive.methods.gnn.common common.py:373: train_fullbatch epoch=114 val_loss=1.1056 best updated
2026-02-02 15:09:07,979 DEBUG modssc.transductive.methods.gnn.common common.py:373: train_fullbatch epoch=115 val_loss=1.1053 best updated
2026-02-02 15:09:07,980 DEBUG modssc.transductive.methods.gnn.common common.py:380: train_fullbatch epoch=116 val_loss=1.1095 bad_epochs=1/50
2026-02-02 15:09:07,981 DEBUG modssc.transductive.methods.gnn.common common.py:380: train_fullbatch epoch=117 val_loss=1.1154 bad_epochs=2/50
2026-02-02 15:09:07,983 DEBUG modssc.transductive.methods.gnn.common common.py:380: train_fullbatch epoch=118 val_loss=1.1235 bad_epochs=3/50
2026-02-02 15:09:07,984 DEBUG modssc.transductive.methods.gnn.common common.py:380: train_fullbatch epoch=119 val_loss=1.1318 bad_epochs=4/50
2026-02-02 15:09:07,985 DEBUG modssc.transductive.methods.gnn.common common.py:380: train_fullbatch epoch=120 val_loss=1.1479 bad_epochs=5/50
2026-02-02 15:09:07,987 DEBUG modssc.transductive.methods.gnn.common common.py:380: train_fullbatch epoch=121 val_loss=1.1688 bad_epochs=6/50
2026-02-02 15:09:07,988 DEBUG modssc.transductive.methods.gnn.common common.py:380: train_fullbatch epoch=122 val_loss=1.1885 bad_epochs=7/50
2026-02-02 15:09:07,989 DEBUG modssc.transductive.methods.gnn.common common.py:380: train_fullbatch epoch=123 val_loss=1.2059 bad_epochs=8/50
2026-02-02 15:09:07,991 DEBUG modssc.transductive.methods.gnn.common common.py:380: train_fullbatch epoch=124 val_loss=1.2221 bad_epochs=9/50
2026-02-02 15:09:07,992 DEBUG modssc.transductive.methods.gnn.common common.py:380: train_fullbatch epoch=125 val_loss=1.2281 bad_epochs=10/50
2026-02-02 15:09:07,993 DEBUG modssc.transductive.methods.gnn.common common.py:380: train_fullbatch epoch=126 val_loss=1.2349 bad_epochs=11/50
2026-02-02 15:09:07,995 DEBUG modssc.transductive.methods.gnn.common common.py:380: train_fullbatch epoch=127 val_loss=1.2351 bad_epochs=12/50
2026-02-02 15:09:07,996 DEBUG modssc.transductive.methods.gnn.common common.py:380: train_fullbatch epoch=128 val_loss=1.2344 bad_epochs=13/50
2026-02-02 15:09:07,997 DEBUG modssc.transductive.methods.gnn.common common.py:380: train_fullbatch epoch=129 val_loss=1.2335 bad_epochs=14/50
2026-02-02 15:09:07,999 DEBUG modssc.transductive.methods.gnn.common common.py:380: train_fullbatch epoch=130 val_loss=1.2357 bad_epochs=15/50
2026-02-02 15:09:08,000 DEBUG modssc.transductive.methods.gnn.common common.py:380: train_fullbatch epoch=131 val_loss=1.2346 bad_epochs=16/50
2026-02-02 15:09:08,001 DEBUG modssc.transductive.methods.gnn.common common.py:380: train_fullbatch epoch=132 val_loss=1.2291 bad_epochs=17/50
2026-02-02 15:09:08,003 DEBUG modssc.transductive.methods.gnn.common common.py:380: train_fullbatch epoch=133 val_loss=1.2213 bad_epochs=18/50
2026-02-02 15:09:08,004 DEBUG modssc.transductive.methods.gnn.common common.py:380: train_fullbatch epoch=134 val_loss=1.2157 bad_epochs=19/50
2026-02-02 15:09:08,005 DEBUG modssc.transductive.methods.gnn.common common.py:380: train_fullbatch epoch=135 val_loss=1.2024 bad_epochs=20/50
2026-02-02 15:09:08,006 DEBUG modssc.transductive.methods.gnn.common common.py:380: train_fullbatch epoch=136 val_loss=1.1914 bad_epochs=21/50
2026-02-02 15:09:08,008 DEBUG modssc.transductive.methods.gnn.common common.py:380: train_fullbatch epoch=137 val_loss=1.1815 bad_epochs=22/50
2026-02-02 15:09:08,009 DEBUG modssc.transductive.methods.gnn.common common.py:380: train_fullbatch epoch=138 val_loss=1.1709 bad_epochs=23/50
2026-02-02 15:09:08,010 DEBUG modssc.transductive.methods.gnn.common common.py:380: train_fullbatch epoch=139 val_loss=1.1617 bad_epochs=24/50
2026-02-02 15:09:08,012 DEBUG modssc.transductive.methods.gnn.common common.py:380: train_fullbatch epoch=140 val_loss=1.1590 bad_epochs=25/50
2026-02-02 15:09:08,013 DEBUG modssc.transductive.methods.gnn.common common.py:380: train_fullbatch epoch=141 val_loss=1.1499 bad_epochs=26/50
2026-02-02 15:09:08,014 DEBUG modssc.transductive.methods.gnn.common common.py:380: train_fullbatch epoch=142 val_loss=1.1497 bad_epochs=27/50
2026-02-02 15:09:08,016 DEBUG modssc.transductive.methods.gnn.common common.py:380: train_fullbatch epoch=143 val_loss=1.1606 bad_epochs=28/50
2026-02-02 15:09:08,017 DEBUG modssc.transductive.methods.gnn.common common.py:380: train_fullbatch epoch=144 val_loss=1.1705 bad_epochs=29/50
2026-02-02 15:09:08,018 DEBUG modssc.transductive.methods.gnn.common common.py:380: train_fullbatch epoch=145 val_loss=1.1829 bad_epochs=30/50
2026-02-02 15:09:08,020 DEBUG modssc.transductive.methods.gnn.common common.py:380: train_fullbatch epoch=146 val_loss=1.1948 bad_epochs=31/50
2026-02-02 15:09:08,021 DEBUG modssc.transductive.methods.gnn.common common.py:380: train_fullbatch epoch=147 val_loss=1.2056 bad_epochs=32/50
2026-02-02 15:09:08,022 DEBUG modssc.transductive.methods.gnn.common common.py:380: train_fullbatch epoch=148 val_loss=1.2123 bad_epochs=33/50
2026-02-02 15:09:08,024 DEBUG modssc.transductive.methods.gnn.common common.py:380: train_fullbatch epoch=149 val_loss=1.2289 bad_epochs=34/50
2026-02-02 15:09:08,025 DEBUG modssc.transductive.methods.gnn.common common.py:380: train_fullbatch epoch=150 val_loss=1.2450 bad_epochs=35/50
2026-02-02 15:09:08,026 DEBUG modssc.transductive.methods.gnn.common common.py:380: train_fullbatch epoch=151 val_loss=1.2604 bad_epochs=36/50
2026-02-02 15:09:08,028 DEBUG modssc.transductive.methods.gnn.common common.py:380: train_fullbatch epoch=152 val_loss=1.2715 bad_epochs=37/50
2026-02-02 15:09:08,029 DEBUG modssc.transductive.methods.gnn.common common.py:380: train_fullbatch epoch=153 val_loss=1.2863 bad_epochs=38/50
2026-02-02 15:09:08,031 DEBUG modssc.transductive.methods.gnn.common common.py:380: train_fullbatch epoch=154 val_loss=1.2906 bad_epochs=39/50
2026-02-02 15:09:08,032 DEBUG modssc.transductive.methods.gnn.common common.py:380: train_fullbatch epoch=155 val_loss=1.2953 bad_epochs=40/50
2026-02-02 15:09:08,033 DEBUG modssc.transductive.methods.gnn.common common.py:380: train_fullbatch epoch=156 val_loss=1.2982 bad_epochs=41/50
2026-02-02 15:09:08,034 DEBUG modssc.transductive.methods.gnn.common common.py:380: train_fullbatch epoch=157 val_loss=1.2982 bad_epochs=42/50
2026-02-02 15:09:08,036 DEBUG modssc.transductive.methods.gnn.common common.py:380: train_fullbatch epoch=158 val_loss=1.2802 bad_epochs=43/50
2026-02-02 15:09:08,037 DEBUG modssc.transductive.methods.gnn.common common.py:380: train_fullbatch epoch=159 val_loss=1.2571 bad_epochs=44/50
2026-02-02 15:09:08,038 DEBUG modssc.transductive.methods.gnn.common common.py:380: train_fullbatch epoch=160 val_loss=1.2365 bad_epochs=45/50
2026-02-02 15:09:08,040 DEBUG modssc.transductive.methods.gnn.common common.py:380: train_fullbatch epoch=161 val_loss=1.2182 bad_epochs=46/50
2026-02-02 15:09:08,041 DEBUG modssc.transductive.methods.gnn.common common.py:380: train_fullbatch epoch=162 val_loss=1.2013 bad_epochs=47/50
2026-02-02 15:09:08,042 DEBUG modssc.transductive.methods.gnn.common common.py:380: train_fullbatch epoch=163 val_loss=1.1869 bad_epochs=48/50
2026-02-02 15:09:08,044 DEBUG modssc.transductive.methods.gnn.common common.py:380: train_fullbatch epoch=164 val_loss=1.1755 bad_epochs=49/50
2026-02-02 15:09:08,045 DEBUG modssc.transductive.methods.gnn.common common.py:380: train_fullbatch epoch=165 val_loss=1.1649 bad_epochs=50/50
2026-02-02 15:09:08,045 DEBUG modssc.transductive.methods.gnn.common common.py:388: train_fullbatch early_stop epoch=165 best_epoch=115 best_val_loss=1.1053
2026-02-02 15:09:08,045 DEBUG modssc.transductive.methods.gnn.common common.py:399: train_fullbatch done n_epochs=166 best_epoch=115 best_val_loss=1.105337381362915
2026-02-02 15:09:08,045 INFO modssc.transductive.methods.gnn.gcn gcn.py:123: Finished gcn.fit in 1.295s
2026-02-02 15:09:08,045 INFO bench.orchestrators.method_transductive method_transductive.py:218: Transductive method done: id=gcn duration_s=1.295
2026-02-02 15:09:08,045 INFO bench.orchestrators.evaluation evaluation.py:244: Evaluation (transductive): splits=['val', 'test'] metrics=['accuracy', 'macro_f1']
2026-02-02 15:09:08,046 INFO bench.orchestrators.evaluation evaluation.py:263: Evaluation (transductive) done: duration_s=0.001
2026-02-02 15:09:08,048 INFO bench.orchestrators.reporting reporting.py:54: Run summary written: /nfs/home/mbarbaux/ModSSC/runs/transductive/gcn/graph/cora/best_graph_transductive_gcn_cora-20260202T140906Z/run.json status=success duration_s=0.001
