2026-02-02 15:21:57,260 INFO bench.orchestrators.dataset dataset.py:36: Dataset start: id=pubmed download=True cache_dir=None
2026-02-02 15:21:57,260 DEBUG bench.orchestrators.dataset dataset.py:42: Dataset options: []
2026-02-02 15:21:57,263 DEBUG modssc.data_loader.providers __init__.py:38: Creating provider: pyg
2026-02-02 15:21:57,263 DEBUG modssc.data_loader.api api.py:316: Resolved dataset id=pubmed provider=pyg canonical_uri=pyg:Planetoid/PubMed
2026-02-02 15:21:57,263 INFO modssc.data_loader.api api.py:117: Dataset load: id=pubmed provider=pyg version=None fingerprint=33662ee2dd9f5386a1eb7438c7e711640858805e93f8cee2bfe9beda2eb3499a download=True force=False cache_dir=/nfs/home/mbarbaux/ModSSC/cache/datasets
2026-02-02 15:21:57,263 DEBUG modssc.data_loader.api api.py:127: Dataset resolved_kwargs: {'dataset_class': 'Planetoid', 'dataset_kwargs': {'name': 'PubMed'}}
2026-02-02 15:21:57,274 DEBUG modssc.data_loader.api api.py:403: Loaded cached dataset: fingerprint=33662ee2dd9f5386a1eb7438c7e711640858805e93f8cee2bfe9beda2eb3499a
2026-02-02 15:21:57,274 INFO modssc.data_loader.api api.py:133: Dataset cached: id=pubmed train=19717 test=None n_classes=3 duration_s=0.014
2026-02-02 15:21:57,274 INFO bench.orchestrators.dataset dataset.py:54: Dataset loaded: train=19717 test=None graph=True fingerprint=33662ee2dd9f5386a1eb7438c7e711640858805e93f8cee2bfe9beda2eb3499a provider=pyg
2026-02-02 15:21:57,274 INFO bench.orchestrators.dataset dataset.py:62: Dataset stage done: duration_s=0.015
2026-02-02 15:21:57,296 INFO bench.orchestrators.sampling sampling.py:86: Sampling start: seed=5 dataset_id=pubmed
2026-02-02 15:21:57,296 DEBUG bench.orchestrators.sampling sampling.py:87: Sampling plan: split={'kind': 'holdout', 'test_fraction': 0.2, 'val_fraction': 0.1, 'stratify': True, 'shuffle': True} labeling={'mode': 'fraction', 'value': 0.2, 'per_class': False, 'min_per_class': 1, 'strategy': 'balanced', 'fixed_indices': None} imbalance={'kind': 'none', 'apply_to': 'train', 'max_per_class': None, 'alpha': None, 'min_per_class': 1} policy={'respect_official_test': True, 'use_official_graph_masks': True, 'allow_override_official': False}
2026-02-02 15:21:57,296 DEBUG bench.orchestrators.sampling sampling.py:98: Sampling dataset_fingerprint=33662ee2dd9f5386a1eb7438c7e711640858805e93f8cee2bfe9beda2eb3499a
2026-02-02 15:21:57,296 INFO modssc.sampling.api api.py:99: Sampling start: dataset_id=pubmed dataset_fingerprint=33662ee2dd9f5386a1eb7438c7e711640858805e93f8cee2bfe9beda2eb3499a seed=5 graph=True split=holdout
2026-02-02 15:21:57,296 DEBUG modssc.sampling.api api.py:107: Sampling plan: {'split': {'kind': 'holdout', 'test_fraction': 0.2, 'val_fraction': 0.1, 'stratify': True, 'shuffle': True}, 'labeling': {'mode': 'fraction', 'value': 0.2, 'per_class': False, 'min_per_class': 1, 'strategy': 'balanced', 'fixed_indices': None}, 'imbalance': {'kind': 'none', 'apply_to': 'train', 'max_per_class': None, 'alpha': None, 'min_per_class': 1}, 'policy': {'respect_official_test': True, 'use_official_graph_masks': True, 'allow_override_official': False}}
2026-02-02 15:21:57,307 INFO modssc.sampling.api api.py:141: Sampling done: train=60 val=500 test=1000 labeled=12 unlabeled=48 duration_s=0.011
2026-02-02 15:21:57,307 DEBUG modssc.sampling.api api.py:150: Sampling stats: {'nodes': 19717, 'train': 60, 'val': 500, 'test': 1000, 'labeled': 12, 'unlabeled': 48, 'labeled_class_dist': {'n': 12, 'classes': {'0': 4, '1': 4, '2': 4}}}
2026-02-02 15:21:57,307 INFO bench.orchestrators.sampling sampling.py:123: Sampling result: train=60 val=500 test=1000 labeled=12 unlabeled=48 graph=True
2026-02-02 15:21:57,308 DEBUG bench.orchestrators.sampling sampling.py:132: Sampling stats: {'nodes': 19717, 'train': 60, 'val': 500, 'test': 1000, 'labeled': 12, 'unlabeled': 48, 'labeled_class_dist': {'n': 12, 'classes': {'0': 4, '1': 4, '2': 4}}}
2026-02-02 15:21:57,308 INFO bench.orchestrators.sampling sampling.py:133: Sampling stage done: duration_s=0.011
2026-02-02 15:21:57,308 INFO bench.orchestrators.preprocess preprocess.py:105: Preprocess start: seed=5 cache=True n_steps=3 fit_indices=12
2026-02-02 15:21:57,308 DEBUG bench.orchestrators.preprocess preprocess.py:112: Preprocess plan: output_key=features.X steps=['labels.encode', 'core.ensure_2d', 'core.to_numpy']
2026-02-02 15:21:57,308 INFO modssc.preprocess.api api.py:490: Preprocess start: dataset_fp=33662ee2dd9f5386a1eb7438c7e711640858805e93f8cee2bfe9beda2eb3499a steps=['labels.encode', 'core.ensure_2d', 'core.to_numpy'] output_key=features.X seed=5 cache=True
2026-02-02 15:21:57,308 DEBUG modssc.preprocess.api api.py:498: Preprocess input shapes: train_X=(19717, 500) train_y=(19717,) test_X=None test_y=None
2026-02-02 15:21:57,308 INFO modssc.preprocess.api api.py:505: Preprocess input size: train_data=39.2 MB test_data=n/a
2026-02-02 15:21:57,308 DEBUG modssc.preprocess.api api.py:521: Preprocess step start: id=labels.encode index=0 kind=transform params={}
2026-02-02 15:21:57,314 DEBUG modssc.preprocess.api api.py:605: Preprocess step train outputs: id=labels.encode keys=['labels.classes', 'labels.y'] duration_s=0.006
2026-02-02 15:21:57,314 INFO modssc.preprocess.api api.py:679: Preprocess step done: id=labels.encode index=0 duration_s=0.007 train_data=39.2 MB test_data=n/a
2026-02-02 15:21:57,315 DEBUG modssc.preprocess.api api.py:521: Preprocess step start: id=core.ensure_2d index=1 kind=transform params={}
2026-02-02 15:21:57,324 DEBUG modssc.preprocess.api api.py:605: Preprocess step train outputs: id=core.ensure_2d keys=['features.X'] duration_s=0.009
2026-02-02 15:21:57,324 INFO modssc.preprocess.api api.py:679: Preprocess step done: id=core.ensure_2d index=1 duration_s=0.009 train_data=39.2 MB test_data=n/a
2026-02-02 15:21:57,324 DEBUG modssc.preprocess.api api.py:521: Preprocess step start: id=core.to_numpy index=2 kind=transform params={}
2026-02-02 15:21:57,536 DEBUG modssc.preprocess.api api.py:605: Preprocess step train outputs: id=core.to_numpy keys=['features.X'] duration_s=0.212
2026-02-02 15:21:57,536 INFO modssc.preprocess.api api.py:679: Preprocess step done: id=core.to_numpy index=2 duration_s=0.212 train_data=39.2 MB test_data=n/a
2026-02-02 15:21:57,537 INFO modssc.preprocess.api api.py:730: Preprocess done: dataset_fp=33662ee2dd9f5386a1eb7438c7e711640858805e93f8cee2bfe9beda2eb3499a duration_s=0.229 train_X=(19717, 500) test_X=None
2026-02-02 15:21:57,537 INFO bench.orchestrators.preprocess preprocess.py:124: Preprocess result: fingerprint=preprocess:99e2d6e1d9f2a08d31c1fbb39ceec754bf3df24395d11ea5eb79d7325462efc1 plan_fingerprint=resolved_plan:8a5e3ebe41a4f364f53ac26a625ef44f5a721631be61f65e32b92a3759853b68 cache_dir=/nfs/home/mbarbaux/ModSSC/cache/preprocess/33662ee2dd9f5386a1eb7438c7e711640858805e93f8cee2bfe9beda2eb3499a skipped=[]
2026-02-02 15:21:57,537 DEBUG bench.orchestrators.preprocess preprocess.py:131: Preprocess output shapes: train_X=(19717, 500) test_X=None
2026-02-02 15:21:57,537 INFO bench.orchestrators.preprocess preprocess.py:136: Preprocess stage done: duration_s=0.229
2026-02-02 15:21:57,537 INFO bench.orchestrators.method_transductive method_transductive.py:139: Transductive method start: id=gcn seed=3274374610 device=auto resolved_device=cuda use_test=False
2026-02-02 15:21:57,537 DEBUG bench.orchestrators.method_transductive method_transductive.py:147: Transductive method params: {'hidden_dim': 16, 'dropout': 0.5, 'lr': 0.01, 'weight_decay': 0.0005, 'max_epochs': 200, 'patience': 50, 'add_self_loops': True}
2026-02-02 15:21:57,537 INFO bench.orchestrators.method_transductive method_transductive.py:158: Transductive data: n_nodes=19717 n_train=19717 n_test=0
2026-02-02 15:21:57,537 INFO bench.orchestrators.method_transductive method_transductive.py:177: Transductive masks: labeled_count=12 train_count=60
2026-02-02 15:21:57,537 INFO modssc.transductive.methods.gnn.gcn gcn.py:80: Starting gcn.fit
2026-02-02 15:21:57,537 DEBUG modssc.transductive.methods.gnn.gcn gcn.py:81: spec=GCNSpec(hidden_dim=16, dropout=0.5, lr=0.01, weight_decay=0.0005, max_epochs=200, patience=50, add_self_loops=True) device=cuda seed=3274374610
2026-02-02 15:21:57,717 INFO modssc.transductive.methods.gnn.gcn gcn.py:93: GCN sizes: n_nodes=19717 n_classes=3 train=12 val=500
2026-02-02 15:21:58,635 DEBUG modssc.transductive.methods.gnn.common common.py:373: train_fullbatch epoch=0 val_loss=1.1333 best updated
2026-02-02 15:21:58,637 DEBUG modssc.transductive.methods.gnn.common common.py:373: train_fullbatch epoch=1 val_loss=1.1265 best updated
2026-02-02 15:21:58,639 DEBUG modssc.transductive.methods.gnn.common common.py:373: train_fullbatch epoch=2 val_loss=1.1209 best updated
2026-02-02 15:21:58,641 DEBUG modssc.transductive.methods.gnn.common common.py:373: train_fullbatch epoch=3 val_loss=1.1154 best updated
2026-02-02 15:21:58,642 DEBUG modssc.transductive.methods.gnn.common common.py:373: train_fullbatch epoch=4 val_loss=1.1097 best updated
2026-02-02 15:21:58,644 DEBUG modssc.transductive.methods.gnn.common common.py:373: train_fullbatch epoch=5 val_loss=1.1035 best updated
2026-02-02 15:21:58,645 DEBUG modssc.transductive.methods.gnn.common common.py:373: train_fullbatch epoch=6 val_loss=1.0972 best updated
2026-02-02 15:21:58,647 DEBUG modssc.transductive.methods.gnn.common common.py:373: train_fullbatch epoch=7 val_loss=1.0908 best updated
2026-02-02 15:21:58,648 DEBUG modssc.transductive.methods.gnn.common common.py:373: train_fullbatch epoch=8 val_loss=1.0840 best updated
2026-02-02 15:21:58,650 DEBUG modssc.transductive.methods.gnn.common common.py:373: train_fullbatch epoch=9 val_loss=1.0773 best updated
2026-02-02 15:21:58,651 DEBUG modssc.transductive.methods.gnn.common common.py:373: train_fullbatch epoch=10 val_loss=1.0705 best updated
2026-02-02 15:21:58,652 DEBUG modssc.transductive.methods.gnn.common common.py:373: train_fullbatch epoch=11 val_loss=1.0639 best updated
2026-02-02 15:21:58,654 DEBUG modssc.transductive.methods.gnn.common common.py:373: train_fullbatch epoch=12 val_loss=1.0572 best updated
2026-02-02 15:21:58,655 DEBUG modssc.transductive.methods.gnn.common common.py:373: train_fullbatch epoch=13 val_loss=1.0507 best updated
2026-02-02 15:21:58,657 DEBUG modssc.transductive.methods.gnn.common common.py:373: train_fullbatch epoch=14 val_loss=1.0441 best updated
2026-02-02 15:21:58,658 DEBUG modssc.transductive.methods.gnn.common common.py:373: train_fullbatch epoch=15 val_loss=1.0374 best updated
2026-02-02 15:21:58,660 DEBUG modssc.transductive.methods.gnn.common common.py:373: train_fullbatch epoch=16 val_loss=1.0300 best updated
2026-02-02 15:21:58,661 DEBUG modssc.transductive.methods.gnn.common common.py:373: train_fullbatch epoch=17 val_loss=1.0220 best updated
2026-02-02 15:21:58,663 DEBUG modssc.transductive.methods.gnn.common common.py:373: train_fullbatch epoch=18 val_loss=1.0139 best updated
2026-02-02 15:21:58,664 DEBUG modssc.transductive.methods.gnn.common common.py:373: train_fullbatch epoch=19 val_loss=1.0056 best updated
2026-02-02 15:21:58,666 DEBUG modssc.transductive.methods.gnn.common common.py:373: train_fullbatch epoch=20 val_loss=0.9974 best updated
2026-02-02 15:21:58,667 DEBUG modssc.transductive.methods.gnn.common common.py:373: train_fullbatch epoch=21 val_loss=0.9894 best updated
2026-02-02 15:21:58,669 DEBUG modssc.transductive.methods.gnn.common common.py:373: train_fullbatch epoch=22 val_loss=0.9816 best updated
2026-02-02 15:21:58,670 DEBUG modssc.transductive.methods.gnn.common common.py:373: train_fullbatch epoch=23 val_loss=0.9741 best updated
2026-02-02 15:21:58,672 DEBUG modssc.transductive.methods.gnn.common common.py:373: train_fullbatch epoch=24 val_loss=0.9664 best updated
2026-02-02 15:21:58,673 DEBUG modssc.transductive.methods.gnn.common common.py:373: train_fullbatch epoch=25 val_loss=0.9588 best updated
2026-02-02 15:21:58,674 DEBUG modssc.transductive.methods.gnn.common common.py:373: train_fullbatch epoch=26 val_loss=0.9519 best updated
2026-02-02 15:21:58,676 DEBUG modssc.transductive.methods.gnn.common common.py:373: train_fullbatch epoch=27 val_loss=0.9454 best updated
2026-02-02 15:21:58,677 DEBUG modssc.transductive.methods.gnn.common common.py:373: train_fullbatch epoch=28 val_loss=0.9391 best updated
2026-02-02 15:21:58,679 DEBUG modssc.transductive.methods.gnn.common common.py:373: train_fullbatch epoch=29 val_loss=0.9328 best updated
2026-02-02 15:21:58,680 DEBUG modssc.transductive.methods.gnn.common common.py:373: train_fullbatch epoch=30 val_loss=0.9259 best updated
2026-02-02 15:21:58,682 DEBUG modssc.transductive.methods.gnn.common common.py:373: train_fullbatch epoch=31 val_loss=0.9195 best updated
2026-02-02 15:21:58,683 DEBUG modssc.transductive.methods.gnn.common common.py:373: train_fullbatch epoch=32 val_loss=0.9132 best updated
2026-02-02 15:21:58,685 DEBUG modssc.transductive.methods.gnn.common common.py:373: train_fullbatch epoch=33 val_loss=0.9067 best updated
2026-02-02 15:21:58,686 DEBUG modssc.transductive.methods.gnn.common common.py:373: train_fullbatch epoch=34 val_loss=0.8993 best updated
2026-02-02 15:21:58,688 DEBUG modssc.transductive.methods.gnn.common common.py:373: train_fullbatch epoch=35 val_loss=0.8914 best updated
2026-02-02 15:21:58,689 DEBUG modssc.transductive.methods.gnn.common common.py:373: train_fullbatch epoch=36 val_loss=0.8827 best updated
2026-02-02 15:21:58,691 DEBUG modssc.transductive.methods.gnn.common common.py:373: train_fullbatch epoch=37 val_loss=0.8739 best updated
2026-02-02 15:21:58,692 DEBUG modssc.transductive.methods.gnn.common common.py:373: train_fullbatch epoch=38 val_loss=0.8658 best updated
2026-02-02 15:21:58,693 DEBUG modssc.transductive.methods.gnn.common common.py:373: train_fullbatch epoch=39 val_loss=0.8580 best updated
2026-02-02 15:21:58,695 DEBUG modssc.transductive.methods.gnn.common common.py:373: train_fullbatch epoch=40 val_loss=0.8509 best updated
2026-02-02 15:21:58,696 DEBUG modssc.transductive.methods.gnn.common common.py:373: train_fullbatch epoch=41 val_loss=0.8447 best updated
2026-02-02 15:21:58,698 DEBUG modssc.transductive.methods.gnn.common common.py:373: train_fullbatch epoch=42 val_loss=0.8387 best updated
2026-02-02 15:21:58,699 DEBUG modssc.transductive.methods.gnn.common common.py:373: train_fullbatch epoch=43 val_loss=0.8341 best updated
2026-02-02 15:21:58,701 DEBUG modssc.transductive.methods.gnn.common common.py:373: train_fullbatch epoch=44 val_loss=0.8303 best updated
2026-02-02 15:21:58,702 DEBUG modssc.transductive.methods.gnn.common common.py:373: train_fullbatch epoch=45 val_loss=0.8271 best updated
2026-02-02 15:21:58,704 DEBUG modssc.transductive.methods.gnn.common common.py:373: train_fullbatch epoch=46 val_loss=0.8248 best updated
2026-02-02 15:21:58,705 DEBUG modssc.transductive.methods.gnn.common common.py:373: train_fullbatch epoch=47 val_loss=0.8225 best updated
2026-02-02 15:21:58,707 DEBUG modssc.transductive.methods.gnn.common common.py:373: train_fullbatch epoch=48 val_loss=0.8198 best updated
2026-02-02 15:21:58,708 DEBUG modssc.transductive.methods.gnn.common common.py:373: train_fullbatch epoch=49 val_loss=0.8176 best updated
2026-02-02 15:21:58,709 DEBUG modssc.transductive.methods.gnn.common common.py:373: train_fullbatch epoch=50 val_loss=0.8158 best updated
2026-02-02 15:21:58,711 DEBUG modssc.transductive.methods.gnn.common common.py:373: train_fullbatch epoch=51 val_loss=0.8140 best updated
2026-02-02 15:21:58,712 DEBUG modssc.transductive.methods.gnn.common common.py:373: train_fullbatch epoch=52 val_loss=0.8117 best updated
2026-02-02 15:21:58,714 DEBUG modssc.transductive.methods.gnn.common common.py:373: train_fullbatch epoch=53 val_loss=0.8070 best updated
2026-02-02 15:21:58,715 DEBUG modssc.transductive.methods.gnn.common common.py:373: train_fullbatch epoch=54 val_loss=0.8035 best updated
2026-02-02 15:21:58,717 DEBUG modssc.transductive.methods.gnn.common common.py:373: train_fullbatch epoch=55 val_loss=0.7995 best updated
2026-02-02 15:21:58,718 DEBUG modssc.transductive.methods.gnn.common common.py:373: train_fullbatch epoch=56 val_loss=0.7953 best updated
2026-02-02 15:21:58,720 DEBUG modssc.transductive.methods.gnn.common common.py:373: train_fullbatch epoch=57 val_loss=0.7923 best updated
2026-02-02 15:21:58,721 DEBUG modssc.transductive.methods.gnn.common common.py:373: train_fullbatch epoch=58 val_loss=0.7899 best updated
2026-02-02 15:21:58,723 DEBUG modssc.transductive.methods.gnn.common common.py:373: train_fullbatch epoch=59 val_loss=0.7880 best updated
2026-02-02 15:21:58,724 DEBUG modssc.transductive.methods.gnn.common common.py:373: train_fullbatch epoch=60 val_loss=0.7868 best updated
2026-02-02 15:21:58,726 DEBUG modssc.transductive.methods.gnn.common common.py:373: train_fullbatch epoch=61 val_loss=0.7854 best updated
2026-02-02 15:21:58,727 DEBUG modssc.transductive.methods.gnn.common common.py:373: train_fullbatch epoch=62 val_loss=0.7834 best updated
2026-02-02 15:21:58,728 DEBUG modssc.transductive.methods.gnn.common common.py:373: train_fullbatch epoch=63 val_loss=0.7826 best updated
2026-02-02 15:21:58,730 DEBUG modssc.transductive.methods.gnn.common common.py:373: train_fullbatch epoch=64 val_loss=0.7813 best updated
2026-02-02 15:21:58,731 DEBUG modssc.transductive.methods.gnn.common common.py:373: train_fullbatch epoch=65 val_loss=0.7808 best updated
2026-02-02 15:21:58,733 DEBUG modssc.transductive.methods.gnn.common common.py:373: train_fullbatch epoch=66 val_loss=0.7807 best updated
2026-02-02 15:21:58,734 DEBUG modssc.transductive.methods.gnn.common common.py:380: train_fullbatch epoch=67 val_loss=0.7812 bad_epochs=1/50
2026-02-02 15:21:58,736 DEBUG modssc.transductive.methods.gnn.common common.py:380: train_fullbatch epoch=68 val_loss=0.7808 bad_epochs=2/50
2026-02-02 15:21:58,737 DEBUG modssc.transductive.methods.gnn.common common.py:373: train_fullbatch epoch=69 val_loss=0.7796 best updated
2026-02-02 15:21:58,739 DEBUG modssc.transductive.methods.gnn.common common.py:373: train_fullbatch epoch=70 val_loss=0.7776 best updated
2026-02-02 15:21:58,740 DEBUG modssc.transductive.methods.gnn.common common.py:373: train_fullbatch epoch=71 val_loss=0.7752 best updated
2026-02-02 15:21:58,742 DEBUG modssc.transductive.methods.gnn.common common.py:373: train_fullbatch epoch=72 val_loss=0.7726 best updated
2026-02-02 15:21:58,743 DEBUG modssc.transductive.methods.gnn.common common.py:373: train_fullbatch epoch=73 val_loss=0.7703 best updated
2026-02-02 15:21:58,744 DEBUG modssc.transductive.methods.gnn.common common.py:373: train_fullbatch epoch=74 val_loss=0.7696 best updated
2026-02-02 15:21:58,746 DEBUG modssc.transductive.methods.gnn.common common.py:380: train_fullbatch epoch=75 val_loss=0.7714 bad_epochs=1/50
2026-02-02 15:21:58,747 DEBUG modssc.transductive.methods.gnn.common common.py:380: train_fullbatch epoch=76 val_loss=0.7733 bad_epochs=2/50
2026-02-02 15:21:58,749 DEBUG modssc.transductive.methods.gnn.common common.py:380: train_fullbatch epoch=77 val_loss=0.7762 bad_epochs=3/50
2026-02-02 15:21:58,750 DEBUG modssc.transductive.methods.gnn.common common.py:380: train_fullbatch epoch=78 val_loss=0.7771 bad_epochs=4/50
2026-02-02 15:21:58,752 DEBUG modssc.transductive.methods.gnn.common common.py:380: train_fullbatch epoch=79 val_loss=0.7768 bad_epochs=5/50
2026-02-02 15:21:58,753 DEBUG modssc.transductive.methods.gnn.common common.py:380: train_fullbatch epoch=80 val_loss=0.7764 bad_epochs=6/50
2026-02-02 15:21:58,754 DEBUG modssc.transductive.methods.gnn.common common.py:380: train_fullbatch epoch=81 val_loss=0.7780 bad_epochs=7/50
2026-02-02 15:21:58,756 DEBUG modssc.transductive.methods.gnn.common common.py:380: train_fullbatch epoch=82 val_loss=0.7797 bad_epochs=8/50
2026-02-02 15:21:58,757 DEBUG modssc.transductive.methods.gnn.common common.py:380: train_fullbatch epoch=83 val_loss=0.7818 bad_epochs=9/50
2026-02-02 15:21:58,759 DEBUG modssc.transductive.methods.gnn.common common.py:380: train_fullbatch epoch=84 val_loss=0.7835 bad_epochs=10/50
2026-02-02 15:21:58,760 DEBUG modssc.transductive.methods.gnn.common common.py:380: train_fullbatch epoch=85 val_loss=0.7848 bad_epochs=11/50
2026-02-02 15:21:58,761 DEBUG modssc.transductive.methods.gnn.common common.py:380: train_fullbatch epoch=86 val_loss=0.7863 bad_epochs=12/50
2026-02-02 15:21:58,763 DEBUG modssc.transductive.methods.gnn.common common.py:380: train_fullbatch epoch=87 val_loss=0.7856 bad_epochs=13/50
2026-02-02 15:21:58,764 DEBUG modssc.transductive.methods.gnn.common common.py:380: train_fullbatch epoch=88 val_loss=0.7846 bad_epochs=14/50
2026-02-02 15:21:58,766 DEBUG modssc.transductive.methods.gnn.common common.py:380: train_fullbatch epoch=89 val_loss=0.7859 bad_epochs=15/50
2026-02-02 15:21:58,767 DEBUG modssc.transductive.methods.gnn.common common.py:380: train_fullbatch epoch=90 val_loss=0.7878 bad_epochs=16/50
2026-02-02 15:21:58,768 DEBUG modssc.transductive.methods.gnn.common common.py:380: train_fullbatch epoch=91 val_loss=0.7861 bad_epochs=17/50
2026-02-02 15:21:58,770 DEBUG modssc.transductive.methods.gnn.common common.py:380: train_fullbatch epoch=92 val_loss=0.7851 bad_epochs=18/50
2026-02-02 15:21:58,771 DEBUG modssc.transductive.methods.gnn.common common.py:380: train_fullbatch epoch=93 val_loss=0.7846 bad_epochs=19/50
2026-02-02 15:21:58,773 DEBUG modssc.transductive.methods.gnn.common common.py:380: train_fullbatch epoch=94 val_loss=0.7825 bad_epochs=20/50
2026-02-02 15:21:58,774 DEBUG modssc.transductive.methods.gnn.common common.py:380: train_fullbatch epoch=95 val_loss=0.7788 bad_epochs=21/50
2026-02-02 15:21:58,775 DEBUG modssc.transductive.methods.gnn.common common.py:380: train_fullbatch epoch=96 val_loss=0.7769 bad_epochs=22/50
2026-02-02 15:21:58,777 DEBUG modssc.transductive.methods.gnn.common common.py:380: train_fullbatch epoch=97 val_loss=0.7721 bad_epochs=23/50
2026-02-02 15:21:58,778 DEBUG modssc.transductive.methods.gnn.common common.py:373: train_fullbatch epoch=98 val_loss=0.7675 best updated
2026-02-02 15:21:58,780 DEBUG modssc.transductive.methods.gnn.common common.py:373: train_fullbatch epoch=99 val_loss=0.7622 best updated
2026-02-02 15:21:58,781 DEBUG modssc.transductive.methods.gnn.common common.py:373: train_fullbatch epoch=100 val_loss=0.7569 best updated
2026-02-02 15:21:58,783 DEBUG modssc.transductive.methods.gnn.common common.py:373: train_fullbatch epoch=101 val_loss=0.7520 best updated
2026-02-02 15:21:58,784 DEBUG modssc.transductive.methods.gnn.common common.py:373: train_fullbatch epoch=102 val_loss=0.7486 best updated
2026-02-02 15:21:58,786 DEBUG modssc.transductive.methods.gnn.common common.py:373: train_fullbatch epoch=103 val_loss=0.7485 best updated
2026-02-02 15:21:58,787 DEBUG modssc.transductive.methods.gnn.common common.py:380: train_fullbatch epoch=104 val_loss=0.7512 bad_epochs=1/50
2026-02-02 15:21:58,788 DEBUG modssc.transductive.methods.gnn.common common.py:380: train_fullbatch epoch=105 val_loss=0.7539 bad_epochs=2/50
2026-02-02 15:21:58,790 DEBUG modssc.transductive.methods.gnn.common common.py:380: train_fullbatch epoch=106 val_loss=0.7588 bad_epochs=3/50
2026-02-02 15:21:58,791 DEBUG modssc.transductive.methods.gnn.common common.py:380: train_fullbatch epoch=107 val_loss=0.7664 bad_epochs=4/50
2026-02-02 15:21:58,793 DEBUG modssc.transductive.methods.gnn.common common.py:380: train_fullbatch epoch=108 val_loss=0.7767 bad_epochs=5/50
2026-02-02 15:21:58,794 DEBUG modssc.transductive.methods.gnn.common common.py:380: train_fullbatch epoch=109 val_loss=0.7877 bad_epochs=6/50
2026-02-02 15:21:58,795 DEBUG modssc.transductive.methods.gnn.common common.py:380: train_fullbatch epoch=110 val_loss=0.7994 bad_epochs=7/50
2026-02-02 15:21:58,797 DEBUG modssc.transductive.methods.gnn.common common.py:380: train_fullbatch epoch=111 val_loss=0.8119 bad_epochs=8/50
2026-02-02 15:21:58,798 DEBUG modssc.transductive.methods.gnn.common common.py:380: train_fullbatch epoch=112 val_loss=0.8236 bad_epochs=9/50
2026-02-02 15:21:58,800 DEBUG modssc.transductive.methods.gnn.common common.py:380: train_fullbatch epoch=113 val_loss=0.8326 bad_epochs=10/50
2026-02-02 15:21:58,801 DEBUG modssc.transductive.methods.gnn.common common.py:380: train_fullbatch epoch=114 val_loss=0.8354 bad_epochs=11/50
2026-02-02 15:21:58,802 DEBUG modssc.transductive.methods.gnn.common common.py:380: train_fullbatch epoch=115 val_loss=0.8359 bad_epochs=12/50
2026-02-02 15:21:58,804 DEBUG modssc.transductive.methods.gnn.common common.py:380: train_fullbatch epoch=116 val_loss=0.8309 bad_epochs=13/50
2026-02-02 15:21:58,805 DEBUG modssc.transductive.methods.gnn.common common.py:380: train_fullbatch epoch=117 val_loss=0.8247 bad_epochs=14/50
2026-02-02 15:21:58,807 DEBUG modssc.transductive.methods.gnn.common common.py:380: train_fullbatch epoch=118 val_loss=0.8203 bad_epochs=15/50
2026-02-02 15:21:58,808 DEBUG modssc.transductive.methods.gnn.common common.py:380: train_fullbatch epoch=119 val_loss=0.8144 bad_epochs=16/50
2026-02-02 15:21:58,809 DEBUG modssc.transductive.methods.gnn.common common.py:380: train_fullbatch epoch=120 val_loss=0.8056 bad_epochs=17/50
2026-02-02 15:21:58,811 DEBUG modssc.transductive.methods.gnn.common common.py:380: train_fullbatch epoch=121 val_loss=0.7990 bad_epochs=18/50
2026-02-02 15:21:58,812 DEBUG modssc.transductive.methods.gnn.common common.py:380: train_fullbatch epoch=122 val_loss=0.7946 bad_epochs=19/50
2026-02-02 15:21:58,814 DEBUG modssc.transductive.methods.gnn.common common.py:380: train_fullbatch epoch=123 val_loss=0.7906 bad_epochs=20/50
2026-02-02 15:21:58,815 DEBUG modssc.transductive.methods.gnn.common common.py:380: train_fullbatch epoch=124 val_loss=0.7862 bad_epochs=21/50
2026-02-02 15:21:58,816 DEBUG modssc.transductive.methods.gnn.common common.py:380: train_fullbatch epoch=125 val_loss=0.7821 bad_epochs=22/50
2026-02-02 15:21:58,818 DEBUG modssc.transductive.methods.gnn.common common.py:380: train_fullbatch epoch=126 val_loss=0.7776 bad_epochs=23/50
2026-02-02 15:21:58,819 DEBUG modssc.transductive.methods.gnn.common common.py:380: train_fullbatch epoch=127 val_loss=0.7740 bad_epochs=24/50
2026-02-02 15:21:58,821 DEBUG modssc.transductive.methods.gnn.common common.py:380: train_fullbatch epoch=128 val_loss=0.7711 bad_epochs=25/50
2026-02-02 15:21:58,822 DEBUG modssc.transductive.methods.gnn.common common.py:380: train_fullbatch epoch=129 val_loss=0.7692 bad_epochs=26/50
2026-02-02 15:21:58,823 DEBUG modssc.transductive.methods.gnn.common common.py:380: train_fullbatch epoch=130 val_loss=0.7680 bad_epochs=27/50
2026-02-02 15:21:58,825 DEBUG modssc.transductive.methods.gnn.common common.py:380: train_fullbatch epoch=131 val_loss=0.7680 bad_epochs=28/50
2026-02-02 15:21:58,826 DEBUG modssc.transductive.methods.gnn.common common.py:380: train_fullbatch epoch=132 val_loss=0.7700 bad_epochs=29/50
2026-02-02 15:21:58,828 DEBUG modssc.transductive.methods.gnn.common common.py:380: train_fullbatch epoch=133 val_loss=0.7727 bad_epochs=30/50
2026-02-02 15:21:58,829 DEBUG modssc.transductive.methods.gnn.common common.py:380: train_fullbatch epoch=134 val_loss=0.7749 bad_epochs=31/50
2026-02-02 15:21:58,830 DEBUG modssc.transductive.methods.gnn.common common.py:380: train_fullbatch epoch=135 val_loss=0.7761 bad_epochs=32/50
2026-02-02 15:21:58,832 DEBUG modssc.transductive.methods.gnn.common common.py:380: train_fullbatch epoch=136 val_loss=0.7755 bad_epochs=33/50
2026-02-02 15:21:58,833 DEBUG modssc.transductive.methods.gnn.common common.py:380: train_fullbatch epoch=137 val_loss=0.7758 bad_epochs=34/50
2026-02-02 15:21:58,835 DEBUG modssc.transductive.methods.gnn.common common.py:380: train_fullbatch epoch=138 val_loss=0.7736 bad_epochs=35/50
2026-02-02 15:21:58,836 DEBUG modssc.transductive.methods.gnn.common common.py:380: train_fullbatch epoch=139 val_loss=0.7713 bad_epochs=36/50
2026-02-02 15:21:58,837 DEBUG modssc.transductive.methods.gnn.common common.py:380: train_fullbatch epoch=140 val_loss=0.7692 bad_epochs=37/50
2026-02-02 15:21:58,839 DEBUG modssc.transductive.methods.gnn.common common.py:380: train_fullbatch epoch=141 val_loss=0.7668 bad_epochs=38/50
2026-02-02 15:21:58,840 DEBUG modssc.transductive.methods.gnn.common common.py:380: train_fullbatch epoch=142 val_loss=0.7642 bad_epochs=39/50
2026-02-02 15:21:58,842 DEBUG modssc.transductive.methods.gnn.common common.py:380: train_fullbatch epoch=143 val_loss=0.7628 bad_epochs=40/50
2026-02-02 15:21:58,843 DEBUG modssc.transductive.methods.gnn.common common.py:380: train_fullbatch epoch=144 val_loss=0.7636 bad_epochs=41/50
2026-02-02 15:21:58,844 DEBUG modssc.transductive.methods.gnn.common common.py:380: train_fullbatch epoch=145 val_loss=0.7656 bad_epochs=42/50
2026-02-02 15:21:58,846 DEBUG modssc.transductive.methods.gnn.common common.py:380: train_fullbatch epoch=146 val_loss=0.7670 bad_epochs=43/50
2026-02-02 15:21:58,847 DEBUG modssc.transductive.methods.gnn.common common.py:380: train_fullbatch epoch=147 val_loss=0.7679 bad_epochs=44/50
2026-02-02 15:21:58,849 DEBUG modssc.transductive.methods.gnn.common common.py:380: train_fullbatch epoch=148 val_loss=0.7709 bad_epochs=45/50
2026-02-02 15:21:58,850 DEBUG modssc.transductive.methods.gnn.common common.py:380: train_fullbatch epoch=149 val_loss=0.7740 bad_epochs=46/50
2026-02-02 15:21:58,851 DEBUG modssc.transductive.methods.gnn.common common.py:380: train_fullbatch epoch=150 val_loss=0.7744 bad_epochs=47/50
2026-02-02 15:21:58,853 DEBUG modssc.transductive.methods.gnn.common common.py:380: train_fullbatch epoch=151 val_loss=0.7768 bad_epochs=48/50
2026-02-02 15:21:58,854 DEBUG modssc.transductive.methods.gnn.common common.py:380: train_fullbatch epoch=152 val_loss=0.7802 bad_epochs=49/50
2026-02-02 15:21:58,856 DEBUG modssc.transductive.methods.gnn.common common.py:380: train_fullbatch epoch=153 val_loss=0.7815 bad_epochs=50/50
2026-02-02 15:21:58,856 DEBUG modssc.transductive.methods.gnn.common common.py:388: train_fullbatch early_stop epoch=153 best_epoch=103 best_val_loss=0.7485
2026-02-02 15:21:58,856 DEBUG modssc.transductive.methods.gnn.common common.py:399: train_fullbatch done n_epochs=154 best_epoch=103 best_val_loss=0.7485430836677551
2026-02-02 15:21:58,856 INFO modssc.transductive.methods.gnn.gcn gcn.py:123: Finished gcn.fit in 1.319s
2026-02-02 15:21:58,856 INFO bench.orchestrators.method_transductive method_transductive.py:218: Transductive method done: id=gcn duration_s=1.319
2026-02-02 15:21:58,856 INFO bench.orchestrators.evaluation evaluation.py:244: Evaluation (transductive): splits=['val', 'test'] metrics=['accuracy', 'macro_f1']
2026-02-02 15:21:58,857 INFO bench.orchestrators.evaluation evaluation.py:263: Evaluation (transductive) done: duration_s=0.001
2026-02-02 15:21:58,859 INFO bench.orchestrators.reporting reporting.py:54: Run summary written: /nfs/home/mbarbaux/ModSSC/runs/transductive/gcn/graph/pubmed/best_graph_transductive_gcn_pubmed-20260202T142157Z/run.json status=success duration_s=0.001
