2026-02-02 16:58:22,690 INFO bench.orchestrators.dataset dataset.py:36: Dataset start: id=breast_cancer download=True cache_dir=None
2026-02-02 16:58:22,690 DEBUG bench.orchestrators.dataset dataset.py:42: Dataset options: []
2026-02-02 16:58:22,693 DEBUG modssc.data_loader.providers __init__.py:38: Creating provider: openml
2026-02-02 16:58:22,693 DEBUG modssc.data_loader.api api.py:316: Resolved dataset id=breast_cancer provider=openml canonical_uri=openml:15
2026-02-02 16:58:22,693 INFO modssc.data_loader.api api.py:117: Dataset load: id=breast_cancer provider=openml version=None fingerprint=6dece738ab3dfc5f1500b389918a8723dfd218d54ba657c31846dda9cfbbc81f download=True force=False cache_dir=/nfs/home/mbarbaux/ModSSC/cache/datasets
2026-02-02 16:58:22,693 DEBUG modssc.data_loader.api api.py:127: Dataset resolved_kwargs: {'data_id': 15, 'name': None, 'version': None, 'as_frame': False, 'target_column': None, 'class_filter': None, 'max_samples': None, 'seed': None}
2026-02-02 16:58:22,695 DEBUG modssc.data_loader.api api.py:403: Loaded cached dataset: fingerprint=6dece738ab3dfc5f1500b389918a8723dfd218d54ba657c31846dda9cfbbc81f
2026-02-02 16:58:22,700 INFO modssc.data_loader.api api.py:133: Dataset cached: id=breast_cancer train=699 test=None n_classes=2 duration_s=0.010
2026-02-02 16:58:22,700 INFO bench.orchestrators.dataset dataset.py:54: Dataset loaded: train=699 test=None graph=False fingerprint=6dece738ab3dfc5f1500b389918a8723dfd218d54ba657c31846dda9cfbbc81f provider=openml
2026-02-02 16:58:22,700 INFO bench.orchestrators.dataset dataset.py:62: Dataset stage done: duration_s=0.010
2026-02-02 16:58:22,722 INFO bench.orchestrators.sampling sampling.py:86: Sampling start: seed=1 dataset_id=breast_cancer
2026-02-02 16:58:22,722 DEBUG bench.orchestrators.sampling sampling.py:87: Sampling plan: split={'kind': 'holdout', 'test_fraction': 0.2, 'val_fraction': 0.1, 'stratify': True, 'shuffle': True} labeling={'mode': 'fraction', 'value': 0.2, 'per_class': False, 'min_per_class': 1, 'strategy': 'balanced', 'fixed_indices': None} imbalance={'kind': 'none', 'apply_to': 'train', 'max_per_class': None, 'alpha': None, 'min_per_class': 1} policy={'respect_official_test': True, 'use_official_graph_masks': True, 'allow_override_official': False}
2026-02-02 16:58:22,722 DEBUG bench.orchestrators.sampling sampling.py:98: Sampling dataset_fingerprint=6dece738ab3dfc5f1500b389918a8723dfd218d54ba657c31846dda9cfbbc81f
2026-02-02 16:58:22,722 INFO modssc.sampling.api api.py:99: Sampling start: dataset_id=breast_cancer dataset_fingerprint=6dece738ab3dfc5f1500b389918a8723dfd218d54ba657c31846dda9cfbbc81f seed=1 graph=False split=holdout
2026-02-02 16:58:22,722 DEBUG modssc.sampling.api api.py:107: Sampling plan: {'split': {'kind': 'holdout', 'test_fraction': 0.2, 'val_fraction': 0.1, 'stratify': True, 'shuffle': True}, 'labeling': {'mode': 'fraction', 'value': 0.2, 'per_class': False, 'min_per_class': 1, 'strategy': 'balanced', 'fixed_indices': None}, 'imbalance': {'kind': 'none', 'apply_to': 'train', 'max_per_class': None, 'alpha': None, 'min_per_class': 1}, 'policy': {'respect_official_test': True, 'use_official_graph_masks': True, 'allow_override_official': False}}
2026-02-02 16:58:22,730 INFO modssc.sampling.api api.py:141: Sampling done: train=503 val=56 test=140 labeled=101 unlabeled=402 duration_s=0.008
2026-02-02 16:58:22,730 DEBUG modssc.sampling.api api.py:150: Sampling stats: {'policy': {'respect_official_test': True, 'has_official_test': False, 'test_ref': 'train'}, 'train': {'n': 503, 'classes': {'benign': 329, 'malignant': 174}}, 'val': {'n': 56, 'classes': {'benign': 37, 'malignant': 19}}, 'train_labeled': {'n': 101, 'classes': {'benign': 51, 'malignant': 50}}, 'train_unlabeled': {'n': 402}, 'test': {'n': 140, 'classes': {'benign': 92, 'malignant': 48}}}
2026-02-02 16:58:22,730 INFO bench.orchestrators.sampling sampling.py:123: Sampling result: train=503 val=56 test=140 labeled=101 unlabeled=402 graph=False
2026-02-02 16:58:22,730 DEBUG bench.orchestrators.sampling sampling.py:132: Sampling stats: {'policy': {'respect_official_test': True, 'has_official_test': False, 'test_ref': 'train'}, 'train': {'n': 503, 'classes': {'benign': 329, 'malignant': 174}}, 'val': {'n': 56, 'classes': {'benign': 37, 'malignant': 19}}, 'train_labeled': {'n': 101, 'classes': {'benign': 51, 'malignant': 50}}, 'train_unlabeled': {'n': 402}, 'test': {'n': 140, 'classes': {'benign': 92, 'malignant': 48}}}
2026-02-02 16:58:22,730 INFO bench.orchestrators.sampling sampling.py:133: Sampling stage done: duration_s=0.009
2026-02-02 16:58:22,730 INFO bench.orchestrators.preprocess preprocess.py:105: Preprocess start: seed=1 cache=True n_steps=4 fit_indices=101
2026-02-02 16:58:22,730 DEBUG bench.orchestrators.preprocess preprocess.py:112: Preprocess plan: output_key=features.X steps=['labels.encode', 'core.ensure_2d', 'core.pca', 'core.to_numpy']
2026-02-02 16:58:22,731 INFO modssc.preprocess.api api.py:490: Preprocess start: dataset_fp=6dece738ab3dfc5f1500b389918a8723dfd218d54ba657c31846dda9cfbbc81f steps=['labels.encode', 'core.ensure_2d', 'core.pca', 'core.to_numpy'] output_key=features.X seed=1 cache=True
2026-02-02 16:58:22,731 DEBUG modssc.preprocess.api api.py:498: Preprocess input shapes: train_X=(699, 9) train_y=(699,) test_X=None test_y=None
2026-02-02 16:58:22,731 INFO modssc.preprocess.api api.py:505: Preprocess input size: train_data=54.6 KB test_data=n/a
2026-02-02 16:58:22,731 DEBUG modssc.preprocess.api api.py:521: Preprocess step start: id=labels.encode index=0 kind=transform params={}
2026-02-02 16:58:22,736 DEBUG modssc.preprocess.api api.py:605: Preprocess step train outputs: id=labels.encode keys=['labels.classes', 'labels.y'] duration_s=0.005
2026-02-02 16:58:22,736 INFO modssc.preprocess.api api.py:679: Preprocess step done: id=labels.encode index=0 duration_s=0.006 train_data=54.6 KB test_data=n/a
2026-02-02 16:58:22,736 DEBUG modssc.preprocess.api api.py:521: Preprocess step start: id=core.ensure_2d index=1 kind=transform params={}
2026-02-02 16:58:22,738 DEBUG modssc.preprocess.api api.py:605: Preprocess step train outputs: id=core.ensure_2d keys=['features.X'] duration_s=0.002
2026-02-02 16:58:22,738 INFO modssc.preprocess.api api.py:679: Preprocess step done: id=core.ensure_2d index=1 duration_s=0.002 train_data=54.6 KB test_data=n/a
2026-02-02 16:58:22,738 DEBUG modssc.preprocess.api api.py:521: Preprocess step start: id=core.pca index=2 kind=fittable params={'n_components': 30}
2026-02-02 16:58:22,740 DEBUG modssc.preprocess.api api.py:605: Preprocess step train outputs: id=core.pca keys=['features.X'] duration_s=0.002
2026-02-02 16:58:22,740 INFO modssc.preprocess.api api.py:679: Preprocess step done: id=core.pca index=2 duration_s=0.002 train_data=30.0 KB test_data=n/a
2026-02-02 16:58:22,740 DEBUG modssc.preprocess.api api.py:521: Preprocess step start: id=core.to_numpy index=3 kind=transform params={}
2026-02-02 16:58:22,741 DEBUG modssc.preprocess.api api.py:605: Preprocess step train outputs: id=core.to_numpy keys=['features.X'] duration_s=0.001
2026-02-02 16:58:22,741 INFO modssc.preprocess.api api.py:679: Preprocess step done: id=core.to_numpy index=3 duration_s=0.001 train_data=30.0 KB test_data=n/a
2026-02-02 16:58:22,741 INFO modssc.preprocess.api api.py:730: Preprocess done: dataset_fp=6dece738ab3dfc5f1500b389918a8723dfd218d54ba657c31846dda9cfbbc81f duration_s=0.011 train_X=(699, 9) test_X=None
2026-02-02 16:58:22,741 INFO bench.orchestrators.preprocess preprocess.py:124: Preprocess result: fingerprint=preprocess:ef881b7f44da6f0c9372f759ec8256cbf9b2f8ea77b4677dc811e99f90fde611 plan_fingerprint=resolved_plan:482a0984f51742ea5d9dbcc35f660359eaee028ed4420e88d582a288bf1fe3f8 cache_dir=/nfs/home/mbarbaux/ModSSC/cache/preprocess/6dece738ab3dfc5f1500b389918a8723dfd218d54ba657c31846dda9cfbbc81f skipped=[]
2026-02-02 16:58:22,741 DEBUG bench.orchestrators.preprocess preprocess.py:131: Preprocess output shapes: train_X=(699, 9) test_X=None
2026-02-02 16:58:22,741 INFO bench.orchestrators.preprocess preprocess.py:136: Preprocess stage done: duration_s=0.011
2026-02-02 16:58:22,741 INFO bench.orchestrators.graph graph.py:67: Graph start: include_test=False cache=True
2026-02-02 16:58:22,742 DEBUG bench.orchestrators.graph graph.py:72: Graph spec: scheme=knn metric=cosine k=15 radius=None backend=numpy feature_field=features.X seed=1
2026-02-02 16:58:22,742 DEBUG bench.orchestrators.graph graph.py:89: Graph features: shape=(699, 9)
2026-02-02 16:58:22,742 INFO modssc.graph.construction.api api.py:111: Graph cached: fingerprint=65024bb7060a6b3872999dd7c00f41425e8ecea3c93cf10d5f0ab2d4ee4d2787 n_nodes=699 n_edges=5983 duration_s=0.001
2026-02-02 16:58:22,742 INFO bench.orchestrators.graph graph.py:100: Graph built: fingerprint=65024bb7060a6b3872999dd7c00f41425e8ecea3c93cf10d5f0ab2d4ee4d2787 n_nodes=699 n_edges=5983 duration_s=0.001
2026-02-02 16:58:22,743 INFO bench.orchestrators.method_transductive method_transductive.py:139: Transductive method start: id=gat seed=398591604 device=auto resolved_device=cuda use_test=False
2026-02-02 16:58:22,743 DEBUG bench.orchestrators.method_transductive method_transductive.py:147: Transductive method params: {'head_dim': 8, 'heads': 8, 'dropout': 0.6, 'negative_slope': 0.2, 'lr': 0.005, 'weight_decay': 0.0005, 'max_epochs': 200, 'patience': 100, 'add_self_loops': True}
2026-02-02 16:58:22,743 INFO bench.orchestrators.method_transductive method_transductive.py:158: Transductive data: n_nodes=699 n_train=699 n_test=0
2026-02-02 16:58:22,743 INFO bench.orchestrators.method_transductive method_transductive.py:177: Transductive masks: labeled_count=101 train_count=503
2026-02-02 16:58:22,743 INFO modssc.transductive.methods.gnn.gat gat.py:202: Starting gat.fit
2026-02-02 16:58:22,743 DEBUG modssc.transductive.methods.gnn.gat gat.py:203: spec=GATSpec(head_dim=8, heads=8, dropout=0.6, negative_slope=0.2, lr=0.005, weight_decay=0.0005, max_epochs=200, patience=100, add_self_loops=True) device=cuda seed=398591604
2026-02-02 16:58:22,916 INFO modssc.transductive.methods.gnn.gat gat.py:216: GAT sizes: n_nodes=699 n_classes=2 train=101 val=56
2026-02-02 16:58:23,882 DEBUG modssc.transductive.methods.gnn.common common.py:373: train_fullbatch epoch=0 val_loss=0.2123 best updated
2026-02-02 16:58:23,886 DEBUG modssc.transductive.methods.gnn.common common.py:373: train_fullbatch epoch=1 val_loss=0.2089 best updated
2026-02-02 16:58:23,890 DEBUG modssc.transductive.methods.gnn.common common.py:373: train_fullbatch epoch=2 val_loss=0.2080 best updated
2026-02-02 16:58:23,893 DEBUG modssc.transductive.methods.gnn.common common.py:380: train_fullbatch epoch=3 val_loss=0.2105 bad_epochs=1/100
2026-02-02 16:58:23,896 DEBUG modssc.transductive.methods.gnn.common common.py:380: train_fullbatch epoch=4 val_loss=0.2128 bad_epochs=2/100
2026-02-02 16:58:23,900 DEBUG modssc.transductive.methods.gnn.common common.py:380: train_fullbatch epoch=5 val_loss=0.2148 bad_epochs=3/100
2026-02-02 16:58:23,903 DEBUG modssc.transductive.methods.gnn.common common.py:380: train_fullbatch epoch=6 val_loss=0.2170 bad_epochs=4/100
2026-02-02 16:58:23,906 DEBUG modssc.transductive.methods.gnn.common common.py:380: train_fullbatch epoch=7 val_loss=0.2170 bad_epochs=5/100
2026-02-02 16:58:23,910 DEBUG modssc.transductive.methods.gnn.common common.py:380: train_fullbatch epoch=8 val_loss=0.2163 bad_epochs=6/100
2026-02-02 16:58:23,913 DEBUG modssc.transductive.methods.gnn.common common.py:380: train_fullbatch epoch=9 val_loss=0.2155 bad_epochs=7/100
2026-02-02 16:58:23,916 DEBUG modssc.transductive.methods.gnn.common common.py:380: train_fullbatch epoch=10 val_loss=0.2153 bad_epochs=8/100
2026-02-02 16:58:23,920 DEBUG modssc.transductive.methods.gnn.common common.py:380: train_fullbatch epoch=11 val_loss=0.2157 bad_epochs=9/100
2026-02-02 16:58:23,923 DEBUG modssc.transductive.methods.gnn.common common.py:380: train_fullbatch epoch=12 val_loss=0.2164 bad_epochs=10/100
2026-02-02 16:58:23,926 DEBUG modssc.transductive.methods.gnn.common common.py:380: train_fullbatch epoch=13 val_loss=0.2165 bad_epochs=11/100
2026-02-02 16:58:23,929 DEBUG modssc.transductive.methods.gnn.common common.py:380: train_fullbatch epoch=14 val_loss=0.2170 bad_epochs=12/100
2026-02-02 16:58:23,933 DEBUG modssc.transductive.methods.gnn.common common.py:380: train_fullbatch epoch=15 val_loss=0.2174 bad_epochs=13/100
2026-02-02 16:58:23,936 DEBUG modssc.transductive.methods.gnn.common common.py:380: train_fullbatch epoch=16 val_loss=0.2181 bad_epochs=14/100
2026-02-02 16:58:23,939 DEBUG modssc.transductive.methods.gnn.common common.py:380: train_fullbatch epoch=17 val_loss=0.2193 bad_epochs=15/100
2026-02-02 16:58:23,943 DEBUG modssc.transductive.methods.gnn.common common.py:380: train_fullbatch epoch=18 val_loss=0.2210 bad_epochs=16/100
2026-02-02 16:58:23,946 DEBUG modssc.transductive.methods.gnn.common common.py:380: train_fullbatch epoch=19 val_loss=0.2208 bad_epochs=17/100
2026-02-02 16:58:23,949 DEBUG modssc.transductive.methods.gnn.common common.py:380: train_fullbatch epoch=20 val_loss=0.2203 bad_epochs=18/100
2026-02-02 16:58:23,952 DEBUG modssc.transductive.methods.gnn.common common.py:380: train_fullbatch epoch=21 val_loss=0.2185 bad_epochs=19/100
2026-02-02 16:58:23,956 DEBUG modssc.transductive.methods.gnn.common common.py:380: train_fullbatch epoch=22 val_loss=0.2163 bad_epochs=20/100
2026-02-02 16:58:23,959 DEBUG modssc.transductive.methods.gnn.common common.py:380: train_fullbatch epoch=23 val_loss=0.2138 bad_epochs=21/100
2026-02-02 16:58:23,962 DEBUG modssc.transductive.methods.gnn.common common.py:380: train_fullbatch epoch=24 val_loss=0.2112 bad_epochs=22/100
2026-02-02 16:58:23,966 DEBUG modssc.transductive.methods.gnn.common common.py:380: train_fullbatch epoch=25 val_loss=0.2084 bad_epochs=23/100
2026-02-02 16:58:23,969 DEBUG modssc.transductive.methods.gnn.common common.py:373: train_fullbatch epoch=26 val_loss=0.2053 best updated
2026-02-02 16:58:23,972 DEBUG modssc.transductive.methods.gnn.common common.py:373: train_fullbatch epoch=27 val_loss=0.2019 best updated
2026-02-02 16:58:23,976 DEBUG modssc.transductive.methods.gnn.common common.py:373: train_fullbatch epoch=28 val_loss=0.1988 best updated
2026-02-02 16:58:23,979 DEBUG modssc.transductive.methods.gnn.common common.py:373: train_fullbatch epoch=29 val_loss=0.1960 best updated
2026-02-02 16:58:23,982 DEBUG modssc.transductive.methods.gnn.common common.py:373: train_fullbatch epoch=30 val_loss=0.1940 best updated
2026-02-02 16:58:23,986 DEBUG modssc.transductive.methods.gnn.common common.py:373: train_fullbatch epoch=31 val_loss=0.1916 best updated
2026-02-02 16:58:23,989 DEBUG modssc.transductive.methods.gnn.common common.py:373: train_fullbatch epoch=32 val_loss=0.1898 best updated
2026-02-02 16:58:23,993 DEBUG modssc.transductive.methods.gnn.common common.py:373: train_fullbatch epoch=33 val_loss=0.1884 best updated
2026-02-02 16:58:23,996 DEBUG modssc.transductive.methods.gnn.common common.py:373: train_fullbatch epoch=34 val_loss=0.1875 best updated
2026-02-02 16:58:23,999 DEBUG modssc.transductive.methods.gnn.common common.py:373: train_fullbatch epoch=35 val_loss=0.1861 best updated
2026-02-02 16:58:24,003 DEBUG modssc.transductive.methods.gnn.common common.py:373: train_fullbatch epoch=36 val_loss=0.1850 best updated
2026-02-02 16:58:24,006 DEBUG modssc.transductive.methods.gnn.common common.py:373: train_fullbatch epoch=37 val_loss=0.1841 best updated
2026-02-02 16:58:24,009 DEBUG modssc.transductive.methods.gnn.common common.py:373: train_fullbatch epoch=38 val_loss=0.1830 best updated
2026-02-02 16:58:24,013 DEBUG modssc.transductive.methods.gnn.common common.py:373: train_fullbatch epoch=39 val_loss=0.1822 best updated
2026-02-02 16:58:24,016 DEBUG modssc.transductive.methods.gnn.common common.py:373: train_fullbatch epoch=40 val_loss=0.1817 best updated
2026-02-02 16:58:24,019 DEBUG modssc.transductive.methods.gnn.common common.py:373: train_fullbatch epoch=41 val_loss=0.1811 best updated
2026-02-02 16:58:24,023 DEBUG modssc.transductive.methods.gnn.common common.py:373: train_fullbatch epoch=42 val_loss=0.1801 best updated
2026-02-02 16:58:24,026 DEBUG modssc.transductive.methods.gnn.common common.py:373: train_fullbatch epoch=43 val_loss=0.1789 best updated
2026-02-02 16:58:24,030 DEBUG modssc.transductive.methods.gnn.common common.py:373: train_fullbatch epoch=44 val_loss=0.1775 best updated
2026-02-02 16:58:24,033 DEBUG modssc.transductive.methods.gnn.common common.py:373: train_fullbatch epoch=45 val_loss=0.1760 best updated
2026-02-02 16:58:24,036 DEBUG modssc.transductive.methods.gnn.common common.py:373: train_fullbatch epoch=46 val_loss=0.1750 best updated
2026-02-02 16:58:24,040 DEBUG modssc.transductive.methods.gnn.common common.py:373: train_fullbatch epoch=47 val_loss=0.1742 best updated
2026-02-02 16:58:24,043 DEBUG modssc.transductive.methods.gnn.common common.py:380: train_fullbatch epoch=48 val_loss=0.1743 bad_epochs=1/100
2026-02-02 16:58:24,046 DEBUG modssc.transductive.methods.gnn.common common.py:380: train_fullbatch epoch=49 val_loss=0.1744 bad_epochs=2/100
2026-02-02 16:58:24,050 DEBUG modssc.transductive.methods.gnn.common common.py:380: train_fullbatch epoch=50 val_loss=0.1742 bad_epochs=3/100
2026-02-02 16:58:24,053 DEBUG modssc.transductive.methods.gnn.common common.py:380: train_fullbatch epoch=51 val_loss=0.1751 bad_epochs=4/100
2026-02-02 16:58:24,056 DEBUG modssc.transductive.methods.gnn.common common.py:380: train_fullbatch epoch=52 val_loss=0.1757 bad_epochs=5/100
2026-02-02 16:58:24,059 DEBUG modssc.transductive.methods.gnn.common common.py:380: train_fullbatch epoch=53 val_loss=0.1761 bad_epochs=6/100
2026-02-02 16:58:24,063 DEBUG modssc.transductive.methods.gnn.common common.py:380: train_fullbatch epoch=54 val_loss=0.1756 bad_epochs=7/100
2026-02-02 16:58:24,066 DEBUG modssc.transductive.methods.gnn.common common.py:380: train_fullbatch epoch=55 val_loss=0.1753 bad_epochs=8/100
2026-02-02 16:58:24,069 DEBUG modssc.transductive.methods.gnn.common common.py:380: train_fullbatch epoch=56 val_loss=0.1746 bad_epochs=9/100
2026-02-02 16:58:24,073 DEBUG modssc.transductive.methods.gnn.common common.py:373: train_fullbatch epoch=57 val_loss=0.1737 best updated
2026-02-02 16:58:24,076 DEBUG modssc.transductive.methods.gnn.common common.py:373: train_fullbatch epoch=58 val_loss=0.1733 best updated
2026-02-02 16:58:24,079 DEBUG modssc.transductive.methods.gnn.common common.py:373: train_fullbatch epoch=59 val_loss=0.1729 best updated
2026-02-02 16:58:24,083 DEBUG modssc.transductive.methods.gnn.common common.py:373: train_fullbatch epoch=60 val_loss=0.1719 best updated
2026-02-02 16:58:24,086 DEBUG modssc.transductive.methods.gnn.common common.py:373: train_fullbatch epoch=61 val_loss=0.1713 best updated
2026-02-02 16:58:24,089 DEBUG modssc.transductive.methods.gnn.common common.py:373: train_fullbatch epoch=62 val_loss=0.1709 best updated
2026-02-02 16:58:24,093 DEBUG modssc.transductive.methods.gnn.common common.py:373: train_fullbatch epoch=63 val_loss=0.1704 best updated
2026-02-02 16:58:24,096 DEBUG modssc.transductive.methods.gnn.common common.py:373: train_fullbatch epoch=64 val_loss=0.1701 best updated
2026-02-02 16:58:24,099 DEBUG modssc.transductive.methods.gnn.common common.py:373: train_fullbatch epoch=65 val_loss=0.1696 best updated
2026-02-02 16:58:24,103 DEBUG modssc.transductive.methods.gnn.common common.py:380: train_fullbatch epoch=66 val_loss=0.1697 bad_epochs=1/100
2026-02-02 16:58:24,106 DEBUG modssc.transductive.methods.gnn.common common.py:380: train_fullbatch epoch=67 val_loss=0.1699 bad_epochs=2/100
2026-02-02 16:58:24,109 DEBUG modssc.transductive.methods.gnn.common common.py:380: train_fullbatch epoch=68 val_loss=0.1700 bad_epochs=3/100
2026-02-02 16:58:24,113 DEBUG modssc.transductive.methods.gnn.common common.py:380: train_fullbatch epoch=69 val_loss=0.1700 bad_epochs=4/100
2026-02-02 16:58:24,116 DEBUG modssc.transductive.methods.gnn.common common.py:373: train_fullbatch epoch=70 val_loss=0.1696 best updated
2026-02-02 16:58:24,119 DEBUG modssc.transductive.methods.gnn.common common.py:373: train_fullbatch epoch=71 val_loss=0.1694 best updated
2026-02-02 16:58:24,123 DEBUG modssc.transductive.methods.gnn.common common.py:380: train_fullbatch epoch=72 val_loss=0.1695 bad_epochs=1/100
2026-02-02 16:58:24,126 DEBUG modssc.transductive.methods.gnn.common common.py:380: train_fullbatch epoch=73 val_loss=0.1699 bad_epochs=2/100
2026-02-02 16:58:24,129 DEBUG modssc.transductive.methods.gnn.common common.py:380: train_fullbatch epoch=74 val_loss=0.1703 bad_epochs=3/100
2026-02-02 16:58:24,132 DEBUG modssc.transductive.methods.gnn.common common.py:380: train_fullbatch epoch=75 val_loss=0.1704 bad_epochs=4/100
2026-02-02 16:58:24,136 DEBUG modssc.transductive.methods.gnn.common common.py:380: train_fullbatch epoch=76 val_loss=0.1705 bad_epochs=5/100
2026-02-02 16:58:24,139 DEBUG modssc.transductive.methods.gnn.common common.py:380: train_fullbatch epoch=77 val_loss=0.1703 bad_epochs=6/100
2026-02-02 16:58:24,142 DEBUG modssc.transductive.methods.gnn.common common.py:380: train_fullbatch epoch=78 val_loss=0.1701 bad_epochs=7/100
2026-02-02 16:58:24,145 DEBUG modssc.transductive.methods.gnn.common common.py:380: train_fullbatch epoch=79 val_loss=0.1702 bad_epochs=8/100
2026-02-02 16:58:24,149 DEBUG modssc.transductive.methods.gnn.common common.py:380: train_fullbatch epoch=80 val_loss=0.1703 bad_epochs=9/100
2026-02-02 16:58:24,152 DEBUG modssc.transductive.methods.gnn.common common.py:380: train_fullbatch epoch=81 val_loss=0.1699 bad_epochs=10/100
2026-02-02 16:58:24,155 DEBUG modssc.transductive.methods.gnn.common common.py:373: train_fullbatch epoch=82 val_loss=0.1692 best updated
2026-02-02 16:58:24,159 DEBUG modssc.transductive.methods.gnn.common common.py:373: train_fullbatch epoch=83 val_loss=0.1682 best updated
2026-02-02 16:58:24,162 DEBUG modssc.transductive.methods.gnn.common common.py:373: train_fullbatch epoch=84 val_loss=0.1681 best updated
2026-02-02 16:58:24,165 DEBUG modssc.transductive.methods.gnn.common common.py:373: train_fullbatch epoch=85 val_loss=0.1679 best updated
2026-02-02 16:58:24,169 DEBUG modssc.transductive.methods.gnn.common common.py:373: train_fullbatch epoch=86 val_loss=0.1676 best updated
2026-02-02 16:58:24,172 DEBUG modssc.transductive.methods.gnn.common common.py:373: train_fullbatch epoch=87 val_loss=0.1669 best updated
2026-02-02 16:58:24,176 DEBUG modssc.transductive.methods.gnn.common common.py:373: train_fullbatch epoch=88 val_loss=0.1664 best updated
2026-02-02 16:58:24,179 DEBUG modssc.transductive.methods.gnn.common common.py:373: train_fullbatch epoch=89 val_loss=0.1658 best updated
2026-02-02 16:58:24,182 DEBUG modssc.transductive.methods.gnn.common common.py:373: train_fullbatch epoch=90 val_loss=0.1654 best updated
2026-02-02 16:58:24,186 DEBUG modssc.transductive.methods.gnn.common common.py:373: train_fullbatch epoch=91 val_loss=0.1651 best updated
2026-02-02 16:58:24,189 DEBUG modssc.transductive.methods.gnn.common common.py:380: train_fullbatch epoch=92 val_loss=0.1653 bad_epochs=1/100
2026-02-02 16:58:24,192 DEBUG modssc.transductive.methods.gnn.common common.py:380: train_fullbatch epoch=93 val_loss=0.1652 bad_epochs=2/100
2026-02-02 16:58:24,196 DEBUG modssc.transductive.methods.gnn.common common.py:380: train_fullbatch epoch=94 val_loss=0.1651 bad_epochs=3/100
2026-02-02 16:58:24,199 DEBUG modssc.transductive.methods.gnn.common common.py:380: train_fullbatch epoch=95 val_loss=0.1653 bad_epochs=4/100
2026-02-02 16:58:24,202 DEBUG modssc.transductive.methods.gnn.common common.py:380: train_fullbatch epoch=96 val_loss=0.1658 bad_epochs=5/100
2026-02-02 16:58:24,205 DEBUG modssc.transductive.methods.gnn.common common.py:380: train_fullbatch epoch=97 val_loss=0.1664 bad_epochs=6/100
2026-02-02 16:58:24,209 DEBUG modssc.transductive.methods.gnn.common common.py:380: train_fullbatch epoch=98 val_loss=0.1668 bad_epochs=7/100
2026-02-02 16:58:24,212 DEBUG modssc.transductive.methods.gnn.common common.py:380: train_fullbatch epoch=99 val_loss=0.1673 bad_epochs=8/100
2026-02-02 16:58:24,215 DEBUG modssc.transductive.methods.gnn.common common.py:380: train_fullbatch epoch=100 val_loss=0.1675 bad_epochs=9/100
2026-02-02 16:58:24,218 DEBUG modssc.transductive.methods.gnn.common common.py:380: train_fullbatch epoch=101 val_loss=0.1675 bad_epochs=10/100
2026-02-02 16:58:24,222 DEBUG modssc.transductive.methods.gnn.common common.py:380: train_fullbatch epoch=102 val_loss=0.1676 bad_epochs=11/100
2026-02-02 16:58:24,225 DEBUG modssc.transductive.methods.gnn.common common.py:380: train_fullbatch epoch=103 val_loss=0.1677 bad_epochs=12/100
2026-02-02 16:58:24,228 DEBUG modssc.transductive.methods.gnn.common common.py:380: train_fullbatch epoch=104 val_loss=0.1686 bad_epochs=13/100
2026-02-02 16:58:24,232 DEBUG modssc.transductive.methods.gnn.common common.py:380: train_fullbatch epoch=105 val_loss=0.1695 bad_epochs=14/100
2026-02-02 16:58:24,235 DEBUG modssc.transductive.methods.gnn.common common.py:380: train_fullbatch epoch=106 val_loss=0.1700 bad_epochs=15/100
2026-02-02 16:58:24,238 DEBUG modssc.transductive.methods.gnn.common common.py:380: train_fullbatch epoch=107 val_loss=0.1705 bad_epochs=16/100
2026-02-02 16:58:24,241 DEBUG modssc.transductive.methods.gnn.common common.py:380: train_fullbatch epoch=108 val_loss=0.1712 bad_epochs=17/100
2026-02-02 16:58:24,245 DEBUG modssc.transductive.methods.gnn.common common.py:380: train_fullbatch epoch=109 val_loss=0.1718 bad_epochs=18/100
2026-02-02 16:58:24,248 DEBUG modssc.transductive.methods.gnn.common common.py:380: train_fullbatch epoch=110 val_loss=0.1725 bad_epochs=19/100
2026-02-02 16:58:24,251 DEBUG modssc.transductive.methods.gnn.common common.py:380: train_fullbatch epoch=111 val_loss=0.1730 bad_epochs=20/100
2026-02-02 16:58:24,254 DEBUG modssc.transductive.methods.gnn.common common.py:380: train_fullbatch epoch=112 val_loss=0.1735 bad_epochs=21/100
2026-02-02 16:58:24,258 DEBUG modssc.transductive.methods.gnn.common common.py:380: train_fullbatch epoch=113 val_loss=0.1738 bad_epochs=22/100
2026-02-02 16:58:24,261 DEBUG modssc.transductive.methods.gnn.common common.py:380: train_fullbatch epoch=114 val_loss=0.1742 bad_epochs=23/100
2026-02-02 16:58:24,264 DEBUG modssc.transductive.methods.gnn.common common.py:380: train_fullbatch epoch=115 val_loss=0.1743 bad_epochs=24/100
2026-02-02 16:58:24,268 DEBUG modssc.transductive.methods.gnn.common common.py:380: train_fullbatch epoch=116 val_loss=0.1746 bad_epochs=25/100
2026-02-02 16:58:24,271 DEBUG modssc.transductive.methods.gnn.common common.py:380: train_fullbatch epoch=117 val_loss=0.1750 bad_epochs=26/100
2026-02-02 16:58:24,274 DEBUG modssc.transductive.methods.gnn.common common.py:380: train_fullbatch epoch=118 val_loss=0.1754 bad_epochs=27/100
2026-02-02 16:58:24,277 DEBUG modssc.transductive.methods.gnn.common common.py:380: train_fullbatch epoch=119 val_loss=0.1759 bad_epochs=28/100
2026-02-02 16:58:24,281 DEBUG modssc.transductive.methods.gnn.common common.py:380: train_fullbatch epoch=120 val_loss=0.1764 bad_epochs=29/100
2026-02-02 16:58:24,284 DEBUG modssc.transductive.methods.gnn.common common.py:380: train_fullbatch epoch=121 val_loss=0.1772 bad_epochs=30/100
2026-02-02 16:58:24,287 DEBUG modssc.transductive.methods.gnn.common common.py:380: train_fullbatch epoch=122 val_loss=0.1780 bad_epochs=31/100
2026-02-02 16:58:24,290 DEBUG modssc.transductive.methods.gnn.common common.py:380: train_fullbatch epoch=123 val_loss=0.1788 bad_epochs=32/100
2026-02-02 16:58:24,294 DEBUG modssc.transductive.methods.gnn.common common.py:380: train_fullbatch epoch=124 val_loss=0.1794 bad_epochs=33/100
2026-02-02 16:58:24,297 DEBUG modssc.transductive.methods.gnn.common common.py:380: train_fullbatch epoch=125 val_loss=0.1803 bad_epochs=34/100
2026-02-02 16:58:24,300 DEBUG modssc.transductive.methods.gnn.common common.py:380: train_fullbatch epoch=126 val_loss=0.1814 bad_epochs=35/100
2026-02-02 16:58:24,304 DEBUG modssc.transductive.methods.gnn.common common.py:380: train_fullbatch epoch=127 val_loss=0.1822 bad_epochs=36/100
2026-02-02 16:58:24,307 DEBUG modssc.transductive.methods.gnn.common common.py:380: train_fullbatch epoch=128 val_loss=0.1827 bad_epochs=37/100
2026-02-02 16:58:24,310 DEBUG modssc.transductive.methods.gnn.common common.py:380: train_fullbatch epoch=129 val_loss=0.1830 bad_epochs=38/100
2026-02-02 16:58:24,313 DEBUG modssc.transductive.methods.gnn.common common.py:380: train_fullbatch epoch=130 val_loss=0.1834 bad_epochs=39/100
2026-02-02 16:58:24,317 DEBUG modssc.transductive.methods.gnn.common common.py:380: train_fullbatch epoch=131 val_loss=0.1838 bad_epochs=40/100
2026-02-02 16:58:24,320 DEBUG modssc.transductive.methods.gnn.common common.py:380: train_fullbatch epoch=132 val_loss=0.1844 bad_epochs=41/100
2026-02-02 16:58:24,323 DEBUG modssc.transductive.methods.gnn.common common.py:380: train_fullbatch epoch=133 val_loss=0.1850 bad_epochs=42/100
2026-02-02 16:58:24,326 DEBUG modssc.transductive.methods.gnn.common common.py:380: train_fullbatch epoch=134 val_loss=0.1853 bad_epochs=43/100
2026-02-02 16:58:24,330 DEBUG modssc.transductive.methods.gnn.common common.py:380: train_fullbatch epoch=135 val_loss=0.1849 bad_epochs=44/100
2026-02-02 16:58:24,333 DEBUG modssc.transductive.methods.gnn.common common.py:380: train_fullbatch epoch=136 val_loss=0.1842 bad_epochs=45/100
2026-02-02 16:58:24,336 DEBUG modssc.transductive.methods.gnn.common common.py:380: train_fullbatch epoch=137 val_loss=0.1836 bad_epochs=46/100
2026-02-02 16:58:24,340 DEBUG modssc.transductive.methods.gnn.common common.py:380: train_fullbatch epoch=138 val_loss=0.1830 bad_epochs=47/100
2026-02-02 16:58:24,343 DEBUG modssc.transductive.methods.gnn.common common.py:380: train_fullbatch epoch=139 val_loss=0.1824 bad_epochs=48/100
2026-02-02 16:58:24,346 DEBUG modssc.transductive.methods.gnn.common common.py:380: train_fullbatch epoch=140 val_loss=0.1814 bad_epochs=49/100
2026-02-02 16:58:24,349 DEBUG modssc.transductive.methods.gnn.common common.py:380: train_fullbatch epoch=141 val_loss=0.1804 bad_epochs=50/100
2026-02-02 16:58:24,353 DEBUG modssc.transductive.methods.gnn.common common.py:380: train_fullbatch epoch=142 val_loss=0.1793 bad_epochs=51/100
2026-02-02 16:58:24,356 DEBUG modssc.transductive.methods.gnn.common common.py:380: train_fullbatch epoch=143 val_loss=0.1786 bad_epochs=52/100
2026-02-02 16:58:24,359 DEBUG modssc.transductive.methods.gnn.common common.py:380: train_fullbatch epoch=144 val_loss=0.1782 bad_epochs=53/100
2026-02-02 16:58:24,363 DEBUG modssc.transductive.methods.gnn.common common.py:380: train_fullbatch epoch=145 val_loss=0.1778 bad_epochs=54/100
2026-02-02 16:58:24,366 DEBUG modssc.transductive.methods.gnn.common common.py:380: train_fullbatch epoch=146 val_loss=0.1775 bad_epochs=55/100
2026-02-02 16:58:24,369 DEBUG modssc.transductive.methods.gnn.common common.py:380: train_fullbatch epoch=147 val_loss=0.1773 bad_epochs=56/100
2026-02-02 16:58:24,372 DEBUG modssc.transductive.methods.gnn.common common.py:380: train_fullbatch epoch=148 val_loss=0.1768 bad_epochs=57/100
2026-02-02 16:58:24,376 DEBUG modssc.transductive.methods.gnn.common common.py:380: train_fullbatch epoch=149 val_loss=0.1758 bad_epochs=58/100
2026-02-02 16:58:24,379 DEBUG modssc.transductive.methods.gnn.common common.py:380: train_fullbatch epoch=150 val_loss=0.1741 bad_epochs=59/100
2026-02-02 16:58:24,382 DEBUG modssc.transductive.methods.gnn.common common.py:380: train_fullbatch epoch=151 val_loss=0.1724 bad_epochs=60/100
2026-02-02 16:58:24,385 DEBUG modssc.transductive.methods.gnn.common common.py:380: train_fullbatch epoch=152 val_loss=0.1711 bad_epochs=61/100
2026-02-02 16:58:24,389 DEBUG modssc.transductive.methods.gnn.common common.py:380: train_fullbatch epoch=153 val_loss=0.1699 bad_epochs=62/100
2026-02-02 16:58:24,392 DEBUG modssc.transductive.methods.gnn.common common.py:380: train_fullbatch epoch=154 val_loss=0.1686 bad_epochs=63/100
2026-02-02 16:58:24,395 DEBUG modssc.transductive.methods.gnn.common common.py:380: train_fullbatch epoch=155 val_loss=0.1679 bad_epochs=64/100
2026-02-02 16:58:24,399 DEBUG modssc.transductive.methods.gnn.common common.py:380: train_fullbatch epoch=156 val_loss=0.1671 bad_epochs=65/100
2026-02-02 16:58:24,402 DEBUG modssc.transductive.methods.gnn.common common.py:380: train_fullbatch epoch=157 val_loss=0.1664 bad_epochs=66/100
2026-02-02 16:58:24,405 DEBUG modssc.transductive.methods.gnn.common common.py:380: train_fullbatch epoch=158 val_loss=0.1658 bad_epochs=67/100
2026-02-02 16:58:24,408 DEBUG modssc.transductive.methods.gnn.common common.py:380: train_fullbatch epoch=159 val_loss=0.1651 bad_epochs=68/100
2026-02-02 16:58:24,412 DEBUG modssc.transductive.methods.gnn.common common.py:373: train_fullbatch epoch=160 val_loss=0.1646 best updated
2026-02-02 16:58:24,415 DEBUG modssc.transductive.methods.gnn.common common.py:373: train_fullbatch epoch=161 val_loss=0.1645 best updated
2026-02-02 16:58:24,418 DEBUG modssc.transductive.methods.gnn.common common.py:380: train_fullbatch epoch=162 val_loss=0.1646 bad_epochs=1/100
2026-02-02 16:58:24,422 DEBUG modssc.transductive.methods.gnn.common common.py:380: train_fullbatch epoch=163 val_loss=0.1649 bad_epochs=2/100
2026-02-02 16:58:24,425 DEBUG modssc.transductive.methods.gnn.common common.py:380: train_fullbatch epoch=164 val_loss=0.1653 bad_epochs=3/100
2026-02-02 16:58:24,428 DEBUG modssc.transductive.methods.gnn.common common.py:380: train_fullbatch epoch=165 val_loss=0.1664 bad_epochs=4/100
2026-02-02 16:58:24,431 DEBUG modssc.transductive.methods.gnn.common common.py:380: train_fullbatch epoch=166 val_loss=0.1673 bad_epochs=5/100
2026-02-02 16:58:24,435 DEBUG modssc.transductive.methods.gnn.common common.py:380: train_fullbatch epoch=167 val_loss=0.1680 bad_epochs=6/100
2026-02-02 16:58:24,438 DEBUG modssc.transductive.methods.gnn.common common.py:380: train_fullbatch epoch=168 val_loss=0.1691 bad_epochs=7/100
2026-02-02 16:58:24,441 DEBUG modssc.transductive.methods.gnn.common common.py:380: train_fullbatch epoch=169 val_loss=0.1699 bad_epochs=8/100
2026-02-02 16:58:24,445 DEBUG modssc.transductive.methods.gnn.common common.py:380: train_fullbatch epoch=170 val_loss=0.1708 bad_epochs=9/100
2026-02-02 16:58:24,448 DEBUG modssc.transductive.methods.gnn.common common.py:380: train_fullbatch epoch=171 val_loss=0.1717 bad_epochs=10/100
2026-02-02 16:58:24,451 DEBUG modssc.transductive.methods.gnn.common common.py:380: train_fullbatch epoch=172 val_loss=0.1727 bad_epochs=11/100
2026-02-02 16:58:24,454 DEBUG modssc.transductive.methods.gnn.common common.py:380: train_fullbatch epoch=173 val_loss=0.1735 bad_epochs=12/100
2026-02-02 16:58:24,458 DEBUG modssc.transductive.methods.gnn.common common.py:380: train_fullbatch epoch=174 val_loss=0.1745 bad_epochs=13/100
2026-02-02 16:58:24,461 DEBUG modssc.transductive.methods.gnn.common common.py:380: train_fullbatch epoch=175 val_loss=0.1745 bad_epochs=14/100
2026-02-02 16:58:24,464 DEBUG modssc.transductive.methods.gnn.common common.py:380: train_fullbatch epoch=176 val_loss=0.1748 bad_epochs=15/100
2026-02-02 16:58:24,468 DEBUG modssc.transductive.methods.gnn.common common.py:380: train_fullbatch epoch=177 val_loss=0.1750 bad_epochs=16/100
2026-02-02 16:58:24,471 DEBUG modssc.transductive.methods.gnn.common common.py:380: train_fullbatch epoch=178 val_loss=0.1755 bad_epochs=17/100
2026-02-02 16:58:24,474 DEBUG modssc.transductive.methods.gnn.common common.py:380: train_fullbatch epoch=179 val_loss=0.1763 bad_epochs=18/100
2026-02-02 16:58:24,477 DEBUG modssc.transductive.methods.gnn.common common.py:380: train_fullbatch epoch=180 val_loss=0.1770 bad_epochs=19/100
2026-02-02 16:58:24,481 DEBUG modssc.transductive.methods.gnn.common common.py:380: train_fullbatch epoch=181 val_loss=0.1777 bad_epochs=20/100
2026-02-02 16:58:24,484 DEBUG modssc.transductive.methods.gnn.common common.py:380: train_fullbatch epoch=182 val_loss=0.1783 bad_epochs=21/100
2026-02-02 16:58:24,487 DEBUG modssc.transductive.methods.gnn.common common.py:380: train_fullbatch epoch=183 val_loss=0.1789 bad_epochs=22/100
2026-02-02 16:58:24,490 DEBUG modssc.transductive.methods.gnn.common common.py:380: train_fullbatch epoch=184 val_loss=0.1796 bad_epochs=23/100
2026-02-02 16:58:24,494 DEBUG modssc.transductive.methods.gnn.common common.py:380: train_fullbatch epoch=185 val_loss=0.1803 bad_epochs=24/100
2026-02-02 16:58:24,497 DEBUG modssc.transductive.methods.gnn.common common.py:380: train_fullbatch epoch=186 val_loss=0.1809 bad_epochs=25/100
2026-02-02 16:58:24,500 DEBUG modssc.transductive.methods.gnn.common common.py:380: train_fullbatch epoch=187 val_loss=0.1813 bad_epochs=26/100
2026-02-02 16:58:24,503 DEBUG modssc.transductive.methods.gnn.common common.py:380: train_fullbatch epoch=188 val_loss=0.1811 bad_epochs=27/100
2026-02-02 16:58:24,507 DEBUG modssc.transductive.methods.gnn.common common.py:380: train_fullbatch epoch=189 val_loss=0.1809 bad_epochs=28/100
2026-02-02 16:58:24,510 DEBUG modssc.transductive.methods.gnn.common common.py:380: train_fullbatch epoch=190 val_loss=0.1809 bad_epochs=29/100
2026-02-02 16:58:24,513 DEBUG modssc.transductive.methods.gnn.common common.py:380: train_fullbatch epoch=191 val_loss=0.1807 bad_epochs=30/100
2026-02-02 16:58:24,517 DEBUG modssc.transductive.methods.gnn.common common.py:380: train_fullbatch epoch=192 val_loss=0.1805 bad_epochs=31/100
2026-02-02 16:58:24,520 DEBUG modssc.transductive.methods.gnn.common common.py:380: train_fullbatch epoch=193 val_loss=0.1807 bad_epochs=32/100
2026-02-02 16:58:24,523 DEBUG modssc.transductive.methods.gnn.common common.py:380: train_fullbatch epoch=194 val_loss=0.1811 bad_epochs=33/100
2026-02-02 16:58:24,526 DEBUG modssc.transductive.methods.gnn.common common.py:380: train_fullbatch epoch=195 val_loss=0.1812 bad_epochs=34/100
2026-02-02 16:58:24,530 DEBUG modssc.transductive.methods.gnn.common common.py:380: train_fullbatch epoch=196 val_loss=0.1813 bad_epochs=35/100
2026-02-02 16:58:24,533 DEBUG modssc.transductive.methods.gnn.common common.py:380: train_fullbatch epoch=197 val_loss=0.1814 bad_epochs=36/100
2026-02-02 16:58:24,536 DEBUG modssc.transductive.methods.gnn.common common.py:380: train_fullbatch epoch=198 val_loss=0.1812 bad_epochs=37/100
2026-02-02 16:58:24,539 DEBUG modssc.transductive.methods.gnn.common common.py:380: train_fullbatch epoch=199 val_loss=0.1808 bad_epochs=38/100
2026-02-02 16:58:24,540 DEBUG modssc.transductive.methods.gnn.common common.py:399: train_fullbatch done n_epochs=200 best_epoch=161 best_val_loss=0.16451296210289001
2026-02-02 16:58:24,540 INFO modssc.transductive.methods.gnn.gat gat.py:245: Finished gat.fit in 1.797s
2026-02-02 16:58:24,540 INFO bench.orchestrators.method_transductive method_transductive.py:218: Transductive method done: id=gat duration_s=1.797
2026-02-02 16:58:24,540 INFO bench.orchestrators.evaluation evaluation.py:244: Evaluation (transductive): splits=['val', 'test'] metrics=['accuracy', 'macro_f1']
2026-02-02 16:58:24,541 INFO bench.orchestrators.evaluation evaluation.py:263: Evaluation (transductive) done: duration_s=0.001
2026-02-02 16:58:24,543 INFO bench.orchestrators.reporting reporting.py:54: Run summary written: /nfs/home/mbarbaux/ModSSC/runs/transductive/gat/tabular/breast_cancer/best_tabular_transductive_gat_breast_cancer-20260202T155822Z/run.json status=success duration_s=0.001
