2026-02-02 14:57:32,060 INFO bench.orchestrators.dataset dataset.py:36: Dataset start: id=citeseer download=True cache_dir=None
2026-02-02 14:57:32,060 DEBUG bench.orchestrators.dataset dataset.py:42: Dataset options: []
2026-02-02 14:57:32,064 DEBUG modssc.data_loader.providers __init__.py:38: Creating provider: pyg
2026-02-02 14:57:32,064 DEBUG modssc.data_loader.api api.py:316: Resolved dataset id=citeseer provider=pyg canonical_uri=pyg:Planetoid/CiteSeer
2026-02-02 14:57:32,064 INFO modssc.data_loader.api api.py:117: Dataset load: id=citeseer provider=pyg version=None fingerprint=3fb862b6bc9dc5b9bfd36e222d5bbeab653ca6c7a430c3accea136e424ca3744 download=True force=False cache_dir=/nfs/home/mbarbaux/ModSSC/cache/datasets
2026-02-02 14:57:32,064 DEBUG modssc.data_loader.api api.py:127: Dataset resolved_kwargs: {'dataset_class': 'Planetoid', 'dataset_kwargs': {'name': 'CiteSeer'}}
2026-02-02 14:57:32,076 DEBUG modssc.data_loader.api api.py:403: Loaded cached dataset: fingerprint=3fb862b6bc9dc5b9bfd36e222d5bbeab653ca6c7a430c3accea136e424ca3744
2026-02-02 14:57:32,076 INFO modssc.data_loader.api api.py:133: Dataset cached: id=citeseer train=3327 test=None n_classes=6 duration_s=0.017
2026-02-02 14:57:32,077 INFO bench.orchestrators.dataset dataset.py:54: Dataset loaded: train=3327 test=None graph=True fingerprint=3fb862b6bc9dc5b9bfd36e222d5bbeab653ca6c7a430c3accea136e424ca3744 provider=pyg
2026-02-02 14:57:32,077 INFO bench.orchestrators.dataset dataset.py:62: Dataset stage done: duration_s=0.017
2026-02-02 14:57:32,123 INFO bench.orchestrators.sampling sampling.py:86: Sampling start: seed=5 dataset_id=citeseer
2026-02-02 14:57:32,123 DEBUG bench.orchestrators.sampling sampling.py:87: Sampling plan: split={'kind': 'holdout', 'test_fraction': 0.2, 'val_fraction': 0.1, 'stratify': True, 'shuffle': True} labeling={'mode': 'fraction', 'value': 0.2, 'per_class': False, 'min_per_class': 1, 'strategy': 'balanced', 'fixed_indices': None} imbalance={'kind': 'none', 'apply_to': 'train', 'max_per_class': None, 'alpha': None, 'min_per_class': 1} policy={'respect_official_test': True, 'use_official_graph_masks': True, 'allow_override_official': False}
2026-02-02 14:57:32,123 DEBUG bench.orchestrators.sampling sampling.py:98: Sampling dataset_fingerprint=3fb862b6bc9dc5b9bfd36e222d5bbeab653ca6c7a430c3accea136e424ca3744
2026-02-02 14:57:32,123 INFO modssc.sampling.api api.py:99: Sampling start: dataset_id=citeseer dataset_fingerprint=3fb862b6bc9dc5b9bfd36e222d5bbeab653ca6c7a430c3accea136e424ca3744 seed=5 graph=True split=holdout
2026-02-02 14:57:32,123 DEBUG modssc.sampling.api api.py:107: Sampling plan: {'split': {'kind': 'holdout', 'test_fraction': 0.2, 'val_fraction': 0.1, 'stratify': True, 'shuffle': True}, 'labeling': {'mode': 'fraction', 'value': 0.2, 'per_class': False, 'min_per_class': 1, 'strategy': 'balanced', 'fixed_indices': None}, 'imbalance': {'kind': 'none', 'apply_to': 'train', 'max_per_class': None, 'alpha': None, 'min_per_class': 1}, 'policy': {'respect_official_test': True, 'use_official_graph_masks': True, 'allow_override_official': False}}
2026-02-02 14:57:32,135 INFO modssc.sampling.api api.py:141: Sampling done: train=120 val=500 test=1000 labeled=24 unlabeled=96 duration_s=0.012
2026-02-02 14:57:32,135 DEBUG modssc.sampling.api api.py:150: Sampling stats: {'nodes': 3327, 'train': 120, 'val': 500, 'test': 1000, 'labeled': 24, 'unlabeled': 96, 'labeled_class_dist': {'n': 24, 'classes': {'0': 4, '1': 4, '2': 4, '3': 4, '4': 4, '5': 4}}}
2026-02-02 14:57:32,135 INFO bench.orchestrators.sampling sampling.py:123: Sampling result: train=120 val=500 test=1000 labeled=24 unlabeled=96 graph=True
2026-02-02 14:57:32,135 DEBUG bench.orchestrators.sampling sampling.py:132: Sampling stats: {'nodes': 3327, 'train': 120, 'val': 500, 'test': 1000, 'labeled': 24, 'unlabeled': 96, 'labeled_class_dist': {'n': 24, 'classes': {'0': 4, '1': 4, '2': 4, '3': 4, '4': 4, '5': 4}}}
2026-02-02 14:57:32,136 INFO bench.orchestrators.sampling sampling.py:133: Sampling stage done: duration_s=0.012
Inductive method on graph dataset; converting graph masks to indices.
2026-02-02 14:57:32,136 INFO bench.orchestrators.preprocess preprocess.py:105: Preprocess start: seed=5 cache=True n_steps=4 fit_indices=24
2026-02-02 14:57:32,136 DEBUG bench.orchestrators.preprocess preprocess.py:112: Preprocess plan: output_key=features.X steps=['labels.encode', 'labels.to_torch', 'graph.sparse_adjacency', 'core.to_torch']
2026-02-02 14:57:32,136 INFO modssc.preprocess.api api.py:490: Preprocess start: dataset_fp=3fb862b6bc9dc5b9bfd36e222d5bbeab653ca6c7a430c3accea136e424ca3744 steps=['labels.encode', 'labels.to_torch', 'graph.sparse_adjacency', 'core.to_torch'] output_key=features.X seed=5 cache=True
2026-02-02 14:57:32,136 DEBUG modssc.preprocess.api api.py:498: Preprocess input shapes: train_X=(3327, 3703) train_y=(3327,) test_X=None test_y=None
2026-02-02 14:57:32,136 INFO modssc.preprocess.api api.py:505: Preprocess input size: train_data=47.2 MB test_data=n/a
2026-02-02 14:57:32,136 DEBUG modssc.preprocess.api api.py:521: Preprocess step start: id=labels.encode index=0 kind=transform params={}
2026-02-02 14:57:32,138 DEBUG modssc.preprocess.api api.py:605: Preprocess step train outputs: id=labels.encode keys=['labels.classes', 'labels.y'] duration_s=0.002
2026-02-02 14:57:32,138 INFO modssc.preprocess.api api.py:679: Preprocess step done: id=labels.encode index=0 duration_s=0.002 train_data=47.2 MB test_data=n/a
2026-02-02 14:57:32,139 DEBUG modssc.preprocess.api api.py:521: Preprocess step start: id=labels.to_torch index=1 kind=transform params={'device': 'auto', 'dtype': 'int64'}
2026-02-02 14:57:32,237 DEBUG modssc.preprocess.api api.py:605: Preprocess step train outputs: id=labels.to_torch keys=['labels.y'] duration_s=0.099
2026-02-02 14:57:32,238 INFO modssc.preprocess.api api.py:267: Preprocess GPU device: device=cuda:0 model=NVIDIA L40
2026-02-02 14:57:32,238 INFO modssc.preprocess.api api.py:679: Preprocess step done: id=labels.to_torch index=1 duration_s=0.099 train_data=47.2 MB test_data=n/a
2026-02-02 14:57:32,238 DEBUG modssc.preprocess.api api.py:521: Preprocess step start: id=graph.sparse_adjacency index=2 kind=transform params={'max_nodes': 20000, 'batch_size': 32, 'embed_epochs': 5, 'embed_lr': 0.01, 'undirected': True, 'device': 'auto'}
2026-02-02 14:57:32,240 WARNING modssc.preprocess.api api.py:575: Preprocess cache miss for graph.sparse_adjacency (train): Incomplete cached outputs for step 'graph.sparse_adjacency' (train)
2026-02-02 14:57:32,242 DEBUG modssc.preprocess.api api.py:605: Preprocess step train outputs: id=graph.sparse_adjacency keys=['features.X'] duration_s=0.004
2026-02-02 14:57:32,242 INFO modssc.preprocess.api api.py:679: Preprocess step done: id=graph.sparse_adjacency index=2 duration_s=0.004 train_data=47.3 MB test_data=n/a
2026-02-02 14:57:32,242 DEBUG modssc.preprocess.api api.py:521: Preprocess step start: id=core.to_torch index=3 kind=transform params={'device': 'auto', 'dtype': 'float32'}
2026-02-02 14:57:32,244 WARNING modssc.preprocess.api api.py:575: Preprocess cache miss for core.to_torch (train): Incomplete cached outputs for step 'core.to_torch' (train)
2026-02-02 14:57:32,247 DEBUG modssc.preprocess.api api.py:605: Preprocess step train outputs: id=core.to_torch keys=['features.X'] duration_s=0.005
2026-02-02 14:57:32,248 INFO modssc.preprocess.api api.py:679: Preprocess step done: id=core.to_torch index=3 duration_s=0.006 train_data=47.3 MB test_data=n/a
2026-02-02 14:57:32,248 INFO modssc.preprocess.api api.py:730: Preprocess done: dataset_fp=3fb862b6bc9dc5b9bfd36e222d5bbeab653ca6c7a430c3accea136e424ca3744 duration_s=0.112 train_X=None test_X=None
2026-02-02 14:57:32,248 INFO bench.orchestrators.preprocess preprocess.py:124: Preprocess result: fingerprint=preprocess:aa9a18f8888ae8bfd7b23144deb24cb21beda62d98043ce05c45e4b777de76e6 plan_fingerprint=resolved_plan:95213a523f045acfbe48296ceac122bc48b9fd73dbd5843390244a44a4946c42 cache_dir=/nfs/home/mbarbaux/ModSSC/cache/preprocess/3fb862b6bc9dc5b9bfd36e222d5bbeab653ca6c7a430c3accea136e424ca3744 skipped=[]
2026-02-02 14:57:32,248 DEBUG bench.orchestrators.preprocess preprocess.py:131: Preprocess output shapes: train_X=None test_X=None
2026-02-02 14:57:32,248 INFO bench.orchestrators.preprocess preprocess.py:136: Preprocess stage done: duration_s=0.112
2026-02-02 14:57:34,423 INFO bench.orchestrators.augmentation augmentation.py:66: Augmentation start: mode=fixed modality=tabular seed=5 n_samples=96 strong_views=1
2026-02-02 14:57:34,423 DEBUG bench.orchestrators.augmentation augmentation.py:74: Augmentation steps: weak=['tabular.gaussian_noise'] strong=['tabular.feature_dropout']
2026-02-02 14:57:34,448 INFO bench.orchestrators.augmentation augmentation.py:191: Augmentation done: duration_s=0.026
2026-02-02 14:57:34,449 DEBUG bench.orchestrators.augmentation augmentation.py:192: Augmentation output shapes: weak=(96, 3703) strong=(96, 3703) strong_1=None
2026-02-02 14:57:34,449 INFO bench.orchestrators.method_inductive method_inductive.py:441: Inductive method start: id=vat seed=3274374610 device=auto dtype=float32 model=graphsage_inductive
2026-02-02 14:57:34,449 DEBUG bench.orchestrators.method_inductive method_inductive.py:470: Inductive method params: {'lambda_u': 1.0, 'unsup_warm_up': 0.4, 'batch_size': 128, 'max_epochs': 50, 'freeze_bn': False, 'detach_target': True}
2026-02-02 14:57:34,449 INFO bench.orchestrators.method_inductive method_inductive.py:476: Inductive method data: n_labeled=24 n_unlabeled=96
2026-02-02 14:57:34,488 INFO modssc.inductive.methods.vat vat.py:176: Starting vat.fit
2026-02-02 14:57:34,488 DEBUG modssc.inductive.methods.vat vat.py:177: params lambda_u=1.0 xi=1e-06 eps=2.5 num_iters=1 unsup_warm_up=0.4 batch_size=128 max_epochs=50 freeze_bn=False detach_target=True has_model_bundle=True device=DeviceSpec(device='auto', dtype='float32') seed=3274374610
2026-02-02 14:57:34,488 INFO modssc.inductive.methods.vat vat.py:209: VAT sizes: n_labeled=24 n_unlabeled=96
2026-02-02 14:57:34,631 DEBUG modssc.inductive.methods.vat vat.py:308: VAT epoch=0 warm=0.000 sup_loss=1.7889 vat_loss=0.0177 eps=2.5 xi=1e-06
2026-02-02 14:57:34,656 DEBUG modssc.inductive.methods.vat vat.py:308: VAT epoch=1 warm=0.050 sup_loss=1.7267 vat_loss=0.0166 eps=2.5 xi=1e-06
2026-02-02 14:57:34,660 DEBUG modssc.inductive.methods.vat vat.py:308: VAT epoch=2 warm=0.100 sup_loss=1.6711 vat_loss=0.0109 eps=2.5 xi=1e-06
2026-02-02 14:57:34,663 DEBUG modssc.inductive.methods.vat vat.py:308: VAT epoch=3 warm=0.150 sup_loss=1.6213 vat_loss=0.0081 eps=2.5 xi=1e-06
2026-02-02 14:57:34,667 DEBUG modssc.inductive.methods.vat vat.py:308: VAT epoch=4 warm=0.200 sup_loss=1.5694 vat_loss=0.0076 eps=2.5 xi=1e-06
2026-02-02 14:57:34,670 DEBUG modssc.inductive.methods.vat vat.py:308: VAT epoch=5 warm=0.250 sup_loss=1.5230 vat_loss=0.0069 eps=2.5 xi=1e-06
2026-02-02 14:57:34,674 DEBUG modssc.inductive.methods.vat vat.py:308: VAT epoch=6 warm=0.300 sup_loss=1.4675 vat_loss=0.0094 eps=2.5 xi=1e-06
2026-02-02 14:57:34,677 DEBUG modssc.inductive.methods.vat vat.py:308: VAT epoch=7 warm=0.350 sup_loss=1.4166 vat_loss=0.0086 eps=2.5 xi=1e-06
2026-02-02 14:57:34,681 DEBUG modssc.inductive.methods.vat vat.py:308: VAT epoch=8 warm=0.400 sup_loss=1.3724 vat_loss=0.0095 eps=2.5 xi=1e-06
2026-02-02 14:57:34,684 DEBUG modssc.inductive.methods.vat vat.py:308: VAT epoch=9 warm=0.450 sup_loss=1.3004 vat_loss=0.0138 eps=2.5 xi=1e-06
2026-02-02 14:57:34,688 DEBUG modssc.inductive.methods.vat vat.py:308: VAT epoch=10 warm=0.500 sup_loss=1.2509 vat_loss=0.0168 eps=2.5 xi=1e-06
2026-02-02 14:57:34,691 DEBUG modssc.inductive.methods.vat vat.py:308: VAT epoch=11 warm=0.550 sup_loss=1.1785 vat_loss=0.0173 eps=2.5 xi=1e-06
2026-02-02 14:57:34,695 DEBUG modssc.inductive.methods.vat vat.py:308: VAT epoch=12 warm=0.600 sup_loss=1.1427 vat_loss=0.0200 eps=2.5 xi=1e-06
2026-02-02 14:57:34,698 DEBUG modssc.inductive.methods.vat vat.py:308: VAT epoch=13 warm=0.650 sup_loss=1.0794 vat_loss=0.0241 eps=2.5 xi=1e-06
2026-02-02 14:57:34,701 DEBUG modssc.inductive.methods.vat vat.py:308: VAT epoch=14 warm=0.700 sup_loss=0.9992 vat_loss=0.0299 eps=2.5 xi=1e-06
2026-02-02 14:57:34,705 DEBUG modssc.inductive.methods.vat vat.py:308: VAT epoch=15 warm=0.750 sup_loss=0.9653 vat_loss=0.0291 eps=2.5 xi=1e-06
2026-02-02 14:57:34,708 DEBUG modssc.inductive.methods.vat vat.py:308: VAT epoch=16 warm=0.800 sup_loss=0.8979 vat_loss=0.0357 eps=2.5 xi=1e-06
2026-02-02 14:57:34,712 DEBUG modssc.inductive.methods.vat vat.py:308: VAT epoch=17 warm=0.850 sup_loss=0.8387 vat_loss=0.0418 eps=2.5 xi=1e-06
2026-02-02 14:57:34,715 DEBUG modssc.inductive.methods.vat vat.py:308: VAT epoch=18 warm=0.900 sup_loss=0.7852 vat_loss=0.0494 eps=2.5 xi=1e-06
2026-02-02 14:57:34,719 DEBUG modssc.inductive.methods.vat vat.py:308: VAT epoch=19 warm=0.950 sup_loss=0.7279 vat_loss=0.0593 eps=2.5 xi=1e-06
2026-02-02 14:57:34,722 DEBUG modssc.inductive.methods.vat vat.py:308: VAT epoch=20 warm=1.000 sup_loss=0.6912 vat_loss=0.0569 eps=2.5 xi=1e-06
2026-02-02 14:57:34,726 DEBUG modssc.inductive.methods.vat vat.py:308: VAT epoch=21 warm=1.000 sup_loss=0.6366 vat_loss=0.0656 eps=2.5 xi=1e-06
2026-02-02 14:57:34,729 DEBUG modssc.inductive.methods.vat vat.py:308: VAT epoch=22 warm=1.000 sup_loss=0.5754 vat_loss=0.0672 eps=2.5 xi=1e-06
2026-02-02 14:57:34,732 DEBUG modssc.inductive.methods.vat vat.py:308: VAT epoch=23 warm=1.000 sup_loss=0.5351 vat_loss=0.0693 eps=2.5 xi=1e-06
2026-02-02 14:57:34,736 DEBUG modssc.inductive.methods.vat vat.py:308: VAT epoch=24 warm=1.000 sup_loss=0.4966 vat_loss=0.0760 eps=2.5 xi=1e-06
2026-02-02 14:57:34,739 DEBUG modssc.inductive.methods.vat vat.py:308: VAT epoch=25 warm=1.000 sup_loss=0.4516 vat_loss=0.0940 eps=2.5 xi=1e-06
2026-02-02 14:57:34,743 DEBUG modssc.inductive.methods.vat vat.py:308: VAT epoch=26 warm=1.000 sup_loss=0.4117 vat_loss=0.0902 eps=2.5 xi=1e-06
2026-02-02 14:57:34,746 DEBUG modssc.inductive.methods.vat vat.py:308: VAT epoch=27 warm=1.000 sup_loss=0.3668 vat_loss=0.1052 eps=2.5 xi=1e-06
2026-02-02 14:57:34,750 DEBUG modssc.inductive.methods.vat vat.py:308: VAT epoch=28 warm=1.000 sup_loss=0.3512 vat_loss=0.0999 eps=2.5 xi=1e-06
2026-02-02 14:57:34,753 DEBUG modssc.inductive.methods.vat vat.py:308: VAT epoch=29 warm=1.000 sup_loss=0.3153 vat_loss=0.1168 eps=2.5 xi=1e-06
2026-02-02 14:57:34,757 DEBUG modssc.inductive.methods.vat vat.py:308: VAT epoch=30 warm=1.000 sup_loss=0.3037 vat_loss=0.1163 eps=2.5 xi=1e-06
2026-02-02 14:57:34,760 DEBUG modssc.inductive.methods.vat vat.py:308: VAT epoch=31 warm=1.000 sup_loss=0.2643 vat_loss=0.1124 eps=2.5 xi=1e-06
2026-02-02 14:57:34,763 DEBUG modssc.inductive.methods.vat vat.py:308: VAT epoch=32 warm=1.000 sup_loss=0.2349 vat_loss=0.1320 eps=2.5 xi=1e-06
2026-02-02 14:57:34,767 DEBUG modssc.inductive.methods.vat vat.py:308: VAT epoch=33 warm=1.000 sup_loss=0.2277 vat_loss=0.1228 eps=2.5 xi=1e-06
2026-02-02 14:57:34,770 DEBUG modssc.inductive.methods.vat vat.py:308: VAT epoch=34 warm=1.000 sup_loss=0.2063 vat_loss=0.1265 eps=2.5 xi=1e-06
2026-02-02 14:57:34,774 DEBUG modssc.inductive.methods.vat vat.py:308: VAT epoch=35 warm=1.000 sup_loss=0.1861 vat_loss=0.1537 eps=2.5 xi=1e-06
2026-02-02 14:57:34,777 DEBUG modssc.inductive.methods.vat vat.py:308: VAT epoch=36 warm=1.000 sup_loss=0.1801 vat_loss=0.1233 eps=2.5 xi=1e-06
2026-02-02 14:57:34,781 DEBUG modssc.inductive.methods.vat vat.py:308: VAT epoch=37 warm=1.000 sup_loss=0.1725 vat_loss=0.1401 eps=2.5 xi=1e-06
2026-02-02 14:57:34,784 DEBUG modssc.inductive.methods.vat vat.py:308: VAT epoch=38 warm=1.000 sup_loss=0.1475 vat_loss=0.1394 eps=2.5 xi=1e-06
2026-02-02 14:57:34,787 DEBUG modssc.inductive.methods.vat vat.py:308: VAT epoch=39 warm=1.000 sup_loss=0.1461 vat_loss=0.1395 eps=2.5 xi=1e-06
2026-02-02 14:57:34,791 DEBUG modssc.inductive.methods.vat vat.py:308: VAT epoch=40 warm=1.000 sup_loss=0.1373 vat_loss=0.1486 eps=2.5 xi=1e-06
2026-02-02 14:57:34,794 DEBUG modssc.inductive.methods.vat vat.py:308: VAT epoch=41 warm=1.000 sup_loss=0.1361 vat_loss=0.1247 eps=2.5 xi=1e-06
2026-02-02 14:57:34,798 DEBUG modssc.inductive.methods.vat vat.py:308: VAT epoch=42 warm=1.000 sup_loss=0.1243 vat_loss=0.1248 eps=2.5 xi=1e-06
2026-02-02 14:57:34,801 DEBUG modssc.inductive.methods.vat vat.py:308: VAT epoch=43 warm=1.000 sup_loss=0.1164 vat_loss=0.1647 eps=2.5 xi=1e-06
2026-02-02 14:57:34,805 DEBUG modssc.inductive.methods.vat vat.py:308: VAT epoch=44 warm=1.000 sup_loss=0.1118 vat_loss=0.1260 eps=2.5 xi=1e-06
2026-02-02 14:57:34,808 DEBUG modssc.inductive.methods.vat vat.py:308: VAT epoch=45 warm=1.000 sup_loss=0.1031 vat_loss=0.1389 eps=2.5 xi=1e-06
2026-02-02 14:57:34,812 DEBUG modssc.inductive.methods.vat vat.py:308: VAT epoch=46 warm=1.000 sup_loss=0.1027 vat_loss=0.1192 eps=2.5 xi=1e-06
2026-02-02 14:57:34,815 DEBUG modssc.inductive.methods.vat vat.py:308: VAT epoch=47 warm=1.000 sup_loss=0.0935 vat_loss=0.1224 eps=2.5 xi=1e-06
2026-02-02 14:57:34,818 DEBUG modssc.inductive.methods.vat vat.py:308: VAT epoch=48 warm=1.000 sup_loss=0.0903 vat_loss=0.1209 eps=2.5 xi=1e-06
2026-02-02 14:57:34,822 DEBUG modssc.inductive.methods.vat vat.py:308: VAT epoch=49 warm=1.000 sup_loss=0.0924 vat_loss=0.1293 eps=2.5 xi=1e-06
2026-02-02 14:57:34,823 INFO modssc.inductive.methods.vat vat.py:326: Finished vat.fit in 0.335s
2026-02-02 14:57:34,823 INFO bench.orchestrators.method_inductive method_inductive.py:550: Inductive method done: id=vat duration_s=0.374
2026-02-02 14:57:34,823 INFO bench.orchestrators.evaluation evaluation.py:189: Evaluation (inductive): splits=['val', 'test'] metrics=['accuracy', 'macro_f1']
2026-02-02 14:57:34,834 INFO bench.orchestrators.evaluation evaluation.py:231: Evaluation (inductive) done: duration_s=0.011
2026-02-02 14:57:34,836 INFO bench.orchestrators.reporting reporting.py:54: Run summary written: /nfs/home/mbarbaux/ModSSC/runs/inductive/vat/graph/citeseer/best_graph_inductive_vat_citeseer-20260202T135732Z/run.json status=success duration_s=0.001
