2026-02-02 16:58:08,983 INFO bench.orchestrators.dataset dataset.py:36: Dataset start: id=breast_cancer download=True cache_dir=None
2026-02-02 16:58:08,983 DEBUG bench.orchestrators.dataset dataset.py:42: Dataset options: []
2026-02-02 16:58:08,986 DEBUG modssc.data_loader.providers __init__.py:38: Creating provider: openml
2026-02-02 16:58:08,986 DEBUG modssc.data_loader.api api.py:316: Resolved dataset id=breast_cancer provider=openml canonical_uri=openml:15
2026-02-02 16:58:08,986 INFO modssc.data_loader.api api.py:117: Dataset load: id=breast_cancer provider=openml version=None fingerprint=6dece738ab3dfc5f1500b389918a8723dfd218d54ba657c31846dda9cfbbc81f download=True force=False cache_dir=/nfs/home/mbarbaux/ModSSC/cache/datasets
2026-02-02 16:58:08,986 DEBUG modssc.data_loader.api api.py:127: Dataset resolved_kwargs: {'data_id': 15, 'name': None, 'version': None, 'as_frame': False, 'target_column': None, 'class_filter': None, 'max_samples': None, 'seed': None}
2026-02-02 16:58:08,988 DEBUG modssc.data_loader.api api.py:403: Loaded cached dataset: fingerprint=6dece738ab3dfc5f1500b389918a8723dfd218d54ba657c31846dda9cfbbc81f
2026-02-02 16:58:08,992 INFO modssc.data_loader.api api.py:133: Dataset cached: id=breast_cancer train=699 test=None n_classes=2 duration_s=0.009
2026-02-02 16:58:08,992 INFO bench.orchestrators.dataset dataset.py:54: Dataset loaded: train=699 test=None graph=False fingerprint=6dece738ab3dfc5f1500b389918a8723dfd218d54ba657c31846dda9cfbbc81f provider=openml
2026-02-02 16:58:08,992 INFO bench.orchestrators.dataset dataset.py:62: Dataset stage done: duration_s=0.009
2026-02-02 16:58:09,039 INFO bench.orchestrators.sampling sampling.py:86: Sampling start: seed=1 dataset_id=breast_cancer
2026-02-02 16:58:09,039 DEBUG bench.orchestrators.sampling sampling.py:87: Sampling plan: split={'kind': 'holdout', 'test_fraction': 0.2, 'val_fraction': 0.1, 'stratify': True, 'shuffle': True} labeling={'mode': 'fraction', 'value': 0.2, 'per_class': False, 'min_per_class': 1, 'strategy': 'balanced', 'fixed_indices': None} imbalance={'kind': 'none', 'apply_to': 'train', 'max_per_class': None, 'alpha': None, 'min_per_class': 1} policy={'respect_official_test': True, 'use_official_graph_masks': True, 'allow_override_official': False}
2026-02-02 16:58:09,039 DEBUG bench.orchestrators.sampling sampling.py:98: Sampling dataset_fingerprint=6dece738ab3dfc5f1500b389918a8723dfd218d54ba657c31846dda9cfbbc81f
2026-02-02 16:58:09,039 INFO modssc.sampling.api api.py:99: Sampling start: dataset_id=breast_cancer dataset_fingerprint=6dece738ab3dfc5f1500b389918a8723dfd218d54ba657c31846dda9cfbbc81f seed=1 graph=False split=holdout
2026-02-02 16:58:09,039 DEBUG modssc.sampling.api api.py:107: Sampling plan: {'split': {'kind': 'holdout', 'test_fraction': 0.2, 'val_fraction': 0.1, 'stratify': True, 'shuffle': True}, 'labeling': {'mode': 'fraction', 'value': 0.2, 'per_class': False, 'min_per_class': 1, 'strategy': 'balanced', 'fixed_indices': None}, 'imbalance': {'kind': 'none', 'apply_to': 'train', 'max_per_class': None, 'alpha': None, 'min_per_class': 1}, 'policy': {'respect_official_test': True, 'use_official_graph_masks': True, 'allow_override_official': False}}
2026-02-02 16:58:09,047 INFO modssc.sampling.api api.py:141: Sampling done: train=503 val=56 test=140 labeled=101 unlabeled=402 duration_s=0.008
2026-02-02 16:58:09,047 DEBUG modssc.sampling.api api.py:150: Sampling stats: {'policy': {'respect_official_test': True, 'has_official_test': False, 'test_ref': 'train'}, 'train': {'n': 503, 'classes': {'benign': 329, 'malignant': 174}}, 'val': {'n': 56, 'classes': {'benign': 37, 'malignant': 19}}, 'train_labeled': {'n': 101, 'classes': {'benign': 51, 'malignant': 50}}, 'train_unlabeled': {'n': 402}, 'test': {'n': 140, 'classes': {'benign': 92, 'malignant': 48}}}
2026-02-02 16:58:09,047 INFO bench.orchestrators.sampling sampling.py:123: Sampling result: train=503 val=56 test=140 labeled=101 unlabeled=402 graph=False
2026-02-02 16:58:09,047 DEBUG bench.orchestrators.sampling sampling.py:132: Sampling stats: {'policy': {'respect_official_test': True, 'has_official_test': False, 'test_ref': 'train'}, 'train': {'n': 503, 'classes': {'benign': 329, 'malignant': 174}}, 'val': {'n': 56, 'classes': {'benign': 37, 'malignant': 19}}, 'train_labeled': {'n': 101, 'classes': {'benign': 51, 'malignant': 50}}, 'train_unlabeled': {'n': 402}, 'test': {'n': 140, 'classes': {'benign': 92, 'malignant': 48}}}
2026-02-02 16:58:09,047 INFO bench.orchestrators.sampling sampling.py:133: Sampling stage done: duration_s=0.009
2026-02-02 16:58:09,047 INFO bench.orchestrators.preprocess preprocess.py:105: Preprocess start: seed=1 cache=True n_steps=6 fit_indices=101
2026-02-02 16:58:09,047 DEBUG bench.orchestrators.preprocess preprocess.py:112: Preprocess plan: output_key=features.X steps=['labels.encode', 'labels.to_torch', 'core.ensure_2d', 'tabular.impute', 'tabular.standard_scaler', 'core.to_torch']
2026-02-02 16:58:09,048 INFO modssc.preprocess.api api.py:490: Preprocess start: dataset_fp=6dece738ab3dfc5f1500b389918a8723dfd218d54ba657c31846dda9cfbbc81f steps=['labels.encode', 'labels.to_torch', 'core.ensure_2d', 'tabular.impute', 'tabular.standard_scaler', 'core.to_torch'] output_key=features.X seed=1 cache=True
2026-02-02 16:58:09,048 DEBUG modssc.preprocess.api api.py:498: Preprocess input shapes: train_X=(699, 9) train_y=(699,) test_X=None test_y=None
2026-02-02 16:58:09,048 INFO modssc.preprocess.api api.py:505: Preprocess input size: train_data=54.6 KB test_data=n/a
2026-02-02 16:58:09,048 DEBUG modssc.preprocess.api api.py:521: Preprocess step start: id=labels.encode index=0 kind=transform params={}
2026-02-02 16:58:09,050 DEBUG modssc.preprocess.api api.py:605: Preprocess step train outputs: id=labels.encode keys=['labels.classes', 'labels.y'] duration_s=0.002
2026-02-02 16:58:09,050 INFO modssc.preprocess.api api.py:679: Preprocess step done: id=labels.encode index=0 duration_s=0.002 train_data=54.6 KB test_data=n/a
2026-02-02 16:58:09,050 DEBUG modssc.preprocess.api api.py:521: Preprocess step start: id=labels.to_torch index=1 kind=transform params={'device': 'auto', 'dtype': 'int64'}
2026-02-02 16:58:09,148 DEBUG modssc.preprocess.api api.py:605: Preprocess step train outputs: id=labels.to_torch keys=['labels.y'] duration_s=0.098
2026-02-02 16:58:09,148 INFO modssc.preprocess.api api.py:267: Preprocess GPU device: device=cuda:0 model=NVIDIA L40
2026-02-02 16:58:09,148 INFO modssc.preprocess.api api.py:679: Preprocess step done: id=labels.to_torch index=1 duration_s=0.098 train_data=54.6 KB test_data=n/a
2026-02-02 16:58:09,149 DEBUG modssc.preprocess.api api.py:521: Preprocess step start: id=core.ensure_2d index=2 kind=transform params={}
2026-02-02 16:58:09,151 DEBUG modssc.preprocess.api api.py:605: Preprocess step train outputs: id=core.ensure_2d keys=['features.X'] duration_s=0.002
2026-02-02 16:58:09,151 INFO modssc.preprocess.api api.py:679: Preprocess step done: id=core.ensure_2d index=2 duration_s=0.002 train_data=54.6 KB test_data=n/a
2026-02-02 16:58:09,151 DEBUG modssc.preprocess.api api.py:521: Preprocess step start: id=tabular.impute index=3 kind=fittable params={}
2026-02-02 16:58:10,096 DEBUG modssc.preprocess.api api.py:605: Preprocess step train outputs: id=tabular.impute keys=['features.X'] duration_s=0.945
2026-02-02 16:58:10,096 INFO modssc.preprocess.api api.py:679: Preprocess step done: id=tabular.impute index=3 duration_s=0.945 train_data=54.6 KB test_data=n/a
2026-02-02 16:58:10,096 DEBUG modssc.preprocess.api api.py:521: Preprocess step start: id=tabular.standard_scaler index=4 kind=fittable params={}
2026-02-02 16:58:10,098 DEBUG modssc.preprocess.api api.py:605: Preprocess step train outputs: id=tabular.standard_scaler keys=['features.X'] duration_s=0.002
2026-02-02 16:58:10,098 INFO modssc.preprocess.api api.py:679: Preprocess step done: id=tabular.standard_scaler index=4 duration_s=0.002 train_data=30.0 KB test_data=n/a
2026-02-02 16:58:10,098 DEBUG modssc.preprocess.api api.py:521: Preprocess step start: id=core.to_torch index=5 kind=transform params={'device': 'auto', 'dtype': 'float32'}
2026-02-02 16:58:10,099 DEBUG modssc.preprocess.api api.py:605: Preprocess step train outputs: id=core.to_torch keys=['features.X'] duration_s=0.001
2026-02-02 16:58:10,099 INFO modssc.preprocess.api api.py:679: Preprocess step done: id=core.to_torch index=5 duration_s=0.001 train_data=30.0 KB test_data=n/a
2026-02-02 16:58:10,099 INFO modssc.preprocess.api api.py:730: Preprocess done: dataset_fp=6dece738ab3dfc5f1500b389918a8723dfd218d54ba657c31846dda9cfbbc81f duration_s=1.052 train_X=(699, 9) test_X=None
2026-02-02 16:58:10,099 INFO bench.orchestrators.preprocess preprocess.py:124: Preprocess result: fingerprint=preprocess:e8e31b503533acb1dd05d9db0c55e174d3debbf7553704fffeddcdd394c40699 plan_fingerprint=resolved_plan:2fd28781de548db14dc25cb730c4a58beda13172ed36f45b2cc1411caf334e69 cache_dir=/nfs/home/mbarbaux/ModSSC/cache/preprocess/6dece738ab3dfc5f1500b389918a8723dfd218d54ba657c31846dda9cfbbc81f skipped=[]
2026-02-02 16:58:10,099 DEBUG bench.orchestrators.preprocess preprocess.py:131: Preprocess output shapes: train_X=(699, 9) test_X=None
2026-02-02 16:58:10,099 INFO bench.orchestrators.preprocess preprocess.py:136: Preprocess stage done: duration_s=1.052
2026-02-02 16:58:10,114 INFO bench.orchestrators.augmentation augmentation.py:66: Augmentation start: mode=fixed modality=tabular seed=1 n_samples=402 strong_views=1
2026-02-02 16:58:10,114 DEBUG bench.orchestrators.augmentation augmentation.py:74: Augmentation steps: weak=['tabular.gaussian_noise'] strong=['tabular.swap_noise']
2026-02-02 16:58:10,199 INFO bench.orchestrators.augmentation augmentation.py:191: Augmentation done: duration_s=0.085
2026-02-02 16:58:10,199 DEBUG bench.orchestrators.augmentation augmentation.py:192: Augmentation output shapes: weak=(402, 9) strong=(402, 9) strong_1=None
2026-02-02 16:58:10,199 INFO bench.orchestrators.method_inductive method_inductive.py:441: Inductive method start: id=vat seed=398591604 device=auto dtype=float32 model=mlp
2026-02-02 16:58:10,199 DEBUG bench.orchestrators.method_inductive method_inductive.py:470: Inductive method params: {'lambda_u': 1.0, 'unsup_warm_up': 0.4, 'batch_size': 128, 'max_epochs': 50, 'freeze_bn': False, 'detach_target': True}
2026-02-02 16:58:10,199 INFO bench.orchestrators.method_inductive method_inductive.py:476: Inductive method data: n_labeled=101 n_unlabeled=402
2026-02-02 16:58:11,062 INFO modssc.inductive.methods.vat vat.py:176: Starting vat.fit
2026-02-02 16:58:11,062 DEBUG modssc.inductive.methods.vat vat.py:177: params lambda_u=1.0 xi=1e-06 eps=2.5 num_iters=1 unsup_warm_up=0.4 batch_size=128 max_epochs=50 freeze_bn=False detach_target=True has_model_bundle=True device=DeviceSpec(device='auto', dtype='float32') seed=398591604
2026-02-02 16:58:11,062 INFO modssc.inductive.methods.vat vat.py:209: VAT sizes: n_labeled=101 n_unlabeled=402
2026-02-02 16:58:11,185 DEBUG modssc.inductive.methods.vat vat.py:308: VAT epoch=0 warm=0.000 sup_loss=0.7134 vat_loss=0.0078 eps=2.5 xi=1e-06
2026-02-02 16:58:11,218 DEBUG modssc.inductive.methods.vat vat.py:308: VAT epoch=1 warm=0.050 sup_loss=0.3197 vat_loss=0.1533 eps=2.5 xi=1e-06
2026-02-02 16:58:11,226 DEBUG modssc.inductive.methods.vat vat.py:308: VAT epoch=2 warm=0.100 sup_loss=0.1774 vat_loss=0.4310 eps=2.5 xi=1e-06
2026-02-02 16:58:11,234 DEBUG modssc.inductive.methods.vat vat.py:308: VAT epoch=3 warm=0.150 sup_loss=0.1403 vat_loss=0.5551 eps=2.5 xi=1e-06
2026-02-02 16:58:11,242 DEBUG modssc.inductive.methods.vat vat.py:308: VAT epoch=4 warm=0.200 sup_loss=0.1302 vat_loss=0.5687 eps=2.5 xi=1e-06
2026-02-02 16:58:11,250 DEBUG modssc.inductive.methods.vat vat.py:308: VAT epoch=5 warm=0.250 sup_loss=0.1296 vat_loss=0.6868 eps=2.5 xi=1e-06
2026-02-02 16:58:11,258 DEBUG modssc.inductive.methods.vat vat.py:308: VAT epoch=6 warm=0.300 sup_loss=0.1291 vat_loss=0.5857 eps=2.5 xi=1e-06
2026-02-02 16:58:11,267 DEBUG modssc.inductive.methods.vat vat.py:308: VAT epoch=7 warm=0.350 sup_loss=0.1441 vat_loss=0.4298 eps=2.5 xi=1e-06
2026-02-02 16:58:11,275 DEBUG modssc.inductive.methods.vat vat.py:308: VAT epoch=8 warm=0.400 sup_loss=0.1733 vat_loss=0.3574 eps=2.5 xi=1e-06
2026-02-02 16:58:11,283 DEBUG modssc.inductive.methods.vat vat.py:308: VAT epoch=9 warm=0.450 sup_loss=0.1978 vat_loss=0.2351 eps=2.5 xi=1e-06
2026-02-02 16:58:11,291 DEBUG modssc.inductive.methods.vat vat.py:308: VAT epoch=10 warm=0.500 sup_loss=0.2028 vat_loss=0.2396 eps=2.5 xi=1e-06
2026-02-02 16:58:11,299 DEBUG modssc.inductive.methods.vat vat.py:308: VAT epoch=11 warm=0.550 sup_loss=0.1883 vat_loss=0.2620 eps=2.5 xi=1e-06
2026-02-02 16:58:11,307 DEBUG modssc.inductive.methods.vat vat.py:308: VAT epoch=12 warm=0.600 sup_loss=0.1880 vat_loss=0.2789 eps=2.5 xi=1e-06
2026-02-02 16:58:11,315 DEBUG modssc.inductive.methods.vat vat.py:308: VAT epoch=13 warm=0.650 sup_loss=0.1704 vat_loss=0.2692 eps=2.5 xi=1e-06
2026-02-02 16:58:11,323 DEBUG modssc.inductive.methods.vat vat.py:308: VAT epoch=14 warm=0.700 sup_loss=0.1772 vat_loss=0.2196 eps=2.5 xi=1e-06
2026-02-02 16:58:11,331 DEBUG modssc.inductive.methods.vat vat.py:308: VAT epoch=15 warm=0.750 sup_loss=0.1795 vat_loss=0.2363 eps=2.5 xi=1e-06
2026-02-02 16:58:11,339 DEBUG modssc.inductive.methods.vat vat.py:308: VAT epoch=16 warm=0.800 sup_loss=0.1886 vat_loss=0.2275 eps=2.5 xi=1e-06
2026-02-02 16:58:11,347 DEBUG modssc.inductive.methods.vat vat.py:308: VAT epoch=17 warm=0.850 sup_loss=0.1865 vat_loss=0.2158 eps=2.5 xi=1e-06
2026-02-02 16:58:11,355 DEBUG modssc.inductive.methods.vat vat.py:308: VAT epoch=18 warm=0.900 sup_loss=0.1822 vat_loss=0.2455 eps=2.5 xi=1e-06
2026-02-02 16:58:11,363 DEBUG modssc.inductive.methods.vat vat.py:308: VAT epoch=19 warm=0.950 sup_loss=0.1926 vat_loss=0.2127 eps=2.5 xi=1e-06
2026-02-02 16:58:11,371 DEBUG modssc.inductive.methods.vat vat.py:308: VAT epoch=20 warm=1.000 sup_loss=0.1904 vat_loss=0.1610 eps=2.5 xi=1e-06
2026-02-02 16:58:11,379 DEBUG modssc.inductive.methods.vat vat.py:308: VAT epoch=21 warm=1.000 sup_loss=0.1944 vat_loss=0.1665 eps=2.5 xi=1e-06
2026-02-02 16:58:11,387 DEBUG modssc.inductive.methods.vat vat.py:308: VAT epoch=22 warm=1.000 sup_loss=0.1758 vat_loss=0.2049 eps=2.5 xi=1e-06
2026-02-02 16:58:11,395 DEBUG modssc.inductive.methods.vat vat.py:308: VAT epoch=23 warm=1.000 sup_loss=0.1615 vat_loss=0.1680 eps=2.5 xi=1e-06
2026-02-02 16:58:11,403 DEBUG modssc.inductive.methods.vat vat.py:308: VAT epoch=24 warm=1.000 sup_loss=0.1792 vat_loss=0.1821 eps=2.5 xi=1e-06
2026-02-02 16:58:11,411 DEBUG modssc.inductive.methods.vat vat.py:308: VAT epoch=25 warm=1.000 sup_loss=0.1802 vat_loss=0.1371 eps=2.5 xi=1e-06
2026-02-02 16:58:11,419 DEBUG modssc.inductive.methods.vat vat.py:308: VAT epoch=26 warm=1.000 sup_loss=0.1646 vat_loss=0.1685 eps=2.5 xi=1e-06
2026-02-02 16:58:11,427 DEBUG modssc.inductive.methods.vat vat.py:308: VAT epoch=27 warm=1.000 sup_loss=0.1654 vat_loss=0.1880 eps=2.5 xi=1e-06
2026-02-02 16:58:11,435 DEBUG modssc.inductive.methods.vat vat.py:308: VAT epoch=28 warm=1.000 sup_loss=0.1661 vat_loss=0.1678 eps=2.5 xi=1e-06
2026-02-02 16:58:11,443 DEBUG modssc.inductive.methods.vat vat.py:308: VAT epoch=29 warm=1.000 sup_loss=0.1748 vat_loss=0.1266 eps=2.5 xi=1e-06
2026-02-02 16:58:11,451 DEBUG modssc.inductive.methods.vat vat.py:308: VAT epoch=30 warm=1.000 sup_loss=0.1515 vat_loss=0.1519 eps=2.5 xi=1e-06
2026-02-02 16:58:11,459 DEBUG modssc.inductive.methods.vat vat.py:308: VAT epoch=31 warm=1.000 sup_loss=0.1430 vat_loss=0.1700 eps=2.5 xi=1e-06
2026-02-02 16:58:11,467 DEBUG modssc.inductive.methods.vat vat.py:308: VAT epoch=32 warm=1.000 sup_loss=0.1455 vat_loss=0.1691 eps=2.5 xi=1e-06
2026-02-02 16:58:11,475 DEBUG modssc.inductive.methods.vat vat.py:308: VAT epoch=33 warm=1.000 sup_loss=0.1399 vat_loss=0.1299 eps=2.5 xi=1e-06
2026-02-02 16:58:11,483 DEBUG modssc.inductive.methods.vat vat.py:308: VAT epoch=34 warm=1.000 sup_loss=0.1400 vat_loss=0.1542 eps=2.5 xi=1e-06
2026-02-02 16:58:11,491 DEBUG modssc.inductive.methods.vat vat.py:308: VAT epoch=35 warm=1.000 sup_loss=0.1210 vat_loss=0.1166 eps=2.5 xi=1e-06
2026-02-02 16:58:11,499 DEBUG modssc.inductive.methods.vat vat.py:308: VAT epoch=36 warm=1.000 sup_loss=0.1230 vat_loss=0.1622 eps=2.5 xi=1e-06
2026-02-02 16:58:11,507 DEBUG modssc.inductive.methods.vat vat.py:308: VAT epoch=37 warm=1.000 sup_loss=0.1250 vat_loss=0.1670 eps=2.5 xi=1e-06
2026-02-02 16:58:11,515 DEBUG modssc.inductive.methods.vat vat.py:308: VAT epoch=38 warm=1.000 sup_loss=0.1259 vat_loss=0.1576 eps=2.5 xi=1e-06
2026-02-02 16:58:11,523 DEBUG modssc.inductive.methods.vat vat.py:308: VAT epoch=39 warm=1.000 sup_loss=0.1155 vat_loss=0.1732 eps=2.5 xi=1e-06
2026-02-02 16:58:11,531 DEBUG modssc.inductive.methods.vat vat.py:308: VAT epoch=40 warm=1.000 sup_loss=0.1262 vat_loss=0.1440 eps=2.5 xi=1e-06
2026-02-02 16:58:11,538 DEBUG modssc.inductive.methods.vat vat.py:308: VAT epoch=41 warm=1.000 sup_loss=0.1299 vat_loss=0.1319 eps=2.5 xi=1e-06
2026-02-02 16:58:11,546 DEBUG modssc.inductive.methods.vat vat.py:308: VAT epoch=42 warm=1.000 sup_loss=0.1012 vat_loss=0.1561 eps=2.5 xi=1e-06
2026-02-02 16:58:11,554 DEBUG modssc.inductive.methods.vat vat.py:308: VAT epoch=43 warm=1.000 sup_loss=0.0857 vat_loss=0.2007 eps=2.5 xi=1e-06
2026-02-02 16:58:11,562 DEBUG modssc.inductive.methods.vat vat.py:308: VAT epoch=44 warm=1.000 sup_loss=0.0883 vat_loss=0.1990 eps=2.5 xi=1e-06
2026-02-02 16:58:11,570 DEBUG modssc.inductive.methods.vat vat.py:308: VAT epoch=45 warm=1.000 sup_loss=0.1152 vat_loss=0.1580 eps=2.5 xi=1e-06
2026-02-02 16:58:11,578 DEBUG modssc.inductive.methods.vat vat.py:308: VAT epoch=46 warm=1.000 sup_loss=0.1120 vat_loss=0.1269 eps=2.5 xi=1e-06
2026-02-02 16:58:11,586 DEBUG modssc.inductive.methods.vat vat.py:308: VAT epoch=47 warm=1.000 sup_loss=0.1031 vat_loss=0.1699 eps=2.5 xi=1e-06
2026-02-02 16:58:11,594 DEBUG modssc.inductive.methods.vat vat.py:308: VAT epoch=48 warm=1.000 sup_loss=0.0877 vat_loss=0.1458 eps=2.5 xi=1e-06
2026-02-02 16:58:11,602 DEBUG modssc.inductive.methods.vat vat.py:308: VAT epoch=49 warm=1.000 sup_loss=0.0979 vat_loss=0.1537 eps=2.5 xi=1e-06
2026-02-02 16:58:11,609 INFO modssc.inductive.methods.vat vat.py:326: Finished vat.fit in 0.547s
2026-02-02 16:58:11,609 INFO bench.orchestrators.method_inductive method_inductive.py:550: Inductive method done: id=vat duration_s=1.410
2026-02-02 16:58:11,609 INFO bench.orchestrators.evaluation evaluation.py:189: Evaluation (inductive): splits=['val', 'test'] metrics=['accuracy', 'macro_f1']
2026-02-02 16:58:11,617 INFO bench.orchestrators.evaluation evaluation.py:231: Evaluation (inductive) done: duration_s=0.008
2026-02-02 16:58:11,618 INFO bench.orchestrators.reporting reporting.py:54: Run summary written: /nfs/home/mbarbaux/ModSSC/runs/inductive/vat/tabular/breast_cancer/best_tabular_inductive_vat_breast_cancer-20260202T155808Z/run.json status=success duration_s=0.001
