2026-02-02 15:08:05,049 INFO bench.orchestrators.dataset dataset.py:36: Dataset start: id=adult download=True cache_dir=None
2026-02-02 15:08:05,049 DEBUG bench.orchestrators.dataset dataset.py:42: Dataset options: []
2026-02-02 15:08:05,053 DEBUG modssc.data_loader.providers __init__.py:38: Creating provider: openml
2026-02-02 15:08:05,053 DEBUG modssc.data_loader.api api.py:316: Resolved dataset id=adult provider=openml canonical_uri=openml:1590
2026-02-02 15:08:05,053 INFO modssc.data_loader.api api.py:117: Dataset load: id=adult provider=openml version=None fingerprint=f9281cab47a3de02bacdff6aeecab3cc3bec164d4d321622f81551b6b4f82967 download=True force=False cache_dir=/nfs/home/mbarbaux/ModSSC/cache/datasets
2026-02-02 15:08:05,053 DEBUG modssc.data_loader.api api.py:127: Dataset resolved_kwargs: {'data_id': 1590, 'name': None, 'version': None, 'as_frame': False, 'target_column': None, 'class_filter': None, 'max_samples': None, 'seed': None}
2026-02-02 15:08:05,115 DEBUG modssc.data_loader.api api.py:403: Loaded cached dataset: fingerprint=f9281cab47a3de02bacdff6aeecab3cc3bec164d4d321622f81551b6b4f82967
2026-02-02 15:08:05,135 INFO modssc.data_loader.api api.py:133: Dataset cached: id=adult train=48842 test=None n_classes=2 duration_s=0.086
2026-02-02 15:08:05,135 INFO bench.orchestrators.dataset dataset.py:54: Dataset loaded: train=48842 test=None graph=False fingerprint=f9281cab47a3de02bacdff6aeecab3cc3bec164d4d321622f81551b6b4f82967 provider=openml
2026-02-02 15:08:05,135 INFO bench.orchestrators.dataset dataset.py:62: Dataset stage done: duration_s=0.087
2026-02-02 15:08:05,184 INFO bench.orchestrators.sampling sampling.py:86: Sampling start: seed=1 dataset_id=adult
2026-02-02 15:08:05,184 DEBUG bench.orchestrators.sampling sampling.py:87: Sampling plan: split={'kind': 'holdout', 'test_fraction': 0.2, 'val_fraction': 0.1, 'stratify': True, 'shuffle': True} labeling={'mode': 'fraction', 'value': 0.2, 'per_class': False, 'min_per_class': 1, 'strategy': 'balanced', 'fixed_indices': None} imbalance={'kind': 'none', 'apply_to': 'train', 'max_per_class': None, 'alpha': None, 'min_per_class': 1} policy={'respect_official_test': True, 'use_official_graph_masks': True, 'allow_override_official': False}
2026-02-02 15:08:05,184 DEBUG bench.orchestrators.sampling sampling.py:98: Sampling dataset_fingerprint=f9281cab47a3de02bacdff6aeecab3cc3bec164d4d321622f81551b6b4f82967
2026-02-02 15:08:05,185 INFO modssc.sampling.api api.py:99: Sampling start: dataset_id=adult dataset_fingerprint=f9281cab47a3de02bacdff6aeecab3cc3bec164d4d321622f81551b6b4f82967 seed=1 graph=False split=holdout
2026-02-02 15:08:05,185 DEBUG modssc.sampling.api api.py:107: Sampling plan: {'split': {'kind': 'holdout', 'test_fraction': 0.2, 'val_fraction': 0.1, 'stratify': True, 'shuffle': True}, 'labeling': {'mode': 'fraction', 'value': 0.2, 'per_class': False, 'min_per_class': 1, 'strategy': 'balanced', 'fixed_indices': None}, 'imbalance': {'kind': 'none', 'apply_to': 'train', 'max_per_class': None, 'alpha': None, 'min_per_class': 1}, 'policy': {'respect_official_test': True, 'use_official_graph_masks': True, 'allow_override_official': False}}
2026-02-02 15:08:05,286 INFO modssc.sampling.api api.py:141: Sampling done: train=35167 val=3907 test=9768 labeled=7033 unlabeled=28134 duration_s=0.101
2026-02-02 15:08:05,286 DEBUG modssc.sampling.api api.py:150: Sampling stats: {'policy': {'respect_official_test': True, 'has_official_test': False, 'test_ref': 'train'}, 'train': {'n': 35167, 'classes': {'<=50K': 26752, '>50K': 8415}}, 'val': {'n': 3907, 'classes': {'<=50K': 2972, '>50K': 935}}, 'train_labeled': {'n': 7033, 'classes': {'<=50K': 3517, '>50K': 3516}}, 'train_unlabeled': {'n': 28134}, 'test': {'n': 9768, 'classes': {'<=50K': 7431, '>50K': 2337}}}
2026-02-02 15:08:05,307 INFO bench.orchestrators.sampling sampling.py:123: Sampling result: train=35167 val=3907 test=9768 labeled=7033 unlabeled=28134 graph=False
2026-02-02 15:08:05,307 DEBUG bench.orchestrators.sampling sampling.py:132: Sampling stats: {'policy': {'respect_official_test': True, 'has_official_test': False, 'test_ref': 'train'}, 'train': {'n': 35167, 'classes': {'<=50K': 26752, '>50K': 8415}}, 'val': {'n': 3907, 'classes': {'<=50K': 2972, '>50K': 935}}, 'train_labeled': {'n': 7033, 'classes': {'<=50K': 3517, '>50K': 3516}}, 'train_unlabeled': {'n': 28134}, 'test': {'n': 9768, 'classes': {'<=50K': 7431, '>50K': 2337}}}
2026-02-02 15:08:05,307 INFO bench.orchestrators.sampling sampling.py:133: Sampling stage done: duration_s=0.123
2026-02-02 15:08:05,307 INFO bench.orchestrators.preprocess preprocess.py:105: Preprocess start: seed=1 cache=True n_steps=7 fit_indices=7033
2026-02-02 15:08:05,307 DEBUG bench.orchestrators.preprocess preprocess.py:112: Preprocess plan: output_key=features.X steps=['labels.encode', 'labels.to_torch', 'tabular.one_hot', 'core.ensure_2d', 'tabular.impute', 'tabular.standard_scaler', 'core.to_torch']
2026-02-02 15:08:05,307 INFO modssc.preprocess.api api.py:490: Preprocess start: dataset_fp=f9281cab47a3de02bacdff6aeecab3cc3bec164d4d321622f81551b6b4f82967 steps=['labels.encode', 'labels.to_torch', 'tabular.one_hot', 'core.ensure_2d', 'tabular.impute', 'tabular.standard_scaler', 'core.to_torch'] output_key=features.X seed=1 cache=True
2026-02-02 15:08:05,307 DEBUG modssc.preprocess.api api.py:498: Preprocess input shapes: train_X=(48842, 14) train_y=(48842,) test_X=None test_y=None
2026-02-02 15:08:05,308 INFO modssc.preprocess.api api.py:505: Preprocess input size: train_data=5.6 MB test_data=n/a
2026-02-02 15:08:05,308 DEBUG modssc.preprocess.api api.py:521: Preprocess step start: id=labels.encode index=0 kind=transform params={}
2026-02-02 15:08:05,311 DEBUG modssc.preprocess.api api.py:605: Preprocess step train outputs: id=labels.encode keys=['labels.classes', 'labels.y'] duration_s=0.003
2026-02-02 15:08:05,311 INFO modssc.preprocess.api api.py:679: Preprocess step done: id=labels.encode index=0 duration_s=0.003 train_data=5.6 MB test_data=n/a
2026-02-02 15:08:05,311 DEBUG modssc.preprocess.api api.py:521: Preprocess step start: id=labels.to_torch index=1 kind=transform params={'device': 'auto', 'dtype': 'int64'}
2026-02-02 15:08:05,408 DEBUG modssc.preprocess.api api.py:605: Preprocess step train outputs: id=labels.to_torch keys=['labels.y'] duration_s=0.098
2026-02-02 15:08:05,409 INFO modssc.preprocess.api api.py:267: Preprocess GPU device: device=cuda:0 model=NVIDIA L40
2026-02-02 15:08:05,409 INFO modssc.preprocess.api api.py:679: Preprocess step done: id=labels.to_torch index=1 duration_s=0.098 train_data=5.6 MB test_data=n/a
2026-02-02 15:08:05,409 DEBUG modssc.preprocess.api api.py:521: Preprocess step start: id=tabular.one_hot index=2 kind=fittable params={}
2026-02-02 15:08:06,305 DEBUG modssc.preprocess.api api.py:605: Preprocess step train outputs: id=tabular.one_hot keys=['features.X'] duration_s=0.896
2026-02-02 15:08:06,305 INFO modssc.preprocess.api api.py:679: Preprocess step done: id=tabular.one_hot index=2 duration_s=0.896 train_data=20.1 MB test_data=n/a
2026-02-02 15:08:06,305 DEBUG modssc.preprocess.api api.py:521: Preprocess step start: id=core.ensure_2d index=3 kind=transform params={}
2026-02-02 15:08:06,311 DEBUG modssc.preprocess.api api.py:605: Preprocess step train outputs: id=core.ensure_2d keys=['features.X'] duration_s=0.006
2026-02-02 15:08:06,311 INFO modssc.preprocess.api api.py:679: Preprocess step done: id=core.ensure_2d index=3 duration_s=0.006 train_data=20.1 MB test_data=n/a
2026-02-02 15:08:06,312 DEBUG modssc.preprocess.api api.py:521: Preprocess step start: id=tabular.impute index=4 kind=fittable params={}
2026-02-02 15:08:06,380 DEBUG modssc.preprocess.api api.py:605: Preprocess step train outputs: id=tabular.impute keys=['features.X'] duration_s=0.068
2026-02-02 15:08:06,380 INFO modssc.preprocess.api api.py:679: Preprocess step done: id=tabular.impute index=4 duration_s=0.068 train_data=20.1 MB test_data=n/a
2026-02-02 15:08:06,380 DEBUG modssc.preprocess.api api.py:521: Preprocess step start: id=tabular.standard_scaler index=5 kind=fittable params={}
2026-02-02 15:08:06,389 DEBUG modssc.preprocess.api api.py:605: Preprocess step train outputs: id=tabular.standard_scaler keys=['features.X'] duration_s=0.009
2026-02-02 15:08:06,389 INFO modssc.preprocess.api api.py:679: Preprocess step done: id=tabular.standard_scaler index=5 duration_s=0.009 train_data=20.1 MB test_data=n/a
2026-02-02 15:08:06,389 DEBUG modssc.preprocess.api api.py:521: Preprocess step start: id=core.to_torch index=6 kind=transform params={'device': 'auto', 'dtype': 'float32'}
2026-02-02 15:08:06,395 DEBUG modssc.preprocess.api api.py:605: Preprocess step train outputs: id=core.to_torch keys=['features.X'] duration_s=0.006
2026-02-02 15:08:06,395 INFO modssc.preprocess.api api.py:679: Preprocess step done: id=core.to_torch index=6 duration_s=0.006 train_data=20.1 MB test_data=n/a
2026-02-02 15:08:06,395 INFO modssc.preprocess.api api.py:730: Preprocess done: dataset_fp=f9281cab47a3de02bacdff6aeecab3cc3bec164d4d321622f81551b6b4f82967 duration_s=1.088 train_X=(48842, 106) test_X=None
2026-02-02 15:08:06,396 INFO bench.orchestrators.preprocess preprocess.py:124: Preprocess result: fingerprint=preprocess:4a34efb2af7b2f814e0c648ef7e59972547c0b2de37b10570aceee8bd9625ae2 plan_fingerprint=resolved_plan:6ed490995fe0d8f1eb30fd0ca8262522145e7cafa3ba073f9c42e71d197f40ef cache_dir=/nfs/home/mbarbaux/ModSSC/cache/preprocess/f9281cab47a3de02bacdff6aeecab3cc3bec164d4d321622f81551b6b4f82967 skipped=[]
2026-02-02 15:08:06,396 DEBUG bench.orchestrators.preprocess preprocess.py:131: Preprocess output shapes: train_X=(48842, 106) test_X=None
2026-02-02 15:08:06,396 INFO bench.orchestrators.preprocess preprocess.py:136: Preprocess stage done: duration_s=1.089
2026-02-02 15:08:06,396 INFO bench.orchestrators.method_inductive method_inductive.py:441: Inductive method start: id=self_training seed=398591604 device=auto dtype=float32 model=None
2026-02-02 15:08:06,396 DEBUG bench.orchestrators.method_inductive method_inductive.py:470: Inductive method params: {'classifier_id': 'mlp', 'classifier_backend': 'torch', 'classifier_params': {'hidden_sizes': [256, 256], 'activation': 'relu', 'dropout': 0.1, 'lr': 0.001, 'weight_decay': 0.0, 'batch_size': 128, 'max_epochs': 50}, 'max_iter': 10, 'confidence_threshold': 0.95, 'min_new_labels': 1}
2026-02-02 15:08:06,396 INFO bench.orchestrators.method_inductive method_inductive.py:476: Inductive method data: n_labeled=7033 n_unlabeled=28134
2026-02-02 15:08:06,409 INFO modssc.inductive.methods.self_training self_training.py:247: Starting self_training.fit
2026-02-02 15:08:06,409 DEBUG modssc.inductive.methods.self_training self_training.py:248: spec=SelfTrainingSpec(classifier_id='mlp', classifier_backend='torch', classifier_params={'hidden_sizes': [256, 256], 'activation': 'relu', 'dropout': 0.1, 'lr': 0.001, 'weight_decay': 0.0, 'batch_size': 128, 'max_epochs': 50}, max_iter=10, confidence_threshold=0.95, max_new_labels=None, min_new_labels=1, use_group_propagation=None, group_key=None, group_min_count=2, group_min_fraction=1.0, group_confidence_threshold=None) device=DeviceSpec(device='auto', dtype='float32') seed=398591604
2026-02-02 15:08:06,409 DEBUG modssc.inductive.methods.self_training self_training.py:257: backend=torch
2026-02-02 15:08:06,411 INFO modssc.supervised.backends.torch.mlp mlp.py:75: Starting mlp.fit
2026-02-02 15:08:06,411 DEBUG modssc.supervised.backends.torch.mlp mlp.py:76: params hidden_sizes=(256, 256) activation=relu dropout=0.1 lr=0.001 weight_decay=0.0 batch_size=128 max_epochs=50 seed=398591604 n_jobs=None
2026-02-02 15:08:09,024 INFO modssc.supervised.backends.torch.mlp mlp.py:167: Finished mlp.fit in 2.613s
2026-02-02 15:08:09,042 DEBUG modssc.inductive.methods.self_training self_training.py:433: Self-training iter=0 direct=18678 group_added=0 total_new=18678 remaining=28134
2026-02-02 15:08:09,048 INFO modssc.supervised.backends.torch.mlp mlp.py:75: Starting mlp.fit
2026-02-02 15:08:09,049 DEBUG modssc.supervised.backends.torch.mlp mlp.py:76: params hidden_sizes=(256, 256) activation=relu dropout=0.1 lr=0.001 weight_decay=0.0 batch_size=128 max_epochs=50 seed=398591604 n_jobs=None
2026-02-02 15:08:14,858 INFO modssc.supervised.backends.torch.mlp mlp.py:167: Finished mlp.fit in 5.809s
2026-02-02 15:08:14,862 DEBUG modssc.inductive.methods.self_training self_training.py:433: Self-training iter=1 direct=3077 group_added=0 total_new=3077 remaining=9456
2026-02-02 15:08:14,862 INFO modssc.supervised.backends.torch.mlp mlp.py:75: Starting mlp.fit
2026-02-02 15:08:14,862 DEBUG modssc.supervised.backends.torch.mlp mlp.py:76: params hidden_sizes=(256, 256) activation=relu dropout=0.1 lr=0.001 weight_decay=0.0 batch_size=128 max_epochs=50 seed=398591604 n_jobs=None
2026-02-02 15:08:21,375 INFO modssc.supervised.backends.torch.mlp mlp.py:167: Finished mlp.fit in 6.513s
2026-02-02 15:08:21,378 DEBUG modssc.inductive.methods.self_training self_training.py:433: Self-training iter=2 direct=1269 group_added=0 total_new=1269 remaining=6379
2026-02-02 15:08:21,378 INFO modssc.supervised.backends.torch.mlp mlp.py:75: Starting mlp.fit
2026-02-02 15:08:21,378 DEBUG modssc.supervised.backends.torch.mlp mlp.py:76: params hidden_sizes=(256, 256) activation=relu dropout=0.1 lr=0.001 weight_decay=0.0 batch_size=128 max_epochs=50 seed=398591604 n_jobs=None
2026-02-02 15:08:28,211 INFO modssc.supervised.backends.torch.mlp mlp.py:167: Finished mlp.fit in 6.833s
2026-02-02 15:08:28,213 DEBUG modssc.inductive.methods.self_training self_training.py:433: Self-training iter=3 direct=694 group_added=0 total_new=694 remaining=5110
2026-02-02 15:08:28,213 INFO modssc.supervised.backends.torch.mlp mlp.py:75: Starting mlp.fit
2026-02-02 15:08:28,213 DEBUG modssc.supervised.backends.torch.mlp mlp.py:76: params hidden_sizes=(256, 256) activation=relu dropout=0.1 lr=0.001 weight_decay=0.0 batch_size=128 max_epochs=50 seed=398591604 n_jobs=None
2026-02-02 15:08:35,170 INFO modssc.supervised.backends.torch.mlp mlp.py:167: Finished mlp.fit in 6.957s
2026-02-02 15:08:35,171 DEBUG modssc.inductive.methods.self_training self_training.py:433: Self-training iter=4 direct=462 group_added=0 total_new=462 remaining=4416
2026-02-02 15:08:35,172 INFO modssc.supervised.backends.torch.mlp mlp.py:75: Starting mlp.fit
2026-02-02 15:08:35,172 DEBUG modssc.supervised.backends.torch.mlp mlp.py:76: params hidden_sizes=(256, 256) activation=relu dropout=0.1 lr=0.001 weight_decay=0.0 batch_size=128 max_epochs=50 seed=398591604 n_jobs=None
2026-02-02 15:08:42,295 INFO modssc.supervised.backends.torch.mlp mlp.py:167: Finished mlp.fit in 7.123s
2026-02-02 15:08:42,296 DEBUG modssc.inductive.methods.self_training self_training.py:433: Self-training iter=5 direct=370 group_added=0 total_new=370 remaining=3954
2026-02-02 15:08:42,297 INFO modssc.supervised.backends.torch.mlp mlp.py:75: Starting mlp.fit
2026-02-02 15:08:42,297 DEBUG modssc.supervised.backends.torch.mlp mlp.py:76: params hidden_sizes=(256, 256) activation=relu dropout=0.1 lr=0.001 weight_decay=0.0 batch_size=128 max_epochs=50 seed=398591604 n_jobs=None
2026-02-02 15:08:49,437 INFO modssc.supervised.backends.torch.mlp mlp.py:167: Finished mlp.fit in 7.141s
2026-02-02 15:08:49,439 DEBUG modssc.inductive.methods.self_training self_training.py:433: Self-training iter=6 direct=224 group_added=0 total_new=224 remaining=3584
2026-02-02 15:08:49,439 INFO modssc.supervised.backends.torch.mlp mlp.py:75: Starting mlp.fit
2026-02-02 15:08:49,439 DEBUG modssc.supervised.backends.torch.mlp mlp.py:76: params hidden_sizes=(256, 256) activation=relu dropout=0.1 lr=0.001 weight_decay=0.0 batch_size=128 max_epochs=50 seed=398591604 n_jobs=None
2026-02-02 15:08:56,655 INFO modssc.supervised.backends.torch.mlp mlp.py:167: Finished mlp.fit in 7.216s
2026-02-02 15:08:56,656 DEBUG modssc.inductive.methods.self_training self_training.py:433: Self-training iter=7 direct=201 group_added=0 total_new=201 remaining=3360
2026-02-02 15:08:56,656 INFO modssc.supervised.backends.torch.mlp mlp.py:75: Starting mlp.fit
2026-02-02 15:08:56,656 DEBUG modssc.supervised.backends.torch.mlp mlp.py:76: params hidden_sizes=(256, 256) activation=relu dropout=0.1 lr=0.001 weight_decay=0.0 batch_size=128 max_epochs=50 seed=398591604 n_jobs=None
2026-02-02 15:09:03,913 INFO modssc.supervised.backends.torch.mlp mlp.py:167: Finished mlp.fit in 7.257s
2026-02-02 15:09:03,914 DEBUG modssc.inductive.methods.self_training self_training.py:433: Self-training iter=8 direct=169 group_added=0 total_new=169 remaining=3159
2026-02-02 15:09:03,915 INFO modssc.supervised.backends.torch.mlp mlp.py:75: Starting mlp.fit
2026-02-02 15:09:03,915 DEBUG modssc.supervised.backends.torch.mlp mlp.py:76: params hidden_sizes=(256, 256) activation=relu dropout=0.1 lr=0.001 weight_decay=0.0 batch_size=128 max_epochs=50 seed=398591604 n_jobs=None
2026-02-02 15:09:11,214 INFO modssc.supervised.backends.torch.mlp mlp.py:167: Finished mlp.fit in 7.299s
2026-02-02 15:09:11,215 DEBUG modssc.inductive.methods.self_training self_training.py:433: Self-training iter=9 direct=107 group_added=0 total_new=107 remaining=2990
2026-02-02 15:09:11,215 INFO modssc.supervised.backends.torch.mlp mlp.py:75: Starting mlp.fit
2026-02-02 15:09:11,215 DEBUG modssc.supervised.backends.torch.mlp mlp.py:76: params hidden_sizes=(256, 256) activation=relu dropout=0.1 lr=0.001 weight_decay=0.0 batch_size=128 max_epochs=50 seed=398591604 n_jobs=None
2026-02-02 15:09:18,559 INFO modssc.supervised.backends.torch.mlp mlp.py:167: Finished mlp.fit in 7.344s
2026-02-02 15:09:18,559 INFO modssc.inductive.methods.self_training self_training.py:466: Finished self_training.fit in 72.151s
2026-02-02 15:09:18,559 INFO bench.orchestrators.method_inductive method_inductive.py:550: Inductive method done: id=self_training duration_s=72.164
2026-02-02 15:09:18,559 INFO bench.orchestrators.evaluation evaluation.py:189: Evaluation (inductive): splits=['val', 'test'] metrics=['accuracy', 'macro_f1']
2026-02-02 15:09:18,573 INFO bench.orchestrators.evaluation evaluation.py:231: Evaluation (inductive) done: duration_s=0.014
2026-02-02 15:09:18,576 INFO bench.orchestrators.reporting reporting.py:54: Run summary written: /nfs/home/mbarbaux/ModSSC/runs/inductive/self_training/tabular/adult/best_tabular_inductive_self_training_adult-20260202T140805Z/run.json status=success duration_s=0.002
