2026-02-02 17:02:34,916 INFO bench.orchestrators.dataset dataset.py:36: Dataset start: id=iris download=True cache_dir=None
2026-02-02 17:02:34,916 DEBUG bench.orchestrators.dataset dataset.py:42: Dataset options: []
2026-02-02 17:02:34,920 DEBUG modssc.data_loader.providers __init__.py:38: Creating provider: openml
2026-02-02 17:02:34,920 DEBUG modssc.data_loader.api api.py:316: Resolved dataset id=iris provider=openml canonical_uri=openml:61
2026-02-02 17:02:34,920 INFO modssc.data_loader.api api.py:117: Dataset load: id=iris provider=openml version=None fingerprint=ba055ddc9f9ca1b72ab8a14217263923c7ce2466a9ada1892118d69873fd8572 download=True force=False cache_dir=/nfs/home/mbarbaux/ModSSC/cache/datasets
2026-02-02 17:02:34,920 DEBUG modssc.data_loader.api api.py:127: Dataset resolved_kwargs: {'data_id': 61, 'name': None, 'version': None, 'as_frame': False, 'target_column': None, 'class_filter': None, 'max_samples': None, 'seed': None}
2026-02-02 17:02:34,922 DEBUG modssc.data_loader.api api.py:403: Loaded cached dataset: fingerprint=ba055ddc9f9ca1b72ab8a14217263923c7ce2466a9ada1892118d69873fd8572
2026-02-02 17:02:34,926 INFO modssc.data_loader.api api.py:133: Dataset cached: id=iris train=150 test=None n_classes=3 duration_s=0.010
2026-02-02 17:02:34,926 INFO bench.orchestrators.dataset dataset.py:54: Dataset loaded: train=150 test=None graph=False fingerprint=ba055ddc9f9ca1b72ab8a14217263923c7ce2466a9ada1892118d69873fd8572 provider=openml
2026-02-02 17:02:34,926 INFO bench.orchestrators.dataset dataset.py:62: Dataset stage done: duration_s=0.010
2026-02-02 17:02:34,948 INFO bench.orchestrators.sampling sampling.py:86: Sampling start: seed=1 dataset_id=iris
2026-02-02 17:02:34,948 DEBUG bench.orchestrators.sampling sampling.py:87: Sampling plan: split={'kind': 'holdout', 'test_fraction': 0.2, 'val_fraction': 0.1, 'stratify': True, 'shuffle': True} labeling={'mode': 'fraction', 'value': 0.2, 'per_class': False, 'min_per_class': 1, 'strategy': 'balanced', 'fixed_indices': None} imbalance={'kind': 'none', 'apply_to': 'train', 'max_per_class': None, 'alpha': None, 'min_per_class': 1} policy={'respect_official_test': True, 'use_official_graph_masks': True, 'allow_override_official': False}
2026-02-02 17:02:34,949 DEBUG bench.orchestrators.sampling sampling.py:98: Sampling dataset_fingerprint=ba055ddc9f9ca1b72ab8a14217263923c7ce2466a9ada1892118d69873fd8572
2026-02-02 17:02:34,949 INFO modssc.sampling.api api.py:99: Sampling start: dataset_id=iris dataset_fingerprint=ba055ddc9f9ca1b72ab8a14217263923c7ce2466a9ada1892118d69873fd8572 seed=1 graph=False split=holdout
2026-02-02 17:02:34,949 DEBUG modssc.sampling.api api.py:107: Sampling plan: {'split': {'kind': 'holdout', 'test_fraction': 0.2, 'val_fraction': 0.1, 'stratify': True, 'shuffle': True}, 'labeling': {'mode': 'fraction', 'value': 0.2, 'per_class': False, 'min_per_class': 1, 'strategy': 'balanced', 'fixed_indices': None}, 'imbalance': {'kind': 'none', 'apply_to': 'train', 'max_per_class': None, 'alpha': None, 'min_per_class': 1}, 'policy': {'respect_official_test': True, 'use_official_graph_masks': True, 'allow_override_official': False}}
2026-02-02 17:02:34,956 INFO modssc.sampling.api api.py:141: Sampling done: train=108 val=12 test=30 labeled=22 unlabeled=86 duration_s=0.007
2026-02-02 17:02:34,956 DEBUG modssc.sampling.api api.py:150: Sampling stats: {'policy': {'respect_official_test': True, 'has_official_test': False, 'test_ref': 'train'}, 'train': {'n': 108, 'classes': {'Iris-setosa': 36, 'Iris-versicolor': 36, 'Iris-virginica': 36}}, 'val': {'n': 12, 'classes': {'Iris-setosa': 4, 'Iris-versicolor': 4, 'Iris-virginica': 4}}, 'train_labeled': {'n': 22, 'classes': {'Iris-setosa': 8, 'Iris-versicolor': 7, 'Iris-virginica': 7}}, 'train_unlabeled': {'n': 86}, 'test': {'n': 30, 'classes': {'Iris-setosa': 10, 'Iris-versicolor': 10, 'Iris-virginica': 10}}}
2026-02-02 17:02:34,956 INFO bench.orchestrators.sampling sampling.py:123: Sampling result: train=108 val=12 test=30 labeled=22 unlabeled=86 graph=False
2026-02-02 17:02:34,956 DEBUG bench.orchestrators.sampling sampling.py:132: Sampling stats: {'policy': {'respect_official_test': True, 'has_official_test': False, 'test_ref': 'train'}, 'train': {'n': 108, 'classes': {'Iris-setosa': 36, 'Iris-versicolor': 36, 'Iris-virginica': 36}}, 'val': {'n': 12, 'classes': {'Iris-setosa': 4, 'Iris-versicolor': 4, 'Iris-virginica': 4}}, 'train_labeled': {'n': 22, 'classes': {'Iris-setosa': 8, 'Iris-versicolor': 7, 'Iris-virginica': 7}}, 'train_unlabeled': {'n': 86}, 'test': {'n': 30, 'classes': {'Iris-setosa': 10, 'Iris-versicolor': 10, 'Iris-virginica': 10}}}
2026-02-02 17:02:34,956 INFO bench.orchestrators.sampling sampling.py:133: Sampling stage done: duration_s=0.008
2026-02-02 17:02:34,956 INFO bench.orchestrators.preprocess preprocess.py:105: Preprocess start: seed=1 cache=True n_steps=4 fit_indices=22
2026-02-02 17:02:34,956 DEBUG bench.orchestrators.preprocess preprocess.py:112: Preprocess plan: output_key=features.X steps=['labels.encode', 'core.ensure_2d', 'core.pca', 'core.to_numpy']
2026-02-02 17:02:34,956 INFO modssc.preprocess.api api.py:490: Preprocess start: dataset_fp=ba055ddc9f9ca1b72ab8a14217263923c7ce2466a9ada1892118d69873fd8572 steps=['labels.encode', 'core.ensure_2d', 'core.pca', 'core.to_numpy'] output_key=features.X seed=1 cache=True
2026-02-02 17:02:34,956 DEBUG modssc.preprocess.api api.py:498: Preprocess input shapes: train_X=(150, 4) train_y=(150,) test_X=None test_y=None
2026-02-02 17:02:34,956 INFO modssc.preprocess.api api.py:505: Preprocess input size: train_data=5.9 KB test_data=n/a
2026-02-02 17:02:34,957 DEBUG modssc.preprocess.api api.py:521: Preprocess step start: id=labels.encode index=0 kind=transform params={}
2026-02-02 17:02:34,962 DEBUG modssc.preprocess.api api.py:605: Preprocess step train outputs: id=labels.encode keys=['labels.classes', 'labels.y'] duration_s=0.005
2026-02-02 17:02:34,962 INFO modssc.preprocess.api api.py:679: Preprocess step done: id=labels.encode index=0 duration_s=0.005 train_data=5.9 KB test_data=n/a
2026-02-02 17:02:34,962 DEBUG modssc.preprocess.api api.py:521: Preprocess step start: id=core.ensure_2d index=1 kind=transform params={}
2026-02-02 17:02:34,963 DEBUG modssc.preprocess.api api.py:605: Preprocess step train outputs: id=core.ensure_2d keys=['features.X'] duration_s=0.001
2026-02-02 17:02:34,963 INFO modssc.preprocess.api api.py:679: Preprocess step done: id=core.ensure_2d index=1 duration_s=0.001 train_data=5.9 KB test_data=n/a
2026-02-02 17:02:34,963 DEBUG modssc.preprocess.api api.py:521: Preprocess step start: id=core.pca index=2 kind=fittable params={'n_components': 30}
2026-02-02 17:02:34,965 DEBUG modssc.preprocess.api api.py:605: Preprocess step train outputs: id=core.pca keys=['features.X'] duration_s=0.002
2026-02-02 17:02:34,965 INFO modssc.preprocess.api api.py:679: Preprocess step done: id=core.pca index=2 duration_s=0.002 train_data=3.5 KB test_data=n/a
2026-02-02 17:02:34,965 DEBUG modssc.preprocess.api api.py:521: Preprocess step start: id=core.to_numpy index=3 kind=transform params={}
2026-02-02 17:02:34,966 DEBUG modssc.preprocess.api api.py:605: Preprocess step train outputs: id=core.to_numpy keys=['features.X'] duration_s=0.001
2026-02-02 17:02:34,966 INFO modssc.preprocess.api api.py:679: Preprocess step done: id=core.to_numpy index=3 duration_s=0.001 train_data=3.5 KB test_data=n/a
2026-02-02 17:02:34,966 INFO modssc.preprocess.api api.py:730: Preprocess done: dataset_fp=ba055ddc9f9ca1b72ab8a14217263923c7ce2466a9ada1892118d69873fd8572 duration_s=0.010 train_X=(150, 4) test_X=None
2026-02-02 17:02:34,966 INFO bench.orchestrators.preprocess preprocess.py:124: Preprocess result: fingerprint=preprocess:b6b1c4c39e1e6824211dff3e25a871abb8d6e7745886b9d24299e0c03848f43c plan_fingerprint=resolved_plan:482a0984f51742ea5d9dbcc35f660359eaee028ed4420e88d582a288bf1fe3f8 cache_dir=/nfs/home/mbarbaux/ModSSC/cache/preprocess/ba055ddc9f9ca1b72ab8a14217263923c7ce2466a9ada1892118d69873fd8572 skipped=[]
2026-02-02 17:02:34,966 DEBUG bench.orchestrators.preprocess preprocess.py:131: Preprocess output shapes: train_X=(150, 4) test_X=None
2026-02-02 17:02:34,966 INFO bench.orchestrators.preprocess preprocess.py:136: Preprocess stage done: duration_s=0.010
2026-02-02 17:02:34,967 INFO bench.orchestrators.graph graph.py:67: Graph start: include_test=False cache=True
2026-02-02 17:02:34,967 DEBUG bench.orchestrators.graph graph.py:72: Graph spec: scheme=knn metric=cosine k=15 radius=None backend=numpy feature_field=features.X seed=1
2026-02-02 17:02:34,967 DEBUG bench.orchestrators.graph graph.py:89: Graph features: shape=(150, 4)
2026-02-02 17:02:34,967 INFO modssc.graph.construction.api api.py:111: Graph cached: fingerprint=a124c2d4d4c0101985327d644ac010bd75f20387d283614db531cab021ab605d n_nodes=150 n_edges=1820 duration_s=0.001
2026-02-02 17:02:34,967 INFO bench.orchestrators.graph graph.py:100: Graph built: fingerprint=a124c2d4d4c0101985327d644ac010bd75f20387d283614db531cab021ab605d n_nodes=150 n_edges=1820 duration_s=0.001
2026-02-02 17:02:34,968 INFO bench.orchestrators.method_transductive method_transductive.py:139: Transductive method start: id=grand seed=398591604 device=auto resolved_device=cuda use_test=False
2026-02-02 17:02:34,968 DEBUG bench.orchestrators.method_transductive method_transductive.py:147: Transductive method params: {'hidden_dim': 64, 'mlp_dropout': 0.5, 'prop_steps': 8, 'dropnode': 0.5, 'num_samples': 4, 'lambda_consistency': 1.0, 'lr': 0.01, 'weight_decay': 0.0005, 'max_epochs': 200, 'patience': 50, 'add_self_loops': True}
2026-02-02 17:02:34,968 INFO bench.orchestrators.method_transductive method_transductive.py:158: Transductive data: n_nodes=150 n_train=150 n_test=0
2026-02-02 17:02:34,968 INFO bench.orchestrators.method_transductive method_transductive.py:177: Transductive masks: labeled_count=22 train_count=108
2026-02-02 17:02:34,968 INFO modssc.transductive.methods.gnn.grand grand.py:83: Starting grand.fit
2026-02-02 17:02:34,968 DEBUG modssc.transductive.methods.gnn.grand grand.py:84: spec=GRANDSpec(hidden_dim=64, mlp_dropout=0.5, prop_steps=8, dropnode=0.5, num_samples=4, lambda_consistency=1.0, lr=0.01, weight_decay=0.0005, max_epochs=200, patience=50, add_self_loops=True) device=cuda seed=398591604
2026-02-02 17:02:35,138 INFO modssc.transductive.methods.gnn.grand grand.py:96: GRAND sizes: n_nodes=150 n_classes=3 train=22 val=12
2026-02-02 17:02:36,081 DEBUG modssc.transductive.methods.gnn.grand grand.py:184: GRAND epoch=0 val_loss=0.9340 best updated
2026-02-02 17:02:36,086 DEBUG modssc.transductive.methods.gnn.grand grand.py:184: GRAND epoch=1 val_loss=0.8504 best updated
2026-02-02 17:02:36,090 DEBUG modssc.transductive.methods.gnn.grand grand.py:184: GRAND epoch=2 val_loss=0.8021 best updated
2026-02-02 17:02:36,094 DEBUG modssc.transductive.methods.gnn.grand grand.py:184: GRAND epoch=3 val_loss=0.7673 best updated
2026-02-02 17:02:36,098 DEBUG modssc.transductive.methods.gnn.grand grand.py:184: GRAND epoch=4 val_loss=0.7497 best updated
2026-02-02 17:02:36,102 DEBUG modssc.transductive.methods.gnn.grand grand.py:184: GRAND epoch=5 val_loss=0.7355 best updated
2026-02-02 17:02:36,106 DEBUG modssc.transductive.methods.gnn.grand grand.py:184: GRAND epoch=6 val_loss=0.7245 best updated
2026-02-02 17:02:36,110 DEBUG modssc.transductive.methods.gnn.grand grand.py:184: GRAND epoch=7 val_loss=0.7127 best updated
2026-02-02 17:02:36,114 DEBUG modssc.transductive.methods.gnn.grand grand.py:184: GRAND epoch=8 val_loss=0.7008 best updated
2026-02-02 17:02:36,119 DEBUG modssc.transductive.methods.gnn.grand grand.py:184: GRAND epoch=9 val_loss=0.6882 best updated
2026-02-02 17:02:36,123 DEBUG modssc.transductive.methods.gnn.grand grand.py:184: GRAND epoch=10 val_loss=0.6770 best updated
2026-02-02 17:02:36,127 DEBUG modssc.transductive.methods.gnn.grand grand.py:184: GRAND epoch=11 val_loss=0.6665 best updated
2026-02-02 17:02:36,131 DEBUG modssc.transductive.methods.gnn.grand grand.py:184: GRAND epoch=12 val_loss=0.6635 best updated
2026-02-02 17:02:36,135 DEBUG modssc.transductive.methods.gnn.grand grand.py:184: GRAND epoch=13 val_loss=0.6603 best updated
2026-02-02 17:02:36,139 DEBUG modssc.transductive.methods.gnn.grand grand.py:187: GRAND epoch=14 val_loss=0.6622 bad_epochs=1/50
2026-02-02 17:02:36,143 DEBUG modssc.transductive.methods.gnn.grand grand.py:187: GRAND epoch=15 val_loss=0.6662 bad_epochs=2/50
2026-02-02 17:02:36,147 DEBUG modssc.transductive.methods.gnn.grand grand.py:187: GRAND epoch=16 val_loss=0.6697 bad_epochs=3/50
2026-02-02 17:02:36,151 DEBUG modssc.transductive.methods.gnn.grand grand.py:187: GRAND epoch=17 val_loss=0.6696 bad_epochs=4/50
2026-02-02 17:02:36,155 DEBUG modssc.transductive.methods.gnn.grand grand.py:187: GRAND epoch=18 val_loss=0.6679 bad_epochs=5/50
2026-02-02 17:02:36,159 DEBUG modssc.transductive.methods.gnn.grand grand.py:187: GRAND epoch=19 val_loss=0.6639 bad_epochs=6/50
2026-02-02 17:02:36,163 DEBUG modssc.transductive.methods.gnn.grand grand.py:184: GRAND epoch=20 val_loss=0.6571 best updated
2026-02-02 17:02:36,167 DEBUG modssc.transductive.methods.gnn.grand grand.py:184: GRAND epoch=21 val_loss=0.6524 best updated
2026-02-02 17:02:36,171 DEBUG modssc.transductive.methods.gnn.grand grand.py:184: GRAND epoch=22 val_loss=0.6518 best updated
2026-02-02 17:02:36,175 DEBUG modssc.transductive.methods.gnn.grand grand.py:184: GRAND epoch=23 val_loss=0.6501 best updated
2026-02-02 17:02:36,179 DEBUG modssc.transductive.methods.gnn.grand grand.py:187: GRAND epoch=24 val_loss=0.6526 bad_epochs=1/50
2026-02-02 17:02:36,183 DEBUG modssc.transductive.methods.gnn.grand grand.py:187: GRAND epoch=25 val_loss=0.6534 bad_epochs=2/50
2026-02-02 17:02:36,187 DEBUG modssc.transductive.methods.gnn.grand grand.py:187: GRAND epoch=26 val_loss=0.6507 bad_epochs=3/50
2026-02-02 17:02:36,191 DEBUG modssc.transductive.methods.gnn.grand grand.py:184: GRAND epoch=27 val_loss=0.6478 best updated
2026-02-02 17:02:36,195 DEBUG modssc.transductive.methods.gnn.grand grand.py:184: GRAND epoch=28 val_loss=0.6443 best updated
2026-02-02 17:02:36,199 DEBUG modssc.transductive.methods.gnn.grand grand.py:184: GRAND epoch=29 val_loss=0.6424 best updated
2026-02-02 17:02:36,203 DEBUG modssc.transductive.methods.gnn.grand grand.py:184: GRAND epoch=30 val_loss=0.6387 best updated
2026-02-02 17:02:36,207 DEBUG modssc.transductive.methods.gnn.grand grand.py:184: GRAND epoch=31 val_loss=0.6343 best updated
2026-02-02 17:02:36,211 DEBUG modssc.transductive.methods.gnn.grand grand.py:184: GRAND epoch=32 val_loss=0.6319 best updated
2026-02-02 17:02:36,215 DEBUG modssc.transductive.methods.gnn.grand grand.py:184: GRAND epoch=33 val_loss=0.6286 best updated
2026-02-02 17:02:36,219 DEBUG modssc.transductive.methods.gnn.grand grand.py:184: GRAND epoch=34 val_loss=0.6237 best updated
2026-02-02 17:02:36,223 DEBUG modssc.transductive.methods.gnn.grand grand.py:184: GRAND epoch=35 val_loss=0.6206 best updated
2026-02-02 17:02:36,227 DEBUG modssc.transductive.methods.gnn.grand grand.py:184: GRAND epoch=36 val_loss=0.6187 best updated
2026-02-02 17:02:36,231 DEBUG modssc.transductive.methods.gnn.grand grand.py:184: GRAND epoch=37 val_loss=0.6170 best updated
2026-02-02 17:02:36,235 DEBUG modssc.transductive.methods.gnn.grand grand.py:187: GRAND epoch=38 val_loss=0.6194 bad_epochs=1/50
2026-02-02 17:02:36,239 DEBUG modssc.transductive.methods.gnn.grand grand.py:187: GRAND epoch=39 val_loss=0.6229 bad_epochs=2/50
2026-02-02 17:02:36,243 DEBUG modssc.transductive.methods.gnn.grand grand.py:187: GRAND epoch=40 val_loss=0.6287 bad_epochs=3/50
2026-02-02 17:02:36,247 DEBUG modssc.transductive.methods.gnn.grand grand.py:187: GRAND epoch=41 val_loss=0.6328 bad_epochs=4/50
2026-02-02 17:02:36,251 DEBUG modssc.transductive.methods.gnn.grand grand.py:187: GRAND epoch=42 val_loss=0.6370 bad_epochs=5/50
2026-02-02 17:02:36,255 DEBUG modssc.transductive.methods.gnn.grand grand.py:187: GRAND epoch=43 val_loss=0.6411 bad_epochs=6/50
2026-02-02 17:02:36,259 DEBUG modssc.transductive.methods.gnn.grand grand.py:187: GRAND epoch=44 val_loss=0.6453 bad_epochs=7/50
2026-02-02 17:02:36,263 DEBUG modssc.transductive.methods.gnn.grand grand.py:187: GRAND epoch=45 val_loss=0.6488 bad_epochs=8/50
2026-02-02 17:02:36,267 DEBUG modssc.transductive.methods.gnn.grand grand.py:187: GRAND epoch=46 val_loss=0.6491 bad_epochs=9/50
2026-02-02 17:02:36,271 DEBUG modssc.transductive.methods.gnn.grand grand.py:187: GRAND epoch=47 val_loss=0.6479 bad_epochs=10/50
2026-02-02 17:02:36,275 DEBUG modssc.transductive.methods.gnn.grand grand.py:187: GRAND epoch=48 val_loss=0.6452 bad_epochs=11/50
2026-02-02 17:02:36,279 DEBUG modssc.transductive.methods.gnn.grand grand.py:187: GRAND epoch=49 val_loss=0.6440 bad_epochs=12/50
2026-02-02 17:02:36,283 DEBUG modssc.transductive.methods.gnn.grand grand.py:187: GRAND epoch=50 val_loss=0.6471 bad_epochs=13/50
2026-02-02 17:02:36,287 DEBUG modssc.transductive.methods.gnn.grand grand.py:187: GRAND epoch=51 val_loss=0.6511 bad_epochs=14/50
2026-02-02 17:02:36,291 DEBUG modssc.transductive.methods.gnn.grand grand.py:187: GRAND epoch=52 val_loss=0.6539 bad_epochs=15/50
2026-02-02 17:02:36,295 DEBUG modssc.transductive.methods.gnn.grand grand.py:187: GRAND epoch=53 val_loss=0.6546 bad_epochs=16/50
2026-02-02 17:02:36,299 DEBUG modssc.transductive.methods.gnn.grand grand.py:187: GRAND epoch=54 val_loss=0.6588 bad_epochs=17/50
2026-02-02 17:02:36,303 DEBUG modssc.transductive.methods.gnn.grand grand.py:187: GRAND epoch=55 val_loss=0.6614 bad_epochs=18/50
2026-02-02 17:02:36,307 DEBUG modssc.transductive.methods.gnn.grand grand.py:187: GRAND epoch=56 val_loss=0.6621 bad_epochs=19/50
2026-02-02 17:02:36,311 DEBUG modssc.transductive.methods.gnn.grand grand.py:187: GRAND epoch=57 val_loss=0.6630 bad_epochs=20/50
2026-02-02 17:02:36,315 DEBUG modssc.transductive.methods.gnn.grand grand.py:187: GRAND epoch=58 val_loss=0.6636 bad_epochs=21/50
2026-02-02 17:02:36,319 DEBUG modssc.transductive.methods.gnn.grand grand.py:187: GRAND epoch=59 val_loss=0.6664 bad_epochs=22/50
2026-02-02 17:02:36,323 DEBUG modssc.transductive.methods.gnn.grand grand.py:187: GRAND epoch=60 val_loss=0.6682 bad_epochs=23/50
2026-02-02 17:02:36,327 DEBUG modssc.transductive.methods.gnn.grand grand.py:187: GRAND epoch=61 val_loss=0.6698 bad_epochs=24/50
2026-02-02 17:02:36,331 DEBUG modssc.transductive.methods.gnn.grand grand.py:187: GRAND epoch=62 val_loss=0.6714 bad_epochs=25/50
2026-02-02 17:02:36,335 DEBUG modssc.transductive.methods.gnn.grand grand.py:187: GRAND epoch=63 val_loss=0.6689 bad_epochs=26/50
2026-02-02 17:02:36,339 DEBUG modssc.transductive.methods.gnn.grand grand.py:187: GRAND epoch=64 val_loss=0.6672 bad_epochs=27/50
2026-02-02 17:02:36,343 DEBUG modssc.transductive.methods.gnn.grand grand.py:187: GRAND epoch=65 val_loss=0.6615 bad_epochs=28/50
2026-02-02 17:02:36,347 DEBUG modssc.transductive.methods.gnn.grand grand.py:187: GRAND epoch=66 val_loss=0.6591 bad_epochs=29/50
2026-02-02 17:02:36,351 DEBUG modssc.transductive.methods.gnn.grand grand.py:187: GRAND epoch=67 val_loss=0.6594 bad_epochs=30/50
2026-02-02 17:02:36,355 DEBUG modssc.transductive.methods.gnn.grand grand.py:187: GRAND epoch=68 val_loss=0.6615 bad_epochs=31/50
2026-02-02 17:02:36,359 DEBUG modssc.transductive.methods.gnn.grand grand.py:187: GRAND epoch=69 val_loss=0.6648 bad_epochs=32/50
2026-02-02 17:02:36,363 DEBUG modssc.transductive.methods.gnn.grand grand.py:187: GRAND epoch=70 val_loss=0.6695 bad_epochs=33/50
2026-02-02 17:02:36,367 DEBUG modssc.transductive.methods.gnn.grand grand.py:187: GRAND epoch=71 val_loss=0.6737 bad_epochs=34/50
2026-02-02 17:02:36,371 DEBUG modssc.transductive.methods.gnn.grand grand.py:187: GRAND epoch=72 val_loss=0.6769 bad_epochs=35/50
2026-02-02 17:02:36,375 DEBUG modssc.transductive.methods.gnn.grand grand.py:187: GRAND epoch=73 val_loss=0.6795 bad_epochs=36/50
2026-02-02 17:02:36,379 DEBUG modssc.transductive.methods.gnn.grand grand.py:187: GRAND epoch=74 val_loss=0.6805 bad_epochs=37/50
2026-02-02 17:02:36,383 DEBUG modssc.transductive.methods.gnn.grand grand.py:187: GRAND epoch=75 val_loss=0.6834 bad_epochs=38/50
2026-02-02 17:02:36,387 DEBUG modssc.transductive.methods.gnn.grand grand.py:187: GRAND epoch=76 val_loss=0.6860 bad_epochs=39/50
2026-02-02 17:02:36,391 DEBUG modssc.transductive.methods.gnn.grand grand.py:187: GRAND epoch=77 val_loss=0.6866 bad_epochs=40/50
2026-02-02 17:02:36,395 DEBUG modssc.transductive.methods.gnn.grand grand.py:187: GRAND epoch=78 val_loss=0.6892 bad_epochs=41/50
2026-02-02 17:02:36,399 DEBUG modssc.transductive.methods.gnn.grand grand.py:187: GRAND epoch=79 val_loss=0.6931 bad_epochs=42/50
2026-02-02 17:02:36,403 DEBUG modssc.transductive.methods.gnn.grand grand.py:187: GRAND epoch=80 val_loss=0.6953 bad_epochs=43/50
2026-02-02 17:02:36,407 DEBUG modssc.transductive.methods.gnn.grand grand.py:187: GRAND epoch=81 val_loss=0.6941 bad_epochs=44/50
2026-02-02 17:02:36,411 DEBUG modssc.transductive.methods.gnn.grand grand.py:187: GRAND epoch=82 val_loss=0.6911 bad_epochs=45/50
2026-02-02 17:02:36,415 DEBUG modssc.transductive.methods.gnn.grand grand.py:187: GRAND epoch=83 val_loss=0.6843 bad_epochs=46/50
2026-02-02 17:02:36,419 DEBUG modssc.transductive.methods.gnn.grand grand.py:187: GRAND epoch=84 val_loss=0.6760 bad_epochs=47/50
2026-02-02 17:02:36,423 DEBUG modssc.transductive.methods.gnn.grand grand.py:187: GRAND epoch=85 val_loss=0.6693 bad_epochs=48/50
2026-02-02 17:02:36,427 DEBUG modssc.transductive.methods.gnn.grand grand.py:187: GRAND epoch=86 val_loss=0.6647 bad_epochs=49/50
2026-02-02 17:02:36,431 DEBUG modssc.transductive.methods.gnn.grand grand.py:187: GRAND epoch=87 val_loss=0.6618 bad_epochs=50/50
2026-02-02 17:02:36,431 DEBUG modssc.transductive.methods.gnn.grand grand.py:195: GRAND early_stop epoch=87 best_val=0.6170
2026-02-02 17:02:36,431 INFO modssc.transductive.methods.gnn.grand grand.py:205: Finished grand.fit in 1.463s
2026-02-02 17:02:36,431 INFO bench.orchestrators.method_transductive method_transductive.py:218: Transductive method done: id=grand duration_s=1.463
2026-02-02 17:02:36,431 INFO bench.orchestrators.evaluation evaluation.py:244: Evaluation (transductive): splits=['val', 'test'] metrics=['accuracy', 'macro_f1']
2026-02-02 17:02:36,432 INFO bench.orchestrators.evaluation evaluation.py:263: Evaluation (transductive) done: duration_s=0.001
2026-02-02 17:02:36,434 INFO bench.orchestrators.reporting reporting.py:54: Run summary written: /nfs/home/mbarbaux/ModSSC/runs/transductive/grand/tabular/iris/best_tabular_transductive_grand_iris-20260202T160234Z/run.json status=success duration_s=0.001
