2026-02-02 15:08:41,940 INFO bench.orchestrators.dataset dataset.py:36: Dataset start: id=cora download=True cache_dir=None
2026-02-02 15:08:41,940 DEBUG bench.orchestrators.dataset dataset.py:42: Dataset options: []
2026-02-02 15:08:41,943 DEBUG modssc.data_loader.providers __init__.py:38: Creating provider: pyg
2026-02-02 15:08:41,943 DEBUG modssc.data_loader.api api.py:316: Resolved dataset id=cora provider=pyg canonical_uri=pyg:Planetoid/Cora
2026-02-02 15:08:41,943 INFO modssc.data_loader.api api.py:117: Dataset load: id=cora provider=pyg version=None fingerprint=2919521af8679a8c84658219f16403f74aa1bfc03b19b6a08eb2565299400728 download=True force=False cache_dir=/nfs/home/mbarbaux/ModSSC/cache/datasets
2026-02-02 15:08:41,943 DEBUG modssc.data_loader.api api.py:127: Dataset resolved_kwargs: {'dataset_class': 'Planetoid', 'dataset_kwargs': {'name': 'Cora'}}
2026-02-02 15:08:41,948 DEBUG modssc.data_loader.api api.py:403: Loaded cached dataset: fingerprint=2919521af8679a8c84658219f16403f74aa1bfc03b19b6a08eb2565299400728
2026-02-02 15:08:41,948 INFO modssc.data_loader.api api.py:133: Dataset cached: id=cora train=2708 test=None n_classes=7 duration_s=0.008
2026-02-02 15:08:41,948 INFO bench.orchestrators.dataset dataset.py:54: Dataset loaded: train=2708 test=None graph=True fingerprint=2919521af8679a8c84658219f16403f74aa1bfc03b19b6a08eb2565299400728 provider=pyg
2026-02-02 15:08:41,948 INFO bench.orchestrators.dataset dataset.py:62: Dataset stage done: duration_s=0.008
2026-02-02 15:08:41,991 INFO bench.orchestrators.sampling sampling.py:86: Sampling start: seed=5 dataset_id=cora
2026-02-02 15:08:41,991 DEBUG bench.orchestrators.sampling sampling.py:87: Sampling plan: split={'kind': 'holdout', 'test_fraction': 0.2, 'val_fraction': 0.1, 'stratify': True, 'shuffle': True} labeling={'mode': 'fraction', 'value': 0.2, 'per_class': False, 'min_per_class': 1, 'strategy': 'balanced', 'fixed_indices': None} imbalance={'kind': 'none', 'apply_to': 'train', 'max_per_class': None, 'alpha': None, 'min_per_class': 1} policy={'respect_official_test': True, 'use_official_graph_masks': True, 'allow_override_official': False}
2026-02-02 15:08:41,991 DEBUG bench.orchestrators.sampling sampling.py:98: Sampling dataset_fingerprint=2919521af8679a8c84658219f16403f74aa1bfc03b19b6a08eb2565299400728
2026-02-02 15:08:41,991 INFO modssc.sampling.api api.py:99: Sampling start: dataset_id=cora dataset_fingerprint=2919521af8679a8c84658219f16403f74aa1bfc03b19b6a08eb2565299400728 seed=5 graph=True split=holdout
2026-02-02 15:08:41,991 DEBUG modssc.sampling.api api.py:107: Sampling plan: {'split': {'kind': 'holdout', 'test_fraction': 0.2, 'val_fraction': 0.1, 'stratify': True, 'shuffle': True}, 'labeling': {'mode': 'fraction', 'value': 0.2, 'per_class': False, 'min_per_class': 1, 'strategy': 'balanced', 'fixed_indices': None}, 'imbalance': {'kind': 'none', 'apply_to': 'train', 'max_per_class': None, 'alpha': None, 'min_per_class': 1}, 'policy': {'respect_official_test': True, 'use_official_graph_masks': True, 'allow_override_official': False}}
2026-02-02 15:08:42,003 INFO modssc.sampling.api api.py:141: Sampling done: train=140 val=500 test=1000 labeled=28 unlabeled=112 duration_s=0.011
2026-02-02 15:08:42,003 DEBUG modssc.sampling.api api.py:150: Sampling stats: {'nodes': 2708, 'train': 140, 'val': 500, 'test': 1000, 'labeled': 28, 'unlabeled': 112, 'labeled_class_dist': {'n': 28, 'classes': {'0': 4, '1': 4, '2': 4, '3': 4, '4': 4, '5': 4, '6': 4}}}
2026-02-02 15:08:42,003 INFO bench.orchestrators.sampling sampling.py:123: Sampling result: train=140 val=500 test=1000 labeled=28 unlabeled=112 graph=True
2026-02-02 15:08:42,003 DEBUG bench.orchestrators.sampling sampling.py:132: Sampling stats: {'nodes': 2708, 'train': 140, 'val': 500, 'test': 1000, 'labeled': 28, 'unlabeled': 112, 'labeled_class_dist': {'n': 28, 'classes': {'0': 4, '1': 4, '2': 4, '3': 4, '4': 4, '5': 4, '6': 4}}}
2026-02-02 15:08:42,003 INFO bench.orchestrators.sampling sampling.py:133: Sampling stage done: duration_s=0.012
Inductive method on graph dataset; converting graph masks to indices.
2026-02-02 15:08:42,003 INFO bench.orchestrators.preprocess preprocess.py:105: Preprocess start: seed=5 cache=True n_steps=4 fit_indices=28
2026-02-02 15:08:42,003 DEBUG bench.orchestrators.preprocess preprocess.py:112: Preprocess plan: output_key=features.X steps=['labels.encode', 'labels.to_torch', 'graph.sparse_adjacency', 'core.to_torch']
2026-02-02 15:08:42,003 INFO modssc.preprocess.api api.py:490: Preprocess start: dataset_fp=2919521af8679a8c84658219f16403f74aa1bfc03b19b6a08eb2565299400728 steps=['labels.encode', 'labels.to_torch', 'graph.sparse_adjacency', 'core.to_torch'] output_key=features.X seed=5 cache=True
2026-02-02 15:08:42,003 DEBUG modssc.preprocess.api api.py:498: Preprocess input shapes: train_X=(2708, 1433) train_y=(2708,) test_X=None test_y=None
2026-02-02 15:08:42,003 INFO modssc.preprocess.api api.py:505: Preprocess input size: train_data=15.0 MB test_data=n/a
2026-02-02 15:08:42,003 DEBUG modssc.preprocess.api api.py:521: Preprocess step start: id=labels.encode index=0 kind=transform params={}
2026-02-02 15:08:42,005 DEBUG modssc.preprocess.api api.py:605: Preprocess step train outputs: id=labels.encode keys=['labels.classes', 'labels.y'] duration_s=0.002
2026-02-02 15:08:42,005 INFO modssc.preprocess.api api.py:679: Preprocess step done: id=labels.encode index=0 duration_s=0.002 train_data=15.0 MB test_data=n/a
2026-02-02 15:08:42,005 DEBUG modssc.preprocess.api api.py:521: Preprocess step start: id=labels.to_torch index=1 kind=transform params={'device': 'auto', 'dtype': 'int64'}
2026-02-02 15:08:42,100 DEBUG modssc.preprocess.api api.py:605: Preprocess step train outputs: id=labels.to_torch keys=['labels.y'] duration_s=0.095
2026-02-02 15:08:42,101 INFO modssc.preprocess.api api.py:267: Preprocess GPU device: device=cuda:0 model=NVIDIA L40
2026-02-02 15:08:42,101 INFO modssc.preprocess.api api.py:679: Preprocess step done: id=labels.to_torch index=1 duration_s=0.095 train_data=15.0 MB test_data=n/a
2026-02-02 15:08:42,101 DEBUG modssc.preprocess.api api.py:521: Preprocess step start: id=graph.sparse_adjacency index=2 kind=transform params={'max_nodes': 20000, 'batch_size': 32, 'embed_epochs': 5, 'embed_lr': 0.01, 'undirected': True, 'device': 'auto'}
2026-02-02 15:08:42,103 WARNING modssc.preprocess.api api.py:575: Preprocess cache miss for graph.sparse_adjacency (train): Incomplete cached outputs for step 'graph.sparse_adjacency' (train)
2026-02-02 15:08:42,104 DEBUG modssc.preprocess.api api.py:605: Preprocess step train outputs: id=graph.sparse_adjacency keys=['features.X'] duration_s=0.003
2026-02-02 15:08:42,104 INFO modssc.preprocess.api api.py:679: Preprocess step done: id=graph.sparse_adjacency index=2 duration_s=0.003 train_data=15.2 MB test_data=n/a
2026-02-02 15:08:42,104 DEBUG modssc.preprocess.api api.py:521: Preprocess step start: id=core.to_torch index=3 kind=transform params={'device': 'auto', 'dtype': 'float32'}
2026-02-02 15:08:42,105 WARNING modssc.preprocess.api api.py:575: Preprocess cache miss for core.to_torch (train): Incomplete cached outputs for step 'core.to_torch' (train)
2026-02-02 15:08:42,107 DEBUG modssc.preprocess.api api.py:605: Preprocess step train outputs: id=core.to_torch keys=['features.X'] duration_s=0.003
2026-02-02 15:08:42,107 INFO modssc.preprocess.api api.py:679: Preprocess step done: id=core.to_torch index=3 duration_s=0.003 train_data=15.2 MB test_data=n/a
2026-02-02 15:08:42,107 INFO modssc.preprocess.api api.py:730: Preprocess done: dataset_fp=2919521af8679a8c84658219f16403f74aa1bfc03b19b6a08eb2565299400728 duration_s=0.104 train_X=None test_X=None
2026-02-02 15:08:42,107 INFO bench.orchestrators.preprocess preprocess.py:124: Preprocess result: fingerprint=preprocess:169265f8bd8d4cf86a27523c10e74ddb6b072ed41e8057863440cf0ebfa9b6d2 plan_fingerprint=resolved_plan:95213a523f045acfbe48296ceac122bc48b9fd73dbd5843390244a44a4946c42 cache_dir=/nfs/home/mbarbaux/ModSSC/cache/preprocess/2919521af8679a8c84658219f16403f74aa1bfc03b19b6a08eb2565299400728 skipped=[]
2026-02-02 15:08:42,107 DEBUG bench.orchestrators.preprocess preprocess.py:131: Preprocess output shapes: train_X=None test_X=None
2026-02-02 15:08:42,107 INFO bench.orchestrators.preprocess preprocess.py:136: Preprocess stage done: duration_s=0.104
2026-02-02 15:08:44,209 INFO bench.orchestrators.augmentation augmentation.py:66: Augmentation start: mode=fixed modality=tabular seed=5 n_samples=112 strong_views=1
2026-02-02 15:08:44,209 DEBUG bench.orchestrators.augmentation augmentation.py:74: Augmentation steps: weak=['tabular.gaussian_noise'] strong=['tabular.feature_dropout']
2026-02-02 15:08:44,237 INFO bench.orchestrators.augmentation augmentation.py:191: Augmentation done: duration_s=0.028
2026-02-02 15:08:44,237 DEBUG bench.orchestrators.augmentation augmentation.py:192: Augmentation output shapes: weak=(112, 1433) strong=(112, 1433) strong_1=None
2026-02-02 15:08:44,237 INFO bench.orchestrators.method_inductive method_inductive.py:441: Inductive method start: id=vat seed=3274374610 device=auto dtype=float32 model=graphsage_inductive
2026-02-02 15:08:44,237 DEBUG bench.orchestrators.method_inductive method_inductive.py:470: Inductive method params: {'lambda_u': 1.0, 'unsup_warm_up': 0.4, 'batch_size': 128, 'max_epochs': 50, 'freeze_bn': False, 'detach_target': True}
2026-02-02 15:08:44,237 INFO bench.orchestrators.method_inductive method_inductive.py:476: Inductive method data: n_labeled=28 n_unlabeled=112
2026-02-02 15:08:44,272 INFO modssc.inductive.methods.vat vat.py:176: Starting vat.fit
2026-02-02 15:08:44,272 DEBUG modssc.inductive.methods.vat vat.py:177: params lambda_u=1.0 xi=1e-06 eps=2.5 num_iters=1 unsup_warm_up=0.4 batch_size=128 max_epochs=50 freeze_bn=False detach_target=True has_model_bundle=True device=DeviceSpec(device='auto', dtype='float32') seed=3274374610
2026-02-02 15:08:44,272 INFO modssc.inductive.methods.vat vat.py:209: VAT sizes: n_labeled=28 n_unlabeled=112
2026-02-02 15:08:44,418 DEBUG modssc.inductive.methods.vat vat.py:308: VAT epoch=0 warm=0.000 sup_loss=1.9433 vat_loss=0.0191 eps=2.5 xi=1e-06
2026-02-02 15:08:44,443 DEBUG modssc.inductive.methods.vat vat.py:308: VAT epoch=1 warm=0.050 sup_loss=1.9067 vat_loss=0.0195 eps=2.5 xi=1e-06
2026-02-02 15:08:44,447 DEBUG modssc.inductive.methods.vat vat.py:308: VAT epoch=2 warm=0.100 sup_loss=1.8685 vat_loss=0.0162 eps=2.5 xi=1e-06
2026-02-02 15:08:44,450 DEBUG modssc.inductive.methods.vat vat.py:308: VAT epoch=3 warm=0.150 sup_loss=1.8368 vat_loss=0.0130 eps=2.5 xi=1e-06
2026-02-02 15:08:44,454 DEBUG modssc.inductive.methods.vat vat.py:308: VAT epoch=4 warm=0.200 sup_loss=1.8013 vat_loss=0.0111 eps=2.5 xi=1e-06
2026-02-02 15:08:44,458 DEBUG modssc.inductive.methods.vat vat.py:308: VAT epoch=5 warm=0.250 sup_loss=1.7712 vat_loss=0.0103 eps=2.5 xi=1e-06
2026-02-02 15:08:44,461 DEBUG modssc.inductive.methods.vat vat.py:308: VAT epoch=6 warm=0.300 sup_loss=1.7334 vat_loss=0.0090 eps=2.5 xi=1e-06
2026-02-02 15:08:44,465 DEBUG modssc.inductive.methods.vat vat.py:308: VAT epoch=7 warm=0.350 sup_loss=1.7070 vat_loss=0.0089 eps=2.5 xi=1e-06
2026-02-02 15:08:44,468 DEBUG modssc.inductive.methods.vat vat.py:308: VAT epoch=8 warm=0.400 sup_loss=1.6698 vat_loss=0.0092 eps=2.5 xi=1e-06
2026-02-02 15:08:44,472 DEBUG modssc.inductive.methods.vat vat.py:308: VAT epoch=9 warm=0.450 sup_loss=1.6345 vat_loss=0.0095 eps=2.5 xi=1e-06
2026-02-02 15:08:44,475 DEBUG modssc.inductive.methods.vat vat.py:308: VAT epoch=10 warm=0.500 sup_loss=1.5994 vat_loss=0.0105 eps=2.5 xi=1e-06
2026-02-02 15:08:44,479 DEBUG modssc.inductive.methods.vat vat.py:308: VAT epoch=11 warm=0.550 sup_loss=1.5733 vat_loss=0.0125 eps=2.5 xi=1e-06
2026-02-02 15:08:44,482 DEBUG modssc.inductive.methods.vat vat.py:308: VAT epoch=12 warm=0.600 sup_loss=1.5382 vat_loss=0.0142 eps=2.5 xi=1e-06
2026-02-02 15:08:44,486 DEBUG modssc.inductive.methods.vat vat.py:308: VAT epoch=13 warm=0.650 sup_loss=1.4984 vat_loss=0.0153 eps=2.5 xi=1e-06
2026-02-02 15:08:44,489 DEBUG modssc.inductive.methods.vat vat.py:308: VAT epoch=14 warm=0.700 sup_loss=1.4509 vat_loss=0.0169 eps=2.5 xi=1e-06
2026-02-02 15:08:44,492 DEBUG modssc.inductive.methods.vat vat.py:308: VAT epoch=15 warm=0.750 sup_loss=1.4201 vat_loss=0.0194 eps=2.5 xi=1e-06
2026-02-02 15:08:44,496 DEBUG modssc.inductive.methods.vat vat.py:308: VAT epoch=16 warm=0.800 sup_loss=1.3803 vat_loss=0.0221 eps=2.5 xi=1e-06
2026-02-02 15:08:44,499 DEBUG modssc.inductive.methods.vat vat.py:308: VAT epoch=17 warm=0.850 sup_loss=1.3241 vat_loss=0.0253 eps=2.5 xi=1e-06
2026-02-02 15:08:44,503 DEBUG modssc.inductive.methods.vat vat.py:308: VAT epoch=18 warm=0.900 sup_loss=1.2991 vat_loss=0.0266 eps=2.5 xi=1e-06
2026-02-02 15:08:44,506 DEBUG modssc.inductive.methods.vat vat.py:308: VAT epoch=19 warm=0.950 sup_loss=1.2429 vat_loss=0.0325 eps=2.5 xi=1e-06
2026-02-02 15:08:44,510 DEBUG modssc.inductive.methods.vat vat.py:308: VAT epoch=20 warm=1.000 sup_loss=1.2143 vat_loss=0.0331 eps=2.5 xi=1e-06
2026-02-02 15:08:44,513 DEBUG modssc.inductive.methods.vat vat.py:308: VAT epoch=21 warm=1.000 sup_loss=1.1614 vat_loss=0.0369 eps=2.5 xi=1e-06
2026-02-02 15:08:44,517 DEBUG modssc.inductive.methods.vat vat.py:308: VAT epoch=22 warm=1.000 sup_loss=1.1195 vat_loss=0.0443 eps=2.5 xi=1e-06
2026-02-02 15:08:44,520 DEBUG modssc.inductive.methods.vat vat.py:308: VAT epoch=23 warm=1.000 sup_loss=1.0546 vat_loss=0.0472 eps=2.5 xi=1e-06
2026-02-02 15:08:44,523 DEBUG modssc.inductive.methods.vat vat.py:308: VAT epoch=24 warm=1.000 sup_loss=1.0246 vat_loss=0.0492 eps=2.5 xi=1e-06
2026-02-02 15:08:44,527 DEBUG modssc.inductive.methods.vat vat.py:308: VAT epoch=25 warm=1.000 sup_loss=0.9822 vat_loss=0.0598 eps=2.5 xi=1e-06
2026-02-02 15:08:44,530 DEBUG modssc.inductive.methods.vat vat.py:308: VAT epoch=26 warm=1.000 sup_loss=0.9431 vat_loss=0.0599 eps=2.5 xi=1e-06
2026-02-02 15:08:44,534 DEBUG modssc.inductive.methods.vat vat.py:308: VAT epoch=27 warm=1.000 sup_loss=0.8867 vat_loss=0.0730 eps=2.5 xi=1e-06
2026-02-02 15:08:44,537 DEBUG modssc.inductive.methods.vat vat.py:308: VAT epoch=28 warm=1.000 sup_loss=0.8697 vat_loss=0.0721 eps=2.5 xi=1e-06
2026-02-02 15:08:44,541 DEBUG modssc.inductive.methods.vat vat.py:308: VAT epoch=29 warm=1.000 sup_loss=0.8172 vat_loss=0.0724 eps=2.5 xi=1e-06
2026-02-02 15:08:44,544 DEBUG modssc.inductive.methods.vat vat.py:308: VAT epoch=30 warm=1.000 sup_loss=0.7593 vat_loss=0.0802 eps=2.5 xi=1e-06
2026-02-02 15:08:44,548 DEBUG modssc.inductive.methods.vat vat.py:308: VAT epoch=31 warm=1.000 sup_loss=0.7481 vat_loss=0.0887 eps=2.5 xi=1e-06
2026-02-02 15:08:44,551 DEBUG modssc.inductive.methods.vat vat.py:308: VAT epoch=32 warm=1.000 sup_loss=0.6948 vat_loss=0.0874 eps=2.5 xi=1e-06
2026-02-02 15:08:44,554 DEBUG modssc.inductive.methods.vat vat.py:308: VAT epoch=33 warm=1.000 sup_loss=0.6709 vat_loss=0.0977 eps=2.5 xi=1e-06
2026-02-02 15:08:44,558 DEBUG modssc.inductive.methods.vat vat.py:308: VAT epoch=34 warm=1.000 sup_loss=0.6290 vat_loss=0.1145 eps=2.5 xi=1e-06
2026-02-02 15:08:44,561 DEBUG modssc.inductive.methods.vat vat.py:308: VAT epoch=35 warm=1.000 sup_loss=0.6092 vat_loss=0.1176 eps=2.5 xi=1e-06
2026-02-02 15:08:44,565 DEBUG modssc.inductive.methods.vat vat.py:308: VAT epoch=36 warm=1.000 sup_loss=0.5636 vat_loss=0.1269 eps=2.5 xi=1e-06
2026-02-02 15:08:44,568 DEBUG modssc.inductive.methods.vat vat.py:308: VAT epoch=37 warm=1.000 sup_loss=0.5261 vat_loss=0.1262 eps=2.5 xi=1e-06
2026-02-02 15:08:44,572 DEBUG modssc.inductive.methods.vat vat.py:308: VAT epoch=38 warm=1.000 sup_loss=0.4983 vat_loss=0.1297 eps=2.5 xi=1e-06
2026-02-02 15:08:44,575 DEBUG modssc.inductive.methods.vat vat.py:308: VAT epoch=39 warm=1.000 sup_loss=0.4896 vat_loss=0.1311 eps=2.5 xi=1e-06
2026-02-02 15:08:44,579 DEBUG modssc.inductive.methods.vat vat.py:308: VAT epoch=40 warm=1.000 sup_loss=0.4626 vat_loss=0.1563 eps=2.5 xi=1e-06
2026-02-02 15:08:44,582 DEBUG modssc.inductive.methods.vat vat.py:308: VAT epoch=41 warm=1.000 sup_loss=0.4492 vat_loss=0.1494 eps=2.5 xi=1e-06
2026-02-02 15:08:44,585 DEBUG modssc.inductive.methods.vat vat.py:308: VAT epoch=42 warm=1.000 sup_loss=0.4102 vat_loss=0.1574 eps=2.5 xi=1e-06
2026-02-02 15:08:44,589 DEBUG modssc.inductive.methods.vat vat.py:308: VAT epoch=43 warm=1.000 sup_loss=0.3953 vat_loss=0.1486 eps=2.5 xi=1e-06
2026-02-02 15:08:44,592 DEBUG modssc.inductive.methods.vat vat.py:308: VAT epoch=44 warm=1.000 sup_loss=0.3838 vat_loss=0.1623 eps=2.5 xi=1e-06
2026-02-02 15:08:44,596 DEBUG modssc.inductive.methods.vat vat.py:308: VAT epoch=45 warm=1.000 sup_loss=0.3658 vat_loss=0.1751 eps=2.5 xi=1e-06
2026-02-02 15:08:44,599 DEBUG modssc.inductive.methods.vat vat.py:308: VAT epoch=46 warm=1.000 sup_loss=0.3488 vat_loss=0.1653 eps=2.5 xi=1e-06
2026-02-02 15:08:44,603 DEBUG modssc.inductive.methods.vat vat.py:308: VAT epoch=47 warm=1.000 sup_loss=0.3130 vat_loss=0.1751 eps=2.5 xi=1e-06
2026-02-02 15:08:44,606 DEBUG modssc.inductive.methods.vat vat.py:308: VAT epoch=48 warm=1.000 sup_loss=0.3205 vat_loss=0.1556 eps=2.5 xi=1e-06
2026-02-02 15:08:44,610 DEBUG modssc.inductive.methods.vat vat.py:308: VAT epoch=49 warm=1.000 sup_loss=0.3094 vat_loss=0.1755 eps=2.5 xi=1e-06
2026-02-02 15:08:44,610 INFO modssc.inductive.methods.vat vat.py:326: Finished vat.fit in 0.339s
2026-02-02 15:08:44,611 INFO bench.orchestrators.method_inductive method_inductive.py:550: Inductive method done: id=vat duration_s=0.374
2026-02-02 15:08:44,611 INFO bench.orchestrators.evaluation evaluation.py:189: Evaluation (inductive): splits=['val', 'test'] metrics=['accuracy', 'macro_f1']
2026-02-02 15:08:44,622 INFO bench.orchestrators.evaluation evaluation.py:231: Evaluation (inductive) done: duration_s=0.011
2026-02-02 15:08:44,623 INFO bench.orchestrators.reporting reporting.py:54: Run summary written: /nfs/home/mbarbaux/ModSSC/runs/inductive/vat/graph/cora/best_graph_inductive_vat_cora-20260202T140841Z/run.json status=success duration_s=0.001
