2026-02-02 15:20:54,459 INFO bench.orchestrators.dataset dataset.py:36: Dataset start: id=pubmed download=True cache_dir=None
2026-02-02 15:20:54,459 DEBUG bench.orchestrators.dataset dataset.py:42: Dataset options: []
2026-02-02 15:20:54,462 DEBUG modssc.data_loader.providers __init__.py:38: Creating provider: pyg
2026-02-02 15:20:54,462 DEBUG modssc.data_loader.api api.py:316: Resolved dataset id=pubmed provider=pyg canonical_uri=pyg:Planetoid/PubMed
2026-02-02 15:20:54,462 INFO modssc.data_loader.api api.py:117: Dataset load: id=pubmed provider=pyg version=None fingerprint=33662ee2dd9f5386a1eb7438c7e711640858805e93f8cee2bfe9beda2eb3499a download=True force=False cache_dir=/nfs/home/mbarbaux/ModSSC/cache/datasets
2026-02-02 15:20:54,462 DEBUG modssc.data_loader.api api.py:127: Dataset resolved_kwargs: {'dataset_class': 'Planetoid', 'dataset_kwargs': {'name': 'PubMed'}}
2026-02-02 15:20:54,473 DEBUG modssc.data_loader.api api.py:403: Loaded cached dataset: fingerprint=33662ee2dd9f5386a1eb7438c7e711640858805e93f8cee2bfe9beda2eb3499a
2026-02-02 15:20:54,473 INFO modssc.data_loader.api api.py:133: Dataset cached: id=pubmed train=19717 test=None n_classes=3 duration_s=0.014
2026-02-02 15:20:54,473 INFO bench.orchestrators.dataset dataset.py:54: Dataset loaded: train=19717 test=None graph=True fingerprint=33662ee2dd9f5386a1eb7438c7e711640858805e93f8cee2bfe9beda2eb3499a provider=pyg
2026-02-02 15:20:54,473 INFO bench.orchestrators.dataset dataset.py:62: Dataset stage done: duration_s=0.014
2026-02-02 15:20:54,519 INFO bench.orchestrators.sampling sampling.py:86: Sampling start: seed=5 dataset_id=pubmed
2026-02-02 15:20:54,519 DEBUG bench.orchestrators.sampling sampling.py:87: Sampling plan: split={'kind': 'holdout', 'test_fraction': 0.2, 'val_fraction': 0.1, 'stratify': True, 'shuffle': True} labeling={'mode': 'fraction', 'value': 0.2, 'per_class': False, 'min_per_class': 1, 'strategy': 'balanced', 'fixed_indices': None} imbalance={'kind': 'none', 'apply_to': 'train', 'max_per_class': None, 'alpha': None, 'min_per_class': 1} policy={'respect_official_test': True, 'use_official_graph_masks': True, 'allow_override_official': False}
2026-02-02 15:20:54,519 DEBUG bench.orchestrators.sampling sampling.py:98: Sampling dataset_fingerprint=33662ee2dd9f5386a1eb7438c7e711640858805e93f8cee2bfe9beda2eb3499a
2026-02-02 15:20:54,519 INFO modssc.sampling.api api.py:99: Sampling start: dataset_id=pubmed dataset_fingerprint=33662ee2dd9f5386a1eb7438c7e711640858805e93f8cee2bfe9beda2eb3499a seed=5 graph=True split=holdout
2026-02-02 15:20:54,519 DEBUG modssc.sampling.api api.py:107: Sampling plan: {'split': {'kind': 'holdout', 'test_fraction': 0.2, 'val_fraction': 0.1, 'stratify': True, 'shuffle': True}, 'labeling': {'mode': 'fraction', 'value': 0.2, 'per_class': False, 'min_per_class': 1, 'strategy': 'balanced', 'fixed_indices': None}, 'imbalance': {'kind': 'none', 'apply_to': 'train', 'max_per_class': None, 'alpha': None, 'min_per_class': 1}, 'policy': {'respect_official_test': True, 'use_official_graph_masks': True, 'allow_override_official': False}}
2026-02-02 15:20:54,532 INFO modssc.sampling.api api.py:141: Sampling done: train=60 val=500 test=1000 labeled=12 unlabeled=48 duration_s=0.013
2026-02-02 15:20:54,532 DEBUG modssc.sampling.api api.py:150: Sampling stats: {'nodes': 19717, 'train': 60, 'val': 500, 'test': 1000, 'labeled': 12, 'unlabeled': 48, 'labeled_class_dist': {'n': 12, 'classes': {'0': 4, '1': 4, '2': 4}}}
2026-02-02 15:20:54,532 INFO bench.orchestrators.sampling sampling.py:123: Sampling result: train=60 val=500 test=1000 labeled=12 unlabeled=48 graph=True
2026-02-02 15:20:54,532 DEBUG bench.orchestrators.sampling sampling.py:132: Sampling stats: {'nodes': 19717, 'train': 60, 'val': 500, 'test': 1000, 'labeled': 12, 'unlabeled': 48, 'labeled_class_dist': {'n': 12, 'classes': {'0': 4, '1': 4, '2': 4}}}
2026-02-02 15:20:54,532 INFO bench.orchestrators.sampling sampling.py:133: Sampling stage done: duration_s=0.013
Inductive method on graph dataset; converting graph masks to indices.
2026-02-02 15:20:54,532 INFO bench.orchestrators.preprocess preprocess.py:105: Preprocess start: seed=5 cache=True n_steps=4 fit_indices=12
2026-02-02 15:20:54,532 DEBUG bench.orchestrators.preprocess preprocess.py:112: Preprocess plan: output_key=features.X steps=['labels.encode', 'labels.to_torch', 'graph.sparse_adjacency', 'core.to_torch']
2026-02-02 15:20:54,532 INFO modssc.preprocess.api api.py:490: Preprocess start: dataset_fp=33662ee2dd9f5386a1eb7438c7e711640858805e93f8cee2bfe9beda2eb3499a steps=['labels.encode', 'labels.to_torch', 'graph.sparse_adjacency', 'core.to_torch'] output_key=features.X seed=5 cache=True
2026-02-02 15:20:54,532 DEBUG modssc.preprocess.api api.py:498: Preprocess input shapes: train_X=(19717, 500) train_y=(19717,) test_X=None test_y=None
2026-02-02 15:20:54,532 INFO modssc.preprocess.api api.py:505: Preprocess input size: train_data=39.2 MB test_data=n/a
2026-02-02 15:20:54,533 DEBUG modssc.preprocess.api api.py:521: Preprocess step start: id=labels.encode index=0 kind=transform params={}
2026-02-02 15:20:54,535 DEBUG modssc.preprocess.api api.py:605: Preprocess step train outputs: id=labels.encode keys=['labels.classes', 'labels.y'] duration_s=0.003
2026-02-02 15:20:54,535 INFO modssc.preprocess.api api.py:679: Preprocess step done: id=labels.encode index=0 duration_s=0.003 train_data=39.2 MB test_data=n/a
2026-02-02 15:20:54,535 DEBUG modssc.preprocess.api api.py:521: Preprocess step start: id=labels.to_torch index=1 kind=transform params={'device': 'auto', 'dtype': 'int64'}
2026-02-02 15:20:54,633 DEBUG modssc.preprocess.api api.py:605: Preprocess step train outputs: id=labels.to_torch keys=['labels.y'] duration_s=0.098
2026-02-02 15:20:54,633 INFO modssc.preprocess.api api.py:267: Preprocess GPU device: device=cuda:0 model=NVIDIA L40
2026-02-02 15:20:54,633 INFO modssc.preprocess.api api.py:679: Preprocess step done: id=labels.to_torch index=1 duration_s=0.098 train_data=39.2 MB test_data=n/a
2026-02-02 15:20:54,633 DEBUG modssc.preprocess.api api.py:521: Preprocess step start: id=graph.sparse_adjacency index=2 kind=transform params={'max_nodes': 20000, 'batch_size': 32, 'embed_epochs': 5, 'embed_lr': 0.01, 'undirected': True, 'device': 'auto'}
2026-02-02 15:20:54,635 WARNING modssc.preprocess.api api.py:575: Preprocess cache miss for graph.sparse_adjacency (train): Incomplete cached outputs for step 'graph.sparse_adjacency' (train)
2026-02-02 15:20:54,636 DEBUG modssc.preprocess.api api.py:605: Preprocess step train outputs: id=graph.sparse_adjacency keys=['features.X'] duration_s=0.003
2026-02-02 15:20:54,636 INFO modssc.preprocess.api api.py:679: Preprocess step done: id=graph.sparse_adjacency index=2 duration_s=0.003 train_data=40.5 MB test_data=n/a
2026-02-02 15:20:54,637 DEBUG modssc.preprocess.api api.py:521: Preprocess step start: id=core.to_torch index=3 kind=transform params={'device': 'auto', 'dtype': 'float32'}
2026-02-02 15:20:54,638 WARNING modssc.preprocess.api api.py:575: Preprocess cache miss for core.to_torch (train): Incomplete cached outputs for step 'core.to_torch' (train)
2026-02-02 15:20:54,641 DEBUG modssc.preprocess.api api.py:605: Preprocess step train outputs: id=core.to_torch keys=['features.X'] duration_s=0.005
2026-02-02 15:20:54,641 INFO modssc.preprocess.api api.py:679: Preprocess step done: id=core.to_torch index=3 duration_s=0.005 train_data=40.5 MB test_data=n/a
2026-02-02 15:20:54,641 INFO modssc.preprocess.api api.py:730: Preprocess done: dataset_fp=33662ee2dd9f5386a1eb7438c7e711640858805e93f8cee2bfe9beda2eb3499a duration_s=0.109 train_X=None test_X=None
2026-02-02 15:20:54,641 INFO bench.orchestrators.preprocess preprocess.py:124: Preprocess result: fingerprint=preprocess:584d87f3e51ad43dbb76f2111dd9667b5f1d4499adb725baefb05b6fc64659f8 plan_fingerprint=resolved_plan:95213a523f045acfbe48296ceac122bc48b9fd73dbd5843390244a44a4946c42 cache_dir=/nfs/home/mbarbaux/ModSSC/cache/preprocess/33662ee2dd9f5386a1eb7438c7e711640858805e93f8cee2bfe9beda2eb3499a skipped=[]
2026-02-02 15:20:54,641 DEBUG bench.orchestrators.preprocess preprocess.py:131: Preprocess output shapes: train_X=None test_X=None
2026-02-02 15:20:54,641 INFO bench.orchestrators.preprocess preprocess.py:136: Preprocess stage done: duration_s=0.109
2026-02-02 15:20:56,801 INFO bench.orchestrators.augmentation augmentation.py:66: Augmentation start: mode=fixed modality=tabular seed=5 n_samples=48 strong_views=1
2026-02-02 15:20:56,801 DEBUG bench.orchestrators.augmentation augmentation.py:74: Augmentation steps: weak=['tabular.gaussian_noise'] strong=['tabular.feature_dropout']
2026-02-02 15:20:56,818 INFO bench.orchestrators.augmentation augmentation.py:191: Augmentation done: duration_s=0.018
2026-02-02 15:20:56,819 DEBUG bench.orchestrators.augmentation augmentation.py:192: Augmentation output shapes: weak=(48, 500) strong=(48, 500) strong_1=None
2026-02-02 15:20:56,819 INFO bench.orchestrators.method_inductive method_inductive.py:441: Inductive method start: id=vat seed=3274374610 device=auto dtype=float32 model=graphsage_inductive
2026-02-02 15:20:56,819 DEBUG bench.orchestrators.method_inductive method_inductive.py:470: Inductive method params: {'lambda_u': 1.0, 'unsup_warm_up': 0.4, 'batch_size': 128, 'max_epochs': 50, 'freeze_bn': False, 'detach_target': True}
2026-02-02 15:20:56,819 INFO bench.orchestrators.method_inductive method_inductive.py:476: Inductive method data: n_labeled=12 n_unlabeled=48
2026-02-02 15:20:56,853 INFO modssc.inductive.methods.vat vat.py:176: Starting vat.fit
2026-02-02 15:20:56,853 DEBUG modssc.inductive.methods.vat vat.py:177: params lambda_u=1.0 xi=1e-06 eps=2.5 num_iters=1 unsup_warm_up=0.4 batch_size=128 max_epochs=50 freeze_bn=False detach_target=True has_model_bundle=True device=DeviceSpec(device='auto', dtype='float32') seed=3274374610
2026-02-02 15:20:56,853 INFO modssc.inductive.methods.vat vat.py:209: VAT sizes: n_labeled=12 n_unlabeled=48
2026-02-02 15:20:56,998 DEBUG modssc.inductive.methods.vat vat.py:308: VAT epoch=0 warm=0.000 sup_loss=1.0975 vat_loss=0.0150 eps=2.5 xi=1e-06
2026-02-02 15:20:57,024 DEBUG modssc.inductive.methods.vat vat.py:308: VAT epoch=1 warm=0.050 sup_loss=1.0958 vat_loss=0.0156 eps=2.5 xi=1e-06
2026-02-02 15:20:57,028 DEBUG modssc.inductive.methods.vat vat.py:308: VAT epoch=2 warm=0.100 sup_loss=1.0929 vat_loss=0.0150 eps=2.5 xi=1e-06
2026-02-02 15:20:57,031 DEBUG modssc.inductive.methods.vat vat.py:308: VAT epoch=3 warm=0.150 sup_loss=1.0869 vat_loss=0.0134 eps=2.5 xi=1e-06
2026-02-02 15:20:57,034 DEBUG modssc.inductive.methods.vat vat.py:308: VAT epoch=4 warm=0.200 sup_loss=1.0854 vat_loss=0.0118 eps=2.5 xi=1e-06
2026-02-02 15:20:57,038 DEBUG modssc.inductive.methods.vat vat.py:308: VAT epoch=5 warm=0.250 sup_loss=1.0807 vat_loss=0.0136 eps=2.5 xi=1e-06
2026-02-02 15:20:57,041 DEBUG modssc.inductive.methods.vat vat.py:308: VAT epoch=6 warm=0.300 sup_loss=1.0775 vat_loss=0.0120 eps=2.5 xi=1e-06
2026-02-02 15:20:57,044 DEBUG modssc.inductive.methods.vat vat.py:308: VAT epoch=7 warm=0.350 sup_loss=1.0732 vat_loss=0.0154 eps=2.5 xi=1e-06
2026-02-02 15:20:57,047 DEBUG modssc.inductive.methods.vat vat.py:308: VAT epoch=8 warm=0.400 sup_loss=1.0712 vat_loss=0.0169 eps=2.5 xi=1e-06
2026-02-02 15:20:57,051 DEBUG modssc.inductive.methods.vat vat.py:308: VAT epoch=9 warm=0.450 sup_loss=1.0651 vat_loss=0.0184 eps=2.5 xi=1e-06
2026-02-02 15:20:57,054 DEBUG modssc.inductive.methods.vat vat.py:308: VAT epoch=10 warm=0.500 sup_loss=1.0615 vat_loss=0.0198 eps=2.5 xi=1e-06
2026-02-02 15:20:57,057 DEBUG modssc.inductive.methods.vat vat.py:308: VAT epoch=11 warm=0.550 sup_loss=1.0591 vat_loss=0.0206 eps=2.5 xi=1e-06
2026-02-02 15:20:57,061 DEBUG modssc.inductive.methods.vat vat.py:308: VAT epoch=12 warm=0.600 sup_loss=1.0560 vat_loss=0.0200 eps=2.5 xi=1e-06
2026-02-02 15:20:57,064 DEBUG modssc.inductive.methods.vat vat.py:308: VAT epoch=13 warm=0.650 sup_loss=1.0522 vat_loss=0.0189 eps=2.5 xi=1e-06
2026-02-02 15:20:57,067 DEBUG modssc.inductive.methods.vat vat.py:308: VAT epoch=14 warm=0.700 sup_loss=1.0490 vat_loss=0.0188 eps=2.5 xi=1e-06
2026-02-02 15:20:57,070 DEBUG modssc.inductive.methods.vat vat.py:308: VAT epoch=15 warm=0.750 sup_loss=1.0502 vat_loss=0.0193 eps=2.5 xi=1e-06
2026-02-02 15:20:57,074 DEBUG modssc.inductive.methods.vat vat.py:308: VAT epoch=16 warm=0.800 sup_loss=1.0470 vat_loss=0.0186 eps=2.5 xi=1e-06
2026-02-02 15:20:57,077 DEBUG modssc.inductive.methods.vat vat.py:308: VAT epoch=17 warm=0.850 sup_loss=1.0420 vat_loss=0.0156 eps=2.5 xi=1e-06
2026-02-02 15:20:57,080 DEBUG modssc.inductive.methods.vat vat.py:308: VAT epoch=18 warm=0.900 sup_loss=1.0437 vat_loss=0.0132 eps=2.5 xi=1e-06
2026-02-02 15:20:57,083 DEBUG modssc.inductive.methods.vat vat.py:308: VAT epoch=19 warm=0.950 sup_loss=1.0403 vat_loss=0.0123 eps=2.5 xi=1e-06
2026-02-02 15:20:57,087 DEBUG modssc.inductive.methods.vat vat.py:308: VAT epoch=20 warm=1.000 sup_loss=1.0409 vat_loss=0.0100 eps=2.5 xi=1e-06
2026-02-02 15:20:57,090 DEBUG modssc.inductive.methods.vat vat.py:308: VAT epoch=21 warm=1.000 sup_loss=1.0372 vat_loss=0.0079 eps=2.5 xi=1e-06
2026-02-02 15:20:57,093 DEBUG modssc.inductive.methods.vat vat.py:308: VAT epoch=22 warm=1.000 sup_loss=1.0377 vat_loss=0.0070 eps=2.5 xi=1e-06
2026-02-02 15:20:57,096 DEBUG modssc.inductive.methods.vat vat.py:308: VAT epoch=23 warm=1.000 sup_loss=1.0287 vat_loss=0.0062 eps=2.5 xi=1e-06
2026-02-02 15:20:57,100 DEBUG modssc.inductive.methods.vat vat.py:308: VAT epoch=24 warm=1.000 sup_loss=1.0343 vat_loss=0.0052 eps=2.5 xi=1e-06
2026-02-02 15:20:57,103 DEBUG modssc.inductive.methods.vat vat.py:308: VAT epoch=25 warm=1.000 sup_loss=1.0280 vat_loss=0.0055 eps=2.5 xi=1e-06
2026-02-02 15:20:57,106 DEBUG modssc.inductive.methods.vat vat.py:308: VAT epoch=26 warm=1.000 sup_loss=1.0246 vat_loss=0.0056 eps=2.5 xi=1e-06
2026-02-02 15:20:57,109 DEBUG modssc.inductive.methods.vat vat.py:308: VAT epoch=27 warm=1.000 sup_loss=1.0241 vat_loss=0.0034 eps=2.5 xi=1e-06
2026-02-02 15:20:57,113 DEBUG modssc.inductive.methods.vat vat.py:308: VAT epoch=28 warm=1.000 sup_loss=1.0211 vat_loss=0.0030 eps=2.5 xi=1e-06
2026-02-02 15:20:57,116 DEBUG modssc.inductive.methods.vat vat.py:308: VAT epoch=29 warm=1.000 sup_loss=1.0166 vat_loss=0.0040 eps=2.5 xi=1e-06
2026-02-02 15:20:57,119 DEBUG modssc.inductive.methods.vat vat.py:308: VAT epoch=30 warm=1.000 sup_loss=1.0107 vat_loss=0.0034 eps=2.5 xi=1e-06
2026-02-02 15:20:57,122 DEBUG modssc.inductive.methods.vat vat.py:308: VAT epoch=31 warm=1.000 sup_loss=1.0080 vat_loss=0.0037 eps=2.5 xi=1e-06
2026-02-02 15:20:57,126 DEBUG modssc.inductive.methods.vat vat.py:308: VAT epoch=32 warm=1.000 sup_loss=1.0026 vat_loss=0.0032 eps=2.5 xi=1e-06
2026-02-02 15:20:57,129 DEBUG modssc.inductive.methods.vat vat.py:308: VAT epoch=33 warm=1.000 sup_loss=0.9954 vat_loss=0.0047 eps=2.5 xi=1e-06
2026-02-02 15:20:57,132 DEBUG modssc.inductive.methods.vat vat.py:308: VAT epoch=34 warm=1.000 sup_loss=0.9921 vat_loss=0.0046 eps=2.5 xi=1e-06
2026-02-02 15:20:57,135 DEBUG modssc.inductive.methods.vat vat.py:308: VAT epoch=35 warm=1.000 sup_loss=0.9883 vat_loss=0.0057 eps=2.5 xi=1e-06
2026-02-02 15:20:57,139 DEBUG modssc.inductive.methods.vat vat.py:308: VAT epoch=36 warm=1.000 sup_loss=0.9738 vat_loss=0.0046 eps=2.5 xi=1e-06
2026-02-02 15:20:57,142 DEBUG modssc.inductive.methods.vat vat.py:308: VAT epoch=37 warm=1.000 sup_loss=0.9742 vat_loss=0.0076 eps=2.5 xi=1e-06
2026-02-02 15:20:57,145 DEBUG modssc.inductive.methods.vat vat.py:308: VAT epoch=38 warm=1.000 sup_loss=0.9726 vat_loss=0.0070 eps=2.5 xi=1e-06
2026-02-02 15:20:57,149 DEBUG modssc.inductive.methods.vat vat.py:308: VAT epoch=39 warm=1.000 sup_loss=0.9673 vat_loss=0.0100 eps=2.5 xi=1e-06
2026-02-02 15:20:57,152 DEBUG modssc.inductive.methods.vat vat.py:308: VAT epoch=40 warm=1.000 sup_loss=0.9538 vat_loss=0.0092 eps=2.5 xi=1e-06
2026-02-02 15:20:57,155 DEBUG modssc.inductive.methods.vat vat.py:308: VAT epoch=41 warm=1.000 sup_loss=0.9610 vat_loss=0.0097 eps=2.5 xi=1e-06
2026-02-02 15:20:57,158 DEBUG modssc.inductive.methods.vat vat.py:308: VAT epoch=42 warm=1.000 sup_loss=0.9441 vat_loss=0.0108 eps=2.5 xi=1e-06
2026-02-02 15:20:57,162 DEBUG modssc.inductive.methods.vat vat.py:308: VAT epoch=43 warm=1.000 sup_loss=0.9411 vat_loss=0.0088 eps=2.5 xi=1e-06
2026-02-02 15:20:57,165 DEBUG modssc.inductive.methods.vat vat.py:308: VAT epoch=44 warm=1.000 sup_loss=0.9350 vat_loss=0.0117 eps=2.5 xi=1e-06
2026-02-02 15:20:57,168 DEBUG modssc.inductive.methods.vat vat.py:308: VAT epoch=45 warm=1.000 sup_loss=0.9308 vat_loss=0.0115 eps=2.5 xi=1e-06
2026-02-02 15:20:57,171 DEBUG modssc.inductive.methods.vat vat.py:308: VAT epoch=46 warm=1.000 sup_loss=0.9226 vat_loss=0.0121 eps=2.5 xi=1e-06
2026-02-02 15:20:57,175 DEBUG modssc.inductive.methods.vat vat.py:308: VAT epoch=47 warm=1.000 sup_loss=0.9247 vat_loss=0.0148 eps=2.5 xi=1e-06
2026-02-02 15:20:57,178 DEBUG modssc.inductive.methods.vat vat.py:308: VAT epoch=48 warm=1.000 sup_loss=0.9196 vat_loss=0.0114 eps=2.5 xi=1e-06
2026-02-02 15:20:57,181 DEBUG modssc.inductive.methods.vat vat.py:308: VAT epoch=49 warm=1.000 sup_loss=0.9071 vat_loss=0.0146 eps=2.5 xi=1e-06
2026-02-02 15:20:57,182 INFO modssc.inductive.methods.vat vat.py:326: Finished vat.fit in 0.329s
2026-02-02 15:20:57,182 INFO bench.orchestrators.method_inductive method_inductive.py:550: Inductive method done: id=vat duration_s=0.363
2026-02-02 15:20:57,182 INFO bench.orchestrators.evaluation evaluation.py:189: Evaluation (inductive): splits=['val', 'test'] metrics=['accuracy', 'macro_f1']
2026-02-02 15:20:57,198 INFO bench.orchestrators.evaluation evaluation.py:231: Evaluation (inductive) done: duration_s=0.015
2026-02-02 15:20:57,214 INFO bench.orchestrators.reporting reporting.py:54: Run summary written: /nfs/home/mbarbaux/ModSSC/runs/inductive/vat/graph/pubmed/best_graph_inductive_vat_pubmed-20260202T142054Z/run.json status=success duration_s=0.016
