2026-02-02 17:03:23,499 INFO bench.orchestrators.dataset dataset.py:36: Dataset start: id=iris download=True cache_dir=None
2026-02-02 17:03:23,499 DEBUG bench.orchestrators.dataset dataset.py:42: Dataset options: []
2026-02-02 17:03:23,502 DEBUG modssc.data_loader.providers __init__.py:38: Creating provider: openml
2026-02-02 17:03:23,503 DEBUG modssc.data_loader.api api.py:316: Resolved dataset id=iris provider=openml canonical_uri=openml:61
2026-02-02 17:03:23,503 INFO modssc.data_loader.api api.py:117: Dataset load: id=iris provider=openml version=None fingerprint=ba055ddc9f9ca1b72ab8a14217263923c7ce2466a9ada1892118d69873fd8572 download=True force=False cache_dir=/nfs/home/mbarbaux/ModSSC/cache/datasets
2026-02-02 17:03:23,503 DEBUG modssc.data_loader.api api.py:127: Dataset resolved_kwargs: {'data_id': 61, 'name': None, 'version': None, 'as_frame': False, 'target_column': None, 'class_filter': None, 'max_samples': None, 'seed': None}
2026-02-02 17:03:23,504 DEBUG modssc.data_loader.api api.py:403: Loaded cached dataset: fingerprint=ba055ddc9f9ca1b72ab8a14217263923c7ce2466a9ada1892118d69873fd8572
2026-02-02 17:03:23,509 INFO modssc.data_loader.api api.py:133: Dataset cached: id=iris train=150 test=None n_classes=3 duration_s=0.009
2026-02-02 17:03:23,509 INFO bench.orchestrators.dataset dataset.py:54: Dataset loaded: train=150 test=None graph=False fingerprint=ba055ddc9f9ca1b72ab8a14217263923c7ce2466a9ada1892118d69873fd8572 provider=openml
2026-02-02 17:03:23,509 INFO bench.orchestrators.dataset dataset.py:62: Dataset stage done: duration_s=0.009
2026-02-02 17:03:23,531 INFO bench.orchestrators.sampling sampling.py:86: Sampling start: seed=1 dataset_id=iris
2026-02-02 17:03:23,531 DEBUG bench.orchestrators.sampling sampling.py:87: Sampling plan: split={'kind': 'holdout', 'test_fraction': 0.2, 'val_fraction': 0.1, 'stratify': True, 'shuffle': True} labeling={'mode': 'fraction', 'value': 0.2, 'per_class': False, 'min_per_class': 1, 'strategy': 'balanced', 'fixed_indices': None} imbalance={'kind': 'none', 'apply_to': 'train', 'max_per_class': None, 'alpha': None, 'min_per_class': 1} policy={'respect_official_test': True, 'use_official_graph_masks': True, 'allow_override_official': False}
2026-02-02 17:03:23,531 DEBUG bench.orchestrators.sampling sampling.py:98: Sampling dataset_fingerprint=ba055ddc9f9ca1b72ab8a14217263923c7ce2466a9ada1892118d69873fd8572
2026-02-02 17:03:23,531 INFO modssc.sampling.api api.py:99: Sampling start: dataset_id=iris dataset_fingerprint=ba055ddc9f9ca1b72ab8a14217263923c7ce2466a9ada1892118d69873fd8572 seed=1 graph=False split=holdout
2026-02-02 17:03:23,531 DEBUG modssc.sampling.api api.py:107: Sampling plan: {'split': {'kind': 'holdout', 'test_fraction': 0.2, 'val_fraction': 0.1, 'stratify': True, 'shuffle': True}, 'labeling': {'mode': 'fraction', 'value': 0.2, 'per_class': False, 'min_per_class': 1, 'strategy': 'balanced', 'fixed_indices': None}, 'imbalance': {'kind': 'none', 'apply_to': 'train', 'max_per_class': None, 'alpha': None, 'min_per_class': 1}, 'policy': {'respect_official_test': True, 'use_official_graph_masks': True, 'allow_override_official': False}}
2026-02-02 17:03:23,538 INFO modssc.sampling.api api.py:141: Sampling done: train=108 val=12 test=30 labeled=22 unlabeled=86 duration_s=0.007
2026-02-02 17:03:23,538 DEBUG modssc.sampling.api api.py:150: Sampling stats: {'policy': {'respect_official_test': True, 'has_official_test': False, 'test_ref': 'train'}, 'train': {'n': 108, 'classes': {'Iris-setosa': 36, 'Iris-versicolor': 36, 'Iris-virginica': 36}}, 'val': {'n': 12, 'classes': {'Iris-setosa': 4, 'Iris-versicolor': 4, 'Iris-virginica': 4}}, 'train_labeled': {'n': 22, 'classes': {'Iris-setosa': 8, 'Iris-versicolor': 7, 'Iris-virginica': 7}}, 'train_unlabeled': {'n': 86}, 'test': {'n': 30, 'classes': {'Iris-setosa': 10, 'Iris-versicolor': 10, 'Iris-virginica': 10}}}
2026-02-02 17:03:23,539 INFO bench.orchestrators.sampling sampling.py:123: Sampling result: train=108 val=12 test=30 labeled=22 unlabeled=86 graph=False
2026-02-02 17:03:23,539 DEBUG bench.orchestrators.sampling sampling.py:132: Sampling stats: {'policy': {'respect_official_test': True, 'has_official_test': False, 'test_ref': 'train'}, 'train': {'n': 108, 'classes': {'Iris-setosa': 36, 'Iris-versicolor': 36, 'Iris-virginica': 36}}, 'val': {'n': 12, 'classes': {'Iris-setosa': 4, 'Iris-versicolor': 4, 'Iris-virginica': 4}}, 'train_labeled': {'n': 22, 'classes': {'Iris-setosa': 8, 'Iris-versicolor': 7, 'Iris-virginica': 7}}, 'train_unlabeled': {'n': 86}, 'test': {'n': 30, 'classes': {'Iris-setosa': 10, 'Iris-versicolor': 10, 'Iris-virginica': 10}}}
2026-02-02 17:03:23,539 INFO bench.orchestrators.sampling sampling.py:133: Sampling stage done: duration_s=0.008
2026-02-02 17:03:23,539 INFO bench.orchestrators.preprocess preprocess.py:105: Preprocess start: seed=1 cache=True n_steps=4 fit_indices=22
2026-02-02 17:03:23,539 DEBUG bench.orchestrators.preprocess preprocess.py:112: Preprocess plan: output_key=features.X steps=['labels.encode', 'core.ensure_2d', 'core.pca', 'core.to_numpy']
2026-02-02 17:03:23,539 INFO modssc.preprocess.api api.py:490: Preprocess start: dataset_fp=ba055ddc9f9ca1b72ab8a14217263923c7ce2466a9ada1892118d69873fd8572 steps=['labels.encode', 'core.ensure_2d', 'core.pca', 'core.to_numpy'] output_key=features.X seed=1 cache=True
2026-02-02 17:03:23,539 DEBUG modssc.preprocess.api api.py:498: Preprocess input shapes: train_X=(150, 4) train_y=(150,) test_X=None test_y=None
2026-02-02 17:03:23,539 INFO modssc.preprocess.api api.py:505: Preprocess input size: train_data=5.9 KB test_data=n/a
2026-02-02 17:03:23,539 DEBUG modssc.preprocess.api api.py:521: Preprocess step start: id=labels.encode index=0 kind=transform params={}
2026-02-02 17:03:23,544 DEBUG modssc.preprocess.api api.py:605: Preprocess step train outputs: id=labels.encode keys=['labels.classes', 'labels.y'] duration_s=0.005
2026-02-02 17:03:23,545 INFO modssc.preprocess.api api.py:679: Preprocess step done: id=labels.encode index=0 duration_s=0.005 train_data=5.9 KB test_data=n/a
2026-02-02 17:03:23,545 DEBUG modssc.preprocess.api api.py:521: Preprocess step start: id=core.ensure_2d index=1 kind=transform params={}
2026-02-02 17:03:23,546 DEBUG modssc.preprocess.api api.py:605: Preprocess step train outputs: id=core.ensure_2d keys=['features.X'] duration_s=0.002
2026-02-02 17:03:23,546 INFO modssc.preprocess.api api.py:679: Preprocess step done: id=core.ensure_2d index=1 duration_s=0.002 train_data=5.9 KB test_data=n/a
2026-02-02 17:03:23,546 DEBUG modssc.preprocess.api api.py:521: Preprocess step start: id=core.pca index=2 kind=fittable params={'n_components': 30}
2026-02-02 17:03:23,548 DEBUG modssc.preprocess.api api.py:605: Preprocess step train outputs: id=core.pca keys=['features.X'] duration_s=0.002
2026-02-02 17:03:23,548 INFO modssc.preprocess.api api.py:679: Preprocess step done: id=core.pca index=2 duration_s=0.002 train_data=3.5 KB test_data=n/a
2026-02-02 17:03:23,548 DEBUG modssc.preprocess.api api.py:521: Preprocess step start: id=core.to_numpy index=3 kind=transform params={}
2026-02-02 17:03:23,549 DEBUG modssc.preprocess.api api.py:605: Preprocess step train outputs: id=core.to_numpy keys=['features.X'] duration_s=0.001
2026-02-02 17:03:23,549 INFO modssc.preprocess.api api.py:679: Preprocess step done: id=core.to_numpy index=3 duration_s=0.001 train_data=3.5 KB test_data=n/a
2026-02-02 17:03:23,549 INFO modssc.preprocess.api api.py:730: Preprocess done: dataset_fp=ba055ddc9f9ca1b72ab8a14217263923c7ce2466a9ada1892118d69873fd8572 duration_s=0.010 train_X=(150, 4) test_X=None
2026-02-02 17:03:23,549 INFO bench.orchestrators.preprocess preprocess.py:124: Preprocess result: fingerprint=preprocess:b6b1c4c39e1e6824211dff3e25a871abb8d6e7745886b9d24299e0c03848f43c plan_fingerprint=resolved_plan:482a0984f51742ea5d9dbcc35f660359eaee028ed4420e88d582a288bf1fe3f8 cache_dir=/nfs/home/mbarbaux/ModSSC/cache/preprocess/ba055ddc9f9ca1b72ab8a14217263923c7ce2466a9ada1892118d69873fd8572 skipped=[]
2026-02-02 17:03:23,549 DEBUG bench.orchestrators.preprocess preprocess.py:131: Preprocess output shapes: train_X=(150, 4) test_X=None
2026-02-02 17:03:23,549 INFO bench.orchestrators.preprocess preprocess.py:136: Preprocess stage done: duration_s=0.011
2026-02-02 17:03:23,549 INFO bench.orchestrators.graph graph.py:67: Graph start: include_test=False cache=True
2026-02-02 17:03:23,549 DEBUG bench.orchestrators.graph graph.py:72: Graph spec: scheme=knn metric=cosine k=15 radius=None backend=numpy feature_field=features.X seed=1
2026-02-02 17:03:23,549 DEBUG bench.orchestrators.graph graph.py:89: Graph features: shape=(150, 4)
2026-02-02 17:03:23,550 INFO modssc.graph.construction.api api.py:111: Graph cached: fingerprint=a124c2d4d4c0101985327d644ac010bd75f20387d283614db531cab021ab605d n_nodes=150 n_edges=1820 duration_s=0.001
2026-02-02 17:03:23,550 INFO bench.orchestrators.graph graph.py:100: Graph built: fingerprint=a124c2d4d4c0101985327d644ac010bd75f20387d283614db531cab021ab605d n_nodes=150 n_edges=1820 duration_s=0.001
2026-02-02 17:03:23,550 INFO bench.orchestrators.method_transductive method_transductive.py:139: Transductive method start: id=sgc seed=398591604 device=auto resolved_device=cuda use_test=False
2026-02-02 17:03:23,550 DEBUG bench.orchestrators.method_transductive method_transductive.py:147: Transductive method params: {'k': 2, 'lr': 0.1, 'weight_decay': 0.0, 'max_epochs': 200, 'patience': 50, 'add_self_loops': True}
2026-02-02 17:03:23,550 INFO bench.orchestrators.method_transductive method_transductive.py:158: Transductive data: n_nodes=150 n_train=150 n_test=0
2026-02-02 17:03:23,550 INFO bench.orchestrators.method_transductive method_transductive.py:177: Transductive masks: labeled_count=22 train_count=108
2026-02-02 17:03:23,550 INFO modssc.transductive.methods.gnn.sgc sgc.py:60: Starting sgc.fit
2026-02-02 17:03:23,551 DEBUG modssc.transductive.methods.gnn.sgc sgc.py:61: spec=SGCSpec(k=2, lr=0.1, weight_decay=0.0, max_epochs=200, patience=50, add_self_loops=True) device=cuda seed=398591604
2026-02-02 17:03:23,736 INFO modssc.transductive.methods.gnn.sgc sgc.py:73: SGC sizes: n_nodes=150 n_classes=3 train=22 val=12
2026-02-02 17:03:24,646 DEBUG modssc.transductive.methods.gnn.common common.py:373: train_fullbatch epoch=0 val_loss=0.7184 best updated
2026-02-02 17:03:24,647 DEBUG modssc.transductive.methods.gnn.common common.py:373: train_fullbatch epoch=1 val_loss=0.6184 best updated
2026-02-02 17:03:24,648 DEBUG modssc.transductive.methods.gnn.common common.py:373: train_fullbatch epoch=2 val_loss=0.5434 best updated
2026-02-02 17:03:24,649 DEBUG modssc.transductive.methods.gnn.common common.py:373: train_fullbatch epoch=3 val_loss=0.4877 best updated
2026-02-02 17:03:24,650 DEBUG modssc.transductive.methods.gnn.common common.py:373: train_fullbatch epoch=4 val_loss=0.4452 best updated
2026-02-02 17:03:24,651 DEBUG modssc.transductive.methods.gnn.common common.py:373: train_fullbatch epoch=5 val_loss=0.4092 best updated
2026-02-02 17:03:24,651 DEBUG modssc.transductive.methods.gnn.common common.py:373: train_fullbatch epoch=6 val_loss=0.3749 best updated
2026-02-02 17:03:24,652 DEBUG modssc.transductive.methods.gnn.common common.py:373: train_fullbatch epoch=7 val_loss=0.3410 best updated
2026-02-02 17:03:24,653 DEBUG modssc.transductive.methods.gnn.common common.py:373: train_fullbatch epoch=8 val_loss=0.3086 best updated
2026-02-02 17:03:24,654 DEBUG modssc.transductive.methods.gnn.common common.py:373: train_fullbatch epoch=9 val_loss=0.2795 best updated
2026-02-02 17:03:24,654 DEBUG modssc.transductive.methods.gnn.common common.py:373: train_fullbatch epoch=10 val_loss=0.2553 best updated
2026-02-02 17:03:24,655 DEBUG modssc.transductive.methods.gnn.common common.py:373: train_fullbatch epoch=11 val_loss=0.2366 best updated
2026-02-02 17:03:24,656 DEBUG modssc.transductive.methods.gnn.common common.py:373: train_fullbatch epoch=12 val_loss=0.2233 best updated
2026-02-02 17:03:24,657 DEBUG modssc.transductive.methods.gnn.common common.py:373: train_fullbatch epoch=13 val_loss=0.2146 best updated
2026-02-02 17:03:24,658 DEBUG modssc.transductive.methods.gnn.common common.py:373: train_fullbatch epoch=14 val_loss=0.2098 best updated
2026-02-02 17:03:24,658 DEBUG modssc.transductive.methods.gnn.common common.py:373: train_fullbatch epoch=15 val_loss=0.2079 best updated
2026-02-02 17:03:24,659 DEBUG modssc.transductive.methods.gnn.common common.py:373: train_fullbatch epoch=16 val_loss=0.2077 best updated
2026-02-02 17:03:24,660 DEBUG modssc.transductive.methods.gnn.common common.py:380: train_fullbatch epoch=17 val_loss=0.2080 bad_epochs=1/50
2026-02-02 17:03:24,661 DEBUG modssc.transductive.methods.gnn.common common.py:373: train_fullbatch epoch=18 val_loss=0.2075 best updated
2026-02-02 17:03:24,661 DEBUG modssc.transductive.methods.gnn.common common.py:373: train_fullbatch epoch=19 val_loss=0.2055 best updated
2026-02-02 17:03:24,662 DEBUG modssc.transductive.methods.gnn.common common.py:373: train_fullbatch epoch=20 val_loss=0.2018 best updated
2026-02-02 17:03:24,663 DEBUG modssc.transductive.methods.gnn.common common.py:373: train_fullbatch epoch=21 val_loss=0.1969 best updated
2026-02-02 17:03:24,664 DEBUG modssc.transductive.methods.gnn.common common.py:373: train_fullbatch epoch=22 val_loss=0.1914 best updated
2026-02-02 17:03:24,665 DEBUG modssc.transductive.methods.gnn.common common.py:373: train_fullbatch epoch=23 val_loss=0.1861 best updated
2026-02-02 17:03:24,665 DEBUG modssc.transductive.methods.gnn.common common.py:373: train_fullbatch epoch=24 val_loss=0.1816 best updated
2026-02-02 17:03:24,666 DEBUG modssc.transductive.methods.gnn.common common.py:373: train_fullbatch epoch=25 val_loss=0.1783 best updated
2026-02-02 17:03:24,667 DEBUG modssc.transductive.methods.gnn.common common.py:373: train_fullbatch epoch=26 val_loss=0.1762 best updated
2026-02-02 17:03:24,668 DEBUG modssc.transductive.methods.gnn.common common.py:373: train_fullbatch epoch=27 val_loss=0.1753 best updated
2026-02-02 17:03:24,668 DEBUG modssc.transductive.methods.gnn.common common.py:373: train_fullbatch epoch=28 val_loss=0.1750 best updated
2026-02-02 17:03:24,669 DEBUG modssc.transductive.methods.gnn.common common.py:380: train_fullbatch epoch=29 val_loss=0.1751 bad_epochs=1/50
2026-02-02 17:03:24,670 DEBUG modssc.transductive.methods.gnn.common common.py:380: train_fullbatch epoch=30 val_loss=0.1751 bad_epochs=2/50
2026-02-02 17:03:24,671 DEBUG modssc.transductive.methods.gnn.common common.py:373: train_fullbatch epoch=31 val_loss=0.1744 best updated
2026-02-02 17:03:24,671 DEBUG modssc.transductive.methods.gnn.common common.py:373: train_fullbatch epoch=32 val_loss=0.1728 best updated
2026-02-02 17:03:24,672 DEBUG modssc.transductive.methods.gnn.common common.py:373: train_fullbatch epoch=33 val_loss=0.1702 best updated
2026-02-02 17:03:24,673 DEBUG modssc.transductive.methods.gnn.common common.py:373: train_fullbatch epoch=34 val_loss=0.1667 best updated
2026-02-02 17:03:24,674 DEBUG modssc.transductive.methods.gnn.common common.py:373: train_fullbatch epoch=35 val_loss=0.1627 best updated
2026-02-02 17:03:24,675 DEBUG modssc.transductive.methods.gnn.common common.py:373: train_fullbatch epoch=36 val_loss=0.1585 best updated
2026-02-02 17:03:24,675 DEBUG modssc.transductive.methods.gnn.common common.py:373: train_fullbatch epoch=37 val_loss=0.1545 best updated
2026-02-02 17:03:24,676 DEBUG modssc.transductive.methods.gnn.common common.py:373: train_fullbatch epoch=38 val_loss=0.1508 best updated
2026-02-02 17:03:24,677 DEBUG modssc.transductive.methods.gnn.common common.py:373: train_fullbatch epoch=39 val_loss=0.1477 best updated
2026-02-02 17:03:24,678 DEBUG modssc.transductive.methods.gnn.common common.py:373: train_fullbatch epoch=40 val_loss=0.1452 best updated
2026-02-02 17:03:24,678 DEBUG modssc.transductive.methods.gnn.common common.py:373: train_fullbatch epoch=41 val_loss=0.1430 best updated
2026-02-02 17:03:24,679 DEBUG modssc.transductive.methods.gnn.common common.py:373: train_fullbatch epoch=42 val_loss=0.1411 best updated
2026-02-02 17:03:24,680 DEBUG modssc.transductive.methods.gnn.common common.py:373: train_fullbatch epoch=43 val_loss=0.1392 best updated
2026-02-02 17:03:24,681 DEBUG modssc.transductive.methods.gnn.common common.py:373: train_fullbatch epoch=44 val_loss=0.1372 best updated
2026-02-02 17:03:24,682 DEBUG modssc.transductive.methods.gnn.common common.py:373: train_fullbatch epoch=45 val_loss=0.1350 best updated
2026-02-02 17:03:24,682 DEBUG modssc.transductive.methods.gnn.common common.py:373: train_fullbatch epoch=46 val_loss=0.1326 best updated
2026-02-02 17:03:24,683 DEBUG modssc.transductive.methods.gnn.common common.py:373: train_fullbatch epoch=47 val_loss=0.1300 best updated
2026-02-02 17:03:24,684 DEBUG modssc.transductive.methods.gnn.common common.py:373: train_fullbatch epoch=48 val_loss=0.1276 best updated
2026-02-02 17:03:24,685 DEBUG modssc.transductive.methods.gnn.common common.py:373: train_fullbatch epoch=49 val_loss=0.1253 best updated
2026-02-02 17:03:24,685 DEBUG modssc.transductive.methods.gnn.common common.py:373: train_fullbatch epoch=50 val_loss=0.1234 best updated
2026-02-02 17:03:24,686 DEBUG modssc.transductive.methods.gnn.common common.py:373: train_fullbatch epoch=51 val_loss=0.1218 best updated
2026-02-02 17:03:24,687 DEBUG modssc.transductive.methods.gnn.common common.py:373: train_fullbatch epoch=52 val_loss=0.1206 best updated
2026-02-02 17:03:24,688 DEBUG modssc.transductive.methods.gnn.common common.py:373: train_fullbatch epoch=53 val_loss=0.1198 best updated
2026-02-02 17:03:24,688 DEBUG modssc.transductive.methods.gnn.common common.py:373: train_fullbatch epoch=54 val_loss=0.1191 best updated
2026-02-02 17:03:24,689 DEBUG modssc.transductive.methods.gnn.common common.py:373: train_fullbatch epoch=55 val_loss=0.1186 best updated
2026-02-02 17:03:24,690 DEBUG modssc.transductive.methods.gnn.common common.py:373: train_fullbatch epoch=56 val_loss=0.1179 best updated
2026-02-02 17:03:24,691 DEBUG modssc.transductive.methods.gnn.common common.py:373: train_fullbatch epoch=57 val_loss=0.1171 best updated
2026-02-02 17:03:24,692 DEBUG modssc.transductive.methods.gnn.common common.py:373: train_fullbatch epoch=58 val_loss=0.1162 best updated
2026-02-02 17:03:24,692 DEBUG modssc.transductive.methods.gnn.common common.py:373: train_fullbatch epoch=59 val_loss=0.1150 best updated
2026-02-02 17:03:24,693 DEBUG modssc.transductive.methods.gnn.common common.py:373: train_fullbatch epoch=60 val_loss=0.1138 best updated
2026-02-02 17:03:24,694 DEBUG modssc.transductive.methods.gnn.common common.py:373: train_fullbatch epoch=61 val_loss=0.1125 best updated
2026-02-02 17:03:24,695 DEBUG modssc.transductive.methods.gnn.common common.py:373: train_fullbatch epoch=62 val_loss=0.1113 best updated
2026-02-02 17:03:24,695 DEBUG modssc.transductive.methods.gnn.common common.py:373: train_fullbatch epoch=63 val_loss=0.1103 best updated
2026-02-02 17:03:24,696 DEBUG modssc.transductive.methods.gnn.common common.py:373: train_fullbatch epoch=64 val_loss=0.1093 best updated
2026-02-02 17:03:24,697 DEBUG modssc.transductive.methods.gnn.common common.py:373: train_fullbatch epoch=65 val_loss=0.1085 best updated
2026-02-02 17:03:24,698 DEBUG modssc.transductive.methods.gnn.common common.py:373: train_fullbatch epoch=66 val_loss=0.1078 best updated
2026-02-02 17:03:24,699 DEBUG modssc.transductive.methods.gnn.common common.py:373: train_fullbatch epoch=67 val_loss=0.1071 best updated
2026-02-02 17:03:24,699 DEBUG modssc.transductive.methods.gnn.common common.py:373: train_fullbatch epoch=68 val_loss=0.1064 best updated
2026-02-02 17:03:24,700 DEBUG modssc.transductive.methods.gnn.common common.py:373: train_fullbatch epoch=69 val_loss=0.1056 best updated
2026-02-02 17:03:24,701 DEBUG modssc.transductive.methods.gnn.common common.py:373: train_fullbatch epoch=70 val_loss=0.1047 best updated
2026-02-02 17:03:24,702 DEBUG modssc.transductive.methods.gnn.common common.py:373: train_fullbatch epoch=71 val_loss=0.1038 best updated
2026-02-02 17:03:24,702 DEBUG modssc.transductive.methods.gnn.common common.py:373: train_fullbatch epoch=72 val_loss=0.1028 best updated
2026-02-02 17:03:24,703 DEBUG modssc.transductive.methods.gnn.common common.py:373: train_fullbatch epoch=73 val_loss=0.1017 best updated
2026-02-02 17:03:24,704 DEBUG modssc.transductive.methods.gnn.common common.py:373: train_fullbatch epoch=74 val_loss=0.1007 best updated
2026-02-02 17:03:24,705 DEBUG modssc.transductive.methods.gnn.common common.py:373: train_fullbatch epoch=75 val_loss=0.0998 best updated
2026-02-02 17:03:24,705 DEBUG modssc.transductive.methods.gnn.common common.py:373: train_fullbatch epoch=76 val_loss=0.0989 best updated
2026-02-02 17:03:24,706 DEBUG modssc.transductive.methods.gnn.common common.py:373: train_fullbatch epoch=77 val_loss=0.0982 best updated
2026-02-02 17:03:24,707 DEBUG modssc.transductive.methods.gnn.common common.py:373: train_fullbatch epoch=78 val_loss=0.0975 best updated
2026-02-02 17:03:24,708 DEBUG modssc.transductive.methods.gnn.common common.py:373: train_fullbatch epoch=79 val_loss=0.0968 best updated
2026-02-02 17:03:24,709 DEBUG modssc.transductive.methods.gnn.common common.py:373: train_fullbatch epoch=80 val_loss=0.0962 best updated
2026-02-02 17:03:24,709 DEBUG modssc.transductive.methods.gnn.common common.py:373: train_fullbatch epoch=81 val_loss=0.0956 best updated
2026-02-02 17:03:24,710 DEBUG modssc.transductive.methods.gnn.common common.py:373: train_fullbatch epoch=82 val_loss=0.0949 best updated
2026-02-02 17:03:24,711 DEBUG modssc.transductive.methods.gnn.common common.py:373: train_fullbatch epoch=83 val_loss=0.0943 best updated
2026-02-02 17:03:24,712 DEBUG modssc.transductive.methods.gnn.common common.py:373: train_fullbatch epoch=84 val_loss=0.0936 best updated
2026-02-02 17:03:24,712 DEBUG modssc.transductive.methods.gnn.common common.py:373: train_fullbatch epoch=85 val_loss=0.0929 best updated
2026-02-02 17:03:24,713 DEBUG modssc.transductive.methods.gnn.common common.py:373: train_fullbatch epoch=86 val_loss=0.0922 best updated
2026-02-02 17:03:24,714 DEBUG modssc.transductive.methods.gnn.common common.py:373: train_fullbatch epoch=87 val_loss=0.0916 best updated
2026-02-02 17:03:24,715 DEBUG modssc.transductive.methods.gnn.common common.py:373: train_fullbatch epoch=88 val_loss=0.0910 best updated
2026-02-02 17:03:24,715 DEBUG modssc.transductive.methods.gnn.common common.py:373: train_fullbatch epoch=89 val_loss=0.0904 best updated
2026-02-02 17:03:24,716 DEBUG modssc.transductive.methods.gnn.common common.py:373: train_fullbatch epoch=90 val_loss=0.0899 best updated
2026-02-02 17:03:24,717 DEBUG modssc.transductive.methods.gnn.common common.py:373: train_fullbatch epoch=91 val_loss=0.0893 best updated
2026-02-02 17:03:24,718 DEBUG modssc.transductive.methods.gnn.common common.py:373: train_fullbatch epoch=92 val_loss=0.0888 best updated
2026-02-02 17:03:24,719 DEBUG modssc.transductive.methods.gnn.common common.py:373: train_fullbatch epoch=93 val_loss=0.0882 best updated
2026-02-02 17:03:24,719 DEBUG modssc.transductive.methods.gnn.common common.py:373: train_fullbatch epoch=94 val_loss=0.0876 best updated
2026-02-02 17:03:24,720 DEBUG modssc.transductive.methods.gnn.common common.py:373: train_fullbatch epoch=95 val_loss=0.0870 best updated
2026-02-02 17:03:24,721 DEBUG modssc.transductive.methods.gnn.common common.py:373: train_fullbatch epoch=96 val_loss=0.0863 best updated
2026-02-02 17:03:24,722 DEBUG modssc.transductive.methods.gnn.common common.py:373: train_fullbatch epoch=97 val_loss=0.0857 best updated
2026-02-02 17:03:24,722 DEBUG modssc.transductive.methods.gnn.common common.py:373: train_fullbatch epoch=98 val_loss=0.0851 best updated
2026-02-02 17:03:24,723 DEBUG modssc.transductive.methods.gnn.common common.py:373: train_fullbatch epoch=99 val_loss=0.0844 best updated
2026-02-02 17:03:24,724 DEBUG modssc.transductive.methods.gnn.common common.py:373: train_fullbatch epoch=100 val_loss=0.0838 best updated
2026-02-02 17:03:24,725 DEBUG modssc.transductive.methods.gnn.common common.py:373: train_fullbatch epoch=101 val_loss=0.0832 best updated
2026-02-02 17:03:24,725 DEBUG modssc.transductive.methods.gnn.common common.py:373: train_fullbatch epoch=102 val_loss=0.0827 best updated
2026-02-02 17:03:24,726 DEBUG modssc.transductive.methods.gnn.common common.py:373: train_fullbatch epoch=103 val_loss=0.0821 best updated
2026-02-02 17:03:24,727 DEBUG modssc.transductive.methods.gnn.common common.py:373: train_fullbatch epoch=104 val_loss=0.0816 best updated
2026-02-02 17:03:24,728 DEBUG modssc.transductive.methods.gnn.common common.py:373: train_fullbatch epoch=105 val_loss=0.0810 best updated
2026-02-02 17:03:24,729 DEBUG modssc.transductive.methods.gnn.common common.py:373: train_fullbatch epoch=106 val_loss=0.0804 best updated
2026-02-02 17:03:24,729 DEBUG modssc.transductive.methods.gnn.common common.py:373: train_fullbatch epoch=107 val_loss=0.0799 best updated
2026-02-02 17:03:24,730 DEBUG modssc.transductive.methods.gnn.common common.py:373: train_fullbatch epoch=108 val_loss=0.0793 best updated
2026-02-02 17:03:24,731 DEBUG modssc.transductive.methods.gnn.common common.py:373: train_fullbatch epoch=109 val_loss=0.0787 best updated
2026-02-02 17:03:24,732 DEBUG modssc.transductive.methods.gnn.common common.py:373: train_fullbatch epoch=110 val_loss=0.0782 best updated
2026-02-02 17:03:24,732 DEBUG modssc.transductive.methods.gnn.common common.py:373: train_fullbatch epoch=111 val_loss=0.0776 best updated
2026-02-02 17:03:24,733 DEBUG modssc.transductive.methods.gnn.common common.py:373: train_fullbatch epoch=112 val_loss=0.0771 best updated
2026-02-02 17:03:24,734 DEBUG modssc.transductive.methods.gnn.common common.py:373: train_fullbatch epoch=113 val_loss=0.0766 best updated
2026-02-02 17:03:24,735 DEBUG modssc.transductive.methods.gnn.common common.py:373: train_fullbatch epoch=114 val_loss=0.0761 best updated
2026-02-02 17:03:24,735 DEBUG modssc.transductive.methods.gnn.common common.py:373: train_fullbatch epoch=115 val_loss=0.0756 best updated
2026-02-02 17:03:24,736 DEBUG modssc.transductive.methods.gnn.common common.py:373: train_fullbatch epoch=116 val_loss=0.0751 best updated
2026-02-02 17:03:24,737 DEBUG modssc.transductive.methods.gnn.common common.py:373: train_fullbatch epoch=117 val_loss=0.0746 best updated
2026-02-02 17:03:24,738 DEBUG modssc.transductive.methods.gnn.common common.py:373: train_fullbatch epoch=118 val_loss=0.0741 best updated
2026-02-02 17:03:24,738 DEBUG modssc.transductive.methods.gnn.common common.py:373: train_fullbatch epoch=119 val_loss=0.0736 best updated
2026-02-02 17:03:24,739 DEBUG modssc.transductive.methods.gnn.common common.py:373: train_fullbatch epoch=120 val_loss=0.0732 best updated
2026-02-02 17:03:24,740 DEBUG modssc.transductive.methods.gnn.common common.py:373: train_fullbatch epoch=121 val_loss=0.0727 best updated
2026-02-02 17:03:24,741 DEBUG modssc.transductive.methods.gnn.common common.py:373: train_fullbatch epoch=122 val_loss=0.0722 best updated
2026-02-02 17:03:24,742 DEBUG modssc.transductive.methods.gnn.common common.py:373: train_fullbatch epoch=123 val_loss=0.0717 best updated
2026-02-02 17:03:24,742 DEBUG modssc.transductive.methods.gnn.common common.py:373: train_fullbatch epoch=124 val_loss=0.0713 best updated
2026-02-02 17:03:24,743 DEBUG modssc.transductive.methods.gnn.common common.py:373: train_fullbatch epoch=125 val_loss=0.0708 best updated
2026-02-02 17:03:24,744 DEBUG modssc.transductive.methods.gnn.common common.py:373: train_fullbatch epoch=126 val_loss=0.0703 best updated
2026-02-02 17:03:24,745 DEBUG modssc.transductive.methods.gnn.common common.py:373: train_fullbatch epoch=127 val_loss=0.0699 best updated
2026-02-02 17:03:24,745 DEBUG modssc.transductive.methods.gnn.common common.py:373: train_fullbatch epoch=128 val_loss=0.0695 best updated
2026-02-02 17:03:24,746 DEBUG modssc.transductive.methods.gnn.common common.py:373: train_fullbatch epoch=129 val_loss=0.0690 best updated
2026-02-02 17:03:24,747 DEBUG modssc.transductive.methods.gnn.common common.py:373: train_fullbatch epoch=130 val_loss=0.0686 best updated
2026-02-02 17:03:24,748 DEBUG modssc.transductive.methods.gnn.common common.py:373: train_fullbatch epoch=131 val_loss=0.0681 best updated
2026-02-02 17:03:24,748 DEBUG modssc.transductive.methods.gnn.common common.py:373: train_fullbatch epoch=132 val_loss=0.0677 best updated
2026-02-02 17:03:24,749 DEBUG modssc.transductive.methods.gnn.common common.py:373: train_fullbatch epoch=133 val_loss=0.0673 best updated
2026-02-02 17:03:24,750 DEBUG modssc.transductive.methods.gnn.common common.py:373: train_fullbatch epoch=134 val_loss=0.0669 best updated
2026-02-02 17:03:24,751 DEBUG modssc.transductive.methods.gnn.common common.py:373: train_fullbatch epoch=135 val_loss=0.0664 best updated
2026-02-02 17:03:24,751 DEBUG modssc.transductive.methods.gnn.common common.py:373: train_fullbatch epoch=136 val_loss=0.0660 best updated
2026-02-02 17:03:24,752 DEBUG modssc.transductive.methods.gnn.common common.py:373: train_fullbatch epoch=137 val_loss=0.0656 best updated
2026-02-02 17:03:24,753 DEBUG modssc.transductive.methods.gnn.common common.py:373: train_fullbatch epoch=138 val_loss=0.0652 best updated
2026-02-02 17:03:24,754 DEBUG modssc.transductive.methods.gnn.common common.py:373: train_fullbatch epoch=139 val_loss=0.0648 best updated
2026-02-02 17:03:24,755 DEBUG modssc.transductive.methods.gnn.common common.py:373: train_fullbatch epoch=140 val_loss=0.0644 best updated
2026-02-02 17:03:24,755 DEBUG modssc.transductive.methods.gnn.common common.py:373: train_fullbatch epoch=141 val_loss=0.0641 best updated
2026-02-02 17:03:24,756 DEBUG modssc.transductive.methods.gnn.common common.py:373: train_fullbatch epoch=142 val_loss=0.0637 best updated
2026-02-02 17:03:24,757 DEBUG modssc.transductive.methods.gnn.common common.py:373: train_fullbatch epoch=143 val_loss=0.0633 best updated
2026-02-02 17:03:24,758 DEBUG modssc.transductive.methods.gnn.common common.py:373: train_fullbatch epoch=144 val_loss=0.0629 best updated
2026-02-02 17:03:24,758 DEBUG modssc.transductive.methods.gnn.common common.py:373: train_fullbatch epoch=145 val_loss=0.0626 best updated
2026-02-02 17:03:24,759 DEBUG modssc.transductive.methods.gnn.common common.py:373: train_fullbatch epoch=146 val_loss=0.0622 best updated
2026-02-02 17:03:24,760 DEBUG modssc.transductive.methods.gnn.common common.py:373: train_fullbatch epoch=147 val_loss=0.0618 best updated
2026-02-02 17:03:24,761 DEBUG modssc.transductive.methods.gnn.common common.py:373: train_fullbatch epoch=148 val_loss=0.0615 best updated
2026-02-02 17:03:24,761 DEBUG modssc.transductive.methods.gnn.common common.py:373: train_fullbatch epoch=149 val_loss=0.0611 best updated
2026-02-02 17:03:24,762 DEBUG modssc.transductive.methods.gnn.common common.py:373: train_fullbatch epoch=150 val_loss=0.0608 best updated
2026-02-02 17:03:24,763 DEBUG modssc.transductive.methods.gnn.common common.py:373: train_fullbatch epoch=151 val_loss=0.0604 best updated
2026-02-02 17:03:24,764 DEBUG modssc.transductive.methods.gnn.common common.py:373: train_fullbatch epoch=152 val_loss=0.0601 best updated
2026-02-02 17:03:24,764 DEBUG modssc.transductive.methods.gnn.common common.py:373: train_fullbatch epoch=153 val_loss=0.0597 best updated
2026-02-02 17:03:24,765 DEBUG modssc.transductive.methods.gnn.common common.py:373: train_fullbatch epoch=154 val_loss=0.0594 best updated
2026-02-02 17:03:24,766 DEBUG modssc.transductive.methods.gnn.common common.py:373: train_fullbatch epoch=155 val_loss=0.0591 best updated
2026-02-02 17:03:24,767 DEBUG modssc.transductive.methods.gnn.common common.py:373: train_fullbatch epoch=156 val_loss=0.0587 best updated
2026-02-02 17:03:24,768 DEBUG modssc.transductive.methods.gnn.common common.py:373: train_fullbatch epoch=157 val_loss=0.0584 best updated
2026-02-02 17:03:24,768 DEBUG modssc.transductive.methods.gnn.common common.py:373: train_fullbatch epoch=158 val_loss=0.0581 best updated
2026-02-02 17:03:24,769 DEBUG modssc.transductive.methods.gnn.common common.py:373: train_fullbatch epoch=159 val_loss=0.0578 best updated
2026-02-02 17:03:24,770 DEBUG modssc.transductive.methods.gnn.common common.py:373: train_fullbatch epoch=160 val_loss=0.0574 best updated
2026-02-02 17:03:24,771 DEBUG modssc.transductive.methods.gnn.common common.py:373: train_fullbatch epoch=161 val_loss=0.0571 best updated
2026-02-02 17:03:24,771 DEBUG modssc.transductive.methods.gnn.common common.py:373: train_fullbatch epoch=162 val_loss=0.0568 best updated
2026-02-02 17:03:24,772 DEBUG modssc.transductive.methods.gnn.common common.py:373: train_fullbatch epoch=163 val_loss=0.0565 best updated
2026-02-02 17:03:24,773 DEBUG modssc.transductive.methods.gnn.common common.py:373: train_fullbatch epoch=164 val_loss=0.0562 best updated
2026-02-02 17:03:24,774 DEBUG modssc.transductive.methods.gnn.common common.py:373: train_fullbatch epoch=165 val_loss=0.0559 best updated
2026-02-02 17:03:24,774 DEBUG modssc.transductive.methods.gnn.common common.py:373: train_fullbatch epoch=166 val_loss=0.0556 best updated
2026-02-02 17:03:24,775 DEBUG modssc.transductive.methods.gnn.common common.py:373: train_fullbatch epoch=167 val_loss=0.0553 best updated
2026-02-02 17:03:24,776 DEBUG modssc.transductive.methods.gnn.common common.py:373: train_fullbatch epoch=168 val_loss=0.0550 best updated
2026-02-02 17:03:24,777 DEBUG modssc.transductive.methods.gnn.common common.py:373: train_fullbatch epoch=169 val_loss=0.0547 best updated
2026-02-02 17:03:24,778 DEBUG modssc.transductive.methods.gnn.common common.py:373: train_fullbatch epoch=170 val_loss=0.0544 best updated
2026-02-02 17:03:24,778 DEBUG modssc.transductive.methods.gnn.common common.py:373: train_fullbatch epoch=171 val_loss=0.0541 best updated
2026-02-02 17:03:24,779 DEBUG modssc.transductive.methods.gnn.common common.py:373: train_fullbatch epoch=172 val_loss=0.0539 best updated
2026-02-02 17:03:24,780 DEBUG modssc.transductive.methods.gnn.common common.py:373: train_fullbatch epoch=173 val_loss=0.0536 best updated
2026-02-02 17:03:24,781 DEBUG modssc.transductive.methods.gnn.common common.py:373: train_fullbatch epoch=174 val_loss=0.0533 best updated
2026-02-02 17:03:24,781 DEBUG modssc.transductive.methods.gnn.common common.py:373: train_fullbatch epoch=175 val_loss=0.0530 best updated
2026-02-02 17:03:24,782 DEBUG modssc.transductive.methods.gnn.common common.py:373: train_fullbatch epoch=176 val_loss=0.0528 best updated
2026-02-02 17:03:24,783 DEBUG modssc.transductive.methods.gnn.common common.py:373: train_fullbatch epoch=177 val_loss=0.0525 best updated
2026-02-02 17:03:24,784 DEBUG modssc.transductive.methods.gnn.common common.py:373: train_fullbatch epoch=178 val_loss=0.0522 best updated
2026-02-02 17:03:24,784 DEBUG modssc.transductive.methods.gnn.common common.py:373: train_fullbatch epoch=179 val_loss=0.0519 best updated
2026-02-02 17:03:24,785 DEBUG modssc.transductive.methods.gnn.common common.py:373: train_fullbatch epoch=180 val_loss=0.0517 best updated
2026-02-02 17:03:24,786 DEBUG modssc.transductive.methods.gnn.common common.py:373: train_fullbatch epoch=181 val_loss=0.0514 best updated
2026-02-02 17:03:24,787 DEBUG modssc.transductive.methods.gnn.common common.py:373: train_fullbatch epoch=182 val_loss=0.0512 best updated
2026-02-02 17:03:24,788 DEBUG modssc.transductive.methods.gnn.common common.py:373: train_fullbatch epoch=183 val_loss=0.0509 best updated
2026-02-02 17:03:24,788 DEBUG modssc.transductive.methods.gnn.common common.py:373: train_fullbatch epoch=184 val_loss=0.0507 best updated
2026-02-02 17:03:24,789 DEBUG modssc.transductive.methods.gnn.common common.py:373: train_fullbatch epoch=185 val_loss=0.0504 best updated
2026-02-02 17:03:24,790 DEBUG modssc.transductive.methods.gnn.common common.py:373: train_fullbatch epoch=186 val_loss=0.0502 best updated
2026-02-02 17:03:24,791 DEBUG modssc.transductive.methods.gnn.common common.py:373: train_fullbatch epoch=187 val_loss=0.0499 best updated
2026-02-02 17:03:24,791 DEBUG modssc.transductive.methods.gnn.common common.py:373: train_fullbatch epoch=188 val_loss=0.0497 best updated
2026-02-02 17:03:24,792 DEBUG modssc.transductive.methods.gnn.common common.py:373: train_fullbatch epoch=189 val_loss=0.0494 best updated
2026-02-02 17:03:24,793 DEBUG modssc.transductive.methods.gnn.common common.py:373: train_fullbatch epoch=190 val_loss=0.0492 best updated
2026-02-02 17:03:24,794 DEBUG modssc.transductive.methods.gnn.common common.py:373: train_fullbatch epoch=191 val_loss=0.0490 best updated
2026-02-02 17:03:24,794 DEBUG modssc.transductive.methods.gnn.common common.py:373: train_fullbatch epoch=192 val_loss=0.0487 best updated
2026-02-02 17:03:24,795 DEBUG modssc.transductive.methods.gnn.common common.py:373: train_fullbatch epoch=193 val_loss=0.0485 best updated
2026-02-02 17:03:24,796 DEBUG modssc.transductive.methods.gnn.common common.py:373: train_fullbatch epoch=194 val_loss=0.0483 best updated
2026-02-02 17:03:24,797 DEBUG modssc.transductive.methods.gnn.common common.py:373: train_fullbatch epoch=195 val_loss=0.0480 best updated
2026-02-02 17:03:24,797 DEBUG modssc.transductive.methods.gnn.common common.py:373: train_fullbatch epoch=196 val_loss=0.0478 best updated
2026-02-02 17:03:24,798 DEBUG modssc.transductive.methods.gnn.common common.py:373: train_fullbatch epoch=197 val_loss=0.0476 best updated
2026-02-02 17:03:24,799 DEBUG modssc.transductive.methods.gnn.common common.py:373: train_fullbatch epoch=198 val_loss=0.0473 best updated
2026-02-02 17:03:24,800 DEBUG modssc.transductive.methods.gnn.common common.py:373: train_fullbatch epoch=199 val_loss=0.0471 best updated
2026-02-02 17:03:24,800 DEBUG modssc.transductive.methods.gnn.common common.py:399: train_fullbatch done n_epochs=200 best_epoch=199 best_val_loss=0.04712485149502754
2026-02-02 17:03:24,800 INFO modssc.transductive.methods.gnn.sgc sgc.py:105: Finished sgc.fit in 1.250s
2026-02-02 17:03:24,800 INFO bench.orchestrators.method_transductive method_transductive.py:218: Transductive method done: id=sgc duration_s=1.250
2026-02-02 17:03:24,800 INFO bench.orchestrators.evaluation evaluation.py:244: Evaluation (transductive): splits=['val', 'test'] metrics=['accuracy', 'macro_f1']
2026-02-02 17:03:24,801 INFO bench.orchestrators.evaluation evaluation.py:263: Evaluation (transductive) done: duration_s=0.001
2026-02-02 17:03:24,804 INFO bench.orchestrators.reporting reporting.py:54: Run summary written: /nfs/home/mbarbaux/ModSSC/runs/transductive/sgc/tabular/iris/best_tabular_transductive_sgc_iris-20260202T160323Z/run.json status=success duration_s=0.002
