2026-02-02 17:04:39,638 INFO bench.orchestrators.dataset dataset.py:36: Dataset start: id=toy download=True cache_dir=None
2026-02-02 17:04:39,638 DEBUG bench.orchestrators.dataset dataset.py:42: Dataset options: []
2026-02-02 17:04:39,641 DEBUG modssc.data_loader.providers __init__.py:38: Creating provider: toy
2026-02-02 17:04:39,641 DEBUG modssc.data_loader.api api.py:316: Resolved dataset id=toy provider=toy canonical_uri=toy:default
2026-02-02 17:04:39,641 INFO modssc.data_loader.api api.py:117: Dataset load: id=toy provider=toy version=1 fingerprint=e0c01c98d61086d3a0f9eed4436f4ecf49dcaace00195bf10f825786b9b12b89 download=True force=False cache_dir=/nfs/home/mbarbaux/ModSSC/cache/datasets
2026-02-02 17:04:39,641 DEBUG modssc.data_loader.api api.py:127: Dataset resolved_kwargs: {'n_samples': 64, 'n_features': 4, 'n_classes': 3, 'seed': 0, 'test': True, 'test_size': 0.25}
2026-02-02 17:04:39,642 DEBUG modssc.data_loader.api api.py:403: Loaded cached dataset: fingerprint=e0c01c98d61086d3a0f9eed4436f4ecf49dcaace00195bf10f825786b9b12b89
2026-02-02 17:04:39,643 INFO modssc.data_loader.api api.py:133: Dataset cached: id=toy train=48 test=16 n_classes=3 duration_s=0.004
2026-02-02 17:04:39,643 INFO bench.orchestrators.dataset dataset.py:54: Dataset loaded: train=48 test=16 graph=False fingerprint=e0c01c98d61086d3a0f9eed4436f4ecf49dcaace00195bf10f825786b9b12b89 provider=toy
2026-02-02 17:04:39,643 INFO bench.orchestrators.dataset dataset.py:62: Dataset stage done: duration_s=0.005
2026-02-02 17:04:39,687 INFO bench.orchestrators.sampling sampling.py:86: Sampling start: seed=1 dataset_id=toy
2026-02-02 17:04:39,687 DEBUG bench.orchestrators.sampling sampling.py:87: Sampling plan: split={'kind': 'holdout', 'test_fraction': 0.2, 'val_fraction': 0.1, 'stratify': True, 'shuffle': True} labeling={'mode': 'fraction', 'value': 0.2, 'per_class': False, 'min_per_class': 1, 'strategy': 'balanced', 'fixed_indices': None} imbalance={'kind': 'none', 'apply_to': 'train', 'max_per_class': None, 'alpha': None, 'min_per_class': 1} policy={'respect_official_test': True, 'use_official_graph_masks': True, 'allow_override_official': False}
2026-02-02 17:04:39,687 DEBUG bench.orchestrators.sampling sampling.py:98: Sampling dataset_fingerprint=e0c01c98d61086d3a0f9eed4436f4ecf49dcaace00195bf10f825786b9b12b89
2026-02-02 17:04:39,687 INFO modssc.sampling.api api.py:99: Sampling start: dataset_id=toy dataset_fingerprint=e0c01c98d61086d3a0f9eed4436f4ecf49dcaace00195bf10f825786b9b12b89 seed=1 graph=False split=holdout
2026-02-02 17:04:39,687 DEBUG modssc.sampling.api api.py:107: Sampling plan: {'split': {'kind': 'holdout', 'test_fraction': 0.2, 'val_fraction': 0.1, 'stratify': True, 'shuffle': True}, 'labeling': {'mode': 'fraction', 'value': 0.2, 'per_class': False, 'min_per_class': 1, 'strategy': 'balanced', 'fixed_indices': None}, 'imbalance': {'kind': 'none', 'apply_to': 'train', 'max_per_class': None, 'alpha': None, 'min_per_class': 1}, 'policy': {'respect_official_test': True, 'use_official_graph_masks': True, 'allow_override_official': False}}
2026-02-02 17:04:39,699 INFO modssc.sampling.api api.py:141: Sampling done: train=43 val=5 test=16 labeled=9 unlabeled=34 duration_s=0.011
2026-02-02 17:04:39,699 DEBUG modssc.sampling.api api.py:150: Sampling stats: {'policy': {'respect_official_test': True, 'has_official_test': True, 'test_ref': 'test'}, 'train': {'n': 43, 'classes': {'0': 14, '1': 15, '2': 14}}, 'val': {'n': 5, 'classes': {'0': 1, '1': 2, '2': 2}}, 'train_labeled': {'n': 9, 'classes': {'0': 3, '1': 3, '2': 3}}, 'train_unlabeled': {'n': 34}, 'test': {'n': 16, 'classes': {'0': 6, '1': 5, '2': 5}}}
2026-02-02 17:04:39,699 INFO bench.orchestrators.sampling sampling.py:123: Sampling result: train=43 val=5 test=16 labeled=9 unlabeled=34 graph=False
2026-02-02 17:04:39,699 DEBUG bench.orchestrators.sampling sampling.py:132: Sampling stats: {'policy': {'respect_official_test': True, 'has_official_test': True, 'test_ref': 'test'}, 'train': {'n': 43, 'classes': {'0': 14, '1': 15, '2': 14}}, 'val': {'n': 5, 'classes': {'0': 1, '1': 2, '2': 2}}, 'train_labeled': {'n': 9, 'classes': {'0': 3, '1': 3, '2': 3}}, 'train_unlabeled': {'n': 34}, 'test': {'n': 16, 'classes': {'0': 6, '1': 5, '2': 5}}}
2026-02-02 17:04:39,699 INFO bench.orchestrators.sampling sampling.py:133: Sampling stage done: duration_s=0.012
2026-02-02 17:04:39,699 INFO bench.orchestrators.preprocess preprocess.py:105: Preprocess start: seed=1 cache=True n_steps=6 fit_indices=9
2026-02-02 17:04:39,699 DEBUG bench.orchestrators.preprocess preprocess.py:112: Preprocess plan: output_key=features.X steps=['labels.encode', 'labels.to_torch', 'core.ensure_2d', 'tabular.impute', 'tabular.standard_scaler', 'core.to_torch']
2026-02-02 17:04:39,699 INFO modssc.preprocess.api api.py:490: Preprocess start: dataset_fp=e0c01c98d61086d3a0f9eed4436f4ecf49dcaace00195bf10f825786b9b12b89 steps=['labels.encode', 'labels.to_torch', 'core.ensure_2d', 'tabular.impute', 'tabular.standard_scaler', 'core.to_torch'] output_key=features.X seed=1 cache=True
2026-02-02 17:04:39,699 DEBUG modssc.preprocess.api api.py:498: Preprocess input shapes: train_X=(48, 4) train_y=(48,) test_X=(16, 4) test_y=(16,)
2026-02-02 17:04:39,699 INFO modssc.preprocess.api api.py:505: Preprocess input size: train_data=1.1 KB test_data=384 B
2026-02-02 17:04:39,699 DEBUG modssc.preprocess.api api.py:521: Preprocess step start: id=labels.encode index=0 kind=transform params={}
2026-02-02 17:04:39,701 DEBUG modssc.preprocess.api api.py:605: Preprocess step train outputs: id=labels.encode keys=['labels.classes', 'labels.y'] duration_s=0.002
2026-02-02 17:04:39,702 DEBUG modssc.preprocess.api api.py:654: Preprocess step test outputs: id=labels.encode keys=['labels.classes', 'labels.y']
2026-02-02 17:04:39,702 INFO modssc.preprocess.api api.py:679: Preprocess step done: id=labels.encode index=0 duration_s=0.003 train_data=1.1 KB test_data=384 B
2026-02-02 17:04:39,702 DEBUG modssc.preprocess.api api.py:521: Preprocess step start: id=labels.to_torch index=1 kind=transform params={'device': 'auto', 'dtype': 'int64'}
2026-02-02 17:04:39,800 DEBUG modssc.preprocess.api api.py:605: Preprocess step train outputs: id=labels.to_torch keys=['labels.y'] duration_s=0.097
2026-02-02 17:04:39,801 DEBUG modssc.preprocess.api api.py:654: Preprocess step test outputs: id=labels.to_torch keys=['labels.y']
2026-02-02 17:04:39,801 INFO modssc.preprocess.api api.py:267: Preprocess GPU device: device=cuda:0 model=NVIDIA L40
2026-02-02 17:04:39,801 INFO modssc.preprocess.api api.py:679: Preprocess step done: id=labels.to_torch index=1 duration_s=0.099 train_data=1.1 KB test_data=384 B
2026-02-02 17:04:39,801 DEBUG modssc.preprocess.api api.py:521: Preprocess step start: id=core.ensure_2d index=2 kind=transform params={}
2026-02-02 17:04:39,803 DEBUG modssc.preprocess.api api.py:605: Preprocess step train outputs: id=core.ensure_2d keys=['features.X'] duration_s=0.002
2026-02-02 17:04:39,803 DEBUG modssc.preprocess.api api.py:654: Preprocess step test outputs: id=core.ensure_2d keys=['features.X']
2026-02-02 17:04:39,803 INFO modssc.preprocess.api api.py:679: Preprocess step done: id=core.ensure_2d index=2 duration_s=0.002 train_data=1.1 KB test_data=384 B
2026-02-02 17:04:39,803 DEBUG modssc.preprocess.api api.py:521: Preprocess step start: id=tabular.impute index=3 kind=fittable params={}
2026-02-02 17:04:40,719 DEBUG modssc.preprocess.api api.py:605: Preprocess step train outputs: id=tabular.impute keys=['features.X'] duration_s=0.916
2026-02-02 17:04:40,720 DEBUG modssc.preprocess.api api.py:654: Preprocess step test outputs: id=tabular.impute keys=['features.X']
2026-02-02 17:04:40,720 INFO modssc.preprocess.api api.py:679: Preprocess step done: id=tabular.impute index=3 duration_s=0.917 train_data=1.1 KB test_data=384 B
2026-02-02 17:04:40,720 DEBUG modssc.preprocess.api api.py:521: Preprocess step start: id=tabular.standard_scaler index=4 kind=fittable params={}
2026-02-02 17:04:40,722 DEBUG modssc.preprocess.api api.py:605: Preprocess step train outputs: id=tabular.standard_scaler keys=['features.X'] duration_s=0.002
2026-02-02 17:04:40,722 DEBUG modssc.preprocess.api api.py:654: Preprocess step test outputs: id=tabular.standard_scaler keys=['features.X']
2026-02-02 17:04:40,722 INFO modssc.preprocess.api api.py:679: Preprocess step done: id=tabular.standard_scaler index=4 duration_s=0.002 train_data=1.1 KB test_data=384 B
2026-02-02 17:04:40,722 DEBUG modssc.preprocess.api api.py:521: Preprocess step start: id=core.to_torch index=5 kind=transform params={'device': 'auto', 'dtype': 'float32'}
2026-02-02 17:04:40,725 DEBUG modssc.preprocess.api api.py:605: Preprocess step train outputs: id=core.to_torch keys=['features.X'] duration_s=0.001
2026-02-02 17:04:40,726 DEBUG modssc.preprocess.api api.py:654: Preprocess step test outputs: id=core.to_torch keys=['features.X']
2026-02-02 17:04:40,726 INFO modssc.preprocess.api api.py:679: Preprocess step done: id=core.to_torch index=5 duration_s=0.003 train_data=1.1 KB test_data=384 B
2026-02-02 17:04:40,726 INFO modssc.preprocess.api api.py:730: Preprocess done: dataset_fp=e0c01c98d61086d3a0f9eed4436f4ecf49dcaace00195bf10f825786b9b12b89 duration_s=1.027 train_X=(48, 4) test_X=(16, 4)
2026-02-02 17:04:40,726 INFO bench.orchestrators.preprocess preprocess.py:124: Preprocess result: fingerprint=preprocess:2084820f9dca20adeb55bdfd0f380fbf298775455425b2e216730279686da63f plan_fingerprint=resolved_plan:2fd28781de548db14dc25cb730c4a58beda13172ed36f45b2cc1411caf334e69 cache_dir=/nfs/home/mbarbaux/ModSSC/cache/preprocess/e0c01c98d61086d3a0f9eed4436f4ecf49dcaace00195bf10f825786b9b12b89 skipped=[]
2026-02-02 17:04:40,726 DEBUG bench.orchestrators.preprocess preprocess.py:131: Preprocess output shapes: train_X=(48, 4) test_X=(16, 4)
2026-02-02 17:04:40,726 INFO bench.orchestrators.preprocess preprocess.py:136: Preprocess stage done: duration_s=1.027
2026-02-02 17:04:40,734 INFO bench.orchestrators.augmentation augmentation.py:66: Augmentation start: mode=fixed modality=tabular seed=1 n_samples=34 strong_views=1
2026-02-02 17:04:40,734 DEBUG bench.orchestrators.augmentation augmentation.py:74: Augmentation steps: weak=['tabular.gaussian_noise'] strong=['tabular.swap_noise']
2026-02-02 17:04:40,763 INFO bench.orchestrators.augmentation augmentation.py:191: Augmentation done: duration_s=0.029
2026-02-02 17:04:40,763 DEBUG bench.orchestrators.augmentation augmentation.py:192: Augmentation output shapes: weak=(34, 4) strong=(34, 4) strong_1=None
2026-02-02 17:04:40,763 INFO bench.orchestrators.method_inductive method_inductive.py:441: Inductive method start: id=pi_model seed=398591604 device=auto dtype=float32 model=mlp
2026-02-02 17:04:40,763 DEBUG bench.orchestrators.method_inductive method_inductive.py:470: Inductive method params: {'lambda_u': 1.0, 'unsup_warm_up': 0.4, 'batch_size': 128, 'max_epochs': 50, 'freeze_bn': False, 'detach_target': True}
2026-02-02 17:04:40,763 INFO bench.orchestrators.method_inductive method_inductive.py:476: Inductive method data: n_labeled=9 n_unlabeled=34
2026-02-02 17:04:41,622 INFO modssc.inductive.methods.pi_model pi_model.py:69: Starting pi_model.fit
2026-02-02 17:04:41,622 DEBUG modssc.inductive.methods.pi_model pi_model.py:70: params lambda_u=1.0 unsup_warm_up=0.4 batch_size=128 max_epochs=50 freeze_bn=False detach_target=True has_model_bundle=True device=DeviceSpec(device='auto', dtype='float32') seed=398591604
2026-02-02 17:04:41,622 INFO modssc.inductive.methods.pi_model pi_model.py:100: Pi-Model sizes: n_labeled=9 n_unlabeled=34
2026-02-02 17:04:41,713 DEBUG modssc.inductive.methods.pi_model pi_model.py:194: Pi-Model epoch=0 warm=0.000 sup_loss=1.1027 unsup_loss=0.0006
2026-02-02 17:04:41,757 DEBUG modssc.inductive.methods.pi_model pi_model.py:194: Pi-Model epoch=1 warm=0.050 sup_loss=1.0235 unsup_loss=0.0007
2026-02-02 17:04:41,759 DEBUG modssc.inductive.methods.pi_model pi_model.py:194: Pi-Model epoch=2 warm=0.100 sup_loss=0.9283 unsup_loss=0.0006
2026-02-02 17:04:41,760 DEBUG modssc.inductive.methods.pi_model pi_model.py:194: Pi-Model epoch=3 warm=0.150 sup_loss=0.8616 unsup_loss=0.0009
2026-02-02 17:04:41,762 DEBUG modssc.inductive.methods.pi_model pi_model.py:194: Pi-Model epoch=4 warm=0.200 sup_loss=0.8003 unsup_loss=0.0015
2026-02-02 17:04:41,764 DEBUG modssc.inductive.methods.pi_model pi_model.py:194: Pi-Model epoch=5 warm=0.250 sup_loss=0.7428 unsup_loss=0.0017
2026-02-02 17:04:41,765 DEBUG modssc.inductive.methods.pi_model pi_model.py:194: Pi-Model epoch=6 warm=0.300 sup_loss=0.6920 unsup_loss=0.0021
2026-02-02 17:04:41,767 DEBUG modssc.inductive.methods.pi_model pi_model.py:194: Pi-Model epoch=7 warm=0.350 sup_loss=0.6419 unsup_loss=0.0029
2026-02-02 17:04:41,768 DEBUG modssc.inductive.methods.pi_model pi_model.py:194: Pi-Model epoch=8 warm=0.400 sup_loss=0.6070 unsup_loss=0.0031
2026-02-02 17:04:41,769 DEBUG modssc.inductive.methods.pi_model pi_model.py:194: Pi-Model epoch=9 warm=0.450 sup_loss=0.5563 unsup_loss=0.0032
2026-02-02 17:04:41,771 DEBUG modssc.inductive.methods.pi_model pi_model.py:194: Pi-Model epoch=10 warm=0.500 sup_loss=0.5094 unsup_loss=0.0037
2026-02-02 17:04:41,772 DEBUG modssc.inductive.methods.pi_model pi_model.py:194: Pi-Model epoch=11 warm=0.550 sup_loss=0.4782 unsup_loss=0.0056
2026-02-02 17:04:41,774 DEBUG modssc.inductive.methods.pi_model pi_model.py:194: Pi-Model epoch=12 warm=0.600 sup_loss=0.4462 unsup_loss=0.0048
2026-02-02 17:04:41,775 DEBUG modssc.inductive.methods.pi_model pi_model.py:194: Pi-Model epoch=13 warm=0.650 sup_loss=0.4200 unsup_loss=0.0084
2026-02-02 17:04:41,777 DEBUG modssc.inductive.methods.pi_model pi_model.py:194: Pi-Model epoch=14 warm=0.700 sup_loss=0.3832 unsup_loss=0.0064
2026-02-02 17:04:41,778 DEBUG modssc.inductive.methods.pi_model pi_model.py:194: Pi-Model epoch=15 warm=0.750 sup_loss=0.3716 unsup_loss=0.0094
2026-02-02 17:04:41,780 DEBUG modssc.inductive.methods.pi_model pi_model.py:194: Pi-Model epoch=16 warm=0.800 sup_loss=0.3040 unsup_loss=0.0106
2026-02-02 17:04:41,781 DEBUG modssc.inductive.methods.pi_model pi_model.py:194: Pi-Model epoch=17 warm=0.850 sup_loss=0.3340 unsup_loss=0.0095
2026-02-02 17:04:41,783 DEBUG modssc.inductive.methods.pi_model pi_model.py:194: Pi-Model epoch=18 warm=0.900 sup_loss=0.2920 unsup_loss=0.0084
2026-02-02 17:04:41,784 DEBUG modssc.inductive.methods.pi_model pi_model.py:194: Pi-Model epoch=19 warm=0.950 sup_loss=0.2957 unsup_loss=0.0105
2026-02-02 17:04:41,785 DEBUG modssc.inductive.methods.pi_model pi_model.py:194: Pi-Model epoch=20 warm=1.000 sup_loss=0.2687 unsup_loss=0.0143
2026-02-02 17:04:41,787 DEBUG modssc.inductive.methods.pi_model pi_model.py:194: Pi-Model epoch=21 warm=1.000 sup_loss=0.2773 unsup_loss=0.0111
2026-02-02 17:04:41,788 DEBUG modssc.inductive.methods.pi_model pi_model.py:194: Pi-Model epoch=22 warm=1.000 sup_loss=0.2033 unsup_loss=0.0117
2026-02-02 17:04:41,790 DEBUG modssc.inductive.methods.pi_model pi_model.py:194: Pi-Model epoch=23 warm=1.000 sup_loss=0.2003 unsup_loss=0.0123
2026-02-02 17:04:41,791 DEBUG modssc.inductive.methods.pi_model pi_model.py:194: Pi-Model epoch=24 warm=1.000 sup_loss=0.1940 unsup_loss=0.0072
2026-02-02 17:04:41,793 DEBUG modssc.inductive.methods.pi_model pi_model.py:194: Pi-Model epoch=25 warm=1.000 sup_loss=0.1953 unsup_loss=0.0115
2026-02-02 17:04:41,794 DEBUG modssc.inductive.methods.pi_model pi_model.py:194: Pi-Model epoch=26 warm=1.000 sup_loss=0.1674 unsup_loss=0.0100
2026-02-02 17:04:41,796 DEBUG modssc.inductive.methods.pi_model pi_model.py:194: Pi-Model epoch=27 warm=1.000 sup_loss=0.1562 unsup_loss=0.0133
2026-02-02 17:04:41,797 DEBUG modssc.inductive.methods.pi_model pi_model.py:194: Pi-Model epoch=28 warm=1.000 sup_loss=0.1533 unsup_loss=0.0099
2026-02-02 17:04:41,798 DEBUG modssc.inductive.methods.pi_model pi_model.py:194: Pi-Model epoch=29 warm=1.000 sup_loss=0.1380 unsup_loss=0.0132
2026-02-02 17:04:41,800 DEBUG modssc.inductive.methods.pi_model pi_model.py:194: Pi-Model epoch=30 warm=1.000 sup_loss=0.1117 unsup_loss=0.0072
2026-02-02 17:04:41,801 DEBUG modssc.inductive.methods.pi_model pi_model.py:194: Pi-Model epoch=31 warm=1.000 sup_loss=0.1212 unsup_loss=0.0080
2026-02-02 17:04:41,803 DEBUG modssc.inductive.methods.pi_model pi_model.py:194: Pi-Model epoch=32 warm=1.000 sup_loss=0.1106 unsup_loss=0.0112
2026-02-02 17:04:41,804 DEBUG modssc.inductive.methods.pi_model pi_model.py:194: Pi-Model epoch=33 warm=1.000 sup_loss=0.1007 unsup_loss=0.0091
2026-02-02 17:04:41,806 DEBUG modssc.inductive.methods.pi_model pi_model.py:194: Pi-Model epoch=34 warm=1.000 sup_loss=0.0934 unsup_loss=0.0091
2026-02-02 17:04:41,807 DEBUG modssc.inductive.methods.pi_model pi_model.py:194: Pi-Model epoch=35 warm=1.000 sup_loss=0.0796 unsup_loss=0.0062
2026-02-02 17:04:41,809 DEBUG modssc.inductive.methods.pi_model pi_model.py:194: Pi-Model epoch=36 warm=1.000 sup_loss=0.0815 unsup_loss=0.0092
2026-02-02 17:04:41,810 DEBUG modssc.inductive.methods.pi_model pi_model.py:194: Pi-Model epoch=37 warm=1.000 sup_loss=0.0726 unsup_loss=0.0064
2026-02-02 17:04:41,812 DEBUG modssc.inductive.methods.pi_model pi_model.py:194: Pi-Model epoch=38 warm=1.000 sup_loss=0.0591 unsup_loss=0.0077
2026-02-02 17:04:41,813 DEBUG modssc.inductive.methods.pi_model pi_model.py:194: Pi-Model epoch=39 warm=1.000 sup_loss=0.0513 unsup_loss=0.0061
2026-02-02 17:04:41,814 DEBUG modssc.inductive.methods.pi_model pi_model.py:194: Pi-Model epoch=40 warm=1.000 sup_loss=0.0497 unsup_loss=0.0057
2026-02-02 17:04:41,816 DEBUG modssc.inductive.methods.pi_model pi_model.py:194: Pi-Model epoch=41 warm=1.000 sup_loss=0.0436 unsup_loss=0.0057
2026-02-02 17:04:41,817 DEBUG modssc.inductive.methods.pi_model pi_model.py:194: Pi-Model epoch=42 warm=1.000 sup_loss=0.0460 unsup_loss=0.0050
2026-02-02 17:04:41,819 DEBUG modssc.inductive.methods.pi_model pi_model.py:194: Pi-Model epoch=43 warm=1.000 sup_loss=0.0422 unsup_loss=0.0059
2026-02-02 17:04:41,820 DEBUG modssc.inductive.methods.pi_model pi_model.py:194: Pi-Model epoch=44 warm=1.000 sup_loss=0.0306 unsup_loss=0.0049
2026-02-02 17:04:41,822 DEBUG modssc.inductive.methods.pi_model pi_model.py:194: Pi-Model epoch=45 warm=1.000 sup_loss=0.0364 unsup_loss=0.0056
2026-02-02 17:04:41,823 DEBUG modssc.inductive.methods.pi_model pi_model.py:194: Pi-Model epoch=46 warm=1.000 sup_loss=0.0368 unsup_loss=0.0083
2026-02-02 17:04:41,825 DEBUG modssc.inductive.methods.pi_model pi_model.py:194: Pi-Model epoch=47 warm=1.000 sup_loss=0.0280 unsup_loss=0.0042
2026-02-02 17:04:41,826 DEBUG modssc.inductive.methods.pi_model pi_model.py:194: Pi-Model epoch=48 warm=1.000 sup_loss=0.0373 unsup_loss=0.0071
2026-02-02 17:04:41,827 DEBUG modssc.inductive.methods.pi_model pi_model.py:194: Pi-Model epoch=49 warm=1.000 sup_loss=0.0222 unsup_loss=0.0096
2026-02-02 17:04:41,828 INFO modssc.inductive.methods.pi_model pi_model.py:210: Finished pi_model.fit in 0.207s
2026-02-02 17:04:41,828 INFO bench.orchestrators.method_inductive method_inductive.py:550: Inductive method done: id=pi_model duration_s=1.065
2026-02-02 17:04:41,828 INFO bench.orchestrators.evaluation evaluation.py:189: Evaluation (inductive): splits=['val', 'test'] metrics=['accuracy', 'macro_f1']
2026-02-02 17:04:41,830 INFO bench.orchestrators.evaluation evaluation.py:231: Evaluation (inductive) done: duration_s=0.002
2026-02-02 17:04:41,831 INFO bench.orchestrators.reporting reporting.py:54: Run summary written: /nfs/home/mbarbaux/ModSSC/runs/inductive/pi_model/tabular/toy/best_tabular_inductive_pi_model_toy-20260202T160439Z/run.json status=success duration_s=0.001
