2026-02-02 17:01:54,592 INFO bench.orchestrators.dataset dataset.py:36: Dataset start: id=iris download=True cache_dir=None
2026-02-02 17:01:54,592 DEBUG bench.orchestrators.dataset dataset.py:42: Dataset options: []
2026-02-02 17:01:54,596 DEBUG modssc.data_loader.providers __init__.py:38: Creating provider: openml
2026-02-02 17:01:54,596 DEBUG modssc.data_loader.api api.py:316: Resolved dataset id=iris provider=openml canonical_uri=openml:61
2026-02-02 17:01:54,597 INFO modssc.data_loader.api api.py:117: Dataset load: id=iris provider=openml version=None fingerprint=ba055ddc9f9ca1b72ab8a14217263923c7ce2466a9ada1892118d69873fd8572 download=True force=False cache_dir=/nfs/home/mbarbaux/ModSSC/cache/datasets
2026-02-02 17:01:54,597 DEBUG modssc.data_loader.api api.py:127: Dataset resolved_kwargs: {'data_id': 61, 'name': None, 'version': None, 'as_frame': False, 'target_column': None, 'class_filter': None, 'max_samples': None, 'seed': None}
2026-02-02 17:01:54,598 DEBUG modssc.data_loader.api api.py:403: Loaded cached dataset: fingerprint=ba055ddc9f9ca1b72ab8a14217263923c7ce2466a9ada1892118d69873fd8572
2026-02-02 17:01:54,603 INFO modssc.data_loader.api api.py:133: Dataset cached: id=iris train=150 test=None n_classes=3 duration_s=0.010
2026-02-02 17:01:54,603 INFO bench.orchestrators.dataset dataset.py:54: Dataset loaded: train=150 test=None graph=False fingerprint=ba055ddc9f9ca1b72ab8a14217263923c7ce2466a9ada1892118d69873fd8572 provider=openml
2026-02-02 17:01:54,603 INFO bench.orchestrators.dataset dataset.py:62: Dataset stage done: duration_s=0.011
2026-02-02 17:01:54,652 INFO bench.orchestrators.sampling sampling.py:86: Sampling start: seed=1 dataset_id=iris
2026-02-02 17:01:54,652 DEBUG bench.orchestrators.sampling sampling.py:87: Sampling plan: split={'kind': 'holdout', 'test_fraction': 0.2, 'val_fraction': 0.1, 'stratify': True, 'shuffle': True} labeling={'mode': 'fraction', 'value': 0.2, 'per_class': False, 'min_per_class': 1, 'strategy': 'balanced', 'fixed_indices': None} imbalance={'kind': 'none', 'apply_to': 'train', 'max_per_class': None, 'alpha': None, 'min_per_class': 1} policy={'respect_official_test': True, 'use_official_graph_masks': True, 'allow_override_official': False}
2026-02-02 17:01:54,652 DEBUG bench.orchestrators.sampling sampling.py:98: Sampling dataset_fingerprint=ba055ddc9f9ca1b72ab8a14217263923c7ce2466a9ada1892118d69873fd8572
2026-02-02 17:01:54,652 INFO modssc.sampling.api api.py:99: Sampling start: dataset_id=iris dataset_fingerprint=ba055ddc9f9ca1b72ab8a14217263923c7ce2466a9ada1892118d69873fd8572 seed=1 graph=False split=holdout
2026-02-02 17:01:54,652 DEBUG modssc.sampling.api api.py:107: Sampling plan: {'split': {'kind': 'holdout', 'test_fraction': 0.2, 'val_fraction': 0.1, 'stratify': True, 'shuffle': True}, 'labeling': {'mode': 'fraction', 'value': 0.2, 'per_class': False, 'min_per_class': 1, 'strategy': 'balanced', 'fixed_indices': None}, 'imbalance': {'kind': 'none', 'apply_to': 'train', 'max_per_class': None, 'alpha': None, 'min_per_class': 1}, 'policy': {'respect_official_test': True, 'use_official_graph_masks': True, 'allow_override_official': False}}
2026-02-02 17:01:54,660 INFO modssc.sampling.api api.py:141: Sampling done: train=108 val=12 test=30 labeled=22 unlabeled=86 duration_s=0.008
2026-02-02 17:01:54,660 DEBUG modssc.sampling.api api.py:150: Sampling stats: {'policy': {'respect_official_test': True, 'has_official_test': False, 'test_ref': 'train'}, 'train': {'n': 108, 'classes': {'Iris-setosa': 36, 'Iris-versicolor': 36, 'Iris-virginica': 36}}, 'val': {'n': 12, 'classes': {'Iris-setosa': 4, 'Iris-versicolor': 4, 'Iris-virginica': 4}}, 'train_labeled': {'n': 22, 'classes': {'Iris-setosa': 8, 'Iris-versicolor': 7, 'Iris-virginica': 7}}, 'train_unlabeled': {'n': 86}, 'test': {'n': 30, 'classes': {'Iris-setosa': 10, 'Iris-versicolor': 10, 'Iris-virginica': 10}}}
2026-02-02 17:01:54,660 INFO bench.orchestrators.sampling sampling.py:123: Sampling result: train=108 val=12 test=30 labeled=22 unlabeled=86 graph=False
2026-02-02 17:01:54,660 DEBUG bench.orchestrators.sampling sampling.py:132: Sampling stats: {'policy': {'respect_official_test': True, 'has_official_test': False, 'test_ref': 'train'}, 'train': {'n': 108, 'classes': {'Iris-setosa': 36, 'Iris-versicolor': 36, 'Iris-virginica': 36}}, 'val': {'n': 12, 'classes': {'Iris-setosa': 4, 'Iris-versicolor': 4, 'Iris-virginica': 4}}, 'train_labeled': {'n': 22, 'classes': {'Iris-setosa': 8, 'Iris-versicolor': 7, 'Iris-virginica': 7}}, 'train_unlabeled': {'n': 86}, 'test': {'n': 30, 'classes': {'Iris-setosa': 10, 'Iris-versicolor': 10, 'Iris-virginica': 10}}}
2026-02-02 17:01:54,660 INFO bench.orchestrators.sampling sampling.py:133: Sampling stage done: duration_s=0.008
2026-02-02 17:01:54,660 INFO bench.orchestrators.preprocess preprocess.py:105: Preprocess start: seed=1 cache=True n_steps=6 fit_indices=22
2026-02-02 17:01:54,660 DEBUG bench.orchestrators.preprocess preprocess.py:112: Preprocess plan: output_key=features.X steps=['labels.encode', 'labels.to_torch', 'core.ensure_2d', 'tabular.impute', 'tabular.standard_scaler', 'core.to_torch']
2026-02-02 17:01:54,661 INFO modssc.preprocess.api api.py:490: Preprocess start: dataset_fp=ba055ddc9f9ca1b72ab8a14217263923c7ce2466a9ada1892118d69873fd8572 steps=['labels.encode', 'labels.to_torch', 'core.ensure_2d', 'tabular.impute', 'tabular.standard_scaler', 'core.to_torch'] output_key=features.X seed=1 cache=True
2026-02-02 17:01:54,661 DEBUG modssc.preprocess.api api.py:498: Preprocess input shapes: train_X=(150, 4) train_y=(150,) test_X=None test_y=None
2026-02-02 17:01:54,661 INFO modssc.preprocess.api api.py:505: Preprocess input size: train_data=5.9 KB test_data=n/a
2026-02-02 17:01:54,661 DEBUG modssc.preprocess.api api.py:521: Preprocess step start: id=labels.encode index=0 kind=transform params={}
2026-02-02 17:01:54,663 DEBUG modssc.preprocess.api api.py:605: Preprocess step train outputs: id=labels.encode keys=['labels.classes', 'labels.y'] duration_s=0.002
2026-02-02 17:01:54,663 INFO modssc.preprocess.api api.py:679: Preprocess step done: id=labels.encode index=0 duration_s=0.002 train_data=5.9 KB test_data=n/a
2026-02-02 17:01:54,663 DEBUG modssc.preprocess.api api.py:521: Preprocess step start: id=labels.to_torch index=1 kind=transform params={'device': 'auto', 'dtype': 'int64'}
2026-02-02 17:01:54,766 DEBUG modssc.preprocess.api api.py:605: Preprocess step train outputs: id=labels.to_torch keys=['labels.y'] duration_s=0.103
2026-02-02 17:01:54,766 INFO modssc.preprocess.api api.py:267: Preprocess GPU device: device=cuda:0 model=NVIDIA L40
2026-02-02 17:01:54,766 INFO modssc.preprocess.api api.py:679: Preprocess step done: id=labels.to_torch index=1 duration_s=0.103 train_data=5.9 KB test_data=n/a
2026-02-02 17:01:54,766 DEBUG modssc.preprocess.api api.py:521: Preprocess step start: id=core.ensure_2d index=2 kind=transform params={}
2026-02-02 17:01:54,768 DEBUG modssc.preprocess.api api.py:605: Preprocess step train outputs: id=core.ensure_2d keys=['features.X'] duration_s=0.002
2026-02-02 17:01:54,768 INFO modssc.preprocess.api api.py:679: Preprocess step done: id=core.ensure_2d index=2 duration_s=0.002 train_data=5.9 KB test_data=n/a
2026-02-02 17:01:54,768 DEBUG modssc.preprocess.api api.py:521: Preprocess step start: id=tabular.impute index=3 kind=fittable params={}
2026-02-02 17:01:55,757 DEBUG modssc.preprocess.api api.py:605: Preprocess step train outputs: id=tabular.impute keys=['features.X'] duration_s=0.988
2026-02-02 17:01:55,757 INFO modssc.preprocess.api api.py:679: Preprocess step done: id=tabular.impute index=3 duration_s=0.989 train_data=5.9 KB test_data=n/a
2026-02-02 17:01:55,757 DEBUG modssc.preprocess.api api.py:521: Preprocess step start: id=tabular.standard_scaler index=4 kind=fittable params={}
2026-02-02 17:01:55,759 DEBUG modssc.preprocess.api api.py:605: Preprocess step train outputs: id=tabular.standard_scaler keys=['features.X'] duration_s=0.002
2026-02-02 17:01:55,759 INFO modssc.preprocess.api api.py:679: Preprocess step done: id=tabular.standard_scaler index=4 duration_s=0.002 train_data=3.5 KB test_data=n/a
2026-02-02 17:01:55,759 DEBUG modssc.preprocess.api api.py:521: Preprocess step start: id=core.to_torch index=5 kind=transform params={'device': 'auto', 'dtype': 'float32'}
2026-02-02 17:01:55,761 DEBUG modssc.preprocess.api api.py:605: Preprocess step train outputs: id=core.to_torch keys=['features.X'] duration_s=0.002
2026-02-02 17:01:55,761 INFO modssc.preprocess.api api.py:679: Preprocess step done: id=core.to_torch index=5 duration_s=0.002 train_data=3.5 KB test_data=n/a
2026-02-02 17:01:55,761 INFO modssc.preprocess.api api.py:730: Preprocess done: dataset_fp=ba055ddc9f9ca1b72ab8a14217263923c7ce2466a9ada1892118d69873fd8572 duration_s=1.100 train_X=(150, 4) test_X=None
2026-02-02 17:01:55,761 INFO bench.orchestrators.preprocess preprocess.py:124: Preprocess result: fingerprint=preprocess:75598ed099a81a08799b66a7d3baf5526adf278e3ed02c30f4109069d7106690 plan_fingerprint=resolved_plan:2fd28781de548db14dc25cb730c4a58beda13172ed36f45b2cc1411caf334e69 cache_dir=/nfs/home/mbarbaux/ModSSC/cache/preprocess/ba055ddc9f9ca1b72ab8a14217263923c7ce2466a9ada1892118d69873fd8572 skipped=[]
2026-02-02 17:01:55,761 DEBUG bench.orchestrators.preprocess preprocess.py:131: Preprocess output shapes: train_X=(150, 4) test_X=None
2026-02-02 17:01:55,761 INFO bench.orchestrators.preprocess preprocess.py:136: Preprocess stage done: duration_s=1.101
2026-02-02 17:01:55,777 INFO bench.orchestrators.augmentation augmentation.py:66: Augmentation start: mode=fixed modality=tabular seed=1 n_samples=86 strong_views=1
2026-02-02 17:01:55,777 DEBUG bench.orchestrators.augmentation augmentation.py:74: Augmentation steps: weak=['tabular.gaussian_noise'] strong=['tabular.swap_noise']
2026-02-02 17:01:55,813 INFO bench.orchestrators.augmentation augmentation.py:191: Augmentation done: duration_s=0.037
2026-02-02 17:01:55,814 DEBUG bench.orchestrators.augmentation augmentation.py:192: Augmentation output shapes: weak=(86, 4) strong=(86, 4) strong_1=None
2026-02-02 17:01:55,814 INFO bench.orchestrators.method_inductive method_inductive.py:441: Inductive method start: id=trinet seed=398591604 device=auto dtype=float32 model=mlp
2026-02-02 17:01:55,814 DEBUG bench.orchestrators.method_inductive method_inductive.py:470: Inductive method params: {'max_rounds': 30, 'pool_base': 1000}
2026-02-02 17:01:55,814 INFO bench.orchestrators.method_inductive method_inductive.py:476: Inductive method data: n_labeled=22 n_unlabeled=86
2026-02-02 17:01:56,778 INFO modssc.inductive.methods.trinet trinet.py:395: Starting trinet.fit
2026-02-02 17:01:56,778 DEBUG modssc.inductive.methods.trinet trinet.py:396: spec=TriNetSpec(shared_bundle=TorchModelBundle(model=Sequential(
  (0): Linear(in_features=4, out_features=256, bias=True)
  (1): ReLU()
  (2): Dropout(p=0.1, inplace=False)
  (3): Linear(in_features=256, out_features=256, bias=True)
  (4): ReLU()
  (5): Dropout(p=0.1, inplace=False)
  (6): Linear(in_features=256, out_features=3, bias=True)
), optimizer=AdamW (
Parameter Group 0
    amsgrad: False
    betas: (0.9, 0.999)
    capturable: False
    decoupled_weight_decay: True
    differentiable: False
    eps: 1e-08
    foreach: None
    fused: None
    lr: 0.001
    maximize: False
    weight_decay: 0.0
), ema_model=None, scheduler=None, scaler=None, meta=None), head_bundles=(TorchModelBundle(model=Sequential(
  (0): Linear(in_features=3, out_features=256, bias=True)
  (1): ReLU()
  (2): Dropout(p=0.1, inplace=False)
  (3): Linear(in_features=256, out_features=256, bias=True)
  (4): ReLU()
  (5): Dropout(p=0.1, inplace=False)
  (6): Linear(in_features=256, out_features=3, bias=True)
), optimizer=AdamW (
Parameter Group 0
    amsgrad: False
    betas: (0.9, 0.999)
    capturable: False
    decoupled_weight_decay: True
    differentiable: False
    eps: 1e-08
    foreach: None
    fused: None
    lr: 0.001
    maximize: False
    weight_decay: 0.0
), ema_model=None, scheduler=None, scaler=None, meta=None), TorchModelBundle(model=Sequential(
  (0): Linear(in_features=3, out_features=256, bias=True)
  (1): ReLU()
  (2): Dropout(p=0.1, inplace=False)
  (3): Linear(in_features=256, out_features=256, bias=True)
  (4): ReLU()
  (5): Dropout(p=0.1, inplace=False)
  (6): Linear(in_features=256, out_features=3, bias=True)
), optimizer=AdamW (
Parameter Group 0
    amsgrad: False
    betas: (0.9, 0.999)
    capturable: False
    decoupled_weight_decay: True
    differentiable: False
    eps: 1e-08
    foreach: None
    fused: None
    lr: 0.001
    maximize: False
    weight_decay: 0.0
), ema_model=None, scheduler=None, scaler=None, meta=None), TorchModelBundle(model=Sequential(
  (0): Linear(in_features=3, out_features=256, bias=True)
  (1): ReLU()
  (2): Dropout(p=0.1, inplace=False)
  (3): Linear(in_features=256, out_features=256, bias=True)
  (4): ReLU()
  (5): Dropout(p=0.1, inplace=False)
  (6): Linear(in_features=256, out_features=3, bias=True)
), optimizer=AdamW (
Parameter Group 0
    amsgrad: False
    betas: (0.9, 0.999)
    capturable: False
    decoupled_weight_decay: True
    differentiable: False
    eps: 1e-08
    foreach: None
    fused: None
    lr: 0.001
    maximize: False
    weight_decay: 0.0
), ema_model=None, scheduler=None, scaler=None, meta=None)), sigma0=0.95, sigma_os=0.25, sigma_decay=0.05, output_smearing_std=0.05, pool_base=1000, max_rounds=30, fine_tune_interval=4, batch_size=16, init_epochs=1, train_epochs=1, des_passes=6, des_drop_fraction=0.3333333333333333, labeling_stability_passes=1, freeze_bn=True) device=DeviceSpec(device='auto', dtype='float32') seed=398591604
2026-02-02 17:01:56,778 INFO modssc.inductive.methods.trinet trinet.py:413: TriNet sizes: n_labeled=22 n_unlabeled=86
2026-02-02 17:01:56,914 DEBUG modssc.inductive.methods.trinet trinet.py:585: TriNet round=1 pool=86 sigma_t=0.700 pseudo=[0, 0, 0]
2026-02-02 17:01:56,926 DEBUG modssc.inductive.methods.trinet trinet.py:585: TriNet round=2 pool=86 sigma_t=0.950 pseudo=[0, 0, 0]
2026-02-02 17:01:56,938 DEBUG modssc.inductive.methods.trinet trinet.py:585: TriNet round=3 pool=86 sigma_t=0.950 pseudo=[0, 0, 0]
2026-02-02 17:01:57,004 DEBUG modssc.inductive.methods.trinet trinet.py:585: TriNet round=5 pool=86 sigma_t=0.650 pseudo=[52, 70, 79]
2026-02-02 17:01:57,051 DEBUG modssc.inductive.methods.trinet trinet.py:585: TriNet round=6 pool=86 sigma_t=0.900 pseudo=[58, 61, 60]
2026-02-02 17:01:57,095 DEBUG modssc.inductive.methods.trinet trinet.py:585: TriNet round=7 pool=86 sigma_t=0.900 pseudo=[61, 52, 42]
2026-02-02 17:01:57,161 DEBUG modssc.inductive.methods.trinet trinet.py:585: TriNet round=9 pool=86 sigma_t=0.600 pseudo=[76, 77, 81]
2026-02-02 17:01:57,209 DEBUG modssc.inductive.methods.trinet trinet.py:585: TriNet round=10 pool=86 sigma_t=0.850 pseudo=[54, 57, 66]
2026-02-02 17:01:57,261 DEBUG modssc.inductive.methods.trinet trinet.py:585: TriNet round=11 pool=86 sigma_t=0.850 pseudo=[63, 69, 71]
2026-02-02 17:01:57,330 DEBUG modssc.inductive.methods.trinet trinet.py:585: TriNet round=13 pool=86 sigma_t=0.550 pseudo=[85, 83, 83]
2026-02-02 17:01:57,391 DEBUG modssc.inductive.methods.trinet trinet.py:585: TriNet round=14 pool=86 sigma_t=0.800 pseudo=[82, 82, 84]
2026-02-02 17:01:57,453 DEBUG modssc.inductive.methods.trinet trinet.py:585: TriNet round=15 pool=86 sigma_t=0.800 pseudo=[84, 84, 83]
2026-02-02 17:01:57,522 DEBUG modssc.inductive.methods.trinet trinet.py:585: TriNet round=17 pool=86 sigma_t=0.500 pseudo=[85, 84, 85]
2026-02-02 17:01:57,584 DEBUG modssc.inductive.methods.trinet trinet.py:585: TriNet round=18 pool=86 sigma_t=0.750 pseudo=[82, 83, 83]
2026-02-02 17:01:57,645 DEBUG modssc.inductive.methods.trinet trinet.py:585: TriNet round=19 pool=86 sigma_t=0.750 pseudo=[83, 84, 84]
2026-02-02 17:01:57,715 DEBUG modssc.inductive.methods.trinet trinet.py:585: TriNet round=21 pool=86 sigma_t=0.450 pseudo=[85, 86, 86]
2026-02-02 17:01:57,776 DEBUG modssc.inductive.methods.trinet trinet.py:585: TriNet round=22 pool=86 sigma_t=0.700 pseudo=[84, 85, 85]
2026-02-02 17:01:57,838 DEBUG modssc.inductive.methods.trinet trinet.py:585: TriNet round=23 pool=86 sigma_t=0.700 pseudo=[85, 84, 84]
2026-02-02 17:01:57,910 DEBUG modssc.inductive.methods.trinet trinet.py:585: TriNet round=25 pool=86 sigma_t=0.400 pseudo=[86, 86, 86]
2026-02-02 17:01:57,972 DEBUG modssc.inductive.methods.trinet trinet.py:585: TriNet round=26 pool=86 sigma_t=0.650 pseudo=[86, 86, 86]
2026-02-02 17:01:58,034 DEBUG modssc.inductive.methods.trinet trinet.py:585: TriNet round=27 pool=86 sigma_t=0.650 pseudo=[86, 85, 86]
2026-02-02 17:01:58,103 DEBUG modssc.inductive.methods.trinet trinet.py:585: TriNet round=29 pool=86 sigma_t=0.350 pseudo=[86, 86, 86]
2026-02-02 17:01:58,184 DEBUG modssc.inductive.methods.trinet trinet.py:585: TriNet round=30 pool=86 sigma_t=0.600 pseudo=[86, 86, 86]
2026-02-02 17:01:58,184 INFO modssc.inductive.methods.trinet trinet.py:596: Finished trinet.fit in 1.406s
2026-02-02 17:01:58,184 INFO bench.orchestrators.method_inductive method_inductive.py:550: Inductive method done: id=trinet duration_s=2.371
2026-02-02 17:01:58,184 INFO bench.orchestrators.evaluation evaluation.py:189: Evaluation (inductive): splits=['val', 'test'] metrics=['accuracy', 'macro_f1']
2026-02-02 17:01:58,187 INFO bench.orchestrators.evaluation evaluation.py:231: Evaluation (inductive) done: duration_s=0.002
2026-02-02 17:01:58,309 INFO bench.orchestrators.reporting reporting.py:54: Run summary written: /nfs/home/mbarbaux/ModSSC/runs/inductive/trinet/tabular/iris/best_tabular_inductive_trinet_iris-20260202T160154Z/run.json status=success duration_s=0.122
