2026-02-02 15:06:32,027 INFO bench.orchestrators.dataset dataset.py:36: Dataset start: id=cora download=True cache_dir=None
2026-02-02 15:06:32,027 DEBUG bench.orchestrators.dataset dataset.py:42: Dataset options: []
2026-02-02 15:06:32,030 DEBUG modssc.data_loader.providers __init__.py:38: Creating provider: pyg
2026-02-02 15:06:32,030 DEBUG modssc.data_loader.api api.py:316: Resolved dataset id=cora provider=pyg canonical_uri=pyg:Planetoid/Cora
2026-02-02 15:06:32,030 INFO modssc.data_loader.api api.py:117: Dataset load: id=cora provider=pyg version=None fingerprint=2919521af8679a8c84658219f16403f74aa1bfc03b19b6a08eb2565299400728 download=True force=False cache_dir=/nfs/home/mbarbaux/ModSSC/cache/datasets
2026-02-02 15:06:32,030 DEBUG modssc.data_loader.api api.py:127: Dataset resolved_kwargs: {'dataset_class': 'Planetoid', 'dataset_kwargs': {'name': 'Cora'}}
2026-02-02 15:06:32,036 DEBUG modssc.data_loader.api api.py:403: Loaded cached dataset: fingerprint=2919521af8679a8c84658219f16403f74aa1bfc03b19b6a08eb2565299400728
2026-02-02 15:06:32,036 INFO modssc.data_loader.api api.py:133: Dataset cached: id=cora train=2708 test=None n_classes=7 duration_s=0.009
2026-02-02 15:06:32,036 INFO bench.orchestrators.dataset dataset.py:54: Dataset loaded: train=2708 test=None graph=True fingerprint=2919521af8679a8c84658219f16403f74aa1bfc03b19b6a08eb2565299400728 provider=pyg
2026-02-02 15:06:32,036 INFO bench.orchestrators.dataset dataset.py:62: Dataset stage done: duration_s=0.009
2026-02-02 15:06:32,079 INFO bench.orchestrators.sampling sampling.py:86: Sampling start: seed=5 dataset_id=cora
2026-02-02 15:06:32,079 DEBUG bench.orchestrators.sampling sampling.py:87: Sampling plan: split={'kind': 'holdout', 'test_fraction': 0.2, 'val_fraction': 0.1, 'stratify': True, 'shuffle': True} labeling={'mode': 'fraction', 'value': 0.2, 'per_class': False, 'min_per_class': 1, 'strategy': 'balanced', 'fixed_indices': None} imbalance={'kind': 'none', 'apply_to': 'train', 'max_per_class': None, 'alpha': None, 'min_per_class': 1} policy={'respect_official_test': True, 'use_official_graph_masks': True, 'allow_override_official': False}
2026-02-02 15:06:32,080 DEBUG bench.orchestrators.sampling sampling.py:98: Sampling dataset_fingerprint=2919521af8679a8c84658219f16403f74aa1bfc03b19b6a08eb2565299400728
2026-02-02 15:06:32,080 INFO modssc.sampling.api api.py:99: Sampling start: dataset_id=cora dataset_fingerprint=2919521af8679a8c84658219f16403f74aa1bfc03b19b6a08eb2565299400728 seed=5 graph=True split=holdout
2026-02-02 15:06:32,080 DEBUG modssc.sampling.api api.py:107: Sampling plan: {'split': {'kind': 'holdout', 'test_fraction': 0.2, 'val_fraction': 0.1, 'stratify': True, 'shuffle': True}, 'labeling': {'mode': 'fraction', 'value': 0.2, 'per_class': False, 'min_per_class': 1, 'strategy': 'balanced', 'fixed_indices': None}, 'imbalance': {'kind': 'none', 'apply_to': 'train', 'max_per_class': None, 'alpha': None, 'min_per_class': 1}, 'policy': {'respect_official_test': True, 'use_official_graph_masks': True, 'allow_override_official': False}}
2026-02-02 15:06:32,091 INFO modssc.sampling.api api.py:141: Sampling done: train=140 val=500 test=1000 labeled=28 unlabeled=112 duration_s=0.011
2026-02-02 15:06:32,091 DEBUG modssc.sampling.api api.py:150: Sampling stats: {'nodes': 2708, 'train': 140, 'val': 500, 'test': 1000, 'labeled': 28, 'unlabeled': 112, 'labeled_class_dist': {'n': 28, 'classes': {'0': 4, '1': 4, '2': 4, '3': 4, '4': 4, '5': 4, '6': 4}}}
2026-02-02 15:06:32,091 INFO bench.orchestrators.sampling sampling.py:123: Sampling result: train=140 val=500 test=1000 labeled=28 unlabeled=112 graph=True
2026-02-02 15:06:32,091 DEBUG bench.orchestrators.sampling sampling.py:132: Sampling stats: {'nodes': 2708, 'train': 140, 'val': 500, 'test': 1000, 'labeled': 28, 'unlabeled': 112, 'labeled_class_dist': {'n': 28, 'classes': {'0': 4, '1': 4, '2': 4, '3': 4, '4': 4, '5': 4, '6': 4}}}
2026-02-02 15:06:32,091 INFO bench.orchestrators.sampling sampling.py:133: Sampling stage done: duration_s=0.012
Inductive method on graph dataset; converting graph masks to indices.
2026-02-02 15:06:32,091 INFO bench.orchestrators.preprocess preprocess.py:105: Preprocess start: seed=5 cache=True n_steps=4 fit_indices=28
2026-02-02 15:06:32,091 DEBUG bench.orchestrators.preprocess preprocess.py:112: Preprocess plan: output_key=features.X steps=['labels.encode', 'labels.to_torch', 'graph.sparse_adjacency', 'core.to_torch']
2026-02-02 15:06:32,091 INFO modssc.preprocess.api api.py:490: Preprocess start: dataset_fp=2919521af8679a8c84658219f16403f74aa1bfc03b19b6a08eb2565299400728 steps=['labels.encode', 'labels.to_torch', 'graph.sparse_adjacency', 'core.to_torch'] output_key=features.X seed=5 cache=True
2026-02-02 15:06:32,091 DEBUG modssc.preprocess.api api.py:498: Preprocess input shapes: train_X=(2708, 1433) train_y=(2708,) test_X=None test_y=None
2026-02-02 15:06:32,091 INFO modssc.preprocess.api api.py:505: Preprocess input size: train_data=15.0 MB test_data=n/a
2026-02-02 15:06:32,092 DEBUG modssc.preprocess.api api.py:521: Preprocess step start: id=labels.encode index=0 kind=transform params={}
2026-02-02 15:06:32,094 DEBUG modssc.preprocess.api api.py:605: Preprocess step train outputs: id=labels.encode keys=['labels.classes', 'labels.y'] duration_s=0.002
2026-02-02 15:06:32,094 INFO modssc.preprocess.api api.py:679: Preprocess step done: id=labels.encode index=0 duration_s=0.002 train_data=15.0 MB test_data=n/a
2026-02-02 15:06:32,094 DEBUG modssc.preprocess.api api.py:521: Preprocess step start: id=labels.to_torch index=1 kind=transform params={'device': 'auto', 'dtype': 'int64'}
2026-02-02 15:06:32,185 DEBUG modssc.preprocess.api api.py:605: Preprocess step train outputs: id=labels.to_torch keys=['labels.y'] duration_s=0.092
2026-02-02 15:06:32,186 INFO modssc.preprocess.api api.py:267: Preprocess GPU device: device=cuda:0 model=NVIDIA L40
2026-02-02 15:06:32,186 INFO modssc.preprocess.api api.py:679: Preprocess step done: id=labels.to_torch index=1 duration_s=0.092 train_data=15.0 MB test_data=n/a
2026-02-02 15:06:32,186 DEBUG modssc.preprocess.api api.py:521: Preprocess step start: id=graph.sparse_adjacency index=2 kind=transform params={'max_nodes': 20000, 'batch_size': 32, 'embed_epochs': 5, 'embed_lr': 0.01, 'undirected': True, 'device': 'auto'}
2026-02-02 15:06:32,188 WARNING modssc.preprocess.api api.py:575: Preprocess cache miss for graph.sparse_adjacency (train): Incomplete cached outputs for step 'graph.sparse_adjacency' (train)
2026-02-02 15:06:32,189 DEBUG modssc.preprocess.api api.py:605: Preprocess step train outputs: id=graph.sparse_adjacency keys=['features.X'] duration_s=0.003
2026-02-02 15:06:32,189 INFO modssc.preprocess.api api.py:679: Preprocess step done: id=graph.sparse_adjacency index=2 duration_s=0.003 train_data=15.2 MB test_data=n/a
2026-02-02 15:06:32,189 DEBUG modssc.preprocess.api api.py:521: Preprocess step start: id=core.to_torch index=3 kind=transform params={'device': 'auto', 'dtype': 'float32'}
2026-02-02 15:06:32,190 WARNING modssc.preprocess.api api.py:575: Preprocess cache miss for core.to_torch (train): Incomplete cached outputs for step 'core.to_torch' (train)
2026-02-02 15:06:32,192 DEBUG modssc.preprocess.api api.py:605: Preprocess step train outputs: id=core.to_torch keys=['features.X'] duration_s=0.003
2026-02-02 15:06:32,192 INFO modssc.preprocess.api api.py:679: Preprocess step done: id=core.to_torch index=3 duration_s=0.003 train_data=15.2 MB test_data=n/a
2026-02-02 15:06:32,192 INFO modssc.preprocess.api api.py:730: Preprocess done: dataset_fp=2919521af8679a8c84658219f16403f74aa1bfc03b19b6a08eb2565299400728 duration_s=0.101 train_X=None test_X=None
2026-02-02 15:06:32,192 INFO bench.orchestrators.preprocess preprocess.py:124: Preprocess result: fingerprint=preprocess:169265f8bd8d4cf86a27523c10e74ddb6b072ed41e8057863440cf0ebfa9b6d2 plan_fingerprint=resolved_plan:95213a523f045acfbe48296ceac122bc48b9fd73dbd5843390244a44a4946c42 cache_dir=/nfs/home/mbarbaux/ModSSC/cache/preprocess/2919521af8679a8c84658219f16403f74aa1bfc03b19b6a08eb2565299400728 skipped=[]
2026-02-02 15:06:32,192 DEBUG bench.orchestrators.preprocess preprocess.py:131: Preprocess output shapes: train_X=None test_X=None
2026-02-02 15:06:32,192 INFO bench.orchestrators.preprocess preprocess.py:136: Preprocess stage done: duration_s=0.101
2026-02-02 15:06:34,300 INFO bench.orchestrators.augmentation augmentation.py:66: Augmentation start: mode=fixed modality=tabular seed=5 n_samples=112 strong_views=1
2026-02-02 15:06:34,300 DEBUG bench.orchestrators.augmentation augmentation.py:74: Augmentation steps: weak=['tabular.gaussian_noise'] strong=['tabular.feature_dropout']
2026-02-02 15:06:34,328 INFO bench.orchestrators.augmentation augmentation.py:191: Augmentation done: duration_s=0.027
2026-02-02 15:06:34,328 DEBUG bench.orchestrators.augmentation augmentation.py:192: Augmentation output shapes: weak=(112, 1433) strong=(112, 1433) strong_1=None
2026-02-02 15:06:34,328 INFO bench.orchestrators.method_inductive method_inductive.py:441: Inductive method start: id=deep_co_training seed=3274374610 device=auto dtype=float32 model=graphsage_inductive
2026-02-02 15:06:34,328 DEBUG bench.orchestrators.method_inductive method_inductive.py:470: Inductive method params: {'lambda_cot': 1.0, 'lambda_dif': 1.0, 'adv_eps': 0.03, 'batch_size': 128, 'max_epochs': 50, 'freeze_bn': True, 'detach_target': True}
2026-02-02 15:06:34,328 INFO bench.orchestrators.method_inductive method_inductive.py:476: Inductive method data: n_labeled=28 n_unlabeled=112
2026-02-02 15:06:34,367 INFO modssc.inductive.methods.deep_co_training deep_co_training.py:209: Starting deep_co_training.fit
2026-02-02 15:06:34,367 DEBUG modssc.inductive.methods.deep_co_training deep_co_training.py:210: params lambda_cot=1.0 lambda_dif=1.0 adv_eps=0.03 batch_size=128 max_epochs=50 freeze_bn=True detach_target=True adv_clip_min=None adv_clip_max=None has_bundle_1=True has_bundle_2=True device=DeviceSpec(device='auto', dtype='float32') seed=3274374610
2026-02-02 15:06:34,367 INFO modssc.inductive.methods.deep_co_training deep_co_training.py:263: Deep Co-Training sizes: n_labeled=28 n_unlabeled=112
2026-02-02 15:06:34,536 DEBUG modssc.inductive.methods.deep_co_training deep_co_training.py:478: Deep Co-Training epoch=0 step=0 loss=7.7983 sup=3.8952 cot=0.0017 dif=3.9013
2026-02-02 15:06:34,545 DEBUG modssc.inductive.methods.deep_co_training deep_co_training.py:478: Deep Co-Training epoch=1 step=0 loss=7.7150 sup=3.8182 cot=0.0009 dif=3.8960
2026-02-02 15:06:34,553 DEBUG modssc.inductive.methods.deep_co_training deep_co_training.py:478: Deep Co-Training epoch=2 step=0 loss=7.6401 sup=3.7456 cot=0.0005 dif=3.8939
2026-02-02 15:06:34,561 DEBUG modssc.inductive.methods.deep_co_training deep_co_training.py:478: Deep Co-Training epoch=3 step=0 loss=7.5669 sup=3.6732 cot=0.0004 dif=3.8932
2026-02-02 15:06:34,569 DEBUG modssc.inductive.methods.deep_co_training deep_co_training.py:478: Deep Co-Training epoch=4 step=0 loss=7.4977 sup=3.6046 cot=0.0003 dif=3.8928
2026-02-02 15:06:34,577 DEBUG modssc.inductive.methods.deep_co_training deep_co_training.py:478: Deep Co-Training epoch=5 step=0 loss=7.4273 sup=3.5346 cot=0.0003 dif=3.8923
2026-02-02 15:06:34,585 DEBUG modssc.inductive.methods.deep_co_training deep_co_training.py:478: Deep Co-Training epoch=6 step=0 loss=7.3672 sup=3.4752 cot=0.0003 dif=3.8917
2026-02-02 15:06:34,592 DEBUG modssc.inductive.methods.deep_co_training deep_co_training.py:478: Deep Co-Training epoch=7 step=0 loss=7.2915 sup=3.4003 cot=0.0003 dif=3.8909
2026-02-02 15:06:34,600 DEBUG modssc.inductive.methods.deep_co_training deep_co_training.py:478: Deep Co-Training epoch=8 step=0 loss=7.2246 sup=3.3346 cot=0.0003 dif=3.8897
2026-02-02 15:06:34,608 DEBUG modssc.inductive.methods.deep_co_training deep_co_training.py:478: Deep Co-Training epoch=9 step=0 loss=7.1451 sup=3.2567 cot=0.0003 dif=3.8881
2026-02-02 15:06:34,616 DEBUG modssc.inductive.methods.deep_co_training deep_co_training.py:478: Deep Co-Training epoch=10 step=0 loss=7.0577 sup=3.1708 cot=0.0004 dif=3.8866
2026-02-02 15:06:34,624 DEBUG modssc.inductive.methods.deep_co_training deep_co_training.py:478: Deep Co-Training epoch=11 step=0 loss=6.9765 sup=3.0913 cot=0.0004 dif=3.8848
2026-02-02 15:06:34,631 DEBUG modssc.inductive.methods.deep_co_training deep_co_training.py:478: Deep Co-Training epoch=12 step=0 loss=6.9076 sup=3.0241 cot=0.0004 dif=3.8831
2026-02-02 15:06:34,639 DEBUG modssc.inductive.methods.deep_co_training deep_co_training.py:478: Deep Co-Training epoch=13 step=0 loss=6.8197 sup=2.9388 cot=0.0004 dif=3.8805
2026-02-02 15:06:34,647 DEBUG modssc.inductive.methods.deep_co_training deep_co_training.py:478: Deep Co-Training epoch=14 step=0 loss=6.7361 sup=2.8581 cot=0.0003 dif=3.8777
2026-02-02 15:06:34,655 DEBUG modssc.inductive.methods.deep_co_training deep_co_training.py:478: Deep Co-Training epoch=15 step=0 loss=6.6306 sup=2.7570 cot=0.0003 dif=3.8732
2026-02-02 15:06:34,663 DEBUG modssc.inductive.methods.deep_co_training deep_co_training.py:478: Deep Co-Training epoch=16 step=0 loss=6.5392 sup=2.6701 cot=0.0003 dif=3.8688
2026-02-02 15:06:34,670 DEBUG modssc.inductive.methods.deep_co_training deep_co_training.py:478: Deep Co-Training epoch=17 step=0 loss=6.4519 sup=2.5878 cot=0.0003 dif=3.8638
2026-02-02 15:06:34,678 DEBUG modssc.inductive.methods.deep_co_training deep_co_training.py:478: Deep Co-Training epoch=18 step=0 loss=6.3375 sup=2.4797 cot=0.0002 dif=3.8576
2026-02-02 15:06:34,686 DEBUG modssc.inductive.methods.deep_co_training deep_co_training.py:478: Deep Co-Training epoch=19 step=0 loss=6.2379 sup=2.3867 cot=0.0002 dif=3.8510
2026-02-02 15:06:34,694 DEBUG modssc.inductive.methods.deep_co_training deep_co_training.py:478: Deep Co-Training epoch=20 step=0 loss=6.1322 sup=2.2890 cot=0.0003 dif=3.8430
2026-02-02 15:06:34,702 DEBUG modssc.inductive.methods.deep_co_training deep_co_training.py:478: Deep Co-Training epoch=21 step=0 loss=6.0033 sup=2.1709 cot=0.0003 dif=3.8321
2026-02-02 15:06:34,709 DEBUG modssc.inductive.methods.deep_co_training deep_co_training.py:478: Deep Co-Training epoch=22 step=0 loss=5.9125 sup=2.0886 cot=0.0003 dif=3.8236
2026-02-02 15:06:34,717 DEBUG modssc.inductive.methods.deep_co_training deep_co_training.py:478: Deep Co-Training epoch=23 step=0 loss=5.8029 sup=1.9904 cot=0.0003 dif=3.8122
2026-02-02 15:06:34,725 DEBUG modssc.inductive.methods.deep_co_training deep_co_training.py:478: Deep Co-Training epoch=24 step=0 loss=5.6791 sup=1.8810 cot=0.0004 dif=3.7978
2026-02-02 15:06:34,733 DEBUG modssc.inductive.methods.deep_co_training deep_co_training.py:478: Deep Co-Training epoch=25 step=0 loss=5.5563 sup=1.7733 cot=0.0004 dif=3.7826
2026-02-02 15:06:34,741 DEBUG modssc.inductive.methods.deep_co_training deep_co_training.py:478: Deep Co-Training epoch=26 step=0 loss=5.4299 sup=1.6656 cot=0.0004 dif=3.7639
2026-02-02 15:06:34,749 DEBUG modssc.inductive.methods.deep_co_training deep_co_training.py:478: Deep Co-Training epoch=27 step=0 loss=5.3230 sup=1.5751 cot=0.0004 dif=3.7475
2026-02-02 15:06:34,756 DEBUG modssc.inductive.methods.deep_co_training deep_co_training.py:478: Deep Co-Training epoch=28 step=0 loss=5.2075 sup=1.4780 cot=0.0005 dif=3.7290
2026-02-02 15:06:34,764 DEBUG modssc.inductive.methods.deep_co_training deep_co_training.py:478: Deep Co-Training epoch=29 step=0 loss=5.1129 sup=1.4009 cot=0.0005 dif=3.7115
2026-02-02 15:06:34,772 DEBUG modssc.inductive.methods.deep_co_training deep_co_training.py:478: Deep Co-Training epoch=30 step=0 loss=4.9860 sup=1.2978 cot=0.0006 dif=3.6875
2026-02-02 15:06:34,780 DEBUG modssc.inductive.methods.deep_co_training deep_co_training.py:478: Deep Co-Training epoch=31 step=0 loss=4.9053 sup=1.2362 cot=0.0006 dif=3.6685
2026-02-02 15:06:34,788 DEBUG modssc.inductive.methods.deep_co_training deep_co_training.py:478: Deep Co-Training epoch=32 step=0 loss=4.7827 sup=1.1425 cot=0.0006 dif=3.6396
2026-02-02 15:06:34,795 DEBUG modssc.inductive.methods.deep_co_training deep_co_training.py:478: Deep Co-Training epoch=33 step=0 loss=4.6909 sup=1.0693 cot=0.0007 dif=3.6209
2026-02-02 15:06:34,803 DEBUG modssc.inductive.methods.deep_co_training deep_co_training.py:478: Deep Co-Training epoch=34 step=0 loss=4.5727 sup=0.9828 cot=0.0009 dif=3.5891
2026-02-02 15:06:34,811 DEBUG modssc.inductive.methods.deep_co_training deep_co_training.py:478: Deep Co-Training epoch=35 step=0 loss=4.4520 sup=0.8916 cot=0.0008 dif=3.5595
2026-02-02 15:06:34,819 DEBUG modssc.inductive.methods.deep_co_training deep_co_training.py:478: Deep Co-Training epoch=36 step=0 loss=4.3878 sup=0.8477 cot=0.0009 dif=3.5392
2026-02-02 15:06:34,827 DEBUG modssc.inductive.methods.deep_co_training deep_co_training.py:478: Deep Co-Training epoch=37 step=0 loss=4.3181 sup=0.8014 cot=0.0008 dif=3.5159
2026-02-02 15:06:34,835 DEBUG modssc.inductive.methods.deep_co_training deep_co_training.py:478: Deep Co-Training epoch=38 step=0 loss=4.2133 sup=0.7270 cot=0.0010 dif=3.4854
2026-02-02 15:06:34,842 DEBUG modssc.inductive.methods.deep_co_training deep_co_training.py:478: Deep Co-Training epoch=39 step=0 loss=4.1599 sup=0.6918 cot=0.0010 dif=3.4672
2026-02-02 15:06:34,850 DEBUG modssc.inductive.methods.deep_co_training deep_co_training.py:478: Deep Co-Training epoch=40 step=0 loss=4.0869 sup=0.6408 cot=0.0011 dif=3.4449
2026-02-02 15:06:34,858 DEBUG modssc.inductive.methods.deep_co_training deep_co_training.py:478: Deep Co-Training epoch=41 step=0 loss=4.0186 sup=0.6000 cot=0.0010 dif=3.4176
2026-02-02 15:06:34,866 DEBUG modssc.inductive.methods.deep_co_training deep_co_training.py:478: Deep Co-Training epoch=42 step=0 loss=3.9371 sup=0.5467 cot=0.0013 dif=3.3891
2026-02-02 15:06:34,874 DEBUG modssc.inductive.methods.deep_co_training deep_co_training.py:478: Deep Co-Training epoch=43 step=0 loss=3.9015 sup=0.5238 cot=0.0012 dif=3.3765
2026-02-02 15:06:34,881 DEBUG modssc.inductive.methods.deep_co_training deep_co_training.py:478: Deep Co-Training epoch=44 step=0 loss=3.8394 sup=0.4916 cot=0.0012 dif=3.3466
2026-02-02 15:06:34,889 DEBUG modssc.inductive.methods.deep_co_training deep_co_training.py:478: Deep Co-Training epoch=45 step=0 loss=3.7685 sup=0.4445 cot=0.0015 dif=3.3226
2026-02-02 15:06:34,897 DEBUG modssc.inductive.methods.deep_co_training deep_co_training.py:478: Deep Co-Training epoch=46 step=0 loss=3.7109 sup=0.4097 cot=0.0014 dif=3.2997
2026-02-02 15:06:34,905 DEBUG modssc.inductive.methods.deep_co_training deep_co_training.py:478: Deep Co-Training epoch=47 step=0 loss=3.6596 sup=0.3836 cot=0.0015 dif=3.2745
2026-02-02 15:06:34,913 DEBUG modssc.inductive.methods.deep_co_training deep_co_training.py:478: Deep Co-Training epoch=48 step=0 loss=3.6122 sup=0.3567 cot=0.0015 dif=3.2540
2026-02-02 15:06:34,920 DEBUG modssc.inductive.methods.deep_co_training deep_co_training.py:478: Deep Co-Training epoch=49 step=0 loss=3.5651 sup=0.3316 cot=0.0015 dif=3.2320
2026-02-02 15:06:34,920 INFO modssc.inductive.methods.deep_co_training deep_co_training.py:491: Finished deep_co_training.fit in 0.554s
2026-02-02 15:06:34,921 INFO bench.orchestrators.method_inductive method_inductive.py:550: Inductive method done: id=deep_co_training duration_s=0.593
2026-02-02 15:06:34,921 INFO bench.orchestrators.evaluation evaluation.py:189: Evaluation (inductive): splits=['val', 'test'] metrics=['accuracy', 'macro_f1']
2026-02-02 15:06:34,932 INFO bench.orchestrators.evaluation evaluation.py:231: Evaluation (inductive) done: duration_s=0.012
2026-02-02 15:06:34,934 INFO bench.orchestrators.reporting reporting.py:54: Run summary written: /nfs/home/mbarbaux/ModSSC/runs/inductive/deep_co_training/graph/cora/best_graph_inductive_deep_co_training_cora-20260202T140632Z/run.json status=success duration_s=0.001
