2026-02-02 15:10:07,163 INFO bench.orchestrators.dataset dataset.py:36: Dataset start: id=cora download=True cache_dir=None
2026-02-02 15:10:07,164 DEBUG bench.orchestrators.dataset dataset.py:42: Dataset options: ['class_filter', 'n_classes', 'n_features', 'n_samples', 'official_test', 'test_size']
2026-02-02 15:10:07,166 DEBUG modssc.data_loader.providers __init__.py:38: Creating provider: pyg
2026-02-02 15:10:07,166 DEBUG modssc.data_loader.api api.py:316: Resolved dataset id=cora provider=pyg canonical_uri=pyg:Planetoid/Cora
2026-02-02 15:10:07,167 INFO modssc.data_loader.api api.py:117: Dataset load: id=cora provider=pyg version=None fingerprint=e68a1f98cf3379658e5d7ce5a6c843018809f25065f1b69c6a2dbd7826ebb239 download=True force=False cache_dir=/nfs/home/mbarbaux/ModSSC/cache/datasets
2026-02-02 15:10:07,167 DEBUG modssc.data_loader.api api.py:127: Dataset resolved_kwargs: {'dataset_class': 'Planetoid', 'dataset_kwargs': {'name': 'Cora'}, 'class_filter': [0, 1]}
2026-02-02 15:10:07,171 DEBUG modssc.data_loader.api api.py:403: Loaded cached dataset: fingerprint=e68a1f98cf3379658e5d7ce5a6c843018809f25065f1b69c6a2dbd7826ebb239
2026-02-02 15:10:07,171 INFO modssc.data_loader.api api.py:133: Dataset cached: id=cora train=568 test=None n_classes=2 duration_s=0.008
2026-02-02 15:10:07,171 INFO bench.orchestrators.dataset dataset.py:54: Dataset loaded: train=568 test=None graph=True fingerprint=e68a1f98cf3379658e5d7ce5a6c843018809f25065f1b69c6a2dbd7826ebb239 provider=pyg
2026-02-02 15:10:07,171 INFO bench.orchestrators.dataset dataset.py:62: Dataset stage done: duration_s=0.008
2026-02-02 15:10:07,190 INFO bench.orchestrators.sampling sampling.py:86: Sampling start: seed=6 dataset_id=cora
2026-02-02 15:10:07,190 DEBUG bench.orchestrators.sampling sampling.py:87: Sampling plan: split={'kind': 'holdout', 'test_fraction': 0.2, 'val_fraction': 0.1, 'stratify': True, 'shuffle': True} labeling={'mode': 'fraction', 'value': 0.2, 'per_class': False, 'min_per_class': 1, 'strategy': 'balanced', 'fixed_indices': None} imbalance={'kind': 'none', 'apply_to': 'train', 'max_per_class': None, 'alpha': None, 'min_per_class': 1} policy={'respect_official_test': True, 'use_official_graph_masks': True, 'allow_override_official': False}
2026-02-02 15:10:07,190 DEBUG bench.orchestrators.sampling sampling.py:98: Sampling dataset_fingerprint=e68a1f98cf3379658e5d7ce5a6c843018809f25065f1b69c6a2dbd7826ebb239
2026-02-02 15:10:07,190 INFO modssc.sampling.api api.py:99: Sampling start: dataset_id=cora dataset_fingerprint=e68a1f98cf3379658e5d7ce5a6c843018809f25065f1b69c6a2dbd7826ebb239 seed=6 graph=True split=holdout
2026-02-02 15:10:07,190 DEBUG modssc.sampling.api api.py:107: Sampling plan: {'split': {'kind': 'holdout', 'test_fraction': 0.2, 'val_fraction': 0.1, 'stratify': True, 'shuffle': True}, 'labeling': {'mode': 'fraction', 'value': 0.2, 'per_class': False, 'min_per_class': 1, 'strategy': 'balanced', 'fixed_indices': None}, 'imbalance': {'kind': 'none', 'apply_to': 'train', 'max_per_class': None, 'alpha': None, 'min_per_class': 1}, 'policy': {'respect_official_test': True, 'use_official_graph_masks': True, 'allow_override_official': False}}
2026-02-02 15:10:07,200 INFO modssc.sampling.api api.py:141: Sampling done: train=40 val=97 test=221 labeled=8 unlabeled=32 duration_s=0.010
2026-02-02 15:10:07,200 DEBUG modssc.sampling.api api.py:150: Sampling stats: {'nodes': 568, 'train': 40, 'val': 97, 'test': 221, 'labeled': 8, 'unlabeled': 32, 'labeled_class_dist': {'n': 8, 'classes': {'0': 4, '1': 4}}}
2026-02-02 15:10:07,200 INFO bench.orchestrators.sampling sampling.py:123: Sampling result: train=40 val=97 test=221 labeled=8 unlabeled=32 graph=True
2026-02-02 15:10:07,200 DEBUG bench.orchestrators.sampling sampling.py:132: Sampling stats: {'nodes': 568, 'train': 40, 'val': 97, 'test': 221, 'labeled': 8, 'unlabeled': 32, 'labeled_class_dist': {'n': 8, 'classes': {'0': 4, '1': 4}}}
2026-02-02 15:10:07,200 INFO bench.orchestrators.sampling sampling.py:133: Sampling stage done: duration_s=0.010
2026-02-02 15:10:07,200 INFO bench.orchestrators.preprocess preprocess.py:105: Preprocess start: seed=6 cache=True n_steps=3 fit_indices=8
2026-02-02 15:10:07,200 DEBUG bench.orchestrators.preprocess preprocess.py:112: Preprocess plan: output_key=features.X steps=['labels.encode', 'core.ensure_2d', 'core.to_numpy']
2026-02-02 15:10:07,200 INFO modssc.preprocess.api api.py:490: Preprocess start: dataset_fp=e68a1f98cf3379658e5d7ce5a6c843018809f25065f1b69c6a2dbd7826ebb239 steps=['labels.encode', 'core.ensure_2d', 'core.to_numpy'] output_key=features.X seed=6 cache=True
2026-02-02 15:10:07,200 DEBUG modssc.preprocess.api api.py:498: Preprocess input shapes: train_X=(568, 1433) train_y=(568,) test_X=None test_y=None
2026-02-02 15:10:07,200 INFO modssc.preprocess.api api.py:505: Preprocess input size: train_data=3.1 MB test_data=n/a
2026-02-02 15:10:07,200 DEBUG modssc.preprocess.api api.py:521: Preprocess step start: id=labels.encode index=0 kind=transform params={}
2026-02-02 15:10:07,207 DEBUG modssc.preprocess.api api.py:605: Preprocess step train outputs: id=labels.encode keys=['labels.classes', 'labels.y'] duration_s=0.007
2026-02-02 15:10:07,208 INFO modssc.preprocess.api api.py:679: Preprocess step done: id=labels.encode index=0 duration_s=0.007 train_data=3.1 MB test_data=n/a
2026-02-02 15:10:07,208 DEBUG modssc.preprocess.api api.py:521: Preprocess step start: id=core.ensure_2d index=1 kind=transform params={}
2026-02-02 15:10:07,221 DEBUG modssc.preprocess.api api.py:605: Preprocess step train outputs: id=core.ensure_2d keys=['features.X'] duration_s=0.013
2026-02-02 15:10:07,221 INFO modssc.preprocess.api api.py:679: Preprocess step done: id=core.ensure_2d index=1 duration_s=0.013 train_data=3.1 MB test_data=n/a
2026-02-02 15:10:07,221 DEBUG modssc.preprocess.api api.py:521: Preprocess step start: id=core.to_numpy index=2 kind=transform params={}
2026-02-02 15:10:07,229 DEBUG modssc.preprocess.api api.py:605: Preprocess step train outputs: id=core.to_numpy keys=['features.X'] duration_s=0.008
2026-02-02 15:10:07,230 INFO modssc.preprocess.api api.py:679: Preprocess step done: id=core.to_numpy index=2 duration_s=0.008 train_data=3.1 MB test_data=n/a
2026-02-02 15:10:07,230 INFO modssc.preprocess.api api.py:730: Preprocess done: dataset_fp=e68a1f98cf3379658e5d7ce5a6c843018809f25065f1b69c6a2dbd7826ebb239 duration_s=0.030 train_X=(568, 1433) test_X=None
2026-02-02 15:10:07,230 INFO bench.orchestrators.preprocess preprocess.py:124: Preprocess result: fingerprint=preprocess:fedbd27e0f41130c470857271456b6ae289a618c3845fcbb1f2dbfad5345d15e plan_fingerprint=resolved_plan:8a5e3ebe41a4f364f53ac26a625ef44f5a721631be61f65e32b92a3759853b68 cache_dir=/nfs/home/mbarbaux/ModSSC/cache/preprocess/e68a1f98cf3379658e5d7ce5a6c843018809f25065f1b69c6a2dbd7826ebb239 skipped=[]
2026-02-02 15:10:07,230 DEBUG bench.orchestrators.preprocess preprocess.py:131: Preprocess output shapes: train_X=(568, 1433) test_X=None
2026-02-02 15:10:07,230 INFO bench.orchestrators.preprocess preprocess.py:136: Preprocess stage done: duration_s=0.030
2026-02-02 15:10:07,230 INFO bench.orchestrators.graph graph.py:67: Graph start: include_test=False cache=True
2026-02-02 15:10:07,230 DEBUG bench.orchestrators.graph graph.py:72: Graph spec: scheme=knn metric=cosine k=15 radius=None backend=numpy feature_field=features.X seed=6
2026-02-02 15:10:07,230 DEBUG bench.orchestrators.graph graph.py:89: Graph features: shape=(568, 1433)
2026-02-02 15:10:07,232 INFO modssc.graph.construction.api api.py:111: Graph cached: fingerprint=d1822cdf953bb1a759dc6504f44c078600a4d78825d2220ee94fdbf1d0249097 n_nodes=568 n_edges=12734 duration_s=0.002
2026-02-02 15:10:07,232 INFO bench.orchestrators.graph graph.py:100: Graph built: fingerprint=d1822cdf953bb1a759dc6504f44c078600a4d78825d2220ee94fdbf1d0249097 n_nodes=568 n_edges=12734 duration_s=0.002
2026-02-02 15:10:07,232 INFO bench.orchestrators.method_transductive method_transductive.py:139: Transductive method start: id=lazy_random_walk seed=1496463601 device=auto resolved_device=cuda use_test=False
2026-02-02 15:10:07,232 DEBUG bench.orchestrators.method_transductive method_transductive.py:147: Transductive method params: {'alpha': 0.99}
2026-02-02 15:10:07,232 INFO bench.orchestrators.method_transductive method_transductive.py:158: Transductive data: n_nodes=568 n_train=568 n_test=0
2026-02-02 15:10:07,232 INFO bench.orchestrators.method_transductive method_transductive.py:177: Transductive masks: labeled_count=8 train_count=40
2026-02-02 15:10:07,232 INFO modssc.transductive.methods.classic.lazy_random_walk lazy_random_walk.py:250: Starting lazy_random_walk.fit
2026-02-02 15:10:07,232 DEBUG modssc.transductive.methods.classic.lazy_random_walk lazy_random_walk.py:251: spec=LazyRandomWalkSpec(alpha=0.99) device=cuda seed=1496463601
2026-02-02 15:10:07,232 DEBUG modssc.transductive.methods.classic.lazy_random_walk lazy_random_walk.py:262: backend=torch
2026-02-02 15:10:07,232 INFO modssc.transductive.methods.classic.lazy_random_walk lazy_random_walk.py:263: Lazy random walk sizes: n_nodes=568 labeled=8
2026-02-02 15:10:07,509 INFO modssc.transductive.methods.classic.lazy_random_walk lazy_random_walk.py:280: Finished lazy_random_walk.fit in 0.278s
2026-02-02 15:10:07,510 INFO bench.orchestrators.method_transductive method_transductive.py:218: Transductive method done: id=lazy_random_walk duration_s=0.278
2026-02-02 15:10:07,510 INFO bench.orchestrators.evaluation evaluation.py:244: Evaluation (transductive): splits=['val', 'test'] metrics=['accuracy', 'macro_f1']
2026-02-02 15:10:07,510 INFO bench.orchestrators.evaluation evaluation.py:263: Evaluation (transductive) done: duration_s=0.000
2026-02-02 15:10:07,511 INFO bench.orchestrators.reporting reporting.py:54: Run summary written: /nfs/home/mbarbaux/ModSSC/runs/transductive/lazy_random_walk/graph/cora/best_graph_lazy_random_walk_cora-20260202T141007Z/run.json status=success duration_s=0.001
