2026-02-02 15:09:29,065 INFO bench.orchestrators.dataset dataset.py:36: Dataset start: id=cora download=True cache_dir=None
2026-02-02 15:09:29,065 DEBUG bench.orchestrators.dataset dataset.py:42: Dataset options: ['class_filter']
2026-02-02 15:09:29,069 DEBUG modssc.data_loader.providers __init__.py:38: Creating provider: pyg
2026-02-02 15:09:29,069 DEBUG modssc.data_loader.api api.py:316: Resolved dataset id=cora provider=pyg canonical_uri=pyg:Planetoid/Cora
2026-02-02 15:09:29,070 INFO modssc.data_loader.api api.py:117: Dataset load: id=cora provider=pyg version=None fingerprint=e68a1f98cf3379658e5d7ce5a6c843018809f25065f1b69c6a2dbd7826ebb239 download=True force=False cache_dir=/nfs/home/mbarbaux/ModSSC/cache/datasets
2026-02-02 15:09:29,070 DEBUG modssc.data_loader.api api.py:127: Dataset resolved_kwargs: {'dataset_class': 'Planetoid', 'dataset_kwargs': {'name': 'Cora'}, 'class_filter': [0, 1]}
2026-02-02 15:09:29,074 DEBUG modssc.data_loader.providers __init__.py:38: Creating provider: pyg
2026-02-02 15:09:29,074 INFO modssc.data_loader.api api.py:356: Loading provider dataset: provider=pyg dataset_id=Planetoid version=None raw_dir=/nfs/home/mbarbaux/ModSSC/cache/datasets/raw/pyg/Planetoid/noversion
2026-02-02 15:09:31,328 INFO modssc.data_loader.api api.py:387: Dataset stored: provider=pyg dataset_id=Planetoid fingerprint=e68a1f98cf3379658e5d7ce5a6c843018809f25065f1b69c6a2dbd7826ebb239
2026-02-02 15:09:31,329 INFO modssc.data_loader.api api.py:149: Dataset ready: id=cora train=568 test=None n_classes=2 duration_s=2.263
2026-02-02 15:09:31,329 INFO bench.orchestrators.dataset dataset.py:54: Dataset loaded: train=568 test=None graph=True fingerprint=e68a1f98cf3379658e5d7ce5a6c843018809f25065f1b69c6a2dbd7826ebb239 provider=pyg
2026-02-02 15:09:31,329 INFO bench.orchestrators.dataset dataset.py:62: Dataset stage done: duration_s=2.263
2026-02-02 15:09:31,349 INFO bench.orchestrators.sampling sampling.py:86: Sampling start: seed=5 dataset_id=cora
2026-02-02 15:09:31,349 DEBUG bench.orchestrators.sampling sampling.py:87: Sampling plan: split={'kind': 'holdout', 'test_fraction': 0.2, 'val_fraction': 0.1, 'stratify': True, 'shuffle': True} labeling={'mode': 'fraction', 'value': 0.2, 'per_class': False, 'min_per_class': 1, 'strategy': 'balanced', 'fixed_indices': None} imbalance={'kind': 'none', 'apply_to': 'train', 'max_per_class': None, 'alpha': None, 'min_per_class': 1} policy={'respect_official_test': True, 'use_official_graph_masks': True, 'allow_override_official': False}
2026-02-02 15:09:31,349 DEBUG bench.orchestrators.sampling sampling.py:98: Sampling dataset_fingerprint=e68a1f98cf3379658e5d7ce5a6c843018809f25065f1b69c6a2dbd7826ebb239
2026-02-02 15:09:31,350 INFO modssc.sampling.api api.py:99: Sampling start: dataset_id=cora dataset_fingerprint=e68a1f98cf3379658e5d7ce5a6c843018809f25065f1b69c6a2dbd7826ebb239 seed=5 graph=True split=holdout
2026-02-02 15:09:31,350 DEBUG modssc.sampling.api api.py:107: Sampling plan: {'split': {'kind': 'holdout', 'test_fraction': 0.2, 'val_fraction': 0.1, 'stratify': True, 'shuffle': True}, 'labeling': {'mode': 'fraction', 'value': 0.2, 'per_class': False, 'min_per_class': 1, 'strategy': 'balanced', 'fixed_indices': None}, 'imbalance': {'kind': 'none', 'apply_to': 'train', 'max_per_class': None, 'alpha': None, 'min_per_class': 1}, 'policy': {'respect_official_test': True, 'use_official_graph_masks': True, 'allow_override_official': False}}
2026-02-02 15:09:31,350 INFO modssc.sampling.api api.py:141: Sampling done: train=40 val=97 test=221 labeled=8 unlabeled=32 duration_s=0.001
2026-02-02 15:09:31,350 DEBUG modssc.sampling.api api.py:150: Sampling stats: {'nodes': 568, 'train': 40, 'val': 97, 'test': 221, 'labeled': 8, 'unlabeled': 32, 'labeled_class_dist': {'n': 8, 'classes': {'0': 4, '1': 4}}}
2026-02-02 15:09:31,350 INFO bench.orchestrators.sampling sampling.py:123: Sampling result: train=40 val=97 test=221 labeled=8 unlabeled=32 graph=True
2026-02-02 15:09:31,350 DEBUG bench.orchestrators.sampling sampling.py:132: Sampling stats: {'nodes': 568, 'train': 40, 'val': 97, 'test': 221, 'labeled': 8, 'unlabeled': 32, 'labeled_class_dist': {'n': 8, 'classes': {'0': 4, '1': 4}}}
2026-02-02 15:09:31,350 INFO bench.orchestrators.sampling sampling.py:133: Sampling stage done: duration_s=0.001
2026-02-02 15:09:31,350 INFO bench.orchestrators.preprocess preprocess.py:105: Preprocess start: seed=5 cache=True n_steps=3 fit_indices=8
2026-02-02 15:09:31,350 DEBUG bench.orchestrators.preprocess preprocess.py:112: Preprocess plan: output_key=features.X steps=['labels.encode', 'core.ensure_2d', 'core.to_numpy']
2026-02-02 15:09:31,350 INFO modssc.preprocess.api api.py:490: Preprocess start: dataset_fp=e68a1f98cf3379658e5d7ce5a6c843018809f25065f1b69c6a2dbd7826ebb239 steps=['labels.encode', 'core.ensure_2d', 'core.to_numpy'] output_key=features.X seed=5 cache=True
2026-02-02 15:09:31,350 DEBUG modssc.preprocess.api api.py:498: Preprocess input shapes: train_X=(568, 1433) train_y=(568,) test_X=None test_y=None
2026-02-02 15:09:31,351 INFO modssc.preprocess.api api.py:505: Preprocess input size: train_data=3.1 MB test_data=n/a
2026-02-02 15:09:31,351 DEBUG modssc.preprocess.api api.py:521: Preprocess step start: id=labels.encode index=0 kind=transform params={}
2026-02-02 15:09:31,359 DEBUG modssc.preprocess.api api.py:605: Preprocess step train outputs: id=labels.encode keys=['labels.classes', 'labels.y'] duration_s=0.008
2026-02-02 15:09:31,359 INFO modssc.preprocess.api api.py:679: Preprocess step done: id=labels.encode index=0 duration_s=0.008 train_data=3.1 MB test_data=n/a
2026-02-02 15:09:31,359 DEBUG modssc.preprocess.api api.py:521: Preprocess step start: id=core.ensure_2d index=1 kind=transform params={}
2026-02-02 15:09:31,368 DEBUG modssc.preprocess.api api.py:605: Preprocess step train outputs: id=core.ensure_2d keys=['features.X'] duration_s=0.009
2026-02-02 15:09:31,368 INFO modssc.preprocess.api api.py:679: Preprocess step done: id=core.ensure_2d index=1 duration_s=0.009 train_data=3.1 MB test_data=n/a
2026-02-02 15:09:31,368 DEBUG modssc.preprocess.api api.py:521: Preprocess step start: id=core.to_numpy index=2 kind=transform params={}
2026-02-02 15:09:31,378 DEBUG modssc.preprocess.api api.py:605: Preprocess step train outputs: id=core.to_numpy keys=['features.X'] duration_s=0.009
2026-02-02 15:09:31,378 INFO modssc.preprocess.api api.py:679: Preprocess step done: id=core.to_numpy index=2 duration_s=0.009 train_data=3.1 MB test_data=n/a
2026-02-02 15:09:31,378 INFO modssc.preprocess.api api.py:730: Preprocess done: dataset_fp=e68a1f98cf3379658e5d7ce5a6c843018809f25065f1b69c6a2dbd7826ebb239 duration_s=0.028 train_X=(568, 1433) test_X=None
2026-02-02 15:09:31,378 INFO bench.orchestrators.preprocess preprocess.py:124: Preprocess result: fingerprint=preprocess:26cf9cf8cc79b74a96d60e7fb18fa2bde5202ec7ee4adaf04da950cbb041d091 plan_fingerprint=resolved_plan:8a5e3ebe41a4f364f53ac26a625ef44f5a721631be61f65e32b92a3759853b68 cache_dir=/nfs/home/mbarbaux/ModSSC/cache/preprocess/e68a1f98cf3379658e5d7ce5a6c843018809f25065f1b69c6a2dbd7826ebb239 skipped=[]
2026-02-02 15:09:31,378 DEBUG bench.orchestrators.preprocess preprocess.py:131: Preprocess output shapes: train_X=(568, 1433) test_X=None
2026-02-02 15:09:31,378 INFO bench.orchestrators.preprocess preprocess.py:136: Preprocess stage done: duration_s=0.028
2026-02-02 15:09:31,378 INFO bench.orchestrators.method_transductive method_transductive.py:139: Transductive method start: id=graph_mincuts seed=3274374610 device=auto resolved_device=cpu use_test=False
2026-02-02 15:09:31,378 DEBUG bench.orchestrators.method_transductive method_transductive.py:147: Transductive method params: {'backend': 'scipy', 'capacity_scale': 1000.0, 'min_capacity': 1}
2026-02-02 15:09:31,378 INFO bench.orchestrators.method_transductive method_transductive.py:158: Transductive data: n_nodes=568 n_train=568 n_test=0
2026-02-02 15:09:31,378 INFO bench.orchestrators.method_transductive method_transductive.py:177: Transductive masks: labeled_count=8 train_count=40
2026-02-02 15:09:31,378 INFO modssc.transductive.methods.classic.graph_mincuts graph_mincuts.py:246: Starting graph_mincuts.fit
2026-02-02 15:09:31,378 DEBUG modssc.transductive.methods.classic.graph_mincuts graph_mincuts.py:247: spec=GraphMincutsSpec(backend='scipy', capacity_scale=1000.0, min_capacity=1) device=cpu seed=3274374610
2026-02-02 15:09:31,378 INFO modssc.transductive.methods.classic.graph_mincuts graph_mincuts.py:256: Graph mincuts sizes: n_nodes=568 labeled=8
2026-02-02 15:09:31,514 INFO modssc.transductive.methods.classic.graph_mincuts graph_mincuts.py:272: Finished graph_mincuts.fit in 0.136s
2026-02-02 15:09:31,514 INFO bench.orchestrators.method_transductive method_transductive.py:218: Transductive method done: id=graph_mincuts duration_s=0.136
2026-02-02 15:09:31,514 INFO bench.orchestrators.evaluation evaluation.py:244: Evaluation (transductive): splits=['val', 'test'] metrics=['accuracy', 'macro_f1']
2026-02-02 15:09:31,515 INFO bench.orchestrators.evaluation evaluation.py:263: Evaluation (transductive) done: duration_s=0.000
2026-02-02 15:09:31,516 INFO bench.orchestrators.reporting reporting.py:54: Run summary written: /nfs/home/mbarbaux/ModSSC/runs/transductive/graph_mincuts/graph/cora/best_graph_transductive_graph_mincuts_cora-20260202T140929Z/run.json status=success duration_s=0.001
