2026-02-02 17:05:11,226 INFO bench.orchestrators.dataset dataset.py:36: Dataset start: id=toy download=True cache_dir=None
2026-02-02 17:05:11,226 DEBUG bench.orchestrators.dataset dataset.py:42: Dataset options: []
2026-02-02 17:05:11,230 DEBUG modssc.data_loader.providers __init__.py:38: Creating provider: toy
2026-02-02 17:05:11,230 DEBUG modssc.data_loader.api api.py:316: Resolved dataset id=toy provider=toy canonical_uri=toy:default
2026-02-02 17:05:11,230 INFO modssc.data_loader.api api.py:117: Dataset load: id=toy provider=toy version=1 fingerprint=e0c01c98d61086d3a0f9eed4436f4ecf49dcaace00195bf10f825786b9b12b89 download=True force=False cache_dir=/nfs/home/mbarbaux/ModSSC/cache/datasets
2026-02-02 17:05:11,230 DEBUG modssc.data_loader.api api.py:127: Dataset resolved_kwargs: {'n_samples': 64, 'n_features': 4, 'n_classes': 3, 'seed': 0, 'test': True, 'test_size': 0.25}
2026-02-02 17:05:11,231 DEBUG modssc.data_loader.api api.py:403: Loaded cached dataset: fingerprint=e0c01c98d61086d3a0f9eed4436f4ecf49dcaace00195bf10f825786b9b12b89
2026-02-02 17:05:11,232 INFO modssc.data_loader.api api.py:133: Dataset cached: id=toy train=48 test=16 n_classes=3 duration_s=0.005
2026-02-02 17:05:11,232 INFO bench.orchestrators.dataset dataset.py:54: Dataset loaded: train=48 test=16 graph=False fingerprint=e0c01c98d61086d3a0f9eed4436f4ecf49dcaace00195bf10f825786b9b12b89 provider=toy
2026-02-02 17:05:11,232 INFO bench.orchestrators.dataset dataset.py:62: Dataset stage done: duration_s=0.005
2026-02-02 17:05:11,276 INFO bench.orchestrators.sampling sampling.py:86: Sampling start: seed=1 dataset_id=toy
2026-02-02 17:05:11,276 DEBUG bench.orchestrators.sampling sampling.py:87: Sampling plan: split={'kind': 'holdout', 'test_fraction': 0.2, 'val_fraction': 0.1, 'stratify': True, 'shuffle': True} labeling={'mode': 'fraction', 'value': 0.2, 'per_class': False, 'min_per_class': 1, 'strategy': 'balanced', 'fixed_indices': None} imbalance={'kind': 'none', 'apply_to': 'train', 'max_per_class': None, 'alpha': None, 'min_per_class': 1} policy={'respect_official_test': True, 'use_official_graph_masks': True, 'allow_override_official': False}
2026-02-02 17:05:11,276 DEBUG bench.orchestrators.sampling sampling.py:98: Sampling dataset_fingerprint=e0c01c98d61086d3a0f9eed4436f4ecf49dcaace00195bf10f825786b9b12b89
2026-02-02 17:05:11,276 INFO modssc.sampling.api api.py:99: Sampling start: dataset_id=toy dataset_fingerprint=e0c01c98d61086d3a0f9eed4436f4ecf49dcaace00195bf10f825786b9b12b89 seed=1 graph=False split=holdout
2026-02-02 17:05:11,276 DEBUG modssc.sampling.api api.py:107: Sampling plan: {'split': {'kind': 'holdout', 'test_fraction': 0.2, 'val_fraction': 0.1, 'stratify': True, 'shuffle': True}, 'labeling': {'mode': 'fraction', 'value': 0.2, 'per_class': False, 'min_per_class': 1, 'strategy': 'balanced', 'fixed_indices': None}, 'imbalance': {'kind': 'none', 'apply_to': 'train', 'max_per_class': None, 'alpha': None, 'min_per_class': 1}, 'policy': {'respect_official_test': True, 'use_official_graph_masks': True, 'allow_override_official': False}}
2026-02-02 17:05:11,288 INFO modssc.sampling.api api.py:141: Sampling done: train=43 val=5 test=16 labeled=9 unlabeled=34 duration_s=0.012
2026-02-02 17:05:11,288 DEBUG modssc.sampling.api api.py:150: Sampling stats: {'policy': {'respect_official_test': True, 'has_official_test': True, 'test_ref': 'test'}, 'train': {'n': 43, 'classes': {'0': 14, '1': 15, '2': 14}}, 'val': {'n': 5, 'classes': {'0': 1, '1': 2, '2': 2}}, 'train_labeled': {'n': 9, 'classes': {'0': 3, '1': 3, '2': 3}}, 'train_unlabeled': {'n': 34}, 'test': {'n': 16, 'classes': {'0': 6, '1': 5, '2': 5}}}
2026-02-02 17:05:11,288 INFO bench.orchestrators.sampling sampling.py:123: Sampling result: train=43 val=5 test=16 labeled=9 unlabeled=34 graph=False
2026-02-02 17:05:11,288 DEBUG bench.orchestrators.sampling sampling.py:132: Sampling stats: {'policy': {'respect_official_test': True, 'has_official_test': True, 'test_ref': 'test'}, 'train': {'n': 43, 'classes': {'0': 14, '1': 15, '2': 14}}, 'val': {'n': 5, 'classes': {'0': 1, '1': 2, '2': 2}}, 'train_labeled': {'n': 9, 'classes': {'0': 3, '1': 3, '2': 3}}, 'train_unlabeled': {'n': 34}, 'test': {'n': 16, 'classes': {'0': 6, '1': 5, '2': 5}}}
2026-02-02 17:05:11,288 INFO bench.orchestrators.sampling sampling.py:133: Sampling stage done: duration_s=0.012
2026-02-02 17:05:11,288 INFO bench.orchestrators.preprocess preprocess.py:105: Preprocess start: seed=1 cache=True n_steps=6 fit_indices=9
2026-02-02 17:05:11,288 DEBUG bench.orchestrators.preprocess preprocess.py:112: Preprocess plan: output_key=features.X steps=['labels.encode', 'labels.to_torch', 'core.ensure_2d', 'tabular.impute', 'tabular.standard_scaler', 'core.to_torch']
2026-02-02 17:05:11,289 INFO modssc.preprocess.api api.py:490: Preprocess start: dataset_fp=e0c01c98d61086d3a0f9eed4436f4ecf49dcaace00195bf10f825786b9b12b89 steps=['labels.encode', 'labels.to_torch', 'core.ensure_2d', 'tabular.impute', 'tabular.standard_scaler', 'core.to_torch'] output_key=features.X seed=1 cache=True
2026-02-02 17:05:11,289 DEBUG modssc.preprocess.api api.py:498: Preprocess input shapes: train_X=(48, 4) train_y=(48,) test_X=(16, 4) test_y=(16,)
2026-02-02 17:05:11,289 INFO modssc.preprocess.api api.py:505: Preprocess input size: train_data=1.1 KB test_data=384 B
2026-02-02 17:05:11,289 DEBUG modssc.preprocess.api api.py:521: Preprocess step start: id=labels.encode index=0 kind=transform params={}
2026-02-02 17:05:11,291 DEBUG modssc.preprocess.api api.py:605: Preprocess step train outputs: id=labels.encode keys=['labels.classes', 'labels.y'] duration_s=0.002
2026-02-02 17:05:11,291 DEBUG modssc.preprocess.api api.py:654: Preprocess step test outputs: id=labels.encode keys=['labels.classes', 'labels.y']
2026-02-02 17:05:11,291 INFO modssc.preprocess.api api.py:679: Preprocess step done: id=labels.encode index=0 duration_s=0.003 train_data=1.1 KB test_data=384 B
2026-02-02 17:05:11,292 DEBUG modssc.preprocess.api api.py:521: Preprocess step start: id=labels.to_torch index=1 kind=transform params={'device': 'auto', 'dtype': 'int64'}
2026-02-02 17:05:11,389 DEBUG modssc.preprocess.api api.py:605: Preprocess step train outputs: id=labels.to_torch keys=['labels.y'] duration_s=0.097
2026-02-02 17:05:11,390 DEBUG modssc.preprocess.api api.py:654: Preprocess step test outputs: id=labels.to_torch keys=['labels.y']
2026-02-02 17:05:11,390 INFO modssc.preprocess.api api.py:267: Preprocess GPU device: device=cuda:0 model=NVIDIA L40
2026-02-02 17:05:11,390 INFO modssc.preprocess.api api.py:679: Preprocess step done: id=labels.to_torch index=1 duration_s=0.098 train_data=1.1 KB test_data=384 B
2026-02-02 17:05:11,390 DEBUG modssc.preprocess.api api.py:521: Preprocess step start: id=core.ensure_2d index=2 kind=transform params={}
2026-02-02 17:05:11,392 DEBUG modssc.preprocess.api api.py:605: Preprocess step train outputs: id=core.ensure_2d keys=['features.X'] duration_s=0.002
2026-02-02 17:05:11,392 DEBUG modssc.preprocess.api api.py:654: Preprocess step test outputs: id=core.ensure_2d keys=['features.X']
2026-02-02 17:05:11,392 INFO modssc.preprocess.api api.py:679: Preprocess step done: id=core.ensure_2d index=2 duration_s=0.002 train_data=1.1 KB test_data=384 B
2026-02-02 17:05:11,392 DEBUG modssc.preprocess.api api.py:521: Preprocess step start: id=tabular.impute index=3 kind=fittable params={}
2026-02-02 17:05:12,321 DEBUG modssc.preprocess.api api.py:605: Preprocess step train outputs: id=tabular.impute keys=['features.X'] duration_s=0.928
2026-02-02 17:05:12,321 DEBUG modssc.preprocess.api api.py:654: Preprocess step test outputs: id=tabular.impute keys=['features.X']
2026-02-02 17:05:12,321 INFO modssc.preprocess.api api.py:679: Preprocess step done: id=tabular.impute index=3 duration_s=0.929 train_data=1.1 KB test_data=384 B
2026-02-02 17:05:12,321 DEBUG modssc.preprocess.api api.py:521: Preprocess step start: id=tabular.standard_scaler index=4 kind=fittable params={}
2026-02-02 17:05:12,323 DEBUG modssc.preprocess.api api.py:605: Preprocess step train outputs: id=tabular.standard_scaler keys=['features.X'] duration_s=0.001
2026-02-02 17:05:12,323 DEBUG modssc.preprocess.api api.py:654: Preprocess step test outputs: id=tabular.standard_scaler keys=['features.X']
2026-02-02 17:05:12,323 INFO modssc.preprocess.api api.py:679: Preprocess step done: id=tabular.standard_scaler index=4 duration_s=0.002 train_data=1.1 KB test_data=384 B
2026-02-02 17:05:12,323 DEBUG modssc.preprocess.api api.py:521: Preprocess step start: id=core.to_torch index=5 kind=transform params={'device': 'auto', 'dtype': 'float32'}
2026-02-02 17:05:12,325 DEBUG modssc.preprocess.api api.py:605: Preprocess step train outputs: id=core.to_torch keys=['features.X'] duration_s=0.001
2026-02-02 17:05:12,325 DEBUG modssc.preprocess.api api.py:654: Preprocess step test outputs: id=core.to_torch keys=['features.X']
2026-02-02 17:05:12,325 INFO modssc.preprocess.api api.py:679: Preprocess step done: id=core.to_torch index=5 duration_s=0.002 train_data=1.1 KB test_data=384 B
2026-02-02 17:05:12,325 INFO modssc.preprocess.api api.py:730: Preprocess done: dataset_fp=e0c01c98d61086d3a0f9eed4436f4ecf49dcaace00195bf10f825786b9b12b89 duration_s=1.037 train_X=(48, 4) test_X=(16, 4)
2026-02-02 17:05:12,325 INFO bench.orchestrators.preprocess preprocess.py:124: Preprocess result: fingerprint=preprocess:2084820f9dca20adeb55bdfd0f380fbf298775455425b2e216730279686da63f plan_fingerprint=resolved_plan:2fd28781de548db14dc25cb730c4a58beda13172ed36f45b2cc1411caf334e69 cache_dir=/nfs/home/mbarbaux/ModSSC/cache/preprocess/e0c01c98d61086d3a0f9eed4436f4ecf49dcaace00195bf10f825786b9b12b89 skipped=[]
2026-02-02 17:05:12,325 DEBUG bench.orchestrators.preprocess preprocess.py:131: Preprocess output shapes: train_X=(48, 4) test_X=(16, 4)
2026-02-02 17:05:12,325 INFO bench.orchestrators.preprocess preprocess.py:136: Preprocess stage done: duration_s=1.037
2026-02-02 17:05:12,325 INFO bench.orchestrators.method_inductive method_inductive.py:441: Inductive method start: id=tri_training seed=398591604 device=auto dtype=float32 model=None
2026-02-02 17:05:12,325 DEBUG bench.orchestrators.method_inductive method_inductive.py:470: Inductive method params: {'classifier_id': 'mlp', 'classifier_backend': 'torch', 'classifier_params': {'hidden_sizes': [256, 256], 'activation': 'relu', 'dropout': 0.1, 'lr': 0.001, 'weight_decay': 0.0, 'batch_size': 128, 'max_epochs': 50}, 'max_iter': 20, 'bootstrap_ratio': 1.0}
2026-02-02 17:05:12,326 INFO bench.orchestrators.method_inductive method_inductive.py:476: Inductive method data: n_labeled=9 n_unlabeled=34
2026-02-02 17:05:12,340 INFO modssc.inductive.methods.tri_training tri_training.py:66: Starting tri_training.fit
2026-02-02 17:05:12,340 DEBUG modssc.inductive.methods.tri_training tri_training.py:67: spec=TriTrainingSpec(classifier_id='mlp', classifier_backend='torch', classifier_params={'hidden_sizes': [256, 256], 'activation': 'relu', 'dropout': 0.1, 'lr': 0.001, 'weight_decay': 0.0, 'batch_size': 128, 'max_epochs': 50}, max_iter=20, confidence_threshold=None, max_new_labels=None, bootstrap_ratio=1.0) device=DeviceSpec(device='auto', dtype='float32') seed=398591604
2026-02-02 17:05:12,340 DEBUG modssc.inductive.methods.tri_training tri_training.py:70: backend=torch
2026-02-02 17:05:12,340 INFO modssc.inductive.methods.tri_training tri_training.py:178: Tri-training sizes: n_labeled=9 n_unlabeled=34
2026-02-02 17:05:12,347 INFO modssc.supervised.backends.torch.mlp mlp.py:75: Starting mlp.fit
2026-02-02 17:05:12,347 DEBUG modssc.supervised.backends.torch.mlp mlp.py:76: params hidden_sizes=(256, 256) activation=relu dropout=0.1 lr=0.001 weight_decay=0.0 batch_size=128 max_epochs=50 seed=398591604 n_jobs=None
2026-02-02 17:05:13,632 INFO modssc.supervised.backends.torch.mlp mlp.py:167: Finished mlp.fit in 1.286s
2026-02-02 17:05:13,633 INFO modssc.supervised.backends.torch.mlp mlp.py:75: Starting mlp.fit
2026-02-02 17:05:13,633 DEBUG modssc.supervised.backends.torch.mlp mlp.py:76: params hidden_sizes=(256, 256) activation=relu dropout=0.1 lr=0.001 weight_decay=0.0 batch_size=128 max_epochs=50 seed=398591605 n_jobs=None
2026-02-02 17:05:13,669 INFO modssc.supervised.backends.torch.mlp mlp.py:167: Finished mlp.fit in 0.037s
2026-02-02 17:05:13,669 INFO modssc.supervised.backends.torch.mlp mlp.py:75: Starting mlp.fit
2026-02-02 17:05:13,670 DEBUG modssc.supervised.backends.torch.mlp mlp.py:76: params hidden_sizes=(256, 256) activation=relu dropout=0.1 lr=0.001 weight_decay=0.0 batch_size=128 max_epochs=50 seed=398591606 n_jobs=None
2026-02-02 17:05:13,705 INFO modssc.supervised.backends.torch.mlp mlp.py:167: Finished mlp.fit in 0.036s
2026-02-02 17:05:13,723 DEBUG modssc.inductive.methods.tri_training tri_training.py:263: Tri-training iter=0 new_added=55 threshold=None
2026-02-02 17:05:13,727 INFO modssc.supervised.backends.torch.mlp mlp.py:75: Starting mlp.fit
2026-02-02 17:05:13,727 DEBUG modssc.supervised.backends.torch.mlp mlp.py:76: params hidden_sizes=(256, 256) activation=relu dropout=0.1 lr=0.001 weight_decay=0.0 batch_size=128 max_epochs=50 seed=398591604 n_jobs=None
2026-02-02 17:05:13,764 INFO modssc.supervised.backends.torch.mlp mlp.py:167: Finished mlp.fit in 0.037s
2026-02-02 17:05:13,764 INFO modssc.supervised.backends.torch.mlp mlp.py:75: Starting mlp.fit
2026-02-02 17:05:13,765 DEBUG modssc.supervised.backends.torch.mlp mlp.py:76: params hidden_sizes=(256, 256) activation=relu dropout=0.1 lr=0.001 weight_decay=0.0 batch_size=128 max_epochs=50 seed=398591605 n_jobs=None
2026-02-02 17:05:13,801 INFO modssc.supervised.backends.torch.mlp mlp.py:167: Finished mlp.fit in 0.036s
2026-02-02 17:05:13,801 INFO modssc.supervised.backends.torch.mlp mlp.py:75: Starting mlp.fit
2026-02-02 17:05:13,801 DEBUG modssc.supervised.backends.torch.mlp mlp.py:76: params hidden_sizes=(256, 256) activation=relu dropout=0.1 lr=0.001 weight_decay=0.0 batch_size=128 max_epochs=50 seed=398591606 n_jobs=None
2026-02-02 17:05:13,836 INFO modssc.supervised.backends.torch.mlp mlp.py:167: Finished mlp.fit in 0.036s
2026-02-02 17:05:13,838 DEBUG modssc.inductive.methods.tri_training tri_training.py:263: Tri-training iter=1 new_added=36 threshold=None
2026-02-02 17:05:13,838 INFO modssc.supervised.backends.torch.mlp mlp.py:75: Starting mlp.fit
2026-02-02 17:05:13,838 DEBUG modssc.supervised.backends.torch.mlp mlp.py:76: params hidden_sizes=(256, 256) activation=relu dropout=0.1 lr=0.001 weight_decay=0.0 batch_size=128 max_epochs=50 seed=398591604 n_jobs=None
2026-02-02 17:05:13,874 INFO modssc.supervised.backends.torch.mlp mlp.py:167: Finished mlp.fit in 0.036s
2026-02-02 17:05:13,874 INFO modssc.supervised.backends.torch.mlp mlp.py:75: Starting mlp.fit
2026-02-02 17:05:13,874 DEBUG modssc.supervised.backends.torch.mlp mlp.py:76: params hidden_sizes=(256, 256) activation=relu dropout=0.1 lr=0.001 weight_decay=0.0 batch_size=128 max_epochs=50 seed=398591605 n_jobs=None
2026-02-02 17:05:13,910 INFO modssc.supervised.backends.torch.mlp mlp.py:167: Finished mlp.fit in 0.036s
2026-02-02 17:05:13,910 INFO modssc.supervised.backends.torch.mlp mlp.py:75: Starting mlp.fit
2026-02-02 17:05:13,910 DEBUG modssc.supervised.backends.torch.mlp mlp.py:76: params hidden_sizes=(256, 256) activation=relu dropout=0.1 lr=0.001 weight_decay=0.0 batch_size=128 max_epochs=50 seed=398591606 n_jobs=None
2026-02-02 17:05:13,946 INFO modssc.supervised.backends.torch.mlp mlp.py:167: Finished mlp.fit in 0.036s
2026-02-02 17:05:13,947 DEBUG modssc.inductive.methods.tri_training tri_training.py:263: Tri-training iter=2 new_added=6 threshold=None
2026-02-02 17:05:13,948 INFO modssc.supervised.backends.torch.mlp mlp.py:75: Starting mlp.fit
2026-02-02 17:05:13,948 DEBUG modssc.supervised.backends.torch.mlp mlp.py:76: params hidden_sizes=(256, 256) activation=relu dropout=0.1 lr=0.001 weight_decay=0.0 batch_size=128 max_epochs=50 seed=398591604 n_jobs=None
2026-02-02 17:05:13,983 INFO modssc.supervised.backends.torch.mlp mlp.py:167: Finished mlp.fit in 0.036s
2026-02-02 17:05:13,984 INFO modssc.supervised.backends.torch.mlp mlp.py:75: Starting mlp.fit
2026-02-02 17:05:13,984 DEBUG modssc.supervised.backends.torch.mlp mlp.py:76: params hidden_sizes=(256, 256) activation=relu dropout=0.1 lr=0.001 weight_decay=0.0 batch_size=128 max_epochs=50 seed=398591605 n_jobs=None
2026-02-02 17:05:14,019 INFO modssc.supervised.backends.torch.mlp mlp.py:167: Finished mlp.fit in 0.036s
2026-02-02 17:05:14,020 INFO modssc.supervised.backends.torch.mlp mlp.py:75: Starting mlp.fit
2026-02-02 17:05:14,020 DEBUG modssc.supervised.backends.torch.mlp mlp.py:76: params hidden_sizes=(256, 256) activation=relu dropout=0.1 lr=0.001 weight_decay=0.0 batch_size=128 max_epochs=50 seed=398591606 n_jobs=None
2026-02-02 17:05:14,055 INFO modssc.supervised.backends.torch.mlp mlp.py:167: Finished mlp.fit in 0.036s
2026-02-02 17:05:14,057 DEBUG modssc.inductive.methods.tri_training tri_training.py:263: Tri-training iter=3 new_added=2 threshold=None
2026-02-02 17:05:14,057 INFO modssc.supervised.backends.torch.mlp mlp.py:75: Starting mlp.fit
2026-02-02 17:05:14,057 DEBUG modssc.supervised.backends.torch.mlp mlp.py:76: params hidden_sizes=(256, 256) activation=relu dropout=0.1 lr=0.001 weight_decay=0.0 batch_size=128 max_epochs=50 seed=398591604 n_jobs=None
2026-02-02 17:05:14,093 INFO modssc.supervised.backends.torch.mlp mlp.py:167: Finished mlp.fit in 0.036s
2026-02-02 17:05:14,093 INFO modssc.supervised.backends.torch.mlp mlp.py:75: Starting mlp.fit
2026-02-02 17:05:14,093 DEBUG modssc.supervised.backends.torch.mlp mlp.py:76: params hidden_sizes=(256, 256) activation=relu dropout=0.1 lr=0.001 weight_decay=0.0 batch_size=128 max_epochs=50 seed=398591605 n_jobs=None
2026-02-02 17:05:14,128 INFO modssc.supervised.backends.torch.mlp mlp.py:167: Finished mlp.fit in 0.036s
2026-02-02 17:05:14,129 INFO modssc.supervised.backends.torch.mlp mlp.py:75: Starting mlp.fit
2026-02-02 17:05:14,129 DEBUG modssc.supervised.backends.torch.mlp mlp.py:76: params hidden_sizes=(256, 256) activation=relu dropout=0.1 lr=0.001 weight_decay=0.0 batch_size=128 max_epochs=50 seed=398591606 n_jobs=None
2026-02-02 17:05:14,164 INFO modssc.supervised.backends.torch.mlp mlp.py:167: Finished mlp.fit in 0.036s
2026-02-02 17:05:14,166 DEBUG modssc.inductive.methods.tri_training tri_training.py:263: Tri-training iter=4 new_added=1 threshold=None
2026-02-02 17:05:14,166 INFO modssc.supervised.backends.torch.mlp mlp.py:75: Starting mlp.fit
2026-02-02 17:05:14,166 DEBUG modssc.supervised.backends.torch.mlp mlp.py:76: params hidden_sizes=(256, 256) activation=relu dropout=0.1 lr=0.001 weight_decay=0.0 batch_size=128 max_epochs=50 seed=398591604 n_jobs=None
2026-02-02 17:05:14,201 INFO modssc.supervised.backends.torch.mlp mlp.py:167: Finished mlp.fit in 0.036s
2026-02-02 17:05:14,202 INFO modssc.supervised.backends.torch.mlp mlp.py:75: Starting mlp.fit
2026-02-02 17:05:14,202 DEBUG modssc.supervised.backends.torch.mlp mlp.py:76: params hidden_sizes=(256, 256) activation=relu dropout=0.1 lr=0.001 weight_decay=0.0 batch_size=128 max_epochs=50 seed=398591605 n_jobs=None
2026-02-02 17:05:14,237 INFO modssc.supervised.backends.torch.mlp mlp.py:167: Finished mlp.fit in 0.036s
2026-02-02 17:05:14,237 INFO modssc.supervised.backends.torch.mlp mlp.py:75: Starting mlp.fit
2026-02-02 17:05:14,238 DEBUG modssc.supervised.backends.torch.mlp mlp.py:76: params hidden_sizes=(256, 256) activation=relu dropout=0.1 lr=0.001 weight_decay=0.0 batch_size=128 max_epochs=50 seed=398591606 n_jobs=None
2026-02-02 17:05:14,273 INFO modssc.supervised.backends.torch.mlp mlp.py:167: Finished mlp.fit in 0.035s
2026-02-02 17:05:14,274 DEBUG modssc.inductive.methods.tri_training tri_training.py:261: Tri-training iter=5 no new labels; stopping.
2026-02-02 17:05:14,274 INFO modssc.supervised.backends.torch.mlp mlp.py:75: Starting mlp.fit
2026-02-02 17:05:14,275 DEBUG modssc.supervised.backends.torch.mlp mlp.py:76: params hidden_sizes=(256, 256) activation=relu dropout=0.1 lr=0.001 weight_decay=0.0 batch_size=128 max_epochs=50 seed=398591604 n_jobs=None
2026-02-02 17:05:14,310 INFO modssc.supervised.backends.torch.mlp mlp.py:167: Finished mlp.fit in 0.036s
2026-02-02 17:05:14,311 INFO modssc.supervised.backends.torch.mlp mlp.py:75: Starting mlp.fit
2026-02-02 17:05:14,311 DEBUG modssc.supervised.backends.torch.mlp mlp.py:76: params hidden_sizes=(256, 256) activation=relu dropout=0.1 lr=0.001 weight_decay=0.0 batch_size=128 max_epochs=50 seed=398591605 n_jobs=None
2026-02-02 17:05:14,346 INFO modssc.supervised.backends.torch.mlp mlp.py:167: Finished mlp.fit in 0.036s
2026-02-02 17:05:14,346 INFO modssc.supervised.backends.torch.mlp mlp.py:75: Starting mlp.fit
2026-02-02 17:05:14,346 DEBUG modssc.supervised.backends.torch.mlp mlp.py:76: params hidden_sizes=(256, 256) activation=relu dropout=0.1 lr=0.001 weight_decay=0.0 batch_size=128 max_epochs=50 seed=398591606 n_jobs=None
2026-02-02 17:05:14,382 INFO modssc.supervised.backends.torch.mlp mlp.py:167: Finished mlp.fit in 0.036s
2026-02-02 17:05:14,382 INFO modssc.inductive.methods.tri_training tri_training.py:276: Finished tri_training.fit in 2.042s
2026-02-02 17:05:14,382 INFO bench.orchestrators.method_inductive method_inductive.py:550: Inductive method done: id=tri_training duration_s=2.057
2026-02-02 17:05:14,382 INFO bench.orchestrators.evaluation evaluation.py:189: Evaluation (inductive): splits=['val', 'test'] metrics=['accuracy', 'macro_f1']
2026-02-02 17:05:14,392 INFO bench.orchestrators.evaluation evaluation.py:231: Evaluation (inductive) done: duration_s=0.010
2026-02-02 17:05:14,394 INFO bench.orchestrators.reporting reporting.py:54: Run summary written: /nfs/home/mbarbaux/ModSSC/runs/inductive/tri_training/tabular/toy/best_tabular_inductive_tri_training_toy-20260202T160511Z/run.json status=success duration_s=0.001
