2026-02-02 16:55:53,292 INFO bench.orchestrators.dataset dataset.py:36: Dataset start: id=breast_cancer download=True cache_dir=None
2026-02-02 16:55:53,292 DEBUG bench.orchestrators.dataset dataset.py:42: Dataset options: []
2026-02-02 16:55:53,295 DEBUG modssc.data_loader.providers __init__.py:38: Creating provider: openml
2026-02-02 16:55:53,295 DEBUG modssc.data_loader.api api.py:316: Resolved dataset id=breast_cancer provider=openml canonical_uri=openml:15
2026-02-02 16:55:53,295 INFO modssc.data_loader.api api.py:117: Dataset load: id=breast_cancer provider=openml version=None fingerprint=6dece738ab3dfc5f1500b389918a8723dfd218d54ba657c31846dda9cfbbc81f download=True force=False cache_dir=/nfs/home/mbarbaux/ModSSC/cache/datasets
2026-02-02 16:55:53,295 DEBUG modssc.data_loader.api api.py:127: Dataset resolved_kwargs: {'data_id': 15, 'name': None, 'version': None, 'as_frame': False, 'target_column': None, 'class_filter': None, 'max_samples': None, 'seed': None}
2026-02-02 16:55:53,298 DEBUG modssc.data_loader.api api.py:403: Loaded cached dataset: fingerprint=6dece738ab3dfc5f1500b389918a8723dfd218d54ba657c31846dda9cfbbc81f
2026-02-02 16:55:53,303 INFO modssc.data_loader.api api.py:133: Dataset cached: id=breast_cancer train=699 test=None n_classes=2 duration_s=0.011
2026-02-02 16:55:53,303 INFO bench.orchestrators.dataset dataset.py:54: Dataset loaded: train=699 test=None graph=False fingerprint=6dece738ab3dfc5f1500b389918a8723dfd218d54ba657c31846dda9cfbbc81f provider=openml
2026-02-02 16:55:53,303 INFO bench.orchestrators.dataset dataset.py:62: Dataset stage done: duration_s=0.011
2026-02-02 16:55:53,351 INFO bench.orchestrators.sampling sampling.py:86: Sampling start: seed=1 dataset_id=breast_cancer
2026-02-02 16:55:53,351 DEBUG bench.orchestrators.sampling sampling.py:87: Sampling plan: split={'kind': 'holdout', 'test_fraction': 0.2, 'val_fraction': 0.1, 'stratify': True, 'shuffle': True} labeling={'mode': 'fraction', 'value': 0.2, 'per_class': False, 'min_per_class': 1, 'strategy': 'balanced', 'fixed_indices': None} imbalance={'kind': 'none', 'apply_to': 'train', 'max_per_class': None, 'alpha': None, 'min_per_class': 1} policy={'respect_official_test': True, 'use_official_graph_masks': True, 'allow_override_official': False}
2026-02-02 16:55:53,351 DEBUG bench.orchestrators.sampling sampling.py:98: Sampling dataset_fingerprint=6dece738ab3dfc5f1500b389918a8723dfd218d54ba657c31846dda9cfbbc81f
2026-02-02 16:55:53,351 INFO modssc.sampling.api api.py:99: Sampling start: dataset_id=breast_cancer dataset_fingerprint=6dece738ab3dfc5f1500b389918a8723dfd218d54ba657c31846dda9cfbbc81f seed=1 graph=False split=holdout
2026-02-02 16:55:53,351 DEBUG modssc.sampling.api api.py:107: Sampling plan: {'split': {'kind': 'holdout', 'test_fraction': 0.2, 'val_fraction': 0.1, 'stratify': True, 'shuffle': True}, 'labeling': {'mode': 'fraction', 'value': 0.2, 'per_class': False, 'min_per_class': 1, 'strategy': 'balanced', 'fixed_indices': None}, 'imbalance': {'kind': 'none', 'apply_to': 'train', 'max_per_class': None, 'alpha': None, 'min_per_class': 1}, 'policy': {'respect_official_test': True, 'use_official_graph_masks': True, 'allow_override_official': False}}
2026-02-02 16:55:53,360 INFO modssc.sampling.api api.py:141: Sampling done: train=503 val=56 test=140 labeled=101 unlabeled=402 duration_s=0.009
2026-02-02 16:55:53,360 DEBUG modssc.sampling.api api.py:150: Sampling stats: {'policy': {'respect_official_test': True, 'has_official_test': False, 'test_ref': 'train'}, 'train': {'n': 503, 'classes': {'benign': 329, 'malignant': 174}}, 'val': {'n': 56, 'classes': {'benign': 37, 'malignant': 19}}, 'train_labeled': {'n': 101, 'classes': {'benign': 51, 'malignant': 50}}, 'train_unlabeled': {'n': 402}, 'test': {'n': 140, 'classes': {'benign': 92, 'malignant': 48}}}
2026-02-02 16:55:53,360 INFO bench.orchestrators.sampling sampling.py:123: Sampling result: train=503 val=56 test=140 labeled=101 unlabeled=402 graph=False
2026-02-02 16:55:53,360 DEBUG bench.orchestrators.sampling sampling.py:132: Sampling stats: {'policy': {'respect_official_test': True, 'has_official_test': False, 'test_ref': 'train'}, 'train': {'n': 503, 'classes': {'benign': 329, 'malignant': 174}}, 'val': {'n': 56, 'classes': {'benign': 37, 'malignant': 19}}, 'train_labeled': {'n': 101, 'classes': {'benign': 51, 'malignant': 50}}, 'train_unlabeled': {'n': 402}, 'test': {'n': 140, 'classes': {'benign': 92, 'malignant': 48}}}
2026-02-02 16:55:53,360 INFO bench.orchestrators.sampling sampling.py:133: Sampling stage done: duration_s=0.009
2026-02-02 16:55:53,360 INFO bench.orchestrators.preprocess preprocess.py:105: Preprocess start: seed=1 cache=True n_steps=6 fit_indices=101
2026-02-02 16:55:53,360 DEBUG bench.orchestrators.preprocess preprocess.py:112: Preprocess plan: output_key=features.X steps=['labels.encode', 'labels.to_torch', 'core.ensure_2d', 'tabular.impute', 'tabular.standard_scaler', 'core.to_torch']
2026-02-02 16:55:53,360 INFO modssc.preprocess.api api.py:490: Preprocess start: dataset_fp=6dece738ab3dfc5f1500b389918a8723dfd218d54ba657c31846dda9cfbbc81f steps=['labels.encode', 'labels.to_torch', 'core.ensure_2d', 'tabular.impute', 'tabular.standard_scaler', 'core.to_torch'] output_key=features.X seed=1 cache=True
2026-02-02 16:55:53,361 DEBUG modssc.preprocess.api api.py:498: Preprocess input shapes: train_X=(699, 9) train_y=(699,) test_X=None test_y=None
2026-02-02 16:55:53,361 INFO modssc.preprocess.api api.py:505: Preprocess input size: train_data=54.6 KB test_data=n/a
2026-02-02 16:55:53,361 DEBUG modssc.preprocess.api api.py:521: Preprocess step start: id=labels.encode index=0 kind=transform params={}
2026-02-02 16:55:53,363 DEBUG modssc.preprocess.api api.py:605: Preprocess step train outputs: id=labels.encode keys=['labels.classes', 'labels.y'] duration_s=0.002
2026-02-02 16:55:53,363 INFO modssc.preprocess.api api.py:679: Preprocess step done: id=labels.encode index=0 duration_s=0.002 train_data=54.6 KB test_data=n/a
2026-02-02 16:55:53,363 DEBUG modssc.preprocess.api api.py:521: Preprocess step start: id=labels.to_torch index=1 kind=transform params={'device': 'auto', 'dtype': 'int64'}
2026-02-02 16:55:53,465 DEBUG modssc.preprocess.api api.py:605: Preprocess step train outputs: id=labels.to_torch keys=['labels.y'] duration_s=0.102
2026-02-02 16:55:53,465 INFO modssc.preprocess.api api.py:267: Preprocess GPU device: device=cuda:0 model=NVIDIA L40
2026-02-02 16:55:53,465 INFO modssc.preprocess.api api.py:679: Preprocess step done: id=labels.to_torch index=1 duration_s=0.102 train_data=54.6 KB test_data=n/a
2026-02-02 16:55:53,465 DEBUG modssc.preprocess.api api.py:521: Preprocess step start: id=core.ensure_2d index=2 kind=transform params={}
2026-02-02 16:55:53,467 DEBUG modssc.preprocess.api api.py:605: Preprocess step train outputs: id=core.ensure_2d keys=['features.X'] duration_s=0.002
2026-02-02 16:55:53,467 INFO modssc.preprocess.api api.py:679: Preprocess step done: id=core.ensure_2d index=2 duration_s=0.002 train_data=54.6 KB test_data=n/a
2026-02-02 16:55:53,467 DEBUG modssc.preprocess.api api.py:521: Preprocess step start: id=tabular.impute index=3 kind=fittable params={}
2026-02-02 16:55:54,431 DEBUG modssc.preprocess.api api.py:605: Preprocess step train outputs: id=tabular.impute keys=['features.X'] duration_s=0.963
2026-02-02 16:55:54,431 INFO modssc.preprocess.api api.py:679: Preprocess step done: id=tabular.impute index=3 duration_s=0.964 train_data=54.6 KB test_data=n/a
2026-02-02 16:55:54,431 DEBUG modssc.preprocess.api api.py:521: Preprocess step start: id=tabular.standard_scaler index=4 kind=fittable params={}
2026-02-02 16:55:54,433 DEBUG modssc.preprocess.api api.py:605: Preprocess step train outputs: id=tabular.standard_scaler keys=['features.X'] duration_s=0.002
2026-02-02 16:55:54,433 INFO modssc.preprocess.api api.py:679: Preprocess step done: id=tabular.standard_scaler index=4 duration_s=0.002 train_data=30.0 KB test_data=n/a
2026-02-02 16:55:54,433 DEBUG modssc.preprocess.api api.py:521: Preprocess step start: id=core.to_torch index=5 kind=transform params={'device': 'auto', 'dtype': 'float32'}
2026-02-02 16:55:54,435 DEBUG modssc.preprocess.api api.py:605: Preprocess step train outputs: id=core.to_torch keys=['features.X'] duration_s=0.002
2026-02-02 16:55:54,435 INFO modssc.preprocess.api api.py:679: Preprocess step done: id=core.to_torch index=5 duration_s=0.002 train_data=30.0 KB test_data=n/a
2026-02-02 16:55:54,435 INFO modssc.preprocess.api api.py:730: Preprocess done: dataset_fp=6dece738ab3dfc5f1500b389918a8723dfd218d54ba657c31846dda9cfbbc81f duration_s=1.075 train_X=(699, 9) test_X=None
2026-02-02 16:55:54,435 INFO bench.orchestrators.preprocess preprocess.py:124: Preprocess result: fingerprint=preprocess:e8e31b503533acb1dd05d9db0c55e174d3debbf7553704fffeddcdd394c40699 plan_fingerprint=resolved_plan:2fd28781de548db14dc25cb730c4a58beda13172ed36f45b2cc1411caf334e69 cache_dir=/nfs/home/mbarbaux/ModSSC/cache/preprocess/6dece738ab3dfc5f1500b389918a8723dfd218d54ba657c31846dda9cfbbc81f skipped=[]
2026-02-02 16:55:54,436 DEBUG bench.orchestrators.preprocess preprocess.py:131: Preprocess output shapes: train_X=(699, 9) test_X=None
2026-02-02 16:55:54,436 INFO bench.orchestrators.preprocess preprocess.py:136: Preprocess stage done: duration_s=1.075
2026-02-02 16:55:54,450 INFO bench.orchestrators.augmentation augmentation.py:66: Augmentation start: mode=fixed modality=tabular seed=1 n_samples=402 strong_views=1
2026-02-02 16:55:54,450 DEBUG bench.orchestrators.augmentation augmentation.py:74: Augmentation steps: weak=['tabular.gaussian_noise'] strong=['tabular.swap_noise']
2026-02-02 16:55:54,535 INFO bench.orchestrators.augmentation augmentation.py:191: Augmentation done: duration_s=0.086
2026-02-02 16:55:54,536 DEBUG bench.orchestrators.augmentation augmentation.py:192: Augmentation output shapes: weak=(402, 9) strong=(402, 9) strong_1=None
2026-02-02 16:55:54,536 INFO bench.orchestrators.method_inductive method_inductive.py:441: Inductive method start: id=adsh seed=398591604 device=auto dtype=float32 model=mlp
2026-02-02 16:55:54,536 DEBUG bench.orchestrators.method_inductive method_inductive.py:470: Inductive method params: {'lambda_u': 1.0, 'p_cutoff': 0.95, 'use_cat': False, 'batch_size': 128, 'max_epochs': 50, 'detach_target': True, 'score_warmup_epochs': 2}
2026-02-02 16:55:54,536 INFO bench.orchestrators.method_inductive method_inductive.py:476: Inductive method data: n_labeled=101 n_unlabeled=402
2026-02-02 16:55:55,418 INFO modssc.inductive.methods.adsh adsh.py:155: Starting adsh.fit
2026-02-02 16:55:55,418 DEBUG modssc.inductive.methods.adsh adsh.py:156: params lambda_u=1.0 p_cutoff=0.95 use_cat=False batch_size=128 max_epochs=50 detach_target=True score_warmup_epochs=2 majority_class=None has_model_bundle=True device=DeviceSpec(device='auto', dtype='float32') seed=398591604
2026-02-02 16:55:55,418 INFO modssc.inductive.methods.adsh adsh.py:189: ADSH sizes: n_labeled=101 n_unlabeled=402
2026-02-02 16:55:55,521 DEBUG modssc.inductive.methods.adsh adsh.py:330: ADSH epoch=0 p_cutoff=0.95 mask_mean=0.000 sup_loss=0.7134 unsup_loss=0.0000
2026-02-02 16:55:55,561 DEBUG modssc.inductive.methods.adsh adsh.py:330: ADSH epoch=1 p_cutoff=0.95 mask_mean=0.000 sup_loss=0.3244 unsup_loss=0.0000
2026-02-02 16:55:55,604 DEBUG modssc.inductive.methods.adsh adsh.py:330: ADSH epoch=2 p_cutoff=0.95 mask_mean=0.336 sup_loss=0.1735 unsup_loss=0.0556
2026-02-02 16:55:55,612 DEBUG modssc.inductive.methods.adsh adsh.py:330: ADSH epoch=3 p_cutoff=0.95 mask_mean=0.727 sup_loss=0.1413 unsup_loss=0.0534
2026-02-02 16:55:55,619 DEBUG modssc.inductive.methods.adsh adsh.py:330: ADSH epoch=4 p_cutoff=0.95 mask_mean=0.977 sup_loss=0.1438 unsup_loss=0.0582
2026-02-02 16:55:55,626 DEBUG modssc.inductive.methods.adsh adsh.py:330: ADSH epoch=5 p_cutoff=0.95 mask_mean=0.930 sup_loss=0.1631 unsup_loss=0.0286
2026-02-02 16:55:55,632 DEBUG modssc.inductive.methods.adsh adsh.py:330: ADSH epoch=6 p_cutoff=0.95 mask_mean=0.977 sup_loss=0.1628 unsup_loss=0.0338
2026-02-02 16:55:55,639 DEBUG modssc.inductive.methods.adsh adsh.py:330: ADSH epoch=7 p_cutoff=0.95 mask_mean=0.945 sup_loss=0.1301 unsup_loss=0.0298
2026-02-02 16:55:55,646 DEBUG modssc.inductive.methods.adsh adsh.py:330: ADSH epoch=8 p_cutoff=0.95 mask_mean=0.898 sup_loss=0.1205 unsup_loss=0.0242
2026-02-02 16:55:55,653 DEBUG modssc.inductive.methods.adsh adsh.py:330: ADSH epoch=9 p_cutoff=0.95 mask_mean=0.906 sup_loss=0.0990 unsup_loss=0.0409
2026-02-02 16:55:55,660 DEBUG modssc.inductive.methods.adsh adsh.py:330: ADSH epoch=10 p_cutoff=0.95 mask_mean=0.852 sup_loss=0.0904 unsup_loss=0.0353
2026-02-02 16:55:55,666 DEBUG modssc.inductive.methods.adsh adsh.py:330: ADSH epoch=11 p_cutoff=0.95 mask_mean=0.891 sup_loss=0.0883 unsup_loss=0.0310
2026-02-02 16:55:55,673 DEBUG modssc.inductive.methods.adsh adsh.py:330: ADSH epoch=12 p_cutoff=0.95 mask_mean=0.852 sup_loss=0.0784 unsup_loss=0.0203
2026-02-02 16:55:55,680 DEBUG modssc.inductive.methods.adsh adsh.py:330: ADSH epoch=13 p_cutoff=0.95 mask_mean=0.867 sup_loss=0.0793 unsup_loss=0.0261
2026-02-02 16:55:55,687 DEBUG modssc.inductive.methods.adsh adsh.py:330: ADSH epoch=14 p_cutoff=0.95 mask_mean=0.883 sup_loss=0.0708 unsup_loss=0.0380
2026-02-02 16:55:55,693 DEBUG modssc.inductive.methods.adsh adsh.py:330: ADSH epoch=15 p_cutoff=0.95 mask_mean=0.898 sup_loss=0.0601 unsup_loss=0.0343
2026-02-02 16:55:55,700 DEBUG modssc.inductive.methods.adsh adsh.py:330: ADSH epoch=16 p_cutoff=0.95 mask_mean=0.875 sup_loss=0.0570 unsup_loss=0.0243
2026-02-02 16:55:55,707 DEBUG modssc.inductive.methods.adsh adsh.py:330: ADSH epoch=17 p_cutoff=0.95 mask_mean=0.898 sup_loss=0.0499 unsup_loss=0.0178
2026-02-02 16:55:55,714 DEBUG modssc.inductive.methods.adsh adsh.py:330: ADSH epoch=18 p_cutoff=0.95 mask_mean=0.914 sup_loss=0.0464 unsup_loss=0.0514
2026-02-02 16:55:55,720 DEBUG modssc.inductive.methods.adsh adsh.py:330: ADSH epoch=19 p_cutoff=0.95 mask_mean=0.914 sup_loss=0.0449 unsup_loss=0.0173
2026-02-02 16:55:55,727 DEBUG modssc.inductive.methods.adsh adsh.py:330: ADSH epoch=20 p_cutoff=0.95 mask_mean=0.914 sup_loss=0.0335 unsup_loss=0.0244
2026-02-02 16:55:55,734 DEBUG modssc.inductive.methods.adsh adsh.py:330: ADSH epoch=21 p_cutoff=0.95 mask_mean=0.945 sup_loss=0.0391 unsup_loss=0.0164
2026-02-02 16:55:55,740 DEBUG modssc.inductive.methods.adsh adsh.py:330: ADSH epoch=22 p_cutoff=0.95 mask_mean=0.945 sup_loss=0.0320 unsup_loss=0.0230
2026-02-02 16:55:55,747 DEBUG modssc.inductive.methods.adsh adsh.py:330: ADSH epoch=23 p_cutoff=0.95 mask_mean=0.922 sup_loss=0.0245 unsup_loss=0.0408
2026-02-02 16:55:55,754 DEBUG modssc.inductive.methods.adsh adsh.py:330: ADSH epoch=24 p_cutoff=0.95 mask_mean=0.922 sup_loss=0.0286 unsup_loss=0.0344
2026-02-02 16:55:55,761 DEBUG modssc.inductive.methods.adsh adsh.py:330: ADSH epoch=25 p_cutoff=0.95 mask_mean=0.945 sup_loss=0.0342 unsup_loss=0.0178
2026-02-02 16:55:55,767 DEBUG modssc.inductive.methods.adsh adsh.py:330: ADSH epoch=26 p_cutoff=0.95 mask_mean=0.945 sup_loss=0.0252 unsup_loss=0.0357
2026-02-02 16:55:55,774 DEBUG modssc.inductive.methods.adsh adsh.py:330: ADSH epoch=27 p_cutoff=0.95 mask_mean=0.930 sup_loss=0.0196 unsup_loss=0.0304
2026-02-02 16:55:55,781 DEBUG modssc.inductive.methods.adsh adsh.py:330: ADSH epoch=28 p_cutoff=0.95 mask_mean=0.953 sup_loss=0.0189 unsup_loss=0.0093
2026-02-02 16:55:55,788 DEBUG modssc.inductive.methods.adsh adsh.py:330: ADSH epoch=29 p_cutoff=0.95 mask_mean=0.938 sup_loss=0.0180 unsup_loss=0.0289
2026-02-02 16:55:55,794 DEBUG modssc.inductive.methods.adsh adsh.py:330: ADSH epoch=30 p_cutoff=0.95 mask_mean=0.914 sup_loss=0.0232 unsup_loss=0.0329
2026-02-02 16:55:55,801 DEBUG modssc.inductive.methods.adsh adsh.py:330: ADSH epoch=31 p_cutoff=0.95 mask_mean=0.945 sup_loss=0.0189 unsup_loss=0.0163
2026-02-02 16:55:55,808 DEBUG modssc.inductive.methods.adsh adsh.py:330: ADSH epoch=32 p_cutoff=0.95 mask_mean=0.945 sup_loss=0.0133 unsup_loss=0.0142
2026-02-02 16:55:55,815 DEBUG modssc.inductive.methods.adsh adsh.py:330: ADSH epoch=33 p_cutoff=0.95 mask_mean=0.969 sup_loss=0.0157 unsup_loss=0.0133
2026-02-02 16:55:55,821 DEBUG modssc.inductive.methods.adsh adsh.py:330: ADSH epoch=34 p_cutoff=0.95 mask_mean=0.953 sup_loss=0.0114 unsup_loss=0.0195
2026-02-02 16:55:55,828 DEBUG modssc.inductive.methods.adsh adsh.py:330: ADSH epoch=35 p_cutoff=0.95 mask_mean=0.969 sup_loss=0.0138 unsup_loss=0.0130
2026-02-02 16:55:55,835 DEBUG modssc.inductive.methods.adsh adsh.py:330: ADSH epoch=36 p_cutoff=0.95 mask_mean=0.961 sup_loss=0.0190 unsup_loss=0.0226
2026-02-02 16:55:55,841 DEBUG modssc.inductive.methods.adsh adsh.py:330: ADSH epoch=37 p_cutoff=0.95 mask_mean=0.953 sup_loss=0.0078 unsup_loss=0.0155
2026-02-02 16:55:55,848 DEBUG modssc.inductive.methods.adsh adsh.py:330: ADSH epoch=38 p_cutoff=0.95 mask_mean=0.961 sup_loss=0.0116 unsup_loss=0.0189
2026-02-02 16:55:55,855 DEBUG modssc.inductive.methods.adsh adsh.py:330: ADSH epoch=39 p_cutoff=0.95 mask_mean=0.953 sup_loss=0.0115 unsup_loss=0.0035
2026-02-02 16:55:55,862 DEBUG modssc.inductive.methods.adsh adsh.py:330: ADSH epoch=40 p_cutoff=0.95 mask_mean=0.953 sup_loss=0.0139 unsup_loss=0.0061
2026-02-02 16:55:55,868 DEBUG modssc.inductive.methods.adsh adsh.py:330: ADSH epoch=41 p_cutoff=0.95 mask_mean=0.969 sup_loss=0.0121 unsup_loss=0.0199
2026-02-02 16:55:55,875 DEBUG modssc.inductive.methods.adsh adsh.py:330: ADSH epoch=42 p_cutoff=0.95 mask_mean=0.953 sup_loss=0.0088 unsup_loss=0.0140
2026-02-02 16:55:55,882 DEBUG modssc.inductive.methods.adsh adsh.py:330: ADSH epoch=43 p_cutoff=0.95 mask_mean=0.938 sup_loss=0.0110 unsup_loss=0.0144
2026-02-02 16:55:55,888 DEBUG modssc.inductive.methods.adsh adsh.py:330: ADSH epoch=44 p_cutoff=0.95 mask_mean=0.984 sup_loss=0.0160 unsup_loss=0.0056
2026-02-02 16:55:55,895 DEBUG modssc.inductive.methods.adsh adsh.py:330: ADSH epoch=45 p_cutoff=0.95 mask_mean=0.977 sup_loss=0.0083 unsup_loss=0.0082
2026-02-02 16:55:55,902 DEBUG modssc.inductive.methods.adsh adsh.py:330: ADSH epoch=46 p_cutoff=0.95 mask_mean=0.930 sup_loss=0.0095 unsup_loss=0.0201
2026-02-02 16:55:55,908 DEBUG modssc.inductive.methods.adsh adsh.py:330: ADSH epoch=47 p_cutoff=0.95 mask_mean=0.938 sup_loss=0.0106 unsup_loss=0.0151
2026-02-02 16:55:55,915 DEBUG modssc.inductive.methods.adsh adsh.py:330: ADSH epoch=48 p_cutoff=0.95 mask_mean=0.945 sup_loss=0.0074 unsup_loss=0.0023
2026-02-02 16:55:55,922 DEBUG modssc.inductive.methods.adsh adsh.py:330: ADSH epoch=49 p_cutoff=0.95 mask_mean=0.984 sup_loss=0.0117 unsup_loss=0.0028
2026-02-02 16:55:55,927 INFO modssc.inductive.methods.adsh adsh.py:347: Finished adsh.fit in 0.509s
2026-02-02 16:55:55,927 INFO bench.orchestrators.method_inductive method_inductive.py:550: Inductive method done: id=adsh duration_s=1.391
2026-02-02 16:55:55,927 INFO bench.orchestrators.evaluation evaluation.py:189: Evaluation (inductive): splits=['val', 'test'] metrics=['accuracy', 'macro_f1']
2026-02-02 16:55:55,931 INFO bench.orchestrators.evaluation evaluation.py:231: Evaluation (inductive) done: duration_s=0.004
2026-02-02 16:55:55,932 INFO bench.orchestrators.reporting reporting.py:54: Run summary written: /nfs/home/mbarbaux/ModSSC/runs/inductive/adsh/tabular/breast_cancer/best_tabular_adsh_breast_cancer-20260202T155553Z/run.json status=success duration_s=0.001
