2026-02-02 17:02:09,566 INFO bench.orchestrators.dataset dataset.py:36: Dataset start: id=iris download=True cache_dir=None
2026-02-02 17:02:09,566 DEBUG bench.orchestrators.dataset dataset.py:42: Dataset options: []
2026-02-02 17:02:09,570 DEBUG modssc.data_loader.providers __init__.py:38: Creating provider: openml
2026-02-02 17:02:09,570 DEBUG modssc.data_loader.api api.py:316: Resolved dataset id=iris provider=openml canonical_uri=openml:61
2026-02-02 17:02:09,570 INFO modssc.data_loader.api api.py:117: Dataset load: id=iris provider=openml version=None fingerprint=ba055ddc9f9ca1b72ab8a14217263923c7ce2466a9ada1892118d69873fd8572 download=True force=False cache_dir=/nfs/home/mbarbaux/ModSSC/cache/datasets
2026-02-02 17:02:09,570 DEBUG modssc.data_loader.api api.py:127: Dataset resolved_kwargs: {'data_id': 61, 'name': None, 'version': None, 'as_frame': False, 'target_column': None, 'class_filter': None, 'max_samples': None, 'seed': None}
2026-02-02 17:02:09,571 DEBUG modssc.data_loader.api api.py:403: Loaded cached dataset: fingerprint=ba055ddc9f9ca1b72ab8a14217263923c7ce2466a9ada1892118d69873fd8572
2026-02-02 17:02:09,576 INFO modssc.data_loader.api api.py:133: Dataset cached: id=iris train=150 test=None n_classes=3 duration_s=0.010
2026-02-02 17:02:09,576 INFO bench.orchestrators.dataset dataset.py:54: Dataset loaded: train=150 test=None graph=False fingerprint=ba055ddc9f9ca1b72ab8a14217263923c7ce2466a9ada1892118d69873fd8572 provider=openml
2026-02-02 17:02:09,576 INFO bench.orchestrators.dataset dataset.py:62: Dataset stage done: duration_s=0.010
2026-02-02 17:02:09,603 INFO bench.orchestrators.sampling sampling.py:86: Sampling start: seed=1 dataset_id=iris
2026-02-02 17:02:09,603 DEBUG bench.orchestrators.sampling sampling.py:87: Sampling plan: split={'kind': 'holdout', 'test_fraction': 0.2, 'val_fraction': 0.1, 'stratify': True, 'shuffle': True} labeling={'mode': 'fraction', 'value': 0.2, 'per_class': False, 'min_per_class': 1, 'strategy': 'balanced', 'fixed_indices': None} imbalance={'kind': 'none', 'apply_to': 'train', 'max_per_class': None, 'alpha': None, 'min_per_class': 1} policy={'respect_official_test': True, 'use_official_graph_masks': True, 'allow_override_official': False}
2026-02-02 17:02:09,603 DEBUG bench.orchestrators.sampling sampling.py:98: Sampling dataset_fingerprint=ba055ddc9f9ca1b72ab8a14217263923c7ce2466a9ada1892118d69873fd8572
2026-02-02 17:02:09,603 INFO modssc.sampling.api api.py:99: Sampling start: dataset_id=iris dataset_fingerprint=ba055ddc9f9ca1b72ab8a14217263923c7ce2466a9ada1892118d69873fd8572 seed=1 graph=False split=holdout
2026-02-02 17:02:09,603 DEBUG modssc.sampling.api api.py:107: Sampling plan: {'split': {'kind': 'holdout', 'test_fraction': 0.2, 'val_fraction': 0.1, 'stratify': True, 'shuffle': True}, 'labeling': {'mode': 'fraction', 'value': 0.2, 'per_class': False, 'min_per_class': 1, 'strategy': 'balanced', 'fixed_indices': None}, 'imbalance': {'kind': 'none', 'apply_to': 'train', 'max_per_class': None, 'alpha': None, 'min_per_class': 1}, 'policy': {'respect_official_test': True, 'use_official_graph_masks': True, 'allow_override_official': False}}
2026-02-02 17:02:09,610 INFO modssc.sampling.api api.py:141: Sampling done: train=108 val=12 test=30 labeled=22 unlabeled=86 duration_s=0.007
2026-02-02 17:02:09,610 DEBUG modssc.sampling.api api.py:150: Sampling stats: {'policy': {'respect_official_test': True, 'has_official_test': False, 'test_ref': 'train'}, 'train': {'n': 108, 'classes': {'Iris-setosa': 36, 'Iris-versicolor': 36, 'Iris-virginica': 36}}, 'val': {'n': 12, 'classes': {'Iris-setosa': 4, 'Iris-versicolor': 4, 'Iris-virginica': 4}}, 'train_labeled': {'n': 22, 'classes': {'Iris-setosa': 8, 'Iris-versicolor': 7, 'Iris-virginica': 7}}, 'train_unlabeled': {'n': 86}, 'test': {'n': 30, 'classes': {'Iris-setosa': 10, 'Iris-versicolor': 10, 'Iris-virginica': 10}}}
2026-02-02 17:02:09,611 INFO bench.orchestrators.sampling sampling.py:123: Sampling result: train=108 val=12 test=30 labeled=22 unlabeled=86 graph=False
2026-02-02 17:02:09,611 DEBUG bench.orchestrators.sampling sampling.py:132: Sampling stats: {'policy': {'respect_official_test': True, 'has_official_test': False, 'test_ref': 'train'}, 'train': {'n': 108, 'classes': {'Iris-setosa': 36, 'Iris-versicolor': 36, 'Iris-virginica': 36}}, 'val': {'n': 12, 'classes': {'Iris-setosa': 4, 'Iris-versicolor': 4, 'Iris-virginica': 4}}, 'train_labeled': {'n': 22, 'classes': {'Iris-setosa': 8, 'Iris-versicolor': 7, 'Iris-virginica': 7}}, 'train_unlabeled': {'n': 86}, 'test': {'n': 30, 'classes': {'Iris-setosa': 10, 'Iris-versicolor': 10, 'Iris-virginica': 10}}}
2026-02-02 17:02:09,611 INFO bench.orchestrators.sampling sampling.py:133: Sampling stage done: duration_s=0.008
2026-02-02 17:02:09,611 INFO bench.orchestrators.preprocess preprocess.py:105: Preprocess start: seed=1 cache=True n_steps=4 fit_indices=22
2026-02-02 17:02:09,611 DEBUG bench.orchestrators.preprocess preprocess.py:112: Preprocess plan: output_key=features.X steps=['labels.encode', 'core.ensure_2d', 'core.pca', 'core.to_numpy']
2026-02-02 17:02:09,611 INFO modssc.preprocess.api api.py:490: Preprocess start: dataset_fp=ba055ddc9f9ca1b72ab8a14217263923c7ce2466a9ada1892118d69873fd8572 steps=['labels.encode', 'core.ensure_2d', 'core.pca', 'core.to_numpy'] output_key=features.X seed=1 cache=True
2026-02-02 17:02:09,611 DEBUG modssc.preprocess.api api.py:498: Preprocess input shapes: train_X=(150, 4) train_y=(150,) test_X=None test_y=None
2026-02-02 17:02:09,611 INFO modssc.preprocess.api api.py:505: Preprocess input size: train_data=5.9 KB test_data=n/a
2026-02-02 17:02:09,611 DEBUG modssc.preprocess.api api.py:521: Preprocess step start: id=labels.encode index=0 kind=transform params={}
2026-02-02 17:02:09,616 DEBUG modssc.preprocess.api api.py:605: Preprocess step train outputs: id=labels.encode keys=['labels.classes', 'labels.y'] duration_s=0.005
2026-02-02 17:02:09,616 INFO modssc.preprocess.api api.py:679: Preprocess step done: id=labels.encode index=0 duration_s=0.005 train_data=5.9 KB test_data=n/a
2026-02-02 17:02:09,616 DEBUG modssc.preprocess.api api.py:521: Preprocess step start: id=core.ensure_2d index=1 kind=transform params={}
2026-02-02 17:02:09,621 DEBUG modssc.preprocess.api api.py:605: Preprocess step train outputs: id=core.ensure_2d keys=['features.X'] duration_s=0.005
2026-02-02 17:02:09,621 INFO modssc.preprocess.api api.py:679: Preprocess step done: id=core.ensure_2d index=1 duration_s=0.005 train_data=5.9 KB test_data=n/a
2026-02-02 17:02:09,621 DEBUG modssc.preprocess.api api.py:521: Preprocess step start: id=core.pca index=2 kind=fittable params={'n_components': 30}
2026-02-02 17:02:09,625 DEBUG modssc.preprocess.api api.py:605: Preprocess step train outputs: id=core.pca keys=['features.X'] duration_s=0.004
2026-02-02 17:02:09,625 INFO modssc.preprocess.api api.py:679: Preprocess step done: id=core.pca index=2 duration_s=0.004 train_data=3.5 KB test_data=n/a
2026-02-02 17:02:09,625 DEBUG modssc.preprocess.api api.py:521: Preprocess step start: id=core.to_numpy index=3 kind=transform params={}
2026-02-02 17:02:09,628 DEBUG modssc.preprocess.api api.py:605: Preprocess step train outputs: id=core.to_numpy keys=['features.X'] duration_s=0.003
2026-02-02 17:02:09,628 INFO modssc.preprocess.api api.py:679: Preprocess step done: id=core.to_numpy index=3 duration_s=0.003 train_data=3.5 KB test_data=n/a
2026-02-02 17:02:09,628 INFO modssc.preprocess.api api.py:730: Preprocess done: dataset_fp=ba055ddc9f9ca1b72ab8a14217263923c7ce2466a9ada1892118d69873fd8572 duration_s=0.017 train_X=(150, 4) test_X=None
2026-02-02 17:02:09,628 INFO bench.orchestrators.preprocess preprocess.py:124: Preprocess result: fingerprint=preprocess:b6b1c4c39e1e6824211dff3e25a871abb8d6e7745886b9d24299e0c03848f43c plan_fingerprint=resolved_plan:482a0984f51742ea5d9dbcc35f660359eaee028ed4420e88d582a288bf1fe3f8 cache_dir=/nfs/home/mbarbaux/ModSSC/cache/preprocess/ba055ddc9f9ca1b72ab8a14217263923c7ce2466a9ada1892118d69873fd8572 skipped=[]
2026-02-02 17:02:09,628 DEBUG bench.orchestrators.preprocess preprocess.py:131: Preprocess output shapes: train_X=(150, 4) test_X=None
2026-02-02 17:02:09,628 INFO bench.orchestrators.preprocess preprocess.py:136: Preprocess stage done: duration_s=0.017
2026-02-02 17:02:09,628 INFO bench.orchestrators.graph graph.py:67: Graph start: include_test=False cache=True
2026-02-02 17:02:09,628 DEBUG bench.orchestrators.graph graph.py:72: Graph spec: scheme=knn metric=cosine k=15 radius=None backend=numpy feature_field=features.X seed=1
2026-02-02 17:02:09,628 DEBUG bench.orchestrators.graph graph.py:89: Graph features: shape=(150, 4)
2026-02-02 17:02:09,632 INFO modssc.graph.construction.api api.py:111: Graph cached: fingerprint=a124c2d4d4c0101985327d644ac010bd75f20387d283614db531cab021ab605d n_nodes=150 n_edges=1820 duration_s=0.004
2026-02-02 17:02:09,632 INFO bench.orchestrators.graph graph.py:100: Graph built: fingerprint=a124c2d4d4c0101985327d644ac010bd75f20387d283614db531cab021ab605d n_nodes=150 n_edges=1820 duration_s=0.004
2026-02-02 17:02:09,633 INFO bench.orchestrators.method_transductive method_transductive.py:139: Transductive method start: id=appnp seed=398591604 device=auto resolved_device=cuda use_test=False
2026-02-02 17:02:09,633 DEBUG bench.orchestrators.method_transductive method_transductive.py:147: Transductive method params: {'hidden_dim': 64, 'dropout': 0.5, 'k': 10, 'alpha': 0.1, 'lr': 0.01, 'weight_decay': 0.0005, 'max_epochs': 200, 'patience': 50, 'add_self_loops': True}
2026-02-02 17:02:09,633 INFO bench.orchestrators.method_transductive method_transductive.py:158: Transductive data: n_nodes=150 n_train=150 n_test=0
2026-02-02 17:02:09,633 INFO bench.orchestrators.method_transductive method_transductive.py:177: Transductive masks: labeled_count=22 train_count=108
2026-02-02 17:02:09,633 INFO modssc.transductive.methods.gnn.appnp appnp.py:97: Starting appnp.fit
2026-02-02 17:02:09,633 DEBUG modssc.transductive.methods.gnn.appnp appnp.py:98: spec=APPNPSpec(hidden_dim=64, dropout=0.5, k=10, alpha=0.1, lr=0.01, weight_decay=0.0005, max_epochs=200, patience=50, add_self_loops=True) device=cuda seed=398591604
2026-02-02 17:02:09,809 INFO modssc.transductive.methods.gnn.appnp appnp.py:110: APPNP sizes: n_nodes=150 n_classes=3 train=22 val=12
2026-02-02 17:02:10,759 DEBUG modssc.transductive.methods.gnn.common common.py:373: train_fullbatch epoch=0 val_loss=0.9658 best updated
2026-02-02 17:02:10,763 DEBUG modssc.transductive.methods.gnn.common common.py:373: train_fullbatch epoch=1 val_loss=0.8484 best updated
2026-02-02 17:02:10,766 DEBUG modssc.transductive.methods.gnn.common common.py:373: train_fullbatch epoch=2 val_loss=0.7521 best updated
2026-02-02 17:02:10,769 DEBUG modssc.transductive.methods.gnn.common common.py:373: train_fullbatch epoch=3 val_loss=0.6791 best updated
2026-02-02 17:02:10,772 DEBUG modssc.transductive.methods.gnn.common common.py:373: train_fullbatch epoch=4 val_loss=0.6258 best updated
2026-02-02 17:02:10,775 DEBUG modssc.transductive.methods.gnn.common common.py:373: train_fullbatch epoch=5 val_loss=0.5867 best updated
2026-02-02 17:02:10,778 DEBUG modssc.transductive.methods.gnn.common common.py:373: train_fullbatch epoch=6 val_loss=0.5580 best updated
2026-02-02 17:02:10,781 DEBUG modssc.transductive.methods.gnn.common common.py:373: train_fullbatch epoch=7 val_loss=0.5352 best updated
2026-02-02 17:02:10,784 DEBUG modssc.transductive.methods.gnn.common common.py:373: train_fullbatch epoch=8 val_loss=0.5212 best updated
2026-02-02 17:02:10,787 DEBUG modssc.transductive.methods.gnn.common common.py:373: train_fullbatch epoch=9 val_loss=0.5128 best updated
2026-02-02 17:02:10,790 DEBUG modssc.transductive.methods.gnn.common common.py:373: train_fullbatch epoch=10 val_loss=0.5085 best updated
2026-02-02 17:02:10,794 DEBUG modssc.transductive.methods.gnn.common common.py:373: train_fullbatch epoch=11 val_loss=0.5070 best updated
2026-02-02 17:02:10,797 DEBUG modssc.transductive.methods.gnn.common common.py:373: train_fullbatch epoch=12 val_loss=0.5064 best updated
2026-02-02 17:02:10,800 DEBUG modssc.transductive.methods.gnn.common common.py:373: train_fullbatch epoch=13 val_loss=0.5024 best updated
2026-02-02 17:02:10,803 DEBUG modssc.transductive.methods.gnn.common common.py:373: train_fullbatch epoch=14 val_loss=0.4948 best updated
2026-02-02 17:02:10,806 DEBUG modssc.transductive.methods.gnn.common common.py:373: train_fullbatch epoch=15 val_loss=0.4883 best updated
2026-02-02 17:02:10,809 DEBUG modssc.transductive.methods.gnn.common common.py:373: train_fullbatch epoch=16 val_loss=0.4774 best updated
2026-02-02 17:02:10,812 DEBUG modssc.transductive.methods.gnn.common common.py:373: train_fullbatch epoch=17 val_loss=0.4667 best updated
2026-02-02 17:02:10,815 DEBUG modssc.transductive.methods.gnn.common common.py:373: train_fullbatch epoch=18 val_loss=0.4569 best updated
2026-02-02 17:02:10,818 DEBUG modssc.transductive.methods.gnn.common common.py:373: train_fullbatch epoch=19 val_loss=0.4452 best updated
2026-02-02 17:02:10,821 DEBUG modssc.transductive.methods.gnn.common common.py:373: train_fullbatch epoch=20 val_loss=0.4358 best updated
2026-02-02 17:02:10,824 DEBUG modssc.transductive.methods.gnn.common common.py:373: train_fullbatch epoch=21 val_loss=0.4261 best updated
2026-02-02 17:02:10,827 DEBUG modssc.transductive.methods.gnn.common common.py:373: train_fullbatch epoch=22 val_loss=0.4155 best updated
2026-02-02 17:02:10,830 DEBUG modssc.transductive.methods.gnn.common common.py:373: train_fullbatch epoch=23 val_loss=0.4068 best updated
2026-02-02 17:02:10,833 DEBUG modssc.transductive.methods.gnn.common common.py:373: train_fullbatch epoch=24 val_loss=0.4049 best updated
2026-02-02 17:02:10,836 DEBUG modssc.transductive.methods.gnn.common common.py:380: train_fullbatch epoch=25 val_loss=0.4099 bad_epochs=1/50
2026-02-02 17:02:10,839 DEBUG modssc.transductive.methods.gnn.common common.py:380: train_fullbatch epoch=26 val_loss=0.4145 bad_epochs=2/50
2026-02-02 17:02:10,842 DEBUG modssc.transductive.methods.gnn.common common.py:380: train_fullbatch epoch=27 val_loss=0.4203 bad_epochs=3/50
2026-02-02 17:02:10,845 DEBUG modssc.transductive.methods.gnn.common common.py:380: train_fullbatch epoch=28 val_loss=0.4310 bad_epochs=4/50
2026-02-02 17:02:10,848 DEBUG modssc.transductive.methods.gnn.common common.py:380: train_fullbatch epoch=29 val_loss=0.4418 bad_epochs=5/50
2026-02-02 17:02:10,851 DEBUG modssc.transductive.methods.gnn.common common.py:380: train_fullbatch epoch=30 val_loss=0.4466 bad_epochs=6/50
2026-02-02 17:02:10,853 DEBUG modssc.transductive.methods.gnn.common common.py:380: train_fullbatch epoch=31 val_loss=0.4441 bad_epochs=7/50
2026-02-02 17:02:10,856 DEBUG modssc.transductive.methods.gnn.common common.py:380: train_fullbatch epoch=32 val_loss=0.4360 bad_epochs=8/50
2026-02-02 17:02:10,859 DEBUG modssc.transductive.methods.gnn.common common.py:380: train_fullbatch epoch=33 val_loss=0.4223 bad_epochs=9/50
2026-02-02 17:02:10,862 DEBUG modssc.transductive.methods.gnn.common common.py:380: train_fullbatch epoch=34 val_loss=0.4065 bad_epochs=10/50
2026-02-02 17:02:10,865 DEBUG modssc.transductive.methods.gnn.common common.py:373: train_fullbatch epoch=35 val_loss=0.3902 best updated
2026-02-02 17:02:10,868 DEBUG modssc.transductive.methods.gnn.common common.py:373: train_fullbatch epoch=36 val_loss=0.3804 best updated
2026-02-02 17:02:10,871 DEBUG modssc.transductive.methods.gnn.common common.py:373: train_fullbatch epoch=37 val_loss=0.3747 best updated
2026-02-02 17:02:10,874 DEBUG modssc.transductive.methods.gnn.common common.py:373: train_fullbatch epoch=38 val_loss=0.3719 best updated
2026-02-02 17:02:10,877 DEBUG modssc.transductive.methods.gnn.common common.py:380: train_fullbatch epoch=39 val_loss=0.3799 bad_epochs=1/50
2026-02-02 17:02:10,880 DEBUG modssc.transductive.methods.gnn.common common.py:380: train_fullbatch epoch=40 val_loss=0.3933 bad_epochs=2/50
2026-02-02 17:02:10,883 DEBUG modssc.transductive.methods.gnn.common common.py:380: train_fullbatch epoch=41 val_loss=0.4140 bad_epochs=3/50
2026-02-02 17:02:10,886 DEBUG modssc.transductive.methods.gnn.common common.py:380: train_fullbatch epoch=42 val_loss=0.4336 bad_epochs=4/50
2026-02-02 17:02:10,889 DEBUG modssc.transductive.methods.gnn.common common.py:380: train_fullbatch epoch=43 val_loss=0.4445 bad_epochs=5/50
2026-02-02 17:02:10,892 DEBUG modssc.transductive.methods.gnn.common common.py:380: train_fullbatch epoch=44 val_loss=0.4412 bad_epochs=6/50
2026-02-02 17:02:10,895 DEBUG modssc.transductive.methods.gnn.common common.py:380: train_fullbatch epoch=45 val_loss=0.4267 bad_epochs=7/50
2026-02-02 17:02:10,898 DEBUG modssc.transductive.methods.gnn.common common.py:380: train_fullbatch epoch=46 val_loss=0.4022 bad_epochs=8/50
2026-02-02 17:02:10,901 DEBUG modssc.transductive.methods.gnn.common common.py:380: train_fullbatch epoch=47 val_loss=0.3756 bad_epochs=9/50
2026-02-02 17:02:10,904 DEBUG modssc.transductive.methods.gnn.common common.py:373: train_fullbatch epoch=48 val_loss=0.3629 best updated
2026-02-02 17:02:10,907 DEBUG modssc.transductive.methods.gnn.common common.py:373: train_fullbatch epoch=49 val_loss=0.3544 best updated
2026-02-02 17:02:10,910 DEBUG modssc.transductive.methods.gnn.common common.py:373: train_fullbatch epoch=50 val_loss=0.3531 best updated
2026-02-02 17:02:10,913 DEBUG modssc.transductive.methods.gnn.common common.py:373: train_fullbatch epoch=51 val_loss=0.3501 best updated
2026-02-02 17:02:10,916 DEBUG modssc.transductive.methods.gnn.common common.py:380: train_fullbatch epoch=52 val_loss=0.3519 bad_epochs=1/50
2026-02-02 17:02:10,919 DEBUG modssc.transductive.methods.gnn.common common.py:380: train_fullbatch epoch=53 val_loss=0.3613 bad_epochs=2/50
2026-02-02 17:02:10,922 DEBUG modssc.transductive.methods.gnn.common common.py:380: train_fullbatch epoch=54 val_loss=0.3757 bad_epochs=3/50
2026-02-02 17:02:10,925 DEBUG modssc.transductive.methods.gnn.common common.py:380: train_fullbatch epoch=55 val_loss=0.3927 bad_epochs=4/50
2026-02-02 17:02:10,928 DEBUG modssc.transductive.methods.gnn.common common.py:380: train_fullbatch epoch=56 val_loss=0.3960 bad_epochs=5/50
2026-02-02 17:02:10,931 DEBUG modssc.transductive.methods.gnn.common common.py:380: train_fullbatch epoch=57 val_loss=0.3887 bad_epochs=6/50
2026-02-02 17:02:10,934 DEBUG modssc.transductive.methods.gnn.common common.py:380: train_fullbatch epoch=58 val_loss=0.3790 bad_epochs=7/50
2026-02-02 17:02:10,937 DEBUG modssc.transductive.methods.gnn.common common.py:380: train_fullbatch epoch=59 val_loss=0.3692 bad_epochs=8/50
2026-02-02 17:02:10,940 DEBUG modssc.transductive.methods.gnn.common common.py:380: train_fullbatch epoch=60 val_loss=0.3632 bad_epochs=9/50
2026-02-02 17:02:10,943 DEBUG modssc.transductive.methods.gnn.common common.py:380: train_fullbatch epoch=61 val_loss=0.3569 bad_epochs=10/50
2026-02-02 17:02:10,946 DEBUG modssc.transductive.methods.gnn.common common.py:380: train_fullbatch epoch=62 val_loss=0.3527 bad_epochs=11/50
2026-02-02 17:02:10,949 DEBUG modssc.transductive.methods.gnn.common common.py:380: train_fullbatch epoch=63 val_loss=0.3561 bad_epochs=12/50
2026-02-02 17:02:10,952 DEBUG modssc.transductive.methods.gnn.common common.py:380: train_fullbatch epoch=64 val_loss=0.3755 bad_epochs=13/50
2026-02-02 17:02:10,955 DEBUG modssc.transductive.methods.gnn.common common.py:380: train_fullbatch epoch=65 val_loss=0.3927 bad_epochs=14/50
2026-02-02 17:02:10,958 DEBUG modssc.transductive.methods.gnn.common common.py:380: train_fullbatch epoch=66 val_loss=0.4008 bad_epochs=15/50
2026-02-02 17:02:10,961 DEBUG modssc.transductive.methods.gnn.common common.py:380: train_fullbatch epoch=67 val_loss=0.3920 bad_epochs=16/50
2026-02-02 17:02:10,963 DEBUG modssc.transductive.methods.gnn.common common.py:380: train_fullbatch epoch=68 val_loss=0.3706 bad_epochs=17/50
2026-02-02 17:02:10,966 DEBUG modssc.transductive.methods.gnn.common common.py:380: train_fullbatch epoch=69 val_loss=0.3593 bad_epochs=18/50
2026-02-02 17:02:10,969 DEBUG modssc.transductive.methods.gnn.common common.py:380: train_fullbatch epoch=70 val_loss=0.3582 bad_epochs=19/50
2026-02-02 17:02:10,972 DEBUG modssc.transductive.methods.gnn.common common.py:380: train_fullbatch epoch=71 val_loss=0.3573 bad_epochs=20/50
2026-02-02 17:02:10,975 DEBUG modssc.transductive.methods.gnn.common common.py:380: train_fullbatch epoch=72 val_loss=0.3695 bad_epochs=21/50
2026-02-02 17:02:10,978 DEBUG modssc.transductive.methods.gnn.common common.py:380: train_fullbatch epoch=73 val_loss=0.3779 bad_epochs=22/50
2026-02-02 17:02:10,981 DEBUG modssc.transductive.methods.gnn.common common.py:380: train_fullbatch epoch=74 val_loss=0.3906 bad_epochs=23/50
2026-02-02 17:02:10,984 DEBUG modssc.transductive.methods.gnn.common common.py:380: train_fullbatch epoch=75 val_loss=0.3982 bad_epochs=24/50
2026-02-02 17:02:10,987 DEBUG modssc.transductive.methods.gnn.common common.py:380: train_fullbatch epoch=76 val_loss=0.4008 bad_epochs=25/50
2026-02-02 17:02:10,990 DEBUG modssc.transductive.methods.gnn.common common.py:380: train_fullbatch epoch=77 val_loss=0.3958 bad_epochs=26/50
2026-02-02 17:02:10,993 DEBUG modssc.transductive.methods.gnn.common common.py:380: train_fullbatch epoch=78 val_loss=0.3839 bad_epochs=27/50
2026-02-02 17:02:10,996 DEBUG modssc.transductive.methods.gnn.common common.py:380: train_fullbatch epoch=79 val_loss=0.3651 bad_epochs=28/50
2026-02-02 17:02:10,999 DEBUG modssc.transductive.methods.gnn.common common.py:373: train_fullbatch epoch=80 val_loss=0.3461 best updated
2026-02-02 17:02:11,002 DEBUG modssc.transductive.methods.gnn.common common.py:373: train_fullbatch epoch=81 val_loss=0.3319 best updated
2026-02-02 17:02:11,005 DEBUG modssc.transductive.methods.gnn.common common.py:373: train_fullbatch epoch=82 val_loss=0.3257 best updated
2026-02-02 17:02:11,008 DEBUG modssc.transductive.methods.gnn.common common.py:380: train_fullbatch epoch=83 val_loss=0.3286 bad_epochs=1/50
2026-02-02 17:02:11,011 DEBUG modssc.transductive.methods.gnn.common common.py:380: train_fullbatch epoch=84 val_loss=0.3397 bad_epochs=2/50
2026-02-02 17:02:11,014 DEBUG modssc.transductive.methods.gnn.common common.py:380: train_fullbatch epoch=85 val_loss=0.3501 bad_epochs=3/50
2026-02-02 17:02:11,017 DEBUG modssc.transductive.methods.gnn.common common.py:380: train_fullbatch epoch=86 val_loss=0.3671 bad_epochs=4/50
2026-02-02 17:02:11,020 DEBUG modssc.transductive.methods.gnn.common common.py:380: train_fullbatch epoch=87 val_loss=0.3909 bad_epochs=5/50
2026-02-02 17:02:11,023 DEBUG modssc.transductive.methods.gnn.common common.py:380: train_fullbatch epoch=88 val_loss=0.4042 bad_epochs=6/50
2026-02-02 17:02:11,026 DEBUG modssc.transductive.methods.gnn.common common.py:380: train_fullbatch epoch=89 val_loss=0.4092 bad_epochs=7/50
2026-02-02 17:02:11,029 DEBUG modssc.transductive.methods.gnn.common common.py:380: train_fullbatch epoch=90 val_loss=0.4009 bad_epochs=8/50
2026-02-02 17:02:11,031 DEBUG modssc.transductive.methods.gnn.common common.py:380: train_fullbatch epoch=91 val_loss=0.3840 bad_epochs=9/50
2026-02-02 17:02:11,034 DEBUG modssc.transductive.methods.gnn.common common.py:380: train_fullbatch epoch=92 val_loss=0.3683 bad_epochs=10/50
2026-02-02 17:02:11,037 DEBUG modssc.transductive.methods.gnn.common common.py:380: train_fullbatch epoch=93 val_loss=0.3539 bad_epochs=11/50
2026-02-02 17:02:11,040 DEBUG modssc.transductive.methods.gnn.common common.py:380: train_fullbatch epoch=94 val_loss=0.3513 bad_epochs=12/50
2026-02-02 17:02:11,043 DEBUG modssc.transductive.methods.gnn.common common.py:380: train_fullbatch epoch=95 val_loss=0.3495 bad_epochs=13/50
2026-02-02 17:02:11,046 DEBUG modssc.transductive.methods.gnn.common common.py:380: train_fullbatch epoch=96 val_loss=0.3527 bad_epochs=14/50
2026-02-02 17:02:11,049 DEBUG modssc.transductive.methods.gnn.common common.py:380: train_fullbatch epoch=97 val_loss=0.3576 bad_epochs=15/50
2026-02-02 17:02:11,052 DEBUG modssc.transductive.methods.gnn.common common.py:380: train_fullbatch epoch=98 val_loss=0.3643 bad_epochs=16/50
2026-02-02 17:02:11,055 DEBUG modssc.transductive.methods.gnn.common common.py:380: train_fullbatch epoch=99 val_loss=0.3647 bad_epochs=17/50
2026-02-02 17:02:11,058 DEBUG modssc.transductive.methods.gnn.common common.py:380: train_fullbatch epoch=100 val_loss=0.3672 bad_epochs=18/50
2026-02-02 17:02:11,061 DEBUG modssc.transductive.methods.gnn.common common.py:380: train_fullbatch epoch=101 val_loss=0.3606 bad_epochs=19/50
2026-02-02 17:02:11,064 DEBUG modssc.transductive.methods.gnn.common common.py:380: train_fullbatch epoch=102 val_loss=0.3509 bad_epochs=20/50
2026-02-02 17:02:11,067 DEBUG modssc.transductive.methods.gnn.common common.py:380: train_fullbatch epoch=103 val_loss=0.3394 bad_epochs=21/50
2026-02-02 17:02:11,070 DEBUG modssc.transductive.methods.gnn.common common.py:380: train_fullbatch epoch=104 val_loss=0.3338 bad_epochs=22/50
2026-02-02 17:02:11,073 DEBUG modssc.transductive.methods.gnn.common common.py:380: train_fullbatch epoch=105 val_loss=0.3350 bad_epochs=23/50
2026-02-02 17:02:11,076 DEBUG modssc.transductive.methods.gnn.common common.py:380: train_fullbatch epoch=106 val_loss=0.3404 bad_epochs=24/50
2026-02-02 17:02:11,079 DEBUG modssc.transductive.methods.gnn.common common.py:380: train_fullbatch epoch=107 val_loss=0.3554 bad_epochs=25/50
2026-02-02 17:02:11,082 DEBUG modssc.transductive.methods.gnn.common common.py:380: train_fullbatch epoch=108 val_loss=0.3702 bad_epochs=26/50
2026-02-02 17:02:11,084 DEBUG modssc.transductive.methods.gnn.common common.py:380: train_fullbatch epoch=109 val_loss=0.3808 bad_epochs=27/50
2026-02-02 17:02:11,087 DEBUG modssc.transductive.methods.gnn.common common.py:380: train_fullbatch epoch=110 val_loss=0.3890 bad_epochs=28/50
2026-02-02 17:02:11,090 DEBUG modssc.transductive.methods.gnn.common common.py:380: train_fullbatch epoch=111 val_loss=0.3965 bad_epochs=29/50
2026-02-02 17:02:11,093 DEBUG modssc.transductive.methods.gnn.common common.py:380: train_fullbatch epoch=112 val_loss=0.3964 bad_epochs=30/50
2026-02-02 17:02:11,096 DEBUG modssc.transductive.methods.gnn.common common.py:380: train_fullbatch epoch=113 val_loss=0.3906 bad_epochs=31/50
2026-02-02 17:02:11,099 DEBUG modssc.transductive.methods.gnn.common common.py:380: train_fullbatch epoch=114 val_loss=0.3858 bad_epochs=32/50
2026-02-02 17:02:11,102 DEBUG modssc.transductive.methods.gnn.common common.py:380: train_fullbatch epoch=115 val_loss=0.3715 bad_epochs=33/50
2026-02-02 17:02:11,105 DEBUG modssc.transductive.methods.gnn.common common.py:380: train_fullbatch epoch=116 val_loss=0.3687 bad_epochs=34/50
2026-02-02 17:02:11,108 DEBUG modssc.transductive.methods.gnn.common common.py:380: train_fullbatch epoch=117 val_loss=0.3718 bad_epochs=35/50
2026-02-02 17:02:11,111 DEBUG modssc.transductive.methods.gnn.common common.py:380: train_fullbatch epoch=118 val_loss=0.3733 bad_epochs=36/50
2026-02-02 17:02:11,114 DEBUG modssc.transductive.methods.gnn.common common.py:380: train_fullbatch epoch=119 val_loss=0.3626 bad_epochs=37/50
2026-02-02 17:02:11,117 DEBUG modssc.transductive.methods.gnn.common common.py:380: train_fullbatch epoch=120 val_loss=0.3512 bad_epochs=38/50
2026-02-02 17:02:11,120 DEBUG modssc.transductive.methods.gnn.common common.py:380: train_fullbatch epoch=121 val_loss=0.3396 bad_epochs=39/50
2026-02-02 17:02:11,123 DEBUG modssc.transductive.methods.gnn.common common.py:380: train_fullbatch epoch=122 val_loss=0.3495 bad_epochs=40/50
2026-02-02 17:02:11,126 DEBUG modssc.transductive.methods.gnn.common common.py:380: train_fullbatch epoch=123 val_loss=0.3607 bad_epochs=41/50
2026-02-02 17:02:11,129 DEBUG modssc.transductive.methods.gnn.common common.py:380: train_fullbatch epoch=124 val_loss=0.3649 bad_epochs=42/50
2026-02-02 17:02:11,132 DEBUG modssc.transductive.methods.gnn.common common.py:380: train_fullbatch epoch=125 val_loss=0.3640 bad_epochs=43/50
2026-02-02 17:02:11,135 DEBUG modssc.transductive.methods.gnn.common common.py:380: train_fullbatch epoch=126 val_loss=0.3463 bad_epochs=44/50
2026-02-02 17:02:11,138 DEBUG modssc.transductive.methods.gnn.common common.py:380: train_fullbatch epoch=127 val_loss=0.3363 bad_epochs=45/50
2026-02-02 17:02:11,141 DEBUG modssc.transductive.methods.gnn.common common.py:380: train_fullbatch epoch=128 val_loss=0.3257 bad_epochs=46/50
2026-02-02 17:02:11,144 DEBUG modssc.transductive.methods.gnn.common common.py:373: train_fullbatch epoch=129 val_loss=0.3045 best updated
2026-02-02 17:02:11,147 DEBUG modssc.transductive.methods.gnn.common common.py:373: train_fullbatch epoch=130 val_loss=0.2857 best updated
2026-02-02 17:02:11,150 DEBUG modssc.transductive.methods.gnn.common common.py:373: train_fullbatch epoch=131 val_loss=0.2836 best updated
2026-02-02 17:02:11,153 DEBUG modssc.transductive.methods.gnn.common common.py:380: train_fullbatch epoch=132 val_loss=0.2997 bad_epochs=1/50
2026-02-02 17:02:11,156 DEBUG modssc.transductive.methods.gnn.common common.py:380: train_fullbatch epoch=133 val_loss=0.3253 bad_epochs=2/50
2026-02-02 17:02:11,159 DEBUG modssc.transductive.methods.gnn.common common.py:380: train_fullbatch epoch=134 val_loss=0.3571 bad_epochs=3/50
2026-02-02 17:02:11,162 DEBUG modssc.transductive.methods.gnn.common common.py:380: train_fullbatch epoch=135 val_loss=0.3832 bad_epochs=4/50
2026-02-02 17:02:11,165 DEBUG modssc.transductive.methods.gnn.common common.py:380: train_fullbatch epoch=136 val_loss=0.4034 bad_epochs=5/50
2026-02-02 17:02:11,167 DEBUG modssc.transductive.methods.gnn.common common.py:380: train_fullbatch epoch=137 val_loss=0.4145 bad_epochs=6/50
2026-02-02 17:02:11,170 DEBUG modssc.transductive.methods.gnn.common common.py:380: train_fullbatch epoch=138 val_loss=0.4105 bad_epochs=7/50
2026-02-02 17:02:11,173 DEBUG modssc.transductive.methods.gnn.common common.py:380: train_fullbatch epoch=139 val_loss=0.3940 bad_epochs=8/50
2026-02-02 17:02:11,176 DEBUG modssc.transductive.methods.gnn.common common.py:380: train_fullbatch epoch=140 val_loss=0.3784 bad_epochs=9/50
2026-02-02 17:02:11,179 DEBUG modssc.transductive.methods.gnn.common common.py:380: train_fullbatch epoch=141 val_loss=0.3600 bad_epochs=10/50
2026-02-02 17:02:11,182 DEBUG modssc.transductive.methods.gnn.common common.py:380: train_fullbatch epoch=142 val_loss=0.3525 bad_epochs=11/50
2026-02-02 17:02:11,185 DEBUG modssc.transductive.methods.gnn.common common.py:380: train_fullbatch epoch=143 val_loss=0.3575 bad_epochs=12/50
2026-02-02 17:02:11,188 DEBUG modssc.transductive.methods.gnn.common common.py:380: train_fullbatch epoch=144 val_loss=0.3637 bad_epochs=13/50
2026-02-02 17:02:11,191 DEBUG modssc.transductive.methods.gnn.common common.py:380: train_fullbatch epoch=145 val_loss=0.3906 bad_epochs=14/50
2026-02-02 17:02:11,194 DEBUG modssc.transductive.methods.gnn.common common.py:380: train_fullbatch epoch=146 val_loss=0.4188 bad_epochs=15/50
2026-02-02 17:02:11,197 DEBUG modssc.transductive.methods.gnn.common common.py:380: train_fullbatch epoch=147 val_loss=0.4665 bad_epochs=16/50
2026-02-02 17:02:11,200 DEBUG modssc.transductive.methods.gnn.common common.py:380: train_fullbatch epoch=148 val_loss=0.4950 bad_epochs=17/50
2026-02-02 17:02:11,203 DEBUG modssc.transductive.methods.gnn.common common.py:380: train_fullbatch epoch=149 val_loss=0.4944 bad_epochs=18/50
2026-02-02 17:02:11,206 DEBUG modssc.transductive.methods.gnn.common common.py:380: train_fullbatch epoch=150 val_loss=0.4751 bad_epochs=19/50
2026-02-02 17:02:11,209 DEBUG modssc.transductive.methods.gnn.common common.py:380: train_fullbatch epoch=151 val_loss=0.4500 bad_epochs=20/50
2026-02-02 17:02:11,212 DEBUG modssc.transductive.methods.gnn.common common.py:380: train_fullbatch epoch=152 val_loss=0.4356 bad_epochs=21/50
2026-02-02 17:02:11,215 DEBUG modssc.transductive.methods.gnn.common common.py:380: train_fullbatch epoch=153 val_loss=0.4211 bad_epochs=22/50
2026-02-02 17:02:11,218 DEBUG modssc.transductive.methods.gnn.common common.py:380: train_fullbatch epoch=154 val_loss=0.4046 bad_epochs=23/50
2026-02-02 17:02:11,221 DEBUG modssc.transductive.methods.gnn.common common.py:380: train_fullbatch epoch=155 val_loss=0.3970 bad_epochs=24/50
2026-02-02 17:02:11,224 DEBUG modssc.transductive.methods.gnn.common common.py:380: train_fullbatch epoch=156 val_loss=0.3916 bad_epochs=25/50
2026-02-02 17:02:11,227 DEBUG modssc.transductive.methods.gnn.common common.py:380: train_fullbatch epoch=157 val_loss=0.4102 bad_epochs=26/50
2026-02-02 17:02:11,230 DEBUG modssc.transductive.methods.gnn.common common.py:380: train_fullbatch epoch=158 val_loss=0.4286 bad_epochs=27/50
2026-02-02 17:02:11,233 DEBUG modssc.transductive.methods.gnn.common common.py:380: train_fullbatch epoch=159 val_loss=0.4348 bad_epochs=28/50
2026-02-02 17:02:11,235 DEBUG modssc.transductive.methods.gnn.common common.py:380: train_fullbatch epoch=160 val_loss=0.4492 bad_epochs=29/50
2026-02-02 17:02:11,238 DEBUG modssc.transductive.methods.gnn.common common.py:380: train_fullbatch epoch=161 val_loss=0.4396 bad_epochs=30/50
2026-02-02 17:02:11,241 DEBUG modssc.transductive.methods.gnn.common common.py:380: train_fullbatch epoch=162 val_loss=0.4117 bad_epochs=31/50
2026-02-02 17:02:11,244 DEBUG modssc.transductive.methods.gnn.common common.py:380: train_fullbatch epoch=163 val_loss=0.3893 bad_epochs=32/50
2026-02-02 17:02:11,247 DEBUG modssc.transductive.methods.gnn.common common.py:380: train_fullbatch epoch=164 val_loss=0.3818 bad_epochs=33/50
2026-02-02 17:02:11,250 DEBUG modssc.transductive.methods.gnn.common common.py:380: train_fullbatch epoch=165 val_loss=0.3799 bad_epochs=34/50
2026-02-02 17:02:11,253 DEBUG modssc.transductive.methods.gnn.common common.py:380: train_fullbatch epoch=166 val_loss=0.3718 bad_epochs=35/50
2026-02-02 17:02:11,256 DEBUG modssc.transductive.methods.gnn.common common.py:380: train_fullbatch epoch=167 val_loss=0.3861 bad_epochs=36/50
2026-02-02 17:02:11,259 DEBUG modssc.transductive.methods.gnn.common common.py:380: train_fullbatch epoch=168 val_loss=0.3864 bad_epochs=37/50
2026-02-02 17:02:11,262 DEBUG modssc.transductive.methods.gnn.common common.py:380: train_fullbatch epoch=169 val_loss=0.3918 bad_epochs=38/50
2026-02-02 17:02:11,265 DEBUG modssc.transductive.methods.gnn.common common.py:380: train_fullbatch epoch=170 val_loss=0.3885 bad_epochs=39/50
2026-02-02 17:02:11,268 DEBUG modssc.transductive.methods.gnn.common common.py:380: train_fullbatch epoch=171 val_loss=0.3759 bad_epochs=40/50
2026-02-02 17:02:11,271 DEBUG modssc.transductive.methods.gnn.common common.py:380: train_fullbatch epoch=172 val_loss=0.3694 bad_epochs=41/50
2026-02-02 17:02:11,274 DEBUG modssc.transductive.methods.gnn.common common.py:380: train_fullbatch epoch=173 val_loss=0.3585 bad_epochs=42/50
2026-02-02 17:02:11,277 DEBUG modssc.transductive.methods.gnn.common common.py:380: train_fullbatch epoch=174 val_loss=0.3680 bad_epochs=43/50
2026-02-02 17:02:11,280 DEBUG modssc.transductive.methods.gnn.common common.py:380: train_fullbatch epoch=175 val_loss=0.3809 bad_epochs=44/50
2026-02-02 17:02:11,283 DEBUG modssc.transductive.methods.gnn.common common.py:380: train_fullbatch epoch=176 val_loss=0.3914 bad_epochs=45/50
2026-02-02 17:02:11,286 DEBUG modssc.transductive.methods.gnn.common common.py:380: train_fullbatch epoch=177 val_loss=0.3968 bad_epochs=46/50
2026-02-02 17:02:11,289 DEBUG modssc.transductive.methods.gnn.common common.py:380: train_fullbatch epoch=178 val_loss=0.3984 bad_epochs=47/50
2026-02-02 17:02:11,292 DEBUG modssc.transductive.methods.gnn.common common.py:380: train_fullbatch epoch=179 val_loss=0.3936 bad_epochs=48/50
2026-02-02 17:02:11,295 DEBUG modssc.transductive.methods.gnn.common common.py:380: train_fullbatch epoch=180 val_loss=0.3869 bad_epochs=49/50
2026-02-02 17:02:11,298 DEBUG modssc.transductive.methods.gnn.common common.py:380: train_fullbatch epoch=181 val_loss=0.3781 bad_epochs=50/50
2026-02-02 17:02:11,298 DEBUG modssc.transductive.methods.gnn.common common.py:388: train_fullbatch early_stop epoch=181 best_epoch=131 best_val_loss=0.2836
2026-02-02 17:02:11,298 DEBUG modssc.transductive.methods.gnn.common common.py:399: train_fullbatch done n_epochs=182 best_epoch=131 best_val_loss=0.2835994064807892
2026-02-02 17:02:11,298 INFO modssc.transductive.methods.gnn.appnp appnp.py:141: Finished appnp.fit in 1.665s
2026-02-02 17:02:11,298 INFO bench.orchestrators.method_transductive method_transductive.py:218: Transductive method done: id=appnp duration_s=1.666
2026-02-02 17:02:11,298 INFO bench.orchestrators.evaluation evaluation.py:244: Evaluation (transductive): splits=['val', 'test'] metrics=['accuracy', 'macro_f1']
2026-02-02 17:02:11,300 INFO bench.orchestrators.evaluation evaluation.py:263: Evaluation (transductive) done: duration_s=0.002
2026-02-02 17:02:11,302 INFO bench.orchestrators.reporting reporting.py:54: Run summary written: /nfs/home/mbarbaux/ModSSC/runs/transductive/appnp/tabular/iris/best_tabular_transductive_appnp_iris-20260202T160209Z/run.json status=success duration_s=0.002
