2026-02-02 16:56:44,183 INFO bench.orchestrators.dataset dataset.py:36: Dataset start: id=breast_cancer download=True cache_dir=None
2026-02-02 16:56:44,183 DEBUG bench.orchestrators.dataset dataset.py:42: Dataset options: []
2026-02-02 16:56:44,187 DEBUG modssc.data_loader.providers __init__.py:38: Creating provider: openml
2026-02-02 16:56:44,187 DEBUG modssc.data_loader.api api.py:316: Resolved dataset id=breast_cancer provider=openml canonical_uri=openml:15
2026-02-02 16:56:44,187 INFO modssc.data_loader.api api.py:117: Dataset load: id=breast_cancer provider=openml version=None fingerprint=6dece738ab3dfc5f1500b389918a8723dfd218d54ba657c31846dda9cfbbc81f download=True force=False cache_dir=/nfs/home/mbarbaux/ModSSC/cache/datasets
2026-02-02 16:56:44,187 DEBUG modssc.data_loader.api api.py:127: Dataset resolved_kwargs: {'data_id': 15, 'name': None, 'version': None, 'as_frame': False, 'target_column': None, 'class_filter': None, 'max_samples': None, 'seed': None}
2026-02-02 16:56:44,189 DEBUG modssc.data_loader.api api.py:403: Loaded cached dataset: fingerprint=6dece738ab3dfc5f1500b389918a8723dfd218d54ba657c31846dda9cfbbc81f
2026-02-02 16:56:44,195 INFO modssc.data_loader.api api.py:133: Dataset cached: id=breast_cancer train=699 test=None n_classes=2 duration_s=0.012
2026-02-02 16:56:44,195 INFO bench.orchestrators.dataset dataset.py:54: Dataset loaded: train=699 test=None graph=False fingerprint=6dece738ab3dfc5f1500b389918a8723dfd218d54ba657c31846dda9cfbbc81f provider=openml
2026-02-02 16:56:44,195 INFO bench.orchestrators.dataset dataset.py:62: Dataset stage done: duration_s=0.012
2026-02-02 16:56:44,250 INFO bench.orchestrators.sampling sampling.py:86: Sampling start: seed=1 dataset_id=breast_cancer
2026-02-02 16:56:44,250 DEBUG bench.orchestrators.sampling sampling.py:87: Sampling plan: split={'kind': 'holdout', 'test_fraction': 0.2, 'val_fraction': 0.1, 'stratify': True, 'shuffle': True} labeling={'mode': 'fraction', 'value': 0.2, 'per_class': False, 'min_per_class': 1, 'strategy': 'balanced', 'fixed_indices': None} imbalance={'kind': 'none', 'apply_to': 'train', 'max_per_class': None, 'alpha': None, 'min_per_class': 1} policy={'respect_official_test': True, 'use_official_graph_masks': True, 'allow_override_official': False}
2026-02-02 16:56:44,250 DEBUG bench.orchestrators.sampling sampling.py:98: Sampling dataset_fingerprint=6dece738ab3dfc5f1500b389918a8723dfd218d54ba657c31846dda9cfbbc81f
2026-02-02 16:56:44,250 INFO modssc.sampling.api api.py:99: Sampling start: dataset_id=breast_cancer dataset_fingerprint=6dece738ab3dfc5f1500b389918a8723dfd218d54ba657c31846dda9cfbbc81f seed=1 graph=False split=holdout
2026-02-02 16:56:44,250 DEBUG modssc.sampling.api api.py:107: Sampling plan: {'split': {'kind': 'holdout', 'test_fraction': 0.2, 'val_fraction': 0.1, 'stratify': True, 'shuffle': True}, 'labeling': {'mode': 'fraction', 'value': 0.2, 'per_class': False, 'min_per_class': 1, 'strategy': 'balanced', 'fixed_indices': None}, 'imbalance': {'kind': 'none', 'apply_to': 'train', 'max_per_class': None, 'alpha': None, 'min_per_class': 1}, 'policy': {'respect_official_test': True, 'use_official_graph_masks': True, 'allow_override_official': False}}
2026-02-02 16:56:44,260 INFO modssc.sampling.api api.py:141: Sampling done: train=503 val=56 test=140 labeled=101 unlabeled=402 duration_s=0.010
2026-02-02 16:56:44,260 DEBUG modssc.sampling.api api.py:150: Sampling stats: {'policy': {'respect_official_test': True, 'has_official_test': False, 'test_ref': 'train'}, 'train': {'n': 503, 'classes': {'benign': 329, 'malignant': 174}}, 'val': {'n': 56, 'classes': {'benign': 37, 'malignant': 19}}, 'train_labeled': {'n': 101, 'classes': {'benign': 51, 'malignant': 50}}, 'train_unlabeled': {'n': 402}, 'test': {'n': 140, 'classes': {'benign': 92, 'malignant': 48}}}
2026-02-02 16:56:44,260 INFO bench.orchestrators.sampling sampling.py:123: Sampling result: train=503 val=56 test=140 labeled=101 unlabeled=402 graph=False
2026-02-02 16:56:44,260 DEBUG bench.orchestrators.sampling sampling.py:132: Sampling stats: {'policy': {'respect_official_test': True, 'has_official_test': False, 'test_ref': 'train'}, 'train': {'n': 503, 'classes': {'benign': 329, 'malignant': 174}}, 'val': {'n': 56, 'classes': {'benign': 37, 'malignant': 19}}, 'train_labeled': {'n': 101, 'classes': {'benign': 51, 'malignant': 50}}, 'train_unlabeled': {'n': 402}, 'test': {'n': 140, 'classes': {'benign': 92, 'malignant': 48}}}
2026-02-02 16:56:44,261 INFO bench.orchestrators.sampling sampling.py:133: Sampling stage done: duration_s=0.011
2026-02-02 16:56:44,261 INFO bench.orchestrators.preprocess preprocess.py:105: Preprocess start: seed=1 cache=True n_steps=6 fit_indices=101
2026-02-02 16:56:44,261 DEBUG bench.orchestrators.preprocess preprocess.py:112: Preprocess plan: output_key=features.X steps=['labels.encode', 'labels.to_torch', 'core.ensure_2d', 'tabular.impute', 'tabular.standard_scaler', 'core.to_torch']
2026-02-02 16:56:44,261 INFO modssc.preprocess.api api.py:490: Preprocess start: dataset_fp=6dece738ab3dfc5f1500b389918a8723dfd218d54ba657c31846dda9cfbbc81f steps=['labels.encode', 'labels.to_torch', 'core.ensure_2d', 'tabular.impute', 'tabular.standard_scaler', 'core.to_torch'] output_key=features.X seed=1 cache=True
2026-02-02 16:56:44,261 DEBUG modssc.preprocess.api api.py:498: Preprocess input shapes: train_X=(699, 9) train_y=(699,) test_X=None test_y=None
2026-02-02 16:56:44,261 INFO modssc.preprocess.api api.py:505: Preprocess input size: train_data=54.6 KB test_data=n/a
2026-02-02 16:56:44,261 DEBUG modssc.preprocess.api api.py:521: Preprocess step start: id=labels.encode index=0 kind=transform params={}
2026-02-02 16:56:44,265 DEBUG modssc.preprocess.api api.py:605: Preprocess step train outputs: id=labels.encode keys=['labels.classes', 'labels.y'] duration_s=0.004
2026-02-02 16:56:44,265 INFO modssc.preprocess.api api.py:679: Preprocess step done: id=labels.encode index=0 duration_s=0.004 train_data=54.6 KB test_data=n/a
2026-02-02 16:56:44,265 DEBUG modssc.preprocess.api api.py:521: Preprocess step start: id=labels.to_torch index=1 kind=transform params={'device': 'auto', 'dtype': 'int64'}
2026-02-02 16:56:44,370 DEBUG modssc.preprocess.api api.py:605: Preprocess step train outputs: id=labels.to_torch keys=['labels.y'] duration_s=0.104
2026-02-02 16:56:44,370 INFO modssc.preprocess.api api.py:267: Preprocess GPU device: device=cuda:0 model=NVIDIA L40
2026-02-02 16:56:44,370 INFO modssc.preprocess.api api.py:679: Preprocess step done: id=labels.to_torch index=1 duration_s=0.105 train_data=54.6 KB test_data=n/a
2026-02-02 16:56:44,370 DEBUG modssc.preprocess.api api.py:521: Preprocess step start: id=core.ensure_2d index=2 kind=transform params={}
2026-02-02 16:56:44,373 DEBUG modssc.preprocess.api api.py:605: Preprocess step train outputs: id=core.ensure_2d keys=['features.X'] duration_s=0.003
2026-02-02 16:56:44,373 INFO modssc.preprocess.api api.py:679: Preprocess step done: id=core.ensure_2d index=2 duration_s=0.003 train_data=54.6 KB test_data=n/a
2026-02-02 16:56:44,373 DEBUG modssc.preprocess.api api.py:521: Preprocess step start: id=tabular.impute index=3 kind=fittable params={}
2026-02-02 16:56:45,489 DEBUG modssc.preprocess.api api.py:605: Preprocess step train outputs: id=tabular.impute keys=['features.X'] duration_s=1.115
2026-02-02 16:56:45,489 INFO modssc.preprocess.api api.py:679: Preprocess step done: id=tabular.impute index=3 duration_s=1.115 train_data=54.6 KB test_data=n/a
2026-02-02 16:56:45,489 DEBUG modssc.preprocess.api api.py:521: Preprocess step start: id=tabular.standard_scaler index=4 kind=fittable params={}
2026-02-02 16:56:45,491 DEBUG modssc.preprocess.api api.py:605: Preprocess step train outputs: id=tabular.standard_scaler keys=['features.X'] duration_s=0.002
2026-02-02 16:56:45,491 INFO modssc.preprocess.api api.py:679: Preprocess step done: id=tabular.standard_scaler index=4 duration_s=0.002 train_data=30.0 KB test_data=n/a
2026-02-02 16:56:45,491 DEBUG modssc.preprocess.api api.py:521: Preprocess step start: id=core.to_torch index=5 kind=transform params={'device': 'auto', 'dtype': 'float32'}
2026-02-02 16:56:45,494 DEBUG modssc.preprocess.api api.py:605: Preprocess step train outputs: id=core.to_torch keys=['features.X'] duration_s=0.002
2026-02-02 16:56:45,494 INFO modssc.preprocess.api api.py:679: Preprocess step done: id=core.to_torch index=5 duration_s=0.002 train_data=30.0 KB test_data=n/a
2026-02-02 16:56:45,494 INFO modssc.preprocess.api api.py:730: Preprocess done: dataset_fp=6dece738ab3dfc5f1500b389918a8723dfd218d54ba657c31846dda9cfbbc81f duration_s=1.233 train_X=(699, 9) test_X=None
2026-02-02 16:56:45,494 INFO bench.orchestrators.preprocess preprocess.py:124: Preprocess result: fingerprint=preprocess:e8e31b503533acb1dd05d9db0c55e174d3debbf7553704fffeddcdd394c40699 plan_fingerprint=resolved_plan:2fd28781de548db14dc25cb730c4a58beda13172ed36f45b2cc1411caf334e69 cache_dir=/nfs/home/mbarbaux/ModSSC/cache/preprocess/6dece738ab3dfc5f1500b389918a8723dfd218d54ba657c31846dda9cfbbc81f skipped=[]
2026-02-02 16:56:45,494 DEBUG bench.orchestrators.preprocess preprocess.py:131: Preprocess output shapes: train_X=(699, 9) test_X=None
2026-02-02 16:56:45,494 INFO bench.orchestrators.preprocess preprocess.py:136: Preprocess stage done: duration_s=1.233
2026-02-02 16:56:45,509 INFO bench.orchestrators.augmentation augmentation.py:66: Augmentation start: mode=fixed modality=tabular seed=1 n_samples=402 strong_views=1
2026-02-02 16:56:45,509 DEBUG bench.orchestrators.augmentation augmentation.py:74: Augmentation steps: weak=['tabular.gaussian_noise'] strong=['tabular.swap_noise']
2026-02-02 16:56:45,595 INFO bench.orchestrators.augmentation augmentation.py:191: Augmentation done: duration_s=0.086
2026-02-02 16:56:45,595 DEBUG bench.orchestrators.augmentation augmentation.py:192: Augmentation output shapes: weak=(402, 9) strong=(402, 9) strong_1=None
2026-02-02 16:56:45,595 INFO bench.orchestrators.method_inductive method_inductive.py:441: Inductive method start: id=mean_teacher seed=398591604 device=auto dtype=float32 model=mlp
2026-02-02 16:56:45,595 DEBUG bench.orchestrators.method_inductive method_inductive.py:470: Inductive method params: {'lambda_u': 1.0, 'unsup_warm_up': 0.4, 'batch_size': 128, 'max_epochs': 50, 'ema_decay': 0.999, 'freeze_bn': True, 'detach_target': True}
2026-02-02 16:56:45,596 INFO bench.orchestrators.method_inductive method_inductive.py:476: Inductive method data: n_labeled=101 n_unlabeled=402
2026-02-02 16:56:46,478 INFO modssc.inductive.methods.mean_teacher mean_teacher.py:95: Starting mean_teacher.fit
2026-02-02 16:56:46,478 DEBUG modssc.inductive.methods.mean_teacher mean_teacher.py:96: params lambda_u=1.0 unsup_warm_up=0.4 batch_size=128 max_epochs=50 ema_decay=0.999 freeze_bn=True detach_target=True has_model_bundle=True device=DeviceSpec(device='auto', dtype='float32') seed=398591604
2026-02-02 16:56:46,478 INFO modssc.inductive.methods.mean_teacher mean_teacher.py:127: Mean Teacher sizes: n_labeled=101 n_unlabeled=402
2026-02-02 16:56:46,570 DEBUG modssc.inductive.methods.mean_teacher mean_teacher.py:233: MeanTeacher epoch=0 warm=0.000 sup_loss=0.7134 unsup_loss=0.0006 ema_decay=0.999
2026-02-02 16:56:46,620 DEBUG modssc.inductive.methods.mean_teacher mean_teacher.py:233: MeanTeacher epoch=1 warm=0.050 sup_loss=0.3245 unsup_loss=0.0562 ema_decay=0.999
2026-02-02 16:56:46,626 DEBUG modssc.inductive.methods.mean_teacher mean_teacher.py:233: MeanTeacher epoch=2 warm=0.100 sup_loss=0.1740 unsup_loss=0.1493 ema_decay=0.999
2026-02-02 16:56:46,632 DEBUG modssc.inductive.methods.mean_teacher mean_teacher.py:233: MeanTeacher epoch=3 warm=0.150 sup_loss=0.1396 unsup_loss=0.1880 ema_decay=0.999
2026-02-02 16:56:46,639 DEBUG modssc.inductive.methods.mean_teacher mean_teacher.py:233: MeanTeacher epoch=4 warm=0.200 sup_loss=0.1268 unsup_loss=0.2024 ema_decay=0.999
2026-02-02 16:56:46,645 DEBUG modssc.inductive.methods.mean_teacher mean_teacher.py:233: MeanTeacher epoch=5 warm=0.250 sup_loss=0.1200 unsup_loss=0.1876 ema_decay=0.999
2026-02-02 16:56:46,651 DEBUG modssc.inductive.methods.mean_teacher mean_teacher.py:233: MeanTeacher epoch=6 warm=0.300 sup_loss=0.1065 unsup_loss=0.1898 ema_decay=0.999
2026-02-02 16:56:46,657 DEBUG modssc.inductive.methods.mean_teacher mean_teacher.py:233: MeanTeacher epoch=7 warm=0.350 sup_loss=0.0917 unsup_loss=0.1805 ema_decay=0.999
2026-02-02 16:56:46,663 DEBUG modssc.inductive.methods.mean_teacher mean_teacher.py:233: MeanTeacher epoch=8 warm=0.400 sup_loss=0.0780 unsup_loss=0.1803 ema_decay=0.999
2026-02-02 16:56:46,669 DEBUG modssc.inductive.methods.mean_teacher mean_teacher.py:233: MeanTeacher epoch=9 warm=0.450 sup_loss=0.0624 unsup_loss=0.1844 ema_decay=0.999
2026-02-02 16:56:46,675 DEBUG modssc.inductive.methods.mean_teacher mean_teacher.py:233: MeanTeacher epoch=10 warm=0.500 sup_loss=0.0568 unsup_loss=0.1832 ema_decay=0.999
2026-02-02 16:56:46,681 DEBUG modssc.inductive.methods.mean_teacher mean_teacher.py:233: MeanTeacher epoch=11 warm=0.550 sup_loss=0.0523 unsup_loss=0.1737 ema_decay=0.999
2026-02-02 16:56:46,687 DEBUG modssc.inductive.methods.mean_teacher mean_teacher.py:233: MeanTeacher epoch=12 warm=0.600 sup_loss=0.0421 unsup_loss=0.1725 ema_decay=0.999
2026-02-02 16:56:46,693 DEBUG modssc.inductive.methods.mean_teacher mean_teacher.py:233: MeanTeacher epoch=13 warm=0.650 sup_loss=0.0357 unsup_loss=0.1681 ema_decay=0.999
2026-02-02 16:56:46,700 DEBUG modssc.inductive.methods.mean_teacher mean_teacher.py:233: MeanTeacher epoch=14 warm=0.700 sup_loss=0.0342 unsup_loss=0.1716 ema_decay=0.999
2026-02-02 16:56:46,706 DEBUG modssc.inductive.methods.mean_teacher mean_teacher.py:233: MeanTeacher epoch=15 warm=0.750 sup_loss=0.0269 unsup_loss=0.1744 ema_decay=0.999
2026-02-02 16:56:46,712 DEBUG modssc.inductive.methods.mean_teacher mean_teacher.py:233: MeanTeacher epoch=16 warm=0.800 sup_loss=0.0254 unsup_loss=0.1762 ema_decay=0.999
2026-02-02 16:56:46,718 DEBUG modssc.inductive.methods.mean_teacher mean_teacher.py:233: MeanTeacher epoch=17 warm=0.850 sup_loss=0.0263 unsup_loss=0.1689 ema_decay=0.999
2026-02-02 16:56:46,724 DEBUG modssc.inductive.methods.mean_teacher mean_teacher.py:233: MeanTeacher epoch=18 warm=0.900 sup_loss=0.0205 unsup_loss=0.1698 ema_decay=0.999
2026-02-02 16:56:46,730 DEBUG modssc.inductive.methods.mean_teacher mean_teacher.py:233: MeanTeacher epoch=19 warm=0.950 sup_loss=0.0243 unsup_loss=0.1695 ema_decay=0.999
2026-02-02 16:56:46,736 DEBUG modssc.inductive.methods.mean_teacher mean_teacher.py:233: MeanTeacher epoch=20 warm=1.000 sup_loss=0.0201 unsup_loss=0.1633 ema_decay=0.999
2026-02-02 16:56:46,742 DEBUG modssc.inductive.methods.mean_teacher mean_teacher.py:233: MeanTeacher epoch=21 warm=1.000 sup_loss=0.0185 unsup_loss=0.1558 ema_decay=0.999
2026-02-02 16:56:46,748 DEBUG modssc.inductive.methods.mean_teacher mean_teacher.py:233: MeanTeacher epoch=22 warm=1.000 sup_loss=0.0195 unsup_loss=0.1548 ema_decay=0.999
2026-02-02 16:56:46,754 DEBUG modssc.inductive.methods.mean_teacher mean_teacher.py:233: MeanTeacher epoch=23 warm=1.000 sup_loss=0.0240 unsup_loss=0.1523 ema_decay=0.999
2026-02-02 16:56:46,760 DEBUG modssc.inductive.methods.mean_teacher mean_teacher.py:233: MeanTeacher epoch=24 warm=1.000 sup_loss=0.0192 unsup_loss=0.1471 ema_decay=0.999
2026-02-02 16:56:46,766 DEBUG modssc.inductive.methods.mean_teacher mean_teacher.py:233: MeanTeacher epoch=25 warm=1.000 sup_loss=0.0184 unsup_loss=0.1463 ema_decay=0.999
2026-02-02 16:56:46,773 DEBUG modssc.inductive.methods.mean_teacher mean_teacher.py:233: MeanTeacher epoch=26 warm=1.000 sup_loss=0.0207 unsup_loss=0.1412 ema_decay=0.999
2026-02-02 16:56:46,779 DEBUG modssc.inductive.methods.mean_teacher mean_teacher.py:233: MeanTeacher epoch=27 warm=1.000 sup_loss=0.0252 unsup_loss=0.1228 ema_decay=0.999
2026-02-02 16:56:46,785 DEBUG modssc.inductive.methods.mean_teacher mean_teacher.py:233: MeanTeacher epoch=28 warm=1.000 sup_loss=0.0192 unsup_loss=0.1345 ema_decay=0.999
2026-02-02 16:56:46,791 DEBUG modssc.inductive.methods.mean_teacher mean_teacher.py:233: MeanTeacher epoch=29 warm=1.000 sup_loss=0.0209 unsup_loss=0.1304 ema_decay=0.999
2026-02-02 16:56:46,797 DEBUG modssc.inductive.methods.mean_teacher mean_teacher.py:233: MeanTeacher epoch=30 warm=1.000 sup_loss=0.0233 unsup_loss=0.1262 ema_decay=0.999
2026-02-02 16:56:46,803 DEBUG modssc.inductive.methods.mean_teacher mean_teacher.py:233: MeanTeacher epoch=31 warm=1.000 sup_loss=0.0210 unsup_loss=0.1319 ema_decay=0.999
2026-02-02 16:56:46,809 DEBUG modssc.inductive.methods.mean_teacher mean_teacher.py:233: MeanTeacher epoch=32 warm=1.000 sup_loss=0.0210 unsup_loss=0.1240 ema_decay=0.999
2026-02-02 16:56:46,815 DEBUG modssc.inductive.methods.mean_teacher mean_teacher.py:233: MeanTeacher epoch=33 warm=1.000 sup_loss=0.0180 unsup_loss=0.1207 ema_decay=0.999
2026-02-02 16:56:46,821 DEBUG modssc.inductive.methods.mean_teacher mean_teacher.py:233: MeanTeacher epoch=34 warm=1.000 sup_loss=0.0166 unsup_loss=0.1158 ema_decay=0.999
2026-02-02 16:56:46,827 DEBUG modssc.inductive.methods.mean_teacher mean_teacher.py:233: MeanTeacher epoch=35 warm=1.000 sup_loss=0.0221 unsup_loss=0.1189 ema_decay=0.999
2026-02-02 16:56:46,833 DEBUG modssc.inductive.methods.mean_teacher mean_teacher.py:233: MeanTeacher epoch=36 warm=1.000 sup_loss=0.0192 unsup_loss=0.1172 ema_decay=0.999
2026-02-02 16:56:46,839 DEBUG modssc.inductive.methods.mean_teacher mean_teacher.py:233: MeanTeacher epoch=37 warm=1.000 sup_loss=0.0158 unsup_loss=0.1049 ema_decay=0.999
2026-02-02 16:56:46,846 DEBUG modssc.inductive.methods.mean_teacher mean_teacher.py:233: MeanTeacher epoch=38 warm=1.000 sup_loss=0.0174 unsup_loss=0.1059 ema_decay=0.999
2026-02-02 16:56:46,852 DEBUG modssc.inductive.methods.mean_teacher mean_teacher.py:233: MeanTeacher epoch=39 warm=1.000 sup_loss=0.0188 unsup_loss=0.1158 ema_decay=0.999
2026-02-02 16:56:46,858 DEBUG modssc.inductive.methods.mean_teacher mean_teacher.py:233: MeanTeacher epoch=40 warm=1.000 sup_loss=0.0175 unsup_loss=0.1163 ema_decay=0.999
2026-02-02 16:56:46,864 DEBUG modssc.inductive.methods.mean_teacher mean_teacher.py:233: MeanTeacher epoch=41 warm=1.000 sup_loss=0.0148 unsup_loss=0.1124 ema_decay=0.999
2026-02-02 16:56:46,870 DEBUG modssc.inductive.methods.mean_teacher mean_teacher.py:233: MeanTeacher epoch=42 warm=1.000 sup_loss=0.0168 unsup_loss=0.1028 ema_decay=0.999
2026-02-02 16:56:46,876 DEBUG modssc.inductive.methods.mean_teacher mean_teacher.py:233: MeanTeacher epoch=43 warm=1.000 sup_loss=0.0195 unsup_loss=0.1020 ema_decay=0.999
2026-02-02 16:56:46,882 DEBUG modssc.inductive.methods.mean_teacher mean_teacher.py:233: MeanTeacher epoch=44 warm=1.000 sup_loss=0.0230 unsup_loss=0.0945 ema_decay=0.999
2026-02-02 16:56:46,888 DEBUG modssc.inductive.methods.mean_teacher mean_teacher.py:233: MeanTeacher epoch=45 warm=1.000 sup_loss=0.0192 unsup_loss=0.1075 ema_decay=0.999
2026-02-02 16:56:46,894 DEBUG modssc.inductive.methods.mean_teacher mean_teacher.py:233: MeanTeacher epoch=46 warm=1.000 sup_loss=0.0165 unsup_loss=0.0980 ema_decay=0.999
2026-02-02 16:56:46,900 DEBUG modssc.inductive.methods.mean_teacher mean_teacher.py:233: MeanTeacher epoch=47 warm=1.000 sup_loss=0.0147 unsup_loss=0.0909 ema_decay=0.999
2026-02-02 16:56:46,906 DEBUG modssc.inductive.methods.mean_teacher mean_teacher.py:233: MeanTeacher epoch=48 warm=1.000 sup_loss=0.0176 unsup_loss=0.0893 ema_decay=0.999
2026-02-02 16:56:46,912 DEBUG modssc.inductive.methods.mean_teacher mean_teacher.py:233: MeanTeacher epoch=49 warm=1.000 sup_loss=0.0181 unsup_loss=0.0990 ema_decay=0.999
2026-02-02 16:56:46,918 INFO modssc.inductive.methods.mean_teacher mean_teacher.py:251: Finished mean_teacher.fit in 0.440s
2026-02-02 16:56:46,918 INFO bench.orchestrators.method_inductive method_inductive.py:550: Inductive method done: id=mean_teacher duration_s=1.323
2026-02-02 16:56:46,918 INFO bench.orchestrators.evaluation evaluation.py:189: Evaluation (inductive): splits=['val', 'test'] metrics=['accuracy', 'macro_f1']
2026-02-02 16:56:46,925 INFO bench.orchestrators.evaluation evaluation.py:231: Evaluation (inductive) done: duration_s=0.007
2026-02-02 16:56:46,927 INFO bench.orchestrators.reporting reporting.py:54: Run summary written: /nfs/home/mbarbaux/ModSSC/runs/inductive/mean_teacher/tabular/breast_cancer/best_tabular_inductive_mean_teacher_breast_cancer-20260202T155644Z/run.json status=success duration_s=0.002
