2026-02-02 17:03:04,921 INFO bench.orchestrators.dataset dataset.py:36: Dataset start: id=iris download=True cache_dir=None
2026-02-02 17:03:04,921 DEBUG bench.orchestrators.dataset dataset.py:42: Dataset options: []
2026-02-02 17:03:04,924 DEBUG modssc.data_loader.providers __init__.py:38: Creating provider: openml
2026-02-02 17:03:04,924 DEBUG modssc.data_loader.api api.py:316: Resolved dataset id=iris provider=openml canonical_uri=openml:61
2026-02-02 17:03:04,924 INFO modssc.data_loader.api api.py:117: Dataset load: id=iris provider=openml version=None fingerprint=ba055ddc9f9ca1b72ab8a14217263923c7ce2466a9ada1892118d69873fd8572 download=True force=False cache_dir=/nfs/home/mbarbaux/ModSSC/cache/datasets
2026-02-02 17:03:04,924 DEBUG modssc.data_loader.api api.py:127: Dataset resolved_kwargs: {'data_id': 61, 'name': None, 'version': None, 'as_frame': False, 'target_column': None, 'class_filter': None, 'max_samples': None, 'seed': None}
2026-02-02 17:03:04,926 DEBUG modssc.data_loader.api api.py:403: Loaded cached dataset: fingerprint=ba055ddc9f9ca1b72ab8a14217263923c7ce2466a9ada1892118d69873fd8572
2026-02-02 17:03:04,930 INFO modssc.data_loader.api api.py:133: Dataset cached: id=iris train=150 test=None n_classes=3 duration_s=0.009
2026-02-02 17:03:04,930 INFO bench.orchestrators.dataset dataset.py:54: Dataset loaded: train=150 test=None graph=False fingerprint=ba055ddc9f9ca1b72ab8a14217263923c7ce2466a9ada1892118d69873fd8572 provider=openml
2026-02-02 17:03:04,930 INFO bench.orchestrators.dataset dataset.py:62: Dataset stage done: duration_s=0.009
2026-02-02 17:03:04,953 INFO bench.orchestrators.sampling sampling.py:86: Sampling start: seed=1 dataset_id=iris
2026-02-02 17:03:04,953 DEBUG bench.orchestrators.sampling sampling.py:87: Sampling plan: split={'kind': 'holdout', 'test_fraction': 0.2, 'val_fraction': 0.1, 'stratify': True, 'shuffle': True} labeling={'mode': 'fraction', 'value': 0.2, 'per_class': False, 'min_per_class': 1, 'strategy': 'balanced', 'fixed_indices': None} imbalance={'kind': 'none', 'apply_to': 'train', 'max_per_class': None, 'alpha': None, 'min_per_class': 1} policy={'respect_official_test': True, 'use_official_graph_masks': True, 'allow_override_official': False}
2026-02-02 17:03:04,953 DEBUG bench.orchestrators.sampling sampling.py:98: Sampling dataset_fingerprint=ba055ddc9f9ca1b72ab8a14217263923c7ce2466a9ada1892118d69873fd8572
2026-02-02 17:03:04,953 INFO modssc.sampling.api api.py:99: Sampling start: dataset_id=iris dataset_fingerprint=ba055ddc9f9ca1b72ab8a14217263923c7ce2466a9ada1892118d69873fd8572 seed=1 graph=False split=holdout
2026-02-02 17:03:04,953 DEBUG modssc.sampling.api api.py:107: Sampling plan: {'split': {'kind': 'holdout', 'test_fraction': 0.2, 'val_fraction': 0.1, 'stratify': True, 'shuffle': True}, 'labeling': {'mode': 'fraction', 'value': 0.2, 'per_class': False, 'min_per_class': 1, 'strategy': 'balanced', 'fixed_indices': None}, 'imbalance': {'kind': 'none', 'apply_to': 'train', 'max_per_class': None, 'alpha': None, 'min_per_class': 1}, 'policy': {'respect_official_test': True, 'use_official_graph_masks': True, 'allow_override_official': False}}
2026-02-02 17:03:04,961 INFO modssc.sampling.api api.py:141: Sampling done: train=108 val=12 test=30 labeled=22 unlabeled=86 duration_s=0.007
2026-02-02 17:03:04,961 DEBUG modssc.sampling.api api.py:150: Sampling stats: {'policy': {'respect_official_test': True, 'has_official_test': False, 'test_ref': 'train'}, 'train': {'n': 108, 'classes': {'Iris-setosa': 36, 'Iris-versicolor': 36, 'Iris-virginica': 36}}, 'val': {'n': 12, 'classes': {'Iris-setosa': 4, 'Iris-versicolor': 4, 'Iris-virginica': 4}}, 'train_labeled': {'n': 22, 'classes': {'Iris-setosa': 8, 'Iris-versicolor': 7, 'Iris-virginica': 7}}, 'train_unlabeled': {'n': 86}, 'test': {'n': 30, 'classes': {'Iris-setosa': 10, 'Iris-versicolor': 10, 'Iris-virginica': 10}}}
2026-02-02 17:03:04,961 INFO bench.orchestrators.sampling sampling.py:123: Sampling result: train=108 val=12 test=30 labeled=22 unlabeled=86 graph=False
2026-02-02 17:03:04,961 DEBUG bench.orchestrators.sampling sampling.py:132: Sampling stats: {'policy': {'respect_official_test': True, 'has_official_test': False, 'test_ref': 'train'}, 'train': {'n': 108, 'classes': {'Iris-setosa': 36, 'Iris-versicolor': 36, 'Iris-virginica': 36}}, 'val': {'n': 12, 'classes': {'Iris-setosa': 4, 'Iris-versicolor': 4, 'Iris-virginica': 4}}, 'train_labeled': {'n': 22, 'classes': {'Iris-setosa': 8, 'Iris-versicolor': 7, 'Iris-virginica': 7}}, 'train_unlabeled': {'n': 86}, 'test': {'n': 30, 'classes': {'Iris-setosa': 10, 'Iris-versicolor': 10, 'Iris-virginica': 10}}}
2026-02-02 17:03:04,961 INFO bench.orchestrators.sampling sampling.py:133: Sampling stage done: duration_s=0.008
2026-02-02 17:03:04,961 INFO bench.orchestrators.preprocess preprocess.py:105: Preprocess start: seed=1 cache=True n_steps=4 fit_indices=22
2026-02-02 17:03:04,961 DEBUG bench.orchestrators.preprocess preprocess.py:112: Preprocess plan: output_key=features.X steps=['labels.encode', 'core.ensure_2d', 'core.pca', 'core.to_numpy']
2026-02-02 17:03:04,961 INFO modssc.preprocess.api api.py:490: Preprocess start: dataset_fp=ba055ddc9f9ca1b72ab8a14217263923c7ce2466a9ada1892118d69873fd8572 steps=['labels.encode', 'core.ensure_2d', 'core.pca', 'core.to_numpy'] output_key=features.X seed=1 cache=True
2026-02-02 17:03:04,961 DEBUG modssc.preprocess.api api.py:498: Preprocess input shapes: train_X=(150, 4) train_y=(150,) test_X=None test_y=None
2026-02-02 17:03:04,961 INFO modssc.preprocess.api api.py:505: Preprocess input size: train_data=5.9 KB test_data=n/a
2026-02-02 17:03:04,961 DEBUG modssc.preprocess.api api.py:521: Preprocess step start: id=labels.encode index=0 kind=transform params={}
2026-02-02 17:03:04,967 DEBUG modssc.preprocess.api api.py:605: Preprocess step train outputs: id=labels.encode keys=['labels.classes', 'labels.y'] duration_s=0.005
2026-02-02 17:03:04,967 INFO modssc.preprocess.api api.py:679: Preprocess step done: id=labels.encode index=0 duration_s=0.005 train_data=5.9 KB test_data=n/a
2026-02-02 17:03:04,967 DEBUG modssc.preprocess.api api.py:521: Preprocess step start: id=core.ensure_2d index=1 kind=transform params={}
2026-02-02 17:03:04,969 DEBUG modssc.preprocess.api api.py:605: Preprocess step train outputs: id=core.ensure_2d keys=['features.X'] duration_s=0.002
2026-02-02 17:03:04,969 INFO modssc.preprocess.api api.py:679: Preprocess step done: id=core.ensure_2d index=1 duration_s=0.002 train_data=5.9 KB test_data=n/a
2026-02-02 17:03:04,969 DEBUG modssc.preprocess.api api.py:521: Preprocess step start: id=core.pca index=2 kind=fittable params={'n_components': 30}
2026-02-02 17:03:04,971 DEBUG modssc.preprocess.api api.py:605: Preprocess step train outputs: id=core.pca keys=['features.X'] duration_s=0.002
2026-02-02 17:03:04,971 INFO modssc.preprocess.api api.py:679: Preprocess step done: id=core.pca index=2 duration_s=0.002 train_data=3.5 KB test_data=n/a
2026-02-02 17:03:04,971 DEBUG modssc.preprocess.api api.py:521: Preprocess step start: id=core.to_numpy index=3 kind=transform params={}
2026-02-02 17:03:04,972 DEBUG modssc.preprocess.api api.py:605: Preprocess step train outputs: id=core.to_numpy keys=['features.X'] duration_s=0.001
2026-02-02 17:03:04,972 INFO modssc.preprocess.api api.py:679: Preprocess step done: id=core.to_numpy index=3 duration_s=0.001 train_data=3.5 KB test_data=n/a
2026-02-02 17:03:04,972 INFO modssc.preprocess.api api.py:730: Preprocess done: dataset_fp=ba055ddc9f9ca1b72ab8a14217263923c7ce2466a9ada1892118d69873fd8572 duration_s=0.011 train_X=(150, 4) test_X=None
2026-02-02 17:03:04,972 INFO bench.orchestrators.preprocess preprocess.py:124: Preprocess result: fingerprint=preprocess:b6b1c4c39e1e6824211dff3e25a871abb8d6e7745886b9d24299e0c03848f43c plan_fingerprint=resolved_plan:482a0984f51742ea5d9dbcc35f660359eaee028ed4420e88d582a288bf1fe3f8 cache_dir=/nfs/home/mbarbaux/ModSSC/cache/preprocess/ba055ddc9f9ca1b72ab8a14217263923c7ce2466a9ada1892118d69873fd8572 skipped=[]
2026-02-02 17:03:04,972 DEBUG bench.orchestrators.preprocess preprocess.py:131: Preprocess output shapes: train_X=(150, 4) test_X=None
2026-02-02 17:03:04,972 INFO bench.orchestrators.preprocess preprocess.py:136: Preprocess stage done: duration_s=0.011
2026-02-02 17:03:04,972 INFO bench.orchestrators.graph graph.py:67: Graph start: include_test=False cache=True
2026-02-02 17:03:04,972 DEBUG bench.orchestrators.graph graph.py:72: Graph spec: scheme=knn metric=cosine k=15 radius=None backend=numpy feature_field=features.X seed=1
2026-02-02 17:03:04,972 DEBUG bench.orchestrators.graph graph.py:89: Graph features: shape=(150, 4)
2026-02-02 17:03:04,973 INFO modssc.graph.construction.api api.py:111: Graph cached: fingerprint=a124c2d4d4c0101985327d644ac010bd75f20387d283614db531cab021ab605d n_nodes=150 n_edges=1820 duration_s=0.001
2026-02-02 17:03:04,973 INFO bench.orchestrators.graph graph.py:100: Graph built: fingerprint=a124c2d4d4c0101985327d644ac010bd75f20387d283614db531cab021ab605d n_nodes=150 n_edges=1820 duration_s=0.001
2026-02-02 17:03:04,973 INFO bench.orchestrators.method_transductive method_transductive.py:139: Transductive method start: id=n_gcn seed=398591604 device=auto resolved_device=cuda use_test=False
2026-02-02 17:03:04,973 DEBUG bench.orchestrators.method_transductive method_transductive.py:147: Transductive method params: {'hidden_dim': 16, 'gcn_layers': 2, 'K': 6, 'r': 4, 'classifier': 'fc', 'dropout': 0.5, 'lr': 0.01, 'weight_decay': 1e-05, 'max_epochs': 200, 'patience': 50, 'add_self_loops': True, 'symmetrize': True}
2026-02-02 17:03:04,973 INFO bench.orchestrators.method_transductive method_transductive.py:158: Transductive data: n_nodes=150 n_train=150 n_test=0
2026-02-02 17:03:04,973 INFO bench.orchestrators.method_transductive method_transductive.py:177: Transductive masks: labeled_count=22 train_count=108
2026-02-02 17:03:04,973 INFO modssc.transductive.methods.gnn.n_gcn n_gcn.py:202: Starting n_gcn.fit
2026-02-02 17:03:04,973 DEBUG modssc.transductive.methods.gnn.n_gcn n_gcn.py:203: spec=NGCNSpec(hidden_dim=16, gcn_layers=2, K=6, r=4, classifier='fc', dropout=0.5, lr=0.01, weight_decay=1e-05, max_epochs=200, patience=50, add_self_loops=True, symmetrize=True) device=cuda seed=398591604
2026-02-02 17:03:05,129 INFO modssc.transductive.methods.gnn.n_gcn n_gcn.py:226: N-GCN sizes: n_nodes=150 n_classes=3 train=22 val=12
2026-02-02 17:03:06,195 DEBUG modssc.transductive.methods.gnn.common common.py:373: train_fullbatch epoch=0 val_loss=0.9874 best updated
2026-02-02 17:03:06,206 DEBUG modssc.transductive.methods.gnn.common common.py:373: train_fullbatch epoch=1 val_loss=0.8433 best updated
2026-02-02 17:03:06,216 DEBUG modssc.transductive.methods.gnn.common common.py:373: train_fullbatch epoch=2 val_loss=0.7444 best updated
2026-02-02 17:03:06,225 DEBUG modssc.transductive.methods.gnn.common common.py:373: train_fullbatch epoch=3 val_loss=0.6815 best updated
2026-02-02 17:03:06,235 DEBUG modssc.transductive.methods.gnn.common common.py:373: train_fullbatch epoch=4 val_loss=0.6430 best updated
2026-02-02 17:03:06,245 DEBUG modssc.transductive.methods.gnn.common common.py:373: train_fullbatch epoch=5 val_loss=0.6152 best updated
2026-02-02 17:03:06,255 DEBUG modssc.transductive.methods.gnn.common common.py:373: train_fullbatch epoch=6 val_loss=0.5957 best updated
2026-02-02 17:03:06,265 DEBUG modssc.transductive.methods.gnn.common common.py:373: train_fullbatch epoch=7 val_loss=0.5830 best updated
2026-02-02 17:03:06,275 DEBUG modssc.transductive.methods.gnn.common common.py:373: train_fullbatch epoch=8 val_loss=0.5729 best updated
2026-02-02 17:03:06,284 DEBUG modssc.transductive.methods.gnn.common common.py:373: train_fullbatch epoch=9 val_loss=0.5557 best updated
2026-02-02 17:03:06,294 DEBUG modssc.transductive.methods.gnn.common common.py:373: train_fullbatch epoch=10 val_loss=0.5316 best updated
2026-02-02 17:03:06,304 DEBUG modssc.transductive.methods.gnn.common common.py:373: train_fullbatch epoch=11 val_loss=0.5019 best updated
2026-02-02 17:03:06,314 DEBUG modssc.transductive.methods.gnn.common common.py:373: train_fullbatch epoch=12 val_loss=0.4769 best updated
2026-02-02 17:03:06,324 DEBUG modssc.transductive.methods.gnn.common common.py:373: train_fullbatch epoch=13 val_loss=0.4448 best updated
2026-02-02 17:03:06,334 DEBUG modssc.transductive.methods.gnn.common common.py:373: train_fullbatch epoch=14 val_loss=0.4173 best updated
2026-02-02 17:03:06,344 DEBUG modssc.transductive.methods.gnn.common common.py:373: train_fullbatch epoch=15 val_loss=0.3974 best updated
2026-02-02 17:03:06,353 DEBUG modssc.transductive.methods.gnn.common common.py:373: train_fullbatch epoch=16 val_loss=0.3875 best updated
2026-02-02 17:03:06,363 DEBUG modssc.transductive.methods.gnn.common common.py:373: train_fullbatch epoch=17 val_loss=0.3807 best updated
2026-02-02 17:03:06,373 DEBUG modssc.transductive.methods.gnn.common common.py:373: train_fullbatch epoch=18 val_loss=0.3608 best updated
2026-02-02 17:03:06,383 DEBUG modssc.transductive.methods.gnn.common common.py:373: train_fullbatch epoch=19 val_loss=0.3230 best updated
2026-02-02 17:03:06,393 DEBUG modssc.transductive.methods.gnn.common common.py:373: train_fullbatch epoch=20 val_loss=0.3017 best updated
2026-02-02 17:03:06,403 DEBUG modssc.transductive.methods.gnn.common common.py:373: train_fullbatch epoch=21 val_loss=0.2844 best updated
2026-02-02 17:03:06,412 DEBUG modssc.transductive.methods.gnn.common common.py:373: train_fullbatch epoch=22 val_loss=0.2708 best updated
2026-02-02 17:03:06,421 DEBUG modssc.transductive.methods.gnn.common common.py:380: train_fullbatch epoch=23 val_loss=0.2720 bad_epochs=1/50
2026-02-02 17:03:06,430 DEBUG modssc.transductive.methods.gnn.common common.py:380: train_fullbatch epoch=24 val_loss=0.2890 bad_epochs=2/50
2026-02-02 17:03:06,439 DEBUG modssc.transductive.methods.gnn.common common.py:380: train_fullbatch epoch=25 val_loss=0.2856 bad_epochs=3/50
2026-02-02 17:03:06,448 DEBUG modssc.transductive.methods.gnn.common common.py:380: train_fullbatch epoch=26 val_loss=0.2871 bad_epochs=4/50
2026-02-02 17:03:06,458 DEBUG modssc.transductive.methods.gnn.common common.py:373: train_fullbatch epoch=27 val_loss=0.2536 best updated
2026-02-02 17:03:06,468 DEBUG modssc.transductive.methods.gnn.common common.py:373: train_fullbatch epoch=28 val_loss=0.2368 best updated
2026-02-02 17:03:06,478 DEBUG modssc.transductive.methods.gnn.common common.py:373: train_fullbatch epoch=29 val_loss=0.2165 best updated
2026-02-02 17:03:06,488 DEBUG modssc.transductive.methods.gnn.common common.py:373: train_fullbatch epoch=30 val_loss=0.2109 best updated
2026-02-02 17:03:06,496 DEBUG modssc.transductive.methods.gnn.common common.py:380: train_fullbatch epoch=31 val_loss=0.2139 bad_epochs=1/50
2026-02-02 17:03:06,505 DEBUG modssc.transductive.methods.gnn.common common.py:380: train_fullbatch epoch=32 val_loss=0.2283 bad_epochs=2/50
2026-02-02 17:03:06,514 DEBUG modssc.transductive.methods.gnn.common common.py:380: train_fullbatch epoch=33 val_loss=0.2122 bad_epochs=3/50
2026-02-02 17:03:06,524 DEBUG modssc.transductive.methods.gnn.common common.py:373: train_fullbatch epoch=34 val_loss=0.1949 best updated
2026-02-02 17:03:06,534 DEBUG modssc.transductive.methods.gnn.common common.py:373: train_fullbatch epoch=35 val_loss=0.1835 best updated
2026-02-02 17:03:06,543 DEBUG modssc.transductive.methods.gnn.common common.py:380: train_fullbatch epoch=36 val_loss=0.1944 bad_epochs=1/50
2026-02-02 17:03:06,552 DEBUG modssc.transductive.methods.gnn.common common.py:380: train_fullbatch epoch=37 val_loss=0.2037 bad_epochs=2/50
2026-02-02 17:03:06,561 DEBUG modssc.transductive.methods.gnn.common common.py:380: train_fullbatch epoch=38 val_loss=0.2079 bad_epochs=3/50
2026-02-02 17:03:06,570 DEBUG modssc.transductive.methods.gnn.common common.py:380: train_fullbatch epoch=39 val_loss=0.2006 bad_epochs=4/50
2026-02-02 17:03:06,580 DEBUG modssc.transductive.methods.gnn.common common.py:373: train_fullbatch epoch=40 val_loss=0.1711 best updated
2026-02-02 17:03:06,590 DEBUG modssc.transductive.methods.gnn.common common.py:373: train_fullbatch epoch=41 val_loss=0.1459 best updated
2026-02-02 17:03:06,600 DEBUG modssc.transductive.methods.gnn.common common.py:373: train_fullbatch epoch=42 val_loss=0.1317 best updated
2026-02-02 17:03:06,609 DEBUG modssc.transductive.methods.gnn.common common.py:373: train_fullbatch epoch=43 val_loss=0.1292 best updated
2026-02-02 17:03:06,618 DEBUG modssc.transductive.methods.gnn.common common.py:380: train_fullbatch epoch=44 val_loss=0.1417 bad_epochs=1/50
2026-02-02 17:03:06,627 DEBUG modssc.transductive.methods.gnn.common common.py:380: train_fullbatch epoch=45 val_loss=0.1690 bad_epochs=2/50
2026-02-02 17:03:06,636 DEBUG modssc.transductive.methods.gnn.common common.py:380: train_fullbatch epoch=46 val_loss=0.2224 bad_epochs=3/50
2026-02-02 17:03:06,645 DEBUG modssc.transductive.methods.gnn.common common.py:380: train_fullbatch epoch=47 val_loss=0.2240 bad_epochs=4/50
2026-02-02 17:03:06,654 DEBUG modssc.transductive.methods.gnn.common common.py:380: train_fullbatch epoch=48 val_loss=0.2106 bad_epochs=5/50
2026-02-02 17:03:06,663 DEBUG modssc.transductive.methods.gnn.common common.py:380: train_fullbatch epoch=49 val_loss=0.1872 bad_epochs=6/50
2026-02-02 17:03:06,672 DEBUG modssc.transductive.methods.gnn.common common.py:380: train_fullbatch epoch=50 val_loss=0.1655 bad_epochs=7/50
2026-02-02 17:03:06,681 DEBUG modssc.transductive.methods.gnn.common common.py:380: train_fullbatch epoch=51 val_loss=0.1542 bad_epochs=8/50
2026-02-02 17:03:06,690 DEBUG modssc.transductive.methods.gnn.common common.py:380: train_fullbatch epoch=52 val_loss=0.1313 bad_epochs=9/50
2026-02-02 17:03:06,700 DEBUG modssc.transductive.methods.gnn.common common.py:373: train_fullbatch epoch=53 val_loss=0.1291 best updated
2026-02-02 17:03:06,709 DEBUG modssc.transductive.methods.gnn.common common.py:380: train_fullbatch epoch=54 val_loss=0.1400 bad_epochs=1/50
2026-02-02 17:03:06,718 DEBUG modssc.transductive.methods.gnn.common common.py:380: train_fullbatch epoch=55 val_loss=0.1510 bad_epochs=2/50
2026-02-02 17:03:06,726 DEBUG modssc.transductive.methods.gnn.common common.py:380: train_fullbatch epoch=56 val_loss=0.1582 bad_epochs=3/50
2026-02-02 17:03:06,735 DEBUG modssc.transductive.methods.gnn.common common.py:380: train_fullbatch epoch=57 val_loss=0.1810 bad_epochs=4/50
2026-02-02 17:03:06,744 DEBUG modssc.transductive.methods.gnn.common common.py:380: train_fullbatch epoch=58 val_loss=0.1906 bad_epochs=5/50
2026-02-02 17:03:06,753 DEBUG modssc.transductive.methods.gnn.common common.py:380: train_fullbatch epoch=59 val_loss=0.1882 bad_epochs=6/50
2026-02-02 17:03:06,762 DEBUG modssc.transductive.methods.gnn.common common.py:380: train_fullbatch epoch=60 val_loss=0.1561 bad_epochs=7/50
2026-02-02 17:03:06,771 DEBUG modssc.transductive.methods.gnn.common common.py:380: train_fullbatch epoch=61 val_loss=0.1501 bad_epochs=8/50
2026-02-02 17:03:06,780 DEBUG modssc.transductive.methods.gnn.common common.py:380: train_fullbatch epoch=62 val_loss=0.1473 bad_epochs=9/50
2026-02-02 17:03:06,789 DEBUG modssc.transductive.methods.gnn.common common.py:380: train_fullbatch epoch=63 val_loss=0.1608 bad_epochs=10/50
2026-02-02 17:03:06,798 DEBUG modssc.transductive.methods.gnn.common common.py:380: train_fullbatch epoch=64 val_loss=0.1764 bad_epochs=11/50
2026-02-02 17:03:06,807 DEBUG modssc.transductive.methods.gnn.common common.py:380: train_fullbatch epoch=65 val_loss=0.1907 bad_epochs=12/50
2026-02-02 17:03:06,816 DEBUG modssc.transductive.methods.gnn.common common.py:380: train_fullbatch epoch=66 val_loss=0.2034 bad_epochs=13/50
2026-02-02 17:03:06,825 DEBUG modssc.transductive.methods.gnn.common common.py:380: train_fullbatch epoch=67 val_loss=0.1874 bad_epochs=14/50
2026-02-02 17:03:06,833 DEBUG modssc.transductive.methods.gnn.common common.py:380: train_fullbatch epoch=68 val_loss=0.1767 bad_epochs=15/50
2026-02-02 17:03:06,842 DEBUG modssc.transductive.methods.gnn.common common.py:380: train_fullbatch epoch=69 val_loss=0.1695 bad_epochs=16/50
2026-02-02 17:03:06,851 DEBUG modssc.transductive.methods.gnn.common common.py:380: train_fullbatch epoch=70 val_loss=0.1591 bad_epochs=17/50
2026-02-02 17:03:06,860 DEBUG modssc.transductive.methods.gnn.common common.py:380: train_fullbatch epoch=71 val_loss=0.1638 bad_epochs=18/50
2026-02-02 17:03:06,869 DEBUG modssc.transductive.methods.gnn.common common.py:380: train_fullbatch epoch=72 val_loss=0.1683 bad_epochs=19/50
2026-02-02 17:03:06,878 DEBUG modssc.transductive.methods.gnn.common common.py:380: train_fullbatch epoch=73 val_loss=0.1738 bad_epochs=20/50
2026-02-02 17:03:06,887 DEBUG modssc.transductive.methods.gnn.common common.py:380: train_fullbatch epoch=74 val_loss=0.1710 bad_epochs=21/50
2026-02-02 17:03:06,896 DEBUG modssc.transductive.methods.gnn.common common.py:380: train_fullbatch epoch=75 val_loss=0.1527 bad_epochs=22/50
2026-02-02 17:03:06,905 DEBUG modssc.transductive.methods.gnn.common common.py:380: train_fullbatch epoch=76 val_loss=0.1333 bad_epochs=23/50
2026-02-02 17:03:06,914 DEBUG modssc.transductive.methods.gnn.common common.py:380: train_fullbatch epoch=77 val_loss=0.1382 bad_epochs=24/50
2026-02-02 17:03:06,923 DEBUG modssc.transductive.methods.gnn.common common.py:380: train_fullbatch epoch=78 val_loss=0.1493 bad_epochs=25/50
2026-02-02 17:03:06,932 DEBUG modssc.transductive.methods.gnn.common common.py:380: train_fullbatch epoch=79 val_loss=0.1715 bad_epochs=26/50
2026-02-02 17:03:06,940 DEBUG modssc.transductive.methods.gnn.common common.py:380: train_fullbatch epoch=80 val_loss=0.2002 bad_epochs=27/50
2026-02-02 17:03:06,949 DEBUG modssc.transductive.methods.gnn.common common.py:380: train_fullbatch epoch=81 val_loss=0.2013 bad_epochs=28/50
2026-02-02 17:03:06,958 DEBUG modssc.transductive.methods.gnn.common common.py:380: train_fullbatch epoch=82 val_loss=0.1898 bad_epochs=29/50
2026-02-02 17:03:06,967 DEBUG modssc.transductive.methods.gnn.common common.py:380: train_fullbatch epoch=83 val_loss=0.1761 bad_epochs=30/50
2026-02-02 17:03:06,976 DEBUG modssc.transductive.methods.gnn.common common.py:380: train_fullbatch epoch=84 val_loss=0.1819 bad_epochs=31/50
2026-02-02 17:03:06,985 DEBUG modssc.transductive.methods.gnn.common common.py:380: train_fullbatch epoch=85 val_loss=0.1859 bad_epochs=32/50
2026-02-02 17:03:06,994 DEBUG modssc.transductive.methods.gnn.common common.py:380: train_fullbatch epoch=86 val_loss=0.1633 bad_epochs=33/50
2026-02-02 17:03:07,003 DEBUG modssc.transductive.methods.gnn.common common.py:380: train_fullbatch epoch=87 val_loss=0.1329 bad_epochs=34/50
2026-02-02 17:03:07,013 DEBUG modssc.transductive.methods.gnn.common common.py:373: train_fullbatch epoch=88 val_loss=0.1144 best updated
2026-02-02 17:03:07,023 DEBUG modssc.transductive.methods.gnn.common common.py:373: train_fullbatch epoch=89 val_loss=0.1081 best updated
2026-02-02 17:03:07,035 DEBUG modssc.transductive.methods.gnn.common common.py:380: train_fullbatch epoch=90 val_loss=0.1111 bad_epochs=1/50
2026-02-02 17:03:07,044 DEBUG modssc.transductive.methods.gnn.common common.py:380: train_fullbatch epoch=91 val_loss=0.1240 bad_epochs=2/50
2026-02-02 17:03:07,053 DEBUG modssc.transductive.methods.gnn.common common.py:380: train_fullbatch epoch=92 val_loss=0.1453 bad_epochs=3/50
2026-02-02 17:03:07,062 DEBUG modssc.transductive.methods.gnn.common common.py:380: train_fullbatch epoch=93 val_loss=0.1796 bad_epochs=4/50
2026-02-02 17:03:07,071 DEBUG modssc.transductive.methods.gnn.common common.py:380: train_fullbatch epoch=94 val_loss=0.1873 bad_epochs=5/50
2026-02-02 17:03:07,080 DEBUG modssc.transductive.methods.gnn.common common.py:380: train_fullbatch epoch=95 val_loss=0.1766 bad_epochs=6/50
2026-02-02 17:03:07,089 DEBUG modssc.transductive.methods.gnn.common common.py:380: train_fullbatch epoch=96 val_loss=0.1896 bad_epochs=7/50
2026-02-02 17:03:07,098 DEBUG modssc.transductive.methods.gnn.common common.py:380: train_fullbatch epoch=97 val_loss=0.1924 bad_epochs=8/50
2026-02-02 17:03:07,107 DEBUG modssc.transductive.methods.gnn.common common.py:380: train_fullbatch epoch=98 val_loss=0.1768 bad_epochs=9/50
2026-02-02 17:03:07,116 DEBUG modssc.transductive.methods.gnn.common common.py:380: train_fullbatch epoch=99 val_loss=0.1672 bad_epochs=10/50
2026-02-02 17:03:07,125 DEBUG modssc.transductive.methods.gnn.common common.py:380: train_fullbatch epoch=100 val_loss=0.1547 bad_epochs=11/50
2026-02-02 17:03:07,134 DEBUG modssc.transductive.methods.gnn.common common.py:380: train_fullbatch epoch=101 val_loss=0.1280 bad_epochs=12/50
2026-02-02 17:03:07,143 DEBUG modssc.transductive.methods.gnn.common common.py:380: train_fullbatch epoch=102 val_loss=0.1285 bad_epochs=13/50
2026-02-02 17:03:07,152 DEBUG modssc.transductive.methods.gnn.common common.py:380: train_fullbatch epoch=103 val_loss=0.1522 bad_epochs=14/50
2026-02-02 17:03:07,160 DEBUG modssc.transductive.methods.gnn.common common.py:380: train_fullbatch epoch=104 val_loss=0.1736 bad_epochs=15/50
2026-02-02 17:03:07,169 DEBUG modssc.transductive.methods.gnn.common common.py:380: train_fullbatch epoch=105 val_loss=0.2065 bad_epochs=16/50
2026-02-02 17:03:07,178 DEBUG modssc.transductive.methods.gnn.common common.py:380: train_fullbatch epoch=106 val_loss=0.2259 bad_epochs=17/50
2026-02-02 17:03:07,187 DEBUG modssc.transductive.methods.gnn.common common.py:380: train_fullbatch epoch=107 val_loss=0.2661 bad_epochs=18/50
2026-02-02 17:03:07,196 DEBUG modssc.transductive.methods.gnn.common common.py:380: train_fullbatch epoch=108 val_loss=0.2334 bad_epochs=19/50
2026-02-02 17:03:07,205 DEBUG modssc.transductive.methods.gnn.common common.py:380: train_fullbatch epoch=109 val_loss=0.1658 bad_epochs=20/50
2026-02-02 17:03:07,214 DEBUG modssc.transductive.methods.gnn.common common.py:380: train_fullbatch epoch=110 val_loss=0.1138 bad_epochs=21/50
2026-02-02 17:03:07,224 DEBUG modssc.transductive.methods.gnn.common common.py:373: train_fullbatch epoch=111 val_loss=0.0962 best updated
2026-02-02 17:03:07,233 DEBUG modssc.transductive.methods.gnn.common common.py:380: train_fullbatch epoch=112 val_loss=0.0969 bad_epochs=1/50
2026-02-02 17:03:07,243 DEBUG modssc.transductive.methods.gnn.common common.py:373: train_fullbatch epoch=113 val_loss=0.0957 best updated
2026-02-02 17:03:07,252 DEBUG modssc.transductive.methods.gnn.common common.py:380: train_fullbatch epoch=114 val_loss=0.1031 bad_epochs=1/50
2026-02-02 17:03:07,261 DEBUG modssc.transductive.methods.gnn.common common.py:380: train_fullbatch epoch=115 val_loss=0.1152 bad_epochs=2/50
2026-02-02 17:03:07,270 DEBUG modssc.transductive.methods.gnn.common common.py:380: train_fullbatch epoch=116 val_loss=0.1567 bad_epochs=3/50
2026-02-02 17:03:07,278 DEBUG modssc.transductive.methods.gnn.common common.py:380: train_fullbatch epoch=117 val_loss=0.2281 bad_epochs=4/50
2026-02-02 17:03:07,287 DEBUG modssc.transductive.methods.gnn.common common.py:380: train_fullbatch epoch=118 val_loss=0.2837 bad_epochs=5/50
2026-02-02 17:03:07,296 DEBUG modssc.transductive.methods.gnn.common common.py:380: train_fullbatch epoch=119 val_loss=0.2738 bad_epochs=6/50
2026-02-02 17:03:07,305 DEBUG modssc.transductive.methods.gnn.common common.py:380: train_fullbatch epoch=120 val_loss=0.2408 bad_epochs=7/50
2026-02-02 17:03:07,314 DEBUG modssc.transductive.methods.gnn.common common.py:380: train_fullbatch epoch=121 val_loss=0.1757 bad_epochs=8/50
2026-02-02 17:03:07,323 DEBUG modssc.transductive.methods.gnn.common common.py:380: train_fullbatch epoch=122 val_loss=0.1246 bad_epochs=9/50
2026-02-02 17:03:07,332 DEBUG modssc.transductive.methods.gnn.common common.py:380: train_fullbatch epoch=123 val_loss=0.1160 bad_epochs=10/50
2026-02-02 17:03:07,341 DEBUG modssc.transductive.methods.gnn.common common.py:380: train_fullbatch epoch=124 val_loss=0.1162 bad_epochs=11/50
2026-02-02 17:03:07,350 DEBUG modssc.transductive.methods.gnn.common common.py:380: train_fullbatch epoch=125 val_loss=0.1235 bad_epochs=12/50
2026-02-02 17:03:07,359 DEBUG modssc.transductive.methods.gnn.common common.py:380: train_fullbatch epoch=126 val_loss=0.1351 bad_epochs=13/50
2026-02-02 17:03:07,368 DEBUG modssc.transductive.methods.gnn.common common.py:380: train_fullbatch epoch=127 val_loss=0.1510 bad_epochs=14/50
2026-02-02 17:03:07,377 DEBUG modssc.transductive.methods.gnn.common common.py:380: train_fullbatch epoch=128 val_loss=0.1744 bad_epochs=15/50
2026-02-02 17:03:07,386 DEBUG modssc.transductive.methods.gnn.common common.py:380: train_fullbatch epoch=129 val_loss=0.2031 bad_epochs=16/50
2026-02-02 17:03:07,394 DEBUG modssc.transductive.methods.gnn.common common.py:380: train_fullbatch epoch=130 val_loss=0.2321 bad_epochs=17/50
2026-02-02 17:03:07,403 DEBUG modssc.transductive.methods.gnn.common common.py:380: train_fullbatch epoch=131 val_loss=0.2362 bad_epochs=18/50
2026-02-02 17:03:07,412 DEBUG modssc.transductive.methods.gnn.common common.py:380: train_fullbatch epoch=132 val_loss=0.2287 bad_epochs=19/50
2026-02-02 17:03:07,421 DEBUG modssc.transductive.methods.gnn.common common.py:380: train_fullbatch epoch=133 val_loss=0.2245 bad_epochs=20/50
2026-02-02 17:03:07,430 DEBUG modssc.transductive.methods.gnn.common common.py:380: train_fullbatch epoch=134 val_loss=0.2096 bad_epochs=21/50
2026-02-02 17:03:07,439 DEBUG modssc.transductive.methods.gnn.common common.py:380: train_fullbatch epoch=135 val_loss=0.1815 bad_epochs=22/50
2026-02-02 17:03:07,448 DEBUG modssc.transductive.methods.gnn.common common.py:380: train_fullbatch epoch=136 val_loss=0.1498 bad_epochs=23/50
2026-02-02 17:03:07,457 DEBUG modssc.transductive.methods.gnn.common common.py:380: train_fullbatch epoch=137 val_loss=0.1320 bad_epochs=24/50
2026-02-02 17:03:07,466 DEBUG modssc.transductive.methods.gnn.common common.py:380: train_fullbatch epoch=138 val_loss=0.1278 bad_epochs=25/50
2026-02-02 17:03:07,475 DEBUG modssc.transductive.methods.gnn.common common.py:380: train_fullbatch epoch=139 val_loss=0.1343 bad_epochs=26/50
2026-02-02 17:03:07,484 DEBUG modssc.transductive.methods.gnn.common common.py:380: train_fullbatch epoch=140 val_loss=0.1333 bad_epochs=27/50
2026-02-02 17:03:07,493 DEBUG modssc.transductive.methods.gnn.common common.py:380: train_fullbatch epoch=141 val_loss=0.1298 bad_epochs=28/50
2026-02-02 17:03:07,502 DEBUG modssc.transductive.methods.gnn.common common.py:380: train_fullbatch epoch=142 val_loss=0.1221 bad_epochs=29/50
2026-02-02 17:03:07,510 DEBUG modssc.transductive.methods.gnn.common common.py:380: train_fullbatch epoch=143 val_loss=0.1183 bad_epochs=30/50
2026-02-02 17:03:07,519 DEBUG modssc.transductive.methods.gnn.common common.py:380: train_fullbatch epoch=144 val_loss=0.1198 bad_epochs=31/50
2026-02-02 17:03:07,528 DEBUG modssc.transductive.methods.gnn.common common.py:380: train_fullbatch epoch=145 val_loss=0.1274 bad_epochs=32/50
2026-02-02 17:03:07,537 DEBUG modssc.transductive.methods.gnn.common common.py:380: train_fullbatch epoch=146 val_loss=0.1466 bad_epochs=33/50
2026-02-02 17:03:07,546 DEBUG modssc.transductive.methods.gnn.common common.py:380: train_fullbatch epoch=147 val_loss=0.1489 bad_epochs=34/50
2026-02-02 17:03:07,555 DEBUG modssc.transductive.methods.gnn.common common.py:380: train_fullbatch epoch=148 val_loss=0.1474 bad_epochs=35/50
2026-02-02 17:03:07,564 DEBUG modssc.transductive.methods.gnn.common common.py:380: train_fullbatch epoch=149 val_loss=0.1490 bad_epochs=36/50
2026-02-02 17:03:07,573 DEBUG modssc.transductive.methods.gnn.common common.py:380: train_fullbatch epoch=150 val_loss=0.1561 bad_epochs=37/50
2026-02-02 17:03:07,582 DEBUG modssc.transductive.methods.gnn.common common.py:380: train_fullbatch epoch=151 val_loss=0.1632 bad_epochs=38/50
2026-02-02 17:03:07,591 DEBUG modssc.transductive.methods.gnn.common common.py:380: train_fullbatch epoch=152 val_loss=0.1935 bad_epochs=39/50
2026-02-02 17:03:07,600 DEBUG modssc.transductive.methods.gnn.common common.py:380: train_fullbatch epoch=153 val_loss=0.1911 bad_epochs=40/50
2026-02-02 17:03:07,609 DEBUG modssc.transductive.methods.gnn.common common.py:380: train_fullbatch epoch=154 val_loss=0.1777 bad_epochs=41/50
2026-02-02 17:03:07,618 DEBUG modssc.transductive.methods.gnn.common common.py:380: train_fullbatch epoch=155 val_loss=0.1748 bad_epochs=42/50
2026-02-02 17:03:07,626 DEBUG modssc.transductive.methods.gnn.common common.py:380: train_fullbatch epoch=156 val_loss=0.1975 bad_epochs=43/50
2026-02-02 17:03:07,635 DEBUG modssc.transductive.methods.gnn.common common.py:380: train_fullbatch epoch=157 val_loss=0.1918 bad_epochs=44/50
2026-02-02 17:03:07,644 DEBUG modssc.transductive.methods.gnn.common common.py:380: train_fullbatch epoch=158 val_loss=0.1465 bad_epochs=45/50
2026-02-02 17:03:07,653 DEBUG modssc.transductive.methods.gnn.common common.py:380: train_fullbatch epoch=159 val_loss=0.1230 bad_epochs=46/50
2026-02-02 17:03:07,662 DEBUG modssc.transductive.methods.gnn.common common.py:380: train_fullbatch epoch=160 val_loss=0.1169 bad_epochs=47/50
2026-02-02 17:03:07,671 DEBUG modssc.transductive.methods.gnn.common common.py:380: train_fullbatch epoch=161 val_loss=0.1238 bad_epochs=48/50
2026-02-02 17:03:07,680 DEBUG modssc.transductive.methods.gnn.common common.py:380: train_fullbatch epoch=162 val_loss=0.1321 bad_epochs=49/50
2026-02-02 17:03:07,689 DEBUG modssc.transductive.methods.gnn.common common.py:380: train_fullbatch epoch=163 val_loss=0.1453 bad_epochs=50/50
2026-02-02 17:03:07,689 DEBUG modssc.transductive.methods.gnn.common common.py:388: train_fullbatch early_stop epoch=163 best_epoch=113 best_val_loss=0.0957
2026-02-02 17:03:07,690 DEBUG modssc.transductive.methods.gnn.common common.py:399: train_fullbatch done n_epochs=164 best_epoch=113 best_val_loss=0.09573515504598618
2026-02-02 17:03:07,691 INFO modssc.transductive.methods.gnn.n_gcn n_gcn.py:289: Finished n_gcn.fit in 2.717s
2026-02-02 17:03:07,691 INFO bench.orchestrators.method_transductive method_transductive.py:218: Transductive method done: id=n_gcn duration_s=2.718
2026-02-02 17:03:07,691 INFO bench.orchestrators.evaluation evaluation.py:244: Evaluation (transductive): splits=['val', 'test'] metrics=['accuracy', 'macro_f1']
2026-02-02 17:03:07,693 INFO bench.orchestrators.evaluation evaluation.py:263: Evaluation (transductive) done: duration_s=0.003
2026-02-02 17:03:07,695 INFO bench.orchestrators.reporting reporting.py:54: Run summary written: /nfs/home/mbarbaux/ModSSC/runs/transductive/n_gcn/tabular/iris/best_tabular_transductive_n_gcn_iris-20260202T160304Z/run.json status=success duration_s=0.002
