2026-02-02 14:55:15,310 INFO bench.orchestrators.dataset dataset.py:36: Dataset start: id=citeseer download=True cache_dir=None
2026-02-02 14:55:15,310 DEBUG bench.orchestrators.dataset dataset.py:42: Dataset options: []
2026-02-02 14:55:15,313 DEBUG modssc.data_loader.providers __init__.py:38: Creating provider: pyg
2026-02-02 14:55:15,313 DEBUG modssc.data_loader.api api.py:316: Resolved dataset id=citeseer provider=pyg canonical_uri=pyg:Planetoid/CiteSeer
2026-02-02 14:55:15,313 INFO modssc.data_loader.api api.py:117: Dataset load: id=citeseer provider=pyg version=None fingerprint=3fb862b6bc9dc5b9bfd36e222d5bbeab653ca6c7a430c3accea136e424ca3744 download=True force=False cache_dir=/nfs/home/mbarbaux/ModSSC/cache/datasets
2026-02-02 14:55:15,313 DEBUG modssc.data_loader.api api.py:127: Dataset resolved_kwargs: {'dataset_class': 'Planetoid', 'dataset_kwargs': {'name': 'CiteSeer'}}
2026-02-02 14:55:15,325 DEBUG modssc.data_loader.api api.py:403: Loaded cached dataset: fingerprint=3fb862b6bc9dc5b9bfd36e222d5bbeab653ca6c7a430c3accea136e424ca3744
2026-02-02 14:55:15,325 INFO modssc.data_loader.api api.py:133: Dataset cached: id=citeseer train=3327 test=None n_classes=6 duration_s=0.015
2026-02-02 14:55:15,325 INFO bench.orchestrators.dataset dataset.py:54: Dataset loaded: train=3327 test=None graph=True fingerprint=3fb862b6bc9dc5b9bfd36e222d5bbeab653ca6c7a430c3accea136e424ca3744 provider=pyg
2026-02-02 14:55:15,325 INFO bench.orchestrators.dataset dataset.py:62: Dataset stage done: duration_s=0.015
2026-02-02 14:55:15,371 INFO bench.orchestrators.sampling sampling.py:86: Sampling start: seed=5 dataset_id=citeseer
2026-02-02 14:55:15,371 DEBUG bench.orchestrators.sampling sampling.py:87: Sampling plan: split={'kind': 'holdout', 'test_fraction': 0.2, 'val_fraction': 0.1, 'stratify': True, 'shuffle': True} labeling={'mode': 'fraction', 'value': 0.2, 'per_class': False, 'min_per_class': 1, 'strategy': 'balanced', 'fixed_indices': None} imbalance={'kind': 'none', 'apply_to': 'train', 'max_per_class': None, 'alpha': None, 'min_per_class': 1} policy={'respect_official_test': True, 'use_official_graph_masks': True, 'allow_override_official': False}
2026-02-02 14:55:15,371 DEBUG bench.orchestrators.sampling sampling.py:98: Sampling dataset_fingerprint=3fb862b6bc9dc5b9bfd36e222d5bbeab653ca6c7a430c3accea136e424ca3744
2026-02-02 14:55:15,371 INFO modssc.sampling.api api.py:99: Sampling start: dataset_id=citeseer dataset_fingerprint=3fb862b6bc9dc5b9bfd36e222d5bbeab653ca6c7a430c3accea136e424ca3744 seed=5 graph=True split=holdout
2026-02-02 14:55:15,371 DEBUG modssc.sampling.api api.py:107: Sampling plan: {'split': {'kind': 'holdout', 'test_fraction': 0.2, 'val_fraction': 0.1, 'stratify': True, 'shuffle': True}, 'labeling': {'mode': 'fraction', 'value': 0.2, 'per_class': False, 'min_per_class': 1, 'strategy': 'balanced', 'fixed_indices': None}, 'imbalance': {'kind': 'none', 'apply_to': 'train', 'max_per_class': None, 'alpha': None, 'min_per_class': 1}, 'policy': {'respect_official_test': True, 'use_official_graph_masks': True, 'allow_override_official': False}}
2026-02-02 14:55:15,382 INFO modssc.sampling.api api.py:141: Sampling done: train=120 val=500 test=1000 labeled=24 unlabeled=96 duration_s=0.011
2026-02-02 14:55:15,382 DEBUG modssc.sampling.api api.py:150: Sampling stats: {'nodes': 3327, 'train': 120, 'val': 500, 'test': 1000, 'labeled': 24, 'unlabeled': 96, 'labeled_class_dist': {'n': 24, 'classes': {'0': 4, '1': 4, '2': 4, '3': 4, '4': 4, '5': 4}}}
2026-02-02 14:55:15,382 INFO bench.orchestrators.sampling sampling.py:123: Sampling result: train=120 val=500 test=1000 labeled=24 unlabeled=96 graph=True
2026-02-02 14:55:15,382 DEBUG bench.orchestrators.sampling sampling.py:132: Sampling stats: {'nodes': 3327, 'train': 120, 'val': 500, 'test': 1000, 'labeled': 24, 'unlabeled': 96, 'labeled_class_dist': {'n': 24, 'classes': {'0': 4, '1': 4, '2': 4, '3': 4, '4': 4, '5': 4}}}
2026-02-02 14:55:15,382 INFO bench.orchestrators.sampling sampling.py:133: Sampling stage done: duration_s=0.011
Inductive method on graph dataset; converting graph masks to indices.
2026-02-02 14:55:15,382 INFO bench.orchestrators.preprocess preprocess.py:105: Preprocess start: seed=5 cache=True n_steps=4 fit_indices=24
2026-02-02 14:55:15,382 DEBUG bench.orchestrators.preprocess preprocess.py:112: Preprocess plan: output_key=features.X steps=['labels.encode', 'labels.to_torch', 'graph.sparse_adjacency', 'core.to_torch']
2026-02-02 14:55:15,383 INFO modssc.preprocess.api api.py:490: Preprocess start: dataset_fp=3fb862b6bc9dc5b9bfd36e222d5bbeab653ca6c7a430c3accea136e424ca3744 steps=['labels.encode', 'labels.to_torch', 'graph.sparse_adjacency', 'core.to_torch'] output_key=features.X seed=5 cache=True
2026-02-02 14:55:15,383 DEBUG modssc.preprocess.api api.py:498: Preprocess input shapes: train_X=(3327, 3703) train_y=(3327,) test_X=None test_y=None
2026-02-02 14:55:15,383 INFO modssc.preprocess.api api.py:505: Preprocess input size: train_data=47.2 MB test_data=n/a
2026-02-02 14:55:15,383 DEBUG modssc.preprocess.api api.py:521: Preprocess step start: id=labels.encode index=0 kind=transform params={}
2026-02-02 14:55:15,385 DEBUG modssc.preprocess.api api.py:605: Preprocess step train outputs: id=labels.encode keys=['labels.classes', 'labels.y'] duration_s=0.002
2026-02-02 14:55:15,385 INFO modssc.preprocess.api api.py:679: Preprocess step done: id=labels.encode index=0 duration_s=0.002 train_data=47.2 MB test_data=n/a
2026-02-02 14:55:15,385 DEBUG modssc.preprocess.api api.py:521: Preprocess step start: id=labels.to_torch index=1 kind=transform params={'device': 'auto', 'dtype': 'int64'}
2026-02-02 14:55:15,476 DEBUG modssc.preprocess.api api.py:605: Preprocess step train outputs: id=labels.to_torch keys=['labels.y'] duration_s=0.091
2026-02-02 14:55:15,476 INFO modssc.preprocess.api api.py:267: Preprocess GPU device: device=cuda:0 model=NVIDIA L40
2026-02-02 14:55:15,476 INFO modssc.preprocess.api api.py:679: Preprocess step done: id=labels.to_torch index=1 duration_s=0.091 train_data=47.2 MB test_data=n/a
2026-02-02 14:55:15,476 DEBUG modssc.preprocess.api api.py:521: Preprocess step start: id=graph.sparse_adjacency index=2 kind=transform params={'max_nodes': 20000, 'batch_size': 32, 'embed_epochs': 5, 'embed_lr': 0.01, 'undirected': True, 'device': 'auto'}
2026-02-02 14:55:15,479 WARNING modssc.preprocess.api api.py:575: Preprocess cache miss for graph.sparse_adjacency (train): Incomplete cached outputs for step 'graph.sparse_adjacency' (train)
2026-02-02 14:55:15,480 DEBUG modssc.preprocess.api api.py:605: Preprocess step train outputs: id=graph.sparse_adjacency keys=['features.X'] duration_s=0.003
2026-02-02 14:55:15,480 INFO modssc.preprocess.api api.py:679: Preprocess step done: id=graph.sparse_adjacency index=2 duration_s=0.003 train_data=47.3 MB test_data=n/a
2026-02-02 14:55:15,480 DEBUG modssc.preprocess.api api.py:521: Preprocess step start: id=core.to_torch index=3 kind=transform params={'device': 'auto', 'dtype': 'float32'}
2026-02-02 14:55:15,481 WARNING modssc.preprocess.api api.py:575: Preprocess cache miss for core.to_torch (train): Incomplete cached outputs for step 'core.to_torch' (train)
2026-02-02 14:55:15,484 DEBUG modssc.preprocess.api api.py:605: Preprocess step train outputs: id=core.to_torch keys=['features.X'] duration_s=0.005
2026-02-02 14:55:15,484 INFO modssc.preprocess.api api.py:679: Preprocess step done: id=core.to_torch index=3 duration_s=0.005 train_data=47.3 MB test_data=n/a
2026-02-02 14:55:15,484 INFO modssc.preprocess.api api.py:730: Preprocess done: dataset_fp=3fb862b6bc9dc5b9bfd36e222d5bbeab653ca6c7a430c3accea136e424ca3744 duration_s=0.102 train_X=None test_X=None
2026-02-02 14:55:15,484 INFO bench.orchestrators.preprocess preprocess.py:124: Preprocess result: fingerprint=preprocess:aa9a18f8888ae8bfd7b23144deb24cb21beda62d98043ce05c45e4b777de76e6 plan_fingerprint=resolved_plan:95213a523f045acfbe48296ceac122bc48b9fd73dbd5843390244a44a4946c42 cache_dir=/nfs/home/mbarbaux/ModSSC/cache/preprocess/3fb862b6bc9dc5b9bfd36e222d5bbeab653ca6c7a430c3accea136e424ca3744 skipped=[]
2026-02-02 14:55:15,484 DEBUG bench.orchestrators.preprocess preprocess.py:131: Preprocess output shapes: train_X=None test_X=None
2026-02-02 14:55:15,484 INFO bench.orchestrators.preprocess preprocess.py:136: Preprocess stage done: duration_s=0.102
2026-02-02 14:55:17,587 INFO bench.orchestrators.augmentation augmentation.py:66: Augmentation start: mode=fixed modality=tabular seed=5 n_samples=96 strong_views=1
2026-02-02 14:55:17,587 DEBUG bench.orchestrators.augmentation augmentation.py:74: Augmentation steps: weak=['tabular.gaussian_noise'] strong=['tabular.feature_dropout']
2026-02-02 14:55:17,612 INFO bench.orchestrators.augmentation augmentation.py:191: Augmentation done: duration_s=0.026
2026-02-02 14:55:17,613 DEBUG bench.orchestrators.augmentation augmentation.py:192: Augmentation output shapes: weak=(96, 3703) strong=(96, 3703) strong_1=None
2026-02-02 14:55:17,613 INFO bench.orchestrators.method_inductive method_inductive.py:441: Inductive method start: id=deep_co_training seed=3274374610 device=auto dtype=float32 model=graphsage_inductive
2026-02-02 14:55:17,613 DEBUG bench.orchestrators.method_inductive method_inductive.py:470: Inductive method params: {'lambda_cot': 1.0, 'lambda_dif': 1.0, 'adv_eps': 0.03, 'batch_size': 128, 'max_epochs': 50, 'freeze_bn': True, 'detach_target': True}
2026-02-02 14:55:17,613 INFO bench.orchestrators.method_inductive method_inductive.py:476: Inductive method data: n_labeled=24 n_unlabeled=96
2026-02-02 14:55:17,659 INFO modssc.inductive.methods.deep_co_training deep_co_training.py:209: Starting deep_co_training.fit
2026-02-02 14:55:17,659 DEBUG modssc.inductive.methods.deep_co_training deep_co_training.py:210: params lambda_cot=1.0 lambda_dif=1.0 adv_eps=0.03 batch_size=128 max_epochs=50 freeze_bn=True detach_target=True adv_clip_min=None adv_clip_max=None has_bundle_1=True has_bundle_2=True device=DeviceSpec(device='auto', dtype='float32') seed=3274374610
2026-02-02 14:55:17,659 INFO modssc.inductive.methods.deep_co_training deep_co_training.py:263: Deep Co-Training sizes: n_labeled=24 n_unlabeled=96
2026-02-02 14:55:17,822 DEBUG modssc.inductive.methods.deep_co_training deep_co_training.py:478: Deep Co-Training epoch=0 step=0 loss=7.1648 sup=3.5816 cot=0.0003 dif=3.5830
2026-02-02 14:55:17,831 DEBUG modssc.inductive.methods.deep_co_training deep_co_training.py:478: Deep Co-Training epoch=1 step=0 loss=7.0398 sup=3.4572 cot=0.0002 dif=3.5825
2026-02-02 14:55:17,839 DEBUG modssc.inductive.methods.deep_co_training deep_co_training.py:478: Deep Co-Training epoch=2 step=0 loss=6.9307 sup=3.3490 cot=0.0001 dif=3.5816
2026-02-02 14:55:17,847 DEBUG modssc.inductive.methods.deep_co_training deep_co_training.py:478: Deep Co-Training epoch=3 step=0 loss=6.8225 sup=3.2417 cot=0.0001 dif=3.5807
2026-02-02 14:55:17,854 DEBUG modssc.inductive.methods.deep_co_training deep_co_training.py:478: Deep Co-Training epoch=4 step=0 loss=6.7224 sup=3.1427 cot=0.0001 dif=3.5796
2026-02-02 14:55:17,862 DEBUG modssc.inductive.methods.deep_co_training deep_co_training.py:478: Deep Co-Training epoch=5 step=0 loss=6.6145 sup=3.0362 cot=0.0001 dif=3.5782
2026-02-02 14:55:17,870 DEBUG modssc.inductive.methods.deep_co_training deep_co_training.py:478: Deep Co-Training epoch=6 step=0 loss=6.5193 sup=2.9431 cot=0.0001 dif=3.5761
2026-02-02 14:55:17,878 DEBUG modssc.inductive.methods.deep_co_training deep_co_training.py:478: Deep Co-Training epoch=7 step=0 loss=6.4006 sup=2.8270 cot=0.0001 dif=3.5736
2026-02-02 14:55:17,886 DEBUG modssc.inductive.methods.deep_co_training deep_co_training.py:478: Deep Co-Training epoch=8 step=0 loss=6.2819 sup=2.7119 cot=0.0001 dif=3.5700
2026-02-02 14:55:17,894 DEBUG modssc.inductive.methods.deep_co_training deep_co_training.py:478: Deep Co-Training epoch=9 step=0 loss=6.1615 sup=2.5959 cot=0.0001 dif=3.5655
2026-02-02 14:55:17,901 DEBUG modssc.inductive.methods.deep_co_training deep_co_training.py:478: Deep Co-Training epoch=10 step=0 loss=6.0171 sup=2.4575 cot=0.0001 dif=3.5596
2026-02-02 14:55:17,909 DEBUG modssc.inductive.methods.deep_co_training deep_co_training.py:478: Deep Co-Training epoch=11 step=0 loss=5.8905 sup=2.3381 cot=0.0001 dif=3.5523
2026-02-02 14:55:17,917 DEBUG modssc.inductive.methods.deep_co_training deep_co_training.py:478: Deep Co-Training epoch=12 step=0 loss=5.7530 sup=2.2091 cot=0.0001 dif=3.5438
2026-02-02 14:55:17,925 DEBUG modssc.inductive.methods.deep_co_training deep_co_training.py:478: Deep Co-Training epoch=13 step=0 loss=5.6108 sup=2.0770 cot=0.0001 dif=3.5336
2026-02-02 14:55:17,933 DEBUG modssc.inductive.methods.deep_co_training deep_co_training.py:478: Deep Co-Training epoch=14 step=0 loss=5.4677 sup=1.9461 cot=0.0001 dif=3.5214
2026-02-02 14:55:17,940 DEBUG modssc.inductive.methods.deep_co_training deep_co_training.py:478: Deep Co-Training epoch=15 step=0 loss=5.3086 sup=1.8021 cot=0.0002 dif=3.5063
2026-02-02 14:55:17,948 DEBUG modssc.inductive.methods.deep_co_training deep_co_training.py:478: Deep Co-Training epoch=16 step=0 loss=5.1572 sup=1.6679 cot=0.0002 dif=3.4891
2026-02-02 14:55:17,956 DEBUG modssc.inductive.methods.deep_co_training deep_co_training.py:478: Deep Co-Training epoch=17 step=0 loss=5.0082 sup=1.5383 cot=0.0002 dif=3.4696
2026-02-02 14:55:17,964 DEBUG modssc.inductive.methods.deep_co_training deep_co_training.py:478: Deep Co-Training epoch=18 step=0 loss=4.8827 sup=1.4321 cot=0.0002 dif=3.4503
2026-02-02 14:55:17,971 DEBUG modssc.inductive.methods.deep_co_training deep_co_training.py:478: Deep Co-Training epoch=19 step=0 loss=4.7002 sup=1.2780 cot=0.0003 dif=3.4218
2026-02-02 14:55:17,979 DEBUG modssc.inductive.methods.deep_co_training deep_co_training.py:478: Deep Co-Training epoch=20 step=0 loss=4.5802 sup=1.1816 cot=0.0003 dif=3.3982
2026-02-02 14:55:17,987 DEBUG modssc.inductive.methods.deep_co_training deep_co_training.py:478: Deep Co-Training epoch=21 step=0 loss=4.4342 sup=1.0641 cot=0.0004 dif=3.3696
2026-02-02 14:55:17,995 DEBUG modssc.inductive.methods.deep_co_training deep_co_training.py:478: Deep Co-Training epoch=22 step=0 loss=4.3162 sup=0.9732 cot=0.0005 dif=3.3426
2026-02-02 14:55:18,003 DEBUG modssc.inductive.methods.deep_co_training deep_co_training.py:478: Deep Co-Training epoch=23 step=0 loss=4.2196 sup=0.8984 cot=0.0005 dif=3.3207
2026-02-02 14:55:18,010 DEBUG modssc.inductive.methods.deep_co_training deep_co_training.py:478: Deep Co-Training epoch=24 step=0 loss=4.0743 sup=0.7911 cot=0.0005 dif=3.2827
2026-02-02 14:55:18,018 DEBUG modssc.inductive.methods.deep_co_training deep_co_training.py:478: Deep Co-Training epoch=25 step=0 loss=3.9211 sup=0.6790 cot=0.0006 dif=3.2415
2026-02-02 14:55:18,026 DEBUG modssc.inductive.methods.deep_co_training deep_co_training.py:478: Deep Co-Training epoch=26 step=0 loss=3.7897 sup=0.5866 cot=0.0007 dif=3.2024
2026-02-02 14:55:18,034 DEBUG modssc.inductive.methods.deep_co_training deep_co_training.py:478: Deep Co-Training epoch=27 step=0 loss=3.7203 sup=0.5413 cot=0.0007 dif=3.1782
2026-02-02 14:55:18,042 DEBUG modssc.inductive.methods.deep_co_training deep_co_training.py:478: Deep Co-Training epoch=28 step=0 loss=3.6062 sup=0.4654 cot=0.0008 dif=3.1400
2026-02-02 14:55:18,049 DEBUG modssc.inductive.methods.deep_co_training deep_co_training.py:478: Deep Co-Training epoch=29 step=0 loss=3.5335 sup=0.4203 cot=0.0009 dif=3.1124
2026-02-02 14:55:18,057 DEBUG modssc.inductive.methods.deep_co_training deep_co_training.py:478: Deep Co-Training epoch=30 step=0 loss=3.4574 sup=0.3749 cot=0.0009 dif=3.0816
2026-02-02 14:55:18,065 DEBUG modssc.inductive.methods.deep_co_training deep_co_training.py:478: Deep Co-Training epoch=31 step=0 loss=3.3797 sup=0.3263 cot=0.0009 dif=3.0525
2026-02-02 14:55:18,072 DEBUG modssc.inductive.methods.deep_co_training deep_co_training.py:478: Deep Co-Training epoch=32 step=0 loss=3.3090 sup=0.2871 cot=0.0010 dif=3.0209
2026-02-02 14:55:18,080 DEBUG modssc.inductive.methods.deep_co_training deep_co_training.py:478: Deep Co-Training epoch=33 step=0 loss=3.2495 sup=0.2560 cot=0.0011 dif=2.9925
2026-02-02 14:55:18,088 DEBUG modssc.inductive.methods.deep_co_training deep_co_training.py:478: Deep Co-Training epoch=34 step=0 loss=3.2049 sup=0.2337 cot=0.0011 dif=2.9701
2026-02-02 14:55:18,096 DEBUG modssc.inductive.methods.deep_co_training deep_co_training.py:478: Deep Co-Training epoch=35 step=0 loss=3.1311 sup=0.1937 cot=0.0012 dif=2.9362
2026-02-02 14:55:18,104 DEBUG modssc.inductive.methods.deep_co_training deep_co_training.py:478: Deep Co-Training epoch=36 step=0 loss=3.1050 sup=0.1803 cot=0.0013 dif=2.9233
2026-02-02 14:55:18,112 DEBUG modssc.inductive.methods.deep_co_training deep_co_training.py:478: Deep Co-Training epoch=37 step=0 loss=3.0643 sup=0.1615 cot=0.0012 dif=2.9016
2026-02-02 14:55:18,119 DEBUG modssc.inductive.methods.deep_co_training deep_co_training.py:478: Deep Co-Training epoch=38 step=0 loss=3.0014 sup=0.1316 cot=0.0014 dif=2.8684
2026-02-02 14:55:18,127 DEBUG modssc.inductive.methods.deep_co_training deep_co_training.py:478: Deep Co-Training epoch=39 step=0 loss=2.9990 sup=0.1343 cot=0.0015 dif=2.8632
2026-02-02 14:55:18,135 DEBUG modssc.inductive.methods.deep_co_training deep_co_training.py:478: Deep Co-Training epoch=40 step=0 loss=2.9546 sup=0.1151 cot=0.0015 dif=2.8380
2026-02-02 14:55:18,143 DEBUG modssc.inductive.methods.deep_co_training deep_co_training.py:478: Deep Co-Training epoch=41 step=0 loss=2.9164 sup=0.0978 cot=0.0017 dif=2.8170
2026-02-02 14:55:18,151 DEBUG modssc.inductive.methods.deep_co_training deep_co_training.py:478: Deep Co-Training epoch=42 step=0 loss=2.9019 sup=0.0950 cot=0.0014 dif=2.8054
2026-02-02 14:55:18,158 DEBUG modssc.inductive.methods.deep_co_training deep_co_training.py:478: Deep Co-Training epoch=43 step=0 loss=2.8762 sup=0.0848 cot=0.0015 dif=2.7898
2026-02-02 14:55:18,166 DEBUG modssc.inductive.methods.deep_co_training deep_co_training.py:478: Deep Co-Training epoch=44 step=0 loss=2.8456 sup=0.0728 cot=0.0018 dif=2.7710
2026-02-02 14:55:18,174 DEBUG modssc.inductive.methods.deep_co_training deep_co_training.py:478: Deep Co-Training epoch=45 step=0 loss=2.8411 sup=0.0749 cot=0.0016 dif=2.7646
2026-02-02 14:55:18,182 DEBUG modssc.inductive.methods.deep_co_training deep_co_training.py:478: Deep Co-Training epoch=46 step=0 loss=2.8119 sup=0.0646 cot=0.0018 dif=2.7455
2026-02-02 14:55:18,189 DEBUG modssc.inductive.methods.deep_co_training deep_co_training.py:478: Deep Co-Training epoch=47 step=0 loss=2.7905 sup=0.0585 cot=0.0017 dif=2.7303
2026-02-02 14:55:18,198 DEBUG modssc.inductive.methods.deep_co_training deep_co_training.py:478: Deep Co-Training epoch=48 step=0 loss=2.7649 sup=0.0527 cot=0.0019 dif=2.7103
2026-02-02 14:55:18,205 DEBUG modssc.inductive.methods.deep_co_training deep_co_training.py:478: Deep Co-Training epoch=49 step=0 loss=2.7435 sup=0.0477 cot=0.0016 dif=2.6942
2026-02-02 14:55:18,205 INFO modssc.inductive.methods.deep_co_training deep_co_training.py:491: Finished deep_co_training.fit in 0.546s
2026-02-02 14:55:18,206 INFO bench.orchestrators.method_inductive method_inductive.py:550: Inductive method done: id=deep_co_training duration_s=0.593
2026-02-02 14:55:18,206 INFO bench.orchestrators.evaluation evaluation.py:189: Evaluation (inductive): splits=['val', 'test'] metrics=['accuracy', 'macro_f1']
2026-02-02 14:55:18,217 INFO bench.orchestrators.evaluation evaluation.py:231: Evaluation (inductive) done: duration_s=0.011
2026-02-02 14:55:18,218 INFO bench.orchestrators.reporting reporting.py:54: Run summary written: /nfs/home/mbarbaux/ModSSC/runs/inductive/deep_co_training/graph/citeseer/best_graph_inductive_deep_co_training_citeseer-20260202T135515Z/run.json status=success duration_s=0.001
