2026-02-02 15:18:45,213 INFO bench.orchestrators.dataset dataset.py:36: Dataset start: id=pubmed download=True cache_dir=None
2026-02-02 15:18:45,213 DEBUG bench.orchestrators.dataset dataset.py:42: Dataset options: []
2026-02-02 15:18:45,216 DEBUG modssc.data_loader.providers __init__.py:38: Creating provider: pyg
2026-02-02 15:18:45,217 DEBUG modssc.data_loader.api api.py:316: Resolved dataset id=pubmed provider=pyg canonical_uri=pyg:Planetoid/PubMed
2026-02-02 15:18:45,217 INFO modssc.data_loader.api api.py:117: Dataset load: id=pubmed provider=pyg version=None fingerprint=33662ee2dd9f5386a1eb7438c7e711640858805e93f8cee2bfe9beda2eb3499a download=True force=False cache_dir=/nfs/home/mbarbaux/ModSSC/cache/datasets
2026-02-02 15:18:45,217 DEBUG modssc.data_loader.api api.py:127: Dataset resolved_kwargs: {'dataset_class': 'Planetoid', 'dataset_kwargs': {'name': 'PubMed'}}
2026-02-02 15:18:45,227 DEBUG modssc.data_loader.api api.py:403: Loaded cached dataset: fingerprint=33662ee2dd9f5386a1eb7438c7e711640858805e93f8cee2bfe9beda2eb3499a
2026-02-02 15:18:45,227 INFO modssc.data_loader.api api.py:133: Dataset cached: id=pubmed train=19717 test=None n_classes=3 duration_s=0.014
2026-02-02 15:18:45,227 INFO bench.orchestrators.dataset dataset.py:54: Dataset loaded: train=19717 test=None graph=True fingerprint=33662ee2dd9f5386a1eb7438c7e711640858805e93f8cee2bfe9beda2eb3499a provider=pyg
2026-02-02 15:18:45,227 INFO bench.orchestrators.dataset dataset.py:62: Dataset stage done: duration_s=0.014
2026-02-02 15:18:45,273 INFO bench.orchestrators.sampling sampling.py:86: Sampling start: seed=5 dataset_id=pubmed
2026-02-02 15:18:45,273 DEBUG bench.orchestrators.sampling sampling.py:87: Sampling plan: split={'kind': 'holdout', 'test_fraction': 0.2, 'val_fraction': 0.1, 'stratify': True, 'shuffle': True} labeling={'mode': 'fraction', 'value': 0.2, 'per_class': False, 'min_per_class': 1, 'strategy': 'balanced', 'fixed_indices': None} imbalance={'kind': 'none', 'apply_to': 'train', 'max_per_class': None, 'alpha': None, 'min_per_class': 1} policy={'respect_official_test': True, 'use_official_graph_masks': True, 'allow_override_official': False}
2026-02-02 15:18:45,273 DEBUG bench.orchestrators.sampling sampling.py:98: Sampling dataset_fingerprint=33662ee2dd9f5386a1eb7438c7e711640858805e93f8cee2bfe9beda2eb3499a
2026-02-02 15:18:45,273 INFO modssc.sampling.api api.py:99: Sampling start: dataset_id=pubmed dataset_fingerprint=33662ee2dd9f5386a1eb7438c7e711640858805e93f8cee2bfe9beda2eb3499a seed=5 graph=True split=holdout
2026-02-02 15:18:45,273 DEBUG modssc.sampling.api api.py:107: Sampling plan: {'split': {'kind': 'holdout', 'test_fraction': 0.2, 'val_fraction': 0.1, 'stratify': True, 'shuffle': True}, 'labeling': {'mode': 'fraction', 'value': 0.2, 'per_class': False, 'min_per_class': 1, 'strategy': 'balanced', 'fixed_indices': None}, 'imbalance': {'kind': 'none', 'apply_to': 'train', 'max_per_class': None, 'alpha': None, 'min_per_class': 1}, 'policy': {'respect_official_test': True, 'use_official_graph_masks': True, 'allow_override_official': False}}
2026-02-02 15:18:45,285 INFO modssc.sampling.api api.py:141: Sampling done: train=60 val=500 test=1000 labeled=12 unlabeled=48 duration_s=0.012
2026-02-02 15:18:45,285 DEBUG modssc.sampling.api api.py:150: Sampling stats: {'nodes': 19717, 'train': 60, 'val': 500, 'test': 1000, 'labeled': 12, 'unlabeled': 48, 'labeled_class_dist': {'n': 12, 'classes': {'0': 4, '1': 4, '2': 4}}}
2026-02-02 15:18:45,285 INFO bench.orchestrators.sampling sampling.py:123: Sampling result: train=60 val=500 test=1000 labeled=12 unlabeled=48 graph=True
2026-02-02 15:18:45,285 DEBUG bench.orchestrators.sampling sampling.py:132: Sampling stats: {'nodes': 19717, 'train': 60, 'val': 500, 'test': 1000, 'labeled': 12, 'unlabeled': 48, 'labeled_class_dist': {'n': 12, 'classes': {'0': 4, '1': 4, '2': 4}}}
2026-02-02 15:18:45,285 INFO bench.orchestrators.sampling sampling.py:133: Sampling stage done: duration_s=0.013
Inductive method on graph dataset; converting graph masks to indices.
2026-02-02 15:18:45,285 INFO bench.orchestrators.preprocess preprocess.py:105: Preprocess start: seed=5 cache=True n_steps=4 fit_indices=12
2026-02-02 15:18:45,285 DEBUG bench.orchestrators.preprocess preprocess.py:112: Preprocess plan: output_key=features.X steps=['labels.encode', 'labels.to_torch', 'graph.sparse_adjacency', 'core.to_torch']
2026-02-02 15:18:45,285 INFO modssc.preprocess.api api.py:490: Preprocess start: dataset_fp=33662ee2dd9f5386a1eb7438c7e711640858805e93f8cee2bfe9beda2eb3499a steps=['labels.encode', 'labels.to_torch', 'graph.sparse_adjacency', 'core.to_torch'] output_key=features.X seed=5 cache=True
2026-02-02 15:18:45,285 DEBUG modssc.preprocess.api api.py:498: Preprocess input shapes: train_X=(19717, 500) train_y=(19717,) test_X=None test_y=None
2026-02-02 15:18:45,285 INFO modssc.preprocess.api api.py:505: Preprocess input size: train_data=39.2 MB test_data=n/a
2026-02-02 15:18:45,286 DEBUG modssc.preprocess.api api.py:521: Preprocess step start: id=labels.encode index=0 kind=transform params={}
2026-02-02 15:18:45,288 DEBUG modssc.preprocess.api api.py:605: Preprocess step train outputs: id=labels.encode keys=['labels.classes', 'labels.y'] duration_s=0.003
2026-02-02 15:18:45,289 INFO modssc.preprocess.api api.py:679: Preprocess step done: id=labels.encode index=0 duration_s=0.003 train_data=39.2 MB test_data=n/a
2026-02-02 15:18:45,289 DEBUG modssc.preprocess.api api.py:521: Preprocess step start: id=labels.to_torch index=1 kind=transform params={'device': 'auto', 'dtype': 'int64'}
2026-02-02 15:18:45,380 DEBUG modssc.preprocess.api api.py:605: Preprocess step train outputs: id=labels.to_torch keys=['labels.y'] duration_s=0.091
2026-02-02 15:18:45,380 INFO modssc.preprocess.api api.py:267: Preprocess GPU device: device=cuda:0 model=NVIDIA L40
2026-02-02 15:18:45,380 INFO modssc.preprocess.api api.py:679: Preprocess step done: id=labels.to_torch index=1 duration_s=0.092 train_data=39.2 MB test_data=n/a
2026-02-02 15:18:45,380 DEBUG modssc.preprocess.api api.py:521: Preprocess step start: id=graph.sparse_adjacency index=2 kind=transform params={'max_nodes': 20000, 'batch_size': 32, 'embed_epochs': 5, 'embed_lr': 0.01, 'undirected': True, 'device': 'auto'}
2026-02-02 15:18:45,383 WARNING modssc.preprocess.api api.py:575: Preprocess cache miss for graph.sparse_adjacency (train): Incomplete cached outputs for step 'graph.sparse_adjacency' (train)
2026-02-02 15:18:45,384 DEBUG modssc.preprocess.api api.py:605: Preprocess step train outputs: id=graph.sparse_adjacency keys=['features.X'] duration_s=0.004
2026-02-02 15:18:45,384 INFO modssc.preprocess.api api.py:679: Preprocess step done: id=graph.sparse_adjacency index=2 duration_s=0.004 train_data=40.5 MB test_data=n/a
2026-02-02 15:18:45,384 DEBUG modssc.preprocess.api api.py:521: Preprocess step start: id=core.to_torch index=3 kind=transform params={'device': 'auto', 'dtype': 'float32'}
2026-02-02 15:18:45,386 WARNING modssc.preprocess.api api.py:575: Preprocess cache miss for core.to_torch (train): Incomplete cached outputs for step 'core.to_torch' (train)
2026-02-02 15:18:45,389 DEBUG modssc.preprocess.api api.py:605: Preprocess step train outputs: id=core.to_torch keys=['features.X'] duration_s=0.005
2026-02-02 15:18:45,389 INFO modssc.preprocess.api api.py:679: Preprocess step done: id=core.to_torch index=3 duration_s=0.005 train_data=40.5 MB test_data=n/a
2026-02-02 15:18:45,389 INFO modssc.preprocess.api api.py:730: Preprocess done: dataset_fp=33662ee2dd9f5386a1eb7438c7e711640858805e93f8cee2bfe9beda2eb3499a duration_s=0.104 train_X=None test_X=None
2026-02-02 15:18:45,389 INFO bench.orchestrators.preprocess preprocess.py:124: Preprocess result: fingerprint=preprocess:584d87f3e51ad43dbb76f2111dd9667b5f1d4499adb725baefb05b6fc64659f8 plan_fingerprint=resolved_plan:95213a523f045acfbe48296ceac122bc48b9fd73dbd5843390244a44a4946c42 cache_dir=/nfs/home/mbarbaux/ModSSC/cache/preprocess/33662ee2dd9f5386a1eb7438c7e711640858805e93f8cee2bfe9beda2eb3499a skipped=[]
2026-02-02 15:18:45,389 DEBUG bench.orchestrators.preprocess preprocess.py:131: Preprocess output shapes: train_X=None test_X=None
2026-02-02 15:18:45,389 INFO bench.orchestrators.preprocess preprocess.py:136: Preprocess stage done: duration_s=0.104
2026-02-02 15:18:47,447 INFO bench.orchestrators.augmentation augmentation.py:66: Augmentation start: mode=fixed modality=tabular seed=5 n_samples=48 strong_views=1
2026-02-02 15:18:47,447 DEBUG bench.orchestrators.augmentation augmentation.py:74: Augmentation steps: weak=['tabular.gaussian_noise'] strong=['tabular.feature_dropout']
2026-02-02 15:18:47,464 INFO bench.orchestrators.augmentation augmentation.py:191: Augmentation done: duration_s=0.017
2026-02-02 15:18:47,464 DEBUG bench.orchestrators.augmentation augmentation.py:192: Augmentation output shapes: weak=(48, 500) strong=(48, 500) strong_1=None
2026-02-02 15:18:47,464 INFO bench.orchestrators.method_inductive method_inductive.py:441: Inductive method start: id=deep_co_training seed=3274374610 device=auto dtype=float32 model=graphsage_inductive
2026-02-02 15:18:47,464 DEBUG bench.orchestrators.method_inductive method_inductive.py:470: Inductive method params: {'lambda_cot': 1.0, 'lambda_dif': 1.0, 'adv_eps': 0.03, 'batch_size': 128, 'max_epochs': 50, 'freeze_bn': True, 'detach_target': True}
2026-02-02 15:18:47,464 INFO bench.orchestrators.method_inductive method_inductive.py:476: Inductive method data: n_labeled=12 n_unlabeled=48
2026-02-02 15:18:47,499 INFO modssc.inductive.methods.deep_co_training deep_co_training.py:209: Starting deep_co_training.fit
2026-02-02 15:18:47,499 DEBUG modssc.inductive.methods.deep_co_training deep_co_training.py:210: params lambda_cot=1.0 lambda_dif=1.0 adv_eps=0.03 batch_size=128 max_epochs=50 freeze_bn=True detach_target=True adv_clip_min=None adv_clip_max=None has_bundle_1=True has_bundle_2=True device=DeviceSpec(device='auto', dtype='float32') seed=3274374610
2026-02-02 15:18:47,499 INFO modssc.inductive.methods.deep_co_training deep_co_training.py:263: Deep Co-Training sizes: n_labeled=12 n_unlabeled=48
2026-02-02 15:18:47,664 DEBUG modssc.inductive.methods.deep_co_training deep_co_training.py:478: Deep Co-Training epoch=0 step=0 loss=4.3968 sup=2.1978 cot=0.0003 dif=2.1987
2026-02-02 15:18:47,673 DEBUG modssc.inductive.methods.deep_co_training deep_co_training.py:478: Deep Co-Training epoch=1 step=0 loss=4.3916 sup=2.1934 cot=0.0002 dif=2.1980
2026-02-02 15:18:47,680 DEBUG modssc.inductive.methods.deep_co_training deep_co_training.py:478: Deep Co-Training epoch=2 step=0 loss=4.3827 sup=2.1849 cot=0.0002 dif=2.1976
2026-02-02 15:18:47,688 DEBUG modssc.inductive.methods.deep_co_training deep_co_training.py:478: Deep Co-Training epoch=3 step=0 loss=4.3735 sup=2.1759 cot=0.0002 dif=2.1974
2026-02-02 15:18:47,695 DEBUG modssc.inductive.methods.deep_co_training deep_co_training.py:478: Deep Co-Training epoch=4 step=0 loss=4.3672 sup=2.1697 cot=0.0001 dif=2.1974
2026-02-02 15:18:47,703 DEBUG modssc.inductive.methods.deep_co_training deep_co_training.py:478: Deep Co-Training epoch=5 step=0 loss=4.3599 sup=2.1622 cot=0.0001 dif=2.1975
2026-02-02 15:18:47,710 DEBUG modssc.inductive.methods.deep_co_training deep_co_training.py:478: Deep Co-Training epoch=6 step=0 loss=4.3512 sup=2.1536 cot=0.0001 dif=2.1975
2026-02-02 15:18:47,717 DEBUG modssc.inductive.methods.deep_co_training deep_co_training.py:478: Deep Co-Training epoch=7 step=0 loss=4.3432 sup=2.1454 cot=0.0001 dif=2.1977
2026-02-02 15:18:47,725 DEBUG modssc.inductive.methods.deep_co_training deep_co_training.py:478: Deep Co-Training epoch=8 step=0 loss=4.3370 sup=2.1391 cot=0.0001 dif=2.1978
2026-02-02 15:18:47,732 DEBUG modssc.inductive.methods.deep_co_training deep_co_training.py:478: Deep Co-Training epoch=9 step=0 loss=4.3263 sup=2.1284 cot=0.0000 dif=2.1979
2026-02-02 15:18:47,739 DEBUG modssc.inductive.methods.deep_co_training deep_co_training.py:478: Deep Co-Training epoch=10 step=0 loss=4.3197 sup=2.1217 cot=0.0000 dif=2.1980
2026-02-02 15:18:47,747 DEBUG modssc.inductive.methods.deep_co_training deep_co_training.py:478: Deep Co-Training epoch=11 step=0 loss=4.3083 sup=2.1103 cot=0.0000 dif=2.1979
2026-02-02 15:18:47,754 DEBUG modssc.inductive.methods.deep_co_training deep_co_training.py:478: Deep Co-Training epoch=12 step=0 loss=4.3005 sup=2.1025 cot=0.0000 dif=2.1979
2026-02-02 15:18:47,761 DEBUG modssc.inductive.methods.deep_co_training deep_co_training.py:478: Deep Co-Training epoch=13 step=0 loss=4.2917 sup=2.0938 cot=0.0000 dif=2.1979
2026-02-02 15:18:47,769 DEBUG modssc.inductive.methods.deep_co_training deep_co_training.py:478: Deep Co-Training epoch=14 step=0 loss=4.2803 sup=2.0825 cot=0.0000 dif=2.1978
2026-02-02 15:18:47,776 DEBUG modssc.inductive.methods.deep_co_training deep_co_training.py:478: Deep Co-Training epoch=15 step=0 loss=4.2670 sup=2.0692 cot=0.0000 dif=2.1978
2026-02-02 15:18:47,784 DEBUG modssc.inductive.methods.deep_co_training deep_co_training.py:478: Deep Co-Training epoch=16 step=0 loss=4.2579 sup=2.0600 cot=0.0000 dif=2.1979
2026-02-02 15:18:47,791 DEBUG modssc.inductive.methods.deep_co_training deep_co_training.py:478: Deep Co-Training epoch=17 step=0 loss=4.2473 sup=2.0492 cot=0.0000 dif=2.1980
2026-02-02 15:18:47,798 DEBUG modssc.inductive.methods.deep_co_training deep_co_training.py:478: Deep Co-Training epoch=18 step=0 loss=4.2358 sup=2.0378 cot=0.0000 dif=2.1980
2026-02-02 15:18:47,806 DEBUG modssc.inductive.methods.deep_co_training deep_co_training.py:478: Deep Co-Training epoch=19 step=0 loss=4.2242 sup=2.0261 cot=0.0000 dif=2.1980
2026-02-02 15:18:47,813 DEBUG modssc.inductive.methods.deep_co_training deep_co_training.py:478: Deep Co-Training epoch=20 step=0 loss=4.2097 sup=2.0117 cot=0.0000 dif=2.1980
2026-02-02 15:18:47,821 DEBUG modssc.inductive.methods.deep_co_training deep_co_training.py:478: Deep Co-Training epoch=21 step=0 loss=4.1941 sup=1.9956 cot=0.0001 dif=2.1984
2026-02-02 15:18:47,828 DEBUG modssc.inductive.methods.deep_co_training deep_co_training.py:478: Deep Co-Training epoch=22 step=0 loss=4.1846 sup=1.9865 cot=0.0001 dif=2.1980
2026-02-02 15:18:47,836 DEBUG modssc.inductive.methods.deep_co_training deep_co_training.py:478: Deep Co-Training epoch=23 step=0 loss=4.1660 sup=1.9676 cot=0.0001 dif=2.1983
2026-02-02 15:18:47,843 DEBUG modssc.inductive.methods.deep_co_training deep_co_training.py:478: Deep Co-Training epoch=24 step=0 loss=4.1582 sup=1.9602 cot=0.0001 dif=2.1979
2026-02-02 15:18:47,850 DEBUG modssc.inductive.methods.deep_co_training deep_co_training.py:478: Deep Co-Training epoch=25 step=0 loss=4.1377 sup=1.9399 cot=0.0001 dif=2.1978
2026-02-02 15:18:47,858 DEBUG modssc.inductive.methods.deep_co_training deep_co_training.py:478: Deep Co-Training epoch=26 step=0 loss=4.1268 sup=1.9292 cot=0.0001 dif=2.1975
2026-02-02 15:18:47,865 DEBUG modssc.inductive.methods.deep_co_training deep_co_training.py:478: Deep Co-Training epoch=27 step=0 loss=4.1117 sup=1.9144 cot=0.0001 dif=2.1973
2026-02-02 15:18:47,873 DEBUG modssc.inductive.methods.deep_co_training deep_co_training.py:478: Deep Co-Training epoch=28 step=0 loss=4.0952 sup=1.8985 cot=0.0001 dif=2.1967
2026-02-02 15:18:47,880 DEBUG modssc.inductive.methods.deep_co_training deep_co_training.py:478: Deep Co-Training epoch=29 step=0 loss=4.0769 sup=1.8801 cot=0.0001 dif=2.1967
2026-02-02 15:18:47,887 DEBUG modssc.inductive.methods.deep_co_training deep_co_training.py:478: Deep Co-Training epoch=30 step=0 loss=4.0577 sup=1.8612 cot=0.0001 dif=2.1964
2026-02-02 15:18:47,895 DEBUG modssc.inductive.methods.deep_co_training deep_co_training.py:478: Deep Co-Training epoch=31 step=0 loss=4.0448 sup=1.8489 cot=0.0001 dif=2.1958
2026-02-02 15:18:47,902 DEBUG modssc.inductive.methods.deep_co_training deep_co_training.py:478: Deep Co-Training epoch=32 step=0 loss=4.0221 sup=1.8269 cot=0.0002 dif=2.1951
2026-02-02 15:18:47,910 DEBUG modssc.inductive.methods.deep_co_training deep_co_training.py:478: Deep Co-Training epoch=33 step=0 loss=4.0074 sup=1.8127 cot=0.0002 dif=2.1945
2026-02-02 15:18:47,917 DEBUG modssc.inductive.methods.deep_co_training deep_co_training.py:478: Deep Co-Training epoch=34 step=0 loss=3.9892 sup=1.7952 cot=0.0002 dif=2.1938
2026-02-02 15:18:47,924 DEBUG modssc.inductive.methods.deep_co_training deep_co_training.py:478: Deep Co-Training epoch=35 step=0 loss=3.9638 sup=1.7708 cot=0.0002 dif=2.1929
2026-02-02 15:18:47,931 DEBUG modssc.inductive.methods.deep_co_training deep_co_training.py:478: Deep Co-Training epoch=36 step=0 loss=3.9491 sup=1.7570 cot=0.0002 dif=2.1919
2026-02-02 15:18:47,939 DEBUG modssc.inductive.methods.deep_co_training deep_co_training.py:478: Deep Co-Training epoch=37 step=0 loss=3.9211 sup=1.7297 cot=0.0002 dif=2.1912
2026-02-02 15:18:47,946 DEBUG modssc.inductive.methods.deep_co_training deep_co_training.py:478: Deep Co-Training epoch=38 step=0 loss=3.9124 sup=1.7218 cot=0.0002 dif=2.1903
2026-02-02 15:18:47,953 DEBUG modssc.inductive.methods.deep_co_training deep_co_training.py:478: Deep Co-Training epoch=39 step=0 loss=3.8814 sup=1.6912 cot=0.0002 dif=2.1900
2026-02-02 15:18:47,960 DEBUG modssc.inductive.methods.deep_co_training deep_co_training.py:478: Deep Co-Training epoch=40 step=0 loss=3.8700 sup=1.6806 cot=0.0003 dif=2.1892
2026-02-02 15:18:47,968 DEBUG modssc.inductive.methods.deep_co_training deep_co_training.py:478: Deep Co-Training epoch=41 step=0 loss=3.8431 sup=1.6543 cot=0.0003 dif=2.1885
2026-02-02 15:18:47,975 DEBUG modssc.inductive.methods.deep_co_training deep_co_training.py:478: Deep Co-Training epoch=42 step=0 loss=3.8126 sup=1.6251 cot=0.0003 dif=2.1872
2026-02-02 15:18:47,983 DEBUG modssc.inductive.methods.deep_co_training deep_co_training.py:478: Deep Co-Training epoch=43 step=0 loss=3.8040 sup=1.6177 cot=0.0003 dif=2.1860
2026-02-02 15:18:47,990 DEBUG modssc.inductive.methods.deep_co_training deep_co_training.py:478: Deep Co-Training epoch=44 step=0 loss=3.7685 sup=1.5831 cot=0.0004 dif=2.1850
2026-02-02 15:18:47,997 DEBUG modssc.inductive.methods.deep_co_training deep_co_training.py:478: Deep Co-Training epoch=45 step=0 loss=3.7559 sup=1.5716 cot=0.0004 dif=2.1839
2026-02-02 15:18:48,005 DEBUG modssc.inductive.methods.deep_co_training deep_co_training.py:478: Deep Co-Training epoch=46 step=0 loss=3.7247 sup=1.5419 cot=0.0004 dif=2.1824
2026-02-02 15:18:48,012 DEBUG modssc.inductive.methods.deep_co_training deep_co_training.py:478: Deep Co-Training epoch=47 step=0 loss=3.7034 sup=1.5212 cot=0.0005 dif=2.1817
2026-02-02 15:18:48,020 DEBUG modssc.inductive.methods.deep_co_training deep_co_training.py:478: Deep Co-Training epoch=48 step=0 loss=3.6727 sup=1.4921 cot=0.0004 dif=2.1802
2026-02-02 15:18:48,027 DEBUG modssc.inductive.methods.deep_co_training deep_co_training.py:478: Deep Co-Training epoch=49 step=0 loss=3.6405 sup=1.4622 cot=0.0004 dif=2.1778
2026-02-02 15:18:48,027 INFO modssc.inductive.methods.deep_co_training deep_co_training.py:491: Finished deep_co_training.fit in 0.528s
2026-02-02 15:18:48,027 INFO bench.orchestrators.method_inductive method_inductive.py:550: Inductive method done: id=deep_co_training duration_s=0.563
2026-02-02 15:18:48,027 INFO bench.orchestrators.evaluation evaluation.py:189: Evaluation (inductive): splits=['val', 'test'] metrics=['accuracy', 'macro_f1']
2026-02-02 15:18:48,043 INFO bench.orchestrators.evaluation evaluation.py:231: Evaluation (inductive) done: duration_s=0.016
2026-02-02 15:18:48,044 INFO bench.orchestrators.reporting reporting.py:54: Run summary written: /nfs/home/mbarbaux/ModSSC/runs/inductive/deep_co_training/graph/pubmed/best_graph_inductive_deep_co_training_pubmed-20260202T141845Z/run.json status=success duration_s=0.001
