2026-02-02 16:55:24,288 INFO bench.orchestrators.dataset dataset.py:36: Dataset start: id=adult download=True cache_dir=None
2026-02-02 16:55:24,288 DEBUG bench.orchestrators.dataset dataset.py:42: Dataset options: []
2026-02-02 16:55:24,291 DEBUG modssc.data_loader.providers __init__.py:38: Creating provider: openml
2026-02-02 16:55:24,291 DEBUG modssc.data_loader.api api.py:316: Resolved dataset id=adult provider=openml canonical_uri=openml:1590
2026-02-02 16:55:24,291 INFO modssc.data_loader.api api.py:117: Dataset load: id=adult provider=openml version=None fingerprint=f9281cab47a3de02bacdff6aeecab3cc3bec164d4d321622f81551b6b4f82967 download=True force=False cache_dir=/nfs/home/mbarbaux/ModSSC/cache/datasets
2026-02-02 16:55:24,291 DEBUG modssc.data_loader.api api.py:127: Dataset resolved_kwargs: {'data_id': 1590, 'name': None, 'version': None, 'as_frame': False, 'target_column': None, 'class_filter': None, 'max_samples': None, 'seed': None}
2026-02-02 16:55:24,352 DEBUG modssc.data_loader.api api.py:403: Loaded cached dataset: fingerprint=f9281cab47a3de02bacdff6aeecab3cc3bec164d4d321622f81551b6b4f82967
2026-02-02 16:55:24,372 INFO modssc.data_loader.api api.py:133: Dataset cached: id=adult train=48842 test=None n_classes=2 duration_s=0.084
2026-02-02 16:55:24,372 INFO bench.orchestrators.dataset dataset.py:54: Dataset loaded: train=48842 test=None graph=False fingerprint=f9281cab47a3de02bacdff6aeecab3cc3bec164d4d321622f81551b6b4f82967 provider=openml
2026-02-02 16:55:24,372 INFO bench.orchestrators.dataset dataset.py:62: Dataset stage done: duration_s=0.085
2026-02-02 16:55:24,398 INFO bench.orchestrators.sampling sampling.py:86: Sampling start: seed=1 dataset_id=adult
2026-02-02 16:55:24,398 DEBUG bench.orchestrators.sampling sampling.py:87: Sampling plan: split={'kind': 'holdout', 'test_fraction': 0.2, 'val_fraction': 0.1, 'stratify': True, 'shuffle': True} labeling={'mode': 'fraction', 'value': 0.2, 'per_class': False, 'min_per_class': 1, 'strategy': 'balanced', 'fixed_indices': None} imbalance={'kind': 'none', 'apply_to': 'train', 'max_per_class': None, 'alpha': None, 'min_per_class': 1} policy={'respect_official_test': True, 'use_official_graph_masks': True, 'allow_override_official': False}
2026-02-02 16:55:24,398 DEBUG bench.orchestrators.sampling sampling.py:98: Sampling dataset_fingerprint=f9281cab47a3de02bacdff6aeecab3cc3bec164d4d321622f81551b6b4f82967
2026-02-02 16:55:24,398 INFO modssc.sampling.api api.py:99: Sampling start: dataset_id=adult dataset_fingerprint=f9281cab47a3de02bacdff6aeecab3cc3bec164d4d321622f81551b6b4f82967 seed=1 graph=False split=holdout
2026-02-02 16:55:24,398 DEBUG modssc.sampling.api api.py:107: Sampling plan: {'split': {'kind': 'holdout', 'test_fraction': 0.2, 'val_fraction': 0.1, 'stratify': True, 'shuffle': True}, 'labeling': {'mode': 'fraction', 'value': 0.2, 'per_class': False, 'min_per_class': 1, 'strategy': 'balanced', 'fixed_indices': None}, 'imbalance': {'kind': 'none', 'apply_to': 'train', 'max_per_class': None, 'alpha': None, 'min_per_class': 1}, 'policy': {'respect_official_test': True, 'use_official_graph_masks': True, 'allow_override_official': False}}
2026-02-02 16:55:24,497 INFO modssc.sampling.api api.py:141: Sampling done: train=35167 val=3907 test=9768 labeled=7033 unlabeled=28134 duration_s=0.099
2026-02-02 16:55:24,497 DEBUG modssc.sampling.api api.py:150: Sampling stats: {'policy': {'respect_official_test': True, 'has_official_test': False, 'test_ref': 'train'}, 'train': {'n': 35167, 'classes': {'<=50K': 26752, '>50K': 8415}}, 'val': {'n': 3907, 'classes': {'<=50K': 2972, '>50K': 935}}, 'train_labeled': {'n': 7033, 'classes': {'<=50K': 3517, '>50K': 3516}}, 'train_unlabeled': {'n': 28134}, 'test': {'n': 9768, 'classes': {'<=50K': 7431, '>50K': 2337}}}
2026-02-02 16:55:24,518 INFO bench.orchestrators.sampling sampling.py:123: Sampling result: train=35167 val=3907 test=9768 labeled=7033 unlabeled=28134 graph=False
2026-02-02 16:55:24,518 DEBUG bench.orchestrators.sampling sampling.py:132: Sampling stats: {'policy': {'respect_official_test': True, 'has_official_test': False, 'test_ref': 'train'}, 'train': {'n': 35167, 'classes': {'<=50K': 26752, '>50K': 8415}}, 'val': {'n': 3907, 'classes': {'<=50K': 2972, '>50K': 935}}, 'train_labeled': {'n': 7033, 'classes': {'<=50K': 3517, '>50K': 3516}}, 'train_unlabeled': {'n': 28134}, 'test': {'n': 9768, 'classes': {'<=50K': 7431, '>50K': 2337}}}
2026-02-02 16:55:24,518 INFO bench.orchestrators.sampling sampling.py:133: Sampling stage done: duration_s=0.120
2026-02-02 16:55:24,518 INFO bench.orchestrators.preprocess preprocess.py:105: Preprocess start: seed=1 cache=True n_steps=5 fit_indices=7033
2026-02-02 16:55:24,518 DEBUG bench.orchestrators.preprocess preprocess.py:112: Preprocess plan: output_key=features.X steps=['labels.encode', 'tabular.one_hot', 'core.ensure_2d', 'core.pca', 'core.to_numpy']
2026-02-02 16:55:24,518 INFO modssc.preprocess.api api.py:490: Preprocess start: dataset_fp=f9281cab47a3de02bacdff6aeecab3cc3bec164d4d321622f81551b6b4f82967 steps=['labels.encode', 'tabular.one_hot', 'core.ensure_2d', 'core.pca', 'core.to_numpy'] output_key=features.X seed=1 cache=True
2026-02-02 16:55:24,519 DEBUG modssc.preprocess.api api.py:498: Preprocess input shapes: train_X=(48842, 14) train_y=(48842,) test_X=None test_y=None
2026-02-02 16:55:24,519 INFO modssc.preprocess.api api.py:505: Preprocess input size: train_data=5.6 MB test_data=n/a
2026-02-02 16:55:24,519 DEBUG modssc.preprocess.api api.py:521: Preprocess step start: id=labels.encode index=0 kind=transform params={}
2026-02-02 16:55:24,525 DEBUG modssc.preprocess.api api.py:605: Preprocess step train outputs: id=labels.encode keys=['labels.classes', 'labels.y'] duration_s=0.006
2026-02-02 16:55:24,525 INFO modssc.preprocess.api api.py:679: Preprocess step done: id=labels.encode index=0 duration_s=0.006 train_data=5.6 MB test_data=n/a
2026-02-02 16:55:24,525 DEBUG modssc.preprocess.api api.py:521: Preprocess step start: id=tabular.one_hot index=1 kind=fittable params={}
2026-02-02 16:55:25,460 DEBUG modssc.preprocess.api api.py:605: Preprocess step train outputs: id=tabular.one_hot keys=['features.X'] duration_s=0.935
2026-02-02 16:55:25,460 INFO modssc.preprocess.api api.py:679: Preprocess step done: id=tabular.one_hot index=1 duration_s=0.935 train_data=20.1 MB test_data=n/a
2026-02-02 16:55:25,461 DEBUG modssc.preprocess.api api.py:521: Preprocess step start: id=core.ensure_2d index=2 kind=transform params={}
2026-02-02 16:55:25,467 DEBUG modssc.preprocess.api api.py:605: Preprocess step train outputs: id=core.ensure_2d keys=['features.X'] duration_s=0.006
2026-02-02 16:55:25,467 INFO modssc.preprocess.api api.py:679: Preprocess step done: id=core.ensure_2d index=2 duration_s=0.006 train_data=20.1 MB test_data=n/a
2026-02-02 16:55:25,467 DEBUG modssc.preprocess.api api.py:521: Preprocess step start: id=core.pca index=3 kind=fittable params={'n_components': 30}
2026-02-02 16:55:25,547 DEBUG modssc.preprocess.api api.py:605: Preprocess step train outputs: id=core.pca keys=['features.X'] duration_s=0.079
2026-02-02 16:55:25,547 INFO modssc.preprocess.api api.py:679: Preprocess step done: id=core.pca index=3 duration_s=0.079 train_data=6.0 MB test_data=n/a
2026-02-02 16:55:25,547 DEBUG modssc.preprocess.api api.py:521: Preprocess step start: id=core.to_numpy index=4 kind=transform params={}
2026-02-02 16:55:25,549 DEBUG modssc.preprocess.api api.py:605: Preprocess step train outputs: id=core.to_numpy keys=['features.X'] duration_s=0.002
2026-02-02 16:55:25,549 INFO modssc.preprocess.api api.py:679: Preprocess step done: id=core.to_numpy index=4 duration_s=0.002 train_data=6.0 MB test_data=n/a
2026-02-02 16:55:25,549 INFO modssc.preprocess.api api.py:730: Preprocess done: dataset_fp=f9281cab47a3de02bacdff6aeecab3cc3bec164d4d321622f81551b6b4f82967 duration_s=1.031 train_X=(48842, 30) test_X=None
2026-02-02 16:55:25,549 INFO bench.orchestrators.preprocess preprocess.py:124: Preprocess result: fingerprint=preprocess:31a3bdc0449b8816bd86555011d98c6efa85f4f337dfdfb9fbb4a067efad09b5 plan_fingerprint=resolved_plan:17482c72b46c0128215067eeb16db0338f8d62fa6ee2badc8a99bb54672bbc45 cache_dir=/nfs/home/mbarbaux/ModSSC/cache/preprocess/f9281cab47a3de02bacdff6aeecab3cc3bec164d4d321622f81551b6b4f82967 skipped=[]
2026-02-02 16:55:25,549 DEBUG bench.orchestrators.preprocess preprocess.py:131: Preprocess output shapes: train_X=(48842, 30) test_X=None
2026-02-02 16:55:25,549 INFO bench.orchestrators.preprocess preprocess.py:136: Preprocess stage done: duration_s=1.031
2026-02-02 16:55:25,549 INFO bench.orchestrators.graph graph.py:67: Graph start: include_test=False cache=True
2026-02-02 16:55:25,549 DEBUG bench.orchestrators.graph graph.py:72: Graph spec: scheme=knn metric=cosine k=15 radius=None backend=numpy feature_field=features.X seed=1
2026-02-02 16:55:25,549 DEBUG bench.orchestrators.graph graph.py:89: Graph features: shape=(48842, 30)
2026-02-02 16:55:25,552 INFO modssc.graph.construction.api api.py:111: Graph cached: fingerprint=fb165a56a198c34aef9c4407753b69fa9c1a153056a34184039b0366b546aec5 n_nodes=48842 n_edges=356464 duration_s=0.002
2026-02-02 16:55:25,552 INFO bench.orchestrators.graph graph.py:100: Graph built: fingerprint=fb165a56a198c34aef9c4407753b69fa9c1a153056a34184039b0366b546aec5 n_nodes=48842 n_edges=356464 duration_s=0.002
2026-02-02 16:55:25,552 INFO bench.orchestrators.method_transductive method_transductive.py:139: Transductive method start: id=sgc seed=398591604 device=auto resolved_device=cuda use_test=False
2026-02-02 16:55:25,552 DEBUG bench.orchestrators.method_transductive method_transductive.py:147: Transductive method params: {'k': 2, 'lr': 0.1, 'weight_decay': 0.0, 'max_epochs': 200, 'patience': 50, 'add_self_loops': True}
2026-02-02 16:55:25,552 INFO bench.orchestrators.method_transductive method_transductive.py:158: Transductive data: n_nodes=48842 n_train=48842 n_test=0
2026-02-02 16:55:25,552 INFO bench.orchestrators.method_transductive method_transductive.py:177: Transductive masks: labeled_count=7033 train_count=35167
2026-02-02 16:55:25,552 INFO modssc.transductive.methods.gnn.sgc sgc.py:60: Starting sgc.fit
2026-02-02 16:55:25,553 DEBUG modssc.transductive.methods.gnn.sgc sgc.py:61: spec=SGCSpec(k=2, lr=0.1, weight_decay=0.0, max_epochs=200, patience=50, add_self_loops=True) device=cuda seed=398591604
2026-02-02 16:55:25,732 INFO modssc.transductive.methods.gnn.sgc sgc.py:73: SGC sizes: n_nodes=48842 n_classes=2 train=7033 val=3907
2026-02-02 16:55:28,313 DEBUG modssc.transductive.methods.gnn.common common.py:373: train_fullbatch epoch=0 val_loss=1899.8219 best updated
2026-02-02 16:55:28,315 DEBUG modssc.transductive.methods.gnn.common common.py:380: train_fullbatch epoch=1 val_loss=5243.8999 bad_epochs=1/50
2026-02-02 16:55:28,316 DEBUG modssc.transductive.methods.gnn.common common.py:380: train_fullbatch epoch=2 val_loss=7113.4575 bad_epochs=2/50
2026-02-02 16:55:28,317 DEBUG modssc.transductive.methods.gnn.common common.py:380: train_fullbatch epoch=3 val_loss=6279.4009 bad_epochs=3/50
2026-02-02 16:55:28,318 DEBUG modssc.transductive.methods.gnn.common common.py:380: train_fullbatch epoch=4 val_loss=3864.5037 bad_epochs=4/50
2026-02-02 16:55:28,318 DEBUG modssc.transductive.methods.gnn.common common.py:373: train_fullbatch epoch=5 val_loss=703.9904 best updated
2026-02-02 16:55:28,319 DEBUG modssc.transductive.methods.gnn.common common.py:380: train_fullbatch epoch=6 val_loss=2558.8267 bad_epochs=1/50
2026-02-02 16:55:28,320 DEBUG modssc.transductive.methods.gnn.common common.py:380: train_fullbatch epoch=7 val_loss=4536.6553 bad_epochs=2/50
2026-02-02 16:55:28,321 DEBUG modssc.transductive.methods.gnn.common common.py:380: train_fullbatch epoch=8 val_loss=4932.1582 bad_epochs=3/50
2026-02-02 16:55:28,322 DEBUG modssc.transductive.methods.gnn.common common.py:380: train_fullbatch epoch=9 val_loss=4061.6309 bad_epochs=4/50
2026-02-02 16:55:28,323 DEBUG modssc.transductive.methods.gnn.common common.py:380: train_fullbatch epoch=10 val_loss=2246.4834 bad_epochs=5/50
2026-02-02 16:55:28,323 DEBUG modssc.transductive.methods.gnn.common common.py:373: train_fullbatch epoch=11 val_loss=533.3309 best updated
2026-02-02 16:55:28,324 DEBUG modssc.transductive.methods.gnn.common common.py:380: train_fullbatch epoch=12 val_loss=1676.7528 bad_epochs=1/50
2026-02-02 16:55:28,325 DEBUG modssc.transductive.methods.gnn.common common.py:380: train_fullbatch epoch=13 val_loss=2696.7969 bad_epochs=2/50
2026-02-02 16:55:28,326 DEBUG modssc.transductive.methods.gnn.common common.py:380: train_fullbatch epoch=14 val_loss=2711.2034 bad_epochs=3/50
2026-02-02 16:55:28,327 DEBUG modssc.transductive.methods.gnn.common common.py:380: train_fullbatch epoch=15 val_loss=1848.2739 bad_epochs=4/50
2026-02-02 16:55:28,328 DEBUG modssc.transductive.methods.gnn.common common.py:373: train_fullbatch epoch=16 val_loss=517.5317 best updated
2026-02-02 16:55:28,329 DEBUG modssc.transductive.methods.gnn.common common.py:380: train_fullbatch epoch=17 val_loss=1097.0394 bad_epochs=1/50
2026-02-02 16:55:28,329 DEBUG modssc.transductive.methods.gnn.common common.py:380: train_fullbatch epoch=18 val_loss=2047.3784 bad_epochs=2/50
2026-02-02 16:55:28,330 DEBUG modssc.transductive.methods.gnn.common common.py:380: train_fullbatch epoch=19 val_loss=2044.3719 bad_epochs=3/50
2026-02-02 16:55:28,331 DEBUG modssc.transductive.methods.gnn.common common.py:380: train_fullbatch epoch=20 val_loss=1172.2823 bad_epochs=4/50
2026-02-02 16:55:28,332 DEBUG modssc.transductive.methods.gnn.common common.py:373: train_fullbatch epoch=21 val_loss=289.2067 best updated
2026-02-02 16:55:28,333 DEBUG modssc.transductive.methods.gnn.common common.py:380: train_fullbatch epoch=22 val_loss=1345.9608 bad_epochs=1/50
2026-02-02 16:55:28,334 DEBUG modssc.transductive.methods.gnn.common common.py:380: train_fullbatch epoch=23 val_loss=1671.4862 bad_epochs=2/50
2026-02-02 16:55:28,334 DEBUG modssc.transductive.methods.gnn.common common.py:380: train_fullbatch epoch=24 val_loss=1099.4998 bad_epochs=3/50
2026-02-02 16:55:28,335 DEBUG modssc.transductive.methods.gnn.common common.py:373: train_fullbatch epoch=25 val_loss=219.7251 best updated
2026-02-02 16:55:28,336 DEBUG modssc.transductive.methods.gnn.common common.py:380: train_fullbatch epoch=26 val_loss=857.8231 bad_epochs=1/50
2026-02-02 16:55:28,337 DEBUG modssc.transductive.methods.gnn.common common.py:380: train_fullbatch epoch=27 val_loss=548.7832 bad_epochs=2/50
2026-02-02 16:55:28,338 DEBUG modssc.transductive.methods.gnn.common common.py:380: train_fullbatch epoch=28 val_loss=521.3029 bad_epochs=3/50
2026-02-02 16:55:28,338 DEBUG modssc.transductive.methods.gnn.common common.py:380: train_fullbatch epoch=29 val_loss=653.8608 bad_epochs=4/50
2026-02-02 16:55:28,339 DEBUG modssc.transductive.methods.gnn.common common.py:373: train_fullbatch epoch=30 val_loss=145.0040 best updated
2026-02-02 16:55:28,340 DEBUG modssc.transductive.methods.gnn.common common.py:380: train_fullbatch epoch=31 val_loss=480.5232 bad_epochs=1/50
2026-02-02 16:55:28,341 DEBUG modssc.transductive.methods.gnn.common common.py:380: train_fullbatch epoch=32 val_loss=311.8148 bad_epochs=2/50
2026-02-02 16:55:28,342 DEBUG modssc.transductive.methods.gnn.common common.py:380: train_fullbatch epoch=33 val_loss=362.6459 bad_epochs=3/50
2026-02-02 16:55:28,343 DEBUG modssc.transductive.methods.gnn.common common.py:380: train_fullbatch epoch=34 val_loss=363.7055 bad_epochs=4/50
2026-02-02 16:55:28,343 DEBUG modssc.transductive.methods.gnn.common common.py:380: train_fullbatch epoch=35 val_loss=241.0244 bad_epochs=5/50
2026-02-02 16:55:28,344 DEBUG modssc.transductive.methods.gnn.common common.py:380: train_fullbatch epoch=36 val_loss=246.0211 bad_epochs=6/50
2026-02-02 16:55:28,345 DEBUG modssc.transductive.methods.gnn.common common.py:380: train_fullbatch epoch=37 val_loss=346.9882 bad_epochs=7/50
2026-02-02 16:55:28,346 DEBUG modssc.transductive.methods.gnn.common common.py:380: train_fullbatch epoch=38 val_loss=200.8799 bad_epochs=8/50
2026-02-02 16:55:28,347 DEBUG modssc.transductive.methods.gnn.common common.py:380: train_fullbatch epoch=39 val_loss=695.2435 bad_epochs=9/50
2026-02-02 16:55:28,348 DEBUG modssc.transductive.methods.gnn.common common.py:380: train_fullbatch epoch=40 val_loss=687.6725 bad_epochs=10/50
2026-02-02 16:55:28,348 DEBUG modssc.transductive.methods.gnn.common common.py:380: train_fullbatch epoch=41 val_loss=165.6895 bad_epochs=11/50
2026-02-02 16:55:28,349 DEBUG modssc.transductive.methods.gnn.common common.py:380: train_fullbatch epoch=42 val_loss=147.2054 bad_epochs=12/50
2026-02-02 16:55:28,350 DEBUG modssc.transductive.methods.gnn.common common.py:380: train_fullbatch epoch=43 val_loss=607.0591 bad_epochs=13/50
2026-02-02 16:55:28,351 DEBUG modssc.transductive.methods.gnn.common common.py:380: train_fullbatch epoch=44 val_loss=454.8777 bad_epochs=14/50
2026-02-02 16:55:28,352 DEBUG modssc.transductive.methods.gnn.common common.py:380: train_fullbatch epoch=45 val_loss=398.1838 bad_epochs=15/50
2026-02-02 16:55:28,353 DEBUG modssc.transductive.methods.gnn.common common.py:380: train_fullbatch epoch=46 val_loss=421.6159 bad_epochs=16/50
2026-02-02 16:55:28,353 DEBUG modssc.transductive.methods.gnn.common common.py:380: train_fullbatch epoch=47 val_loss=213.5426 bad_epochs=17/50
2026-02-02 16:55:28,354 DEBUG modssc.transductive.methods.gnn.common common.py:380: train_fullbatch epoch=48 val_loss=179.5929 bad_epochs=18/50
2026-02-02 16:55:28,355 DEBUG modssc.transductive.methods.gnn.common common.py:380: train_fullbatch epoch=49 val_loss=404.7522 bad_epochs=19/50
2026-02-02 16:55:28,356 DEBUG modssc.transductive.methods.gnn.common common.py:380: train_fullbatch epoch=50 val_loss=281.1616 bad_epochs=20/50
2026-02-02 16:55:28,357 DEBUG modssc.transductive.methods.gnn.common common.py:380: train_fullbatch epoch=51 val_loss=471.1948 bad_epochs=21/50
2026-02-02 16:55:28,357 DEBUG modssc.transductive.methods.gnn.common common.py:380: train_fullbatch epoch=52 val_loss=473.8351 bad_epochs=22/50
2026-02-02 16:55:28,358 DEBUG modssc.transductive.methods.gnn.common common.py:380: train_fullbatch epoch=53 val_loss=212.9225 bad_epochs=23/50
2026-02-02 16:55:28,359 DEBUG modssc.transductive.methods.gnn.common common.py:380: train_fullbatch epoch=54 val_loss=203.8853 bad_epochs=24/50
2026-02-02 16:55:28,360 DEBUG modssc.transductive.methods.gnn.common common.py:380: train_fullbatch epoch=55 val_loss=441.1469 bad_epochs=25/50
2026-02-02 16:55:28,361 DEBUG modssc.transductive.methods.gnn.common common.py:380: train_fullbatch epoch=56 val_loss=316.4266 bad_epochs=26/50
2026-02-02 16:55:28,362 DEBUG modssc.transductive.methods.gnn.common common.py:380: train_fullbatch epoch=57 val_loss=452.0243 bad_epochs=27/50
2026-02-02 16:55:28,362 DEBUG modssc.transductive.methods.gnn.common common.py:380: train_fullbatch epoch=58 val_loss=431.1323 bad_epochs=28/50
2026-02-02 16:55:28,363 DEBUG modssc.transductive.methods.gnn.common common.py:380: train_fullbatch epoch=59 val_loss=256.5202 bad_epochs=29/50
2026-02-02 16:55:28,364 DEBUG modssc.transductive.methods.gnn.common common.py:380: train_fullbatch epoch=60 val_loss=259.5292 bad_epochs=30/50
2026-02-02 16:55:28,365 DEBUG modssc.transductive.methods.gnn.common common.py:380: train_fullbatch epoch=61 val_loss=317.8512 bad_epochs=31/50
2026-02-02 16:55:28,366 DEBUG modssc.transductive.methods.gnn.common common.py:380: train_fullbatch epoch=62 val_loss=203.7223 bad_epochs=32/50
2026-02-02 16:55:28,366 DEBUG modssc.transductive.methods.gnn.common common.py:380: train_fullbatch epoch=63 val_loss=495.5655 bad_epochs=33/50
2026-02-02 16:55:28,367 DEBUG modssc.transductive.methods.gnn.common common.py:380: train_fullbatch epoch=64 val_loss=442.5481 bad_epochs=34/50
2026-02-02 16:55:28,368 DEBUG modssc.transductive.methods.gnn.common common.py:380: train_fullbatch epoch=65 val_loss=261.1735 bad_epochs=35/50
2026-02-02 16:55:28,369 DEBUG modssc.transductive.methods.gnn.common common.py:380: train_fullbatch epoch=66 val_loss=258.9625 bad_epochs=36/50
2026-02-02 16:55:28,370 DEBUG modssc.transductive.methods.gnn.common common.py:380: train_fullbatch epoch=67 val_loss=373.4557 bad_epochs=37/50
2026-02-02 16:55:28,371 DEBUG modssc.transductive.methods.gnn.common common.py:380: train_fullbatch epoch=68 val_loss=276.5692 bad_epochs=38/50
2026-02-02 16:55:28,371 DEBUG modssc.transductive.methods.gnn.common common.py:380: train_fullbatch epoch=69 val_loss=442.8236 bad_epochs=39/50
2026-02-02 16:55:28,372 DEBUG modssc.transductive.methods.gnn.common common.py:380: train_fullbatch epoch=70 val_loss=405.6310 bad_epochs=40/50
2026-02-02 16:55:28,373 DEBUG modssc.transductive.methods.gnn.common common.py:380: train_fullbatch epoch=71 val_loss=294.2942 bad_epochs=41/50
2026-02-02 16:55:28,374 DEBUG modssc.transductive.methods.gnn.common common.py:380: train_fullbatch epoch=72 val_loss=274.1782 bad_epochs=42/50
2026-02-02 16:55:28,375 DEBUG modssc.transductive.methods.gnn.common common.py:380: train_fullbatch epoch=73 val_loss=363.6118 bad_epochs=43/50
2026-02-02 16:55:28,375 DEBUG modssc.transductive.methods.gnn.common common.py:380: train_fullbatch epoch=74 val_loss=278.2350 bad_epochs=44/50
2026-02-02 16:55:28,376 DEBUG modssc.transductive.methods.gnn.common common.py:380: train_fullbatch epoch=75 val_loss=435.0950 bad_epochs=45/50
2026-02-02 16:55:28,377 DEBUG modssc.transductive.methods.gnn.common common.py:380: train_fullbatch epoch=76 val_loss=404.1920 bad_epochs=46/50
2026-02-02 16:55:28,378 DEBUG modssc.transductive.methods.gnn.common common.py:380: train_fullbatch epoch=77 val_loss=264.2687 bad_epochs=47/50
2026-02-02 16:55:28,379 DEBUG modssc.transductive.methods.gnn.common common.py:380: train_fullbatch epoch=78 val_loss=242.3559 bad_epochs=48/50
2026-02-02 16:55:28,379 DEBUG modssc.transductive.methods.gnn.common common.py:380: train_fullbatch epoch=79 val_loss=380.8249 bad_epochs=49/50
2026-02-02 16:55:28,380 DEBUG modssc.transductive.methods.gnn.common common.py:380: train_fullbatch epoch=80 val_loss=295.7512 bad_epochs=50/50
2026-02-02 16:55:28,380 DEBUG modssc.transductive.methods.gnn.common common.py:388: train_fullbatch early_stop epoch=80 best_epoch=30 best_val_loss=145.0040
2026-02-02 16:55:28,380 DEBUG modssc.transductive.methods.gnn.common common.py:399: train_fullbatch done n_epochs=81 best_epoch=30 best_val_loss=145.00399780273438
2026-02-02 16:55:28,381 INFO modssc.transductive.methods.gnn.sgc sgc.py:105: Finished sgc.fit in 2.828s
2026-02-02 16:55:28,381 INFO bench.orchestrators.method_transductive method_transductive.py:218: Transductive method done: id=sgc duration_s=2.829
2026-02-02 16:55:28,381 INFO bench.orchestrators.evaluation evaluation.py:244: Evaluation (transductive): splits=['val', 'test'] metrics=['accuracy', 'macro_f1']
2026-02-02 16:55:28,383 INFO bench.orchestrators.evaluation evaluation.py:263: Evaluation (transductive) done: duration_s=0.003
2026-02-02 16:55:28,385 INFO bench.orchestrators.reporting reporting.py:54: Run summary written: /nfs/home/mbarbaux/ModSSC/runs/transductive/sgc/tabular/adult/best_tabular_transductive_sgc_adult-20260202T155524Z/run.json status=success duration_s=0.001
