2026-02-02 15:22:53,475 INFO bench.orchestrators.dataset dataset.py:36: Dataset start: id=pubmed download=True cache_dir=None
2026-02-02 15:22:53,475 DEBUG bench.orchestrators.dataset dataset.py:42: Dataset options: []
2026-02-02 15:22:53,479 DEBUG modssc.data_loader.providers __init__.py:38: Creating provider: pyg
2026-02-02 15:22:53,479 DEBUG modssc.data_loader.api api.py:316: Resolved dataset id=pubmed provider=pyg canonical_uri=pyg:Planetoid/PubMed
2026-02-02 15:22:53,479 INFO modssc.data_loader.api api.py:117: Dataset load: id=pubmed provider=pyg version=None fingerprint=33662ee2dd9f5386a1eb7438c7e711640858805e93f8cee2bfe9beda2eb3499a download=True force=False cache_dir=/nfs/home/mbarbaux/ModSSC/cache/datasets
2026-02-02 15:22:53,479 DEBUG modssc.data_loader.api api.py:127: Dataset resolved_kwargs: {'dataset_class': 'Planetoid', 'dataset_kwargs': {'name': 'PubMed'}}
2026-02-02 15:22:53,490 DEBUG modssc.data_loader.api api.py:403: Loaded cached dataset: fingerprint=33662ee2dd9f5386a1eb7438c7e711640858805e93f8cee2bfe9beda2eb3499a
2026-02-02 15:22:53,490 INFO modssc.data_loader.api api.py:133: Dataset cached: id=pubmed train=19717 test=None n_classes=3 duration_s=0.014
2026-02-02 15:22:53,490 INFO bench.orchestrators.dataset dataset.py:54: Dataset loaded: train=19717 test=None graph=True fingerprint=33662ee2dd9f5386a1eb7438c7e711640858805e93f8cee2bfe9beda2eb3499a provider=pyg
2026-02-02 15:22:53,490 INFO bench.orchestrators.dataset dataset.py:62: Dataset stage done: duration_s=0.015
2026-02-02 15:22:53,516 INFO bench.orchestrators.sampling sampling.py:86: Sampling start: seed=5 dataset_id=pubmed
2026-02-02 15:22:53,516 DEBUG bench.orchestrators.sampling sampling.py:87: Sampling plan: split={'kind': 'holdout', 'test_fraction': 0.2, 'val_fraction': 0.1, 'stratify': True, 'shuffle': True} labeling={'mode': 'fraction', 'value': 0.2, 'per_class': False, 'min_per_class': 1, 'strategy': 'balanced', 'fixed_indices': None} imbalance={'kind': 'none', 'apply_to': 'train', 'max_per_class': None, 'alpha': None, 'min_per_class': 1} policy={'respect_official_test': True, 'use_official_graph_masks': True, 'allow_override_official': False}
2026-02-02 15:22:53,516 DEBUG bench.orchestrators.sampling sampling.py:98: Sampling dataset_fingerprint=33662ee2dd9f5386a1eb7438c7e711640858805e93f8cee2bfe9beda2eb3499a
2026-02-02 15:22:53,516 INFO modssc.sampling.api api.py:99: Sampling start: dataset_id=pubmed dataset_fingerprint=33662ee2dd9f5386a1eb7438c7e711640858805e93f8cee2bfe9beda2eb3499a seed=5 graph=True split=holdout
2026-02-02 15:22:53,516 DEBUG modssc.sampling.api api.py:107: Sampling plan: {'split': {'kind': 'holdout', 'test_fraction': 0.2, 'val_fraction': 0.1, 'stratify': True, 'shuffle': True}, 'labeling': {'mode': 'fraction', 'value': 0.2, 'per_class': False, 'min_per_class': 1, 'strategy': 'balanced', 'fixed_indices': None}, 'imbalance': {'kind': 'none', 'apply_to': 'train', 'max_per_class': None, 'alpha': None, 'min_per_class': 1}, 'policy': {'respect_official_test': True, 'use_official_graph_masks': True, 'allow_override_official': False}}
2026-02-02 15:22:53,527 INFO modssc.sampling.api api.py:141: Sampling done: train=60 val=500 test=1000 labeled=12 unlabeled=48 duration_s=0.010
2026-02-02 15:22:53,527 DEBUG modssc.sampling.api api.py:150: Sampling stats: {'nodes': 19717, 'train': 60, 'val': 500, 'test': 1000, 'labeled': 12, 'unlabeled': 48, 'labeled_class_dist': {'n': 12, 'classes': {'0': 4, '1': 4, '2': 4}}}
2026-02-02 15:22:53,527 INFO bench.orchestrators.sampling sampling.py:123: Sampling result: train=60 val=500 test=1000 labeled=12 unlabeled=48 graph=True
2026-02-02 15:22:53,527 DEBUG bench.orchestrators.sampling sampling.py:132: Sampling stats: {'nodes': 19717, 'train': 60, 'val': 500, 'test': 1000, 'labeled': 12, 'unlabeled': 48, 'labeled_class_dist': {'n': 12, 'classes': {'0': 4, '1': 4, '2': 4}}}
2026-02-02 15:22:53,527 INFO bench.orchestrators.sampling sampling.py:133: Sampling stage done: duration_s=0.011
2026-02-02 15:22:53,527 INFO bench.orchestrators.preprocess preprocess.py:105: Preprocess start: seed=5 cache=True n_steps=3 fit_indices=12
2026-02-02 15:22:53,527 DEBUG bench.orchestrators.preprocess preprocess.py:112: Preprocess plan: output_key=features.X steps=['labels.encode', 'core.ensure_2d', 'core.to_numpy']
2026-02-02 15:22:53,527 INFO modssc.preprocess.api api.py:490: Preprocess start: dataset_fp=33662ee2dd9f5386a1eb7438c7e711640858805e93f8cee2bfe9beda2eb3499a steps=['labels.encode', 'core.ensure_2d', 'core.to_numpy'] output_key=features.X seed=5 cache=True
2026-02-02 15:22:53,527 DEBUG modssc.preprocess.api api.py:498: Preprocess input shapes: train_X=(19717, 500) train_y=(19717,) test_X=None test_y=None
2026-02-02 15:22:53,527 INFO modssc.preprocess.api api.py:505: Preprocess input size: train_data=39.2 MB test_data=n/a
2026-02-02 15:22:53,527 DEBUG modssc.preprocess.api api.py:521: Preprocess step start: id=labels.encode index=0 kind=transform params={}
2026-02-02 15:22:53,533 DEBUG modssc.preprocess.api api.py:605: Preprocess step train outputs: id=labels.encode keys=['labels.classes', 'labels.y'] duration_s=0.006
2026-02-02 15:22:53,534 INFO modssc.preprocess.api api.py:679: Preprocess step done: id=labels.encode index=0 duration_s=0.006 train_data=39.2 MB test_data=n/a
2026-02-02 15:22:53,534 DEBUG modssc.preprocess.api api.py:521: Preprocess step start: id=core.ensure_2d index=1 kind=transform params={}
2026-02-02 15:22:53,543 DEBUG modssc.preprocess.api api.py:605: Preprocess step train outputs: id=core.ensure_2d keys=['features.X'] duration_s=0.010
2026-02-02 15:22:53,543 INFO modssc.preprocess.api api.py:679: Preprocess step done: id=core.ensure_2d index=1 duration_s=0.010 train_data=39.2 MB test_data=n/a
2026-02-02 15:22:53,544 DEBUG modssc.preprocess.api api.py:521: Preprocess step start: id=core.to_numpy index=2 kind=transform params={}
2026-02-02 15:22:53,552 DEBUG modssc.preprocess.api api.py:605: Preprocess step train outputs: id=core.to_numpy keys=['features.X'] duration_s=0.009
2026-02-02 15:22:53,552 INFO modssc.preprocess.api api.py:679: Preprocess step done: id=core.to_numpy index=2 duration_s=0.009 train_data=39.2 MB test_data=n/a
2026-02-02 15:22:53,553 INFO modssc.preprocess.api api.py:730: Preprocess done: dataset_fp=33662ee2dd9f5386a1eb7438c7e711640858805e93f8cee2bfe9beda2eb3499a duration_s=0.025 train_X=(19717, 500) test_X=None
2026-02-02 15:22:53,553 INFO bench.orchestrators.preprocess preprocess.py:124: Preprocess result: fingerprint=preprocess:99e2d6e1d9f2a08d31c1fbb39ceec754bf3df24395d11ea5eb79d7325462efc1 plan_fingerprint=resolved_plan:8a5e3ebe41a4f364f53ac26a625ef44f5a721631be61f65e32b92a3759853b68 cache_dir=/nfs/home/mbarbaux/ModSSC/cache/preprocess/33662ee2dd9f5386a1eb7438c7e711640858805e93f8cee2bfe9beda2eb3499a skipped=[]
2026-02-02 15:22:53,553 DEBUG bench.orchestrators.preprocess preprocess.py:131: Preprocess output shapes: train_X=(19717, 500) test_X=None
2026-02-02 15:22:53,553 INFO bench.orchestrators.preprocess preprocess.py:136: Preprocess stage done: duration_s=0.026
2026-02-02 15:22:53,553 INFO bench.orchestrators.method_transductive method_transductive.py:139: Transductive method start: id=h_gcn seed=3274374610 device=auto resolved_device=cuda use_test=False
2026-02-02 15:22:53,553 DEBUG bench.orchestrators.method_transductive method_transductive.py:147: Transductive method params: {'hidden_dim': 64, 'weight_embed_dim': 8, 'num_layers': 9, 'channels': 4, 'dropout': 0.15, 'lr': 0.03, 'weight_decay': 0.0007, 'max_epochs': 250, 'patience': 50, 'add_self_loops': True, 'symmetrize': True}
2026-02-02 15:22:53,553 INFO bench.orchestrators.method_transductive method_transductive.py:158: Transductive data: n_nodes=19717 n_train=19717 n_test=0
2026-02-02 15:22:53,553 INFO bench.orchestrators.method_transductive method_transductive.py:177: Transductive masks: labeled_count=12 train_count=60
2026-02-02 15:22:53,553 INFO modssc.transductive.methods.gnn.h_gcn h_gcn.py:284: Starting h_gcn.fit
2026-02-02 15:22:53,553 DEBUG modssc.transductive.methods.gnn.h_gcn h_gcn.py:285: spec=HGCNSpec(hidden_dim=64, weight_embed_dim=8, num_layers=9, channels=4, dropout=0.15, lr=0.03, weight_decay=0.0007, max_epochs=250, patience=50, add_self_loops=True, symmetrize=True) device=cuda seed=3274374610
2026-02-02 15:22:53,709 INFO modssc.transductive.methods.gnn.h_gcn h_gcn.py:306: H-GCN sizes: n_nodes=19717 n_classes=3 train=12 val=500
2026-02-02 15:23:04,925 DEBUG modssc.transductive.methods.gnn.common common.py:373: train_fullbatch epoch=0 val_loss=1.1112 best updated
2026-02-02 15:23:04,982 DEBUG modssc.transductive.methods.gnn.common common.py:380: train_fullbatch epoch=1 val_loss=1.1401 bad_epochs=1/50
2026-02-02 15:23:05,042 DEBUG modssc.transductive.methods.gnn.common common.py:380: train_fullbatch epoch=2 val_loss=1.1412 bad_epochs=2/50
2026-02-02 15:23:05,104 DEBUG modssc.transductive.methods.gnn.common common.py:373: train_fullbatch epoch=3 val_loss=1.1021 best updated
2026-02-02 15:23:05,165 DEBUG modssc.transductive.methods.gnn.common common.py:380: train_fullbatch epoch=4 val_loss=1.7882 bad_epochs=1/50
2026-02-02 15:23:05,226 DEBUG modssc.transductive.methods.gnn.common common.py:380: train_fullbatch epoch=5 val_loss=1.1071 bad_epochs=2/50
2026-02-02 15:23:05,288 DEBUG modssc.transductive.methods.gnn.common common.py:373: train_fullbatch epoch=6 val_loss=1.0998 best updated
2026-02-02 15:23:05,350 DEBUG modssc.transductive.methods.gnn.common common.py:373: train_fullbatch epoch=7 val_loss=1.0996 best updated
2026-02-02 15:23:05,413 DEBUG modssc.transductive.methods.gnn.common common.py:380: train_fullbatch epoch=8 val_loss=1.1027 bad_epochs=1/50
2026-02-02 15:23:05,475 DEBUG modssc.transductive.methods.gnn.common common.py:380: train_fullbatch epoch=9 val_loss=1.1147 bad_epochs=2/50
2026-02-02 15:23:05,539 DEBUG modssc.transductive.methods.gnn.common common.py:380: train_fullbatch epoch=10 val_loss=1.1748 bad_epochs=3/50
2026-02-02 15:23:05,603 DEBUG modssc.transductive.methods.gnn.common common.py:380: train_fullbatch epoch=11 val_loss=1.3202 bad_epochs=4/50
2026-02-02 15:23:05,665 DEBUG modssc.transductive.methods.gnn.common common.py:380: train_fullbatch epoch=12 val_loss=1.3501 bad_epochs=5/50
2026-02-02 15:23:05,726 DEBUG modssc.transductive.methods.gnn.common common.py:380: train_fullbatch epoch=13 val_loss=1.3431 bad_epochs=6/50
2026-02-02 15:23:05,788 DEBUG modssc.transductive.methods.gnn.common common.py:380: train_fullbatch epoch=14 val_loss=1.3060 bad_epochs=7/50
2026-02-02 15:23:05,854 DEBUG modssc.transductive.methods.gnn.common common.py:380: train_fullbatch epoch=15 val_loss=1.3181 bad_epochs=8/50
2026-02-02 15:23:05,923 DEBUG modssc.transductive.methods.gnn.common common.py:380: train_fullbatch epoch=16 val_loss=1.3689 bad_epochs=9/50
2026-02-02 15:23:05,990 DEBUG modssc.transductive.methods.gnn.common common.py:380: train_fullbatch epoch=17 val_loss=1.4510 bad_epochs=10/50
2026-02-02 15:23:06,057 DEBUG modssc.transductive.methods.gnn.common common.py:380: train_fullbatch epoch=18 val_loss=1.3554 bad_epochs=11/50
2026-02-02 15:23:06,125 DEBUG modssc.transductive.methods.gnn.common common.py:380: train_fullbatch epoch=19 val_loss=1.5777 bad_epochs=12/50
2026-02-02 15:23:06,189 DEBUG modssc.transductive.methods.gnn.common common.py:380: train_fullbatch epoch=20 val_loss=1.7922 bad_epochs=13/50
2026-02-02 15:23:06,252 DEBUG modssc.transductive.methods.gnn.common common.py:380: train_fullbatch epoch=21 val_loss=1.5973 bad_epochs=14/50
2026-02-02 15:23:06,317 DEBUG modssc.transductive.methods.gnn.common common.py:380: train_fullbatch epoch=22 val_loss=1.5918 bad_epochs=15/50
2026-02-02 15:23:06,381 DEBUG modssc.transductive.methods.gnn.common common.py:380: train_fullbatch epoch=23 val_loss=1.9103 bad_epochs=16/50
2026-02-02 15:23:06,444 DEBUG modssc.transductive.methods.gnn.common common.py:380: train_fullbatch epoch=24 val_loss=2.1081 bad_epochs=17/50
2026-02-02 15:23:06,505 DEBUG modssc.transductive.methods.gnn.common common.py:380: train_fullbatch epoch=25 val_loss=2.0654 bad_epochs=18/50
2026-02-02 15:23:06,567 DEBUG modssc.transductive.methods.gnn.common common.py:380: train_fullbatch epoch=26 val_loss=1.8371 bad_epochs=19/50
2026-02-02 15:23:06,629 DEBUG modssc.transductive.methods.gnn.common common.py:380: train_fullbatch epoch=27 val_loss=1.8139 bad_epochs=20/50
2026-02-02 15:23:06,690 DEBUG modssc.transductive.methods.gnn.common common.py:380: train_fullbatch epoch=28 val_loss=1.6446 bad_epochs=21/50
2026-02-02 15:23:06,754 DEBUG modssc.transductive.methods.gnn.common common.py:380: train_fullbatch epoch=29 val_loss=2.6656 bad_epochs=22/50
2026-02-02 15:23:06,820 DEBUG modssc.transductive.methods.gnn.common common.py:380: train_fullbatch epoch=30 val_loss=1.2719 bad_epochs=23/50
2026-02-02 15:23:06,887 DEBUG modssc.transductive.methods.gnn.common common.py:380: train_fullbatch epoch=31 val_loss=1.2564 bad_epochs=24/50
2026-02-02 15:23:06,952 DEBUG modssc.transductive.methods.gnn.common common.py:380: train_fullbatch epoch=32 val_loss=1.4844 bad_epochs=25/50
2026-02-02 15:23:07,021 DEBUG modssc.transductive.methods.gnn.common common.py:380: train_fullbatch epoch=33 val_loss=2.2237 bad_epochs=26/50
2026-02-02 15:23:07,089 DEBUG modssc.transductive.methods.gnn.common common.py:380: train_fullbatch epoch=34 val_loss=3.6432 bad_epochs=27/50
2026-02-02 15:23:07,154 DEBUG modssc.transductive.methods.gnn.common common.py:380: train_fullbatch epoch=35 val_loss=2.4574 bad_epochs=28/50
2026-02-02 15:23:07,220 DEBUG modssc.transductive.methods.gnn.common common.py:380: train_fullbatch epoch=36 val_loss=1.6262 bad_epochs=29/50
2026-02-02 15:23:07,284 DEBUG modssc.transductive.methods.gnn.common common.py:380: train_fullbatch epoch=37 val_loss=1.2872 bad_epochs=30/50
2026-02-02 15:23:07,346 DEBUG modssc.transductive.methods.gnn.common common.py:380: train_fullbatch epoch=38 val_loss=1.4934 bad_epochs=31/50
2026-02-02 15:23:07,408 DEBUG modssc.transductive.methods.gnn.common common.py:380: train_fullbatch epoch=39 val_loss=1.7158 bad_epochs=32/50
2026-02-02 15:23:07,471 DEBUG modssc.transductive.methods.gnn.common common.py:380: train_fullbatch epoch=40 val_loss=2.0365 bad_epochs=33/50
2026-02-02 15:23:07,535 DEBUG modssc.transductive.methods.gnn.common common.py:380: train_fullbatch epoch=41 val_loss=2.4039 bad_epochs=34/50
2026-02-02 15:23:07,600 DEBUG modssc.transductive.methods.gnn.common common.py:380: train_fullbatch epoch=42 val_loss=2.7779 bad_epochs=35/50
2026-02-02 15:23:07,664 DEBUG modssc.transductive.methods.gnn.common common.py:380: train_fullbatch epoch=43 val_loss=3.7303 bad_epochs=36/50
2026-02-02 15:23:07,725 DEBUG modssc.transductive.methods.gnn.common common.py:380: train_fullbatch epoch=44 val_loss=2.6107 bad_epochs=37/50
2026-02-02 15:23:07,788 DEBUG modssc.transductive.methods.gnn.common common.py:380: train_fullbatch epoch=45 val_loss=1.9632 bad_epochs=38/50
2026-02-02 15:23:07,853 DEBUG modssc.transductive.methods.gnn.common common.py:380: train_fullbatch epoch=46 val_loss=1.7708 bad_epochs=39/50
2026-02-02 15:23:07,921 DEBUG modssc.transductive.methods.gnn.common common.py:380: train_fullbatch epoch=47 val_loss=1.6473 bad_epochs=40/50
2026-02-02 15:23:07,987 DEBUG modssc.transductive.methods.gnn.common common.py:380: train_fullbatch epoch=48 val_loss=1.6386 bad_epochs=41/50
2026-02-02 15:23:08,053 DEBUG modssc.transductive.methods.gnn.common common.py:380: train_fullbatch epoch=49 val_loss=1.6458 bad_epochs=42/50
2026-02-02 15:23:08,119 DEBUG modssc.transductive.methods.gnn.common common.py:380: train_fullbatch epoch=50 val_loss=1.8042 bad_epochs=43/50
2026-02-02 15:23:08,186 DEBUG modssc.transductive.methods.gnn.common common.py:380: train_fullbatch epoch=51 val_loss=2.0186 bad_epochs=44/50
2026-02-02 15:23:08,250 DEBUG modssc.transductive.methods.gnn.common common.py:380: train_fullbatch epoch=52 val_loss=2.8298 bad_epochs=45/50
2026-02-02 15:23:08,315 DEBUG modssc.transductive.methods.gnn.common common.py:380: train_fullbatch epoch=53 val_loss=1.7862 bad_epochs=46/50
2026-02-02 15:23:08,381 DEBUG modssc.transductive.methods.gnn.common common.py:380: train_fullbatch epoch=54 val_loss=1.4516 bad_epochs=47/50
2026-02-02 15:23:08,444 DEBUG modssc.transductive.methods.gnn.common common.py:380: train_fullbatch epoch=55 val_loss=1.4569 bad_epochs=48/50
2026-02-02 15:23:08,505 DEBUG modssc.transductive.methods.gnn.common common.py:380: train_fullbatch epoch=56 val_loss=1.6871 bad_epochs=49/50
2026-02-02 15:23:08,567 DEBUG modssc.transductive.methods.gnn.common common.py:380: train_fullbatch epoch=57 val_loss=2.0743 bad_epochs=50/50
2026-02-02 15:23:08,567 DEBUG modssc.transductive.methods.gnn.common common.py:388: train_fullbatch early_stop epoch=57 best_epoch=7 best_val_loss=1.0996
2026-02-02 15:23:08,567 DEBUG modssc.transductive.methods.gnn.common common.py:399: train_fullbatch done n_epochs=58 best_epoch=7 best_val_loss=1.0995867252349854
2026-02-02 15:23:08,568 INFO modssc.transductive.methods.gnn.h_gcn h_gcn.py:393: Finished h_gcn.fit in 15.015s
2026-02-02 15:23:08,576 INFO bench.orchestrators.method_transductive method_transductive.py:218: Transductive method done: id=h_gcn duration_s=15.023
2026-02-02 15:23:08,576 INFO bench.orchestrators.evaluation evaluation.py:244: Evaluation (transductive): splits=['val', 'test'] metrics=['accuracy', 'macro_f1']
2026-02-02 15:23:08,597 INFO bench.orchestrators.evaluation evaluation.py:263: Evaluation (transductive) done: duration_s=0.021
2026-02-02 15:23:08,599 INFO bench.orchestrators.reporting reporting.py:54: Run summary written: /nfs/home/mbarbaux/ModSSC/runs/transductive/h_gcn/graph/pubmed/best_graph_transductive_h_gcn_pubmed-20260202T142253Z/run.json status=success duration_s=0.001
