2026-02-02 15:27:27,661 INFO bench.orchestrators.dataset dataset.py:36: Dataset start: id=adult download=True cache_dir=None
2026-02-02 15:27:27,661 DEBUG bench.orchestrators.dataset dataset.py:42: Dataset options: []
2026-02-02 15:27:27,664 DEBUG modssc.data_loader.providers __init__.py:38: Creating provider: openml
2026-02-02 15:27:27,664 DEBUG modssc.data_loader.api api.py:316: Resolved dataset id=adult provider=openml canonical_uri=openml:1590
2026-02-02 15:27:27,664 INFO modssc.data_loader.api api.py:117: Dataset load: id=adult provider=openml version=None fingerprint=f9281cab47a3de02bacdff6aeecab3cc3bec164d4d321622f81551b6b4f82967 download=True force=False cache_dir=/nfs/home/mbarbaux/ModSSC/cache/datasets
2026-02-02 15:27:27,664 DEBUG modssc.data_loader.api api.py:127: Dataset resolved_kwargs: {'data_id': 1590, 'name': None, 'version': None, 'as_frame': False, 'target_column': None, 'class_filter': None, 'max_samples': None, 'seed': None}
2026-02-02 15:27:27,726 DEBUG modssc.data_loader.api api.py:403: Loaded cached dataset: fingerprint=f9281cab47a3de02bacdff6aeecab3cc3bec164d4d321622f81551b6b4f82967
2026-02-02 15:27:27,746 INFO modssc.data_loader.api api.py:133: Dataset cached: id=adult train=48842 test=None n_classes=2 duration_s=0.084
2026-02-02 15:27:27,746 INFO bench.orchestrators.dataset dataset.py:54: Dataset loaded: train=48842 test=None graph=False fingerprint=f9281cab47a3de02bacdff6aeecab3cc3bec164d4d321622f81551b6b4f82967 provider=openml
2026-02-02 15:27:27,746 INFO bench.orchestrators.dataset dataset.py:62: Dataset stage done: duration_s=0.085
2026-02-02 15:27:27,769 INFO bench.orchestrators.sampling sampling.py:86: Sampling start: seed=1 dataset_id=adult
2026-02-02 15:27:27,769 DEBUG bench.orchestrators.sampling sampling.py:87: Sampling plan: split={'kind': 'holdout', 'test_fraction': 0.2, 'val_fraction': 0.1, 'stratify': True, 'shuffle': True} labeling={'mode': 'fraction', 'value': 0.2, 'per_class': False, 'min_per_class': 1, 'strategy': 'balanced', 'fixed_indices': None} imbalance={'kind': 'none', 'apply_to': 'train', 'max_per_class': None, 'alpha': None, 'min_per_class': 1} policy={'respect_official_test': True, 'use_official_graph_masks': True, 'allow_override_official': False}
2026-02-02 15:27:27,769 DEBUG bench.orchestrators.sampling sampling.py:98: Sampling dataset_fingerprint=f9281cab47a3de02bacdff6aeecab3cc3bec164d4d321622f81551b6b4f82967
2026-02-02 15:27:27,770 INFO modssc.sampling.api api.py:99: Sampling start: dataset_id=adult dataset_fingerprint=f9281cab47a3de02bacdff6aeecab3cc3bec164d4d321622f81551b6b4f82967 seed=1 graph=False split=holdout
2026-02-02 15:27:27,770 DEBUG modssc.sampling.api api.py:107: Sampling plan: {'split': {'kind': 'holdout', 'test_fraction': 0.2, 'val_fraction': 0.1, 'stratify': True, 'shuffle': True}, 'labeling': {'mode': 'fraction', 'value': 0.2, 'per_class': False, 'min_per_class': 1, 'strategy': 'balanced', 'fixed_indices': None}, 'imbalance': {'kind': 'none', 'apply_to': 'train', 'max_per_class': None, 'alpha': None, 'min_per_class': 1}, 'policy': {'respect_official_test': True, 'use_official_graph_masks': True, 'allow_override_official': False}}
2026-02-02 15:27:27,867 INFO modssc.sampling.api api.py:141: Sampling done: train=35167 val=3907 test=9768 labeled=7033 unlabeled=28134 duration_s=0.097
2026-02-02 15:27:27,867 DEBUG modssc.sampling.api api.py:150: Sampling stats: {'policy': {'respect_official_test': True, 'has_official_test': False, 'test_ref': 'train'}, 'train': {'n': 35167, 'classes': {'<=50K': 26752, '>50K': 8415}}, 'val': {'n': 3907, 'classes': {'<=50K': 2972, '>50K': 935}}, 'train_labeled': {'n': 7033, 'classes': {'<=50K': 3517, '>50K': 3516}}, 'train_unlabeled': {'n': 28134}, 'test': {'n': 9768, 'classes': {'<=50K': 7431, '>50K': 2337}}}
2026-02-02 15:27:27,887 INFO bench.orchestrators.sampling sampling.py:123: Sampling result: train=35167 val=3907 test=9768 labeled=7033 unlabeled=28134 graph=False
2026-02-02 15:27:27,887 DEBUG bench.orchestrators.sampling sampling.py:132: Sampling stats: {'policy': {'respect_official_test': True, 'has_official_test': False, 'test_ref': 'train'}, 'train': {'n': 35167, 'classes': {'<=50K': 26752, '>50K': 8415}}, 'val': {'n': 3907, 'classes': {'<=50K': 2972, '>50K': 935}}, 'train_labeled': {'n': 7033, 'classes': {'<=50K': 3517, '>50K': 3516}}, 'train_unlabeled': {'n': 28134}, 'test': {'n': 9768, 'classes': {'<=50K': 7431, '>50K': 2337}}}
2026-02-02 15:27:27,887 INFO bench.orchestrators.sampling sampling.py:133: Sampling stage done: duration_s=0.118
2026-02-02 15:27:27,888 INFO bench.orchestrators.preprocess preprocess.py:105: Preprocess start: seed=1 cache=True n_steps=5 fit_indices=7033
2026-02-02 15:27:27,888 DEBUG bench.orchestrators.preprocess preprocess.py:112: Preprocess plan: output_key=features.X steps=['labels.encode', 'tabular.one_hot', 'core.ensure_2d', 'core.pca', 'core.to_numpy']
2026-02-02 15:27:27,888 INFO modssc.preprocess.api api.py:490: Preprocess start: dataset_fp=f9281cab47a3de02bacdff6aeecab3cc3bec164d4d321622f81551b6b4f82967 steps=['labels.encode', 'tabular.one_hot', 'core.ensure_2d', 'core.pca', 'core.to_numpy'] output_key=features.X seed=1 cache=True
2026-02-02 15:27:27,888 DEBUG modssc.preprocess.api api.py:498: Preprocess input shapes: train_X=(48842, 14) train_y=(48842,) test_X=None test_y=None
2026-02-02 15:27:27,888 INFO modssc.preprocess.api api.py:505: Preprocess input size: train_data=5.6 MB test_data=n/a
2026-02-02 15:27:27,888 DEBUG modssc.preprocess.api api.py:521: Preprocess step start: id=labels.encode index=0 kind=transform params={}
2026-02-02 15:27:27,894 DEBUG modssc.preprocess.api api.py:605: Preprocess step train outputs: id=labels.encode keys=['labels.classes', 'labels.y'] duration_s=0.006
2026-02-02 15:27:27,894 INFO modssc.preprocess.api api.py:679: Preprocess step done: id=labels.encode index=0 duration_s=0.006 train_data=5.6 MB test_data=n/a
2026-02-02 15:27:27,894 DEBUG modssc.preprocess.api api.py:521: Preprocess step start: id=tabular.one_hot index=1 kind=fittable params={}
2026-02-02 15:27:28,819 DEBUG modssc.preprocess.api api.py:605: Preprocess step train outputs: id=tabular.one_hot keys=['features.X'] duration_s=0.925
2026-02-02 15:27:28,820 INFO modssc.preprocess.api api.py:679: Preprocess step done: id=tabular.one_hot index=1 duration_s=0.925 train_data=20.1 MB test_data=n/a
2026-02-02 15:27:28,820 DEBUG modssc.preprocess.api api.py:521: Preprocess step start: id=core.ensure_2d index=2 kind=transform params={}
2026-02-02 15:27:28,828 DEBUG modssc.preprocess.api api.py:605: Preprocess step train outputs: id=core.ensure_2d keys=['features.X'] duration_s=0.008
2026-02-02 15:27:28,828 INFO modssc.preprocess.api api.py:679: Preprocess step done: id=core.ensure_2d index=2 duration_s=0.008 train_data=20.1 MB test_data=n/a
2026-02-02 15:27:28,828 DEBUG modssc.preprocess.api api.py:521: Preprocess step start: id=core.pca index=3 kind=fittable params={'n_components': 30}
2026-02-02 15:27:29,344 DEBUG modssc.preprocess.api api.py:605: Preprocess step train outputs: id=core.pca keys=['features.X'] duration_s=0.516
2026-02-02 15:27:29,345 INFO modssc.preprocess.api api.py:679: Preprocess step done: id=core.pca index=3 duration_s=0.516 train_data=6.0 MB test_data=n/a
2026-02-02 15:27:29,345 DEBUG modssc.preprocess.api api.py:521: Preprocess step start: id=core.to_numpy index=4 kind=transform params={}
2026-02-02 15:27:29,348 DEBUG modssc.preprocess.api api.py:605: Preprocess step train outputs: id=core.to_numpy keys=['features.X'] duration_s=0.003
2026-02-02 15:27:29,348 INFO modssc.preprocess.api api.py:679: Preprocess step done: id=core.to_numpy index=4 duration_s=0.003 train_data=6.0 MB test_data=n/a
2026-02-02 15:27:29,348 INFO modssc.preprocess.api api.py:730: Preprocess done: dataset_fp=f9281cab47a3de02bacdff6aeecab3cc3bec164d4d321622f81551b6b4f82967 duration_s=1.461 train_X=(48842, 30) test_X=None
2026-02-02 15:27:29,348 INFO bench.orchestrators.preprocess preprocess.py:124: Preprocess result: fingerprint=preprocess:31a3bdc0449b8816bd86555011d98c6efa85f4f337dfdfb9fbb4a067efad09b5 plan_fingerprint=resolved_plan:17482c72b46c0128215067eeb16db0338f8d62fa6ee2badc8a99bb54672bbc45 cache_dir=/nfs/home/mbarbaux/ModSSC/cache/preprocess/f9281cab47a3de02bacdff6aeecab3cc3bec164d4d321622f81551b6b4f82967 skipped=[]
2026-02-02 15:27:29,348 DEBUG bench.orchestrators.preprocess preprocess.py:131: Preprocess output shapes: train_X=(48842, 30) test_X=None
2026-02-02 15:27:29,348 INFO bench.orchestrators.preprocess preprocess.py:136: Preprocess stage done: duration_s=1.461
2026-02-02 15:27:29,349 INFO bench.orchestrators.graph graph.py:67: Graph start: include_test=False cache=True
2026-02-02 15:27:29,349 DEBUG bench.orchestrators.graph graph.py:72: Graph spec: scheme=knn metric=cosine k=15 radius=None backend=numpy feature_field=features.X seed=1
2026-02-02 15:27:29,349 DEBUG bench.orchestrators.graph graph.py:89: Graph features: shape=(48842, 30)
2026-02-02 15:27:29,352 INFO modssc.graph.construction.api api.py:111: Graph cached: fingerprint=fb165a56a198c34aef9c4407753b69fa9c1a153056a34184039b0366b546aec5 n_nodes=48842 n_edges=356464 duration_s=0.003
2026-02-02 15:27:29,352 INFO bench.orchestrators.graph graph.py:100: Graph built: fingerprint=fb165a56a198c34aef9c4407753b69fa9c1a153056a34184039b0366b546aec5 n_nodes=48842 n_edges=356464 duration_s=0.003
2026-02-02 15:27:29,353 INFO bench.orchestrators.method_transductive method_transductive.py:139: Transductive method start: id=gcnii seed=398591604 device=auto resolved_device=cuda use_test=False
2026-02-02 15:27:29,353 DEBUG bench.orchestrators.method_transductive method_transductive.py:147: Transductive method params: {'hidden_dim': 64, 'num_layers': 16, 'alpha': 0.1, 'lam': 0.5, 'dropout': 0.5, 'lr': 0.01, 'weight_decay': 0.0005, 'max_epochs': 200, 'patience': 50, 'add_self_loops': True}
2026-02-02 15:27:29,353 INFO bench.orchestrators.method_transductive method_transductive.py:158: Transductive data: n_nodes=48842 n_train=48842 n_test=0
2026-02-02 15:27:29,353 INFO bench.orchestrators.method_transductive method_transductive.py:177: Transductive masks: labeled_count=7033 train_count=35167
2026-02-02 15:27:29,353 INFO modssc.transductive.methods.gnn.gcnii gcnii.py:102: Starting gcnii.fit
2026-02-02 15:27:29,353 DEBUG modssc.transductive.methods.gnn.gcnii gcnii.py:103: spec=GCNIISpec(hidden_dim=64, num_layers=16, alpha=0.1, lam=0.5, dropout=0.5, lr=0.01, weight_decay=0.0005, max_epochs=200, patience=50, add_self_loops=True) device=cuda seed=398591604
2026-02-02 15:27:29,543 INFO modssc.transductive.methods.gnn.gcnii gcnii.py:115: GCNII sizes: n_nodes=48842 n_classes=2 train=7033 val=3907
2026-02-02 15:27:30,567 DEBUG modssc.transductive.methods.gnn.common common.py:373: train_fullbatch epoch=0 val_loss=227.6229 best updated
2026-02-02 15:27:30,610 DEBUG modssc.transductive.methods.gnn.common common.py:380: train_fullbatch epoch=1 val_loss=637.4106 bad_epochs=1/50
2026-02-02 15:27:30,654 DEBUG modssc.transductive.methods.gnn.common common.py:380: train_fullbatch epoch=2 val_loss=505.5415 bad_epochs=2/50
2026-02-02 15:27:30,697 DEBUG modssc.transductive.methods.gnn.common common.py:380: train_fullbatch epoch=3 val_loss=257.5167 bad_epochs=3/50
2026-02-02 15:27:30,740 DEBUG modssc.transductive.methods.gnn.common common.py:373: train_fullbatch epoch=4 val_loss=19.7207 best updated
2026-02-02 15:27:30,784 DEBUG modssc.transductive.methods.gnn.common common.py:380: train_fullbatch epoch=5 val_loss=80.5366 bad_epochs=1/50
2026-02-02 15:27:30,827 DEBUG modssc.transductive.methods.gnn.common common.py:380: train_fullbatch epoch=6 val_loss=102.9674 bad_epochs=2/50
2026-02-02 15:27:30,870 DEBUG modssc.transductive.methods.gnn.common common.py:380: train_fullbatch epoch=7 val_loss=82.3142 bad_epochs=3/50
2026-02-02 15:27:30,913 DEBUG modssc.transductive.methods.gnn.common common.py:380: train_fullbatch epoch=8 val_loss=83.3262 bad_epochs=4/50
2026-02-02 15:27:30,956 DEBUG modssc.transductive.methods.gnn.common common.py:380: train_fullbatch epoch=9 val_loss=57.0385 bad_epochs=5/50
2026-02-02 15:27:30,999 DEBUG modssc.transductive.methods.gnn.common common.py:380: train_fullbatch epoch=10 val_loss=59.0384 bad_epochs=6/50
2026-02-02 15:27:31,043 DEBUG modssc.transductive.methods.gnn.common common.py:380: train_fullbatch epoch=11 val_loss=81.9187 bad_epochs=7/50
2026-02-02 15:27:31,086 DEBUG modssc.transductive.methods.gnn.common common.py:380: train_fullbatch epoch=12 val_loss=49.7611 bad_epochs=8/50
2026-02-02 15:27:31,129 DEBUG modssc.transductive.methods.gnn.common common.py:373: train_fullbatch epoch=13 val_loss=11.2904 best updated
2026-02-02 15:27:31,172 DEBUG modssc.transductive.methods.gnn.common common.py:380: train_fullbatch epoch=14 val_loss=35.9298 bad_epochs=1/50
2026-02-02 15:27:31,216 DEBUG modssc.transductive.methods.gnn.common common.py:380: train_fullbatch epoch=15 val_loss=50.1908 bad_epochs=2/50
2026-02-02 15:27:31,259 DEBUG modssc.transductive.methods.gnn.common common.py:380: train_fullbatch epoch=16 val_loss=21.7048 bad_epochs=3/50
2026-02-02 15:27:31,302 DEBUG modssc.transductive.methods.gnn.common common.py:373: train_fullbatch epoch=17 val_loss=5.0156 best updated
2026-02-02 15:27:31,345 DEBUG modssc.transductive.methods.gnn.common common.py:380: train_fullbatch epoch=18 val_loss=18.1756 bad_epochs=1/50
2026-02-02 15:27:31,389 DEBUG modssc.transductive.methods.gnn.common common.py:380: train_fullbatch epoch=19 val_loss=22.0604 bad_epochs=2/50
2026-02-02 15:27:31,433 DEBUG modssc.transductive.methods.gnn.common common.py:380: train_fullbatch epoch=20 val_loss=10.8184 bad_epochs=3/50
2026-02-02 15:27:31,476 DEBUG modssc.transductive.methods.gnn.common common.py:380: train_fullbatch epoch=21 val_loss=6.5721 bad_epochs=4/50
2026-02-02 15:27:31,519 DEBUG modssc.transductive.methods.gnn.common common.py:380: train_fullbatch epoch=22 val_loss=6.5934 bad_epochs=5/50
2026-02-02 15:27:31,562 DEBUG modssc.transductive.methods.gnn.common common.py:380: train_fullbatch epoch=23 val_loss=8.6875 bad_epochs=6/50
2026-02-02 15:27:31,606 DEBUG modssc.transductive.methods.gnn.common common.py:373: train_fullbatch epoch=24 val_loss=5.0117 best updated
2026-02-02 15:27:31,649 DEBUG modssc.transductive.methods.gnn.common common.py:380: train_fullbatch epoch=25 val_loss=12.8806 bad_epochs=1/50
2026-02-02 15:27:31,692 DEBUG modssc.transductive.methods.gnn.common common.py:380: train_fullbatch epoch=26 val_loss=6.0216 bad_epochs=2/50
2026-02-02 15:27:31,736 DEBUG modssc.transductive.methods.gnn.common common.py:373: train_fullbatch epoch=27 val_loss=3.6823 best updated
2026-02-02 15:27:31,779 DEBUG modssc.transductive.methods.gnn.common common.py:373: train_fullbatch epoch=28 val_loss=3.5172 best updated
2026-02-02 15:27:31,822 DEBUG modssc.transductive.methods.gnn.common common.py:380: train_fullbatch epoch=29 val_loss=9.6698 bad_epochs=1/50
2026-02-02 15:27:31,865 DEBUG modssc.transductive.methods.gnn.common common.py:380: train_fullbatch epoch=30 val_loss=24.2611 bad_epochs=2/50
2026-02-02 15:27:31,909 DEBUG modssc.transductive.methods.gnn.common common.py:380: train_fullbatch epoch=31 val_loss=12.3646 bad_epochs=3/50
2026-02-02 15:27:31,952 DEBUG modssc.transductive.methods.gnn.common common.py:380: train_fullbatch epoch=32 val_loss=4.1537 bad_epochs=4/50
2026-02-02 15:27:31,995 DEBUG modssc.transductive.methods.gnn.common common.py:380: train_fullbatch epoch=33 val_loss=4.9863 bad_epochs=5/50
2026-02-02 15:27:32,039 DEBUG modssc.transductive.methods.gnn.common common.py:380: train_fullbatch epoch=34 val_loss=3.9025 bad_epochs=6/50
2026-02-02 15:27:32,082 DEBUG modssc.transductive.methods.gnn.common common.py:380: train_fullbatch epoch=35 val_loss=4.8872 bad_epochs=7/50
2026-02-02 15:27:32,125 DEBUG modssc.transductive.methods.gnn.common common.py:380: train_fullbatch epoch=36 val_loss=5.0087 bad_epochs=8/50
2026-02-02 15:27:32,168 DEBUG modssc.transductive.methods.gnn.common common.py:380: train_fullbatch epoch=37 val_loss=6.7721 bad_epochs=9/50
2026-02-02 15:27:32,211 DEBUG modssc.transductive.methods.gnn.common common.py:380: train_fullbatch epoch=38 val_loss=3.6817 bad_epochs=10/50
2026-02-02 15:27:32,254 DEBUG modssc.transductive.methods.gnn.common common.py:380: train_fullbatch epoch=39 val_loss=3.7782 bad_epochs=11/50
2026-02-02 15:27:32,298 DEBUG modssc.transductive.methods.gnn.common common.py:373: train_fullbatch epoch=40 val_loss=1.8465 best updated
2026-02-02 15:27:32,341 DEBUG modssc.transductive.methods.gnn.common common.py:380: train_fullbatch epoch=41 val_loss=3.1554 bad_epochs=1/50
2026-02-02 15:27:32,384 DEBUG modssc.transductive.methods.gnn.common common.py:373: train_fullbatch epoch=42 val_loss=1.7898 best updated
2026-02-02 15:27:32,427 DEBUG modssc.transductive.methods.gnn.common common.py:380: train_fullbatch epoch=43 val_loss=5.9201 bad_epochs=1/50
2026-02-02 15:27:32,470 DEBUG modssc.transductive.methods.gnn.common common.py:380: train_fullbatch epoch=44 val_loss=2.5873 bad_epochs=2/50
2026-02-02 15:27:32,514 DEBUG modssc.transductive.methods.gnn.common common.py:380: train_fullbatch epoch=45 val_loss=3.7580 bad_epochs=3/50
2026-02-02 15:27:32,559 DEBUG modssc.transductive.methods.gnn.common common.py:373: train_fullbatch epoch=46 val_loss=1.2239 best updated
2026-02-02 15:27:32,602 DEBUG modssc.transductive.methods.gnn.common common.py:380: train_fullbatch epoch=47 val_loss=3.8054 bad_epochs=1/50
2026-02-02 15:27:32,645 DEBUG modssc.transductive.methods.gnn.common common.py:380: train_fullbatch epoch=48 val_loss=2.6161 bad_epochs=2/50
2026-02-02 15:27:32,688 DEBUG modssc.transductive.methods.gnn.common common.py:380: train_fullbatch epoch=49 val_loss=1.9830 bad_epochs=3/50
2026-02-02 15:27:32,732 DEBUG modssc.transductive.methods.gnn.common common.py:380: train_fullbatch epoch=50 val_loss=4.4771 bad_epochs=4/50
2026-02-02 15:27:32,775 DEBUG modssc.transductive.methods.gnn.common common.py:380: train_fullbatch epoch=51 val_loss=3.8792 bad_epochs=5/50
2026-02-02 15:27:32,818 DEBUG modssc.transductive.methods.gnn.common common.py:380: train_fullbatch epoch=52 val_loss=1.5868 bad_epochs=6/50
2026-02-02 15:27:32,861 DEBUG modssc.transductive.methods.gnn.common common.py:380: train_fullbatch epoch=53 val_loss=2.5995 bad_epochs=7/50
2026-02-02 15:27:32,904 DEBUG modssc.transductive.methods.gnn.common common.py:380: train_fullbatch epoch=54 val_loss=2.3076 bad_epochs=8/50
2026-02-02 15:27:32,947 DEBUG modssc.transductive.methods.gnn.common common.py:380: train_fullbatch epoch=55 val_loss=4.9888 bad_epochs=9/50
2026-02-02 15:27:32,990 DEBUG modssc.transductive.methods.gnn.common common.py:380: train_fullbatch epoch=56 val_loss=4.8383 bad_epochs=10/50
2026-02-02 15:27:33,034 DEBUG modssc.transductive.methods.gnn.common common.py:380: train_fullbatch epoch=57 val_loss=1.8197 bad_epochs=11/50
2026-02-02 15:27:33,077 DEBUG modssc.transductive.methods.gnn.common common.py:380: train_fullbatch epoch=58 val_loss=2.9641 bad_epochs=12/50
2026-02-02 15:27:33,120 DEBUG modssc.transductive.methods.gnn.common common.py:380: train_fullbatch epoch=59 val_loss=1.3638 bad_epochs=13/50
2026-02-02 15:27:33,163 DEBUG modssc.transductive.methods.gnn.common common.py:380: train_fullbatch epoch=60 val_loss=6.1010 bad_epochs=14/50
2026-02-02 15:27:33,206 DEBUG modssc.transductive.methods.gnn.common common.py:380: train_fullbatch epoch=61 val_loss=2.7226 bad_epochs=15/50
2026-02-02 15:27:33,249 DEBUG modssc.transductive.methods.gnn.common common.py:380: train_fullbatch epoch=62 val_loss=2.3461 bad_epochs=16/50
2026-02-02 15:27:33,292 DEBUG modssc.transductive.methods.gnn.common common.py:380: train_fullbatch epoch=63 val_loss=3.2875 bad_epochs=17/50
2026-02-02 15:27:33,335 DEBUG modssc.transductive.methods.gnn.common common.py:380: train_fullbatch epoch=64 val_loss=3.1210 bad_epochs=18/50
2026-02-02 15:27:33,379 DEBUG modssc.transductive.methods.gnn.common common.py:373: train_fullbatch epoch=65 val_loss=1.1904 best updated
2026-02-02 15:27:33,422 DEBUG modssc.transductive.methods.gnn.common common.py:380: train_fullbatch epoch=66 val_loss=2.2020 bad_epochs=1/50
2026-02-02 15:27:33,465 DEBUG modssc.transductive.methods.gnn.common common.py:373: train_fullbatch epoch=67 val_loss=1.1030 best updated
2026-02-02 15:27:33,509 DEBUG modssc.transductive.methods.gnn.common common.py:380: train_fullbatch epoch=68 val_loss=3.4813 bad_epochs=1/50
2026-02-02 15:27:33,552 DEBUG modssc.transductive.methods.gnn.common common.py:380: train_fullbatch epoch=69 val_loss=1.2710 bad_epochs=2/50
2026-02-02 15:27:33,595 DEBUG modssc.transductive.methods.gnn.common common.py:380: train_fullbatch epoch=70 val_loss=1.6395 bad_epochs=3/50
2026-02-02 15:27:33,638 DEBUG modssc.transductive.methods.gnn.common common.py:380: train_fullbatch epoch=71 val_loss=1.6660 bad_epochs=4/50
2026-02-02 15:27:33,681 DEBUG modssc.transductive.methods.gnn.common common.py:380: train_fullbatch epoch=72 val_loss=1.3574 bad_epochs=5/50
2026-02-02 15:27:33,724 DEBUG modssc.transductive.methods.gnn.common common.py:380: train_fullbatch epoch=73 val_loss=3.1136 bad_epochs=6/50
2026-02-02 15:27:33,767 DEBUG modssc.transductive.methods.gnn.common common.py:380: train_fullbatch epoch=74 val_loss=1.5290 bad_epochs=7/50
2026-02-02 15:27:33,810 DEBUG modssc.transductive.methods.gnn.common common.py:380: train_fullbatch epoch=75 val_loss=2.1432 bad_epochs=8/50
2026-02-02 15:27:33,853 DEBUG modssc.transductive.methods.gnn.common common.py:380: train_fullbatch epoch=76 val_loss=1.5950 bad_epochs=9/50
2026-02-02 15:27:33,897 DEBUG modssc.transductive.methods.gnn.common common.py:380: train_fullbatch epoch=77 val_loss=1.9594 bad_epochs=10/50
2026-02-02 15:27:33,940 DEBUG modssc.transductive.methods.gnn.common common.py:380: train_fullbatch epoch=78 val_loss=1.3664 bad_epochs=11/50
2026-02-02 15:27:33,983 DEBUG modssc.transductive.methods.gnn.common common.py:380: train_fullbatch epoch=79 val_loss=1.1689 bad_epochs=12/50
2026-02-02 15:27:34,026 DEBUG modssc.transductive.methods.gnn.common common.py:380: train_fullbatch epoch=80 val_loss=1.2760 bad_epochs=13/50
2026-02-02 15:27:34,069 DEBUG modssc.transductive.methods.gnn.common common.py:380: train_fullbatch epoch=81 val_loss=1.9263 bad_epochs=14/50
2026-02-02 15:27:34,112 DEBUG modssc.transductive.methods.gnn.common common.py:380: train_fullbatch epoch=82 val_loss=1.1278 bad_epochs=15/50
2026-02-02 15:27:34,155 DEBUG modssc.transductive.methods.gnn.common common.py:380: train_fullbatch epoch=83 val_loss=1.6321 bad_epochs=16/50
2026-02-02 15:27:34,198 DEBUG modssc.transductive.methods.gnn.common common.py:380: train_fullbatch epoch=84 val_loss=1.1369 bad_epochs=17/50
2026-02-02 15:27:34,242 DEBUG modssc.transductive.methods.gnn.common common.py:373: train_fullbatch epoch=85 val_loss=1.0479 best updated
2026-02-02 15:27:34,285 DEBUG modssc.transductive.methods.gnn.common common.py:380: train_fullbatch epoch=86 val_loss=1.0529 bad_epochs=1/50
2026-02-02 15:27:34,328 DEBUG modssc.transductive.methods.gnn.common common.py:373: train_fullbatch epoch=87 val_loss=0.9976 best updated
2026-02-02 15:27:34,371 DEBUG modssc.transductive.methods.gnn.common common.py:380: train_fullbatch epoch=88 val_loss=1.0573 bad_epochs=1/50
2026-02-02 15:27:34,415 DEBUG modssc.transductive.methods.gnn.common common.py:373: train_fullbatch epoch=89 val_loss=0.9659 best updated
2026-02-02 15:27:34,458 DEBUG modssc.transductive.methods.gnn.common common.py:380: train_fullbatch epoch=90 val_loss=1.5765 bad_epochs=1/50
2026-02-02 15:27:34,501 DEBUG modssc.transductive.methods.gnn.common common.py:380: train_fullbatch epoch=91 val_loss=1.3511 bad_epochs=2/50
2026-02-02 15:27:34,544 DEBUG modssc.transductive.methods.gnn.common common.py:380: train_fullbatch epoch=92 val_loss=1.3742 bad_epochs=3/50
2026-02-02 15:27:34,587 DEBUG modssc.transductive.methods.gnn.common common.py:380: train_fullbatch epoch=93 val_loss=1.6668 bad_epochs=4/50
2026-02-02 15:27:34,631 DEBUG modssc.transductive.methods.gnn.common common.py:380: train_fullbatch epoch=94 val_loss=1.8328 bad_epochs=5/50
2026-02-02 15:27:34,674 DEBUG modssc.transductive.methods.gnn.common common.py:373: train_fullbatch epoch=95 val_loss=0.9623 best updated
2026-02-02 15:27:34,717 DEBUG modssc.transductive.methods.gnn.common common.py:380: train_fullbatch epoch=96 val_loss=1.1491 bad_epochs=1/50
2026-02-02 15:27:34,760 DEBUG modssc.transductive.methods.gnn.common common.py:380: train_fullbatch epoch=97 val_loss=1.8710 bad_epochs=2/50
2026-02-02 15:27:34,804 DEBUG modssc.transductive.methods.gnn.common common.py:373: train_fullbatch epoch=98 val_loss=0.8184 best updated
2026-02-02 15:27:34,847 DEBUG modssc.transductive.methods.gnn.common common.py:373: train_fullbatch epoch=99 val_loss=0.7244 best updated
2026-02-02 15:27:34,890 DEBUG modssc.transductive.methods.gnn.common common.py:380: train_fullbatch epoch=100 val_loss=2.6171 bad_epochs=1/50
2026-02-02 15:27:34,934 DEBUG modssc.transductive.methods.gnn.common common.py:380: train_fullbatch epoch=101 val_loss=2.5618 bad_epochs=2/50
2026-02-02 15:27:34,977 DEBUG modssc.transductive.methods.gnn.common common.py:380: train_fullbatch epoch=102 val_loss=1.0807 bad_epochs=3/50
2026-02-02 15:27:35,020 DEBUG modssc.transductive.methods.gnn.common common.py:380: train_fullbatch epoch=103 val_loss=1.2142 bad_epochs=4/50
2026-02-02 15:27:35,063 DEBUG modssc.transductive.methods.gnn.common common.py:380: train_fullbatch epoch=104 val_loss=1.0698 bad_epochs=5/50
2026-02-02 15:27:35,106 DEBUG modssc.transductive.methods.gnn.common common.py:380: train_fullbatch epoch=105 val_loss=0.7832 bad_epochs=6/50
2026-02-02 15:27:35,149 DEBUG modssc.transductive.methods.gnn.common common.py:380: train_fullbatch epoch=106 val_loss=0.9406 bad_epochs=7/50
2026-02-02 15:27:35,194 DEBUG modssc.transductive.methods.gnn.common common.py:380: train_fullbatch epoch=107 val_loss=1.2856 bad_epochs=8/50
2026-02-02 15:27:35,238 DEBUG modssc.transductive.methods.gnn.common common.py:380: train_fullbatch epoch=108 val_loss=0.8165 bad_epochs=9/50
2026-02-02 15:27:35,281 DEBUG modssc.transductive.methods.gnn.common common.py:373: train_fullbatch epoch=109 val_loss=0.7221 best updated
2026-02-02 15:27:35,324 DEBUG modssc.transductive.methods.gnn.common common.py:380: train_fullbatch epoch=110 val_loss=0.7872 bad_epochs=1/50
2026-02-02 15:27:35,367 DEBUG modssc.transductive.methods.gnn.common common.py:380: train_fullbatch epoch=111 val_loss=0.8441 bad_epochs=2/50
2026-02-02 15:27:35,410 DEBUG modssc.transductive.methods.gnn.common common.py:380: train_fullbatch epoch=112 val_loss=0.8059 bad_epochs=3/50
2026-02-02 15:27:35,454 DEBUG modssc.transductive.methods.gnn.common common.py:380: train_fullbatch epoch=113 val_loss=0.7730 bad_epochs=4/50
2026-02-02 15:27:35,497 DEBUG modssc.transductive.methods.gnn.common common.py:380: train_fullbatch epoch=114 val_loss=0.7364 bad_epochs=5/50
2026-02-02 15:27:35,540 DEBUG modssc.transductive.methods.gnn.common common.py:380: train_fullbatch epoch=115 val_loss=0.7506 bad_epochs=6/50
2026-02-02 15:27:35,583 DEBUG modssc.transductive.methods.gnn.common common.py:380: train_fullbatch epoch=116 val_loss=0.7752 bad_epochs=7/50
2026-02-02 15:27:35,626 DEBUG modssc.transductive.methods.gnn.common common.py:380: train_fullbatch epoch=117 val_loss=0.7727 bad_epochs=8/50
2026-02-02 15:27:35,669 DEBUG modssc.transductive.methods.gnn.common common.py:380: train_fullbatch epoch=118 val_loss=0.7402 bad_epochs=9/50
2026-02-02 15:27:35,713 DEBUG modssc.transductive.methods.gnn.common common.py:373: train_fullbatch epoch=119 val_loss=0.7084 best updated
2026-02-02 15:27:35,756 DEBUG modssc.transductive.methods.gnn.common common.py:380: train_fullbatch epoch=120 val_loss=0.7822 bad_epochs=1/50
2026-02-02 15:27:35,799 DEBUG modssc.transductive.methods.gnn.common common.py:380: train_fullbatch epoch=121 val_loss=0.7926 bad_epochs=2/50
2026-02-02 15:27:35,842 DEBUG modssc.transductive.methods.gnn.common common.py:373: train_fullbatch epoch=122 val_loss=0.6894 best updated
2026-02-02 15:27:35,886 DEBUG modssc.transductive.methods.gnn.common common.py:373: train_fullbatch epoch=123 val_loss=0.6556 best updated
2026-02-02 15:27:35,929 DEBUG modssc.transductive.methods.gnn.common common.py:380: train_fullbatch epoch=124 val_loss=0.6816 bad_epochs=1/50
2026-02-02 15:27:35,972 DEBUG modssc.transductive.methods.gnn.common common.py:380: train_fullbatch epoch=125 val_loss=0.8298 bad_epochs=2/50
2026-02-02 15:27:36,015 DEBUG modssc.transductive.methods.gnn.common common.py:380: train_fullbatch epoch=126 val_loss=0.7157 bad_epochs=3/50
2026-02-02 15:27:36,059 DEBUG modssc.transductive.methods.gnn.common common.py:373: train_fullbatch epoch=127 val_loss=0.6454 best updated
2026-02-02 15:27:36,102 DEBUG modssc.transductive.methods.gnn.common common.py:380: train_fullbatch epoch=128 val_loss=0.7266 bad_epochs=1/50
2026-02-02 15:27:36,145 DEBUG modssc.transductive.methods.gnn.common common.py:380: train_fullbatch epoch=129 val_loss=0.7664 bad_epochs=2/50
2026-02-02 15:27:36,188 DEBUG modssc.transductive.methods.gnn.common common.py:380: train_fullbatch epoch=130 val_loss=0.8293 bad_epochs=3/50
2026-02-02 15:27:36,232 DEBUG modssc.transductive.methods.gnn.common common.py:373: train_fullbatch epoch=131 val_loss=0.6408 best updated
2026-02-02 15:27:36,275 DEBUG modssc.transductive.methods.gnn.common common.py:373: train_fullbatch epoch=132 val_loss=0.5952 best updated
2026-02-02 15:27:36,318 DEBUG modssc.transductive.methods.gnn.common common.py:380: train_fullbatch epoch=133 val_loss=0.6730 bad_epochs=1/50
2026-02-02 15:27:36,361 DEBUG modssc.transductive.methods.gnn.common common.py:380: train_fullbatch epoch=134 val_loss=2.4093 bad_epochs=2/50
2026-02-02 15:27:36,404 DEBUG modssc.transductive.methods.gnn.common common.py:380: train_fullbatch epoch=135 val_loss=2.5865 bad_epochs=3/50
2026-02-02 15:27:36,447 DEBUG modssc.transductive.methods.gnn.common common.py:380: train_fullbatch epoch=136 val_loss=1.0860 bad_epochs=4/50
2026-02-02 15:27:36,491 DEBUG modssc.transductive.methods.gnn.common common.py:380: train_fullbatch epoch=137 val_loss=0.7503 bad_epochs=5/50
2026-02-02 15:27:36,534 DEBUG modssc.transductive.methods.gnn.common common.py:380: train_fullbatch epoch=138 val_loss=0.9221 bad_epochs=6/50
2026-02-02 15:27:36,577 DEBUG modssc.transductive.methods.gnn.common common.py:380: train_fullbatch epoch=139 val_loss=4.3295 bad_epochs=7/50
2026-02-02 15:27:36,620 DEBUG modssc.transductive.methods.gnn.common common.py:380: train_fullbatch epoch=140 val_loss=3.5537 bad_epochs=8/50
2026-02-02 15:27:36,663 DEBUG modssc.transductive.methods.gnn.common common.py:380: train_fullbatch epoch=141 val_loss=1.6069 bad_epochs=9/50
2026-02-02 15:27:36,707 DEBUG modssc.transductive.methods.gnn.common common.py:380: train_fullbatch epoch=142 val_loss=0.9887 bad_epochs=10/50
2026-02-02 15:27:36,750 DEBUG modssc.transductive.methods.gnn.common common.py:380: train_fullbatch epoch=143 val_loss=1.1760 bad_epochs=11/50
2026-02-02 15:27:36,793 DEBUG modssc.transductive.methods.gnn.common common.py:380: train_fullbatch epoch=144 val_loss=0.8780 bad_epochs=12/50
2026-02-02 15:27:36,836 DEBUG modssc.transductive.methods.gnn.common common.py:380: train_fullbatch epoch=145 val_loss=0.7767 bad_epochs=13/50
2026-02-02 15:27:36,879 DEBUG modssc.transductive.methods.gnn.common common.py:380: train_fullbatch epoch=146 val_loss=1.3570 bad_epochs=14/50
2026-02-02 15:27:36,922 DEBUG modssc.transductive.methods.gnn.common common.py:380: train_fullbatch epoch=147 val_loss=1.9388 bad_epochs=15/50
2026-02-02 15:27:36,965 DEBUG modssc.transductive.methods.gnn.common common.py:380: train_fullbatch epoch=148 val_loss=0.7839 bad_epochs=16/50
2026-02-02 15:27:37,008 DEBUG modssc.transductive.methods.gnn.common common.py:380: train_fullbatch epoch=149 val_loss=1.6387 bad_epochs=17/50
2026-02-02 15:27:37,051 DEBUG modssc.transductive.methods.gnn.common common.py:380: train_fullbatch epoch=150 val_loss=1.8142 bad_epochs=18/50
2026-02-02 15:27:37,094 DEBUG modssc.transductive.methods.gnn.common common.py:380: train_fullbatch epoch=151 val_loss=0.9005 bad_epochs=19/50
2026-02-02 15:27:37,138 DEBUG modssc.transductive.methods.gnn.common common.py:380: train_fullbatch epoch=152 val_loss=2.2590 bad_epochs=20/50
2026-02-02 15:27:37,181 DEBUG modssc.transductive.methods.gnn.common common.py:380: train_fullbatch epoch=153 val_loss=0.6453 bad_epochs=21/50
2026-02-02 15:27:37,224 DEBUG modssc.transductive.methods.gnn.common common.py:380: train_fullbatch epoch=154 val_loss=0.8936 bad_epochs=22/50
2026-02-02 15:27:37,267 DEBUG modssc.transductive.methods.gnn.common common.py:380: train_fullbatch epoch=155 val_loss=1.2464 bad_epochs=23/50
2026-02-02 15:27:37,310 DEBUG modssc.transductive.methods.gnn.common common.py:380: train_fullbatch epoch=156 val_loss=0.8034 bad_epochs=24/50
2026-02-02 15:27:37,353 DEBUG modssc.transductive.methods.gnn.common common.py:380: train_fullbatch epoch=157 val_loss=1.2047 bad_epochs=25/50
2026-02-02 15:27:37,396 DEBUG modssc.transductive.methods.gnn.common common.py:380: train_fullbatch epoch=158 val_loss=0.9890 bad_epochs=26/50
2026-02-02 15:27:37,440 DEBUG modssc.transductive.methods.gnn.common common.py:380: train_fullbatch epoch=159 val_loss=0.8642 bad_epochs=27/50
2026-02-02 15:27:37,483 DEBUG modssc.transductive.methods.gnn.common common.py:380: train_fullbatch epoch=160 val_loss=1.7389 bad_epochs=28/50
2026-02-02 15:27:37,526 DEBUG modssc.transductive.methods.gnn.common common.py:380: train_fullbatch epoch=161 val_loss=0.7206 bad_epochs=29/50
2026-02-02 15:27:37,569 DEBUG modssc.transductive.methods.gnn.common common.py:380: train_fullbatch epoch=162 val_loss=0.7580 bad_epochs=30/50
2026-02-02 15:27:37,612 DEBUG modssc.transductive.methods.gnn.common common.py:380: train_fullbatch epoch=163 val_loss=0.8284 bad_epochs=31/50
2026-02-02 15:27:37,655 DEBUG modssc.transductive.methods.gnn.common common.py:380: train_fullbatch epoch=164 val_loss=1.1299 bad_epochs=32/50
2026-02-02 15:27:37,698 DEBUG modssc.transductive.methods.gnn.common common.py:380: train_fullbatch epoch=165 val_loss=0.8155 bad_epochs=33/50
2026-02-02 15:27:37,741 DEBUG modssc.transductive.methods.gnn.common common.py:380: train_fullbatch epoch=166 val_loss=0.6606 bad_epochs=34/50
2026-02-02 15:27:37,784 DEBUG modssc.transductive.methods.gnn.common common.py:380: train_fullbatch epoch=167 val_loss=0.6468 bad_epochs=35/50
2026-02-02 15:27:37,827 DEBUG modssc.transductive.methods.gnn.common common.py:380: train_fullbatch epoch=168 val_loss=0.8917 bad_epochs=36/50
2026-02-02 15:27:37,871 DEBUG modssc.transductive.methods.gnn.common common.py:380: train_fullbatch epoch=169 val_loss=0.7763 bad_epochs=37/50
2026-02-02 15:27:37,914 DEBUG modssc.transductive.methods.gnn.common common.py:380: train_fullbatch epoch=170 val_loss=0.7247 bad_epochs=38/50
2026-02-02 15:27:37,957 DEBUG modssc.transductive.methods.gnn.common common.py:380: train_fullbatch epoch=171 val_loss=1.1039 bad_epochs=39/50
2026-02-02 15:27:38,000 DEBUG modssc.transductive.methods.gnn.common common.py:380: train_fullbatch epoch=172 val_loss=0.9815 bad_epochs=40/50
2026-02-02 15:27:38,043 DEBUG modssc.transductive.methods.gnn.common common.py:380: train_fullbatch epoch=173 val_loss=1.0531 bad_epochs=41/50
2026-02-02 15:27:38,086 DEBUG modssc.transductive.methods.gnn.common common.py:380: train_fullbatch epoch=174 val_loss=0.7908 bad_epochs=42/50
2026-02-02 15:27:38,130 DEBUG modssc.transductive.methods.gnn.common common.py:380: train_fullbatch epoch=175 val_loss=0.6406 bad_epochs=43/50
2026-02-02 15:27:38,173 DEBUG modssc.transductive.methods.gnn.common common.py:380: train_fullbatch epoch=176 val_loss=1.7677 bad_epochs=44/50
2026-02-02 15:27:38,216 DEBUG modssc.transductive.methods.gnn.common common.py:380: train_fullbatch epoch=177 val_loss=0.9675 bad_epochs=45/50
2026-02-02 15:27:38,259 DEBUG modssc.transductive.methods.gnn.common common.py:380: train_fullbatch epoch=178 val_loss=0.7679 bad_epochs=46/50
2026-02-02 15:27:38,302 DEBUG modssc.transductive.methods.gnn.common common.py:380: train_fullbatch epoch=179 val_loss=0.8220 bad_epochs=47/50
2026-02-02 15:27:38,345 DEBUG modssc.transductive.methods.gnn.common common.py:380: train_fullbatch epoch=180 val_loss=0.6959 bad_epochs=48/50
2026-02-02 15:27:38,388 DEBUG modssc.transductive.methods.gnn.common common.py:380: train_fullbatch epoch=181 val_loss=0.8997 bad_epochs=49/50
2026-02-02 15:27:38,431 DEBUG modssc.transductive.methods.gnn.common common.py:380: train_fullbatch epoch=182 val_loss=0.7743 bad_epochs=50/50
2026-02-02 15:27:38,431 DEBUG modssc.transductive.methods.gnn.common common.py:388: train_fullbatch early_stop epoch=182 best_epoch=132 best_val_loss=0.5952
2026-02-02 15:27:38,432 DEBUG modssc.transductive.methods.gnn.common common.py:399: train_fullbatch done n_epochs=183 best_epoch=132 best_val_loss=0.5951605439186096
2026-02-02 15:27:38,433 INFO modssc.transductive.methods.gnn.gcnii gcnii.py:147: Finished gcnii.fit in 9.079s
2026-02-02 15:27:38,433 INFO bench.orchestrators.method_transductive method_transductive.py:218: Transductive method done: id=gcnii duration_s=9.080
2026-02-02 15:27:38,433 INFO bench.orchestrators.evaluation evaluation.py:244: Evaluation (transductive): splits=['val', 'test'] metrics=['accuracy', 'macro_f1']
2026-02-02 15:27:38,450 INFO bench.orchestrators.evaluation evaluation.py:263: Evaluation (transductive) done: duration_s=0.017
2026-02-02 15:27:38,453 INFO bench.orchestrators.reporting reporting.py:54: Run summary written: /nfs/home/mbarbaux/ModSSC/runs/transductive/gcnii/tabular/adult/best_tabular_transductive_gcnii_adult-20260202T142727Z/run.json status=success duration_s=0.002
